t,finish1,finish2,finish3,release1,release2,release3,start1,start2,start3
0.656716,1,0,1,1,1,1,1,1,1
0.867902,1,0,1,1,1,1,1,0,1
1.418201,1,0,0,1,1,1,1,1,0
2.367747,1,1,1,1,1,1,1,1,1
2.728635,1,0,1,1,1,1,1,1,1
3.240041,0,0,0,0,0,1,0,1,1
4.206569,1,0,1,1,1,1,1,1,1
4.946584,1,0,0,1,1,1,1,1,0
5.342840,0,0,0,0,0,1,0,0,1
5.572513,0,0,0,1,0,0,0,0,0
6.410366,1,0,0,1,0,0,1,0,1
7.288784,1,1,0,1,1,1,1,0,1
7.517666,0,0,1,1,1,1,1,1,1
8.301140,1,1,0,0,0,0,0,0,1
8.306120,0,0,0,0,0,1,0,0,1
9.002852,1,1,1,0,1,1,1,1,1
9.623670,1,0,0,1,1,1,1,1,1
10.202645,0,0,1,1,1,1,0,0,1
10.850997,0,1,0,1,0,1,0,0,1
11.272471,1,1,0,1,0,1,1,1,0
11.872871,0,0,1,0,0,1,0,0,1
12.056976,1,0,0,1,0,0,1,0,1
12.781046,0,1,1,1,0,1,0,0,0
12.805531,0,0,0,0,0,1,1,1,1
13.519168,1,0,1,1,1,0,1,1,1
14.390584,1,0,1,0,1,0,0,1,0
14.654208,0,0,1,0,1,1,1,0,1
14.720886,1,1,1,0,0,1,0,0,1
15.005185,0,1,0,1,0,1,1,1,0
15.472605,1,1,0,0,1,1,0,1,0
15.568856,0,0,1,1,1,1,0,0,1
15.693585,0,1,0,0,0,0,1,0,0
16.301177,1,0,1,0,0,1,1,1,1
16.711149,0,1,1,0,1,0,0,0,1
17.539190,0,1,1,1,0,1,0,0,1
17.696284,1,1,0,1,1,1,1,1,1
18.236378,0,0,1,0,1,1,1,0,1
19.106248,1,0,0,1,1,1,1,1,1
19.808912,1,1,1,0,1,1,0,0,1
20.456451,0,0,1,0,0,0,0,0,0
20.674625,0,0,0,0,0,0,0,1,1
21.076566,1,1,0,0,1,1,0,1,1
