t,finish1,finish2,finish3,release1,release2,release3,start1,start2,start3
3.948967,1,0,0,1,1,1,1,0,0
13.644548,0,0,0,1,0,0,0,0,0
22.331875,1,0,1,1,0,1,1,1,1
27.440278,0,1,1,1,1,0,0,0,1
33.178409,1,0,0,1,1,1,1,0,1
35.398918,1,0,1,0,0,0,1,0,0
44.844757,1,1,0,0,1,0,1,1,0
49.425452,0,0,0,1,1,0,1,0,0
49.672860,1,0,1,1,0,1,1,0,1
55.164382,1,1,0,1,0,0,0,1,0
59.313616,1,1,1,1,1,1,1,1,1
66.367202,1,1,0,1,1,0,1,1,0
75.854433,0,0,0,1,1,0,1,0,0
83.625554,1,0,0,1,1,1,1,0,1
90.310668,1,0,1,0,1,1,1,0,0
98.350080,1,0,0,0,0,0,0,1,0
100.326191,0,1,1,1,0,0,0,0,1
103.259760,0,1,0,1,1,1,0,1,0
103.514972,0,0,0,1,1,0,0,1,0
111.929612,1,1,0,0,0,1,1,1,1
120.779727,1,1,1,0,1,1,1,0,1
128.532761,0,0,0,1,0,1,1,0,0
128.715367,0,0,1,0,0,1,0,0,1
132.291958,1,0,0,0,0,1,1,1,1
138.121457,0,0,0,1,0,0,1,0,1
139.728514,1,0,1,1,0,0,1,1,1
139.789299,1,1,1,0,0,1,0,0,0
145.751241,0,0,1,1,1,0,1,0,0
150.987012,0,1,0,1,0,0,0,1,0
157.036358,0,1,1,0,0,0,1,0,1
160.751272,1,0,0,0,1,1,0,1,1
169.358626,0,0,0,0,1,1,0,0,0
175.917574,1,1,0,0,1,0,0,1,0
180.551262,1,1,1,0,1,1,0,0,0
183.268040,1,1,0,1,1,1,1,1,1
185.510195,0,0,1,1,1,0,0,1,0
185.689749,1,1,0,0,1,1,1,1,1
194.723588,0,0,0,1,1,1,1,1,0
204.070059,1,0,0,1,1,1,0,0,0
208.825256,1,0,1,1,0,1,1,0,0
210.578217,1,0,0,1,1,1,1,1,0
214.057131,1,1,1,1,1,0,1,0,0
220.732590,0,1,0,0,0,1,1,1,1
222.506093,1,1,0,1,1,1,0,0,0
230.819145,0,1,0,1,1,0,1,1,0
240.678030,1,1,0,1,0,0,0,1,1
244.244565,1,0,1,0,0,1,1,0,1
253.469347,1,0,0,0,1,0,1,0,1
255.609170,1,0,0,1,1,1,1,0,1
257.552716,0,1,1,1,1,0,0,0,1
257.617001,0,0,0,1,0,1,1,1,1
259.509116,1,0,0,0,0,0,1,1,0
269.333695,0,1,0,1,0,1,1,1,0
278.096098,0,0,0,1,1,1,1,1,0
286.572909,0,1,0,1,1,1,0,0,1
292.848791,1,1,0,0,0,0,1,1,0
298.293307,1,0,0,0,1,1,0,1,1
302.876127,0,1,0,0,1,1,0,0,0
308.227656,1,0,0,1,1,1,1,0,0
314.519106,1,0,1,0,0,1,0,0,0
318.524231,1,1,0,1,0,0,1,0,0
318.806453,0,0,0,1,0,0,0,0,0
322.018810,0,0,0,0,1,0,0,0,1
322.019810,1,0,1,0,0,0,0,0,1
331.506267,0,1,0,1,0,0,1,0,1
333.680962,0,1,1,1,0,1,1,1,0
338.452127,0,0,1,1,1,0,1,1,1
343.785927,0,1,0,0,0,0,1,0,0
353.305206,1,0,1,1,0,0,1,0,0
355.559270,0,0,0,1,1,1,0,0,1
355.560270,0,0,0,1,1,1,1,0,0
363.309887,0,1,0,0,0,1,0,1,0
372.718642,1,0,0,0,1,0,1,1,1
375.522830,1,0,0,1,1,0,0,1,1
378.341730,0,1,0,1,0,0,0,0,0
380.429478,1,0,0,0,1,1,0,0,0
382.289028,0,1,1,0,0,0,0,0,1
388.281867,0,0,0,0,0,0,1,1,1
396.017463,0,0,0,1,0,0,1,1,1
401.074646,1,1,0,0,1,1,0,1,1
405.432353,1,0,1,1,0,0,0,0,0
410.267534,1,0,1,1,1,0,1,1,0
418.272456,0,0,1,0,1,0,0,1,0
419.127029,1,0,0,1,0,1,1,0,1
425.167029,0,0,1,1,1,0,0,0,0
427.510137,0,1,0,0,0,1,1,0,0
433.073721,1,1,1,0,0,1,0,0,1
439.185221,0,0,1,0,1,1,1,0,1
447.436669,1,1,1,1,0,1,0,1,1
456.472910,0,0,1,0,1,1,1,1,1
456.677971,0,0,1,0,0,0,0,0,0
465.756077,1,1,0,0,1,0,0,0,0
469.044420,0,1,0,0,0,1,0,0,1
474.595967,1,1,0,1,1,0,0,1,1
474.710592,1,0,0,1,0,0,0,1,1
480.151048,1,1,0,1,1,1,1,0,1
481.151948,0,1,1,0,0,1,0,0,1
484.788948,0,0,0,1,0,0,1,0,1
485.852197,1,0,0,1,0,0,1,0,1
494.732906,1,1,1,0,0,1,0,1,1
503.561657,1,1,0,1,1,0,0,1,1
508.297760,0,0,0,1,1,1,1,1,0
516.631260,0,1,0,0,0,0,1,0,1
516.724135,0,0,1,1,1,0,1,0,0
520.794369,1,0,1,0,1,1,1,0,1
521.071723,1,0,1,0,1,0,0,1,0
530.862899,1,1,1,0,1,1,0,1,0
533.041100,1,0,1,0,0,1,0,0,1
541.863333,0,0,0,0,1,0,1,0,1
547.873122,0,1,0,0,1,1,1,0,0
555.489164,1,0,1,0,0,1,0,1,0
560.059244,1,1,0,1,1,0,1,0,1
568.875930,0,1,0,1,1,0,1,1,0
572.331545,0,0,0,1,0,1,1,1,1
581.535069,1,1,1,1,1,0,1,0,1
583.270000,1,0,0,1,0,1,0,0,1
587.585472,0,0,1,0,0,0,1,1,0
596.521749,1,0,1,1,1,1,0,0,1
599.876297,0,1,1,0,1,0,1,1,0
608.902837,1,0,0,1,0,1,0,1,0
613.209976,0,0,1,1,0,0,1,0,0
613.541731,0,1,0,0,1,0,1,0,1
621.417591,1,0,0,1,1,0,1,0,0
622.964331,1,0,0,1,0,1,0,1,0
628.611825,1,0,0,1,1,0,0,1,0
637.179572,0,1,1,1,0,1,1,1,1
640.531735,0,0,0,1,0,1,1,0,0
646.212054,1,1,1,0,0,1,0,0,0
651.762850,1,1,1,0,0,0,0,1,0
656.744484,0,1,0,1,0,1,0,1,0
660.723581,0,1,1,0,0,0,1,1,0
668.525998,0,0,1,1,1,0,1,1,1
670.870904,1,0,1,0,0,1,0,0,0
680.388297,0,1,1,1,0,0,0,0,0
684.230875,0,0,1,0,0,1,0,0,1
691.247880,0,0,0,1,0,0,0,1,0
699.505630,1,0,1,0,0,0,0,1,0
704.323049,0,1,1,1,1,1,0,0,0
707.259653,0,0,1,0,1,1,0,1,1
713.270505,1,1,1,1,1,0,0,1,1
721.916474,1,0,0,1,0,0,0,1,0
729.979909,0,1,0,1,0,1,1,1,1
732.167422,1,0,0,1,1,0,1,1,1
739.758572,0,1,1,0,1,0,0,1,1
744.531175,1,1,1,0,0,1,1,0,0
746.772136,1,1,1,0,1,0,0,1,1
754.814659,0,1,1,0,0,1,0,0,1
764.732159,1,1,0,1,0,0,1,0,0
774.228008,0,1,1,1,0,1,1,0,0
776.379956,1,1,0,1,1,1,0,1,0
776.380956,0,0,1,1,1,0,0,1,0
778.836256,0,1,1,0,0,0,0,1,1
785.255219,0,1,1,0,1,1,1,1,0
793.963482,1,0,1,0,1,0,0,0,1
799.652437,0,0,0,1,0,1,1,0,1
804.633782,0,1,1,0,1,1,1,1,1
812.626261,1,1,0,0,0,1,0,0,0
821.131084,0,1,1,0,1,1,0,0,0
827.311837,0,0,0,0,1,1,1,0,0
828.256139,0,0,1,1,0,1,1,1,0
835.281847,1,1,1,0,0,0,0,1,1
844.826129,1,1,0,0,0,0,0,1,1
848.658637,0,1,0,0,0,1,1,1,1
849.490414,0,1,1,0,1,1,1,0,1
855.631367,0,0,0,1,0,1,1,1,1
861.856644,0,0,0,1,0,0,0,1,1
869.001494,0,1,1,0,1,0,0,0,1
873.112870,1,1,1,1,1,0,0,0,0
873.113870,1,0,0,1,1,0,1,1,0
881.846391,0,1,1,1,0,0,1,0,1
888.927901,1,1,1,1,0,0,0,0,1
891.058216,0,1,1,1,0,1,0,1,1
899.629788,0,0,0,1,0,0,0,1,1
905.696848,0,0,1,1,1,1,0,0,0
907.070950,0,0,0,1,0,1,1,0,0
913.194178,0,1,1,0,0,1,0,0,0
919.381455,1,0,1,1,0,1,0,1,1
927.374032,1,1,0,1,1,1,1,1,0
931.690077,0,1,1,1,0,0,0,0,1
938.559077,1,1,0,1,0,0,0,1,1
945.229776,1,1,1,1,1,1,1,1,1
954.955831,1,0,1,1,1,1,1,1,0
963.518066,0,1,0,1,1,0,0,0,0
968.866125,1,0,1,1,1,0,1,0,0
974.181797,1,0,0,0,0,1,1,1,0
981.988022,1,1,0,1,1,1,1,1,1
982.796069,0,1,0,1,0,1,1,0,0
991.321061,1,0,0,1,0,0,1,0,1
994.211382,1,0,1,0,1,1,1,0,0
994.571042,1,1,1,0,0,1,0,1,0
995.969752,0,0,1,1,0,1,1,1,1
999.307375,1,0,1,0,0,1,1,0,1
1001.521363,0,1,1,0,1,0,0,0,0
1009.254923,0,0,1,0,0,1,0,1,0
1015.014456,0,1,0,0,0,1,0,0,0
1022.440001,0,0,1,0,0,1,0,1,0
1025.685121,0,0,1,1,1,1,1,1,1
1026.762937,0,0,1,0,1,0,1,0,0
1034.220638,0,1,1,0,0,1,0,0,1
1039.012590,0,1,0,0,1,0,1,0,1
1047.744061,1,0,0,1,0,1,0,1,1
1053.152908,1,0,1,0,1,0,0,1,0
1054.520678,1,0,0,1,0,1,0,1,1
1056.692004,1,0,0,1,0,1,0,0,0
1065.600221,0,1,0,0,1,0,1,1,0
1069.969341,0,1,0,0,1,0,0,1,1
1079.495454,0,1,0,1,0,0,1,0,1
1085.871415,0,0,0,1,0,0,0,0,1
1091.867104,1,0,1,0,1,1,1,1,1
1094.110567,0,0,0,0,0,1,0,0,0
1097.047781,0,0,0,0,1,0,0,0,0
1102.152983,0,1,0,1,0,1,0,0,0
1103.453853,0,1,0,0,0,1,0,1,0
1111.429133,0,1,0,0,1,0,0,1,0
1115.981402,1,0,1,0,1,1,1,0,0
1124.270082,1,1,1,1,0,1,1,0,1
1129.249663,0,1,0,0,1,0,0,0,0
1136.355216,1,1,1,1,1,1,1,1,0
1144.285247,1,1,1,1,0,0,0,1,1
1152.540455,0,0,0,1,1,1,0,1,0
1153.627061,1,0,0,1,0,0,1,0,1
1153.803719,0,0,0,0,1,0,0,1,0
1162.913756,1,0,0,0,1,1,1,1,0
1166.523013,1,1,0,0,0,0,0,0,1
1169.631047,0,0,0,1,1,1,1,0,1
1179.450884,0,1,1,0,0,1,1,1,1
1184.668754,1,1,0,0,1,0,1,1,0
1191.469074,1,0,1,1,0,1,0,1,1
1198.234103,1,1,1,0,0,0,1,0,0
1205.706209,1,0,0,1,1,1,1,1,0
1207.130907,1,1,1,0,1,0,1,0,0
1210.464907,0,0,1,1,0,1,0,1,0
1211.417647,0,1,1,1,0,1,1,0,1
1216.339208,0,1,1,1,1,0,1,0,1
1223.536940,0,1,1,0,0,1,1,1,0
1230.000708,1,0,0,0,0,0,0,0,0
1231.558930,0,0,0,1,0,0,1,0,1
1235.143386,0,1,1,1,0,0,1,0,0
1241.472730,1,1,1,1,1,1,1,1,0
1244.200730,1,0,1,1,1,0,1,1,1
1252.105391,0,0,1,1,1,1,1,0,0
1255.459171,0,1,0,0,0,0,0,0,0
1264.640540,0,1,0,1,1,1,0,1,0
1267.293507,1,1,1,1,0,1,1,1,0
1271.411742,0,0,0,1,1,0,1,0,0
1280.411842,1,0,0,1,1,0,0,1,0
1286.086432,1,0,1,1,0,0,0,1,1
1288.242829,1,0,0,0,1,0,0,1,1
1292.296287,0,0,0,1,1,0,0,1,0
1302.194553,0,0,1,1,0,0,1,0,0
1303.862053,0,0,0,1,0,1,0,0,0
1312.740670,0,0,0,1,0,1,1,0,0
1321.483965,1,0,0,0,1,1,0,1,0
1327.854942,1,1,0,1,1,0,1,0,1
1329.208564,1,0,1,0,0,0,1,0,0
1337.940470,0,1,0,0,1,0,1,1,0
1341.255092,1,1,0,1,0,0,0,1,1
1347.947152,1,1,0,1,1,0,1,1,1
1355.694158,1,1,0,1,1,1,1,0,0
1363.245105,0,1,0,0,0,1,1,0,1
1364.189923,0,0,0,1,1,1,0,0,0
1371.898018,0,1,0,0,0,1,1,1,1
1378.250031,0,0,0,0,0,1,0,0,1
1381.325590,1,1,1,1,0,1,1,1,0
1382.022038,0,1,0,1,1,0,1,1,0
1390.946196,0,1,0,0,0,1,1,0,0
1395.834095,1,1,1,1,0,0,1,0,1
1400.118131,0,1,0,0,1,0,1,1,1
1406.439254,1,1,1,0,1,0,1,1,0
1413.187699,0,0,0,0,0,1,0,0,0
1421.038077,1,0,0,0,0,1,1,0,1
1426.899487,0,0,1,1,0,1,1,0,1
1430.533631,1,0,0,1,0,0,1,0,0
1439.396020,0,0,0,0,0,1,1,0,0
1444.536693,0,0,1,1,1,0,1,0,0
1446.792370,0,1,1,0,1,0,1,1,1
1456.270683,0,0,1,0,0,0,0,1,0
1461.058438,1,1,1,1,1,1,1,0,1
1462.191400,1,0,1,0,1,0,1,0,0
1466.576577,1,0,1,0,0,1,1,1,1
1473.311598,0,0,1,1,0,1,1,1,1
1475.334105,0,0,1,0,1,0,1,0,0
1480.504080,1,0,0,0,1,1,1,1,0
1482.842642,1,1,1,1,1,1,0,1,1
1488.756756,1,0,1,0,1,1,1,0,1
1490.180337,1,0,1,0,1,1,0,0,0
1494.298572,1,0,0,0,0,0,1,0,0
1504.051828,1,1,0,1,0,0,1,1,1
1506.764421,1,1,1,0,1,0,0,0,0
1507.712695,1,1,1,0,1,0,0,0,1
1508.197818,1,0,0,1,0,0,0,1,1
1516.893600,1,0,0,1,0,0,0,0,0
1525.045300,1,0,0,0,1,0,0,0,1
1529.045900,0,1,1,1,0,0,1,1,0
1529.046900,0,1,0,1,1,1,1,0,1
1538.503477,1,0,0,1,0,0,0,0,0
1546.336591,0,0,1,0,0,0,1,1,0
1549.369817,1,0,0,0,0,1,1,0,0
1558.735490,1,0,0,1,1,1,1,1,0
1561.491725,0,1,1,0,1,1,0,0,1
1571.337895,0,1,0,0,1,0,0,0,1
1573.779595,1,0,0,0,1,0,0,1,1
1579.877547,1,0,1,0,0,0,1,1,1
1586.580579,1,0,1,1,0,0,0,1,1
1590.666949,0,1,1,0,0,1,1,1,0
1598.600735,1,0,1,1,0,1,0,0,0
1607.559492,0,1,0,1,1,1,1,0,1
1611.673922,0,1,1,1,0,0,1,0,0
1617.176231,0,1,1,0,0,1,0,1,1
1621.756379,1,0,1,0,0,1,1,0,1
1622.505604,0,0,1,1,0,1,1,0,1
1626.182707,1,1,0,0,1,1,0,1,0
1630.588028,1,1,0,1,0,0,0,0,1
1637.932508,0,1,1,0,1,0,1,0,1
1638.015132,0,0,0,0,0,0,0,1,0
1640.025064,0,1,1,1,0,1,1,0,1
1647.667405,1,1,0,0,1,1,0,1,0
1649.296464,0,0,1,1,0,0,1,1,0
1655.401505,1,1,1,1,0,1,0,0,1
1655.452005,1,0,0,0,0,0,1,1,1
1656.568431,0,1,0,1,1,1,0,1,0
1657.836910,1,0,0,0,0,1,0,0,0
1667.382410,1,1,1,0,1,1,1,0,0
1676.034889,1,0,0,1,1,0,0,1,1
1682.103243,1,0,0,1,0,1,0,0,1
1691.515067,1,1,0,1,1,1,0,1,0
1696.609897,1,0,1,0,1,1,0,1,1
1704.261463,0,1,0,1,1,1,0,1,1
1704.328074,1,1,0,0,0,0,1,0,0
1713.295568,0,1,1,0,0,1,1,1,0
1715.569068,1,0,0,1,1,0,1,0,0
1719.836308,1,0,0,0,1,1,0,0,0
1729.655681,1,1,1,0,0,1,1,1,1
1737.989181,1,1,1,1,0,0,1,1,1
1747.905856,1,0,0,1,0,0,0,0,1
1753.344909,0,0,0,0,0,1,1,0,1
1754.797875,1,0,1,0,0,1,0,0,0
1756.426619,0,1,0,1,1,1,1,1,1
1763.858941,0,1,0,1,1,1,1,1,1
1765.795231,0,0,0,1,1,0,0,0,1
1768.981098,1,0,0,1,0,1,0,0,0
1769.091977,1,0,0,0,0,1,1,0,1
1770.353535,1,1,1,0,0,1,1,1,0
1778.682940,0,0,1,1,1,0,0,0,1
1780.283780,1,0,1,0,0,0,1,0,1
1788.316764,0,1,0,0,0,1,0,0,0
1791.858080,0,0,0,1,1,1,0,0,1
1800.110942,1,0,0,1,1,1,0,0,0
1805.692780,0,0,1,1,0,0,0,1,1
1811.393210,1,0,0,1,1,1,1,0,0
1815.825585,1,0,1,1,1,0,1,1,0
1821.555741,0,0,1,0,0,0,0,1,0
1822.586681,0,1,1,0,0,1,1,1,1
1831.124305,0,0,0,0,0,0,1,1,0
1835.619237,1,0,0,1,1,1,0,1,0
1839.279292,1,1,1,1,1,0,1,0,0
1843.275525,1,1,1,0,0,1,0,1,0
1845.187691,0,0,1,0,1,0,1,1,1
1847.155974,1,0,1,0,1,0,1,1,1
1849.245859,1,1,0,0,0,0,0,0,0
1851.179348,0,1,0,0,1,0,1,0,0
1854.243767,0,1,0,0,1,1,0,0,1
1855.427081,1,0,1,1,1,0,0,0,0
1864.177206,0,0,0,0,0,0,0,0,1
1873.214339,1,0,1,1,1,1,0,0,0
1873.366839,0,1,0,1,1,0,0,1,1
1876.141670,0,1,0,1,0,0,1,0,1
1881.413709,1,1,1,1,1,0,0,0,0
1890.158773,1,0,1,1,1,1,0,0,0
1894.365169,0,0,0,0,0,0,1,1,1
1895.442985,0,1,1,0,1,0,1,0,1
1902.366369,0,1,0,0,1,1,1,0,1
1904.486723,0,1,1,1,1,0,0,1,1
1910.662544,0,1,0,0,1,1,1,1,0
1918.087044,1,1,1,1,0,0,0,1,1
1923.893915,1,0,0,1,0,1,0,1,1
1931.105990,0,0,0,0,1,1,0,0,1
1931.606940,0,1,1,0,0,1,0,0,1
1933.441090,0,0,0,1,1,0,1,1,0
1942.959854,1,0,0,1,0,0,1,1,1
1945.068827,0,1,1,0,1,0,0,0,1
1946.164245,0,0,1,1,1,0,0,0,1
1955.622363,0,0,1,0,1,0,0,1,0
1964.958713,1,1,1,0,0,0,1,0,1
1968.061255,1,0,1,1,1,0,1,1,0
1971.126199,0,0,0,0,1,1,0,1,0
1971.312365,0,1,1,0,0,1,0,0,0
1978.721951,0,1,0,1,0,1,0,0,0
1984.202147,0,0,0,1,0,1,0,1,0
1991.764272,0,1,1,0,1,0,0,0,0
1997.430234,0,1,0,0,1,0,1,1,1
2007.250304,1,1,1,1,1,1,0,1,1
2011.000929,0,0,0,1,1,0,0,0,0
2015.204040,0,0,1,0,1,0,0,1,1
2015.670110,0,0,1,0,0,1,0,0,0
2018.959551,0,1,1,1,0,1,0,1,1
2023.522028,0,1,1,0,0,0,1,0,0
2031.432685,0,0,0,0,0,0,0,1,1
2038.674340,0,0,0,0,0,0,1,1,0
2042.232032,1,0,1,1,1,0,0,0,1
2044.856343,0,0,0,0,0,1,1,1,1
2046.987094,1,0,1,0,1,0,1,0,0
2052.628556,0,0,0,1,0,1,1,1,1
2053.728642,0,0,0,0,0,0,1,1,0
2055.557096,1,1,0,0,1,1,0,0,0
2058.032076,1,0,1,1,1,1,0,1,0
2062.472710,1,0,0,0,0,0,0,1,0
2064.016206,1,1,1,1,0,0,0,0,0
2072.138459,1,0,1,0,1,0,1,0,1
2081.102049,0,1,0,0,1,1,0,1,1
2090.068596,0,1,0,0,1,1,0,1,1
2094.421320,0,0,1,0,0,0,1,0,1
2097.647804,0,1,1,0,0,0,0,1,0
2100.851524,1,0,1,1,1,1,0,1,1
2101.147770,0,1,0,1,0,1,0,0,1
2103.567883,1,1,0,0,1,0,0,1,1
2105.616550,1,1,1,0,0,1,0,0,0
2114.494213,1,0,0,1,1,1,0,0,1
2114.817762,0,0,0,0,1,1,1,1,0
2117.074946,1,1,1,0,0,1,1,1,1
2123.492750,1,0,1,0,0,1,1,0,0
2125.323633,1,0,1,0,1,1,1,0,0
2129.135621,0,1,0,0,1,0,1,0,1
2131.344002,1,0,1,1,1,0,0,0,1
2137.032040,1,0,0,0,1,0,1,1,0
2143.940343,1,0,0,0,1,1,0,1,1
2145.562802,1,1,1,0,0,0,1,0,0
2152.045566,0,1,1,1,0,1,1,1,0
2161.300543,1,0,0,0,0,0,1,0,1
2169.395971,0,0,1,1,0,0,1,1,1
2176.536832,1,1,1,1,1,0,0,1,1
2180.415949,1,0,0,1,0,1,0,0,1
2183.951628,1,1,1,0,0,1,0,1,1
2185.258467,0,0,0,1,1,0,1,1,0
2191.327975,1,1,0,0,1,1,0,0,1
2197.803235,0,1,1,0,1,0,0,1,1
2206.203395,1,0,1,1,1,1,0,1,0
2214.606916,1,1,0,0,1,1,1,1,0
2218.693287,0,1,1,1,0,0,0,1,0
2221.176308,0,1,1,1,1,0,0,1,0
2225.599942,0,1,1,1,1,1,0,1,1
2233.784872,1,1,0,0,1,0,1,1,0
2241.444680,0,1,1,0,0,0,1,0,1
2246.126063,0,0,1,1,1,0,0,0,0
2254.020189,1,1,1,0,1,1,0,0,0
2258.082086,1,1,0,1,1,0,1,1,0
2258.266554,0,0,1,1,0,1,1,1,1
2260.192827,1,1,1,0,1,1,1,1,0
2260.975872,0,1,0,0,0,0,0,1,0
2270.442592,0,1,1,0,0,1,0,1,1
2277.346722,1,1,0,1,0,1,1,1,0
2284.585804,1,1,0,1,1,1,1,1,0
2284.709743,0,0,0,0,0,0,1,1,1
2285.253675,0,0,0,1,1,1,1,1,0
2289.367167,1,0,1,1,0,1,0,1,1
2295.710575,1,0,1,0,1,1,1,1,1
2304.216781,0,1,0,0,1,1,0,0,1
2307.199939,1,0,1,1,0,1,0,0,0
2310.125816,1,1,1,1,0,0,1,0,1
2317.094869,1,1,1,0,0,0,1,1,1
2319.868701,1,0,0,0,1,0,1,1,1
2320.732747,0,1,1,0,1,0,0,0,0
2321.948315,0,0,0,0,1,0,0,0,1
2328.470402,0,0,1,0,1,0,1,1,0
2335.376961,0,1,1,1,0,0,0,0,1
2338.234818,1,0,0,1,1,0,0,1,0
2342.074360,1,1,0,1,0,0,0,1,0
2346.892154,1,0,0,0,0,0,1,0,0
2353.310580,1,1,0,1,1,1,0,1,0
2362.466627,0,0,0,1,1,0,1,0,1
2362.467627,0,1,1,0,1,1,0,1,1
2368.843311,1,1,0,1,0,0,0,1,1
2371.245463,1,1,1,1,0,1,1,1,1
2373.612816,1,0,1,1,1,0,1,0,0
2373.879747,0,1,1,0,0,0,0,0,0
2379.913663,1,0,0,1,1,1,1,1,1
2384.627567,0,0,1,0,1,1,1,1,1
2384.914253,1,0,0,1,1,0,1,0,0
2391.145399,0,1,1,1,1,1,1,0,0
2399.478899,1,1,0,1,1,0,0,0,1
2403.052912,0,0,0,1,0,1,1,1,0
2405.697004,0,1,0,0,0,0,1,1,1
2411.083624,0,0,1,0,0,0,1,0,1
2417.983630,0,1,0,1,0,1,1,1,1
2419.609467,1,1,0,0,0,1,1,1,0
2420.695630,0,0,1,0,1,1,1,0,0
2422.668264,1,0,1,1,1,0,1,0,0
2423.234683,0,1,0,1,0,1,1,1,0
2428.584760,0,0,0,1,0,0,0,0,1
2428.684597,1,1,1,0,1,0,0,0,0
2435.741709,0,1,0,1,0,1,0,0,0
2443.429802,0,0,0,1,0,1,0,0,0
2451.490777,1,1,1,1,1,1,0,1,1
2451.795883,1,1,0,1,0,1,0,1,0
2461.520862,1,1,1,0,1,0,1,0,1
2462.039667,0,0,0,1,1,0,0,1,1
2466.301679,1,1,1,1,1,1,1,0,0
2473.795934,1,0,1,1,0,1,1,1,1
2483.507600,1,0,0,1,0,0,0,1,1
2491.937288,1,0,0,1,1,0,0,0,1
2492.261785,1,1,1,0,1,0,1,1,1
2495.108138,0,0,0,0,0,0,1,0,0
2497.200275,0,0,1,0,1,0,1,0,0
2506.232118,1,1,1,0,1,0,0,1,0
2506.746435,0,0,1,1,0,1,1,1,1
2516.039669,1,1,0,0,0,0,1,0,0
2524.006539,0,1,1,1,1,0,1,0,1
2526.923914,0,0,0,0,1,1,0,1,0
2528.150088,1,1,1,0,1,0,1,0,0
2530.555103,1,1,1,0,1,0,1,1,1
2530.612277,1,0,0,0,0,0,0,1,0
2535.552055,1,1,0,1,1,0,1,0,1
2538.226584,0,0,0,0,1,0,1,0,0
2547.940898,1,1,0,1,0,1,1,1,0
2548.179724,0,1,1,1,1,0,1,1,0
2548.359032,1,1,0,1,0,0,1,1,1
2551.403206,1,0,1,0,1,0,0,1,0
2554.182371,1,1,1,1,1,0,0,0,1
2559.388330,0,1,1,0,0,0,0,1,1
2568.816959,1,0,0,1,1,0,1,0,0
2575.659971,1,0,0,0,1,0,1,1,1
2584.112956,1,1,1,1,1,0,0,1,0
2592.688918,1,0,0,1,0,0,1,1,0
2597.451347,1,0,0,0,0,1,1,1,1
2599.497597,0,1,1,0,1,0,0,0,1
2601.504666,1,1,0,1,1,0,0,0,1
2607.807403,0,0,1,1,1,0,0,0,0
2611.745018,1,1,0,1,0,1,1,0,0
2614.569656,0,1,0,1,1,0,0,0,0
2619.113138,1,1,0,0,1,1,1,1,1
2621.230809,0,0,0,1,0,0,0,0,1
2630.753557,1,1,0,1,1,0,0,0,1
2634.325629,1,0,1,1,1,1,0,1,0
2636.283576,1,0,1,1,0,0,0,0,1
2636.654909,1,1,1,1,0,0,1,1,0
2642.308677,0,1,0,1,0,1,0,1,0
2650.960850,1,1,0,0,0,0,1,1,0
2651.535359,1,0,0,1,0,1,1,0,1
2658.106346,0,1,1,0,1,1,1,0,0
2661.630201,1,1,0,1,1,1,0,0,1
2666.669912,0,1,0,0,1,0,0,0,1
2669.046912,0,0,1,1,1,0,0,0,1
2675.852787,0,0,0,0,0,1,0,1,0
2676.534834,1,1,0,1,1,1,0,0,1
2685.262234,0,0,0,1,1,0,0,1,0
2689.010037,0,1,0,1,0,1,0,1,1
2694.529353,0,1,0,1,0,1,0,0,0
2699.731299,0,1,0,1,0,0,0,1,1
2706.242997,1,1,0,1,0,1,1,0,1
2715.890359,1,1,1,0,0,1,1,1,0
2719.439391,1,1,0,1,1,1,1,0,0
2729.074131,1,0,0,1,0,1,1,0,1
2731.735930,0,0,0,0,1,1,1,1,0
2738.068174,0,1,0,1,0,1,0,0,0
2744.105360,1,1,1,0,0,0,0,1,0
2747.734315,0,1,0,0,1,1,0,1,0
2755.673711,0,1,0,1,0,1,1,1,0
2759.728359,0,1,0,0,1,1,0,1,1
2769.584143,0,0,1,1,1,1,1,1,1
2773.491635,0,1,1,0,1,1,1,1,0
2774.428712,1,0,1,0,0,1,0,1,1
2784.051391,1,1,0,1,0,1,1,0,1
2792.854702,0,1,0,0,1,1,1,1,1
2801.985224,0,1,1,0,0,1,1,1,1
2806.072660,1,0,1,1,0,0,1,0,0
2811.823085,1,0,0,0,1,1,0,0,0
2819.419698,1,0,1,0,1,1,0,1,0
2823.746913,1,0,0,1,1,0,1,0,1
2826.583450,0,1,1,0,0,0,0,1,0
2832.120271,0,0,0,0,0,0,1,0,1
2835.597626,0,1,1,0,0,1,0,1,0
2836.627935,1,0,0,0,0,0,1,0,1
2840.248364,0,0,1,1,0,1,1,1,1
2847.906256,0,0,1,1,0,0,0,0,0
2853.751018,0,0,0,1,0,1,1,0,1
2862.733309,0,0,1,1,1,0,0,1,0
2868.328987,1,0,0,0,1,0,0,0,1
2876.461042,0,0,1,1,1,1,1,1,0
2876.462042,0,0,0,0,0,0,1,0,0
2882.580235,0,1,1,1,0,0,1,0,1
2890.187312,0,0,0,0,1,0,0,0,0
2895.381698,0,1,0,1,0,0,0,1,1
2896.597392,1,1,1,1,0,0,0,1,1
2896.999689,0,0,1,0,1,1,1,0,0
2903.592828,1,0,0,1,1,0,0,0,0
2912.455217,0,1,1,0,0,1,1,1,0
2918.100097,1,0,1,0,1,1,0,1,1
2918.346974,1,0,0,1,1,1,1,0,1
2919.945837,1,1,0,0,1,1,0,1,0
2923.213443,0,0,1,1,0,1,1,1,0
2928.706851,1,0,1,0,0,0,0,0,0
2934.269996,1,0,0,1,1,0,1,0,1
2940.020842,0,1,1,1,0,0,0,0,0
2941.136381,1,0,1,1,0,1,0,1,1
2945.408798,0,0,1,1,1,1,0,0,0
2955.253775,1,0,1,1,1,1,0,1,0
2965.217677,0,0,1,0,1,0,1,0,1
2969.477992,1,0,1,0,1,1,0,1,0
2969.684921,1,0,0,1,0,0,1,1,0
2975.078640,0,1,0,1,1,0,1,0,1
2978.577048,1,1,0,0,1,0,1,1,0
2987.589004,1,1,1,0,1,1,0,0,1
2993.789384,1,0,1,0,0,0,1,0,1
3001.580303,0,1,1,0,1,0,0,0,1
3008.639421,0,1,1,1,0,0,1,1,0
3009.634607,0,0,0,0,0,0,1,1,1
3009.913357,1,1,1,1,0,0,0,1,1
3013.341377,0,1,1,1,1,0,0,1,0
3018.306038,1,1,1,0,1,1,0,1,1
3019.913212,0,0,1,1,0,1,0,1,0
3023.902253,1,1,0,1,1,1,0,0,1
3030.682878,0,1,0,1,0,1,1,1,1
3036.837109,0,1,0,1,0,1,1,1,0
3043.443946,1,0,1,1,0,1,0,0,1
3050.378263,0,1,1,1,1,0,1,1,1
3054.054109,1,1,1,1,0,0,1,1,0
3063.971015,1,0,1,0,1,1,0,1,0
3072.565180,1,1,0,1,1,0,0,0,0
3075.092809,1,0,1,0,1,1,1,0,1
3079.448982,1,1,1,1,0,1,1,1,0
3087.610726,0,0,0,1,0,1,0,1,1
3097.274437,0,1,1,0,1,0,1,0,0
3098.089962,1,0,0,0,1,1,1,1,0
3099.679432,1,1,1,0,0,0,0,1,1
3105.431491,0,1,1,1,0,0,0,0,0
3113.852701,1,0,1,0,0,1,0,0,1
3118.586561,1,0,0,0,1,1,1,1,0
3124.408235,1,1,0,1,1,1,0,0,0
3134.041299,0,0,0,0,0,1,0,1,0
3142.869003,0,0,1,0,1,1,1,0,0
3144.960311,1,1,0,1,1,0,0,0,1
3147.936509,0,1,1,0,0,0,1,1,0
3156.131134,0,1,0,1,0,1,1,1,0
3158.512848,1,1,0,1,0,0,1,0,0
3167.294696,0,0,0,0,0,0,0,0,1
3170.732852,1,1,1,0,1,0,0,1,1
3174.715355,0,1,0,0,0,0,1,0,1
3175.048648,0,1,1,1,1,1,0,0,1
3175.376248,1,0,0,1,1,1,0,0,0
3184.943221,1,0,0,1,0,1,1,0,1
3187.079929,1,0,0,1,0,1,1,1,1
3191.649438,1,0,1,0,1,1,1,1,1
3201.431231,0,1,1,1,0,1,0,1,0
3201.748501,0,1,1,1,0,1,1,0,1
3208.845566,1,1,1,1,1,0,1,1,1
3214.517641,0,0,1,1,1,1,0,0,0
3221.255255,0,0,1,0,1,1,1,0,0
3230.583322,1,0,0,0,0,1,1,0,0
3235.364721,0,0,1,1,1,1,1,0,0
3239.342596,1,0,1,1,1,0,1,1,1
3241.249971,0,1,1,1,0,1,1,1,0
3248.505147,0,0,1,0,1,0,1,1,1
3250.429032,0,1,0,0,0,0,0,1,0
3251.184673,0,0,0,0,1,0,0,1,1
3255.691552,1,0,1,1,1,1,0,0,0
3263.767216,1,1,1,1,0,1,1,1,1
3270.443010,1,1,1,0,1,0,0,0,1
3274.373905,1,0,1,1,0,1,0,1,1
3282.897698,0,1,0,1,1,1,1,0,1
3289.688142,0,1,1,1,1,1,1,0,1
3294.263848,1,1,1,1,0,0,1,0,0
3301.500592,0,0,1,1,0,1,1,1,1
3306.354908,0,1,1,1,1,0,1,0,1
3308.600581,0,0,0,1,0,0,1,1,1
3316.100831,1,1,0,0,0,1,1,1,0
3325.946207,1,1,0,0,1,1,1,1,1
3327.509073,0,1,1,0,1,0,0,1,0
3329.886517,1,0,0,1,0,1,0,0,1
3333.157332,1,0,1,1,0,0,1,1,0
3340.094429,0,1,1,0,0,1,1,0,0
3344.487147,0,0,0,0,1,1,1,1,1
3346.879212,1,1,1,1,0,1,0,0,0
3353.354141,1,0,0,0,1,1,0,1,0
3356.842651,1,0,0,0,1,1,1,0,0
3365.464312,0,1,1,1,0,1,0,0,1
3370.849389,0,0,0,0,1,1,1,1,1
3377.987484,0,0,1,0,0,0,0,0,1
3380.071609,1,0,1,0,1,1,0,1,1
3382.315887,1,1,1,0,0,0,0,1,1
3391.508881,0,1,1,1,0,0,0,0,0
3393.789223,0,1,0,1,1,0,0,0,1
3402.342713,1,0,1,1,1,1,1,1,1
3410.921944,1,1,0,1,1,1,0,1,0
3415.230903,0,0,1,0,1,0,1,0,1
3419.561367,1,1,0,1,0,1,1,0,1
3426.888603,0,1,1,1,1,0,0,1,0
3428.762143,1,0,0,0,1,1,0,1,1
3433.888458,1,0,0,0,1,0,1,0,0
3442.610808,0,1,1,1,0,1,1,1,1
3447.143729,1,0,1,1,0,1,1,1,1
3456.120125,1,0,1,0,1,0,0,0,0
3459.349148,0,1,0,0,0,1,0,1,0
3462.823043,0,0,0,1,0,1,1,1,0
3463.323353,0,1,0,1,0,0,0,0,1
3467.769737,1,0,1,0,0,0,0,0,1
3468.730356,0,1,1,1,1,0,0,1,1
3475.100776,0,0,0,1,0,0,1,0,1
3481.697675,0,1,0,0,1,0,0,0,0
3491.336265,1,0,0,0,0,1,1,1,0
3493.246796,0,1,0,1,0,1,0,0,0
3499.602153,1,0,0,0,1,1,0,0,1
3503.404689,1,1,1,1,1,0,0,1,1
3508.661574,1,0,0,1,1,1,0,0,0
3513.604609,1,1,1,0,0,0,0,0,1
3513.605609,1,1,0,1,1,0,1,0,0
3522.398182,1,0,0,0,1,0,0,1,0
3531.695676,1,1,0,0,0,1,1,1,0
3534.504856,0,0,0,1,1,1,0,0,0
3544.455600,0,0,1,0,0,1,1,1,1
3549.923343,1,1,0,0,1,1,1,0,0
3550.033028,1,0,1,1,0,0,0,0,0
3555.733458,1,0,0,0,1,1,0,1,0
3561.733858,0,0,0,0,0,1,0,0,1
3570.215904,0,0,0,0,1,0,1,1,1
3577.368731,1,1,0,1,1,1,1,1,1
3578.807153,0,0,0,1,0,1,0,0,1
3588.090806,0,0,0,1,0,0,1,1,1
3588.091806,1,1,0,1,0,0,0,1,0
3592.892326,0,1,0,1,1,0,0,1,0
3599.407826,1,0,1,0,0,1,1,0,1
3604.812541,0,0,0,0,1,1,0,1,0
3612.057715,1,1,0,0,0,0,1,1,0
3616.419512,1,0,1,1,1,1,1,1,1
3619.110181,1,1,0,0,0,1,1,0,1
3621.632997,1,0,1,0,1,0,1,0,0
3625.039770,1,1,0,1,1,0,1,1,1
3632.742703,1,1,0,0,1,1,0,0,0
3638.236614,1,1,1,1,1,0,1,0,0
3642.619560,0,1,0,0,1,0,0,0,1
3647.847310,0,1,0,0,1,0,1,1,1
3649.255885,1,1,0,0,1,1,1,0,1
3653.195885,1,1,1,0,1,1,1,0,0
3660.062558,0,0,0,0,0,1,1,1,1
3660.307436,1,1,1,0,0,0,0,0,1
3662.191365,0,0,1,1,0,1,1,1,1
3667.787912,1,1,1,1,0,1,0,1,1
3672.398755,0,1,1,1,0,1,0,0,0
3682.182560,1,1,0,0,1,1,0,1,0
3691.892734,1,0,0,0,0,0,1,0,0
3701.360243,0,1,1,1,0,0,1,0,1
3707.780354,0,0,1,0,0,1,0,1,0
3709.872298,1,0,0,1,0,0,0,1,1
3712.055937,1,0,0,1,1,1,1,0,1
3721.012085,1,0,0,1,0,1,1,1,1
3729.443615,1,1,1,1,0,0,1,1,1
3737.243835,1,0,1,1,1,0,1,1,1
3744.994060,1,0,1,0,0,0,1,0,0
3750.232631,0,1,1,0,0,1,1,0,0
3754.545127,0,0,1,1,0,0,1,0,1
3760.811594,1,0,1,1,1,1,0,0,1
3768.781341,1,0,1,1,1,1,0,0,0
3775.611801,0,1,0,1,0,1,1,1,0
3782.001051,0,0,1,0,1,0,0,1,0
3788.900200,0,1,0,0,1,0,1,1,0
3796.008752,1,1,1,0,1,1,0,1,1
3796.748314,1,0,0,1,1,1,0,1,0
3799.286534,0,1,0,0,1,1,1,1,1
3806.901451,1,0,1,1,0,0,1,1,0
3812.050988,0,0,1,0,0,0,1,0,0
3817.823768,0,1,0,1,1,1,1,0,1
3819.659791,1,1,1,1,0,1,0,0,0
3825.436294,1,1,0,1,0,0,0,1,1
3830.907599,0,0,0,1,1,0,0,0,0
3836.898991,1,0,1,0,1,1,1,0,1
3837.194079,1,0,1,1,1,1,0,0,1
3843.176393,0,0,1,1,0,1,1,0,0
3851.766278,1,0,0,0,0,0,0,0,1
3857.824365,1,0,0,1,0,0,1,1,0
3862.238466,0,0,1,0,1,1,1,0,0
3870.083870,0,1,1,1,1,0,1,0,1
3874.983165,1,0,1,1,1,0,0,0,1
3880.788574,1,1,1,0,1,1,1,0,0
3881.463880,1,0,0,0,1,0,1,0,0
3890.809400,0,0,0,1,1,1,0,0,1
3896.092891,0,0,1,0,0,1,1,1,0
3903.599989,0,0,1,1,1,0,1,1,1
3909.897189,0,1,1,0,1,1,1,0,0
3910.771888,0,1,0,0,1,0,1,0,0
3918.120285,1,0,1,0,1,1,0,1,1
3922.570678,0,1,1,0,1,0,1,1,1
3932.356795,0,1,1,1,0,1,0,1,0
3938.181955,0,1,0,0,1,0,0,0,1
3944.064720,1,1,1,1,0,0,0,0,1
3952.442779,1,0,0,0,1,0,0,1,0
3958.586022,0,1,1,0,1,1,1,1,1
3965.607596,1,0,0,1,0,1,0,0,0
3969.125594,0,1,0,0,0,1,0,0,0
3970.703111,0,0,0,0,0,1,0,0,0
3977.005256,0,1,1,1,0,0,0,0,1
3979.437150,0,1,1,0,1,1,1,0,1
3988.264761,0,0,1,0,0,1,1,1,1
3992.551046,0,0,1,1,1,1,0,1,1
3997.546199,0,0,1,1,0,0,1,0,1
4000.376374,1,0,0,0,0,1,0,1,0
4009.015966,1,0,0,0,1,0,1,0,1
4011.628645,1,0,1,1,0,0,0,1,0
4019.800162,1,0,1,0,1,1,1,0,0
4029.775227,0,0,0,0,1,0,1,1,1
4037.495325,0,0,0,1,0,1,0,1,0
4046.646353,0,0,0,1,1,1,1,1,0
4049.114111,1,1,1,1,0,0,0,0,0
4055.741807,0,1,1,1,0,0,0,1,0
4057.590963,1,1,1,0,1,0,1,0,0
4065.396938,1,0,0,0,1,0,0,0,0
4072.518147,1,0,0,0,1,0,1,1,0
4074.045191,0,0,0,1,0,1,0,1,1
4080.237625,1,0,1,0,0,0,1,1,0
4087.380767,1,1,1,1,1,0,1,0,1
4094.418978,1,0,1,1,0,1,1,0,1
4094.958282,0,1,1,1,0,0,0,1,0
4098.462582,1,1,1,0,0,0,1,1,0
4099.948476,0,1,0,1,1,1,0,0,0
4109.115226,0,0,0,1,1,0,1,0,0
4112.159400,1,0,0,0,0,0,1,1,1
4120.430350,0,0,1,1,0,0,1,0,1
4128.430550,1,0,0,1,0,0,0,1,0
4130.349963,1,1,0,0,1,0,0,0,0
4131.150883,0,1,0,0,0,0,1,0,0
4139.674395,1,1,1,1,0,1,1,0,1
4141.042165,0,1,0,1,1,1,0,0,1
4144.035716,0,0,0,1,1,0,1,1,0
4147.012441,0,1,1,0,1,1,0,0,1
4148.900044,0,1,1,1,1,0,0,1,0
4150.263306,0,0,0,0,0,1,0,1,1
4150.738299,0,1,1,1,1,0,1,1,0
4158.873621,1,0,0,0,1,0,0,1,0
4167.795714,0,1,1,1,0,0,1,1,0
4173.559685,0,1,0,1,0,1,1,1,0
4175.255431,0,1,0,0,0,1,0,0,0
4180.377870,0,0,1,0,0,0,1,1,1
4186.618138,1,0,1,1,0,0,1,0,1
4190.384193,1,1,1,0,1,1,0,0,1
4198.081393,1,1,1,0,0,1,0,1,1
4203.210913,1,1,0,1,0,1,0,0,0
4212.842851,1,0,0,0,0,1,0,1,0
4219.910282,0,0,0,0,1,0,1,0,1
4225.402683,0,1,0,1,1,0,0,1,0
4233.076385,1,1,0,1,1,1,0,1,0
4236.154001,0,0,1,0,0,1,1,0,0
4240.975365,1,0,1,1,0,0,0,1,1
4246.076009,0,0,0,1,1,1,0,1,0
4255.087472,1,0,0,0,0,0,0,1,1
4261.875124,1,1,0,0,1,0,1,1,0
4263.169527,1,0,1,1,0,1,0,1,1
4264.279507,0,1,0,1,1,1,0,1,0
4268.105882,1,0,0,0,0,1,0,0,0
4268.269347,0,0,1,0,0,0,0,1,0
4271.352230,0,0,0,0,1,0,0,0,0
4272.905314,1,1,0,0,0,0,1,0,1
4273.417212,1,1,0,0,1,0,0,1,0
4281.477107,1,1,1,0,1,0,1,0,1
4290.729674,0,1,1,1,0,0,0,1,1
4300.639140,0,0,1,0,0,0,0,1,0
4310.455334,1,0,1,0,1,0,0,1,1
4313.087650,1,1,1,1,1,1,1,0,1
4318.472727,1,0,1,0,0,0,1,1,1
4322.477956,1,1,1,1,0,1,1,0,1
4329.144956,0,0,0,0,1,1,0,1,1
4334.619093,1,0,1,1,1,1,1,1,0
4334.620093,1,1,0,0,1,0,1,1,1
4339.573428,0,1,1,0,0,1,1,0,0
4347.816847,0,0,1,1,0,1,0,0,1
4353.978181,0,0,1,0,1,1,1,1,1
4359.411277,0,1,1,1,1,0,1,0,1
4364.997003,0,0,0,0,1,0,1,1,1
4372.812664,1,1,0,0,0,1,0,1,1
4381.005914,1,0,1,0,1,1,0,1,1
4389.135971,1,0,0,0,1,1,0,0,1
4395.175328,0,0,1,1,1,0,0,0,0
4396.434267,0,1,1,0,0,0,0,0,1
4400.059904,1,1,0,1,1,0,1,1,1
4407.732095,0,0,0,1,0,1,0,0,0
4408.198165,1,1,0,1,0,0,0,1,0
4416.095282,1,0,0,1,1,0,1,0,1
4421.764164,1,0,1,1,0,1,1,0,1
4422.228081,0,0,1,0,0,0,1,1,1
4429.943363,1,1,1,1,1,0,0,0,0
4434.861090,0,0,1,1,0,1,1,0,0
4435.408318,0,0,1,1,0,0,1,1,0
4436.691241,1,1,0,0,0,1,0,1,1
4444.270848,1,0,0,1,1,0,1,1,1
4446.482153,1,1,0,0,1,1,1,0,0
4449.509166,0,0,0,1,0,1,1,1,1
4457.368576,1,0,0,1,1,1,0,1,1
4465.111070,1,0,0,0,0,0,0,1,1
4473.682641,1,0,1,0,0,0,1,0,1
4477.499049,0,0,1,1,1,1,1,1,0
4482.533284,0,1,1,0,1,0,0,0,1
4483.504087,1,0,0,1,0,0,0,1,0
4491.448348,0,0,1,0,0,0,0,0,1
4495.951002,0,0,0,1,0,0,0,0,0
4499.797771,1,1,1,1,1,0,1,0,1
4507.652531,0,0,0,0,1,0,1,0,0
4515.261466,0,0,0,1,0,1,1,0,0
4520.182609,1,1,1,1,1,1,0,1,1
4520.906032,1,1,1,0,1,1,1,1,0
4522.469376,0,1,1,1,0,1,0,0,0
4523.265276,1,1,1,0,1,1,1,1,1
4526.373252,0,0,0,0,1,1,0,0,1
4528.619136,1,1,1,1,1,0,1,0,1
4538.401766,0,1,0,1,1,1,1,1,0
4545.969577,0,1,0,1,1,1,0,0,1
4548.598619,1,1,0,0,0,1,1,0,1
4555.545489,0,0,1,1,0,1,0,0,0
4559.485840,1,0,0,0,1,1,0,1,1
4566.188873,1,1,0,1,0,1,1,1,1
4568.092908,1,1,0,1,0,0,0,1,0
4568.992022,0,0,1,0,0,0,0,1,1
4573.868568,0,0,0,1,1,1,0,0,1
4573.869568,0,0,0,1,1,0,0,1,0
4577.720121,1,1,1,1,0,0,1,1,1
4582.761713,1,1,0,1,0,1,1,1,0
4592.671632,1,1,1,1,0,0,1,0,1
4594.891255,1,1,1,0,1,1,1,0,1
4599.009490,0,0,1,0,1,1,1,1,0
4599.565990,1,0,1,1,1,1,1,1,0
4606.274653,0,0,0,1,0,1,0,1,0
4611.575552,0,1,0,0,1,0,1,0,0
4616.411459,1,0,0,0,0,0,0,1,0
4617.111822,0,1,0,1,1,0,1,0,1
4620.189438,1,0,1,1,0,1,1,1,0
4620.285666,1,0,1,1,0,0,0,1,0
4627.616851,0,1,1,1,0,1,1,0,1
4632.443757,1,1,1,0,1,0,0,0,0
4641.149769,0,1,0,0,1,1,1,0,0
4646.350249,0,1,1,0,0,1,1,1,0
4648.146613,0,0,0,1,1,1,0,1,0
4652.855476,1,0,0,0,1,0,0,0,1
4658.460311,0,0,1,0,0,0,1,1,0
4658.461311,1,1,0,1,1,1,0,0,0
4660.056137,1,1,0,0,0,0,1,0,1
4668.499741,1,0,0,1,1,1,1,0,1
4677.249866,1,1,0,0,1,0,0,0,1
4682.149621,0,0,1,1,1,1,1,1,1
4685.539732,0,1,0,1,0,1,1,1,0
4687.161365,0,0,0,1,0,0,1,0,1
4691.999279,0,1,0,0,1,1,1,1,0
4693.417059,1,0,1,0,0,1,0,1,1
4693.553041,1,1,1,1,0,0,0,0,1
4703.306152,0,0,0,0,1,0,0,1,0
4707.096896,1,1,1,1,0,1,1,0,1
4711.951780,1,0,1,1,1,1,0,1,1
4720.403547,1,0,0,1,1,0,1,1,0
4720.608609,0,0,0,1,0,0,0,1,0
4726.488142,1,0,1,0,1,1,1,0,1
4735.572203,0,0,1,0,0,0,0,0,1
4737.462610,1,1,1,1,0,0,1,1,0
4746.709744,0,0,1,0,0,1,0,0,0
4748.352371,0,1,0,1,0,0,0,0,1
4752.240623,1,0,0,0,1,1,1,0,0
4754.695923,0,1,1,1,0,1,1,1,0
4763.956866,0,1,0,1,1,1,0,0,0
4772.536961,1,1,0,0,1,0,0,1,1
4776.962032,1,1,1,1,0,1,1,0,1
4785.512406,0,0,0,0,1,1,1,1,0
4786.890678,1,0,1,1,1,0,0,1,0
4788.197066,0,0,0,1,1,1,1,1,1
4795.736815,1,0,1,0,0,0,1,0,1
4796.737715,0,1,1,0,0,1,0,1,1
4800.397173,1,0,1,1,0,1,0,1,0
4801.708387,0,1,1,0,1,1,1,0,1
4803.644222,0,0,1,0,0,0,1,1,1
4807.766761,1,0,1,1,1,1,1,1,0
4808.061849,0,1,1,1,1,1,0,0,0
4816.691199,0,0,1,0,1,1,1,0,0
4817.654202,1,0,0,0,0,0,1,1,1
4820.085127,0,1,1,1,0,0,0,1,1
4828.353341,0,1,0,0,1,1,0,1,1
4834.217778,1,0,0,1,1,0,1,0,1
4835.730768,1,1,0,1,1,1,0,1,1
4838.398168,1,1,1,0,1,1,0,0,0
4844.515307,1,0,0,0,0,0,0,1,0
4851.791187,0,0,0,1,0,0,0,1,0
4851.792187,0,0,0,1,0,0,1,0,0
4855.969984,0,0,0,0,1,0,0,0,0
4856.544175,0,1,1,1,0,1,0,0,0
4857.363508,0,1,1,0,1,0,0,0,1
4859.957869,1,0,0,1,0,1,0,0,0
4866.850071,1,1,1,0,0,0,1,1,0
4876.674650,0,0,1,1,0,0,1,0,0
4880.851988,0,1,0,1,0,0,0,1,1
4885.138274,1,0,1,0,0,1,1,0,1
4891.064607,1,1,0,0,1,1,0,1,1
4893.663386,0,1,1,1,1,1,0,1,0
4897.507239,0,0,0,0,1,0,1,1,1
4897.892381,0,1,1,1,1,0,0,1,1
4903.054572,0,1,1,0,1,1,1,0,1
4908.912294,0,1,0,1,0,0,0,1,0
4909.471452,0,0,1,0,0,1,1,0,0
4912.848891,0,0,1,1,1,0,1,0,1
4918.652495,0,1,1,0,0,1,1,0,1
4921.382881,0,0,1,1,0,1,1,1,1
4927.915338,0,0,1,0,0,0,1,0,0
4936.017073,1,0,0,0,1,1,0,1,1
4936.961856,1,1,1,0,1,1,0,1,1
4941.946484,0,1,1,1,0,0,1,0,1
4949.075623,1,0,1,1,1,1,1,0,1
4951.070806,1,0,1,1,1,1,0,0,1
4951.699194,0,0,0,0,0,0,0,1,1
4954.723147,0,1,1,0,0,1,1,1,1
4962.342433,1,0,1,1,1,0,0,0,1
4963.011447,1,1,0,1,0,1,0,0,0
4971.419014,1,0,1,0,0,1,0,0,0
4977.677593,0,1,0,1,0,0,1,0,0
4987.642509,1,1,1,0,0,0,1,1,1
4996.527867,0,0,0,1,1,0,1,1,1
5003.683840,1,1,0,1,1,0,0,1,0
5005.092983,0,1,1,1,0,0,0,0,0
5014.770434,0,0,1,0,0,0,1,0,1
5021.525726,0,1,1,0,1,0,0,1,0
5030.783613,1,1,0,0,1,0,1,1,0
5038.485597,0,0,1,1,0,0,0,0,0
5040.667024,1,0,1,0,1,0,1,1,1
5041.321553,1,0,0,1,1,1,1,1,1
5049.167922,1,0,1,0,1,1,0,0,1
5053.612922,0,1,0,0,0,0,1,1,1
5058.595503,0,0,1,0,0,1,0,0,1
5067.154522,1,0,0,1,1,1,0,1,1
5069.012203,0,0,0,1,1,0,1,1,0
5074.726918,1,0,0,1,1,1,1,0,0
5080.864488,1,0,0,0,1,1,1,0,0
5085.786760,0,1,1,0,0,0,1,1,1
5091.285045,1,1,1,1,1,0,0,1,1
5094.366306,1,1,1,0,0,0,0,0,0
5094.854045,1,0,0,1,1,1,1,1,0
5099.529902,0,0,1,0,0,0,1,1,0
5100.160673,0,0,0,0,1,1,1,1,0
5107.440357,1,1,0,1,1,0,0,1,0
5108.691232,0,0,0,0,0,0,1,0,0
5115.834375,1,1,0,1,1,0,0,1,1
5119.737132,0,0,0,1,0,1,1,0,1
5125.799411,0,0,0,0,0,1,0,0,1
5129.225218,0,1,1,1,0,0,0,0,0
5130.450585,1,1,0,1,1,0,1,1,1
5133.256183,1,1,1,1,1,1,0,0,1
5134.980312,1,0,1,1,1,0,1,0,1
5136.268854,0,1,1,1,0,0,1,0,1
5140.429031,0,0,0,0,0,0,0,1,1
5143.457661,0,0,1,0,0,0,0,0,1
5145.268296,1,1,1,1,1,1,1,0,0
5151.486439,0,0,0,1,0,0,1,0,0
5158.260955,1,1,1,0,0,1,0,1,1
5164.109324,1,0,1,1,1,0,1,0,0
5169.778771,0,1,1,0,0,1,0,1,0
5178.335616,0,1,0,1,0,0,1,1,1
5179.265935,0,1,0,0,1,0,0,1,1
5188.564706,1,0,1,0,1,0,1,1,1
5197.669854,1,0,1,0,0,0,0,0,1
5199.699049,1,1,1,0,0,0,0,0,1
5202.947587,1,0,0,1,1,0,0,1,0
5209.624627,0,0,1,1,0,1,1,0,1
5212.006341,1,0,0,0,1,1,0,1,0
5221.292127,1,0,0,0,1,1,1,1,1
5226.799822,0,0,0,1,1,1,1,1,0
5227.543016,1,1,1,1,1,0,0,1,0
5233.845597,1,1,1,0,1,0,0,0,1
5239.330962,0,1,0,0,0,0,0,1,0
5240.159086,0,1,0,1,1,1,1,0,0
5244.976271,1,1,1,0,1,0,1,1,1
5254.120741,1,1,1,0,0,0,1,1,1
5260.573424,0,1,1,0,0,1,0,0,0
5265.164129,1,1,0,1,1,1,1,0,1
5273.021486,0,0,0,0,0,1,0,0,0
5277.445349,1,0,0,0,1,1,0,1,1
5283.001349,0,0,1,0,1,1,1,1,1
5283.002349,1,0,0,1,0,0,1,0,1
5286.933991,0,1,0,0,1,0,1,0,1
5296.292725,1,0,0,1,0,1,1,1,1
5303.435868,1,1,1,1,1,1,1,0,1
5304.071322,0,0,1,0,1,0,0,1,0
5305.462468,0,1,1,1,0,1,1,1,0
5311.028823,0,1,0,0,0,0,1,1,1
5311.139702,1,1,0,1,1,1,1,0,1
5319.786896,0,1,1,1,0,1,1,0,1
5323.636974,1,1,0,1,1,0,0,1,0
5324.831322,0,0,1,1,0,0,0,0,0
5331.852896,1,1,1,0,0,1,0,1,1
5339.545435,1,1,1,1,1,0,1,0,0
5343.401471,0,1,0,1,0,0,1,0,0
5344.872912,1,0,1,1,1,1,1,0,0
5354.193368,1,0,0,0,1,0,0,1,1
5356.855137,1,0,0,1,0,1,1,0,1
5359.441245,1,0,1,0,0,1,0,1,1
5364.789303,0,1,0,1,0,0,0,1,0
5368.447656,0,1,1,0,1,0,1,1,0
5374.410119,0,0,1,1,1,1,0,1,1
5379.836713,1,0,0,0,1,1,0,1,1
5387.067945,1,1,1,1,1,1,0,0,0
5390.432349,0,1,1,0,0,1,1,1,0
5392.091474,0,0,1,0,1,0,0,0,0
5401.341549,1,0,0,1,1,0,0,0,0
5402.445380,1,1,0,1,1,0,1,0,1
5409.744501,1,0,1,1,0,0,1,1,0
5413.417547,0,0,1,0,0,0,0,1,0
5422.738603,1,0,0,1,0,1,1,1,1
5426.452312,0,1,1,1,0,1,0,0,0
5427.816812,1,0,0,0,0,0,1,0,0
5429.224956,0,1,1,1,0,1,1,0,1
5436.121818,0,0,0,1,1,0,0,1,0
5442.189627,0,0,0,0,1,1,1,0,0
5445.782222,0,1,0,1,1,1,1,1,0
5449.435732,0,0,1,1,0,1,0,1,1
5457.502751,1,1,0,0,1,1,1,0,1
5461.625203,1,0,0,1,0,0,0,1,0
5462.084610,1,0,1,0,0,0,0,0,0
5467.277398,1,0,1,0,1,1,0,0,1
5474.208922,0,0,0,0,1,0,1,0,0
5477.249266,0,1,0,0,1,0,0,1,0
5484.421962,0,1,1,1,0,1,0,1,1
5490.428279,1,1,1,0,1,1,1,0,1
5493.267279,1,0,1,1,1,0,1,1,0
5500.663373,0,1,1,1,0,1,1,0,0
5507.446839,1,0,1,0,1,0,0,0,0
5511.800753,1,1,1,1,1,1,0,1,0
5518.164753,0,1,0,0,0,1,1,1,0
5524.515995,1,0,0,0,1,0,0,1,1
5528.875533,0,1,1,0,0,0,0,1,1
5536.919207,1,1,0,0,1,0,0,1,1
5544.736535,1,0,0,1,0,1,0,1,1
5550.386764,0,0,0,1,1,1,0,1,1
5553.251046,0,0,0,0,0,1,0,0,1
5562.076561,1,0,0,0,1,0,1,1,1
5571.807896,0,0,1,0,0,1,1,0,1
5573.040195,1,0,1,0,0,0,0,0,1
5576.286727,1,0,1,1,1,1,0,0,1
5583.779332,0,1,1,1,1,1,1,1,0
5590.436109,0,0,0,1,0,0,0,0,0
5599.449541,1,1,1,0,0,0,0,1,0
5606.773149,0,1,0,0,1,1,1,1,1
5611.433369,1,1,0,0,1,1,1,0,0
5612.164519,1,1,1,1,1,0,0,1,1
5612.716645,0,1,1,0,0,1,0,0,0
5622.040483,1,1,1,0,1,1,0,1,1
5626.756730,1,1,0,0,0,1,0,0,0
5632.986616,1,1,0,0,0,0,1,1,0
5642.974824,0,0,1,0,1,0,1,1,1
5649.534903,0,1,0,1,0,1,1,0,0
5650.187467,1,0,0,1,1,0,0,1,1
5652.832960,1,0,1,1,1,1,1,0,1
5655.251900,1,1,1,0,0,1,1,0,1
5658.451038,0,0,1,0,0,0,1,1,0
5661.017141,0,1,1,0,1,0,1,1,0
5661.345977,1,1,1,1,0,0,1,0,0
5666.950813,1,1,1,0,1,0,0,0,1
5673.707169,1,1,1,0,1,0,1,1,1
5678.396262,1,0,0,1,1,1,1,0,1
5688.034059,0,1,0,0,0,0,0,0,0
5691.957080,0,0,0,1,0,0,0,0,0
5694.242197,0,0,1,1,0,0,0,0,0
5694.243197,0,1,0,1,0,1,1,0,1
5702.507260,1,0,1,0,1,0,0,0,0
5710.391703,1,0,0,1,1,0,0,1,1
5714.848779,0,0,0,0,0,0,1,1,0
5717.170222,1,1,0,1,0,0,1,1,0
5722.471293,0,0,1,0,0,1,1,1,1
5729.650346,1,0,0,1,0,0,0,0,1
5738.666838,0,1,1,0,1,0,0,1,0
5743.456938,0,0,1,0,1,1,0,1,1
5747.893585,1,0,1,1,1,1,1,1,1
5752.295066,0,1,1,1,1,0,1,0,0
5756.146097,0,1,0,1,0,0,1,1,0
5765.663386,0,1,1,0,1,0,0,0,0
5768.164136,0,0,0,0,0,1,0,0,1
5777.084379,1,1,1,1,1,1,1,0,1
5781.724313,1,1,0,0,0,1,1,0,0
5788.249913,1,1,1,0,0,0,0,1,0
5793.830712,1,1,1,0,0,1,0,0,0
5797.966637,0,1,1,0,1,0,1,0,1
5803.533462,0,0,0,0,0,1,0,0,1
5810.641502,1,1,1,0,0,0,1,0,1
5814.904371,0,0,1,1,1,0,0,1,0
5815.858712,1,0,0,1,0,0,1,0,0
5818.712760,0,1,0,1,1,1,1,0,0
5827.248034,1,0,1,1,1,1,1,0,1
5827.996623,0,0,0,1,0,1,0,0,0
5836.719492,0,0,0,1,0,1,0,1,0
5839.788618,1,1,0,1,0,0,1,0,0
5846.970247,1,0,1,1,0,0,0,0,1
5848.476604,0,0,0,0,1,1,1,1,1
5848.815735,0,1,0,1,1,1,0,0,1
5851.033494,1,1,1,1,0,0,0,0,1
5854.307259,1,1,0,0,1,0,0,0,1
5862.926365,0,0,0,1,0,0,0,0,0
5868.537270,0,1,0,1,0,1,0,1,0
5872.065190,0,0,1,1,0,0,0,1,1
5879.707269,0,0,1,0,0,1,1,0,1
5888.313261,1,1,0,0,0,0,1,1,0
5893.857671,0,1,1,1,1,1,0,0,0
5897.334981,1,1,1,0,1,0,0,1,0
5903.940171,1,1,0,0,1,1,1,0,1
5904.701965,0,1,0,0,0,1,1,0,0
5906.773109,0,0,0,1,1,0,1,1,0
5914.156350,1,0,1,1,0,1,1,0,1
5921.356630,0,1,0,1,0,0,0,0,0
5929.801230,0,1,0,0,1,1,0,0,0
5932.621097,1,0,0,0,0,1,1,0,1
5935.559759,0,0,0,1,1,1,0,1,0
5944.796112,1,1,1,1,0,1,0,1,1
5946.383161,1,1,1,0,1,0,1,0,1
5952.402250,1,1,1,0,0,1,0,1,0
5954.280997,0,1,1,1,1,1,1,0,0
5955.842892,1,0,1,0,1,1,0,0,1
5958.149217,1,1,0,0,0,0,1,1,0
5965.370307,0,0,0,0,0,1,0,1,1
5974.269500,1,1,1,0,1,0,1,0,1
5975.698928,0,1,0,0,0,0,0,0,1
5977.597886,1,0,0,1,1,0,1,0,1
5984.870886,1,0,1,1,0,1,1,0,1
5986.388589,0,1,0,1,1,0,0,1,1
5996.212395,1,0,0,0,0,1,0,1,0
6000.696463,1,0,1,0,1,1,1,0,1
6009.752113,1,1,1,1,0,1,0,1,0
6014.593899,1,1,0,1,0,1,1,0,0
6024.168409,1,1,0,0,0,1,0,0,0
6025.613709,0,0,1,0,0,0,1,1,1
6029.328624,0,0,1,0,0,1,0,1,0
6036.242513,0,1,1,0,0,1,1,1,0
6036.417106,1,0,1,1,0,1,1,1,0
6040.424555,0,0,1,1,0,1,0,0,1
6042.092055,0,0,1,0,1,1,1,1,1
6050.895453,0,0,1,0,1,0,1,1,1
6059.715994,1,0,1,0,0,1,1,0,0
6065.906851,1,0,0,0,1,1,0,1,0
6071.780279,1,0,0,1,1,0,0,0,0
6076.003595,0,0,0,0,0,1,1,0,1
6077.955220,1,1,0,0,0,1,1,1,1
6080.343657,0,1,0,1,0,1,1,1,1
6087.610597,1,1,1,0,1,0,0,1,0
6092.303436,0,1,1,0,1,1,0,1,0
6099.572227,1,0,1,1,1,0,0,1,0
6105.117028,0,0,0,1,1,1,0,0,1
6106.362143,1,1,0,1,0,1,1,0,0
6116.219300,1,0,1,0,1,0,0,0,1
6122.673556,1,0,1,1,1,1,1,0,1
6129.841469,0,0,0,0,0,0,1,1,0
6131.328807,0,0,1,0,0,1,0,1,1
6134.608831,1,0,1,1,0,1,1,1,1
6139.276031,1,1,1,0,0,0,0,0,1
6148.418974,1,0,0,1,1,0,1,0,1
6152.911503,0,0,1,1,1,1,1,0,0
6157.987649,0,0,0,0,1,0,1,0,1
6158.427095,1,0,0,1,0,0,0,0,1
6165.848277,1,0,0,1,1,1,1,1,1
6170.821898,0,1,1,0,1,1,0,1,1
6176.866065,0,0,0,1,0,1,0,0,0
6184.340222,0,0,0,1,1,0,0,0,0
6186.199443,1,1,1,1,0,1,0,1,1
6189.977843,1,1,1,0,1,0,0,1,0
6195.037962,1,0,1,0,1,1,1,0,0
6198.371962,0,1,1,1,1,1,0,1,0
6205.435319,0,1,1,0,1,1,1,1,1
6215.238579,1,1,0,0,0,0,1,1,1
6224.868246,0,1,1,1,1,1,1,1,0
6232.368496,0,1,1,0,0,0,1,1,0
6232.456444,0,1,0,1,0,1,0,0,1
6233.384180,1,0,0,1,1,1,1,1,0
6236.536524,1,1,0,0,0,0,1,1,1
6243.067483,1,0,0,0,0,0,0,0,0
6249.587242,1,1,0,0,1,0,1,0,0
6251.960886,1,1,1,0,0,0,1,0,1
6256.317346,0,1,1,0,1,0,1,0,0
6265.845290,0,0,0,1,1,1,1,0,1
6269.179290,0,1,0,0,0,0,1,1,1
6272.513290,0,0,0,0,1,0,0,1,0
6279.729477,0,1,0,1,0,1,1,1,0
6289.510064,0,1,1,0,0,0,0,1,0
6296.154313,1,0,0,0,0,1,0,0,0
6299.365518,1,1,1,1,0,1,0,0,1
6302.856533,0,1,1,0,1,0,0,0,1
6306.119726,1,1,0,0,0,0,0,1,0
6307.150035,0,1,0,1,1,0,1,0,0
6307.546205,1,1,1,0,1,0,0,1,1
6316.358419,1,0,0,0,0,1,1,0,1
6319.313999,0,1,0,1,0,1,0,0,1
6319.645793,0,0,1,1,0,0,1,1,1
6322.942642,1,0,1,1,1,1,1,0,1
6329.213111,0,1,1,1,0,1,1,0,1
6333.913095,0,0,0,1,1,1,1,0,1
6342.405514,1,0,0,1,1,1,1,1,0
6345.425338,0,0,0,0,0,0,1,1,1
6347.005127,1,0,1,1,1,1,1,1,1
6356.882440,0,0,0,0,0,0,1,1,0
6361.206851,1,1,1,1,0,1,0,0,0
6370.726419,0,1,1,0,0,1,0,0,1
6371.683205,0,0,0,1,0,0,0,1,1
6379.572963,0,1,0,0,0,0,0,0,1
6389.410817,0,0,0,0,1,0,1,0,1
6393.811377,1,0,1,0,1,1,1,0,0
6393.812377,0,0,1,0,0,0,0,0,1
6399.233950,1,0,0,0,0,1,1,0,0
6403.520235,0,1,0,0,0,0,1,1,1
6404.453042,1,0,0,0,0,1,1,0,1
6413.591059,0,0,0,0,1,1,1,0,0
6420.324515,0,1,0,0,1,0,0,0,1
6428.110714,1,1,0,0,1,0,0,0,0
6434.588899,1,1,0,0,0,0,0,0,0
6440.460433,0,0,1,1,1,1,0,1,0
6441.270031,1,0,0,0,1,1,0,1,0
6450.814194,0,0,0,1,0,0,0,1,1
6458.631124,1,0,1,1,1,1,1,0,1
6468.373797,1,0,1,1,0,0,0,1,0
6477.791844,0,1,0,0,1,0,1,0,1
6487.760202,0,1,1,0,1,1,0,1,0
6491.690522,1,1,1,0,1,1,1,0,1
6500.883756,1,1,0,0,0,0,1,0,1
6508.786206,1,1,0,1,0,0,1,0,0
6510.487260,0,0,0,1,0,0,0,0,1
6520.370993,1,0,0,0,0,0,1,1,0
6524.057593,0,0,0,1,1,0,0,1,1
6533.639384,1,0,0,0,1,0,0,0,0
6536.765071,0,0,0,1,1,1,0,0,0
6539.590057,1,1,1,1,0,0,1,1,0
6542.466586,0,0,1,0,1,0,1,1,1
6549.232159,0,1,1,1,0,1,0,1,0
6554.135432,1,0,1,0,1,0,1,1,0
6556.894777,0,0,1,0,1,1,1,1,0
6559.506482,1,1,0,0,1,0,0,1,0
6567.747864,0,0,1,1,1,0,0,0,0
6572.662719,0,1,0,1,1,0,1,0,0
6575.582167,1,0,0,0,0,0,0,1,0
6580.728171,0,1,0,1,0,1,0,1,0
6589.510760,1,1,1,1,0,0,1,0,1
6597.817808,0,0,0,1,1,0,1,0,1
6602.494108,1,1,0,1,0,0,1,1,0
6610.093866,0,0,1,0,1,0,1,1,0
6618.411791,1,1,0,0,1,0,1,0,1
6619.555534,0,1,1,1,1,1,1,0,1
6622.483070,0,0,0,0,1,0,0,1,0
6626.940638,0,0,0,0,0,0,0,1,1
6631.767458,0,0,0,1,0,1,1,0,1
6632.971236,1,1,0,1,1,0,1,1,0
6635.393047,1,1,1,0,0,1,0,0,0
6635.972024,1,1,0,1,0,0,0,0,0
6641.464860,1,1,0,0,1,0,1,1,1
6651.365368,1,1,0,1,1,1,0,0,0
6659.053865,0,0,1,0,0,0,1,1,0
6666.095726,0,1,0,0,1,0,0,0,1
6670.795051,1,0,0,1,1,0,0,1,0
6674.985355,0,0,1,1,0,1,1,1,0
6681.069990,0,0,0,1,1,1,1,0,0
6690.427853,1,1,0,0,0,1,0,1,1
6695.750901,0,0,1,0,1,0,0,0,0
6700.867669,1,0,0,1,0,1,0,1,1
6702.115657,1,0,0,0,1,0,1,1,0
6703.749630,1,1,0,1,1,0,0,1,0
6709.525333,0,1,0,1,1,1,0,1,0
6716.244411,0,1,0,0,1,1,0,0,0
6725.688911,0,0,0,0,1,0,1,1,0
6726.076969,0,0,0,0,1,0,1,0,1
6726.379144,1,1,1,0,1,1,1,1,1
6728.379944,1,1,1,1,0,0,1,0,0
6737.415263,1,0,1,0,1,0,0,1,0
6738.723321,0,1,0,0,0,0,0,1,0
6748.294793,1,1,1,1,0,0,0,1,1
6755.920930,1,1,0,1,1,1,1,0,0
6760.627341,0,1,1,1,0,0,0,1,0
6763.367793,0,0,0,0,1,1,0,1,1
6763.727732,0,0,1,1,0,1,1,1,1
6772.434758,0,1,0,1,1,1,0,1,1
6775.472589,1,1,0,0,0,1,0,1,1
6784.636309,1,1,0,1,0,0,1,0,1
6791.303309,0,0,1,1,0,0,1,1,0
6793.080727,0,0,1,0,1,0,1,0,0
6799.696234,0,0,0,1,0,1,0,0,0
6807.404797,0,0,0,0,1,0,0,1,1
6815.188660,0,1,1,0,0,0,1,1,0
6819.173636,1,1,0,1,1,0,0,0,0
6824.174136,1,1,0,1,0,0,1,1,0
6832.507636,1,1,1,0,0,1,0,0,0
6833.924265,1,0,0,0,1,0,1,1,0
6835.465454,0,0,0,1,1,0,1,0,0
6837.672537,0,1,1,1,0,0,1,0,0
6842.797712,1,0,0,1,0,0,0,1,0
6852.185529,1,1,1,1,1,1,0,1,0
6855.324817,1,1,0,0,0,1,0,1,0
6857.903125,0,1,0,1,1,0,0,1,0
6861.337907,1,0,1,0,0,0,0,1,1
6868.944530,0,1,1,1,0,0,0,0,0
6873.933154,1,0,1,1,1,1,1,1,1
6876.475800,1,1,0,0,1,1,0,0,1
6883.400862,1,1,0,1,1,0,0,1,1
6890.845726,0,1,1,1,1,0,0,1,1
6898.945089,0,1,1,0,1,0,0,1,0
6899.779339,0,1,0,1,0,0,0,1,0
6902.038178,0,1,1,0,1,0,0,1,0
6907.455303,1,1,1,0,0,1,1,0,1
6909.047053,0,1,0,1,1,0,1,1,1
6917.442935,1,1,0,0,1,1,0,1,0
6920.953858,0,1,1,0,0,1,0,0,1
6927.119190,1,1,1,1,1,1,0,1,1
6929.889593,1,0,0,1,1,0,1,0,1
6935.535189,1,0,0,1,0,0,0,1,1
6939.624072,0,1,0,0,1,0,0,0,0
6948.022209,1,0,0,1,0,1,0,0,0
6955.931509,0,1,0,1,0,1,0,1,1
6962.492459,0,1,1,0,1,1,1,1,0
6966.347521,1,1,1,0,0,1,0,0,0
6969.198592,0,1,1,0,1,1,0,0,1
6977.018810,0,1,0,0,0,0,0,0,0
6986.648477,1,1,1,1,1,1,0,1,1
6993.648777,0,1,0,1,0,1,1,1,0
7000.001725,1,1,1,1,0,1,0,0,0
7000.340664,1,0,0,0,0,1,1,0,1
7000.422737,0,1,0,0,0,1,0,0,1
7009.953396,0,1,0,1,0,0,1,0,0
7009.994074,0,1,0,1,1,0,1,0,1
7014.430639,1,0,0,1,0,0,0,0,1
7022.295622,1,1,0,1,1,1,0,0,0
7026.747215,0,0,0,1,0,0,0,0,0
7033.051525,1,1,1,0,0,1,1,1,1
7040.819605,1,0,0,1,1,1,1,0,0
7044.779747,0,1,1,0,1,0,0,1,1
7052.542208,0,1,0,1,1,1,0,1,1
7056.241763,0,0,1,1,1,1,0,0,1
7064.846554,0,0,0,1,0,0,0,1,1
7065.457869,1,1,0,0,1,0,1,1,1
7071.393759,0,0,1,0,0,1,1,1,1
7072.994599,1,0,0,0,1,1,0,0,0
7076.901656,1,0,1,0,1,0,1,0,0
7084.997085,1,0,0,0,0,0,1,0,0
7090.468126,1,1,1,0,1,1,1,0,1
7096.623930,0,0,1,0,1,1,0,1,1
7101.707294,1,1,1,0,0,0,1,1,0
7110.781687,0,1,0,1,1,0,1,1,0
7110.931925,1,1,0,0,0,0,1,0,1
7117.182300,1,1,0,1,1,0,1,1,0
7123.254122,0,0,1,1,0,0,1,0,0
7130.342580,0,1,1,1,0,1,0,0,0
7133.190011,0,0,0,1,1,0,1,0,1
7136.411409,1,0,0,0,1,1,1,0,1
7136.457791,1,1,0,1,1,1,0,1,1
7142.058231,1,1,0,1,1,1,0,0,0
7147.934932,1,0,0,0,1,0,1,1,1
7150.895277,0,1,1,1,0,0,0,1,0
7153.623277,1,1,1,0,0,0,1,0,0
7160.700319,1,0,0,0,1,0,1,0,0
7167.161347,1,1,0,1,0,1,1,1,0
7175.567303,1,1,0,1,0,0,1,1,1
7179.545861,0,1,1,1,1,1,1,0,0
7182.994136,0,1,0,0,1,0,1,1,1
7189.174005,0,0,0,1,0,0,0,0,0
7196.244362,1,1,0,1,0,1,0,1,0
7199.939022,0,0,0,0,0,1,1,0,1
7206.088940,1,1,0,0,1,0,1,1,0
7208.106749,1,0,1,1,1,0,0,1,1
7210.655265,1,1,1,1,1,0,1,1,0
7220.462358,1,0,0,1,1,0,0,0,0
7230.302587,1,0,0,1,0,0,0,1,0
7230.765726,0,0,1,0,1,0,1,1,1
7231.914936,0,1,1,1,0,0,0,1,1
7239.212504,1,0,1,0,1,0,0,1,1
7241.021690,1,1,1,0,1,1,1,1,0
7242.312884,0,1,0,0,1,1,0,1,0
7249.441992,0,1,0,1,1,1,0,1,0
7256.537992,1,1,0,0,0,0,1,0,1
7260.699738,0,1,1,0,1,1,1,0,1
7263.271287,0,0,1,1,0,0,0,0,0
7270.533466,0,1,1,0,0,1,1,1,0
7271.586992,0,1,0,1,0,0,1,0,1
7278.204977,0,0,0,0,0,1,1,0,0
7286.711620,1,1,1,0,1,1,0,0,0
7292.706886,0,0,0,1,0,0,0,1,1
7298.448637,0,0,1,0,0,0,0,0,0
7304.764795,0,0,0,1,0,0,0,1,0
7313.899210,1,1,0,1,1,1,1,0,1
7314.716455,1,1,0,1,1,1,1,1,0
7317.184740,0,1,1,0,0,1,1,1,0
7320.078913,0,0,1,1,0,1,0,0,1
7328.361023,1,0,0,1,1,0,1,0,1
7332.858429,0,1,1,0,0,1,0,1,0
7339.288374,1,0,0,1,1,1,0,1,1
7346.163686,1,1,1,1,1,0,1,1,0
7352.269845,1,0,1,1,0,0,0,0,0
7357.901350,0,0,0,1,1,0,1,0,1
7360.475622,0,0,1,1,0,0,1,1,1
7364.561579,1,0,0,1,0,0,0,0,0
7365.053096,0,1,0,0,1,1,1,1,1
7371.295643,1,1,1,0,1,1,0,0,0
7372.471178,1,1,1,0,0,0,0,1,1
7379.754058,1,1,0,0,0,1,1,0,1
7389.628548,0,1,0,0,1,1,0,1,0
7391.460533,0,1,1,1,1,1,0,0,1
7397.060973,1,0,0,1,1,0,1,0,0
7401.299809,1,0,1,1,0,1,0,0,1
7406.951318,1,1,0,1,1,0,0,1,0
7408.009355,0,0,0,0,0,1,0,1,0
7417.888885,0,0,1,0,0,0,0,0,1
7421.712650,1,0,0,1,0,1,1,0,0
7426.079880,1,0,0,1,0,0,1,0,0
7434.301767,0,1,1,1,1,0,0,1,0
7442.619335,1,1,1,1,0,0,1,1,0
7446.206474,0,1,1,1,1,0,1,0,1
7450.577715,1,0,1,0,0,0,0,0,1
7451.957156,0,0,0,0,0,1,0,1,1
7460.350602,0,0,0,1,1,0,0,0,1
7462.807701,1,0,1,1,1,0,1,1,1
7470.398303,0,1,1,0,1,1,1,1,0
7472.072605,0,0,0,1,0,0,1,0,0
7476.642437,0,1,1,1,1,1,0,0,1
7480.501498,1,0,0,0,0,1,0,1,0
7488.406470,0,0,1,0,0,0,1,1,0
7491.796188,1,0,1,1,0,0,1,0,1
7494.204355,0,1,1,1,0,0,0,1,0
7498.923115,1,0,0,0,0,0,1,1,1
7506.972091,0,0,1,0,1,0,1,0,0
7514.658071,0,1,0,1,0,1,1,0,1
7522.929138,1,0,1,0,0,0,1,1,1
7527.429688,1,0,0,0,0,0,0,0,0
7528.881160,0,1,1,1,1,1,1,1,1
7529.307908,1,0,1,0,0,0,0,0,0
7530.538484,0,1,0,0,1,0,1,0,0
7537.927196,0,0,1,1,1,0,1,0,0
7542.725987,0,0,0,1,0,1,0,1,0
7552.232763,0,0,1,1,0,1,0,0,1
7555.251213,0,0,1,0,1,0,0,0,0
7564.906420,0,1,1,1,0,0,1,0,0
7572.498549,1,1,0,0,0,1,1,0,1
7579.196127,0,0,0,0,0,1,0,1,0
7584.581204,0,1,0,1,1,0,0,1,0
7584.778613,1,1,1,1,1,1,0,1,0
7594.324113,0,1,1,1,0,1,1,1,1
7594.842302,1,1,0,1,1,0,1,0,0
7602.133022,0,1,1,0,0,0,1,1,0
7608.406979,1,1,1,0,1,1,0,1,1
7614.630301,1,0,1,1,0,0,0,0,1
7622.634339,0,1,1,1,1,0,0,1,0
7624.662722,0,0,1,1,1,0,1,1,1
7626.964377,1,0,0,0,1,1,0,0,0
7635.348740,1,1,1,1,1,1,1,0,0
7645.300436,0,1,0,0,0,1,1,1,1
7649.492436,1,1,0,1,1,1,1,1,0
7653.134608,1,0,1,1,1,1,1,1,0
7656.956690,1,1,1,0,0,0,0,1,1
7660.761410,0,0,1,1,1,0,0,1,1
7667.786954,0,1,1,1,0,0,1,0,1
7674.115364,1,0,0,1,1,1,1,0,0
7683.505403,1,0,0,0,1,0,1,0,1
7690.586155,1,0,0,1,1,1,1,0,0
7699.950380,0,1,1,0,0,1,0,1,0
7701.789636,0,1,0,0,0,0,1,0,1
7707.624686,0,0,0,1,0,0,0,1,0
7711.327738,0,1,1,0,0,0,1,0,1
7713.102754,0,1,0,1,0,1,1,1,1
7719.877271,1,0,1,0,0,1,0,0,1
7726.476656,1,1,0,0,0,0,0,0,1
7736.248666,0,0,0,1,0,0,1,0,0
7745.929427,1,0,0,1,1,1,0,1,0
7753.126446,1,1,0,1,1,0,1,1,0
7758.709338,1,1,1,0,1,0,0,1,1
7764.648941,1,1,1,1,1,1,1,1,0
7766.649741,0,1,0,1,1,1,1,1,1
7774.957603,1,1,0,1,1,1,0,0,0
7779.597314,1,1,1,1,1,1,0,0,1
7788.111470,0,1,1,0,1,0,1,1,0
7796.916143,1,1,0,1,1,1,1,0,0
7798.594395,1,1,0,0,0,1,1,1,1
7803.594895,0,1,0,0,1,1,0,1,1
7804.367168,1,0,0,0,0,0,0,0,1
7810.406025,0,1,1,1,1,0,0,0,1
7814.505453,0,1,0,0,0,1,0,0,0
7819.608628,1,1,1,1,0,0,0,0,0
7826.727560,0,0,0,0,0,1,1,1,0
7834.844724,1,0,1,0,1,0,0,0,1
7838.091198,1,0,1,0,0,0,0,1,1
7841.425198,0,0,0,1,1,0,1,1,1
7842.920894,1,0,1,0,0,1,0,1,1
7849.958227,1,1,1,0,0,0,0,0,0
7857.918298,1,1,0,0,0,0,0,0,1
7866.069743,0,0,0,0,0,0,1,0,0
7872.629227,0,0,0,0,0,0,0,1,0
7881.704386,1,1,0,0,0,0,1,0,0
7888.472770,1,1,1,1,0,1,0,0,1
7897.507420,1,1,0,0,1,1,1,0,0
7903.697536,1,0,0,0,0,0,0,1,1
7904.037869,0,1,1,0,1,0,1,1,0
7907.853748,1,1,0,0,1,1,1,1,0
7912.734356,1,0,0,1,0,0,1,0,0
7917.033884,1,0,0,1,1,1,1,0,1
7921.384224,0,0,1,1,0,1,0,1,0
7930.629583,1,1,0,1,0,0,1,0,1
7932.081055,0,0,0,1,1,1,1,0,0
7938.211877,0,1,0,1,1,0,0,1,0
7946.502470,0,1,1,1,1,0,1,0,0
7950.856094,1,0,1,0,1,0,1,0,1
7951.143951,0,1,0,0,1,0,1,0,0
7953.840606,0,0,0,1,1,1,0,1,0
7954.015199,0,1,1,0,1,1,1,1,1
7954.558201,0,0,1,1,1,1,0,0,0
7956.729527,0,1,1,1,1,0,0,1,0
7963.221336,1,0,0,1,0,0,1,1,1
7971.652495,0,1,0,0,0,1,1,0,1
7975.002853,0,1,0,1,1,0,1,0,1
7978.328521,1,1,0,1,1,1,0,0,0
7978.776845,1,1,1,0,1,1,0,0,0
7984.215032,1,1,0,0,0,1,1,0,1
7989.908103,0,0,0,0,0,1,0,0,0
7994.785665,0,1,0,1,0,0,1,1,1
7996.831915,0,0,1,0,1,0,1,0,0
7999.291685,1,1,0,1,0,1,1,1,1
8002.294836,1,0,1,1,0,0,1,0,1
8008.431586,0,0,1,0,0,1,1,0,1
8011.886188,1,1,1,1,0,1,0,0,1
8016.533980,1,1,0,1,1,0,1,1,1
8026.186792,1,1,1,1,1,0,0,1,1
8034.674339,1,1,1,0,0,1,0,0,1
8040.641237,1,1,0,0,1,1,1,1,1
8050.612709,1,1,1,0,0,0,0,1,0
8060.048249,1,0,1,1,0,1,0,1,0
8069.350645,0,1,0,1,0,0,1,1,0
8079.302688,0,1,0,0,1,1,1,1,0
8081.703448,0,1,1,0,0,1,0,1,0
8086.635461,0,0,1,0,0,1,0,1,1
8089.886136,0,0,0,0,0,1,1,0,0
8099.525288,1,0,0,0,0,0,1,0,0
8101.905858,0,0,1,1,1,1,1,0,0
8108.744614,0,0,0,0,0,1,0,1,0
8117.350258,1,1,1,1,1,1,1,1,0
8117.600067,0,0,0,1,0,0,1,0,1
8122.260286,0,1,1,0,0,1,0,1,0
8128.363736,1,1,0,0,1,0,0,1,0
8129.400438,0,0,0,0,1,1,0,1,0
8136.556449,0,1,0,1,0,0,1,0,1
8146.532268,1,1,1,1,0,1,1,0,0
8152.732875,1,1,0,1,0,1,1,0,1
8162.621775,1,1,1,1,1,0,1,1,0
8167.444628,0,1,1,0,1,1,1,0,1
8169.263628,0,1,0,1,1,1,0,1,1
8170.899080,1,1,0,0,0,0,1,1,1
8176.185266,1,1,0,0,1,0,1,1,0
8179.266527,0,0,0,0,1,1,1,0,0
8183.857231,1,0,1,1,1,0,0,1,1
8188.332922,0,0,1,1,1,0,0,1,0
8194.842570,0,1,1,0,1,1,1,1,0
8203.592695,0,1,0,1,1,1,1,1,0
8209.895148,0,1,1,1,1,1,0,1,0
8217.478391,0,0,0,0,0,1,1,0,0
8218.326153,1,1,1,1,1,0,1,0,0
8225.871525,1,1,1,1,1,0,0,0,1
8235.283349,1,0,1,0,0,0,0,0,1
8236.390796,0,1,0,1,0,1,1,0,1
8239.797365,0,1,1,0,0,0,1,0,0
8241.805165,0,1,0,1,0,0,1,1,0
8245.815198,1,0,1,0,0,1,1,0,1
8248.964309,1,0,0,1,1,1,1,1,1
8258.361533,0,0,1,0,1,0,1,1,0
8261.352664,0,0,1,0,0,1,0,0,1
8266.695089,1,1,1,1,0,0,1,1,1
8276.349103,0,0,1,0,1,1,0,1,1
8279.694798,0,1,1,0,1,1,1,1,1
8285.215246,0,0,1,1,0,0,1,1,0
8287.337246,1,0,0,1,1,1,0,0,1
8293.644067,1,1,0,1,0,1,0,0,1
8294.671859,0,1,1,0,0,0,1,1,1
8302.104548,0,1,1,0,1,0,0,1,1
8304.222984,0,0,0,0,0,0,0,0,1
8313.237167,1,0,1,0,1,1,1,0,1
8317.919973,1,0,1,0,0,0,0,0,1
8325.697973,1,0,0,1,0,0,1,1,1
8331.626951,1,0,0,0,1,1,0,0,1
8335.122026,0,0,0,0,0,0,1,0,0
8343.473640,1,0,1,1,1,0,0,0,1
8344.963852,0,1,1,1,0,1,0,0,1
8346.471948,0,0,0,1,1,0,1,1,1
8352.021247,1,0,1,1,0,1,1,0,0
8359.705221,1,0,1,1,0,1,1,1,0
8361.816321,1,0,0,1,1,0,1,1,0
8365.092856,0,1,1,0,0,1,1,0,0
8369.229245,1,0,1,1,0,0,0,0,1
8370.575565,1,0,1,0,1,1,1,0,1
8372.886803,0,0,1,1,0,1,1,1,0
8374.535203,0,1,0,1,1,1,1,1,1
8379.241614,1,1,1,0,1,1,0,0,0
8383.590006,0,0,1,0,0,0,0,0,0
8386.966464,1,0,0,1,0,1,1,0,1
8391.695025,0,0,1,1,1,0,0,1,0
8393.742025,1,1,1,1,0,1,0,0,1
8394.624965,1,1,1,1,0,1,1,0,0
8395.420588,1,1,0,0,1,0,0,1,1
8400.712064,0,1,0,1,1,0,0,1,0
8408.287157,0,0,1,1,0,1,1,1,0
8414.287557,0,0,0,1,1,0,1,0,1
8422.413564,0,0,0,0,1,1,0,0,1
8428.916770,1,1,1,1,1,1,1,0,1
8433.062001,1,0,0,0,1,1,1,0,0
8434.610016,1,0,0,0,1,1,0,1,1
8437.797623,1,0,1,1,1,1,1,1,0
8446.235279,0,0,0,1,1,0,1,0,0
8450.945660,1,1,0,1,0,1,0,0,0
8453.081278,1,0,1,0,1,0,1,1,1
8458.484036,0,1,1,1,0,0,1,0,0
8466.822526,1,1,0,1,0,1,1,0,1
8474.038840,0,1,1,1,1,1,1,1,0
8474.959288,0,1,0,1,0,1,1,1,1
8483.868910,1,0,1,0,1,0,1,1,0
8486.298817,0,1,0,0,0,1,0,1,0
8488.352903,1,0,1,1,1,1,0,1,1
8495.605430,0,0,0,1,0,0,0,1,0
8500.860487,0,1,1,1,0,1,1,0,0
8505.146773,1,0,0,1,0,1,1,0,0
8511.606754,0,1,0,0,0,1,0,0,1
8518.010826,1,0,1,1,1,0,0,0,1
8526.136014,0,1,1,1,1,0,0,1,1
8532.695655,0,1,1,0,0,1,1,0,0
8536.731339,1,0,1,1,1,0,1,0,0
8546.514247,1,0,0,0,1,1,0,1,0
8547.748001,1,1,0,1,1,0,0,1,0
8552.156913,0,0,1,0,1,1,0,1,0
8560.969981,0,0,1,1,1,0,0,0,0
8564.516081,0,0,1,1,0,1,0,1,0
8571.139795,1,1,1,0,0,1,0,1,0
8580.169132,1,1,0,1,1,0,1,1,1
8586.728616,0,1,0,0,1,1,0,1,1
8594.014951,1,0,1,1,1,0,1,0,1
8602.590851,1,1,1,1,1,0,0,0,0
8607.136851,0,0,1,0,0,1,1,0,1
8610.643598,1,0,1,0,1,0,1,0,0
8616.740334,1,1,0,0,0,1,0,1,0
8618.054875,0,1,1,1,1,0,0,1,1
8627.491022,1,1,1,0,1,1,0,1,1
8632.296011,1,1,0,1,0,1,0,0,1
8632.297011,1,1,1,1,1,1,1,0,1
8637.979261,1,0,1,1,0,0,1,1,0
8641.031599,1,0,1,1,0,1,1,1,1
8650.302742,0,0,1,1,0,0,1,1,1
8657.820890,1,1,1,1,0,1,1,0,1
8662.933678,1,0,1,0,1,1,1,0,1
8667.507865,1,0,1,0,1,1,0,1,1
8669.981502,0,1,0,0,1,1,1,0,1
8673.245481,1,1,0,1,0,1,1,0,0
8678.079331,0,1,1,0,0,0,0,1,1
8685.322850,0,1,1,1,0,1,0,1,1
8691.865947,1,0,1,0,0,1,1,1,1
8697.066427,0,1,0,0,1,0,0,1,1
8697.723099,0,1,1,1,1,0,1,0,1
8700.892613,0,0,1,1,1,0,1,1,0
8707.092255,0,0,0,1,0,0,0,1,1
8713.913382,0,1,1,1,0,1,0,1,1
8718.847222,0,0,1,0,0,1,0,1,1
8722.729948,0,1,0,0,0,0,1,0,0
8731.014302,0,0,1,0,1,1,1,0,1
8735.753120,1,1,1,1,1,0,0,0,1
8744.048088,0,0,1,1,1,1,1,0,1
8746.665649,1,1,0,0,0,1,0,1,1
8750.742609,0,0,1,1,0,0,0,1,0
8754.665478,1,1,1,1,0,0,1,1,1
8754.666478,0,0,1,0,1,0,1,0,0
8761.781084,1,1,0,0,0,1,1,1,0
8762.842584,0,1,1,0,1,0,0,0,0
8770.635013,1,0,0,1,0,0,0,1,0
8771.382500,1,1,0,1,1,0,0,1,0
8779.477096,1,1,1,0,0,0,1,0,1
8787.543956,1,0,0,1,0,1,0,0,1
8796.333140,1,0,0,0,1,0,1,0,1
8797.397863,0,0,1,0,0,0,1,1,1
8800.168956,1,0,0,0,0,0,1,0,0
8809.556773,1,0,0,1,1,0,1,1,1
8810.568005,0,0,0,0,0,1,0,1,0
8812.738100,0,1,0,1,1,0,1,1,1
8817.846948,1,0,0,1,1,1,0,1,1
8819.886579,1,0,0,1,1,1,1,0,1
8825.823725,0,1,1,0,0,1,1,1,1
8831.491772,1,0,0,1,0,0,0,0,1
8838.663108,0,0,1,1,1,1,0,0,0
8840.050262,1,0,0,1,0,1,1,0,1
8846.050662,0,0,1,1,0,1,1,0,0
8855.126385,0,0,1,1,0,0,1,1,1
8863.121014,1,0,0,0,0,1,0,0,0
8872.346092,1,0,1,1,1,1,1,0,1
8881.819828,1,1,1,0,1,1,0,1,1
8888.933139,0,0,0,1,1,0,0,0,0
8895.146108,0,1,0,0,1,1,0,1,1
8898.131711,1,0,1,0,0,0,1,0,1
8898.486658,1,1,1,0,0,0,0,0,1
8908.144812,0,1,1,0,1,0,0,0,0
8915.137687,0,0,1,0,1,1,0,1,0
8918.237204,0,1,1,1,0,1,1,1,1
8926.476374,1,1,0,0,1,0,0,0,0
8930.939738,0,0,1,0,0,0,0,0,0
8934.459208,0,0,0,0,1,1,0,1,0
8938.167320,0,0,1,1,1,1,0,1,1
8940.868050,1,1,1,0,1,1,0,0,1
8948.226134,0,1,1,0,1,1,1,1,1
8951.497700,0,0,0,0,0,1,1,1,1
8952.927129,1,0,1,0,1,1,1,0,1
8957.141191,1,1,0,0,1,0,0,1,1
8965.706823,1,1,1,1,0,1,1,1,0
8969.185087,1,0,1,1,1,1,0,1,0
8969.299283,1,0,0,0,0,0,1,0,0
8979.133737,0,0,0,1,1,1,1,1,0
8980.134637,0,0,1,1,1,1,0,0,0
8988.899466,0,0,0,0,1,0,0,0,1
8996.527440,0,1,1,0,0,0,0,0,1
9005.797290,0,0,0,0,0,1,0,1,0
9014.304902,1,1,1,1,0,0,0,1,1
9014.305902,1,1,0,0,1,1,1,1,0
9015.778947,1,1,0,1,0,0,0,1,1
9018.557447,0,0,0,1,1,1,1,0,0
9026.557647,0,1,1,1,1,1,1,0,0
9028.429626,0,0,0,1,0,0,0,0,0
9037.724406,1,0,1,1,0,1,1,0,0
9044.193161,1,1,0,1,0,0,1,1,0
9050.831975,1,1,0,1,1,1,0,1,0
9054.928810,0,1,1,1,0,1,1,0,0
9064.502716,1,0,0,0,1,1,1,1,1
9073.477177,1,0,0,1,1,0,0,0,0
9083.248034,0,0,1,1,0,1,0,0,0
9092.317894,0,1,1,1,0,1,0,1,0
9094.851974,0,1,1,1,1,1,1,0,1
9101.948379,1,1,0,0,0,1,1,0,0
9110.562036,0,0,1,0,1,1,0,1,0
9116.546689,1,1,0,1,1,0,0,1,1
9116.958607,0,0,1,1,0,0,1,1,1
9120.369792,1,1,0,0,1,0,0,1,0
9126.216562,1,1,0,0,1,0,0,0,1
9135.833165,0,1,0,1,1,0,0,0,1
9140.698543,1,1,0,0,0,1,0,1,0
9141.784800,0,0,1,0,0,1,1,0,1
9151.430853,1,1,1,1,0,0,1,1,0
9152.753929,0,0,1,0,0,1,1,0,1
9157.166253,0,1,1,1,1,0,1,1,0
9166.868663,1,1,1,1,0,1,0,1,1
9170.710110,1,1,0,0,0,1,1,0,1
9180.525946,1,0,0,1,1,0,0,0,1
9186.460088,1,0,0,0,1,0,0,1,1
9189.632199,1,0,0,0,0,0,1,1,1
9190.636443,1,1,1,0,1,0,0,0,0
9191.857878,1,0,1,0,1,0,1,0,1
9195.858478,0,0,0,0,1,0,1,0,1
9197.758022,1,1,0,0,1,1,1,0,1
9202.373945,0,0,0,0,1,0,0,0,0
9210.697466,1,1,1,0,0,1,1,1,1
9220.091466,1,0,0,0,0,1,0,1,0
9224.442314,0,1,1,1,1,1,1,1,0
9233.518493,0,1,0,1,1,0,1,0,1
9237.930267,1,1,1,1,1,0,1,0,0
9242.138087,0,1,1,1,0,0,0,0,1
9249.993723,1,1,1,1,0,0,1,0,1
9256.485013,1,1,1,0,1,1,1,1,1
9259.568017,0,1,1,0,0,1,0,0,0
9260.355044,1,1,1,1,1,0,1,1,1
9263.869206,1,1,1,1,0,0,1,1,1
9273.316936,1,0,0,0,1,0,1,0,0
9274.969147,0,1,0,1,1,0,0,0,0
9281.289059,1,1,1,1,1,1,0,0,0
9289.146416,0,1,0,1,0,0,1,1,1
9289.842327,1,0,0,0,1,1,0,1,0
9290.061254,1,0,0,0,0,1,1,1,0
9298.691528,1,0,0,0,1,1,0,0,0
9304.528854,1,0,0,0,1,0,0,0,0
9309.650522,1,1,0,1,0,0,1,1,0
9319.120272,0,0,0,1,0,1,0,0,1
9328.687623,0,0,0,1,1,0,0,0,0
9337.395017,1,1,1,1,0,1,0,0,1
9342.510185,1,1,1,0,0,1,1,1,0
9350.288185,1,1,0,1,1,0,1,0,1
9359.573970,1,0,1,1,1,1,1,0,1
9368.574070,1,0,1,1,0,0,0,1,1
9368.792440,1,0,0,0,0,0,0,0,0
9372.781805,0,0,0,1,0,0,1,1,1
9376.115805,0,0,1,0,1,1,0,1,0
9385.650735,0,0,0,1,1,0,0,1,0
9388.833235,1,0,0,1,0,1,1,0,0
9395.532595,0,0,0,0,1,0,0,0,1
9398.317466,0,0,1,0,0,1,1,0,1
9401.190520,0,0,0,0,0,0,1,1,0
9403.088863,1,1,0,1,1,1,0,1,0
9406.632816,1,0,1,0,0,1,1,1,1
9408.195174,1,0,1,0,1,1,0,0,0
9410.726854,0,0,0,0,0,0,1,0,0
9418.529131,0,0,1,0,1,1,1,0,1
9420.923627,0,0,1,0,1,1,1,0,1
9423.798924,1,0,1,0,0,0,1,0,0
9433.788814,0,1,1,1,0,0,0,0,1
9441.989508,1,0,0,0,0,1,0,1,0
9448.973568,1,1,1,1,0,0,1,0,0
9455.958863,1,1,1,1,0,0,0,1,0
9464.697992,0,0,0,0,1,1,1,0,1
9471.754124,0,1,0,0,1,0,0,0,1
9471.755124,0,1,1,1,1,0,0,1,0
9476.815379,1,1,0,1,0,1,1,0,0
9482.315829,0,1,1,0,1,1,0,1,1
9487.677370,1,1,1,1,1,0,1,1,1
9495.168787,0,1,0,0,1,0,0,1,1
9502.169087,0,0,0,1,1,0,1,0,0
9505.911209,0,0,1,0,0,0,1,0,1
9514.478363,0,0,0,1,0,1,0,0,1
9516.176893,0,1,1,0,1,1,0,0,0
9522.712123,0,1,0,0,0,1,0,1,1
9526.830358,0,1,1,0,0,1,1,1,0
9534.014905,0,1,0,1,1,0,1,0,0
9534.834476,1,1,1,1,1,1,1,1,0
9540.899910,0,1,1,1,1,1,1,1,0
9545.041341,0,0,1,0,0,1,0,1,1
9554.416403,0,1,0,0,1,1,0,1,0
9555.383216,1,0,0,1,1,1,1,1,0
9562.225637,1,1,1,0,1,0,0,1,1
9566.907020,1,1,1,0,1,0,1,0,1
9568.557754,0,1,0,0,0,0,0,0,0
9578.143288,1,1,0,0,0,0,1,0,1
9581.276505,0,0,0,1,1,0,1,0,0
9584.818817,1,1,1,1,0,0,0,1,1
9589.227271,1,0,0,1,0,0,1,1,0
9590.724720,1,1,1,1,1,1,1,0,1
9592.755593,1,0,1,0,0,0,0,0,0
9600.619884,0,0,1,0,0,1,1,0,1
9609.228861,1,0,1,0,1,1,0,0,1
9609.229861,1,1,0,1,1,1,0,1,0
9612.443753,0,0,0,0,1,1,1,1,0
9621.534753,1,1,1,0,0,0,1,1,1
9628.775427,1,0,0,1,0,1,0,0,0
9632.573800,1,1,0,1,1,0,1,0,0
9634.945992,1,0,1,1,0,1,0,1,1
9635.999518,1,0,0,1,0,0,0,1,1
9645.339584,0,0,0,0,0,1,1,1,1
9646.767567,1,1,0,0,0,1,0,1,0
9652.682718,0,1,0,0,1,1,0,0,0
9660.820159,1,0,1,0,1,1,1,1,0
9661.370123,1,0,0,1,1,1,0,1,0
9662.452096,1,0,1,1,1,1,1,0,1
9666.356552,0,1,1,1,0,0,1,0,0
9668.111763,0,0,1,1,1,0,1,1,0
9669.607630,0,1,0,0,0,1,1,0,1
9672.191344,1,0,0,1,1,1,0,0,1
9679.114729,1,1,0,1,0,1,1,1,0
9687.287557,0,0,0,1,0,1,0,0,1
9694.057390,1,1,0,1,1,0,0,0,0
9696.433153,1,0,1,1,0,1,1,1,1
9700.684409,0,1,0,0,1,1,0,1,0
9707.579129,1,0,0,1,1,1,1,0,1
9713.492582,1,0,1,0,1,0,1,1,0
9716.795039,1,1,1,1,0,1,1,0,0
9720.279638,0,1,1,0,1,0,1,1,0
9726.819181,0,1,1,0,0,0,1,0,1
9731.490044,1,0,0,0,0,1,0,1,0
9736.018893,0,0,1,1,0,1,1,0,1
9737.399963,1,0,1,0,1,1,1,1,0
9741.303276,1,0,0,1,1,0,1,0,1
9749.764968,1,0,0,0,0,0,0,1,1
9752.636847,1,1,0,1,0,0,1,1,0
9753.380845,1,0,1,1,0,1,1,1,1
9757.200765,0,0,0,1,0,0,1,1,1
9761.271358,0,0,0,1,0,0,1,1,1
9762.307201,1,0,1,1,0,0,0,0,1
9772.090504,0,0,1,1,0,0,1,0,0
9772.142847,0,1,1,1,0,0,1,1,1
9781.452195,0,0,1,0,0,0,0,0,0
9790.719873,1,0,0,0,0,0,1,1,0
9794.888289,1,0,1,0,1,0,1,1,1
9799.371599,1,1,0,0,0,1,0,0,0
9807.549919,1,1,0,1,1,0,1,1,1
9808.824001,1,0,0,0,0,1,1,0,1
9817.207396,0,1,0,1,0,0,0,0,1
9817.410554,0,0,0,0,1,1,1,1,1
9825.846173,1,1,1,0,1,0,1,1,1
9831.373939,1,1,0,1,1,0,0,1,1
9832.570039,0,1,0,1,1,0,0,0,0
9834.280982,0,1,1,1,1,0,1,0,1
9840.902574,1,0,1,0,1,0,1,1,0
9843.409919,1,1,0,0,0,1,0,0,0
9853.364262,1,1,1,1,1,0,1,0,1
9859.294246,0,0,0,1,0,1,1,0,0
9866.457991,0,0,1,1,0,1,1,1,0
9871.276691,0,0,0,1,1,0,1,1,1
9874.780166,1,1,1,0,1,1,1,0,1
9878.601922,0,0,0,1,0,1,1,0,1
9880.734370,1,1,0,1,0,1,1,0,1
9885.181930,1,1,0,1,0,1,0,0,0
9894.723363,1,0,0,1,0,0,0,0,0
9896.576909,0,1,1,0,1,1,0,0,1
9898.566661,0,1,0,0,1,1,0,0,0
9905.945200,0,1,0,0,0,1,0,1,0
9906.643100,0,0,0,1,1,0,1,1,1
9911.643600,0,0,0,1,0,1,1,1,0
9914.275916,0,1,1,0,0,1,0,0,0
9919.649513,1,0,0,0,1,1,1,1,0
9920.677026,0,1,1,0,0,0,1,0,1
9930.297558,0,1,0,1,0,0,0,0,1
9931.058286,0,0,1,0,1,0,1,1,0
9938.208830,0,0,0,1,1,0,1,0,0
9938.209830,0,0,1,1,1,0,0,0,0
9938.563735,1,1,0,1,1,0,0,0,0
9939.712162,0,0,0,0,1,0,0,1,0
9942.448314,0,0,1,1,1,0,0,1,0
9951.891748,0,1,0,0,0,1,0,0,1
9956.688187,1,1,1,0,1,0,0,1,0
9959.188937,0,1,1,0,1,0,1,1,0
9966.912200,1,1,0,1,1,1,1,1,1
9975.067424,0,1,0,1,0,0,0,0,1
9976.710050,0,0,1,0,0,0,0,1,1
9984.823037,1,0,0,0,1,1,0,0,0
9989.816405,1,0,0,1,1,0,0,1,1
9993.345508,0,0,0,0,1,1,1,0,0
9999.183913,0,1,1,0,1,1,1,0,1
