t,finish1,finish2,finish3,release1,release2,release3,start1,start2,start3
7.179487,1,1,0,1,1,1,1,1,0
11.180087,1,1,1,1,1,0,1,1,1
19.840015,0,0,0,1,0,1,1,0,1
24.358764,1,1,0,1,1,1,0,1,0
33.358864,1,0,0,0,1,1,1,1,1
41.560595,0,0,0,1,0,1,0,0,0
49.371392,0,0,1,0,0,0,0,0,0
52.406571,1,0,1,1,1,1,1,0,0
57.389022,1,0,1,0,1,1,1,1,1
59.395995,1,0,0,1,1,0,1,0,0
64.318897,1,0,1,1,1,1,1,0,1
69.933371,1,0,0,1,1,1,1,1,0
72.743079,0,1,1,1,0,0,0,1,1
77.671122,0,0,0,1,0,1,0,0,0
83.846439,1,1,0,1,1,1,1,1,0
88.934140,0,0,0,1,0,1,0,0,0
96.413146,0,1,0,0,0,1,1,0,0
101.822547,0,0,0,1,0,0,1,1,1
105.329983,1,0,1,1,0,0,0,0,1
107.107122,0,0,1,1,1,1,1,1,1
111.382747,0,0,1,1,0,0,0,1,0
115.498474,1,0,1,0,0,1,1,0,1
123.100340,1,1,0,0,0,1,0,0,0
131.637318,1,0,0,0,0,1,1,0,0
138.304318,1,0,1,0,1,1,0,0,1
142.759418,1,1,1,1,0,0,1,0,1
144.304207,1,1,0,1,1,0,1,1,0
147.178869,0,0,0,1,0,1,0,1,1
151.623869,0,1,1,0,0,1,0,0,0
160.885688,0,1,0,0,1,1,1,1,1
166.024713,0,1,1,1,1,0,0,0,1
175.191463,1,0,0,1,1,0,0,1,0
176.160108,0,0,1,1,1,0,1,0,0
179.501735,0,0,1,0,1,0,0,0,1
186.425120,0,1,1,1,0,1,1,1,1
194.269647,1,0,0,0,1,1,0,1,0
194.556332,0,1,0,0,0,0,1,0,1
197.382535,1,0,1,0,0,0,0,1,0
197.498466,0,1,1,0,0,1,1,1,1
198.332716,0,1,1,0,1,0,0,1,1
207.189973,1,1,1,0,1,1,1,1,1
210.089842,1,1,0,0,1,1,1,0,0
211.270500,1,1,1,1,0,0,0,1,1
215.018329,0,1,0,1,0,0,0,0,0
223.840760,1,1,0,0,1,1,1,0,1
224.892443,0,0,1,0,1,0,1,1,0
226.942419,0,1,0,0,0,1,0,1,1
234.613885,1,0,0,1,1,1,0,1,1
235.018885,0,1,0,1,0,1,0,0,0
243.348518,1,1,1,0,1,1,1,0,0
246.652457,0,1,0,1,0,0,0,0,1
253.529846,1,0,1,0,0,0,1,1,1
254.534330,0,1,0,0,1,0,0,0,1
263.218672,1,0,0,0,0,0,1,0,0
264.161282,1,0,0,1,0,0,1,1,0
266.690526,0,0,0,0,1,0,0,1,1
266.718921,0,1,1,0,0,0,0,0,0
270.311682,0,0,0,1,1,1,0,0,1
271.748709,1,0,0,0,0,1,1,1,1
280.872392,0,0,1,1,0,0,1,0,0
286.570033,0,0,0,0,1,0,0,1,1
289.258937,1,1,1,1,1,0,1,1,0
297.780211,1,0,1,1,0,0,0,0,1
298.349106,0,0,0,1,1,1,0,0,0
304.973782,1,0,0,0,0,0,1,0,0
307.507641,0,0,1,0,1,1,0,1,1
313.950540,1,1,0,0,1,0,0,1,0
323.679434,0,0,0,1,0,1,0,1,1
331.610676,0,1,0,0,0,1,1,0,1
336.755927,0,1,1,0,0,0,1,0,0
341.138512,0,0,1,1,0,1,1,0,0
347.858658,1,0,1,0,0,1,0,0,1
357.055658,1,0,1,1,0,0,0,0,0
363.892590,0,1,1,0,1,1,0,1,0
366.990055,1,1,1,1,1,1,0,0,1
373.366822,1,1,0,1,1,1,1,0,0
377.726667,0,0,1,0,0,1,0,1,0
379.564218,0,1,1,0,1,0,1,1,0
382.976950,1,0,1,0,1,1,0,0,1
386.832784,1,0,1,1,0,0,1,0,1
390.088667,1,1,0,1,0,1,1,1,1
400.014047,0,1,0,0,1,1,0,1,1
402.199444,0,0,0,1,1,0,1,0,1
405.517648,1,1,0,1,1,1,1,0,1
406.419721,0,0,0,1,0,0,0,0,0
414.613662,0,0,1,1,0,0,1,0,0
419.953933,0,1,1,0,0,1,1,0,0
428.749235,0,0,1,0,0,1,1,0,1
432.868961,1,0,1,0,1,0,0,0,0
440.073541,1,0,0,1,0,0,0,0,1
440.208756,0,0,0,1,1,1,1,0,0
445.240859,1,1,0,0,0,1,1,1,1
451.502494,1,1,0,1,0,1,1,1,1
460.715263,0,0,1,1,1,1,0,0,0
465.982009,0,0,0,1,1,1,1,1,0
468.101441,1,1,1,0,1,1,1,0,0
473.574731,1,1,0,1,0,0,1,1,1
477.192391,0,0,1,1,0,0,0,0,1
481.505459,0,0,0,1,0,0,0,1,1
488.157968,1,1,0,1,1,1,0,0,1
494.603032,1,1,1,0,1,1,0,1,1
500.319901,1,0,0,1,0,0,1,1,1
501.578637,0,1,0,0,1,1,0,0,0
502.266853,1,0,1,1,0,0,1,0,1
506.505267,0,0,1,0,1,1,0,0,0
509.894045,0,1,1,0,0,0,0,1,1
511.231317,0,0,1,0,1,1,0,1,1
517.443195,1,0,0,0,0,0,0,0,1
522.479152,1,1,0,0,1,1,1,0,0
528.830714,0,0,0,1,1,0,0,1,0
529.306987,0,1,0,1,0,1,0,0,0
534.934304,1,1,0,1,0,1,0,1,1
535.619447,1,0,0,0,0,0,1,1,1
543.769766,1,0,1,1,0,0,1,1,1
551.943464,0,1,0,0,0,0,1,0,0
558.355944,1,0,1,0,1,1,1,0,1
568.079998,0,0,1,1,1,0,1,0,1
576.711587,1,0,0,1,1,0,1,0,0
580.352120,1,1,1,0,0,0,0,1,1
580.656120,1,0,0,1,1,1,1,0,1
587.334939,1,0,0,1,0,1,1,0,0
591.122480,0,1,1,1,0,0,1,0,1
592.482861,1,0,1,1,0,1,1,0,0
601.905995,1,0,1,1,0,1,0,0,1
611.234126,1,0,0,0,1,0,0,1,1
611.819397,0,0,1,1,0,0,1,1,0
615.686289,0,1,1,0,0,0,0,1,0
619.293486,0,0,1,0,1,0,0,0,0
627.637362,1,1,0,1,1,1,0,0,1
635.654710,1,1,1,0,1,1,1,0,0
636.208035,0,1,0,1,1,0,0,1,0
642.929011,0,0,1,0,1,1,0,1,0
650.737449,1,0,1,1,1,1,1,1,1
653.430488,0,1,0,0,0,1,0,1,1
658.097688,1,1,0,1,0,1,1,0,0
666.792300,0,0,1,0,1,1,1,1,0
673.756392,1,0,0,1,1,1,1,0,1
681.433392,1,0,0,0,0,1,0,1,0
685.910689,1,1,0,0,0,0,1,1,0
689.030780,0,1,0,1,0,0,1,1,1
693.396964,1,0,0,0,0,0,0,0,0
698.154951,1,1,1,0,0,0,1,0,0
707.027965,0,0,1,1,0,0,0,1,1
708.115813,1,0,1,1,1,1,1,0,0
717.203684,0,1,1,1,0,1,1,1,0
717.204684,1,0,0,0,0,1,0,1,1
721.443671,1,1,0,1,0,0,1,1,0
730.015242,0,1,0,1,1,0,1,0,1
733.780377,0,1,0,1,0,1,1,1,0
739.828016,0,0,0,0,1,0,1,0,0
740.942963,0,0,0,0,0,1,0,1,1
744.840816,1,1,1,0,1,1,0,0,0
745.239128,1,0,1,1,0,0,0,0,0
754.912363,1,1,0,0,1,0,0,1,0
759.852507,0,1,1,0,1,1,1,0,0
763.603132,0,0,1,1,0,1,1,1,1
764.478134,0,0,0,1,0,1,1,0,1
772.612431,1,1,1,1,1,0,0,1,1
780.881835,0,1,1,0,0,0,0,0,0
783.142084,1,0,0,1,0,0,0,0,1
784.329909,1,0,0,1,0,0,0,0,0
791.719644,0,1,1,0,1,1,0,0,0
799.929823,0,0,0,1,0,0,0,0,1
808.176843,0,0,0,0,0,0,1,1,1
815.177143,0,1,0,0,1,1,0,0,0
817.906505,1,0,1,1,1,1,0,0,0
823.032892,1,1,1,1,1,0,1,1,1
830.122735,0,0,0,0,0,0,0,0,1
832.204746,1,0,0,1,0,1,1,1,1
838.896526,0,1,1,1,0,1,1,0,1
839.576471,1,0,1,0,1,1,0,0,0
845.940471,0,0,0,1,0,1,0,0,0
852.607471,1,1,1,1,0,0,1,1,0
859.555144,0,1,0,0,1,1,1,0,0
860.625996,0,1,0,0,0,0,0,1,1
864.908684,0,1,1,0,0,1,0,1,0
873.977989,1,0,0,1,1,1,0,0,1
881.720151,1,1,1,1,0,1,1,1,1
882.042318,0,0,0,1,1,1,0,0,0
887.256211,0,1,0,1,1,0,1,1,1
887.257211,1,1,1,0,1,0,1,1,1
896.383512,1,0,0,1,0,0,1,1,1
899.617271,0,0,1,1,1,0,1,0,0
907.931791,1,1,1,0,1,0,0,0,0
917.620590,1,0,1,1,1,0,1,1,1
924.843090,0,1,1,0,1,1,0,0,0
931.159248,0,1,0,1,0,1,0,1,1
935.896617,1,0,0,0,0,1,1,1,0
940.024188,0,1,0,1,0,1,1,0,0
943.442006,0,0,0,1,0,0,0,0,1
950.469904,0,0,0,0,0,0,1,1,1
952.763094,1,1,1,0,0,0,0,1,1
953.746654,0,0,1,0,0,1,1,0,0
961.410706,0,1,0,1,1,0,1,0,0
968.354919,0,0,1,0,1,1,0,0,1
973.984495,1,0,1,1,1,0,0,1,1
979.439495,0,0,0,0,1,1,1,0,1
979.690470,0,0,1,1,1,1,1,1,0
981.880946,0,0,1,0,1,1,0,1,0
983.232105,0,1,0,0,0,1,1,1,0
986.382790,1,0,1,0,0,1,1,0,0
991.716590,0,0,1,1,1,0,0,0,0
996.429349,0,1,1,0,0,1,1,0,1
999.083145,1,0,0,1,0,0,1,0,1
1006.130641,0,0,0,1,0,1,0,1,1
1012.276104,0,0,1,0,0,0,1,1,1
1019.264357,0,1,0,1,1,1,0,1,1
1020.339630,1,0,1,0,0,1,0,1,1
1022.840380,1,1,1,1,0,0,0,0,0
1024.277700,0,1,1,1,1,0,0,1,1
1030.556520,1,0,0,1,0,0,1,0,0
1038.413877,0,1,0,1,1,0,0,1,1
1038.797980,0,1,0,0,1,0,1,1,0
1039.947252,0,0,1,0,1,0,0,0,0
1042.326531,0,0,0,0,1,1,0,1,0
1045.313181,0,1,1,1,0,0,1,0,0
1051.511092,1,1,0,1,0,0,1,0,1
1055.253440,0,0,0,1,0,1,0,1,0
1064.457859,0,1,1,1,1,1,1,1,0
1071.048239,0,1,1,0,1,1,0,0,0
1071.658630,1,0,0,0,0,1,1,1,0
1071.872375,1,0,0,1,0,1,0,0,1
1074.131214,1,0,0,1,0,1,0,0,0
1084.013579,0,0,1,0,1,1,0,0,1
1086.834809,1,0,1,1,1,0,1,0,0
1087.921843,1,0,0,0,0,1,0,0,0
1095.312348,0,1,0,1,0,1,0,1,1
1103.167292,0,1,1,0,1,0,1,1,1
1109.092512,0,1,1,0,1,1,1,0,0
1111.635630,1,0,0,0,0,0,0,1,0
1119.754630,1,1,0,0,0,0,0,0,1
1126.353436,0,0,0,1,0,0,0,1,1
1135.594891,0,0,0,1,1,1,1,1,0
1138.044626,0,0,0,0,1,1,0,1,1
1147.986627,0,1,1,1,0,0,0,0,1
1150.706388,0,0,1,1,0,1,0,0,0
1153.650817,1,0,0,0,0,1,1,0,1
1155.464213,1,1,0,0,1,0,1,0,1
1163.892318,1,0,1,0,0,0,1,1,1
1168.216493,0,1,1,1,0,0,1,0,1
1170.502305,1,0,0,1,1,0,1,0,0
1177.293993,0,1,0,1,1,0,1,0,1
1177.967473,1,0,0,0,1,1,1,0,0
1181.264023,1,1,1,0,0,0,0,0,1
1182.273326,0,1,0,1,1,1,0,0,0
1183.804516,1,0,1,0,0,0,1,0,1
1190.475396,0,1,0,1,1,1,0,0,0
1198.913052,1,0,1,1,0,1,0,1,0
1207.532437,0,1,1,1,1,0,0,0,0
1215.831180,1,1,1,0,0,0,1,1,0
1224.292872,0,1,1,0,0,1,1,1,1
1234.001356,0,1,1,0,1,0,0,1,1
1242.716009,0,1,1,0,0,1,0,1,0
1249.581994,1,1,1,0,0,0,1,1,1
1250.913796,0,1,1,1,0,1,1,1,1
1258.288536,0,0,1,1,1,1,0,0,1
1266.858001,1,0,0,0,1,1,0,1,0
1273.263496,0,1,0,1,1,0,1,0,1
1280.714731,0,0,1,1,0,1,1,1,0
1286.215181,0,1,0,0,0,0,1,1,0
1294.624119,0,1,1,0,1,1,0,0,0
1300.338833,1,1,1,0,1,1,0,1,1
1303.733068,0,1,1,0,0,1,0,1,1
1305.903343,0,0,1,1,0,1,0,0,0
1307.973102,1,0,0,1,1,1,0,0,1
1312.083002,1,0,1,0,1,1,0,0,0
1312.218669,0,0,1,0,0,0,0,0,0
1315.780359,0,0,1,1,0,0,1,1,1
1316.239429,0,0,1,0,0,0,0,0,0
1324.537471,1,0,0,0,0,0,0,0,0
1325.913334,1,1,1,0,1,0,1,0,0
1333.481145,0,0,1,0,1,0,0,0,1
1335.115447,1,1,1,1,0,1,1,1,1
1336.136754,1,0,0,0,1,1,1,0,1
1337.704417,1,0,1,1,0,1,0,0,0
1347.279623,0,1,0,0,1,1,0,1,0
1347.877055,0,0,1,0,0,1,1,1,1
1350.139733,0,0,1,0,1,0,0,1,1
1357.812816,1,1,0,0,1,1,1,0,0
1365.377019,0,1,0,1,0,0,0,1,0
1374.820330,0,0,0,0,0,0,0,0,1
1382.115886,1,0,1,1,1,1,1,1,1
1391.952414,0,0,1,0,0,0,1,1,0
1399.209182,0,0,0,1,0,1,0,1,0
1406.119467,1,1,0,0,1,0,1,0,1
1408.678994,0,1,1,1,0,1,0,1,0
1418.525378,1,1,1,1,1,0,1,1,1
1425.865669,0,0,1,0,0,0,0,0,1
1427.140580,0,0,0,1,0,0,1,0,1
1434.037442,1,0,0,1,0,0,0,0,0
1436.538192,0,0,1,1,1,1,1,0,1
1443.638482,1,1,0,0,0,0,1,1,1
1453.339811,0,1,0,1,1,0,1,0,1
1463.124778,1,1,0,0,0,1,1,0,0
1470.755589,0,0,1,0,1,0,1,1,0
1475.406236,1,0,0,0,1,0,0,1,0
1484.769357,0,0,0,1,0,1,0,0,1
1490.634354,1,1,1,0,1,0,0,0,0
1497.849448,0,0,1,1,0,1,1,1,0
1502.448326,1,1,1,0,1,0,0,0,0
1508.039318,0,0,0,1,0,0,1,0,1
1515.297657,1,0,0,0,1,1,0,1,1
1519.823896,0,1,1,1,0,1,0,1,1
1526.903104,1,0,0,1,1,1,0,0,1
1531.924744,1,1,1,0,0,0,0,1,1
1541.570797,1,1,0,0,1,0,0,0,0
1549.901899,0,0,1,0,0,1,1,1,0
1557.689731,0,0,0,0,0,1,1,1,0
1559.371235,0,1,1,0,0,1,0,0,1
1561.069596,0,1,0,0,1,1,0,0,0
1570.990344,1,1,0,0,1,1,0,0,1
1576.081088,1,0,0,0,1,0,1,1,0
1579.203947,1,1,0,1,0,1,1,1,1
1581.204747,0,1,0,1,1,0,0,0,0
1584.167283,1,1,0,0,1,0,1,1,0
1593.727076,0,1,0,1,0,1,1,1,0
1597.727676,1,0,0,1,0,0,0,1,1
1607.615579,0,0,0,1,0,1,1,0,1
1611.449049,0,0,1,0,1,0,0,0,1
1615.622564,0,1,1,1,0,1,1,1,1
1625.039872,0,0,1,0,0,1,0,0,1
1633.950872,1,1,1,1,1,0,1,1,1
1639.836115,1,0,0,1,1,1,1,0,1
1649.120006,1,0,1,0,1,1,1,1,0
1656.194373,0,0,0,0,0,1,1,0,1
1662.290653,0,1,0,0,0,0,0,0,0
1670.121449,1,1,1,0,1,0,1,1,1
1678.464472,1,0,1,0,1,0,0,0,1
1687.391325,1,1,1,1,0,1,1,0,1
1694.313923,0,0,0,0,0,1,1,0,1
1699.043401,0,0,1,1,1,0,0,0,1
1701.564607,0,0,0,1,0,1,0,0,0
1705.141744,1,0,0,0,0,1,1,1,1
1714.870835,1,1,1,1,0,0,0,0,0
1723.446246,1,1,1,0,0,1,1,0,0
1726.566540,1,0,1,1,1,1,1,1,1
1736.040277,0,1,1,1,0,0,1,1,0
1741.282858,1,0,1,0,1,1,1,1,0
1745.463665,0,0,0,1,1,1,1,1,1
1753.902583,1,0,1,0,0,0,0,1,0
1759.811064,1,1,1,0,1,1,0,0,0
1765.030840,1,1,0,0,0,1,0,1,1
1766.624601,0,0,1,0,1,0,1,0,1
1776.555164,0,0,0,1,1,0,1,0,1
1785.839245,0,1,1,0,0,0,0,0,1
1789.768423,0,1,0,0,0,1,0,0,1
1799.641854,0,1,0,1,0,0,1,0,0
1802.710845,0,0,1,1,1,0,1,0,0
1805.826287,0,1,1,0,0,0,0,1,0
1815.013596,0,0,0,1,1,0,1,0,1
1817.297473,0,1,0,0,0,1,0,1,0
1821.718544,1,0,1,0,1,1,0,0,0
1828.196391,0,0,1,0,0,0,0,0,1
1835.364816,0,0,0,1,0,0,1,0,0
1840.587281,0,1,1,1,0,0,1,1,0
1846.222638,0,0,0,1,0,0,1,0,1
1855.031268,0,0,1,1,0,1,1,0,0
1861.849768,1,1,0,1,1,1,0,1,0
1871.402052,1,1,1,1,0,1,0,1,0
1871.845812,0,0,0,1,1,1,0,1,1
1880.197625,1,1,0,0,0,0,1,1,1
1880.718191,1,0,1,0,1,1,0,1,1
1885.997770,1,0,1,1,1,0,1,1,1
1895.310816,1,0,1,1,1,0,0,1,0
1896.517611,1,1,1,0,0,0,0,0,0
1903.386056,1,0,0,1,1,0,0,0,1
1908.180069,0,1,1,0,0,1,0,1,1
1915.751740,0,1,1,1,1,1,0,0,1
1921.161004,0,1,1,1,1,0,1,1,1
1923.113029,0,0,0,1,0,1,1,1,0
1927.643490,0,1,1,1,0,0,0,0,0
1928.633402,1,1,0,0,1,1,1,0,1
1937.174957,1,0,1,0,0,1,0,1,0
1946.993157,1,1,0,0,0,0,0,0,0
1952.442714,0,0,1,1,1,1,1,1,1
1960.479720,1,0,0,0,1,1,0,1,1
1963.031297,0,1,1,1,0,0,1,0,0
1966.435098,0,1,0,1,0,0,0,0,0
1969.743628,0,1,0,1,1,1,1,0,1
1976.697057,0,1,1,0,0,1,0,1,1
1986.103896,1,1,1,1,1,1,0,1,0
1995.677110,1,0,0,0,0,0,1,0,1
1999.121374,1,1,1,0,1,0,0,1,0
2004.003919,1,0,1,0,0,1,0,0,0
2011.071451,1,0,0,0,1,0,1,1,0
2013.914880,0,0,0,0,0,0,0,0,1
2016.326986,0,0,0,0,1,0,1,1,1
2024.649522,1,1,1,0,1,1,0,1,1
2029.322952,0,0,0,1,1,0,1,0,0
2029.972952,1,0,0,0,1,1,1,1,0
2033.265548,1,1,0,0,1,0,1,0,1
2037.919144,1,1,0,1,1,0,1,1,0
2038.548653,1,0,0,0,0,0,0,0,1
2039.408390,1,1,1,0,1,1,0,0,1
2047.159055,1,1,1,1,0,0,0,1,0
2053.662984,0,1,0,1,1,0,1,0,1
2054.686609,0,1,0,0,1,0,0,1,1
2057.865730,1,0,0,1,0,0,0,0,1
2067.637182,0,1,0,1,1,1,1,1,1
2070.068708,1,1,1,1,1,1,0,1,1
2070.370882,1,1,0,1,1,0,1,1,0
2078.958113,1,1,1,0,0,0,0,1,0
2080.931705,0,0,1,0,1,0,0,1,0
2084.518553,1,1,1,0,1,1,1,0,0
2091.568848,1,0,1,0,0,1,0,0,0
2092.944281,0,1,0,1,1,0,1,1,1
2101.673690,0,1,0,1,0,0,0,1,0
2107.967283,1,0,0,1,1,1,0,1,1
2116.242874,1,1,0,1,1,1,1,1,0
2125.096199,1,1,1,0,1,1,1,1,1
2127.926881,1,0,0,0,1,0,0,1,0
2130.178679,1,1,1,0,0,1,0,0,1
2134.102934,1,1,1,1,0,1,1,0,1
2137.407175,1,1,0,1,1,1,0,1,0
2143.123700,0,1,0,0,1,0,0,1,1
2146.529378,0,0,0,1,1,0,0,0,0
2154.960709,1,1,0,0,0,0,1,1,0
2163.271380,1,1,0,0,1,0,1,1,0
2172.640812,1,0,1,0,1,0,1,1,1
2176.979407,1,0,1,1,1,1,0,1,1
2180.730032,1,1,0,0,1,0,1,0,1
2182.428975,0,0,1,0,1,1,0,1,1
2187.365261,1,0,0,0,1,1,1,0,0
2188.780658,1,1,0,0,1,1,1,1,0
2198.145801,1,1,1,1,0,1,1,1,0
2203.504872,0,0,0,1,0,0,1,1,0
2205.134848,0,1,1,0,1,1,1,1,1
2205.428126,1,1,0,1,0,1,0,0,1
2207.639432,1,1,1,0,0,1,1,1,1
2216.514003,0,0,1,1,0,0,1,1,1
2222.723374,0,1,1,0,1,1,0,1,0
2224.920807,1,0,0,1,0,1,1,0,1
2230.866040,0,1,0,0,1,1,0,0,0
2240.479480,1,1,1,0,1,0,0,0,0
2245.479980,1,0,1,1,1,1,1,0,0
2249.334762,0,0,0,1,0,0,0,0,1
2256.233220,0,1,1,0,1,0,0,1,0
2262.569793,1,1,0,1,0,0,1,1,1
2266.779701,1,1,1,0,1,0,0,0,1
2267.004894,0,1,1,1,1,0,0,1,0
2274.168298,1,1,0,1,1,0,1,1,0
2277.668948,1,0,1,0,1,0,0,0,0
2279.135097,1,1,0,0,0,1,1,1,0
2285.462542,0,1,1,1,0,1,0,1,0
2292.460966,0,0,1,1,1,1,1,0,0
2302.332774,1,1,1,0,1,0,1,1,1
2312.191545,1,1,1,1,0,0,0,1,1
2320.373545,0,0,1,0,0,0,0,0,1
2324.138089,0,0,0,0,1,1,1,0,0
2330.311941,1,0,0,0,0,1,0,1,1
2339.882646,0,1,0,0,1,1,1,1,1
2344.947655,0,0,1,1,0,0,0,1,0
2353.330010,1,1,0,1,1,1,1,0,0
2354.592145,1,1,0,1,1,1,0,1,1
2358.365126,1,1,1,0,1,1,1,0,0
2366.504847,1,0,1,0,0,1,0,0,0
2376.290964,0,0,1,1,1,0,1,0,0
2385.449927,1,0,0,1,0,0,1,1,1
2387.310741,1,0,1,0,1,1,1,0,1
2396.488243,0,0,0,1,0,0,1,0,0
2400.567047,0,1,0,1,1,0,0,0,1
2405.567547,1,1,1,0,1,1,0,1,0
2409.324040,1,0,1,0,0,0,1,0,0
2416.408203,1,1,0,0,0,0,0,1,1
2425.949533,1,0,1,0,0,1,1,1,0
2430.553846,0,1,1,0,1,1,0,0,1
2430.913555,0,0,1,0,0,0,0,0,1
2432.377823,1,0,1,1,0,0,1,0,1
2434.992198,0,0,0,1,0,1,0,0,0
2444.430725,1,1,0,1,1,1,1,1,0
2448.261377,1,0,0,0,1,1,1,0,0
2454.453741,0,1,0,1,0,0,1,1,1
2463.951639,1,1,1,1,1,1,0,1,0
2467.922091,0,0,1,0,0,1,1,0,0
2475.532950,1,0,0,1,1,1,1,0,1
2483.416258,0,0,1,1,1,1,1,0,0
2492.933651,0,1,0,0,0,1,0,1,1
2495.668753,0,0,1,1,0,1,1,0,0
2504.528631,0,0,0,0,1,1,0,1,0
2513.554516,1,0,1,1,1,1,0,0,0
2521.939388,0,0,0,0,0,0,1,0,0
2523.222311,1,0,0,0,1,0,0,0,1
2528.344750,1,0,0,1,0,1,0,1,1
2531.037789,0,1,0,1,1,0,0,0,1
2540.444716,1,0,0,0,1,1,1,0,0
2545.544158,0,1,1,0,0,1,1,1,1
2551.676620,1,1,1,1,0,0,0,1,0
2560.563095,1,0,1,1,0,0,0,1,1
2570.008658,1,0,0,1,1,0,1,1,1
2570.034531,0,1,1,1,0,0,0,1,0
2578.146100,0,1,1,1,1,0,0,0,0
2582.032850,0,0,0,0,1,0,0,0,0
2584.466999,0,0,0,1,1,0,1,1,0
2593.748117,0,0,0,0,0,1,1,0,0
2595.682257,1,1,1,1,1,1,1,0,1
2599.880698,1,1,1,1,0,0,1,0,1
2608.457438,1,1,0,1,0,1,0,0,1
2611.541605,0,1,0,0,0,1,1,1,0
2619.621797,1,0,1,1,1,0,0,0,1
2625.971535,1,0,0,1,0,0,0,0,0
2634.625225,0,0,0,1,0,0,0,0,1
2642.958725,0,0,1,0,1,0,0,0,1
2652.932061,1,0,0,0,1,1,1,1,1
2653.768192,0,1,0,1,1,0,1,1,1
2656.731858,0,0,0,0,0,1,1,1,1
2664.213592,1,1,1,0,0,0,0,0,0
2672.907990,1,0,1,1,0,1,1,0,1
2681.591123,0,0,1,1,0,0,1,0,1
2690.063126,1,0,1,1,1,1,0,0,0
2699.495615,1,1,0,0,1,1,0,1,0
2705.106741,0,0,0,1,0,1,1,1,1
2705.458583,0,1,0,0,0,0,0,1,1
2714.797359,1,0,1,0,0,0,0,1,0
2719.604745,0,0,1,1,1,1,0,1,0
2724.542358,0,0,1,1,1,1,1,0,1
2731.014621,1,0,0,1,1,1,1,1,0
2739.028757,0,1,1,0,1,1,1,0,1
2739.440164,1,0,1,0,0,0,1,1,1
2745.453221,1,0,0,0,0,0,1,1,0
2754.400694,0,1,0,0,0,1,1,0,1
2758.854914,1,1,0,1,1,0,1,1,1
2759.760079,1,0,0,0,1,0,0,1,1
2765.877378,1,0,0,0,0,0,1,0,0
2767.402289,0,0,0,1,0,1,0,1,1
2774.931576,0,0,1,0,1,0,1,0,0
2784.320172,1,0,1,0,0,0,1,0,0
2786.172838,0,0,1,1,0,0,1,0,0
2787.477563,1,1,0,0,0,1,0,0,1
2796.713750,1,0,0,0,1,1,0,1,0
2804.540055,0,1,1,1,1,0,0,0,0
2809.370117,0,1,0,0,0,1,0,1,0
2817.697729,1,1,0,1,0,0,0,0,1
2825.452396,0,1,0,0,0,1,0,0,1
2834.377234,0,1,1,1,0,1,0,1,1
2835.143708,0,0,0,1,1,1,1,0,1
2836.703541,1,1,0,1,0,0,0,0,1
2844.438395,1,1,0,0,0,0,1,0,0
2849.081788,0,0,1,1,0,0,0,1,0
2852.909177,1,1,0,1,1,0,0,0,1
2859.020677,1,1,1,0,1,0,1,1,0
2863.941820,0,1,1,1,1,1,1,1,1
2870.758465,1,0,1,1,0,1,1,0,0
2877.842704,1,0,0,1,0,1,0,0,0
2880.465710,0,1,1,1,0,1,1,0,0
2889.025176,1,0,1,0,0,0,0,0,1
2889.964206,1,0,1,0,1,0,1,1,0
2894.558295,0,1,0,1,0,0,1,0,1
2894.942173,1,0,0,1,0,0,1,1,1
2904.024642,1,1,1,1,0,1,1,0,1
2904.774753,1,0,1,0,1,1,1,0,0
2913.524878,0,1,0,1,1,1,1,1,1
2923.259417,0,1,1,1,1,1,1,0,1
2926.548377,1,0,0,1,0,0,0,1,0
2928.761799,0,0,0,1,0,0,0,0,1
2936.251818,1,0,1,0,1,0,1,0,1
2946.033261,1,1,0,1,0,1,0,0,1
2949.045324,1,0,0,0,0,0,1,0,1
2956.188466,1,0,1,0,0,0,1,1,1
2960.352572,0,1,1,1,0,1,1,0,1
2965.353072,1,0,1,0,0,1,1,0,1
2974.354987,0,0,1,1,0,1,1,0,0
2982.701456,1,0,0,0,0,0,1,0,1
2990.475591,0,0,1,0,0,0,0,1,0
2993.882048,0,0,1,1,1,0,0,0,0
2999.124814,0,1,0,1,0,1,1,1,1
3001.048699,1,1,0,0,1,0,1,1,0
3008.034508,1,1,1,1,1,0,1,0,0
3016.992428,0,0,1,1,1,1,0,1,0
3023.237345,1,1,1,0,1,1,0,0,1
3029.120110,1,0,1,1,0,1,0,0,1
3036.392134,0,1,0,0,0,1,1,1,1
3036.726434,0,0,1,1,1,1,0,0,1
3046.589929,0,0,0,0,1,1,1,1,1
3051.462236,0,0,0,0,0,1,1,1,0
3055.462836,0,1,1,1,1,0,1,0,1
3059.598038,1,0,0,0,0,0,0,1,0
3068.342657,0,1,1,1,0,1,1,1,0
3077.841568,1,1,0,1,1,0,0,1,0
3081.050643,0,0,1,0,1,1,1,0,1
3083.970091,1,1,0,0,1,0,0,1,0
3084.032060,0,1,0,0,0,1,1,0,1
3084.245554,0,0,1,1,0,1,1,1,1
3093.197701,1,0,1,1,0,1,1,0,1
3100.763734,0,1,0,1,0,1,1,1,0
3101.419066,0,0,1,0,0,1,0,1,0
3110.759968,0,0,0,1,0,0,0,1,1
3113.519743,0,0,1,1,1,0,0,0,1
3122.452234,1,1,1,0,1,1,1,0,1
3124.952984,0,1,1,0,1,1,1,0,1
3134.175782,1,1,0,0,0,1,0,0,1
3135.558337,0,1,1,1,0,0,0,1,0
3138.698807,0,0,1,1,1,0,0,1,1
3144.928693,0,1,0,1,1,0,1,0,0
3145.349557,1,1,0,0,0,0,1,1,0
3149.218869,1,1,0,1,1,0,0,1,1
3150.873648,1,1,0,1,0,1,1,0,1
3158.611969,0,1,0,1,1,1,0,1,0
3165.185739,1,1,0,1,1,0,1,1,1
3168.753798,0,1,1,0,0,1,1,1,1
3176.704620,0,0,1,1,0,1,0,0,1
3177.702123,1,1,1,0,1,1,0,1,1
3178.329971,1,1,0,0,0,1,1,1,0
3185.502566,1,0,1,0,0,0,0,0,1
3188.772470,1,1,0,1,1,1,1,1,1
3197.730150,0,0,0,0,1,0,1,1,0
3201.769456,1,1,1,1,0,1,0,0,0
3202.180671,0,0,0,0,1,0,1,0,1
3209.829211,0,0,1,1,0,1,1,0,1
3217.458315,1,0,1,0,0,0,1,1,0
3218.266409,0,1,0,1,1,0,0,0,0
3223.327144,0,1,0,0,0,0,0,1,0
3230.360407,0,1,1,1,0,1,0,1,0
3236.736431,1,0,1,1,0,0,0,0,1
3245.160234,1,0,0,1,1,1,0,1,1
3251.690830,1,0,0,1,1,1,1,1,1
3260.282520,0,0,0,1,1,1,1,0,1
3264.425963,0,1,1,0,0,0,0,0,0
3266.627300,1,1,0,0,1,1,0,0,1
3268.172488,0,0,0,0,0,1,1,0,0
3269.966584,1,0,1,1,1,1,1,1,1
3273.356695,1,0,1,0,0,0,0,0,0
3278.596406,1,1,1,1,0,0,1,0,1
3284.558116,1,0,1,0,0,0,0,0,0
3293.580078,0,0,0,1,1,0,1,0,0
3294.705965,0,0,0,1,1,0,1,0,0
3303.818152,1,1,0,1,1,0,1,1,0
3310.915878,0,0,0,0,1,1,1,1,1
3318.416128,1,0,1,0,1,1,1,0,1
3325.016468,1,0,1,0,0,1,1,1,0
3328.619672,1,1,0,1,1,0,0,0,1
3333.596477,1,1,0,0,1,0,1,1,0
3336.909248,0,0,1,0,1,0,0,0,0
3339.356355,1,1,1,1,0,0,1,1,0
3339.603543,0,0,0,1,0,1,0,1,1
3342.513030,1,1,1,1,0,0,1,1,0
3344.597155,1,0,1,1,1,0,0,1,0
3354.359084,0,0,1,0,1,1,1,0,0
3357.609759,1,1,1,1,0,0,0,1,0
3359.329105,1,1,0,0,0,1,1,0,1
3362.715593,0,1,0,1,1,0,0,1,1
3370.715793,0,0,1,0,1,0,1,0,0
3378.510774,0,1,1,0,0,1,0,1,0
3386.383327,1,1,1,0,0,1,1,1,1
3391.908636,0,0,0,1,0,1,0,0,1
3395.019654,1,0,1,0,1,1,1,0,0
3401.674708,1,0,1,1,0,0,0,1,0
3402.483426,0,0,1,0,0,0,0,0,0
3409.557583,0,0,1,1,1,1,0,1,0
3414.454848,1,0,1,1,0,1,1,1,1
3422.539617,0,0,1,1,0,1,1,1,0
3427.829760,0,1,0,1,0,0,0,0,1
3436.220165,1,1,0,0,1,0,1,1,0
3437.672633,1,1,0,0,1,1,0,0,0
3439.086825,0,1,1,1,0,0,0,1,1
3441.795363,1,1,1,0,1,0,1,1,0
3447.129163,1,1,0,0,1,1,0,0,1
3447.310732,1,1,0,0,1,0,1,0,1
3455.107562,0,1,0,1,1,1,0,0,1
3455.705517,1,1,0,1,0,0,0,1,0
3460.056082,0,0,0,0,1,1,0,1,0
3461.899003,0,0,1,0,1,1,0,0,0
3465.039876,1,0,0,0,1,1,0,0,1
3469.659704,0,1,1,0,1,0,1,1,0
3478.564272,0,1,1,1,0,1,0,1,1
3478.814950,0,1,0,1,0,1,1,0,0
3487.711426,0,1,0,1,1,0,0,1,0
3492.253882,0,1,0,1,1,1,0,0,1
3497.409922,1,1,1,0,1,0,0,1,1
3500.855768,0,0,0,1,0,0,1,0,1
3503.574943,0,0,0,0,1,0,0,0,1
3508.740643,0,0,1,1,0,0,0,1,1
3510.522715,0,1,1,1,0,0,0,1,1
3520.461746,0,0,1,1,0,1,0,1,0
3525.650197,1,0,0,1,1,0,0,1,0
3531.542568,1,0,0,1,1,1,1,0,1
3533.883470,0,1,1,1,0,1,0,1,1
3541.294443,0,0,0,0,1,0,1,1,0
3543.458492,0,1,1,0,1,1,0,1,0
3553.071207,0,0,0,1,1,0,0,0,1
3555.063158,0,0,1,0,0,1,0,0,1
3559.377452,0,0,1,1,1,0,1,0,0
3566.354176,0,0,0,1,1,0,0,1,0
3570.810478,0,0,0,0,1,1,1,1,0
3573.351765,0,0,0,1,0,0,0,1,1
3579.890572,1,0,0,1,1,0,0,1,0
3589.051495,0,1,0,0,1,1,0,1,1
3593.092495,1,1,0,0,0,0,1,1,1
3596.611662,1,0,0,0,1,1,0,0,0
3602.617353,1,1,1,1,1,1,1,1,0
3606.735588,0,0,1,0,1,1,0,0,1
3610.000150,1,1,0,0,0,0,1,1,1
3613.512643,1,0,0,1,0,0,0,1,0
3614.252030,1,0,1,1,1,0,0,0,0
3620.464909,0,1,1,0,0,0,1,1,1
3627.503422,1,0,0,0,1,1,0,1,1
3635.421156,0,1,0,1,1,0,0,1,0
3643.006303,1,1,0,1,1,1,1,1,1
3651.377252,1,1,1,0,1,1,1,0,1
3657.800968,0,0,1,0,1,1,0,0,0
3663.420453,0,1,0,1,0,0,0,0,1
3664.455248,0,0,0,1,0,1,0,0,1
3670.609479,1,0,1,0,0,1,1,1,1
3675.127934,1,0,1,0,1,0,0,0,0
3681.298529,0,1,0,1,1,0,0,0,0
3686.125134,1,0,1,0,1,1,1,0,1
3695.007599,1,0,1,0,1,0,1,1,0
3700.479749,0,1,1,0,0,0,0,0,0
3702.593471,0,0,1,0,0,0,1,0,0
3707.593971,0,0,0,1,0,0,0,0,0
3715.394737,1,0,0,1,1,1,1,0,1
3720.549543,1,0,1,0,1,1,1,0,1
3729.309667,1,0,0,1,1,1,0,1,0
3737.405095,1,0,1,1,1,0,1,1,0
3742.111507,0,0,0,1,0,0,0,0,0
3751.127563,0,0,0,1,0,0,1,0,0
3753.792806,1,0,1,1,0,1,0,1,0
3755.163532,1,1,1,0,1,1,1,0,0
3757.124633,1,1,0,1,0,0,1,0,1
3765.889697,1,0,1,0,0,1,0,1,1
3768.578241,0,1,1,1,0,1,1,0,0
3769.696247,0,0,1,1,1,1,0,0,1
3774.735162,1,0,1,0,0,1,0,1,1
3784.410870,0,0,0,1,0,1,0,0,0
3786.024612,1,1,1,1,0,0,1,1,0
3795.367401,0,1,0,1,0,0,0,1,0
3802.999217,0,1,0,1,0,0,0,0,0
3809.922601,0,1,1,0,0,0,1,1,1
3812.996342,1,1,0,1,0,1,1,0,0
3819.288848,0,0,1,0,1,0,1,1,0
3829.044970,1,0,0,0,0,1,1,1,1
3829.289848,0,0,1,1,1,1,0,0,1
3832.794771,1,0,1,1,0,0,1,1,0
3834.401828,1,1,1,0,0,0,1,1,1
3842.500177,0,1,1,0,0,1,1,1,0
3850.719534,1,0,0,1,1,0,0,0,1
3857.033155,0,1,1,1,0,1,0,0,0
3860.033855,1,1,0,0,0,0,1,0,1
3866.567049,0,0,1,0,0,0,1,1,1
3868.567849,0,1,0,0,1,1,1,1,1
3870.057015,1,1,1,1,1,0,0,1,0
3872.298228,0,0,0,1,1,0,0,1,1
3879.410920,1,0,1,1,1,1,1,0,1
3880.911770,0,0,1,0,1,0,0,1,0
3887.061887,1,1,0,0,0,0,1,1,0
3896.307246,0,0,1,1,0,1,0,1,0
3899.050829,0,0,1,1,0,1,1,0,0
3904.933593,1,0,0,0,1,1,0,1,0
3905.008935,0,1,1,1,0,1,0,0,1
3905.467905,0,1,1,0,1,0,0,1,1
3908.363352,0,0,0,1,1,0,1,1,1
3910.290765,0,1,1,1,1,0,0,0,0
3911.460713,0,1,0,1,1,0,1,1,1
3912.820206,1,0,0,0,0,0,1,1,0
3913.162195,1,1,0,0,0,1,0,0,1
3922.844308,0,1,0,1,1,1,0,1,0
3929.022468,1,1,0,1,1,0,0,0,0
3934.955078,0,0,0,0,1,0,0,0,0
3943.150747,1,1,1,0,1,0,0,1,1
3952.183102,1,0,0,1,1,1,0,1,1
3960.784012,0,1,0,0,0,1,1,1,0
3966.287607,0,0,0,0,1,1,0,0,1
3974.900721,1,1,0,1,1,0,1,0,0
3983.973661,1,0,0,0,1,0,1,1,1
3990.131507,1,1,1,1,0,1,1,1,1
3991.006494,1,0,1,0,1,1,0,0,1
3992.876159,0,0,1,1,1,0,0,1,1
4001.081467,0,0,1,1,0,0,0,0,0
4003.829319,1,1,1,0,1,1,0,0,1
4013.688061,1,1,1,1,1,0,0,1,0
4017.401561,0,0,1,1,0,1,0,1,0
4022.516554,1,0,1,0,0,1,0,0,1
4030.126925,1,0,1,1,1,1,1,1,1
4031.429448,1,0,1,1,1,1,1,0,0
4032.040466,1,1,0,1,0,1,1,1,1
4033.725934,0,0,1,0,1,0,1,0,0
4042.733970,0,1,0,1,1,0,1,1,1
4050.217665,1,1,1,1,1,0,0,1,1
4055.634790,1,0,0,0,0,1,0,0,1
4060.079790,0,1,1,0,0,0,1,1,0
4060.627999,1,0,0,1,0,1,1,1,0
4066.338398,0,0,0,1,1,0,0,1,1
4067.137190,0,0,0,1,1,1,1,0,0
4070.095641,0,1,1,0,0,1,0,1,1
4079.716891,1,0,1,1,1,1,0,1,1
4081.467716,1,1,1,1,1,1,1,1,0
4089.607437,1,0,0,1,1,1,0,0,0
4091.322551,0,0,0,0,0,1,0,0,0
4092.209666,0,1,0,1,0,0,1,0,0
4094.028666,0,0,0,1,0,0,0,1,1
4098.046001,1,0,1,0,0,1,0,0,1
4105.866124,1,1,1,1,1,1,1,0,0
4114.423357,1,0,0,1,0,0,1,1,0
4123.829357,0,1,1,1,0,1,0,0,0
4130.566728,0,0,0,1,1,1,1,0,0
4137.950637,1,1,0,0,1,1,0,1,0
4145.600752,0,1,1,1,0,0,0,1,0
4151.438489,1,0,1,0,0,0,1,1,0
4156.535665,0,1,1,0,1,1,0,1,1
4163.588591,1,0,0,0,0,1,1,0,1
4169.779448,1,0,0,1,0,0,1,0,1
4170.601896,0,1,0,0,0,0,0,1,1
4176.246108,0,0,0,1,1,1,1,1,1
4182.834935,0,1,1,1,0,0,0,0,1
4183.501368,1,0,0,0,1,1,1,0,1
4192.631890,1,0,0,0,0,0,0,1,1
4195.856611,1,0,0,1,0,0,1,0,0
4205.694465,1,1,0,0,0,1,1,0,0
4215.106289,0,1,0,0,1,1,0,1,0
4223.376839,0,0,1,1,1,1,1,1,0
4230.589662,0,0,1,1,1,1,1,0,0
4232.944378,0,0,1,0,1,0,0,0,0
4238.130045,1,0,0,1,1,0,0,1,1
4246.940207,0,0,0,0,0,1,1,1,0
4253.052465,0,1,0,0,0,0,0,0,1
4253.973619,0,0,1,0,1,0,1,0,1
4260.704715,1,0,1,0,0,1,0,1,1
4263.833309,1,0,1,0,0,0,1,1,1
4264.202596,1,0,1,1,1,1,1,0,0
4273.849275,1,1,1,1,0,0,0,0,0
4275.810863,1,1,1,0,1,1,0,1,0
4283.907439,0,0,1,1,0,1,0,1,0
4284.502439,1,1,1,1,1,0,1,0,0
4286.923832,0,0,0,1,0,1,1,1,1
4290.092364,1,0,1,0,0,0,1,0,1
4293.510991,0,0,0,1,0,1,0,0,0
4303.006839,1,0,1,1,0,0,1,0,0
4311.637411,1,1,1,1,1,0,1,0,0
4318.256374,0,1,0,1,1,1,0,1,0
4323.921365,1,1,0,1,0,0,0,1,1
4325.269748,1,1,1,1,1,1,1,1,0
4329.738386,0,1,0,0,1,1,1,0,1
4334.716666,0,1,0,0,1,0,0,0,1
4342.124820,1,0,0,0,0,1,0,1,1
4351.395993,0,1,0,0,0,1,1,1,1
4354.561233,1,1,0,1,1,0,1,1,1
4356.749515,1,1,0,1,1,0,1,0,1
4364.311108,1,0,1,0,0,1,0,0,0
4372.472212,0,1,0,0,0,1,1,1,0
4378.507962,1,0,0,1,1,1,0,0,0
4386.313059,0,1,0,1,1,0,0,0,0
4390.059268,0,1,0,0,0,0,0,1,0
4396.608000,1,0,1,0,0,1,1,0,1
4402.915559,0,1,1,0,1,1,0,0,0
4406.349799,1,1,0,1,1,0,1,1,0
4406.769228,0,1,0,1,1,1,0,0,0
4414.253835,1,1,0,1,1,1,1,1,1
4423.680214,1,1,0,0,0,0,1,0,0
4427.980301,1,1,0,1,1,1,1,1,0
4434.084587,0,0,1,0,0,1,1,1,1
4439.955236,1,1,1,0,0,1,1,0,0
4447.991147,0,0,0,0,1,0,1,1,1
4453.535741,0,1,0,1,0,1,1,0,1
4460.378162,1,1,1,1,0,0,0,0,0
4469.331146,1,0,1,0,1,0,0,0,0
4473.097355,1,1,0,1,1,1,0,1,0
4478.139568,0,1,0,1,0,1,1,0,0
4481.862418,1,1,0,1,0,0,0,0,0
4485.916488,0,0,0,0,0,0,1,0,1
4487.058453,0,0,0,0,1,0,0,0,1
4495.172520,0,1,1,0,0,0,1,1,1
4503.172720,1,0,1,1,0,0,0,0,1
4510.877868,1,0,0,0,0,1,1,0,1
4516.519922,1,0,0,0,1,1,1,1,0
4519.086373,0,0,1,0,1,0,0,1,1
4524.655161,0,0,1,0,1,1,1,1,1
4530.284014,0,0,0,1,0,0,1,1,0
4537.457246,0,0,0,1,0,1,0,0,1
4544.132516,1,1,1,0,0,0,0,1,0
4550.393760,0,1,1,1,1,1,1,1,1
4557.813742,0,0,0,1,0,0,0,0,1
4562.207507,0,1,0,0,0,1,0,1,1
4571.780620,1,1,0,0,1,0,0,1,1
4572.803740,1,0,0,1,0,1,1,0,0
4578.006178,1,1,1,0,0,1,0,0,1
4584.555543,1,1,0,1,0,0,1,0,0
4592.070762,0,1,1,1,0,1,0,0,0
4592.869687,1,0,0,0,1,0,1,0,1
4593.391329,0,0,0,0,1,1,0,1,1
4593.717967,0,0,0,0,0,1,0,0,1
4601.866300,0,0,0,1,0,0,1,0,0
4603.127017,0,1,1,1,0,1,0,1,1
4609.704740,1,0,1,1,1,1,1,0,0
4611.723475,1,1,1,0,1,1,0,1,1
4614.268525,1,0,0,0,1,1,1,1,0
4619.332957,0,0,0,0,1,1,0,0,0
4626.898538,0,0,0,1,1,1,1,1,1
4635.349820,1,0,1,0,1,1,1,0,1
4641.025928,1,1,1,0,1,1,1,0,0
4650.116928,0,1,1,1,0,0,0,1,1
4651.392311,0,0,0,1,0,0,1,1,0
4652.286079,0,1,1,0,1,0,1,0,1
4660.303668,1,1,1,0,1,0,0,0,1
4661.024021,0,1,1,1,1,1,0,0,1
4661.270395,0,0,0,0,0,1,1,0,1
4671.157539,1,0,0,1,1,1,1,0,0
4672.707971,0,0,0,1,1,1,0,1,1
4674.821782,1,0,0,0,0,0,1,0,0
4681.280469,0,1,0,0,0,0,1,0,1
4689.607633,1,1,1,0,1,1,1,0,0
4692.768694,1,0,1,0,0,0,1,1,1
4695.244889,0,0,1,1,1,0,0,0,0
4702.773872,0,0,1,1,1,1,1,0,0
4703.683872,0,1,1,1,0,1,0,1,0
4712.233036,0,1,0,1,0,1,1,0,0
4717.678177,0,0,1,1,1,0,1,1,1
4718.663927,0,0,1,0,1,0,0,1,0
4720.601353,1,0,1,0,0,0,1,0,0
4721.157042,1,1,0,0,1,0,1,1,1
4723.216660,0,0,0,0,0,1,1,1,0
4728.962204,1,1,0,0,0,0,1,1,0
4737.616957,0,0,1,1,0,0,0,0,0
4739.998671,0,0,1,0,0,1,0,1,1
4741.904242,0,1,1,1,0,1,1,0,0
4751.087998,0,0,1,0,1,1,1,0,1
4756.974295,1,1,0,0,0,1,1,1,1
4758.613865,0,1,0,1,1,0,0,0,0
4758.614865,0,0,0,1,0,0,0,1,0
4767.171300,0,1,1,0,1,1,1,1,0
4769.759454,1,0,0,0,0,0,0,1,0
4775.717066,1,1,0,1,0,1,0,0,0
4782.093450,1,0,0,1,0,1,0,0,1
4785.186578,1,1,0,0,0,0,1,1,0
4790.047059,1,0,1,0,0,0,1,0,0
4799.476940,0,1,0,0,1,1,0,1,1
4805.125524,1,0,0,0,0,1,0,0,1
4809.801381,0,0,0,0,0,1,1,0,1
4814.259766,0,0,1,0,1,1,1,0,0
4819.708770,1,1,0,0,1,0,0,1,0
4827.769418,1,0,1,1,0,1,0,0,0
4829.333081,0,1,1,0,0,1,1,1,0
4829.741447,1,1,0,0,1,0,1,1,0
4833.843517,0,1,1,1,0,0,0,1,1
4843.473184,1,1,1,1,0,0,0,1,0
4852.520898,1,0,1,0,0,0,0,0,0
4856.313568,1,1,0,1,0,1,0,0,1
4864.629526,0,1,1,1,0,1,0,0,0
4867.612986,0,0,0,0,1,1,1,0,1
4876.422212,0,0,0,0,1,0,0,0,1
4881.422712,1,0,0,1,0,1,1,1,0
4885.059712,0,1,0,0,1,1,0,0,0
4891.851699,1,0,1,0,0,0,0,1,1
4900.063557,1,1,0,1,1,1,1,0,0
4900.285820,0,1,0,0,0,0,0,0,0
4909.780583,0,0,1,1,1,1,1,1,0
4910.678929,1,0,0,1,0,0,0,0,1
4911.845890,0,0,1,0,1,0,1,0,1
4918.283028,0,1,0,1,1,0,0,0,0
4925.726206,1,1,1,1,1,0,0,0,1
4935.155794,1,1,1,1,0,0,1,1,1
4944.924157,1,0,0,1,0,1,1,0,1
4947.210642,1,0,1,1,0,1,1,0,0
4953.769428,1,0,1,1,0,0,0,1,0
4959.752489,1,1,1,0,0,0,0,1,1
4963.086489,1,0,0,0,0,0,0,0,1
4973.042505,0,0,1,1,1,1,0,1,1
4975.867965,1,0,0,0,1,1,1,0,0
4981.800772,0,0,0,0,1,1,1,1,0
4990.232302,0,1,1,1,1,1,1,0,1
4994.703281,0,1,1,1,1,0,0,0,0
4994.772924,1,1,0,1,1,0,1,1,0
5003.446424,1,0,1,0,1,0,0,1,1
5012.417720,1,1,0,0,1,0,1,1,1
5022.034065,0,0,0,1,0,0,1,1,1
5024.144062,0,0,1,1,1,1,1,1,1
5028.785121,0,0,1,0,0,1,1,0,0
5036.080224,0,1,1,0,0,1,0,0,1
5037.879074,1,1,1,0,1,0,1,0,1
5041.839409,0,1,1,0,0,1,0,1,1
5047.048222,1,1,0,1,1,1,1,0,1
5055.223008,1,1,1,1,1,1,1,1,1
5058.034854,1,0,0,1,0,1,0,1,0
5062.404502,0,0,1,0,1,1,1,0,0
5072.354756,0,1,1,0,1,0,1,1,1
5081.690686,1,0,0,0,1,0,1,0,0
5086.296488,1,0,0,0,0,1,1,1,1
5094.668744,0,0,0,1,0,0,1,0,1
5102.625759,1,0,1,0,1,1,1,1,0
5103.896473,1,0,1,1,1,0,0,1,0
5106.891001,1,0,0,0,0,1,1,1,1
5115.880272,1,0,0,0,0,0,1,1,1
5117.102869,1,0,1,1,0,0,1,0,0
5121.885346,1,0,1,0,1,0,1,1,0
5130.095549,0,1,1,0,1,1,0,0,0
5131.908537,0,0,1,0,1,1,0,0,0
5137.245662,0,0,0,1,0,0,0,0,0
5139.585877,1,0,0,1,1,0,1,0,0
5148.767777,1,1,1,1,1,1,1,0,1
5156.336441,1,1,0,0,1,1,1,1,1
5166.103414,0,0,1,1,1,1,0,1,0
5174.285414,0,0,1,1,0,0,1,1,1
5181.544571,1,0,0,0,1,1,1,1,1
5185.349019,1,1,1,0,0,0,0,0,1
5185.787475,0,1,1,1,1,1,0,1,0
5190.765250,0,1,1,1,1,0,1,1,1
5197.284585,0,1,1,0,1,0,0,1,0
5199.765957,0,1,1,0,1,1,1,1,0
5208.717111,0,1,1,0,0,0,0,1,0
5212.386575,0,0,0,1,0,0,1,0,0
5213.691357,1,1,1,0,0,1,0,1,1
5222.409759,0,0,0,0,1,1,0,0,0
5228.941051,1,1,1,1,0,0,0,1,0
5234.357239,0,0,1,0,0,0,1,0,1
5234.769157,1,1,0,1,1,1,1,1,0
5243.942627,1,0,1,1,1,0,1,1,0
5244.600496,1,1,0,0,1,0,1,0,1
5245.367376,0,0,1,1,0,0,0,1,1
5252.585046,0,0,0,0,0,0,1,0,1
5256.395189,1,0,0,1,1,1,0,1,1
5259.944685,1,1,0,0,0,1,1,0,1
5262.594854,0,0,1,1,1,0,0,1,1
5262.841444,0,1,0,0,0,0,1,0,1
5272.192973,0,0,0,1,1,0,1,0,1
5278.443348,0,0,1,1,0,1,0,1,1
5278.663838,0,0,0,1,0,0,0,1,1
5284.982699,1,0,0,0,0,1,0,0,0
5290.253443,0,0,1,1,0,0,1,1,1
5294.420693,0,1,1,1,0,1,1,0,1
5301.133117,0,0,1,0,0,1,0,1,0
5308.836049,0,1,1,1,1,1,0,0,1
5313.104641,0,0,0,0,1,0,0,0,0
5316.340611,1,1,0,1,1,1,1,1,1
5324.674111,1,0,0,1,1,0,0,0,1
5325.604470,0,0,0,0,1,0,1,0,1
5327.571878,1,0,0,0,0,0,0,1,0
5333.381609,0,0,0,1,1,0,1,0,1
5336.208414,0,0,0,1,1,1,0,1,1
5341.577298,1,0,0,0,0,1,0,0,0
5345.270875,0,1,0,0,0,1,0,1,1
5352.464831,0,1,1,1,0,0,1,1,1
5359.567594,1,0,0,1,0,1,1,0,0
5368.159793,0,0,0,0,1,1,1,0,0
5376.774472,1,1,0,0,1,0,1,0,0
5384.024747,0,1,1,0,1,1,0,0,0
5388.697769,1,1,1,0,1,1,1,0,0
5395.364769,0,0,0,0,0,1,1,0,1
5400.786019,0,1,0,0,0,1,1,1,0
5403.343581,0,1,1,0,0,0,0,1,1
5406.544261,1,1,0,0,0,1,0,0,0
5416.337792,0,1,1,1,0,0,0,1,1
5421.216353,1,0,1,0,0,1,1,0,1
5422.777115,0,0,1,0,1,1,0,0,0
5424.356904,0,0,1,0,1,0,1,1,0
5429.769674,0,1,1,0,0,1,0,0,0
5439.218882,1,0,1,1,0,1,0,0,0
5441.271700,0,0,1,1,0,1,1,0,0
5450.155740,1,1,0,0,1,0,0,1,0
5459.498366,0,0,1,1,0,0,0,0,1
5466.681956,0,1,0,0,1,0,0,1,0
5471.036263,0,1,0,1,0,0,1,1,0
5477.607447,1,1,1,0,1,0,1,1,1
5482.210260,0,0,0,1,0,0,0,1,1
5482.612680,1,1,1,0,0,0,0,1,1
5487.043061,0,0,1,1,0,0,1,0,1
5493.916101,1,1,1,1,0,1,0,1,0
5499.445960,0,0,1,1,1,0,1,1,1
5508.894491,0,1,0,0,0,1,0,1,1
5511.288199,0,0,0,1,1,1,0,1,1
5517.859285,1,0,0,0,0,0,0,0,0
5520.365835,0,0,1,1,0,0,1,0,1
5526.857414,0,1,0,0,1,1,1,0,0
5529.954990,1,0,1,1,0,1,1,1,0
5535.308295,0,0,1,0,1,0,1,0,1
5537.314236,1,1,0,0,1,0,0,1,0
5539.112339,1,1,0,1,0,1,1,1,1
5545.394762,0,1,1,0,0,0,1,0,1
5550.896033,0,1,1,1,1,0,1,1,0
5553.734587,1,1,0,1,1,1,1,1,1
5557.430870,1,0,1,1,1,0,1,0,0
5561.641975,0,1,0,1,0,0,0,0,0
5568.484396,1,1,0,0,0,0,1,1,0
5575.072415,1,1,0,1,0,1,0,0,1
5582.646706,0,1,0,1,1,1,1,1,1
5584.512804,1,0,1,0,0,1,0,0,0
5588.595674,1,1,0,0,1,0,0,0,0
5589.639595,0,0,1,0,1,0,1,0,0
5596.348785,0,0,0,1,0,1,1,0,1
5602.984924,0,0,0,1,1,1,0,0,1
5604.635028,1,0,0,1,0,0,1,0,0
5608.075684,0,0,0,0,0,0,0,0,1
5613.280001,1,0,1,0,1,0,1,0,0
5623.069495,0,0,0,1,1,0,1,1,1
5631.257081,1,0,0,0,0,1,1,0,0
5637.362476,1,0,1,1,0,1,0,0,0
5639.365877,1,1,0,0,0,0,1,0,1
5647.257979,0,0,0,1,0,1,1,1,1
5654.069892,1,0,0,1,0,0,0,0,0
5662.738197,1,0,1,0,1,0,1,0,0
5663.518729,1,0,0,0,1,1,1,1,1
5671.650992,1,1,1,0,0,0,0,1,1
5675.947408,1,0,0,0,0,0,1,0,0
5677.844462,0,0,0,1,0,1,0,0,1
5678.345412,1,1,0,1,0,0,1,0,1
5680.126338,0,1,1,0,0,1,1,0,0
5688.782599,1,1,1,1,1,1,0,0,0
5689.380762,0,1,1,1,1,0,0,1,0
5695.141495,0,0,1,1,0,1,0,0,1
5698.109231,1,0,1,1,0,0,1,1,0
5700.902889,1,1,0,0,1,0,1,0,0
5707.146359,1,1,1,0,0,0,0,1,1
5713.725014,0,0,1,0,1,0,0,0,1
5721.623215,0,0,1,0,1,1,0,0,1
5721.670365,1,0,0,1,0,0,1,1,0
5725.092075,0,1,1,1,1,1,1,1,0
5727.615345,0,1,0,1,1,0,1,0,0
5731.460818,1,1,1,0,1,0,0,0,0
5741.403517,0,1,0,1,0,0,0,1,1
5746.699970,1,1,1,1,0,1,0,0,0
5753.091635,1,1,1,0,0,1,0,1,1
5757.363665,0,1,0,0,0,1,0,0,1
5763.866073,1,1,1,0,0,1,1,0,1
5765.529557,1,1,1,1,0,1,0,0,1
5774.710806,0,1,1,1,0,0,0,0,0
5781.084408,1,1,1,0,1,1,1,0,1
5789.495883,1,1,1,0,1,0,0,1,1
5790.332067,0,1,1,1,0,0,0,1,1
5794.163018,0,0,1,1,1,1,1,1,1
5799.349604,0,0,0,1,0,0,0,1,0
5800.012558,1,0,0,0,0,1,0,1,0
5800.756847,1,1,1,0,0,1,1,0,1
5808.125531,1,1,0,1,1,1,0,0,1
5811.301471,0,0,1,1,1,0,0,0,1
5820.857411,0,1,0,0,0,0,0,0,0
5829.961979,1,1,0,0,1,0,0,0,0
5834.846749,1,0,0,0,0,0,1,0,1
5842.830822,0,0,1,1,0,1,1,0,0
5849.382891,0,0,0,0,1,0,1,1,0
5849.438233,0,0,0,0,1,1,1,0,0
5849.776752,0,1,0,1,1,0,1,0,0
5858.903399,1,0,1,1,0,1,1,1,1
5862.376274,1,0,0,0,1,0,0,1,1
5863.177194,0,0,0,1,1,0,0,1,1
5867.608263,0,1,1,0,0,1,1,1,0
5873.826916,1,0,1,1,0,1,1,1,1
5873.827916,0,1,0,1,1,0,1,1,1
5876.665654,1,0,0,1,1,1,0,0,1
5878.538195,0,0,1,0,1,1,1,0,0
5881.295928,0,0,1,0,1,0,0,0,1
5883.751021,0,0,1,0,0,0,1,1,1
5891.230612,1,1,0,0,1,1,0,0,0
5894.132928,0,1,0,0,0,1,0,0,0
5900.771195,1,0,1,1,1,0,1,0,1
5907.557231,1,1,1,1,0,0,1,1,0
5914.655347,0,1,1,0,0,0,0,1,1
5924.372357,1,1,0,1,1,0,1,0,1
5931.650621,1,1,0,0,0,1,1,0,0
5933.096344,0,1,1,0,1,1,0,1,0
5942.498577,0,1,0,1,0,0,0,0,0
5944.017674,0,0,1,1,1,0,1,1,0
5951.497764,1,0,1,1,0,1,1,0,0
5955.952467,1,0,0,1,0,1,1,1,0
5959.915335,1,0,0,0,0,0,1,1,1
5967.337081,1,0,0,1,0,0,1,0,0
5969.113965,1,0,0,0,1,0,1,1,0
5977.367304,1,0,1,1,0,1,1,1,0
5982.484318,0,0,0,1,1,0,0,0,0
5989.887734,0,0,0,0,1,1,0,0,0
5995.729987,1,1,1,0,0,0,1,1,1
6004.622954,0,0,1,1,1,1,1,0,1
6010.062600,0,0,0,1,1,0,0,0,1
6018.574653,0,0,0,1,0,1,1,0,0
6028.334437,1,0,1,0,1,0,1,1,0
6029.970012,1,0,1,0,0,0,0,0,1
6035.984495,1,1,0,1,0,0,0,1,0
6042.987557,1,1,0,0,0,1,1,1,1
6052.742933,1,0,1,0,1,0,1,0,1
6059.759361,1,1,1,1,1,1,0,0,1
6062.243105,1,0,1,1,0,1,0,1,1
6062.273004,0,1,0,0,0,0,0,1,0
6065.656964,0,1,1,1,0,0,0,1,0
6075.497405,1,0,1,1,0,1,0,0,1
6078.052177,0,1,1,0,0,1,0,1,1
6085.594090,1,0,1,0,0,0,0,0,0
6086.642105,0,1,1,0,1,1,0,0,1
6087.137353,0,0,0,1,1,0,1,1,1
6089.008490,1,0,1,1,1,0,1,0,0
6093.329615,0,1,1,1,0,0,1,0,1
6101.710240,0,1,1,1,1,0,0,1,1
6110.281811,0,1,1,0,1,0,1,1,1
6112.465881,1,1,0,1,0,0,0,1,0
6120.284281,1,1,0,0,0,1,0,1,0
6124.128034,1,0,1,1,1,1,1,1,0
6129.176453,0,0,1,1,0,1,0,1,1
6132.763404,1,0,0,1,0,0,0,0,0
6140.431275,1,1,0,0,1,0,1,0,0
6149.645640,1,0,0,0,0,1,1,1,0
6152.723255,0,1,0,1,0,0,1,0,0
6154.793014,1,1,1,0,0,0,1,1,0
6164.012804,1,0,1,0,1,0,0,1,0
6167.500181,0,1,1,0,0,0,0,1,1
6175.391211,0,0,1,0,1,1,1,1,1
6183.200954,1,1,1,0,0,1,1,0,1
6187.143867,1,0,0,1,1,0,0,0,0
6190.497133,1,1,1,0,1,1,1,0,0
6194.422472,1,1,1,0,0,1,1,1,1
6201.268254,0,0,1,1,0,0,1,1,0
6202.668776,1,1,1,0,0,0,0,0,1
6204.277285,1,1,1,1,1,0,0,1,0
6207.350078,0,1,0,0,1,1,1,0,1
6209.614720,0,0,1,0,1,1,1,0,0
6218.198195,0,0,0,1,0,0,1,0,0
6218.813049,0,1,0,1,1,1,1,1,1
6218.911759,1,0,0,0,1,0,1,1,0
6221.166420,1,1,1,0,0,1,0,0,1
6228.225537,1,1,1,1,1,1,1,1,1
6230.198171,1,1,0,1,0,0,0,0,0
6238.061354,0,1,0,0,0,1,0,0,0
6246.397683,0,1,1,0,0,0,1,0,0
6252.367750,1,1,0,0,0,1,0,0,0
6258.667333,1,0,0,0,0,0,0,1,0
6258.790272,1,0,1,1,0,1,1,1,0
6259.007337,1,1,1,0,0,0,0,0,0
6267.230237,1,1,0,0,1,1,0,0,1
6276.658865,0,0,0,1,0,0,1,0,1
6285.149582,1,1,1,0,1,0,0,0,0
6285.235560,0,1,0,1,0,0,1,1,1
6285.750207,0,1,1,1,1,1,0,0,1
6290.916484,1,1,0,0,0,1,1,1,1
6296.102151,0,1,0,0,0,1,0,0,1
6301.043032,0,0,0,0,0,1,0,0,0
6304.903295,0,0,1,1,0,0,1,1,1
6313.465739,0,1,0,1,1,1,0,1,1
6321.930904,1,0,1,0,1,0,1,1,1
6330.872186,0,0,1,1,0,1,0,0,0
6340.758990,0,0,1,0,0,0,1,0,1
6347.122990,0,0,0,1,1,0,0,1,0
6356.920990,0,1,1,1,1,1,1,1,1
6363.473059,0,0,1,0,1,1,0,1,1
6371.574515,0,1,1,1,1,0,0,0,1
6379.026068,1,1,0,0,0,0,0,0,0
6387.887129,1,0,1,0,0,1,1,1,1
6393.714318,0,1,0,0,0,0,1,0,1
6394.698126,0,1,0,0,1,1,0,0,1
6396.983425,0,0,1,1,1,1,0,1,0
6399.115359,0,0,0,1,1,0,0,0,1
6400.340726,1,1,0,1,1,1,1,0,0
6407.615999,0,0,1,1,1,0,0,0,0
6416.471699,1,0,0,1,0,1,1,1,1
6416.624199,1,0,1,0,0,0,0,1,1
6420.615832,1,0,0,0,1,1,0,1,0
6427.852787,1,0,0,0,1,1,0,0,0
6432.496180,0,1,0,0,0,0,1,1,0
6434.490798,1,0,1,0,1,0,1,0,1
6442.585106,0,1,0,0,1,0,0,1,1
6445.442963,1,1,0,1,1,0,0,1,1
6450.256842,0,0,0,0,1,1,0,1,0
6459.822102,0,0,1,0,1,0,0,1,0
6466.217812,1,1,1,1,1,1,0,1,0
6469.623877,1,1,1,1,1,0,1,0,0
6478.593677,0,1,0,0,0,0,0,0,0
6479.721576,1,1,1,0,1,1,0,0,0
6484.742908,1,0,0,1,0,1,0,0,1
6489.157469,1,0,1,0,0,1,1,0,0
6499.029277,1,0,0,1,1,0,0,1,0
6507.648601,0,0,0,0,0,0,1,1,1
6512.765369,0,0,1,0,0,1,1,1,0
6520.800247,1,1,1,1,0,1,1,0,0
6529.957940,0,0,1,1,0,1,0,0,0
6532.934322,0,1,1,1,1,1,0,1,1
6536.989751,0,1,0,1,1,0,1,0,0
6545.732734,0,1,0,0,0,0,1,0,0
6548.590591,1,1,0,1,1,0,0,0,1
6558.021253,0,1,0,0,0,1,0,1,0
6560.522003,0,0,1,0,0,0,0,1,0
6561.889203,0,1,1,1,1,1,1,1,1
6564.165424,0,0,1,0,0,0,0,1,0
6569.165924,1,1,0,0,1,1,0,0,1
6575.400067,0,0,0,1,0,1,1,1,0
6583.422773,1,1,0,1,0,1,1,1,0
6587.059773,1,1,1,1,0,0,1,0,0
6596.174906,0,0,0,1,0,0,1,0,0
6599.036478,0,0,1,1,1,1,0,1,0
6599.055926,0,0,0,1,1,0,1,0,1
6604.770640,0,0,1,1,1,1,1,0,0
6612.306098,0,1,0,1,1,0,0,0,1
6612.568378,0,0,1,0,0,1,1,1,0
6616.451343,1,1,0,1,0,0,1,0,0
6623.118343,1,1,1,1,0,1,0,0,1
6628.331588,1,0,1,1,1,1,1,0,1
6635.720738,1,1,0,1,1,1,0,1,0
6640.598047,1,0,0,0,1,1,0,1,1
6649.430280,0,1,1,1,0,1,1,0,0
6650.200434,0,0,0,0,0,1,1,0,0
6653.651254,1,1,1,1,0,1,0,0,1
6662.806589,0,0,0,1,0,1,0,0,0
6672.097848,0,1,0,0,1,1,0,1,1
6676.621009,1,1,1,1,0,1,0,0,1
6685.380675,1,1,0,1,1,1,0,0,1
6694.247116,0,0,0,1,0,0,1,0,1
6695.909134,1,0,1,1,1,0,1,0,1
6700.076384,0,0,1,0,1,1,1,0,1
6706.954745,0,1,1,0,1,0,0,0,1
6711.046245,1,1,0,0,0,1,1,1,1
6711.548987,1,0,0,0,0,1,1,1,1
6712.873842,0,1,1,0,0,0,0,1,0
6719.183735,0,1,1,0,0,1,1,0,1
6719.829832,1,0,0,1,0,0,1,1,1
6722.029086,0,1,0,1,0,1,0,1,1
6729.723723,0,1,0,1,1,1,1,0,1
6731.935028,1,0,1,0,0,1,1,0,0
6737.113175,1,0,1,0,1,0,1,1,1
6737.886349,0,1,0,0,0,0,0,1,0
6746.967713,1,1,0,1,0,0,0,1,0
6751.549261,1,0,1,0,1,0,1,1,0
6756.616199,1,0,1,0,1,1,1,0,0
6757.671459,0,1,0,0,1,1,0,0,1
6767.101896,0,0,1,1,1,1,0,0,1
6770.349325,0,1,1,0,0,0,1,1,1
6779.854784,1,0,0,0,1,0,0,0,0
6780.030185,1,0,1,1,1,0,1,1,1
6782.861480,1,0,1,1,1,0,1,1,1
6787.032467,1,1,1,1,1,1,1,1,0
6795.132072,0,1,1,0,0,1,0,1,1
6799.628036,0,1,0,1,0,0,0,0,0
6808.366623,1,1,1,1,0,0,1,0,1
6809.864680,1,1,0,1,1,1,0,1,1
6816.864980,0,1,1,0,0,1,1,0,1
6820.901110,1,1,0,1,0,0,0,1,1
6829.551764,1,0,0,1,1,0,1,0,1
6833.100796,0,0,0,0,1,0,0,1,1
6839.714038,0,1,0,0,0,1,0,0,1
6842.426631,1,1,0,1,1,1,1,1,0
6844.681292,1,0,1,0,0,1,0,0,1
6847.133027,0,1,1,0,1,0,0,0,1
6847.367337,0,0,0,1,1,1,1,1,1
6851.431067,0,0,1,1,1,1,1,0,1
6858.850680,1,1,0,1,0,1,0,0,1
6859.684930,0,0,1,1,1,1,1,1,0
6864.335147,0,0,0,1,0,0,0,0,1
6867.193004,1,0,0,0,0,1,0,0,1
6870.121342,0,1,0,0,1,1,1,0,0
6871.015110,0,0,0,1,1,1,1,1,1
6873.546721,1,0,0,0,1,0,1,1,0
6880.879494,1,1,0,0,1,0,1,1,0
6889.886004,0,1,1,0,1,1,0,0,0
6898.977004,1,0,0,1,0,0,0,0,1
6900.068804,1,0,0,0,1,1,0,0,1
6906.863505,0,1,0,1,1,0,0,1,1
6910.821165,1,0,0,1,0,0,0,1,1
6913.214974,0,0,1,1,0,1,1,1,0
6919.735789,1,0,1,1,0,1,1,0,0
6926.270382,0,1,1,1,1,1,0,0,1
6935.059236,0,0,1,0,1,0,0,1,1
6942.724668,1,1,0,0,0,0,0,0,1
6948.735996,0,1,0,0,1,0,1,0,1
6958.601040,0,0,0,1,0,1,0,0,0
6960.196887,1,0,0,1,1,0,0,1,0
6965.516504,0,0,0,1,1,1,1,0,1
6973.440393,1,1,0,0,1,0,0,0,1
6979.964805,0,1,1,1,1,1,0,0,1
6987.766130,1,1,1,0,0,0,1,1,1
6990.467691,1,0,0,0,1,0,0,1,1
6992.229521,1,1,1,0,1,0,1,0,0
6994.265716,1,0,1,0,1,1,1,1,0
7001.388908,1,0,1,1,1,0,0,0,1
7008.139233,1,0,1,0,1,1,1,1,0
7011.196696,0,0,1,1,1,0,0,0,0
7015.827056,0,1,1,1,1,1,1,1,1
7016.409393,0,0,0,0,0,0,1,1,0
7018.632393,1,1,1,0,1,0,1,1,0
7025.752681,1,1,0,1,0,0,0,1,0
7030.651150,1,1,0,0,0,0,0,1,0
7038.953207,1,1,1,1,0,0,1,0,0
7040.923320,0,1,0,1,0,1,0,1,0
7045.094695,0,0,0,1,0,0,1,1,1
7050.335555,0,1,0,1,0,1,1,0,0
7057.267553,1,0,1,1,0,0,1,1,0
7059.138870,1,1,1,1,0,1,0,1,1
7068.490786,0,1,1,0,0,1,1,0,1
7069.471644,1,1,1,0,1,0,1,1,1
7074.824948,1,1,0,0,0,1,0,1,0
7075.715912,0,1,1,0,1,0,1,0,1
7081.716312,0,0,1,1,1,1,1,1,0
7088.305800,1,1,1,0,0,1,1,0,1
7098.228288,0,1,0,1,1,1,1,1,0
7106.643864,1,1,0,1,1,1,0,1,1
7108.078830,0,1,1,1,0,0,1,1,0
7115.607515,0,1,1,0,1,0,1,1,1
7118.213888,1,0,1,0,1,1,1,0,1
7126.964013,1,0,0,1,0,1,1,1,1
7127.725032,1,0,1,1,0,0,1,1,1
7135.271290,1,1,1,0,1,1,1,1,0
7143.301506,1,1,1,0,0,0,0,0,0
7147.573923,0,0,0,0,1,0,1,0,0
7147.574923,0,1,1,0,0,1,1,1,0
7155.610834,1,0,1,1,0,1,1,1,0
7165.024300,0,0,1,0,0,1,1,1,1
7168.214981,1,1,1,0,1,0,0,1,0
7173.101486,1,0,1,0,1,0,0,0,1
7176.867542,0,0,0,0,1,0,0,0,0
7179.622173,1,1,1,1,0,1,1,1,0
7182.884385,1,0,1,1,0,1,0,1,1
7187.385461,0,1,0,0,0,1,1,0,0
7196.478424,1,0,1,0,0,0,1,0,0
7202.939683,0,0,1,0,0,1,0,0,1
7209.654503,0,0,1,1,0,1,0,0,0
7209.934112,0,0,1,1,0,0,1,1,0
7210.798121,1,0,0,1,1,0,0,0,0
7213.251706,0,0,1,1,1,0,1,0,1
7219.287606,1,0,0,1,1,1,1,0,0
7219.550017,1,1,1,1,1,0,0,1,1
7225.553504,0,1,1,0,1,0,0,1,0
7226.910690,1,0,0,0,0,1,1,0,1
7236.503951,1,0,0,0,0,0,1,0,1
7242.932879,0,1,1,1,1,1,0,0,1
7252.139308,0,1,1,1,0,1,0,0,1
7253.841708,0,1,0,0,1,0,1,0,0
7258.690708,0,1,1,1,1,0,0,1,0
7258.691708,1,0,0,0,1,1,1,1,0
7259.260987,1,0,1,1,0,0,0,0,1
7268.966899,0,1,0,1,0,0,1,0,1
7275.742369,0,1,0,1,1,1,1,0,0
7278.642342,0,0,0,1,1,0,0,1,1
7281.547814,1,0,0,1,1,1,1,0,1
7282.048764,0,0,0,0,1,1,1,0,1
7282.520305,1,1,1,0,1,0,1,0,1
7286.239526,0,0,0,1,0,1,1,0,0
7295.289672,0,0,0,1,1,0,0,1,0
7300.836676,0,1,1,1,0,1,0,1,1
7301.113892,0,1,1,1,1,1,0,0,0
7306.277641,1,0,1,0,0,0,1,0,0
7311.629457,1,1,1,0,0,0,0,0,0
7315.832770,0,0,0,1,0,1,0,1,1
7321.917818,0,1,1,1,0,0,1,0,0
7325.262466,0,1,1,0,0,0,1,1,0
7333.538501,1,0,1,0,0,1,1,1,1
7342.546234,1,0,0,0,1,0,1,0,1
7346.537161,1,1,1,0,1,1,1,1,1
7349.585067,1,1,1,1,1,1,0,0,0
7355.971567,1,1,0,1,1,0,0,0,1
7356.451971,1,0,1,0,0,1,1,1,1
7364.026178,0,0,1,0,0,0,1,1,0
7366.852982,0,1,0,1,0,0,1,1,0
7370.482652,1,1,0,1,1,1,1,0,1
7376.324652,1,1,0,0,1,0,0,1,0
7385.906720,1,0,0,0,0,0,1,0,0
7391.170352,1,1,1,1,0,1,0,0,0
7395.344163,0,1,1,0,1,1,0,0,0
7395.820659,1,0,1,1,1,0,1,1,0
7403.869635,0,0,0,1,1,0,1,1,0
7410.216154,0,1,0,0,1,0,0,1,1
7414.148385,1,1,0,0,0,0,0,1,1
7423.326186,0,0,1,1,0,0,1,1,0
7431.880902,1,1,1,0,1,1,1,1,1
7436.003987,1,1,1,1,1,1,1,1,0
7436.447421,1,0,1,0,0,0,0,0,1
7443.531046,0,1,0,1,0,0,0,0,1
7446.298990,0,1,0,1,0,1,1,1,0
7448.912341,0,1,0,0,0,0,1,1,0
7451.320146,1,1,0,1,1,1,1,0,1
7461.017146,0,1,0,1,1,0,1,0,0
7466.311734,0,0,1,1,0,0,0,0,1
7474.851206,0,1,1,1,1,0,0,0,1
7477.814873,1,0,1,0,0,1,1,1,1
7484.344631,1,0,1,1,0,0,0,1,0
7491.298684,1,0,0,0,1,0,1,1,0
7495.299284,1,1,0,1,1,1,1,0,0
7501.801535,0,0,1,1,1,0,0,1,0
7502.721298,0,1,0,1,0,0,1,0,0
7504.867145,0,0,0,0,0,0,1,1,0
7508.111064,0,0,1,1,0,1,1,0,0
7514.749081,1,1,1,0,1,0,1,1,0
7521.353194,1,0,0,1,0,0,0,1,1
7530.404256,0,0,0,1,1,1,0,1,0
7537.777400,1,1,1,0,0,0,0,1,0
7543.404211,1,1,0,1,1,1,1,0,0
7548.404711,1,1,1,0,1,1,0,0,1
7552.956902,0,0,1,0,1,0,1,1,1
7554.640153,1,1,0,0,1,0,1,1,1
7561.896525,0,1,1,1,1,1,0,1,1
7570.832801,1,0,1,0,1,1,1,0,0
7572.819904,1,1,0,0,1,0,0,0,0
7580.915333,0,1,0,1,0,0,1,0,1
7586.396956,0,1,1,0,0,1,0,0,0
7589.177761,0,0,0,0,1,0,0,0,1
7590.130304,0,0,1,1,0,1,1,0,1
7593.140953,1,1,1,0,1,0,0,0,1
7601.091776,0,0,1,0,0,1,0,1,1
7602.649123,0,1,0,0,0,0,0,0,1
7608.926419,1,1,0,1,0,0,1,0,0
7610.034319,0,0,1,1,0,1,1,1,0
7612.664686,0,1,1,0,1,0,0,0,1
7613.000441,1,1,0,1,1,1,1,0,1
7619.646739,1,0,1,1,0,1,1,1,0
7627.533314,1,1,0,0,0,0,0,0,1
7628.715298,1,0,0,0,0,1,0,1,1
7629.187949,0,1,0,0,0,0,0,0,0
7638.960934,0,0,0,1,1,1,1,0,0
7648.451181,0,0,0,1,1,0,1,0,1
7656.266126,1,1,1,1,1,1,1,1,1
7660.723335,1,0,1,1,1,1,0,1,1
7666.769707,1,1,1,1,1,0,1,0,0
7668.576978,1,1,1,0,0,0,1,1,0
7678.384884,0,0,0,1,0,1,1,0,0
7678.385884,1,0,1,1,0,1,1,1,0
7688.109095,1,0,1,1,1,1,1,0,1
7695.753916,0,1,0,1,1,0,1,1,1
7700.502642,1,1,1,1,0,1,0,1,0
7703.863795,1,1,0,1,1,0,1,0,0
7710.010121,0,0,0,1,0,1,1,0,0
7717.760346,0,1,1,0,1,0,1,1,0
7718.616875,1,1,0,1,0,1,1,1,1
7720.634248,1,0,0,0,0,0,0,1,0
7724.546361,1,0,0,1,0,1,0,0,0
7731.397505,0,1,0,0,0,1,0,1,1
7733.877130,0,0,0,1,1,0,0,1,0
7734.618797,1,1,1,1,0,0,1,1,1
7741.512725,1,0,0,1,0,0,0,1,1
7750.758920,0,0,0,1,1,1,0,0,1
7758.259170,0,0,1,0,0,1,1,0,0
7767.367668,1,0,0,1,1,0,0,1,0
7771.447931,1,1,0,1,0,1,1,1,0
7773.535053,1,1,1,0,1,1,0,0,1
7773.991349,0,1,1,1,1,0,0,0,1
7777.281494,0,0,0,0,0,1,1,0,0
7783.413028,0,1,1,1,1,0,0,0,0
7791.131048,0,1,1,1,1,0,1,0,1
7793.907194,1,0,1,0,1,0,1,1,0
7803.490569,1,0,0,0,1,0,0,1,1
7806.164569,1,0,1,0,1,0,0,1,0
7812.086602,0,1,0,0,0,0,0,1,1
7817.892914,0,1,1,1,1,0,1,0,0
7824.272587,1,1,0,0,0,1,1,0,0
7825.354560,1,0,0,1,1,0,1,1,0
7833.037083,1,0,0,1,1,1,1,1,1
7833.269153,0,1,1,1,0,1,1,1,0
7833.577139,1,1,1,0,0,1,1,0,1
7838.045285,0,0,0,0,0,0,1,1,1
7845.779887,0,0,0,0,1,1,1,0,1
7851.208598,1,1,0,0,1,0,0,0,1
7856.898684,1,0,0,1,0,0,0,0,1
7859.372164,1,0,1,0,1,0,0,0,1
7866.680125,1,0,1,1,0,1,0,0,1
7876.536461,0,0,0,0,1,0,0,0,0
7882.285186,1,0,1,0,1,0,0,0,0
7887.683237,1,1,1,0,0,1,1,1,1
7896.640560,0,1,0,0,0,0,1,1,0
7903.875474,0,0,1,0,0,1,0,0,0
7906.882709,1,0,0,1,1,1,1,0,1
7910.838689,1,1,0,1,0,0,0,1,1
7915.172589,0,1,1,1,1,1,0,0,0
7920.161353,1,1,1,0,0,1,1,0,0
7925.882604,0,1,1,0,1,0,1,1,1
7930.883104,1,0,1,0,0,0,0,1,0
7935.420688,0,1,0,1,0,1,1,0,0
7944.062799,1,1,1,1,1,1,0,1,0
7948.664965,0,1,1,1,0,1,1,1,0
7955.258712,1,0,0,0,0,1,1,0,1
7961.368914,1,1,0,0,0,1,0,1,1
7962.753423,1,1,1,0,0,0,0,1,0
7964.995214,0,1,1,1,0,0,0,1,1
7965.099474,0,1,1,0,1,1,1,1,1
7969.828683,0,0,0,1,1,0,1,0,0
7979.131079,1,0,1,1,0,1,0,1,0
7985.278650,0,1,0,1,1,0,1,0,0
7989.445900,0,0,0,1,0,0,0,0,0
7994.195029,1,0,1,0,1,0,0,1,1
7996.638532,0,0,1,1,1,1,0,0,1
8000.639132,1,1,0,0,1,1,0,0,1
8010.093210,1,1,1,1,1,1,1,1,1
8016.722645,1,0,0,1,0,1,0,0,1
8024.975608,1,1,0,1,0,1,0,1,0
8032.064205,1,0,0,0,1,0,0,0,0
8035.064905,0,0,1,0,1,1,0,0,0
8043.825446,1,0,0,1,0,1,0,0,0
8052.353573,0,1,1,0,1,1,1,1,1
8058.766975,1,0,1,1,0,0,0,0,0
8067.806217,1,1,1,0,1,1,1,1,1
8074.531545,0,1,0,0,1,0,1,1,1
8084.493860,1,1,1,0,1,0,0,1,1
8090.938975,0,0,0,0,0,1,1,1,1
8097.953887,1,1,1,0,1,0,0,0,0
8100.792441,0,0,0,1,0,1,0,1,1
8101.062106,0,1,0,1,1,0,0,0,0
8103.954383,0,1,1,0,1,1,1,1,0
8107.050312,1,0,1,0,0,1,1,1,1
8113.366470,1,1,0,1,0,1,1,1,0
8116.246329,0,0,0,1,0,0,0,1,0
8125.341112,0,0,1,1,0,0,0,0,0
8130.368348,0,0,0,0,0,0,0,0,1
8139.138741,0,1,1,0,0,0,0,1,0
8147.361730,0,1,1,1,1,0,1,0,1
8151.874474,0,1,1,1,1,0,0,0,1
8154.966074,0,1,0,0,0,0,0,1,0
8159.927208,1,0,0,0,0,0,0,0,1
8169.269379,1,0,0,1,0,0,0,1,0
8178.362297,0,1,0,0,0,0,0,0,1
8185.600668,0,1,1,1,0,1,0,1,0
8193.156468,0,0,0,0,1,0,0,1,1
8194.551751,1,1,0,0,0,1,0,1,0
8198.482489,1,0,0,1,0,1,0,1,1
8200.496000,0,1,1,0,0,1,0,0,0
8203.625521,0,1,0,0,1,1,1,0,0
8207.416718,1,1,0,1,0,1,0,1,1
8214.174535,0,1,1,1,0,0,0,1,1
8220.921678,0,0,0,1,1,0,1,0,0
8230.060520,1,0,1,0,0,0,0,1,0
8230.853338,1,0,1,0,1,1,1,1,0
8233.775008,1,0,1,1,1,0,0,0,0
8239.517765,1,0,1,1,0,1,1,0,1
8246.611079,1,1,0,1,0,0,0,1,0
8254.783676,1,1,1,0,0,1,1,1,1
8260.291684,0,1,0,1,1,0,1,1,1
8265.050273,0,0,1,1,1,1,0,0,0
8270.694273,0,1,0,1,1,1,1,1,0
8272.333334,0,1,1,1,0,0,1,1,1
8280.164877,0,0,0,0,0,1,1,1,1
8288.218051,1,0,0,1,1,1,0,0,1
8288.424611,0,0,1,1,0,0,1,1,1
8294.214506,1,0,1,0,1,1,0,0,1
8301.522467,0,1,1,1,0,0,1,0,0
8308.504660,0,0,0,0,0,0,1,0,0
8316.976663,1,1,0,0,1,1,0,1,0
8324.617017,1,1,1,1,0,0,1,0,0
8324.664042,0,0,0,0,0,1,0,0,1
8329.824954,1,1,0,1,0,0,1,1,1
8339.150703,1,1,1,0,1,0,0,0,1
8342.448077,1,0,0,0,1,1,1,0,0
8345.010397,0,1,0,1,0,1,1,0,1
8354.321259,0,0,0,0,1,0,0,1,1
8357.174538,1,1,0,1,1,0,0,1,0
8359.159307,1,0,1,0,1,1,1,1,0
8360.067193,0,0,1,1,1,0,0,1,1
8367.910546,0,0,0,0,0,0,0,0,1
8373.949194,0,0,1,1,0,0,1,1,1
8380.559080,0,1,0,0,0,1,0,1,0
8388.839599,0,1,1,0,1,0,0,1,1
8391.908684,0,0,0,1,1,1,1,0,1
8401.003425,0,1,1,1,1,1,0,0,0
8402.800362,0,0,1,0,0,1,0,1,1
8406.356172,1,0,1,1,0,0,0,0,0
8413.279557,1,1,0,0,1,1,0,1,0
8416.486758,0,1,1,1,1,0,1,1,1
8418.795220,0,0,1,0,1,0,1,0,1
8426.549067,0,0,0,1,1,1,1,1,1
8428.741338,1,1,1,1,1,1,1,0,1
8430.422299,0,1,0,0,1,0,0,0,0
8440.315643,1,0,1,1,1,1,0,1,0
8444.836739,1,1,0,0,0,1,0,1,1
8445.251568,0,0,1,0,0,0,1,1,1
8446.393393,1,0,1,1,1,1,1,0,0
8449.573799,0,0,0,1,0,0,1,1,1
8454.824274,0,0,0,1,1,1,0,1,0
8457.038491,0,1,1,0,1,0,0,1,0
8465.096938,1,1,0,1,0,0,1,0,0
8467.789976,0,0,0,0,1,1,0,1,1
8472.535400,0,0,0,1,0,1,0,0,1
8477.135200,1,1,0,0,0,1,1,1,1
8478.067324,0,0,0,1,1,0,1,0,0
8482.951556,0,1,1,1,1,0,1,1,1
8483.285856,0,1,0,0,1,1,0,0,1
8484.427093,1,1,1,0,1,0,1,1,0
8493.765395,0,1,0,0,0,0,1,0,0
8500.334775,1,0,0,1,0,1,0,0,0
8508.782363,0,1,0,1,0,1,1,0,1
8509.562506,0,1,1,1,0,0,0,1,1
8514.542981,1,0,1,1,0,1,0,1,0
8522.357154,1,0,1,1,1,0,1,1,1
8525.546241,0,1,1,0,0,1,1,1,0
8532.952750,1,1,1,0,0,0,1,1,1
8533.386508,1,1,1,1,0,1,1,0,0
8542.327012,0,1,1,1,1,1,0,0,1
8548.314674,1,1,1,0,1,1,0,1,0
8553.927358,1,0,1,1,0,1,1,1,1
8557.918990,1,1,0,1,1,0,1,0,1
8562.027272,0,1,0,0,0,0,0,1,1
8564.356970,0,0,1,0,1,1,0,1,1
8569.505183,0,0,0,1,0,0,1,0,0
8575.396005,0,1,1,0,1,1,0,0,1
8579.029454,1,1,0,1,0,1,1,0,1
8580.230334,0,1,0,0,0,1,1,0,0
8580.925709,0,0,0,1,1,1,0,1,1
8584.549535,1,0,0,0,1,1,0,0,0
8592.977569,0,1,0,0,1,0,1,0,0
8601.796989,0,1,1,1,0,0,1,1,0
8606.023757,0,1,0,1,1,1,0,1,1
8610.320624,0,1,0,1,1,0,0,1,0
8612.775295,0,0,1,1,1,1,1,1,0
8613.217752,1,0,0,1,1,1,1,1,1
8617.095016,1,0,0,0,1,1,1,1,1
8624.700890,1,0,0,1,1,0,1,1,1
8634.543011,1,0,1,1,1,1,1,0,1
8634.732671,1,0,0,1,1,1,0,0,1
8644.397509,1,1,1,1,0,0,0,1,0
8652.428475,0,1,1,1,0,0,0,0,1
8659.797159,1,1,1,0,1,1,1,0,1
8666.271871,0,0,0,0,0,1,0,0,1
8669.911605,1,1,0,0,0,1,0,0,1
8676.121134,1,1,0,1,0,1,0,1,0
8679.907883,0,0,1,1,0,1,1,0,0
8685.703394,1,1,1,1,0,1,0,1,1
8691.698757,0,0,0,1,1,1,0,1,1
8698.827507,1,0,1,1,0,0,0,0,0
8702.514886,0,1,1,0,1,0,0,0,1
8704.317176,0,0,0,1,1,1,1,1,0
8713.272734,0,1,1,1,0,0,0,1,0
8717.234605,0,1,1,1,0,0,1,0,0
8722.929797,0,1,1,1,1,0,1,0,0
8728.777319,1,0,0,0,0,1,0,0,1
8733.747272,0,1,0,1,0,1,0,0,0
8734.954034,1,0,0,1,0,0,1,0,1
8743.400136,1,0,1,0,0,0,1,1,1
8749.458059,0,0,1,1,1,1,1,1,0
8753.062939,0,1,1,1,1,1,1,0,0
8760.714689,0,0,1,0,0,0,1,1,1
8768.142632,0,0,0,1,0,1,0,0,1
8774.285150,1,1,1,0,1,1,0,0,1
8774.495085,0,0,1,0,1,1,0,1,1
8780.949113,1,0,0,1,1,1,0,0,1
8781.144414,0,0,1,1,1,1,1,1,1
8783.905874,1,1,0,1,0,0,1,1,0
8792.786295,1,0,1,1,1,0,1,0,0
8800.208913,0,1,1,1,0,1,1,1,1
8807.424381,0,0,0,1,1,0,1,1,1
8813.258131,1,1,1,0,1,1,1,0,1
8817.004255,1,0,1,1,1,1,1,0,1
8818.164559,1,0,0,0,0,1,1,0,0
8825.254797,1,1,0,0,0,1,1,0,0
8828.768649,0,0,0,0,1,0,1,0,1
8838.706672,1,0,0,1,1,1,1,0,0
8847.849615,1,1,1,0,0,0,0,1,1
8854.922507,1,0,1,0,1,0,1,0,0
8863.442208,1,0,1,0,0,1,1,0,0
8871.546973,1,1,1,0,1,1,0,1,1
8880.297098,0,1,0,0,1,0,0,1,1
8888.570955,0,1,1,1,1,1,0,0,1
8895.617513,0,0,1,0,1,0,0,0,1
8903.636432,1,1,0,0,1,1,1,0,0
8912.745612,0,1,1,1,0,0,0,0,1
8912.907886,0,0,1,0,1,1,1,0,1
8917.342405,1,1,1,1,0,1,1,1,0
8919.057520,1,0,0,1,1,1,1,1,1
8928.895499,0,0,0,0,1,0,0,1,1
8931.174049,0,1,0,1,1,0,1,1,1
8940.835349,1,0,1,1,1,0,0,1,0
8942.298467,0,1,0,0,0,1,1,0,0
8944.589189,0,0,1,1,1,0,1,1,0
8947.420484,0,0,0,0,0,0,1,1,1
8955.937116,0,0,0,0,0,0,0,1,1
8958.596810,0,0,1,0,0,0,0,0,0
8967.658006,1,1,0,1,1,1,1,0,1
8970.907166,1,0,0,1,0,0,0,0,0
8972.777668,1,1,1,0,1,1,1,0,0
8979.986902,0,0,1,1,1,0,1,1,0
8986.262375,1,1,0,0,0,1,0,1,0
8990.769967,1,1,0,0,1,0,1,0,1
8992.064955,1,0,1,0,0,0,0,0,0
8995.421551,0,1,0,0,1,1,1,1,0
9004.024632,0,0,0,1,0,0,1,0,0
9009.808636,0,0,0,0,1,1,1,0,0
9013.057174,0,1,1,0,1,0,1,0,1
9021.417587,1,1,1,1,1,1,1,1,1
9029.617767,1,0,0,1,0,1,1,0,1
9030.238174,1,1,1,0,0,1,0,0,1
9037.516927,1,1,0,1,0,1,0,0,1
9038.351177,1,1,0,0,1,1,1,1,0
9039.766177,1,1,0,0,1,0,1,1,0
9048.953044,1,0,0,1,0,1,0,1,0
9051.949696,0,0,0,0,0,0,1,0,0
9059.864798,1,1,0,0,1,0,0,1,0
9064.895235,1,1,1,1,0,0,0,0,1
9074.407479,0,1,0,1,0,1,1,1,0
9083.140000,1,0,1,0,0,1,0,1,0
9087.026117,0,0,1,0,0,1,1,0,1
9089.784688,0,0,0,1,1,1,0,1,0
9096.670246,0,1,1,0,0,0,0,0,1
9104.732455,1,1,1,1,1,1,0,1,1
9112.819147,1,1,0,0,1,0,0,1,0
9122.550796,1,0,1,1,1,0,0,0,0
9132.465090,0,0,0,0,1,1,1,1,1
9134.773552,0,0,1,0,0,0,0,1,0
9141.422766,0,1,0,1,1,1,1,1,1
9147.515307,1,0,1,1,1,0,0,1,1
9151.265932,1,0,1,0,1,1,0,1,0
9153.282541,1,1,0,1,0,1,1,0,1
9154.235827,1,1,1,1,1,0,0,0,1
9156.800171,1,0,0,1,1,1,1,0,0
9164.590150,0,0,1,1,1,1,0,0,0
9171.950081,0,0,1,0,0,0,1,1,0
9177.232604,1,1,0,1,0,0,0,0,1
9186.875497,0,1,0,1,1,0,1,0,0
9186.929967,0,0,0,1,1,0,1,0,1
9190.902626,0,0,1,0,1,0,0,0,0
9200.727818,1,0,0,0,1,1,1,0,1
9209.616818,1,1,1,0,1,0,0,0,1
9211.676436,1,1,1,1,0,1,0,0,1
9212.772661,1,0,1,0,0,0,0,1,0
9214.440161,0,0,0,0,0,1,0,1,1
9219.788058,0,0,0,1,0,1,0,0,0
9220.256718,0,0,1,1,1,1,0,1,1
9229.915490,1,1,0,0,0,0,1,1,1
9236.316949,1,0,0,0,1,1,0,0,0
9240.058033,0,1,0,0,1,0,1,1,0
9241.216412,1,1,0,1,0,1,0,0,1
9245.521618,1,1,1,1,0,1,1,1,0
9249.637852,0,0,1,0,1,0,1,1,0
9257.371939,0,0,0,0,1,0,1,0,0
9261.813537,0,1,1,1,1,1,1,0,1
9267.279106,0,0,1,1,1,1,1,1,0
9272.853743,1,0,1,1,1,1,1,0,0
9275.168660,0,0,1,1,1,1,1,1,0
9280.169160,1,1,1,1,1,0,1,1,0
9289.607418,0,0,1,0,0,0,1,1,0
9290.621984,1,1,1,1,1,0,0,0,0
9293.365691,0,0,1,1,1,0,1,0,1
9301.603752,0,0,1,1,0,0,0,1,1
9301.644431,0,0,0,0,0,0,0,0,1
9304.818488,1,0,1,1,0,0,1,0,0
9313.312615,1,1,0,1,1,1,1,0,1
9316.695019,1,1,1,1,0,1,1,0,1
9321.905211,0,0,0,0,1,0,1,1,0
9331.159017,1,1,1,0,1,1,0,0,1
9332.409892,1,1,1,1,1,0,0,1,0
9334.002325,1,1,1,0,1,0,0,0,1
9334.593328,0,1,1,0,1,1,0,1,0
9344.131189,0,0,1,1,0,0,0,1,1
9353.935130,1,1,0,1,1,0,1,0,0
9356.946033,1,0,0,1,0,0,0,1,0
9364.529506,0,1,0,0,1,0,0,1,1
9367.712006,0,1,1,0,0,0,0,1,0
9373.506418,1,0,0,0,0,1,1,1,0
9374.434898,1,0,1,0,0,1,0,0,0
9375.624840,1,0,0,0,0,0,0,1,0
9376.600886,1,1,1,0,0,1,0,1,1
9379.478861,0,1,0,0,0,1,0,1,1
9382.958429,0,0,1,0,1,0,0,0,0
9390.419001,0,1,1,1,1,0,1,1,1
9400.112909,0,0,1,1,1,1,1,0,1
9407.218193,0,1,0,0,0,1,0,1,0
9410.526255,1,0,0,1,1,0,0,0,0
9415.059909,1,1,1,0,1,0,1,1,0
9419.793161,1,0,1,1,1,1,0,0,1
9429.311925,0,0,1,0,0,1,1,0,0
9434.781129,0,1,1,1,1,0,0,0,1
9438.997516,1,1,0,1,1,1,1,0,1
9443.721448,0,0,1,1,0,1,1,0,1
9444.264767,0,1,1,1,0,0,0,0,1
9446.186176,1,1,1,1,0,0,1,1,1
9455.498225,1,1,0,1,0,1,0,1,1
9462.455051,0,1,1,0,0,1,1,0,0
9468.398853,0,1,0,0,0,0,1,0,1
9477.660672,1,0,0,0,0,1,1,0,0
9486.434637,1,0,1,0,0,1,1,1,1
9486.533666,1,0,0,1,1,1,1,1,1
9494.287737,1,0,0,0,1,1,0,0,1
9501.488017,0,1,1,0,0,0,1,0,0
9507.358875,0,1,1,0,0,1,0,1,1
9508.734738,1,1,0,1,0,1,1,0,0
9517.365012,0,1,0,0,1,1,1,1,1
9523.976175,1,0,1,0,1,1,0,0,1
9526.922617,1,0,1,1,0,0,1,1,0
9530.350694,0,1,1,0,0,0,0,0,1
9538.445103,1,0,0,0,1,1,1,0,1
9546.771062,1,0,0,0,0,0,0,1,1
9550.579269,1,1,0,1,0,0,1,1,1
9555.064305,0,1,0,0,1,0,0,1,0
9559.327174,1,1,0,0,0,0,0,1,1
9568.964810,0,0,1,0,1,0,1,0,0
9573.327790,0,0,0,0,1,1,0,1,0
9578.157204,1,0,0,1,1,0,0,0,1
9580.567729,0,0,1,0,1,0,1,0,1
9589.594854,1,0,1,0,0,1,0,1,0
9593.161389,1,1,1,1,1,1,0,0,0
9597.292410,1,0,0,1,0,1,0,1,0
9598.357134,1,0,1,0,0,0,1,1,0
9599.986837,1,1,0,1,1,0,0,1,1
9602.008253,1,1,0,0,1,1,0,0,0
9605.907169,1,1,0,1,1,1,0,0,1
9611.697063,1,0,1,0,0,1,0,1,0
9618.390781,1,1,1,1,0,1,1,0,0
9626.465600,1,0,0,1,0,0,1,1,1
9632.944213,1,1,1,0,1,1,0,0,0
9639.475172,0,1,1,1,0,0,1,0,0
9644.528859,1,1,1,0,1,0,1,0,1
9645.863059,1,0,1,0,1,0,1,0,0
9647.735217,1,1,1,1,0,0,0,1,1
9657.499946,1,1,0,0,1,0,0,1,1
9665.815332,0,0,1,1,1,0,0,1,1
9667.498121,0,0,0,1,0,0,0,1,0
9671.291845,1,1,0,0,0,0,0,0,1
9679.777912,1,0,1,1,1,0,0,1,0
9684.842158,1,1,1,1,0,1,1,0,1
9689.058422,0,0,1,0,1,1,1,0,1
9692.575554,0,0,1,0,1,0,0,0,0
9700.292233,1,1,1,1,1,1,0,0,0
9709.930605,0,0,0,0,0,1,1,1,0
9714.339198,1,0,1,0,1,0,1,1,0
9718.442352,1,1,1,0,1,0,1,0,1
9727.208709,1,1,0,1,0,0,0,1,0
9727.731286,0,1,0,0,1,1,1,0,0
9727.833456,1,1,0,0,0,0,1,1,1
9736.954423,0,0,0,0,0,1,0,0,1
9742.302111,0,1,1,0,1,0,0,1,1
9743.008242,0,1,0,1,1,1,1,1,0
9747.834341,1,0,0,0,0,1,1,1,0
9751.060077,0,1,1,0,1,1,0,1,0
9752.768223,1,1,1,0,0,0,0,0,0
9757.294318,1,0,0,0,1,1,0,1,1
9762.569516,1,0,1,1,0,1,0,0,1
9767.399890,1,0,0,1,0,1,0,1,1
9774.441002,0,1,1,1,0,1,0,1,1
9777.441702,1,0,0,0,1,1,1,1,0
9785.244120,1,0,0,1,1,1,1,0,1
9786.588051,1,1,0,1,0,0,0,0,1
9793.294789,1,1,1,0,1,0,1,0,1
9797.088513,1,0,1,0,0,1,0,0,0
9803.914227,1,1,1,1,0,1,1,0,0
9806.253977,0,0,1,1,0,0,0,1,1
9811.296489,0,1,1,0,0,1,0,1,1
9814.389053,0,1,0,0,0,1,1,0,1
9820.131414,0,1,1,1,1,0,0,1,0
9823.853633,0,1,1,1,1,0,1,1,1
9830.937258,1,1,1,1,1,1,1,1,0
9839.901858,0,0,0,0,1,1,1,1,0
9840.902758,1,0,0,1,0,1,1,0,0
9845.903258,0,1,0,1,1,0,0,0,0
9855.288795,0,0,0,0,0,0,0,1,1
9862.283631,0,1,0,0,0,1,0,1,0
9869.171359,0,1,1,1,1,1,0,0,1
9874.629560,1,0,0,1,1,1,1,0,1
9877.945736,0,0,1,0,0,1,0,0,1
9879.501575,1,1,0,1,0,1,1,1,0
9888.732421,0,0,0,1,0,0,0,1,1
9891.114135,0,0,0,0,0,1,1,1,1
9893.331894,0,0,0,0,0,1,0,1,1
9899.174337,1,0,0,1,1,1,1,1,1
9902.032194,0,1,0,0,1,1,0,1,0
9902.105651,1,1,1,0,1,1,0,0,0
9905.561590,0,0,0,0,0,0,1,0,0
9911.121601,1,1,1,0,1,0,0,1,1
9919.723891,0,0,0,1,0,0,0,0,0
9924.542336,1,0,1,1,1,1,0,1,1
9925.393251,0,1,0,1,1,1,1,1,1
9926.432399,0,1,1,0,1,0,1,1,1
9933.836914,1,1,1,1,1,1,0,0,1
9941.579075,0,1,0,0,0,0,1,1,0
9943.461075,0,1,1,1,1,1,1,0,0
9943.532121,0,1,0,1,1,0,0,0,0
9946.343430,0,1,1,1,0,0,1,1,1
9949.481371,0,0,0,1,0,0,0,0,0
9957.841627,0,0,0,1,1,1,0,0,1
9959.393274,0,0,0,1,0,0,1,1,0
9961.785339,1,0,0,1,1,1,0,0,1
9971.600173,1,0,1,0,1,0,1,1,1
9976.707958,0,1,0,0,0,0,0,0,0
9982.405788,0,1,0,1,1,1,1,1,0
9986.129993,1,0,0,1,1,0,0,0,0
9988.665461,1,1,1,1,0,1,0,1,1
9997.472325,0,0,0,1,1,0,0,0,0
