t,finish1,finish2,finish3,release1,release2,release3,start1,start2,start3
2.478261,1,1,0,1,1,0,1,1,0
6.125955,0,0,1,0,0,1,0,0,1
10.268370,0,0,0,1,0,1,0,0,1
12.526481,1,0,0,1,1,0,1,1,0
21.193281,0,0,0,1,0,1,0,0,0
28.410342,1,0,0,0,0,0,1,0,1
31.240007,0,0,0,1,1,1,1,1,1
34.561570,0,0,0,0,0,1,0,0,0
34.757356,1,1,1,0,1,0,0,0,1
37.519985,0,0,1,1,0,1,1,1,1
38.144808,1,0,0,0,0,1,1,0,0
41.994220,1,1,0,1,0,1,0,0,0
48.054217,0,1,0,1,0,0,0,0,1
52.926525,0,1,0,1,1,1,0,1,0
53.125347,1,1,0,0,1,1,1,1,1
56.631972,0,0,0,1,0,1,1,0,0
60.903379,1,0,0,0,0,0,1,0,0
63.626879,1,0,1,0,0,0,0,0,1
68.394844,0,0,0,0,1,0,0,1,1
76.532566,1,1,0,1,1,0,1,0,0
82.896566,1,0,0,0,0,0,1,1,0
88.743755,1,1,1,1,0,0,1,0,1
95.223858,0,0,1,1,1,1,1,0,1
99.224458,1,0,0,1,1,0,0,1,0
100.108253,0,0,0,1,0,1,0,0,1
106.084986,0,0,1,1,1,1,1,0,1
110.596174,1,1,1,1,1,1,1,1,1
115.192459,0,1,1,0,0,0,0,0,0
122.092769,1,0,1,1,1,1,1,0,1
123.825879,0,0,0,1,0,1,1,1,1
126.542905,0,0,0,0,0,1,0,0,1
130.142803,1,0,1,0,1,1,0,0,0
131.917819,0,0,0,1,1,1,1,0,0
140.554319,1,1,0,1,0,0,1,0,0
141.620786,0,0,1,1,0,0,1,1,1
150.742738,1,1,1,1,0,0,1,0,1
156.448086,0,0,0,0,0,1,0,0,1
163.948336,1,0,1,1,1,1,0,0,0
171.120336,1,0,1,0,1,1,1,1,1
176.236565,0,1,0,0,1,0,0,1,0
185.845542,0,0,1,0,1,1,1,1,0
192.384350,0,0,1,1,1,0,0,0,1
198.672857,0,0,1,0,0,0,1,1,0
203.374798,1,1,0,1,0,0,0,0,0
206.441529,0,0,0,1,0,0,1,0,1
208.634428,0,1,1,1,0,0,1,0,0
209.544428,1,1,1,0,1,1,0,0,1
217.877928,0,1,1,1,0,0,1,1,0
224.683126,1,0,1,1,1,0,1,1,0
228.877255,1,0,1,1,1,0,0,0,0
232.016742,0,1,0,0,0,1,0,1,1
232.597394,0,0,1,1,1,1,0,0,0
232.984622,1,0,0,1,1,1,1,0,0
236.122563,1,0,0,0,0,0,1,1,1
237.765628,0,1,0,0,1,0,0,1,0
246.116487,1,1,1,1,1,1,1,1,0
254.678034,1,1,0,0,1,0,0,0,1
256.709170,1,0,1,0,0,0,1,0,1
265.080800,0,0,1,1,0,1,1,0,0
274.925106,1,1,1,0,1,1,1,1,0
280.921462,0,0,0,0,1,1,0,1,1
284.703902,0,0,1,0,0,1,0,0,0
287.298499,1,0,0,1,0,0,0,0,1
294.837207,1,1,0,1,1,0,1,0,0
295.598009,0,1,0,0,1,1,0,1,1
301.306593,1,1,0,1,1,1,1,1,0
303.816896,1,0,1,0,0,1,1,1,0
304.292626,0,1,1,1,0,0,0,1,1
306.080281,1,0,1,0,0,1,1,0,0
312.764686,1,0,0,1,1,1,0,0,1
322.380109,0,0,1,0,0,1,1,1,1
323.265107,1,0,0,1,0,0,0,0,0
325.131677,1,1,1,1,1,1,1,1,1
334.980529,0,0,0,0,1,0,1,0,0
343.021661,0,0,1,0,1,1,1,1,0
345.320568,1,1,1,0,1,1,0,1,1
345.877068,0,0,0,0,0,1,0,0,0
347.881179,1,1,1,1,1,1,1,1,1
352.374630,1,0,0,1,1,1,0,1,1
354.408853,1,1,0,1,0,1,0,1,1
360.235357,0,1,0,0,1,1,0,1,0
365.610100,1,0,0,0,0,1,1,1,0
370.539257,0,0,0,1,0,0,0,1,0
371.507902,1,1,0,0,0,0,1,0,1
381.059349,1,1,0,0,1,1,1,0,0
381.433875,0,0,1,1,0,1,0,0,0
384.616375,1,0,1,0,1,0,0,1,1
388.997102,0,1,0,0,1,0,0,0,0
389.684308,1,1,0,1,1,0,1,0,0
394.865202,0,0,0,1,1,0,0,0,1
403.990765,1,1,1,1,1,1,1,1,0
413.305721,0,0,1,1,1,0,0,1,1
419.916587,1,1,1,1,0,1,1,1,0
426.639603,0,0,0,1,0,1,1,1,1
435.615316,0,0,0,0,1,0,0,1,0
437.618716,1,1,1,1,1,0,1,1,1
442.833854,0,0,0,1,0,0,1,1,1
444.673751,1,0,1,1,1,1,1,1,0
451.496729,1,0,1,0,0,0,1,0,0
457.611403,0,1,1,0,0,0,0,0,0
462.551536,1,1,1,0,1,1,1,0,0
467.603365,0,1,1,0,0,1,0,1,1
470.495643,1,0,0,1,0,0,1,1,0
476.777421,1,0,0,0,1,0,1,0,1
486.594958,1,1,1,1,0,0,1,1,0
487.295342,0,0,0,1,0,1,0,0,1
487.676652,0,1,0,0,1,0,0,1,0
488.571603,1,0,0,1,1,1,1,0,0
495.926939,1,0,0,0,1,1,0,0,0
502.381839,1,1,1,0,0,1,1,0,1
504.349663,1,1,1,0,0,1,0,0,0
511.862349,0,0,0,1,0,1,0,1,0
521.557036,0,1,0,0,0,1,0,0,0
529.570934,0,1,0,1,0,1,0,0,0
538.905073,0,1,1,1,1,1,1,0,1
544.651355,0,0,0,1,0,1,1,1,1
549.399237,1,1,0,1,0,1,0,0,0
556.186027,1,0,1,1,1,0,0,0,0
562.345352,0,1,0,0,1,0,0,1,1
562.543571,0,1,0,1,1,1,0,1,0
567.400446,0,0,1,1,1,1,0,1,0
576.740038,0,0,0,0,1,1,1,1,0
581.444001,1,0,0,1,0,1,0,0,1
583.513760,0,1,1,0,0,1,1,0,1
592.435853,1,1,0,1,0,1,0,0,0
600.017491,0,0,0,0,0,1,1,0,0
604.416044,1,0,1,0,1,0,0,1,1
610.341776,0,1,1,0,0,0,1,0,0
619.324929,0,1,0,1,1,1,1,1,0
620.930419,1,0,0,1,1,0,0,0,0
625.322672,1,1,1,1,1,0,1,0,1
627.185730,1,1,0,0,0,0,1,1,0
631.012435,1,0,1,0,1,1,1,0,1
638.512685,0,0,0,0,1,0,1,1,0
647.600228,0,0,1,0,1,0,1,1,1
649.844191,1,0,1,1,0,1,0,1,1
652.206066,1,0,1,0,1,0,0,1,1
653.247686,1,0,1,0,0,0,0,0,1
661.956302,1,0,0,0,1,0,1,1,1
667.698539,0,0,0,1,0,0,0,1,0
675.505865,0,0,0,0,1,1,0,0,1
681.426273,1,0,0,1,0,0,1,0,0
690.113427,0,0,0,1,0,0,0,0,1
691.871827,0,0,1,0,0,1,1,1,0
692.503394,0,1,1,1,0,1,0,1,1
697.359214,0,0,0,0,1,0,0,1,1
702.445701,0,0,0,0,0,0,1,1,0
707.070442,1,1,0,1,1,0,1,1,1
715.386400,0,0,0,0,0,1,0,1,1
722.445518,1,1,0,1,1,0,1,1,0
731.736927,1,1,0,1,1,1,1,0,0
735.691780,1,1,1,1,0,0,0,0,1
740.754002,0,1,0,0,1,0,1,1,1
744.522978,0,0,0,1,0,0,0,0,0
753.442005,1,0,0,1,0,0,0,1,1
755.982716,1,1,1,0,1,0,0,0,0
760.420571,1,1,1,0,1,0,1,1,0
761.733940,1,1,1,1,1,0,1,0,1
762.888670,1,1,0,0,1,0,1,1,1
767.295170,0,1,0,0,1,1,1,1,0
776.195915,1,1,1,0,0,1,1,0,0
777.420034,1,1,0,0,1,1,0,0,1
778.190188,0,0,0,1,1,0,0,0,0
788.170089,1,1,0,1,0,1,1,0,0
796.109994,0,0,1,0,1,0,0,1,0
801.581711,0,0,1,0,0,1,0,0,0
803.950895,0,0,0,1,0,0,1,1,0
811.877612,1,0,1,0,1,0,1,0,0
814.109528,1,0,0,0,0,0,0,1,1
818.286940,1,0,1,1,1,0,1,0,1
822.193457,0,1,0,1,1,0,1,1,0
830.152845,0,1,0,1,0,0,1,0,1
837.451095,1,1,1,0,1,0,0,1,1
839.322769,1,1,1,1,0,0,0,0,1
843.918898,0,0,0,1,1,0,0,1,0
853.141905,0,0,1,1,1,1,1,1,0
856.952048,1,1,0,1,1,1,1,1,0
864.351772,1,0,1,1,0,0,1,0,1
869.793404,1,0,0,1,1,1,0,1,1
879.091720,1,0,1,0,1,0,1,1,0
884.672031,1,1,1,0,1,1,1,0,1
893.429217,0,1,0,1,0,1,0,1,1
896.387186,0,1,0,1,1,0,1,0,0
897.974504,1,1,0,0,0,1,1,0,1
906.150510,1,0,1,1,1,1,0,0,0
914.484010,0,0,1,0,0,0,1,1,1
915.798364,0,0,0,1,0,0,1,1,0
925.778041,0,1,1,1,0,0,1,0,1
927.822632,0,0,1,1,1,0,1,1,1
934.297720,1,0,1,1,0,0,1,0,1
936.595445,0,0,1,1,1,1,1,1,1
945.306036,0,1,0,1,0,1,1,0,0
947.505092,1,0,0,1,0,0,0,0,0
949.421068,1,0,0,1,0,0,0,0,1
954.068068,0,0,1,1,1,1,1,1,1
955.132791,1,0,0,0,1,0,0,0,0
959.557312,0,1,0,0,1,0,1,1,0
960.566795,1,0,0,0,0,1,0,0,0
963.828615,1,0,0,0,0,1,0,0,0
965.590123,1,1,0,1,0,1,0,0,0
967.379179,0,1,1,1,1,1,0,0,1
968.913359,1,0,0,1,0,1,0,1,0
971.536205,1,0,0,0,0,0,0,1,1
979.099900,0,0,0,1,0,1,1,1,1
984.282864,1,1,1,0,1,0,0,0,1
992.186599,0,0,1,0,0,1,1,0,0
999.258320,1,1,0,0,1,1,1,0,0
1004.968894,0,0,0,1,0,0,1,0,1
1011.186805,1,0,1,1,1,0,1,1,0
1019.798055,1,0,0,1,0,1,1,0,1
1025.695239,1,1,0,0,1,1,0,1,1
1031.211383,0,1,0,1,0,1,1,0,1
1035.154296,1,0,0,0,0,0,0,1,1
1036.162947,1,0,0,1,0,1,0,1,1
1037.462519,0,0,0,0,1,0,0,0,0
1043.752987,0,0,1,0,1,0,0,1,0
1047.277027,0,0,0,0,0,1,1,0,1
1054.124281,0,0,1,0,0,1,1,1,1
1054.927735,1,1,1,1,0,1,1,1,1
1063.722498,1,1,1,0,0,0,1,0,1
1067.940583,0,1,1,1,1,0,1,0,0
1070.618278,1,1,0,1,1,1,1,1,1
1077.019666,1,1,1,1,0,0,1,0,1
1079.200681,0,0,1,1,0,1,0,1,0
1088.784056,0,0,0,0,1,0,0,0,1
1095.754056,1,0,0,1,0,1,1,1,1
1103.025693,1,1,0,1,1,0,0,0,0
1105.925909,1,0,1,1,1,1,0,0,1
1114.264444,0,1,0,0,0,0,0,0,0
1115.768458,1,1,0,0,1,0,0,1,0
1120.444315,0,0,1,1,0,0,0,0,0
1127.300300,0,0,1,1,0,0,1,0,1
1133.950012,0,1,0,1,0,0,0,0,1
1138.961798,0,0,0,0,1,0,1,1,1
1140.722456,0,0,1,0,1,0,0,1,0
1143.990001,1,1,0,1,0,0,0,0,1
1153.089293,1,1,1,0,0,1,0,0,0
1157.294724,0,1,0,0,0,0,0,0,1
1166.101601,0,0,1,0,1,1,1,0,1
1167.277952,0,1,0,1,0,0,0,1,0
1169.409887,1,0,1,0,1,1,1,1,0
1174.870111,0,1,1,0,0,1,0,0,0
1174.946697,1,1,1,1,1,0,0,0,1
1176.824342,0,0,0,0,0,0,1,1,1
1179.625062,1,0,0,0,0,1,0,0,1
1189.482220,0,1,1,0,1,0,0,1,0
1190.545205,0,1,1,1,0,1,1,1,1
1200.314563,1,1,0,1,1,0,1,1,0
1209.095935,0,1,1,0,0,1,1,1,1
1215.344970,1,0,1,0,1,0,0,1,0
1223.372691,0,1,1,0,1,0,1,1,0
1229.215803,0,1,1,1,1,1,0,0,1
1234.998043,0,0,0,0,1,1,1,1,1
1237.376655,1,0,0,1,0,0,0,1,0
1244.803289,0,0,0,1,1,0,0,1,0
1249.893600,1,0,1,1,1,1,0,0,1
1251.800660,0,1,0,1,1,0,1,0,0
1259.649393,1,1,0,1,1,1,1,1,1
1264.943981,0,1,1,0,1,1,0,1,1
1274.840899,1,1,1,1,0,0,0,1,0
1279.944074,1,0,0,0,0,0,1,0,0
1282.395810,1,0,0,0,1,1,1,0,0
1288.711967,0,0,1,0,0,0,1,1,0
1296.449036,1,0,0,0,1,1,0,1,1
1302.560536,0,1,1,0,1,0,0,1,0
1303.347782,0,1,0,0,1,0,0,0,0
1312.616148,0,0,0,1,1,1,0,0,0
1319.090859,1,1,1,1,0,1,0,0,0
1322.116388,1,1,1,1,1,1,1,0,1
1326.145590,1,1,1,0,0,0,1,0,0
1328.784363,0,1,1,1,1,1,0,0,1
1329.023435,1,0,0,0,1,1,1,1,1
1338.855227,0,1,0,0,0,1,1,0,0
1339.907335,0,0,0,0,0,1,0,0,1
1347.356570,0,0,1,1,0,0,0,1,0
1352.487350,1,0,1,0,1,0,1,0,0
1356.565864,0,1,1,0,0,1,0,0,1
1358.371841,0,1,0,0,0,1,1,1,1
1362.649449,0,1,0,1,1,0,1,0,1
1368.113820,1,0,0,1,0,0,1,1,0
1371.573330,1,1,0,0,0,1,0,1,0
1374.810188,1,0,1,1,1,1,1,1,0
1383.132503,1,1,1,0,1,0,1,1,1
1389.092907,1,0,0,0,0,0,0,0,0
1392.985297,1,1,0,0,0,1,0,0,0
1393.907774,0,1,0,1,0,1,1,0,1
1397.173404,1,1,1,0,1,0,0,0,0
1400.877738,1,0,0,0,0,1,1,1,1
1409.603355,1,0,1,0,1,1,1,1,0
1410.917870,0,1,1,0,0,0,0,1,1
1410.918870,1,1,0,1,1,1,1,1,1
1411.877350,0,0,0,0,0,1,0,1,1
1415.563695,0,0,0,1,0,0,1,0,1
1421.135567,0,0,0,1,1,1,0,1,0
1425.921982,0,0,0,0,0,1,0,0,1
1433.738417,0,1,1,0,1,0,1,1,1
1442.430531,0,0,1,0,0,1,0,0,1
1451.003801,0,0,1,0,0,0,0,1,0
1454.649296,0,0,1,1,0,0,1,1,1
1463.290547,1,1,1,1,1,1,0,1,1
1470.983086,1,0,1,1,0,1,1,1,1
1480.368141,1,1,0,0,0,1,0,0,1
1484.868691,1,0,1,1,0,1,0,0,0
1492.000957,0,1,1,0,1,0,0,0,0
1501.370390,0,0,0,1,1,1,1,1,1
1504.509374,0,1,0,0,0,1,1,1,1
1504.568339,0,0,0,1,1,1,0,0,1
1512.548339,1,1,1,0,1,1,1,1,1
1522.426276,0,0,1,1,1,1,1,1,0
1523.249705,1,0,0,1,1,1,1,1,0
1527.909330,1,1,0,0,0,0,1,0,0
1529.252661,1,1,0,0,1,1,0,0,1
1537.230703,0,1,0,1,0,1,0,0,1
1540.304021,1,1,1,1,0,1,0,1,1
1545.788344,1,1,1,0,1,1,0,1,0
1554.155854,0,0,0,0,1,0,0,0,0
1561.994780,0,0,1,1,0,0,0,1,0
1571.671071,0,0,1,1,1,1,0,0,0
1574.238006,1,1,0,1,0,0,1,1,0
1575.066781,0,1,1,0,0,1,1,1,0
1579.655558,0,1,0,0,1,1,0,1,1
1587.986778,0,1,0,0,1,0,1,1,1
1587.987778,1,0,0,0,1,1,1,0,1
1589.054502,1,0,0,1,0,1,0,1,1
1592.127942,0,1,1,0,1,1,1,1,0
1599.897089,0,1,0,1,1,0,1,0,1
1609.757633,1,0,0,1,1,0,0,0,0
1619.675133,1,0,1,0,1,0,0,1,0
1623.336481,1,1,0,1,1,0,0,0,0
1628.631070,1,0,0,0,0,0,1,1,1
1638.005282,1,0,0,1,1,0,1,1,1
1639.046550,1,0,0,0,0,1,1,1,0
1643.682328,0,1,0,1,0,0,1,1,1
1644.859681,0,1,0,1,0,0,0,0,1
1646.220463,0,0,1,1,1,0,1,1,1
1649.713937,1,0,0,1,1,1,1,0,0
1658.353741,1,1,1,1,1,1,1,1,0
1664.560382,1,0,0,0,0,0,0,1,0
1667.923491,0,0,0,0,1,0,0,0,0
1669.164472,1,0,0,0,0,0,1,1,0
1677.138063,1,1,1,0,0,0,1,1,0
1686.617469,0,0,1,1,1,1,1,0,1
1694.245984,1,0,0,0,0,0,0,1,0
1696.637455,0,0,1,1,1,0,0,1,0
1698.232205,1,1,0,0,1,1,0,1,1
1704.414143,0,1,0,0,1,1,0,0,0
1710.267469,1,1,0,1,0,1,1,1,0
1716.479360,1,0,0,1,1,1,1,1,1
1723.128285,0,1,1,1,1,0,0,0,0
1731.490272,0,1,1,0,0,0,1,0,1
1735.337042,1,1,0,0,0,0,0,1,1
1743.944092,1,0,1,0,1,0,1,1,0
1748.901862,0,1,1,0,0,1,0,1,0
1753.988298,1,1,0,1,0,1,1,0,0
1754.259542,0,1,0,0,1,0,0,0,1
1760.457486,0,0,1,1,1,0,0,0,0
1760.576122,1,0,1,1,1,0,1,1,0
1762.783556,1,1,1,0,1,1,1,0,1
1768.913329,0,1,0,1,1,0,0,0,0
1774.742251,0,0,1,1,0,0,1,1,1
1782.110935,1,0,1,1,0,1,0,0,0
1790.488994,0,0,1,1,1,1,1,1,1
1792.576033,0,0,1,0,0,1,0,1,0
1797.799725,1,1,1,0,0,0,1,1,1
1803.868270,0,1,1,0,1,0,1,0,1
1808.245360,1,1,1,0,0,0,0,0,0
1811.770500,0,1,1,1,0,0,0,1,1
1816.647046,1,0,1,1,1,1,1,1,0
1825.124950,1,0,0,1,1,1,0,1,1
1827.508427,0,0,0,1,1,1,0,0,1
1829.515596,1,1,0,0,0,0,1,1,0
1831.778275,0,1,0,1,0,0,1,0,1
1834.038608,1,1,0,0,0,1,1,1,0
1834.444366,1,0,1,1,1,0,0,0,1
1835.190633,1,0,1,0,0,0,1,0,1
1837.734932,0,1,1,1,0,0,0,1,0
1844.242324,0,0,1,1,1,1,1,0,0
1848.412518,0,1,1,1,0,0,0,1,1
1852.356386,1,0,0,0,1,1,0,1,1
1855.198139,0,1,1,1,1,0,1,0,1
1862.627508,1,0,0,0,1,0,0,0,0
1868.303616,0,1,0,1,1,0,0,0,1
1874.330504,1,1,0,0,0,0,1,0,1
1879.959356,0,1,1,0,0,0,1,0,0
1881.739085,1,1,0,1,1,1,1,1,1
1881.911889,0,0,1,0,0,1,1,1,0
1888.702334,1,1,1,1,0,0,1,0,1
1890.069564,1,0,0,1,1,0,1,0,0
1898.302750,1,1,0,0,1,1,0,1,0
1899.578926,0,1,1,1,1,0,0,1,0
1909.200345,1,0,0,0,1,1,1,0,0
1915.161752,1,0,1,0,1,1,1,0,0
1922.767795,1,0,1,0,1,0,0,0,1
1932.192986,0,0,0,1,1,1,0,1,0
1937.703113,1,1,1,0,1,1,1,1,1
1944.846256,1,1,1,1,0,1,1,0,1
1947.347006,0,0,1,0,1,0,0,0,0
1955.461672,1,1,0,1,0,1,1,1,0
1955.578603,0,0,0,1,0,1,0,1,1
1956.763363,1,1,0,1,1,0,1,0,0
1962.243432,0,0,0,0,0,1,0,0,1
1970.980149,0,0,1,1,0,0,0,1,0
1971.120024,0,1,1,1,1,1,0,1,1
1980.936219,0,0,1,0,0,1,1,0,1
1981.726614,1,1,0,0,0,1,0,1,1
1990.687985,1,0,0,0,1,0,1,1,1
1996.066794,0,0,0,1,1,0,0,0,1
1998.025345,0,0,0,0,0,0,0,1,1
2006.855249,0,1,0,0,0,0,0,0,1
2014.146490,0,0,1,1,0,1,0,1,0
2016.642752,0,0,1,1,0,1,1,1,0
2026.480606,1,0,0,0,1,1,1,0,1
2033.261344,0,1,0,0,0,0,0,0,0
2037.836354,1,1,0,0,0,0,0,1,1
2044.296168,0,1,0,1,1,0,1,1,0
2050.819625,0,1,1,0,0,0,1,1,0
2059.627084,0,0,0,1,0,1,0,1,0
2068.297737,1,0,0,0,0,1,1,0,1
2068.337343,1,0,1,1,0,1,0,0,1
2077.047149,1,1,1,1,1,0,0,0,0
2081.469961,0,1,1,0,0,0,0,0,1
2090.074752,1,1,1,0,0,1,1,0,0
2092.125861,0,1,1,0,0,0,0,1,1
2093.880417,0,0,1,0,1,1,1,1,1
2097.781027,1,0,0,0,1,0,1,1,1
2104.746243,0,1,1,1,1,0,1,0,1
2112.361263,0,1,1,0,0,1,0,0,0
2121.631553,1,1,1,1,0,1,1,0,0
2125.493553,1,1,1,0,0,0,0,1,1
2128.870839,0,1,0,1,0,1,1,0,1
2138.402136,1,1,1,1,1,1,1,1,0
2141.913680,0,0,0,1,1,0,1,1,1
2143.425433,1,0,1,0,0,0,0,0,0
2146.463166,0,0,0,1,1,1,1,1,0
2150.309085,1,1,0,0,0,0,0,0,0
2157.921824,1,1,0,1,0,0,1,0,0
2163.742755,1,1,1,1,1,1,0,1,0
2168.696820,1,0,1,0,1,1,1,0,0
2171.235289,0,0,0,1,0,0,1,0,1
2176.354421,0,1,0,0,0,1,0,0,1
2177.527179,1,0,1,1,1,0,1,1,1
2178.785196,0,1,0,1,0,1,1,1,1
2179.262339,1,0,0,0,1,1,0,1,1
2180.868530,1,0,0,1,1,1,0,0,0
2187.416190,1,0,1,1,0,1,0,1,0
2195.063484,0,0,1,0,0,1,0,0,1
2199.551214,0,1,1,1,0,1,1,0,0
2206.198609,0,0,1,1,1,1,1,0,1
2206.236437,1,0,0,0,0,1,1,0,0
2210.150089,1,1,1,0,0,1,1,1,0
2219.316839,1,1,0,1,1,1,0,1,0
2223.518163,1,1,1,0,1,0,1,0,0
2233.147830,1,0,0,1,0,1,0,1,0
2240.484491,0,0,1,1,1,1,1,0,1
2248.211394,1,1,0,1,0,0,1,1,1
2251.776394,1,1,1,0,1,1,0,1,1
2256.439427,0,0,0,1,1,1,1,0,1
2260.764319,0,1,1,0,0,1,0,1,1
2262.308789,1,1,1,1,1,1,0,1,1
2266.973430,1,0,0,1,1,1,1,0,0
2268.402859,1,1,1,0,0,1,1,0,1
2268.856888,0,0,0,1,1,1,1,1,0
2274.778348,0,0,1,0,1,1,0,1,1
2278.988282,1,0,1,1,0,1,1,1,0
2288.155032,0,0,0,0,1,0,1,1,0
2289.521601,0,1,0,1,0,0,0,0,1
2297.076955,0,0,1,0,1,1,1,0,1
2299.676380,1,0,0,0,0,1,0,1,0
2305.791226,1,0,0,0,1,0,0,1,1
2305.792226,0,1,0,1,1,1,0,0,0
2315.470973,0,1,1,1,1,0,1,1,0
2319.088085,0,1,0,1,1,0,0,0,0
2322.893052,0,0,0,0,0,1,1,0,1
2324.874685,0,0,0,1,0,0,1,1,1
2331.492359,1,0,1,1,1,0,0,0,1
2339.973653,1,0,0,1,1,1,1,0,1
2340.428650,1,1,1,0,1,0,0,1,0
2341.981396,1,0,0,0,1,1,1,1,0
2350.041291,0,1,0,1,0,0,0,0,1
2352.780607,0,0,1,0,1,0,0,0,0
2359.228650,0,0,0,1,0,0,1,1,1
2363.070326,0,0,1,0,1,1,0,1,1
2371.959326,0,1,1,1,0,0,0,0,0
2378.934580,1,1,0,0,0,0,0,1,0
2386.188161,1,1,0,0,1,0,0,1,1
2389.162777,1,0,0,1,1,1,0,0,1
2391.781440,0,0,0,1,1,1,0,1,1
2398.145440,0,0,0,0,0,0,0,1,0
2403.503047,1,0,0,1,0,0,1,1,1
2409.528444,1,1,0,0,0,1,1,0,0
2413.003673,0,1,1,1,0,1,0,1,1
2413.978173,0,1,0,0,1,0,1,0,1
2418.651603,0,1,0,0,1,0,1,1,1
2423.238132,1,1,1,1,1,0,1,0,0
2430.674285,0,0,0,1,0,1,0,1,1
2439.154247,1,0,1,0,1,0,0,1,1
2445.355745,1,0,0,0,0,0,1,0,0
2446.282025,0,1,1,0,0,1,1,1,1
2455.081459,0,1,1,0,0,0,1,0,0
2456.998934,1,0,1,1,1,0,1,1,1
2464.871743,0,1,1,0,1,0,1,1,0
2470.166331,0,1,1,1,0,0,1,0,0
2471.218111,1,0,1,1,1,1,1,1,0
2479.194504,0,0,1,1,0,0,0,0,1
2485.377504,1,1,1,1,1,0,0,1,0
2493.910984,1,1,1,0,1,1,1,1,0
2500.744879,1,0,1,1,1,0,1,1,1
2508.747853,1,1,0,1,1,1,1,1,1
2517.403557,1,0,1,1,0,1,0,0,1
2526.494557,1,1,0,0,1,0,0,1,1
2533.938576,0,1,1,0,1,0,1,1,1
2536.206352,1,0,0,1,1,0,0,0,1
2539.332039,1,0,1,0,0,1,0,0,1
2545.570660,1,1,1,1,1,0,0,1,0
2550.240897,0,0,0,0,1,0,1,1,0
2558.473397,1,1,0,1,0,1,1,1,0
2562.321530,1,1,1,0,1,1,0,1,0
2568.816308,0,0,0,1,0,0,1,0,1
2571.873382,0,0,0,1,1,0,0,1,1
2575.979932,0,1,0,0,0,1,0,0,0
2584.468455,1,0,0,1,0,0,1,0,0
2593.554966,0,1,0,0,0,1,1,0,1
2599.209247,1,0,1,1,1,0,1,0,1
2609.131494,1,0,0,1,1,0,1,0,0
2613.457385,1,0,0,0,1,0,0,1,0
2620.811147,1,0,1,0,0,1,1,0,1
2629.291299,1,0,0,1,0,1,1,1,0
2635.189145,1,1,0,1,0,1,0,1,1
2643.806602,0,1,1,1,1,1,1,1,1
2653.535442,1,1,0,0,1,1,0,0,1
2663.215925,0,1,0,1,0,0,0,0,1
2670.820332,0,1,0,0,1,1,1,0,1
2671.843957,0,1,1,1,1,0,0,1,0
2679.459580,1,0,0,1,0,1,0,1,1
2683.399580,0,1,0,1,1,0,0,0,0
2692.297894,0,0,0,1,0,1,0,1,0
2694.736666,0,1,0,1,1,0,1,1,0
2694.853039,1,1,0,1,1,0,1,0,0
2704.456603,1,0,0,0,0,0,1,1,0
2706.375515,1,0,1,0,1,1,1,0,1
2710.421418,0,0,1,0,1,1,1,1,1
2719.726698,1,1,0,1,1,0,0,1,1
2726.814709,1,1,0,1,0,1,1,1,0
2730.504660,0,0,1,0,0,0,1,0,1
2737.735080,0,1,1,0,0,1,0,0,1
2740.802440,0,0,1,0,1,1,1,0,0
2748.881144,1,1,1,1,0,1,1,0,1
2755.938042,1,1,1,1,1,1,0,1,1
2763.967852,1,1,1,1,0,1,0,0,1
2766.444795,1,0,0,1,0,0,1,1,0
2768.047771,1,1,1,1,1,0,1,0,0
2768.373063,1,0,1,0,0,1,1,1,1
2774.277087,1,1,0,0,1,0,1,1,1
2777.032632,1,0,1,0,1,1,1,0,0
2784.969049,1,0,0,0,1,1,0,1,1
2786.860240,0,0,1,0,1,0,1,1,1
2791.010485,1,1,0,1,0,1,0,0,1
2796.683527,1,1,1,1,1,1,1,1,0
2802.435586,0,0,1,1,1,1,0,1,1
2811.796672,1,0,0,1,0,1,1,0,0
2811.797672,0,1,1,1,0,1,1,1,1
2813.106092,1,0,0,0,1,1,0,1,1
2819.406253,1,1,0,1,1,1,1,1,1
2829.099080,0,1,1,0,1,0,0,1,0
2834.529644,0,1,0,1,1,0,1,0,0
2840.112504,1,1,1,0,1,1,1,1,0
2843.382016,0,0,0,0,0,0,1,0,0
2844.415579,1,0,0,0,1,1,0,1,0
2846.144932,0,0,0,1,0,1,0,0,0
2853.722371,0,0,1,1,0,0,0,0,1
2860.561397,0,0,0,1,1,0,1,0,0
2869.849930,0,1,1,0,0,1,0,1,0
2875.035596,0,0,0,0,1,0,0,0,1
2883.061545,0,1,1,1,0,1,1,1,1
2891.299426,1,0,1,1,0,1,0,0,1
2892.897669,1,1,1,1,1,1,0,0,0
2899.429866,0,0,1,1,0,0,1,0,0
2900.002238,0,0,0,0,0,0,0,0,1
2908.769028,0,0,0,1,0,0,1,0,0
2909.033159,1,1,0,0,1,1,0,0,1
2910.163990,0,0,1,1,0,1,0,1,0
2916.187779,0,0,0,1,0,1,0,0,1
2918.063592,1,0,1,0,0,0,0,1,0
2922.427363,1,0,0,0,1,0,1,0,1
2923.808026,1,1,0,0,1,1,0,1,1
2928.772297,0,1,1,1,1,0,1,1,1
2938.300434,0,0,1,0,1,0,0,0,1
2942.819184,1,1,0,0,1,0,1,1,1
2942.820184,1,1,0,0,0,0,0,1,1
2946.281602,0,0,1,0,0,0,0,1,0
2949.727636,0,1,1,1,1,0,1,0,0
2955.495603,1,0,0,1,0,1,0,0,1
2960.180819,0,0,0,0,0,0,1,0,0
2960.714311,1,0,0,1,1,1,1,1,0
2961.873089,1,1,1,1,0,0,1,1,1
2968.476169,1,1,1,1,1,1,0,1,0
2977.180002,1,1,1,1,0,1,1,1,0
2986.071866,0,1,1,0,1,0,0,1,1
2989.687528,0,0,0,0,1,1,1,1,1
2999.445616,0,0,1,0,0,1,0,0,0
3002.518205,0,1,1,1,1,1,0,1,1
3005.787034,0,0,0,1,0,1,1,0,0
3013.837544,1,1,1,0,1,0,0,1,1
3023.336074,1,0,1,0,0,1,1,1,1
3027.245238,1,0,0,0,1,1,1,0,1
3031.134738,0,1,1,1,0,1,1,1,1
3038.641011,1,0,0,0,0,0,0,0,0
3041.579808,1,1,0,0,1,0,0,0,0
3044.635165,0,1,1,1,1,0,1,1,0
3051.106106,1,1,1,1,1,1,1,1,0
3053.503132,0,1,0,1,0,1,1,1,1
3061.208279,1,1,1,1,1,0,0,0,1
3061.801475,1,0,1,0,1,1,0,1,1
3063.920907,0,0,0,0,1,1,0,0,1
3071.101422,1,0,1,1,0,0,1,1,1
3076.679553,0,1,1,0,1,0,0,0,1
3082.833784,0,0,1,0,0,1,0,0,0
3088.695125,1,0,1,0,0,0,1,0,0
3095.672172,0,1,0,1,0,0,0,0,1
3096.812764,0,1,1,0,0,0,0,1,0
3104.374232,0,1,0,0,1,0,0,0,0
3109.891922,0,0,0,0,0,1,0,1,0
3117.001392,1,0,0,0,0,1,1,0,1
3118.124075,0,1,0,0,0,1,1,0,1
3121.056985,0,1,0,0,1,0,0,1,0
3130.139645,1,0,1,0,0,1,0,1,1
3134.056703,1,0,1,0,1,0,1,1,0
3141.667005,0,1,1,1,1,0,1,1,1
3145.174503,1,1,1,1,1,1,0,1,0
3153.511050,1,1,1,0,0,0,1,0,0
3159.487062,0,0,0,1,1,0,1,0,1
3165.747468,0,1,0,1,0,0,0,1,0
3166.184154,1,1,1,1,1,1,1,0,0
3170.342814,1,1,1,0,1,0,0,0,0
3178.734583,1,1,0,1,0,1,1,1,1
3185.514780,1,1,0,1,0,0,1,0,1
3193.003182,0,1,0,0,1,0,1,0,0
3194.504032,0,1,0,0,0,1,0,0,0
3194.768164,0,1,0,1,0,0,1,0,1
3202.916497,0,0,0,1,0,1,1,1,0
3211.400404,0,0,1,0,1,0,0,1,0
3211.599731,0,0,1,1,0,1,1,0,0
3217.486667,1,0,1,1,0,0,0,0,1
3225.885520,1,0,1,1,1,0,0,1,0
3230.855793,0,0,0,1,0,1,1,0,1
3231.412293,0,1,1,1,1,1,0,1,0
3237.098999,0,1,0,0,0,1,1,1,1
3237.990035,1,0,0,0,1,0,1,1,0
3238.003581,1,0,1,0,1,0,1,1,0
3247.433296,1,1,1,0,1,1,1,1,1
3251.883729,1,1,0,0,1,0,0,1,0
3253.366062,0,1,1,1,0,1,1,0,0
3254.364966,1,1,0,1,1,1,1,0,1
3262.373055,0,1,0,1,0,0,0,0,0
3265.228708,1,0,1,0,0,1,1,0,1
3273.226126,0,0,0,1,0,0,1,0,0
3280.222764,0,0,0,0,0,0,0,1,0
3290.036736,1,1,0,1,1,1,0,0,1
3299.207550,1,1,1,0,1,0,1,0,1
3299.208550,1,0,1,1,1,0,0,1,1
3305.337970,0,0,0,0,1,0,1,1,1
3313.965558,1,0,0,1,0,0,0,1,0
3320.186032,0,0,0,0,1,0,1,0,0
3328.281460,0,0,1,1,0,1,1,0,0
3329.418710,1,1,0,0,1,0,0,1,0
3339.073172,1,1,1,0,0,1,0,0,0
3342.832662,0,1,1,1,1,0,1,0,0
3347.118948,0,0,0,1,0,0,1,0,0
3350.969978,1,1,0,1,1,1,0,0,0
3354.320276,1,1,0,0,1,0,0,0,1
3360.880620,1,1,0,0,1,0,0,0,0
3366.890994,1,1,1,1,0,1,0,1,0
3367.982794,0,1,0,0,0,1,0,0,1
3368.804608,0,1,1,0,1,1,1,1,0
3377.263006,1,0,0,1,0,0,0,1,0
3379.188856,1,0,1,1,0,0,0,1,0
3385.531435,1,1,1,0,1,0,1,0,1
3386.836652,0,0,0,0,1,0,0,0,0
3389.704183,1,1,1,0,0,1,1,0,0
3391.994777,1,0,0,1,0,0,1,1,0
3398.454461,0,1,1,0,0,1,0,0,1
3404.694507,0,1,1,1,1,1,1,1,1
3408.333536,1,0,0,1,1,1,0,1,0
3412.586310,1,0,0,1,1,0,1,1,1
3416.608647,1,1,0,1,0,1,1,0,0
3419.046761,0,0,0,0,0,0,1,1,0
3428.764738,1,1,0,1,1,0,1,0,0
3436.889925,0,1,1,0,0,0,0,1,0
3439.159606,0,1,1,1,0,1,0,0,0
3447.506438,0,1,1,1,1,0,1,0,0
3447.606930,0,1,1,1,1,1,0,1,0
3452.344299,1,0,0,0,0,1,1,1,1
3461.094424,0,1,1,1,1,0,1,1,0
3468.652807,0,0,1,0,1,0,0,0,1
3476.416527,1,0,0,1,1,1,0,1,0
3477.948587,0,1,0,1,0,0,1,0,1
3478.227337,0,0,1,1,0,1,0,0,1
3487.777555,1,1,1,0,1,0,0,1,1
3492.651486,0,0,1,0,0,1,1,1,0
3493.623517,1,0,1,1,0,0,0,0,1
3502.279982,0,0,1,1,1,1,0,0,1
3509.244572,0,1,0,0,0,1,1,1,1
3514.221600,1,1,1,0,0,0,0,0,1
3514.318192,0,1,1,0,1,1,0,1,0
3523.711870,1,0,0,1,0,0,0,1,0
3530.061633,1,0,0,0,1,1,0,1,0
3532.347812,0,1,1,0,1,1,0,1,1
3539.279937,1,0,0,0,1,1,1,0,0
3547.867825,1,1,0,1,0,0,1,0,1
3554.655295,0,0,0,1,0,1,0,0,1
3562.398338,0,1,1,1,0,1,1,0,1
3563.368938,1,0,0,0,1,1,1,0,0
3569.903732,0,0,1,1,1,0,1,0,0
3578.599514,1,0,1,1,1,1,0,0,0
3582.267859,1,0,0,1,1,0,0,0,1
3588.338121,0,0,0,1,0,0,1,0,1
3593.133594,1,0,0,0,0,1,1,1,1
3599.010630,1,1,0,1,0,1,0,0,1
3601.779948,0,0,1,0,0,1,1,1,1
3609.061242,1,0,1,1,0,0,1,0,0
3616.722420,1,0,0,1,1,1,1,1,1
3620.463356,0,1,1,1,1,1,1,1,1
3629.352356,0,0,0,1,0,0,1,1,0
3631.880576,0,1,0,0,0,0,0,1,0
3638.385780,1,0,0,0,1,0,0,0,0
3645.097821,1,0,1,0,1,1,0,1,1
3651.403411,1,1,0,1,1,1,0,1,0
3656.480239,0,1,0,0,0,1,0,0,0
3657.762182,1,0,0,0,0,1,1,1,0
3661.209731,0,0,0,1,1,1,0,1,0
3664.543731,0,0,1,0,0,1,0,0,0
3666.767985,0,0,0,0,0,1,0,0,1
3675.845000,1,0,1,1,0,0,1,0,1
3684.087750,0,1,0,0,1,0,1,1,1
3685.380206,1,1,0,1,1,1,1,1,1
3685.622146,1,1,1,1,1,0,1,1,1
3695.000446,0,0,1,1,1,0,1,0,1
3695.885336,0,0,1,0,1,1,0,0,0
3700.624049,1,0,0,0,0,0,1,0,1
3704.592906,0,1,0,0,1,1,0,0,1
3709.710765,0,0,1,1,0,1,1,0,1
3712.013605,1,1,0,0,0,0,0,0,1
3719.224510,1,0,0,0,1,0,1,0,0
3720.741394,1,1,0,1,1,0,0,1,0
3724.418707,0,0,0,1,1,1,0,1,0
3727.239938,0,1,1,0,0,1,0,0,0
3736.080634,1,1,1,1,1,1,0,1,0
3740.049491,0,0,1,0,0,1,0,0,0
3748.518543,0,1,1,0,0,0,0,1,1
3757.268668,1,1,1,1,1,1,1,0,0
3759.196206,0,0,1,0,0,1,1,0,1
3766.876618,0,1,0,0,0,1,0,1,1
3773.543618,0,0,0,1,0,0,1,1,0
3779.685526,1,0,1,1,1,0,0,1,1
3789.523380,1,1,1,1,1,1,0,1,1
3795.676614,1,1,0,0,1,1,1,0,1
3801.264244,1,0,1,0,1,1,1,0,0
3805.384832,1,1,0,1,0,1,1,1,1
3808.429006,1,0,0,0,1,0,1,1,1
3810.539887,1,1,1,0,0,0,1,1,1
3813.367352,1,1,0,1,0,0,1,1,1
3822.684493,0,1,0,0,0,1,0,1,1
3829.535120,0,0,1,0,0,0,0,0,0
3834.838304,0,0,1,1,0,1,1,0,1
3837.817729,0,1,0,0,1,1,1,0,0
3843.363134,0,0,0,0,1,1,1,1,0
3843.848738,1,0,1,1,0,1,1,1,1
3850.710590,0,1,0,1,1,1,1,0,0
3854.650590,1,1,1,1,0,1,0,0,1
3863.505120,0,0,0,1,1,1,1,1,0
3865.581384,1,0,1,1,1,1,1,0,1
3865.800809,1,0,1,0,0,0,0,1,1
3866.476588,0,0,0,1,0,0,0,0,1
3867.664592,0,0,1,1,1,0,0,0,1
3873.128529,1,1,0,1,1,1,1,1,1
3875.778429,0,1,0,1,0,0,0,0,1
3876.275006,0,0,1,0,1,0,0,0,0
3884.941806,0,1,1,0,0,1,1,0,0
3888.792472,0,0,1,0,0,0,1,0,1
3890.720189,1,1,0,0,0,0,0,1,1
3894.229929,0,1,1,0,1,0,1,0,0
3898.837210,1,1,0,1,1,0,1,0,1
3905.767540,1,1,1,1,1,0,1,1,1
3911.150355,1,0,1,0,0,0,0,1,1
3917.997517,0,1,0,0,0,0,0,0,1
3921.264522,0,0,1,1,0,0,0,1,1
3925.646036,1,0,0,0,1,0,0,1,1
3932.357240,0,1,0,0,1,1,1,1,1
3933.467870,1,0,0,1,1,1,0,1,0
3936.058539,1,1,1,1,0,1,1,1,1
3945.814661,1,1,0,1,1,1,0,0,1
3946.074895,1,0,0,1,1,1,1,0,0
3951.646766,1,0,1,0,0,1,1,1,0
3960.795787,0,1,1,0,0,1,1,1,1
3964.668949,1,0,0,1,0,1,1,0,1
3969.596286,0,0,1,1,0,0,0,0,0
3975.910722,1,1,0,1,1,1,0,1,1
3984.241738,1,1,0,1,0,0,0,1,0
3984.616412,1,0,1,1,0,1,1,1,1
3992.019773,1,1,1,1,0,1,0,0,0
3997.570218,0,1,1,0,0,0,0,0,1
4005.316687,1,1,1,1,1,1,1,0,1
4006.738209,0,1,1,0,0,0,0,1,1
4007.076525,1,0,1,0,1,1,1,0,0
4010.199082,0,1,0,0,0,0,1,0,0
4020.073921,1,0,1,0,0,0,0,0,0
4023.559421,0,0,0,1,1,1,1,0,0
4029.601484,1,1,1,0,1,1,0,1,1
4035.921852,1,1,1,0,0,0,1,1,0
4037.557134,1,1,1,1,1,1,1,0,1
4040.026041,0,0,0,1,0,0,0,0,0
4049.856566,1,0,0,0,0,1,1,1,1
4055.856966,0,1,0,0,1,0,0,1,0
4065.547138,0,0,1,0,0,1,1,0,1
4070.595942,0,1,1,0,0,1,1,0,1
4072.756195,1,1,1,1,0,0,1,1,0
4075.170746,0,0,1,1,1,0,1,1,1
4081.615546,0,0,0,0,1,0,1,0,1
4087.146296,1,0,1,1,1,0,0,1,1
4092.631896,0,0,0,0,1,1,1,1,1
4098.414309,1,0,1,1,1,0,1,0,1
4101.377975,0,1,0,1,0,1,1,0,1
4105.192153,0,1,0,0,0,0,0,0,0
4113.985121,0,0,0,1,0,1,1,0,1
4121.561121,1,1,1,1,1,1,0,0,1
4125.667401,1,1,0,0,0,1,1,1,0
4133.071507,1,1,0,0,1,0,0,1,1
4133.664164,0,0,1,0,0,1,0,1,1
4142.863378,0,0,1,0,0,0,0,0,0
4147.485764,1,0,0,0,0,1,0,1,1
4156.898821,0,1,1,1,1,0,1,0,0
4159.960739,1,0,1,1,0,1,1,0,0
4168.811429,1,1,1,1,0,1,1,1,1
4171.573051,1,0,0,1,0,0,1,0,0
4174.605107,1,0,1,1,1,0,1,1,1
4178.027692,1,1,0,1,0,1,1,1,0
4187.005665,0,0,1,1,0,0,1,0,1
4192.465973,0,0,1,1,0,1,1,1,1
4197.099377,0,0,0,1,1,1,1,0,0
4201.459941,0,1,1,0,1,1,0,0,1
4202.759355,0,0,0,0,0,1,0,1,0
4206.425147,0,0,1,1,0,0,1,1,0
4207.188403,1,1,1,1,1,0,1,1,0
4216.763817,1,1,0,1,0,1,0,0,0
4221.969775,1,0,1,1,1,0,0,0,0
4229.415286,1,1,0,0,1,1,1,0,1
4236.787812,0,1,1,0,0,0,0,1,0
4244.172270,0,1,1,0,1,1,0,1,1
4248.211098,1,0,1,0,0,0,0,1,1
4248.920101,1,0,1,1,0,1,1,0,0
4255.294598,0,0,0,1,1,0,0,0,1
4255.645757,0,0,0,0,0,1,0,0,1
4257.481106,0,0,0,0,0,0,1,1,0
4262.534233,0,0,0,0,1,1,0,1,1
4265.150179,1,0,0,1,0,1,0,0,0
4266.474576,0,1,0,0,1,0,1,0,1
4266.949066,1,0,0,1,0,1,1,0,0
4271.600764,0,0,1,0,0,0,0,0,0
4281.577097,1,0,1,1,1,0,0,1,1
4288.262573,1,1,1,1,0,1,0,0,0
4293.212058,1,1,0,1,1,0,0,0,0
4294.434880,1,0,0,0,1,0,0,1,0
4297.768880,1,1,1,1,0,0,0,0,0
4299.078650,1,0,0,1,0,1,0,0,0
4307.271139,0,0,1,0,0,1,1,1,1
4309.654509,1,0,0,1,0,0,0,1,0
4318.232429,0,0,1,1,1,0,1,1,1
4325.384481,1,1,1,1,0,1,1,0,1
4331.060589,0,0,0,1,1,0,0,0,0
4331.936872,0,0,1,0,0,1,0,0,1
4341.227988,0,1,0,1,1,0,0,0,0
4342.908820,0,1,1,1,0,0,1,1,0
4352.337449,1,0,1,0,1,1,1,0,0
4355.415064,0,1,1,1,0,1,1,0,1
4361.431559,1,0,0,0,0,1,1,1,0
4363.123785,1,0,1,0,0,0,0,0,1
4364.069249,1,0,1,0,1,0,0,1,0
4365.097814,1,0,0,1,0,0,1,1,0
4367.485163,0,0,0,0,1,1,1,0,1
4371.768680,1,1,0,0,1,0,1,0,0
4372.215496,0,0,1,0,1,1,0,1,1
4372.234162,1,1,0,0,1,1,1,1,1
4373.663590,1,0,0,0,1,0,0,0,0
4374.195011,0,1,1,1,1,0,1,1,0
4383.256432,1,1,1,0,0,0,1,0,0
4385.041869,1,0,0,1,0,0,0,1,1
4389.501882,1,0,1,0,1,1,1,1,0
4391.516899,1,1,1,0,0,1,1,1,0
4395.904557,1,0,0,0,0,1,0,1,1
4404.991541,1,0,0,0,0,0,1,0,0
4409.799752,0,0,0,1,1,0,0,1,1
4418.994381,0,0,1,0,0,0,1,0,1
4426.294970,1,0,0,0,1,1,0,1,0
4426.295970,0,1,1,1,1,1,0,1,0
4431.103611,0,0,1,0,0,0,0,0,1
4434.279293,0,1,0,0,1,1,0,1,0
4441.013878,0,0,0,1,0,1,0,0,0
4446.770560,0,0,1,0,1,0,0,1,0
4455.080301,1,1,0,0,1,1,1,0,1
4456.331176,1,0,0,1,1,0,1,0,1
4461.178969,0,1,0,1,1,0,1,1,0
4468.214726,1,1,1,1,1,0,1,1,1
4475.972526,0,0,1,0,0,1,0,1,1
4485.526711,1,0,0,1,0,0,0,1,1
4493.143529,0,0,0,0,1,1,1,1,0
4500.590593,0,1,1,1,0,0,1,0,1
4505.202181,1,0,1,0,0,0,0,0,1
4509.337383,0,0,1,0,0,0,1,0,0
4513.689568,0,1,1,0,1,0,0,1,0
4523.075595,1,0,1,1,1,0,1,0,1
4526.757111,0,1,0,1,1,1,1,1,0
4528.091311,1,1,1,1,0,1,1,1,1
4530.549693,0,1,0,0,1,1,0,0,1
4539.610560,1,1,1,0,1,0,0,0,0
4549.006791,0,1,0,1,1,0,0,1,1
4550.309744,1,1,1,1,1,1,1,1,0
4553.639271,1,1,0,1,1,1,0,0,1
4556.625657,1,1,0,0,0,1,1,1,1
4561.753985,1,1,0,1,0,1,0,0,1
4566.411008,0,1,0,0,0,0,0,0,1
4574.774808,0,1,0,1,1,0,0,1,0
4580.625026,1,1,1,1,1,0,1,1,1
4585.284651,0,1,0,1,1,1,0,0,0
4586.055627,0,0,1,0,0,1,1,0,0
4586.743762,1,1,1,0,1,1,0,0,0
4593.664360,0,0,0,1,1,1,1,0,1
4602.407176,1,0,0,1,1,0,1,0,1
4604.799241,1,1,0,0,1,0,0,1,0
4614.679349,0,1,0,0,1,1,1,0,1
4620.472222,0,1,1,1,1,0,0,0,1
4622.830130,1,1,0,1,0,0,1,0,0
4632.289643,0,1,1,0,0,1,0,0,1
4641.178643,0,1,0,0,0,1,1,0,1
4649.522758,1,1,1,0,1,1,0,1,1
4655.515376,0,1,1,0,1,1,0,0,0
4660.192715,1,0,1,1,1,1,1,1,1
4667.126819,1,1,0,1,0,1,1,1,0
4668.780315,0,0,1,1,0,0,1,1,0
4669.679184,1,1,0,1,1,0,0,0,1
4672.617744,0,1,1,1,1,0,0,0,0
4676.576681,0,1,1,0,0,1,1,1,0
4685.257718,1,0,0,1,0,1,0,1,1
4687.843825,0,1,0,1,1,1,0,0,1
4692.972831,0,0,0,1,1,0,0,1,0
4700.467489,0,0,0,0,0,0,1,0,0
4708.467689,1,1,1,1,0,1,0,1,1
4711.538359,0,1,0,1,1,0,0,0,1
4716.107084,0,0,0,0,1,1,1,0,1
4717.682395,0,1,1,0,1,1,1,1,0
4726.044628,1,0,1,1,0,1,1,1,0
4733.011458,1,1,1,0,1,1,0,1,1
4738.312596,1,1,0,1,0,0,1,0,1
4747.310126,1,1,1,0,1,0,0,0,0
4750.725419,1,1,1,1,1,1,1,1,0
4753.516837,0,1,0,0,0,1,1,1,1
4753.748422,1,1,0,1,1,1,1,1,1
4760.004116,0,0,1,0,1,0,0,1,0
4766.861573,0,0,0,0,1,0,0,1,0
4768.344290,1,1,0,1,1,1,0,0,1
4775.249361,1,0,0,0,1,1,1,0,0
4781.588111,1,1,0,0,0,1,0,1,0
4783.255611,1,1,1,0,1,1,1,0,0
4784.685040,0,1,0,1,0,0,0,0,1
4793.210187,0,1,0,1,1,0,0,1,0
4801.484788,1,1,1,0,0,0,1,0,1
4809.793864,0,0,0,1,1,0,0,1,0
4818.268775,1,1,0,0,0,0,1,0,0
4821.137135,0,0,1,0,0,1,0,1,1
4822.201113,1,0,0,1,0,1,1,1,0
4825.224409,0,0,0,0,1,0,0,0,1
4830.022821,0,1,0,1,1,0,1,0,1
4834.628171,0,1,0,1,1,1,1,1,1
4843.823864,0,1,1,0,1,1,1,1,1
4844.396235,0,1,1,0,1,0,1,1,0
4845.733055,1,0,0,1,0,1,0,0,1
4850.492864,1,0,1,0,1,1,1,1,0
4860.012362,1,0,1,1,0,0,1,0,0
4869.910332,0,0,0,0,0,0,1,0,0
4873.008367,1,0,0,1,1,0,0,0,1
4878.207132,0,0,1,1,0,0,0,0,0
4885.378147,0,0,1,0,0,1,1,0,1
4889.315570,0,0,0,0,1,1,0,1,0
4899.099141,0,0,0,0,0,0,1,0,0
4903.286074,0,0,1,1,1,0,0,1,0
4909.715003,1,1,0,0,1,1,1,0,0
4911.769788,1,1,1,1,0,0,1,0,0
4912.085290,1,0,1,1,0,0,0,0,1
4914.212445,1,1,1,0,1,1,0,1,0
4916.611073,0,1,1,1,0,1,0,1,0
4921.472698,0,0,1,1,1,1,0,1,1
4930.139498,0,0,0,1,0,0,1,0,0
4932.041644,0,0,0,1,0,1,0,1,1
4938.587444,1,1,0,0,0,1,0,1,0
4939.656478,1,0,1,1,0,0,0,1,1
4940.660417,0,0,1,1,1,1,0,1,0
4945.787258,1,1,1,0,0,0,0,1,0
4955.000300,0,1,0,1,1,1,0,0,1
4958.044473,0,1,1,0,0,1,0,0,0
4964.006801,0,1,1,1,1,0,0,1,1
4964.950564,1,1,1,0,1,1,1,1,1
4974.754800,0,1,0,0,0,0,1,1,1
4976.863852,1,0,0,0,0,0,0,1,1
4982.112554,0,1,1,0,0,1,0,1,1
4983.287441,1,1,0,0,1,0,0,0,1
4993.191296,1,0,0,0,0,0,1,0,0
4999.449949,1,1,0,0,0,0,1,1,1
5009.310242,1,0,1,0,1,0,1,1,1
5016.439985,0,0,0,0,0,1,0,0,1
5025.211439,1,0,1,0,0,1,1,0,0
5031.856726,0,1,0,0,1,1,0,0,1
5032.594350,0,1,1,0,1,1,1,1,0
5036.721550,1,0,1,1,1,1,0,1,0
5042.620083,0,0,1,1,1,1,0,1,1
5049.928045,1,0,1,1,0,0,1,0,1
5055.385880,0,0,0,0,0,1,0,1,1
5062.755451,1,1,0,1,1,0,1,0,1
5068.827273,1,0,0,1,0,0,1,0,0
5078.392534,1,0,1,0,1,1,1,1,0
5087.481652,1,0,0,0,1,1,1,0,0
5091.070079,0,0,0,1,0,0,1,0,1
5095.524328,1,0,0,1,0,1,1,1,1
5103.726755,0,0,0,0,1,0,1,1,1
5104.542250,0,1,0,1,0,1,1,1,1
5110.510133,0,0,1,0,1,0,0,0,0
5118.510333,1,0,1,1,0,1,1,1,1
5120.346012,1,0,0,0,0,0,0,1,0
5124.120704,0,0,0,0,0,0,1,1,1
5125.334236,0,0,0,1,0,1,0,0,0
5129.753929,1,1,1,0,1,1,0,1,1
5134.464355,0,0,1,1,1,0,1,0,0
5140.913036,0,0,0,0,0,1,0,0,0
5150.739357,0,1,0,1,0,0,0,0,0
5159.879714,0,1,0,0,0,1,0,0,1
5160.424138,0,1,0,0,0,0,1,1,1
5160.454079,0,1,0,1,0,0,1,0,0
5167.954329,0,1,0,1,0,0,1,1,1
5169.797250,1,0,1,0,1,1,1,1,0
5171.864159,0,1,1,1,0,1,1,0,1
5175.640182,1,0,1,1,1,1,1,0,0
5176.041142,1,1,1,0,0,1,0,1,1
5179.872605,1,1,0,1,0,1,0,1,0
5183.043317,1,0,0,0,0,0,1,0,0
5188.170708,1,0,0,1,0,0,1,1,0
5196.170908,0,1,1,0,1,1,0,0,0
5203.817437,0,1,1,1,1,1,0,1,0
5212.036006,1,1,1,1,0,1,1,1,1
5219.781558,0,1,1,1,1,1,1,0,1
5224.461180,0,1,1,1,1,0,1,1,1
5225.986191,0,1,0,1,1,1,1,1,1
5234.729632,0,1,0,0,0,1,0,0,1
5241.315339,0,0,0,0,1,0,0,0,0
5249.228169,1,0,0,1,0,1,1,0,0
5256.349669,1,1,1,0,0,1,1,0,1
5259.730613,0,1,1,1,1,0,0,0,1
5264.468639,1,0,1,1,1,0,1,1,0
5273.414852,0,0,1,0,0,0,1,0,1
5276.112212,1,0,0,0,0,0,0,1,1
5283.022392,1,1,0,1,1,0,1,1,0
5290.260764,1,1,1,1,1,1,0,0,1
5290.388534,1,1,1,1,1,1,0,0,1
5292.134326,0,0,0,0,1,1,1,1,0
5294.135126,1,1,1,0,0,1,0,1,1
5294.136126,1,1,0,1,0,1,1,1,1
5295.595313,0,0,1,0,1,0,0,0,0
5305.292680,1,1,1,1,0,0,1,0,1
5311.679903,0,0,1,1,1,0,1,1,1
5314.972031,1,0,0,0,1,0,1,1,0
5316.674988,0,1,1,1,0,0,0,0,0
5319.878282,0,0,0,1,1,1,1,1,0
5325.490730,0,1,1,1,0,1,1,1,0
5325.658728,0,1,1,0,0,0,0,1,0
5330.127367,1,0,0,1,0,0,0,1,0
5338.042373,1,1,1,1,1,0,1,0,0
5342.604321,1,1,1,0,1,0,1,1,1
5348.604721,1,0,1,0,1,0,0,0,0
5351.329329,0,0,1,1,1,0,0,1,1
5351.636705,1,0,1,1,1,1,1,0,0
5355.934529,1,1,1,0,1,0,1,1,1
5362.885383,1,0,0,1,0,1,0,0,0
5365.386133,1,0,0,1,1,1,1,0,0
5372.814478,0,0,0,0,0,1,0,0,1
5381.208521,1,0,1,1,0,1,0,1,0
5382.390505,0,0,0,1,0,1,0,0,1
5386.679736,1,0,0,1,1,0,0,0,0
5393.399701,1,1,1,1,0,1,1,1,0
5398.048423,0,0,0,0,1,0,0,0,0
5403.366352,0,0,0,1,1,1,0,0,1
5406.483923,0,1,1,0,0,1,1,1,1
5407.702366,0,1,0,1,0,0,0,0,1
5408.621855,1,1,0,0,1,1,0,1,1
5414.168519,0,0,1,0,0,0,0,1,1
5415.048800,0,0,1,0,0,1,1,0,0
5416.236895,0,1,0,1,0,0,1,0,0
5424.890876,0,1,1,0,1,1,1,0,0
5426.597496,0,1,0,1,1,1,1,0,1
5428.343701,1,1,1,0,0,1,0,1,0
5430.260094,1,1,0,1,0,1,1,0,1
5434.998448,1,0,0,0,0,1,1,0,1
5437.029483,0,1,1,1,1,1,0,1,1
5438.701785,1,1,0,1,0,0,1,1,0
5443.549239,0,1,0,1,0,1,1,1,1
5449.836924,1,0,1,1,0,0,1,0,1
5454.663888,0,0,1,0,0,0,0,0,0
5463.820090,1,0,1,0,0,1,1,1,1
5464.254215,1,1,0,1,0,0,0,0,1
5472.521715,1,0,0,0,0,1,1,0,1
5475.747245,1,0,0,1,0,0,1,0,1
5484.058225,0,1,0,1,0,1,1,1,1
5486.984696,1,1,0,1,1,0,1,1,1
5489.427312,0,1,1,0,1,0,1,1,1
5492.684338,1,1,1,0,1,0,1,1,0
5501.874895,0,0,0,1,0,0,0,0,1
5510.040216,0,0,1,0,1,0,0,1,1
5511.516123,1,0,0,1,1,1,0,1,0
5513.082461,1,0,1,1,1,0,0,1,1
5515.390923,0,0,1,0,0,1,0,0,0
5522.902089,0,0,0,0,1,1,1,1,0
5526.965183,1,1,0,1,1,0,1,1,0
5535.776847,0,1,0,0,0,0,0,0,0
5544.878878,1,1,1,0,1,1,1,1,0
5550.640172,0,1,1,1,0,0,0,0,1
5554.246709,0,0,0,0,0,1,0,0,0
5555.694510,1,0,1,1,0,0,0,0,1
5564.538556,1,0,1,1,1,0,1,1,1
5564.860037,1,0,1,0,1,0,0,0,1
5567.756922,1,1,1,0,0,0,0,0,0
5576.023224,0,1,1,0,0,0,0,0,0
5582.278743,1,1,0,1,1,1,1,0,0
5588.443061,0,0,1,0,1,1,1,0,0
5591.607010,0,0,0,1,0,0,0,0,0
5601.550709,0,1,0,0,0,0,0,0,0
5605.540672,0,0,1,1,1,0,0,1,0
5605.564658,1,0,0,1,0,1,0,1,0
5614.949891,1,1,1,0,0,0,1,1,1
5616.946257,0,0,1,1,0,1,0,0,0
5623.935806,1,1,1,1,0,1,0,1,1
5626.488698,1,1,0,1,1,0,1,1,0
5634.590433,0,1,0,1,1,0,0,1,0
5637.229206,0,0,1,0,1,1,0,1,1
5643.511268,0,0,1,0,0,0,0,0,0
5643.523605,0,0,1,1,0,1,1,0,1
5651.697572,1,0,0,0,1,1,0,1,1
5657.737751,1,1,1,0,1,0,1,0,1
5657.837751,1,1,1,0,0,0,1,0,0
5664.929545,0,1,0,1,0,1,0,0,1
5670.267435,1,1,1,1,0,0,0,1,1
5674.492237,0,1,0,0,0,0,0,0,1
5682.176679,1,1,1,0,1,1,0,1,0
5683.787687,0,1,0,0,0,0,1,0,1
5685.434092,0,0,0,1,1,1,1,1,0
5694.397235,1,0,0,1,1,1,1,0,1
5695.898085,0,0,1,0,1,0,0,1,0
5701.418335,0,0,0,1,1,0,0,1,1
5707.521289,0,0,0,1,0,1,1,0,1
5715.521489,0,1,1,1,0,0,0,0,1
5725.345450,1,0,0,1,0,0,1,1,0
5734.147413,0,1,0,0,0,0,1,0,0
5738.643269,1,0,0,1,0,1,0,0,0
5745.342012,0,1,1,0,0,0,1,0,0
5749.247502,0,1,1,1,0,0,1,0,1
5753.333460,1,1,0,1,1,1,0,1,0
5753.485632,0,0,1,0,1,0,0,1,1
5763.332195,0,1,0,0,1,0,0,1,0
5767.051832,1,1,1,0,1,1,1,1,1
5767.772760,1,0,1,1,0,1,1,0,0
5769.534881,1,1,0,1,1,1,1,0,1
5770.397864,1,1,0,0,0,1,0,1,0
5775.566414,1,0,0,1,0,0,1,0,0
5778.318817,0,1,0,1,1,0,0,1,1
5782.864817,1,0,1,1,1,1,0,1,1
5792.689835,0,1,0,0,1,0,0,0,0
5796.168159,1,1,1,0,1,0,1,1,1
5805.630238,0,1,0,1,0,1,0,0,0
5808.895224,1,1,1,1,1,0,1,0,1
5809.183669,0,0,0,1,1,1,1,0,1
5815.469418,1,0,1,0,1,1,0,1,0
5818.192040,0,1,1,1,0,1,0,0,0
5825.277846,0,0,1,0,0,1,1,1,0
5828.963216,1,1,0,0,1,1,0,1,0
5838.797716,1,1,0,1,0,0,1,0,0
5844.089666,1,0,0,0,1,0,1,0,1
5847.816055,0,0,0,1,0,0,0,0,0
5852.679314,1,1,1,1,1,0,0,0,0
5860.918296,1,0,1,1,1,0,1,1,1
5866.516563,0,1,0,1,0,1,1,0,0
5874.691132,1,0,0,1,0,0,0,0,1
5878.641317,1,0,1,1,1,1,0,0,1
5883.998924,0,1,0,0,0,1,1,0,1
5885.457825,0,1,1,1,1,0,1,0,1
5890.620999,0,0,0,0,0,1,1,1,1
5899.436907,0,0,1,1,0,0,0,1,1
5902.647702,0,0,1,1,1,1,1,1,0
5911.581142,0,0,1,0,0,1,1,0,1
5919.864724,0,0,0,1,0,0,1,0,0
5925.737477,1,1,0,0,0,0,1,1,0
5927.276785,0,1,0,1,1,0,1,0,1
5929.420428,1,0,0,0,0,0,1,0,0
5937.522121,0,0,1,0,1,1,0,1,0
5946.776653,1,1,1,1,1,0,1,1,1
5953.301742,0,1,1,0,1,0,0,1,1
5954.631723,1,1,0,0,1,1,1,1,1
5956.650065,1,1,0,0,0,1,1,1,1
5963.183745,1,0,0,0,0,0,0,0,0
5965.876783,1,1,0,0,0,0,0,0,0
5970.815306,0,1,1,1,1,1,1,1,0
5977.703372,1,1,1,0,1,0,0,0,0
5980.695010,0,1,0,1,0,1,0,1,1
5981.918909,0,1,0,0,0,0,1,1,0
5982.218387,1,0,1,1,0,1,1,0,0
5986.415858,1,0,0,1,1,0,0,1,1
5986.507758,1,0,0,1,1,1,0,1,0
5992.704458,1,0,0,0,0,1,0,0,1
5998.853987,0,0,1,0,1,1,0,0,1
6002.234573,0,0,0,1,0,0,0,1,0
6003.856037,0,1,0,0,0,1,1,1,1
6003.857037,0,0,1,1,1,0,0,0,0
6012.361460,1,1,0,1,0,1,0,1,1
6020.792989,0,1,1,1,0,0,1,1,1
6024.935932,0,1,1,0,0,0,1,0,1
6025.815965,0,1,1,0,0,0,1,0,0
6027.058526,1,0,0,1,1,1,0,0,0
6034.661194,0,0,1,0,0,0,1,0,0
6036.889459,1,0,0,1,1,0,0,0,1
6037.497875,1,1,0,0,1,0,0,0,0
6040.048371,1,1,1,0,1,0,0,1,0
6041.358141,1,0,1,0,1,0,1,0,0
6044.524292,0,0,0,1,1,0,0,1,0
6051.218434,0,0,1,1,0,1,0,1,1
6052.507648,0,0,0,1,0,0,0,1,0
6056.331795,0,1,0,0,0,1,1,1,0
6061.978489,1,1,1,0,1,0,1,0,1
6063.024515,1,1,1,1,1,0,1,1,0
6069.881626,1,1,1,1,1,0,1,1,0
6070.448607,1,0,1,1,1,1,1,0,0
6072.235143,0,0,0,0,1,0,0,1,0
6076.511077,0,1,0,1,0,0,0,0,1
6081.064212,0,0,0,0,1,1,1,1,1
6084.101346,0,0,0,0,0,0,0,1,0
6086.945435,0,1,1,1,1,1,0,1,1
6094.984847,1,0,0,0,0,1,1,1,0
6095.529271,0,1,0,0,1,0,0,0,1
6104.975967,1,1,1,1,0,1,0,0,0
6105.611824,0,0,0,1,0,0,1,0,1
6114.611924,1,0,1,0,1,1,1,1,0
6115.483425,1,0,0,0,0,0,1,0,0
6116.568387,0,0,0,0,0,1,1,1,0
6125.318512,0,1,0,0,0,0,0,0,0
6128.591912,0,0,1,0,0,0,0,1,0
6132.941920,1,0,1,1,0,1,0,0,1
6141.275420,0,0,0,1,1,0,1,1,0
6144.337338,0,0,1,1,1,0,1,1,0
6151.060074,0,1,0,0,0,1,1,0,0
6151.590121,1,0,0,0,1,0,0,1,1
6153.228889,1,0,1,0,1,0,1,0,0
6154.277403,0,1,1,0,1,0,0,0,1
6162.338203,1,1,1,0,1,1,1,0,1
6169.095284,1,1,0,1,1,0,0,0,1
6179.008837,1,1,1,0,0,1,1,0,0
6187.153456,1,0,1,1,0,1,1,1,1
6192.899336,0,0,0,0,1,1,0,0,1
6201.558561,1,0,0,1,0,0,0,0,1
6209.073720,1,0,0,1,0,1,1,0,0
6217.887614,1,1,1,0,1,1,0,1,0
6219.964300,0,0,0,1,1,1,1,0,0
6222.245072,0,0,1,1,0,0,1,1,0
6229.038641,0,0,0,0,1,0,0,1,1
6230.289516,0,1,0,1,0,1,1,0,1
6235.026885,0,1,0,0,1,0,0,1,0
6242.145817,0,1,1,0,1,1,0,0,0
6244.165846,1,1,1,0,1,0,0,0,0
6253.686277,0,0,1,1,0,0,0,1,1
6256.686977,1,0,0,0,0,0,1,1,1
6266.132248,1,1,1,0,0,0,0,0,1
6271.165748,0,0,0,1,0,1,0,1,1
6275.340596,0,1,1,1,0,1,0,1,1
6275.951291,0,1,1,1,1,1,1,0,0
6281.264260,1,0,1,1,0,0,0,1,0
6286.233395,0,1,1,0,1,1,1,1,0
6286.789895,0,0,0,0,1,1,0,0,0
6291.432895,1,1,0,0,0,1,1,1,1
6297.629749,0,0,0,1,0,0,1,0,0
6305.188133,1,1,1,1,1,0,0,1,0
6305.732557,0,1,0,1,1,1,1,0,0
6307.771681,0,1,1,1,0,0,0,1,1
6316.027383,1,1,0,1,1,0,0,0,0
6320.195528,0,1,1,0,1,1,0,1,1
6325.078669,1,1,1,0,1,0,1,1,1
6333.498031,0,1,1,1,0,1,1,1,1
6339.691879,1,1,1,1,1,1,0,0,1
6345.325139,1,0,0,0,1,1,0,0,0
6349.430532,1,0,1,1,1,1,0,0,0
6357.080402,0,1,0,0,1,1,0,1,1
6360.127455,1,1,1,0,0,1,0,1,1
6368.345815,1,0,1,0,1,0,1,0,1
6371.173085,0,1,1,1,1,0,0,0,0
6380.885688,1,0,1,1,0,0,0,1,0
6387.896857,0,0,1,1,1,1,0,1,0
6388.486770,1,1,1,1,1,0,0,0,0
6391.176486,0,1,0,1,0,0,0,0,0
6399.581408,1,0,0,1,1,0,1,1,1
6402.817753,1,1,0,1,0,0,0,1,1
6403.326639,1,0,1,1,0,0,0,1,0
6405.152853,1,0,0,1,1,0,0,0,0
6412.843502,1,0,1,0,1,0,1,0,0
6421.368239,1,1,0,0,1,0,1,0,0
6421.470495,0,0,0,0,1,0,0,1,0
6428.144985,0,1,1,1,0,1,1,1,1
6437.467670,0,1,0,1,0,0,0,1,0
6443.896599,1,1,1,1,1,0,1,1,0
6451.632919,0,0,1,1,0,0,1,1,0
6461.094636,0,1,1,1,1,1,1,1,1
6470.468932,1,0,0,1,0,1,1,1,0
6478.249195,1,0,0,1,0,1,1,1,0
6479.916695,0,1,0,1,0,0,1,1,1
6481.001924,0,0,0,1,0,1,1,1,1
6481.145767,0,1,1,0,0,1,1,0,0
6483.679553,1,0,1,0,0,0,0,0,1
6487.297703,1,1,0,1,1,1,0,1,1
6496.003714,0,1,1,1,0,1,0,0,1
6505.528168,0,0,1,0,0,0,1,0,1
6513.244243,0,1,1,1,1,0,0,0,0
6519.559546,1,0,1,1,0,0,1,1,0
6521.753764,1,1,1,1,1,1,0,1,0
6522.695169,1,1,0,1,1,1,0,1,1
6531.087968,1,0,0,1,1,1,0,1,0
6536.597024,1,1,1,1,1,1,1,0,1
6541.409137,0,1,0,1,1,0,0,1,0
6541.720987,0,0,0,1,0,0,1,0,1
6545.016455,0,0,0,0,1,1,0,0,1
6554.528699,0,0,0,1,0,1,0,1,0
6556.203172,1,0,0,0,1,0,0,1,1
6560.930972,0,0,1,0,0,0,1,1,1
6561.755419,0,1,1,0,1,1,0,1,1
6566.755919,0,1,1,0,1,0,0,1,0
6572.361573,1,1,1,0,1,1,0,0,1
6578.182886,0,1,1,1,0,0,1,0,0
6579.827557,0,0,0,1,1,1,0,0,0
6579.971809,0,0,1,1,0,0,0,0,0
6589.096476,1,0,0,1,0,0,0,0,1
6590.233726,1,1,0,1,0,1,1,1,0
6598.729948,1,0,1,1,0,1,0,1,1
6602.623774,1,0,0,1,1,0,0,0,1
6606.317586,0,1,0,1,1,1,0,0,0
6609.574075,0,0,0,0,0,0,0,0,1
6610.722736,0,0,0,1,1,0,0,1,1
6620.671459,0,1,0,0,0,1,1,0,0
6629.438706,0,1,0,0,1,1,1,1,1
6632.381820,1,0,0,0,1,0,1,0,0
6633.317033,1,1,1,0,1,1,0,0,0
6639.050359,0,0,0,1,1,1,0,1,0
6639.051359,0,0,0,1,0,0,1,1,1
6647.304321,1,0,0,1,1,0,0,1,0
6652.742130,1,0,1,0,0,0,0,1,1
6652.846212,0,0,1,1,1,1,1,0,0
6654.823759,1,0,0,1,0,0,0,0,0
6660.850182,1,0,0,0,0,1,1,0,0
6662.648069,0,0,1,1,1,0,1,1,1
6663.226161,0,0,0,1,0,1,1,0,0
6670.500627,1,1,1,0,0,0,0,1,0
6671.163039,0,1,0,0,0,0,1,0,1
6678.911857,0,1,0,0,0,0,1,0,0
6682.214414,1,1,1,0,1,1,1,1,0
6682.770914,0,0,0,0,0,1,0,1,0
6691.318678,1,1,0,1,0,0,0,1,0
6694.362852,0,0,1,1,1,1,1,0,0
6696.512634,0,1,1,1,0,0,1,1,1
6700.513234,0,0,0,1,1,1,0,1,0
6710.007098,1,0,1,1,1,0,0,0,0
6712.549743,1,1,0,1,0,0,1,1,1
6720.854998,0,1,0,0,1,0,0,0,0
6722.619307,1,1,0,1,1,0,1,0,0
6723.799051,0,0,1,1,0,0,0,1,0
6724.170384,1,0,1,0,0,0,1,1,0
6733.698562,0,0,0,1,1,1,0,0,0
6743.369423,0,0,1,1,0,1,1,0,0
6747.304456,1,0,0,0,0,1,1,0,0
6747.305456,0,1,0,1,1,0,1,0,1
6748.883722,0,1,0,0,1,0,1,1,1
6751.953722,0,0,1,1,0,1,1,1,0
6752.047306,1,0,0,0,1,0,0,1,1
6761.028756,0,0,1,1,0,0,0,0,1
6761.497546,0,1,1,1,0,1,1,1,0
6768.115259,0,1,1,0,0,0,1,0,1
6773.667175,1,0,0,1,1,0,1,0,1
6780.521422,0,0,1,0,0,0,0,0,1
6787.718355,1,1,0,1,0,0,1,1,0
6796.468480,0,1,0,1,1,1,1,0,0
6797.243009,1,1,1,1,1,1,1,1,0
6803.550196,1,0,0,0,0,0,0,1,1
6808.550696,1,1,1,1,0,0,1,0,0
6811.336694,0,1,1,0,1,0,0,1,0
6818.394750,1,1,1,0,1,1,0,1,1
6827.615258,1,1,1,0,0,1,1,0,0
6829.993516,1,0,0,0,0,1,1,0,0
6830.588771,1,0,0,1,0,0,1,0,1
6833.543706,1,0,1,1,0,0,1,0,1
6842.149906,1,1,1,0,1,0,1,0,1
6850.069577,0,1,1,0,0,1,1,0,1
6850.848598,0,0,1,0,0,1,0,0,1
6855.678383,1,1,1,1,0,0,0,1,1
6858.524843,0,1,0,1,1,0,0,0,1
6866.421732,1,0,0,1,0,1,1,1,1
6867.672607,1,1,1,0,0,0,0,0,1
6872.764007,0,1,0,0,1,1,1,0,1
6880.621364,1,0,1,1,0,1,0,0,1
6881.401356,1,1,1,0,0,1,1,1,1
6888.438690,0,1,0,1,1,0,0,1,0
6895.391375,1,1,0,0,0,0,0,0,0
6897.760978,1,0,1,1,1,1,0,0,0
6907.259835,0,0,1,1,1,0,1,1,0
6914.169765,1,1,1,1,1,0,0,1,0
6917.290453,1,0,1,0,1,1,1,1,0
6923.504424,0,0,1,1,0,1,1,1,1
6923.910007,0,0,0,0,1,0,0,1,0
6931.550693,1,1,0,0,1,0,0,0,0
6939.239658,0,1,0,0,0,1,1,1,0
6947.256098,1,0,1,1,1,1,0,1,1
6949.601496,1,0,1,1,0,0,0,0,0
6956.668927,0,0,1,0,1,0,1,1,0
6956.792364,1,1,0,1,1,0,0,1,0
6964.084301,0,0,0,0,1,0,1,0,1
6969.397270,1,0,0,0,0,0,1,0,0
6969.681930,1,1,1,0,1,0,1,0,1
6972.054331,1,1,0,1,0,0,0,1,0
6976.167069,1,0,1,0,0,1,0,0,0
6977.834569,0,1,0,0,0,1,1,0,1
6980.030185,1,0,0,1,1,0,1,1,0
6987.042532,0,0,1,0,1,0,1,1,0
6996.880135,1,1,0,0,0,0,0,1,0
7004.830131,0,1,0,1,1,0,0,1,1
7011.187552,0,0,0,0,1,1,0,0,1
7013.597323,1,0,1,1,1,0,0,0,0
7017.577517,0,0,0,1,1,1,0,1,1
7024.316974,1,0,1,1,0,1,1,0,1
7029.587012,1,1,1,1,1,1,1,1,0
7033.899507,1,0,1,1,1,0,1,0,0
7039.233307,1,1,1,1,0,0,1,0,1
7046.474963,1,1,1,0,0,0,0,1,1
7048.269598,1,1,0,0,0,1,0,0,0
7049.140076,0,0,0,1,0,1,1,1,1
7049.565691,1,0,1,0,1,1,1,1,0
7056.289320,0,1,1,0,1,0,0,1,1
7066.208027,1,0,0,1,0,0,0,0,0
7073.462637,1,0,0,0,1,1,1,1,1
7080.281137,0,1,0,0,0,0,1,1,0
7084.701648,1,0,1,0,1,0,1,0,0
7091.737956,1,0,1,0,0,1,1,0,1
7095.265338,1,0,1,0,1,1,1,0,0
7101.870616,0,1,0,0,1,1,0,0,1
7104.371366,1,0,0,0,0,1,1,1,0
7109.210592,1,1,1,1,0,0,1,1,1
7111.711342,0,1,1,1,0,1,0,0,0
7116.575077,1,0,0,0,0,1,1,0,1
7117.548202,1,1,0,0,0,1,0,0,1
7122.319367,0,0,0,0,1,0,1,0,0
7123.516829,0,0,1,0,0,1,1,1,1
7132.759590,0,0,1,0,0,0,1,1,0
7138.740384,0,0,1,0,1,1,1,1,1
7142.373096,0,1,1,0,1,1,0,1,0
7150.994655,1,1,0,1,1,0,0,1,1
7158.222655,1,1,0,0,1,1,1,1,0
7162.069424,1,0,0,1,0,0,1,0,1
7162.697389,1,1,1,1,1,0,1,1,0
7171.992065,0,1,0,0,0,1,0,0,1
7173.659565,0,1,0,0,0,0,0,0,0
7179.500689,0,0,0,1,1,1,1,0,1
7184.418037,1,1,0,1,1,0,0,1,0
7187.425729,1,1,1,0,0,1,0,1,0
7196.237110,1,0,1,0,1,1,1,1,1
7205.038320,1,0,0,1,1,1,0,0,1
7211.397847,0,0,0,1,1,1,1,1,1
7216.845457,0,0,0,1,0,1,1,0,1
7219.240584,0,0,1,0,1,1,1,1,0
7219.241584,1,0,1,0,0,1,0,1,1
7228.507869,1,0,1,0,0,0,1,0,0
7233.659869,0,0,0,1,1,0,0,1,1
7233.904747,1,1,1,0,1,0,0,0,0
7235.462968,0,1,0,0,1,1,0,1,1
7243.471298,0,0,1,0,1,1,0,1,1
7244.943136,1,1,1,0,0,1,1,1,0
7245.717005,0,1,1,1,0,0,1,0,1
7249.460321,1,0,0,1,1,1,1,1,0
7257.490208,0,1,0,0,0,0,1,0,0
7261.790020,1,0,0,1,1,1,0,1,1
7267.723760,1,0,1,1,0,1,1,0,0
7275.863481,0,0,0,0,1,1,0,0,1
7282.439166,1,0,1,1,0,1,0,0,0
7288.513799,1,1,1,0,0,1,0,1,0
7294.717186,0,1,0,0,0,0,1,0,0
7300.102263,0,0,1,0,0,0,0,0,1
7306.559691,0,0,1,1,1,0,1,0,1
7312.508372,0,1,1,1,1,1,0,0,1
7316.532408,1,0,1,1,1,1,0,1,1
7325.061233,1,0,0,0,0,1,0,0,1
7333.320336,0,1,0,0,0,0,0,1,0
7338.643581,1,1,1,0,0,0,1,1,1
7343.360708,1,0,1,1,1,0,0,0,0
7351.836197,1,0,1,0,0,1,1,0,1
7354.503597,1,0,1,1,1,0,1,0,0
7364.010045,0,1,1,0,0,1,1,1,0
7365.444864,0,0,0,1,0,0,1,0,0
7370.540091,0,0,1,1,1,0,1,1,1
7373.965406,1,1,1,1,1,0,1,1,1
7380.025502,0,0,0,1,0,0,1,0,1
7384.269171,1,0,1,1,0,1,1,0,0
7387.392783,0,1,1,0,0,1,1,0,1
7393.511107,1,1,1,0,1,1,1,0,0
7394.172418,0,1,0,1,1,0,0,1,1
7401.728218,0,1,1,0,0,0,0,0,0
7407.171712,1,1,1,1,0,0,1,1,1
7410.144551,0,1,1,0,0,1,0,1,0
7410.476487,0,1,1,1,1,0,0,0,0
7420.339138,0,0,0,1,0,0,0,1,1
7428.975638,1,1,0,1,0,0,0,0,1
7433.294388,1,0,1,1,0,0,1,0,0
7437.391132,0,1,0,0,1,0,1,0,0
7447.199278,0,0,0,1,1,0,0,1,0
7452.596564,0,1,0,1,1,0,0,1,0
7460.072731,1,1,1,0,1,1,0,0,0
7461.599258,0,1,1,0,0,1,0,1,0
7469.249869,0,0,1,1,1,0,0,0,0
7473.981906,0,0,1,0,1,0,0,1,0
7481.678541,0,1,0,0,1,1,1,0,1
7488.502979,0,0,0,0,1,0,1,0,0
7490.494521,1,1,1,1,0,0,0,1,1
7495.680998,1,0,1,0,0,0,0,1,0
7496.520624,0,0,1,0,1,0,1,1,0
7502.681957,0,1,0,1,0,0,0,0,1
7509.249957,1,0,1,1,1,0,0,1,0
7511.864176,1,1,0,1,0,0,0,1,1
7519.137176,0,1,0,1,0,0,0,1,0
7524.801327,1,0,1,1,1,0,1,1,0
7528.560454,0,1,0,0,1,0,1,0,0
7534.810829,1,1,0,1,1,1,0,1,1
7542.158033,0,0,1,0,0,1,0,1,0
7550.146903,0,0,1,0,0,1,0,0,0
7559.655149,0,0,0,1,0,0,1,0,1
7565.709528,1,0,1,0,1,1,0,0,1
7574.860716,1,0,1,0,1,1,1,0,0
7579.226359,0,0,1,0,1,0,1,0,1
7586.269497,0,1,1,1,1,0,0,0,1
7592.546093,1,0,0,0,0,1,1,1,0
7596.414195,1,0,0,0,1,0,0,1,0
7604.729382,1,1,1,0,1,0,0,0,1
7610.694252,0,1,0,0,0,0,0,1,0
7612.342147,1,0,1,1,1,0,0,0,1
7619.645519,1,1,0,0,1,1,1,0,0
7624.625445,1,1,1,0,1,0,0,0,0
7626.501257,0,0,1,0,1,1,0,1,1
7626.877496,1,1,1,1,1,0,1,0,1
7631.294162,0,1,0,0,1,1,1,1,1
7634.902644,0,1,0,1,1,1,0,1,1
7640.006226,0,1,0,1,0,1,1,1,0
7641.829266,1,1,0,1,0,0,1,0,1
7651.669282,1,1,1,0,0,1,1,0,0
7661.605998,1,0,1,1,0,1,1,1,1
7663.031513,0,0,1,1,1,0,0,1,1
7666.980616,1,0,0,1,1,0,0,1,0
7667.001775,0,0,1,0,0,1,1,1,1
7671.497939,1,1,0,1,0,1,1,0,0
7677.313054,0,1,0,0,0,1,0,1,1
7679.031054,0,1,1,0,1,0,1,1,0
7688.514252,1,1,1,0,0,0,1,0,0
7690.928804,1,1,1,1,1,0,0,1,0
7694.977592,1,1,0,1,0,0,0,0,0
7700.844147,1,0,1,1,0,1,1,1,1
7704.882479,1,0,0,0,0,1,1,1,1
7707.229967,0,0,1,1,0,0,0,0,0
7712.677893,1,0,1,1,0,1,0,1,1
7722.062570,0,0,1,0,1,1,1,0,1
7723.146265,0,0,1,0,0,1,1,1,1
7723.602392,1,1,1,0,1,0,1,0,1
7729.010576,0,0,1,0,1,0,1,1,0
7736.065416,1,1,1,0,1,0,1,1,0
7740.066016,0,1,0,0,0,0,0,1,0
7745.417571,1,1,1,1,1,0,0,1,0
7753.485946,1,1,0,1,1,0,1,1,0
7762.815622,1,1,1,0,0,0,1,0,0
7765.189266,1,0,1,0,1,1,1,0,1
7767.636205,1,1,1,0,0,1,1,0,1
7774.570105,0,1,1,0,0,1,1,1,1
7775.934605,1,1,0,1,0,1,1,0,1
7779.672307,1,1,1,0,1,1,1,0,1
7785.067504,0,0,0,1,1,1,0,1,0
7788.154479,0,0,0,1,1,1,1,1,1
7791.184667,1,1,1,0,1,0,1,1,0
7799.595620,0,1,0,1,1,0,1,1,1
7801.767257,1,0,1,0,1,0,0,1,0
7805.451478,1,1,0,0,1,0,0,0,0
7815.340992,0,0,1,1,1,0,1,0,0
7816.250992,1,1,0,1,1,1,0,0,1
7820.977547,1,1,0,0,1,0,0,1,0
7825.209398,1,0,0,0,0,0,1,0,0
7833.567771,0,0,0,1,1,1,0,1,1
7843.020780,0,0,1,0,0,1,1,0,0
7845.896493,1,0,1,0,1,0,0,1,0
7853.432971,0,0,0,0,1,0,1,0,0
7853.830461,1,1,1,0,1,0,1,0,1
7857.352510,1,1,0,1,1,0,1,1,0
7859.142932,0,1,1,1,0,1,0,1,1
7868.768905,1,0,0,0,1,0,0,0,0
7872.020354,1,0,0,1,1,1,1,1,0
7880.757322,0,1,1,0,1,1,1,0,0
7890.585911,0,1,0,1,0,1,0,0,0
7898.502314,1,1,1,0,0,0,0,1,0
7903.538188,1,1,0,0,0,0,1,0,0
7905.020521,0,0,0,0,0,1,1,0,0
7910.007095,0,0,1,0,0,1,0,0,1
7910.270364,1,0,0,1,0,1,0,1,0
7910.271364,1,1,0,0,0,1,1,1,1
7912.286148,1,0,1,1,1,0,1,0,0
7914.094660,0,0,0,0,0,0,1,0,0
7919.832791,1,1,0,0,0,1,0,0,0
7923.381823,1,0,1,1,1,0,1,0,1
7924.059738,1,0,0,0,1,1,1,0,0
7932.053018,0,1,1,1,0,1,1,1,1
7938.068454,0,1,0,1,1,0,1,1,1
7942.041892,1,1,1,1,0,0,1,0,1
7944.193707,0,1,0,0,1,0,1,0,1
7953.971507,1,0,0,1,0,0,0,0,1
7959.811448,1,0,0,0,1,0,0,1,0
7962.871085,1,1,1,1,1,0,1,0,1
7967.901885,0,1,1,0,1,0,1,1,0
7968.417413,0,1,1,1,0,1,1,1,0
7973.941878,1,1,1,1,1,1,1,1,0
7980.739352,1,0,1,0,1,1,1,0,1
7981.791872,0,0,0,1,1,1,0,0,0
7982.563823,1,1,0,0,1,1,0,1,0
7987.242269,1,1,0,0,0,0,0,1,1
7994.970471,1,0,0,0,0,1,0,1,0
7995.019776,0,1,1,1,0,1,0,0,0
8002.859713,0,0,0,1,1,1,1,1,1
8010.226524,0,1,0,0,0,0,1,0,1
8020.128495,1,1,1,1,1,0,1,1,0
8025.301392,1,1,1,1,1,0,0,0,1
8030.109329,0,1,0,0,0,0,0,0,0
8032.880005,1,0,1,0,1,1,0,1,1
8032.881005,0,0,1,0,1,1,0,0,1
8037.391940,0,0,0,0,1,1,1,0,0
8037.758757,0,0,1,1,0,1,0,0,1
8040.315611,0,0,1,0,1,1,1,0,0
8049.613926,1,1,0,1,1,0,1,1,0
8050.401597,1,1,1,0,1,0,1,1,1
8053.388184,0,0,1,0,1,1,1,0,1
8059.477734,1,1,0,0,1,0,0,0,1
8061.067360,0,1,0,1,1,0,1,1,1
8066.926500,1,1,1,0,1,0,1,0,0
8074.348980,1,0,1,0,1,0,1,0,0
8078.238480,0,1,0,1,1,1,0,0,0
8087.757162,0,1,1,0,1,0,1,1,1
8089.228603,0,1,1,1,0,1,1,0,1
8094.844426,1,1,0,0,0,0,0,0,0
8103.199853,1,1,0,1,0,0,1,0,1
8108.846045,0,0,0,1,0,0,0,1,1
8111.229252,1,1,0,0,1,0,0,0,1
8114.539274,0,1,1,1,1,1,1,0,0
8123.329077,1,1,0,1,0,0,1,1,1
8125.028749,1,1,1,0,1,0,0,1,0
8130.839979,1,0,1,1,0,1,0,1,0
8137.851147,0,1,1,0,1,1,1,0,1
8141.988969,0,0,1,1,0,1,1,0,0
8148.098229,0,0,0,1,1,1,0,1,1
8157.808403,1,0,0,1,1,1,1,1,1
8166.547659,1,0,0,1,1,1,0,1,0
8173.503846,0,1,0,0,1,0,0,1,0
8179.567732,0,0,1,1,0,0,1,0,0
8184.072531,1,0,0,1,0,0,1,0,0
8188.337203,0,0,0,0,0,1,0,1,0
8197.004003,0,0,0,0,1,0,0,0,1
8200.119446,1,0,0,1,0,0,1,0,1
8207.197486,0,1,1,1,0,1,0,0,1
8213.331374,1,1,0,0,0,1,0,0,1
8220.534761,0,0,1,1,1,0,0,1,0
8223.498428,1,0,0,0,0,1,1,0,0
8224.533807,0,1,1,1,1,0,1,0,1
8232.341181,0,0,0,0,1,1,0,0,1
8240.616582,0,0,1,1,0,1,0,0,1
8249.875916,0,0,0,0,1,1,0,1,1
8253.651048,1,1,1,0,0,1,1,1,1
8257.238646,1,1,1,1,0,0,1,1,0
8262.214023,0,1,0,1,0,1,1,0,1
8272.037245,1,1,0,1,1,0,0,1,0
8274.198178,1,0,1,0,1,0,0,1,0
8282.890616,0,1,0,0,0,1,0,0,0
8292.612866,0,0,1,0,1,1,1,1,1
8299.900372,0,0,1,0,1,0,0,1,1
8306.895208,1,1,0,1,0,0,1,0,1
8311.802084,1,1,0,0,0,0,0,1,1
8317.416808,0,0,0,1,0,1,0,1,0
8322.145468,0,0,1,0,1,1,1,1,1
8331.329223,0,0,0,1,0,1,1,0,0
8338.286049,0,0,1,1,1,1,1,0,0
8340.517309,1,1,0,0,0,0,0,0,1
8343.062225,1,1,0,1,1,1,0,0,0
8347.797264,0,0,1,0,1,1,1,0,0
8354.281861,0,1,1,0,1,1,0,0,1
8362.937093,1,1,0,1,1,0,0,1,1
8363.950650,1,0,1,1,0,0,1,1,1
8371.166657,0,1,1,1,0,1,0,1,1
8381.026615,1,0,0,0,0,0,1,0,0
8390.010674,1,1,0,1,1,0,0,0,0
8399.721685,0,1,0,0,1,1,0,1,1
8406.005675,0,1,1,0,1,1,1,1,0
8409.063280,0,0,1,1,0,0,1,0,1
8411.735769,1,0,1,1,0,0,1,0,0
8416.904791,1,0,0,1,0,0,0,1,1
8424.802093,1,0,1,0,1,1,0,1,1
8431.731748,0,1,1,0,1,0,0,1,0
8440.340869,1,0,1,0,0,0,0,0,0
8449.895887,0,1,1,1,1,0,0,0,0
8457.753244,0,1,1,0,0,1,0,1,1
8462.678375,0,0,0,0,1,1,0,0,1
8469.657094,0,1,1,0,0,1,0,0,1
8477.286197,1,0,1,0,1,1,0,0,1
8479.126094,0,1,1,0,0,1,0,0,1
8488.509027,1,0,0,1,0,0,1,1,1
8497.524570,1,0,1,1,1,1,0,0,1
8497.593130,0,1,1,0,0,1,1,1,0
8500.813093,0,1,0,0,1,0,1,1,0
8503.192496,1,1,1,0,1,1,0,0,1
8509.761618,1,0,0,1,1,0,0,1,0
8514.762118,0,1,1,1,0,0,1,1,1
8516.812383,1,1,1,1,0,1,0,0,1
8519.511526,1,0,0,0,0,1,1,0,0
8520.592665,1,1,0,1,0,1,0,0,1
8523.749848,0,1,0,0,1,0,1,0,1
8526.129127,0,0,1,1,0,1,1,0,0
8527.555046,0,1,1,0,1,1,0,1,0
8528.392010,1,1,1,0,1,1,0,0,0
8534.727604,0,0,0,1,0,1,1,1,1
8543.037489,1,0,1,0,0,0,1,0,0
8552.812160,0,0,1,1,1,1,1,0,0
8555.053950,1,1,0,1,1,0,0,1,1
8555.054950,0,0,0,0,0,0,1,1,1
8557.546408,0,0,0,1,1,0,1,0,1
8566.847389,1,1,1,1,1,0,1,1,1
8574.566916,1,1,1,1,0,1,0,0,1
8578.495535,1,1,1,0,0,1,0,0,0
8581.068661,0,1,0,1,0,0,0,1,0
8581.069661,0,0,1,1,0,1,0,1,0
8585.445224,1,1,0,0,1,1,1,1,1
8593.955401,0,1,0,1,0,0,1,0,0
8599.548514,1,1,0,1,1,1,1,0,0
8607.809558,0,0,0,1,1,0,0,1,1
8608.055431,0,1,0,0,1,0,1,1,0
8610.672992,1,1,1,0,0,1,0,1,0
8614.630019,0,0,0,1,1,0,0,1,1
8621.279290,0,0,1,1,0,0,0,1,1
8626.320108,1,0,0,0,0,1,0,0,0
8633.210051,1,0,0,0,1,0,0,1,1
8641.187990,0,1,0,0,0,0,1,0,0
8642.502961,1,1,0,1,1,0,1,1,1
8644.544574,0,1,1,1,1,1,0,0,1
8646.247883,1,1,1,1,0,0,0,1,0
8653.379317,0,1,1,0,0,0,0,0,0
8662.462879,1,1,0,1,1,1,0,0,1
8667.689693,1,1,1,1,1,1,1,1,0
8673.395251,0,0,1,0,1,1,1,1,1
8677.415783,1,1,0,0,1,0,0,1,0
8686.386474,1,1,1,0,0,1,0,0,1
8695.675434,0,0,1,0,1,1,0,1,1
8701.786934,1,1,0,1,0,1,1,0,1
8711.152077,0,1,0,1,0,1,0,1,0
8713.369604,0,1,1,1,0,0,1,0,1
8716.495974,1,0,1,0,0,0,1,1,1
8720.029954,1,1,0,1,1,1,0,0,1
8724.440080,1,1,0,0,1,0,1,0,0
8724.441080,0,1,1,1,1,0,0,0,0
8728.703528,0,1,1,1,0,1,0,0,1
8734.591789,0,1,0,1,1,1,0,1,1
8737.447114,0,1,1,0,0,1,1,0,0
8744.817169,0,1,1,1,0,1,1,1,1
8750.393648,1,1,0,0,0,1,1,0,0
8756.495733,1,1,1,1,0,0,0,1,0
8765.468582,0,0,1,1,0,0,1,0,0
8770.340889,1,0,1,1,0,1,0,0,0
8776.231528,1,0,0,1,1,1,0,0,1
8785.567738,0,0,0,1,0,1,1,1,1
8791.876701,0,1,0,1,1,0,1,0,1
8799.601969,1,0,0,1,0,0,1,0,0
8805.720004,0,1,1,0,1,0,1,0,1
8809.973607,0,0,0,0,0,1,0,1,1
8818.722395,1,1,0,0,1,0,0,1,0
8823.127239,0,0,1,0,1,0,0,0,0
8828.745511,1,0,0,1,1,1,1,0,1
8835.336761,0,1,0,0,1,0,1,1,1
8839.807361,0,0,1,0,0,1,0,1,1
8844.789275,0,0,0,0,0,1,0,0,1
8849.712209,1,1,1,1,0,1,1,0,0
8852.451030,1,0,1,1,1,1,0,0,1
8860.263749,0,1,0,0,0,1,0,0,1
8862.275037,0,0,1,1,1,1,1,0,0
8864.139205,0,0,1,1,0,0,1,0,1
8864.344646,1,0,1,0,0,0,1,0,0
8870.297431,1,0,1,1,0,0,1,0,0
8878.448877,0,0,1,0,0,1,0,0,1
8885.122556,0,1,0,1,1,1,0,1,0
8887.094685,1,0,0,0,0,0,0,0,1
8889.587239,1,1,1,0,1,0,1,0,1
8892.984126,0,1,1,0,1,0,1,1,0
8900.709941,1,0,0,0,1,1,0,1,1
8907.616500,1,1,1,0,0,1,0,0,1
8916.913583,0,0,1,0,0,1,0,1,0
8925.711780,0,1,1,1,0,1,0,0,0
8935.381234,1,1,1,0,1,1,0,1,1
8937.555930,1,0,1,1,0,1,1,0,0
8946.841716,1,0,0,1,0,0,1,0,0
8954.480218,1,0,0,1,1,0,0,1,1
8961.923723,1,0,0,1,0,1,1,1,0
8965.208852,1,1,1,1,0,0,1,0,1
8970.651004,0,0,0,1,1,0,0,0,0
8977.752134,0,1,0,0,0,0,0,0,1
8980.152392,1,0,1,0,1,0,1,0,0
8985.672320,0,1,1,0,1,0,0,1,0
8992.174048,0,0,0,0,1,1,1,1,0
8994.582410,1,0,0,1,1,1,0,1,0
8997.660025,0,1,0,0,1,1,1,0,0
9007.186700,0,0,0,1,1,0,1,0,0
9014.009175,0,0,1,1,0,1,1,1,1
9020.186028,1,0,1,0,0,1,1,0,1
9020.349425,1,1,0,1,0,0,0,0,1
9023.235708,1,1,0,0,1,1,0,0,1
9027.446814,0,1,1,0,0,0,0,1,0
9035.343576,0,1,1,1,1,0,1,1,1
9036.633428,1,1,1,1,1,1,0,1,0
9041.923754,1,0,1,0,0,0,1,1,0
9042.020347,0,0,1,1,1,1,1,0,1
9044.813621,0,0,1,0,0,0,0,0,1
9053.628768,0,0,0,1,0,1,0,0,1
9056.624121,1,1,0,0,0,0,0,1,1
9058.820980,0,0,0,0,0,1,0,1,0
9063.729238,1,1,1,1,0,0,0,0,1
9071.240903,1,1,0,0,1,1,1,1,1
9074.873925,0,0,1,0,0,1,1,1,1
9077.854853,0,1,1,1,1,0,1,1,1
9084.515266,0,0,0,0,0,0,1,1,0
9091.485266,1,0,0,1,0,0,0,1,0
9094.335918,1,0,0,0,1,0,0,1,0
9095.520231,1,1,1,1,0,0,0,1,0
9100.647155,1,1,1,0,0,1,1,0,0
9109.806118,0,1,1,0,1,1,1,1,0
9119.578397,0,0,0,1,0,0,1,0,1
9127.879937,0,1,1,0,1,0,0,1,0
9134.420713,0,0,1,0,1,0,1,1,1
9138.310213,0,0,1,1,0,0,1,0,0
9143.229199,0,0,0,1,1,1,1,0,1
9150.274949,0,0,1,0,0,0,1,1,0
9159.167855,1,1,0,1,1,0,1,0,0
9162.271992,0,1,0,0,1,0,0,1,0
9163.546157,0,0,1,0,1,0,0,1,0
9163.737614,1,1,0,1,0,1,0,1,0
9169.399813,0,0,0,1,0,1,1,1,1
9173.963198,0,0,1,0,0,0,0,1,1
9179.519198,1,0,0,1,1,0,0,0,0
9180.083867,0,1,0,0,1,1,0,0,0
9183.144670,1,0,0,1,1,1,0,1,0
9190.090789,1,0,0,1,0,0,0,1,0
9195.083186,1,1,0,0,1,0,0,0,1
9199.044034,1,1,1,1,0,1,1,0,1
9205.410086,0,0,1,0,1,1,0,0,0
9211.845567,0,0,1,0,0,1,0,0,0
9218.367654,0,0,1,0,1,1,1,0,1
9220.394942,0,1,0,1,0,0,0,1,0
9230.357908,0,0,0,1,0,1,1,0,0
9231.553479,1,1,0,0,1,0,0,0,1
9237.659252,0,1,1,0,0,1,0,0,0
9238.602833,1,0,1,1,0,1,0,1,1
9244.838842,0,1,0,0,0,0,0,0,1
9246.819166,1,1,1,1,1,0,1,0,1
9250.368198,1,0,1,1,0,1,1,0,1
9255.959548,1,1,1,1,1,0,1,1,0
9261.532908,1,1,0,0,1,1,1,0,1
9266.439077,1,0,1,1,0,0,0,1,1
9268.745546,0,0,0,0,1,1,0,0,0
9273.718577,1,1,0,0,1,0,1,1,1
9281.594729,0,1,1,1,1,1,0,1,0
9283.334685,1,0,1,1,0,1,0,1,1
9286.712280,1,1,0,1,0,0,1,0,0
9287.857902,0,0,1,1,1,0,0,1,1
9295.396610,1,1,1,1,1,1,1,1,0
9304.735519,0,0,1,0,1,0,0,0,0
9304.976697,1,0,0,1,0,1,1,1,0
9311.450037,0,0,0,0,0,0,1,0,0
9316.199306,1,0,0,1,1,0,1,1,1
9322.299940,0,1,1,1,1,0,0,0,0
9323.137676,1,0,0,0,1,1,1,1,0
9328.745895,1,1,0,0,0,1,1,1,1
9331.906579,1,1,1,1,0,1,1,1,0
9339.697965,1,1,1,0,1,0,1,0,1
9347.116117,1,0,0,0,1,0,1,0,0
9354.218447,0,0,0,1,1,0,0,0,0
9359.503472,0,0,1,0,1,1,1,0,1
9362.168876,0,0,0,1,0,0,1,0,0
9371.697719,0,1,1,0,0,0,0,1,1
9376.709927,0,1,1,0,1,0,0,0,1
9382.044789,0,0,0,1,0,0,0,0,0
9387.050385,0,0,0,1,0,0,1,1,1
9397.029683,0,0,1,0,0,0,1,0,0
9404.000495,1,1,1,1,0,1,0,1,1
9407.501145,0,1,0,1,1,0,0,1,0
9414.232242,0,1,0,0,0,1,1,0,0
9416.233042,0,0,0,0,0,0,0,1,1
9416.397547,1,1,1,1,1,0,0,0,0
9423.634937,1,0,0,1,1,0,0,0,0
9425.348828,0,1,1,0,0,1,0,1,1
9434.937910,0,0,0,0,0,0,1,0,0
9440.978574,1,0,0,0,0,0,1,0,0
9445.612496,1,0,0,1,0,1,1,0,1
9450.526798,1,1,1,1,1,0,0,0,0
9451.545737,1,0,0,0,0,1,1,1,0
9451.702972,0,0,0,0,0,1,1,0,1
9454.921219,0,1,0,1,0,1,0,0,1
9457.162432,0,0,0,0,1,1,0,0,1
9459.239349,1,0,1,0,0,1,1,0,0
9467.242248,1,1,1,0,0,0,1,0,0
9469.897850,0,0,0,0,1,0,1,1,1
9473.237470,0,1,1,1,1,0,1,1,1
9482.234263,1,0,0,1,1,0,1,1,0
9490.801899,0,1,0,0,1,1,0,1,1
9495.814108,0,0,1,1,0,1,0,0,0
9503.638160,1,0,1,0,1,1,0,1,1
9511.828817,1,0,1,0,0,0,0,0,1
9520.100594,0,1,1,1,1,1,0,0,1
9521.084000,0,1,1,1,1,1,0,0,1
9526.697772,1,0,1,0,1,1,1,0,1
9529.136749,1,1,0,0,1,0,0,0,0
9530.129917,1,0,0,0,1,0,1,0,0
9535.529314,1,0,0,0,1,1,1,1,0
9537.552583,1,0,1,1,1,1,1,1,1
9540.695471,0,1,1,0,0,1,0,1,1
9547.999111,1,0,0,1,0,0,1,0,1
9549.894485,0,1,0,1,1,0,1,1,0
9559.079666,1,0,1,0,0,1,1,1,0
9565.443666,1,0,0,0,0,0,1,0,1
9575.338964,1,1,1,1,1,1,0,1,0
9584.591854,1,0,0,0,1,1,1,1,1
9585.080610,0,0,1,1,1,1,0,0,1
9585.623011,0,1,1,0,0,1,1,1,1
9590.265456,1,1,1,0,1,0,1,0,1
9593.715893,1,1,0,0,1,0,1,1,0
9597.213870,1,1,1,1,1,1,1,0,0
9599.379601,1,0,1,0,0,1,0,0,0
9604.350750,0,1,1,0,0,1,0,1,1
9605.279605,0,0,0,0,0,0,0,0,1
9614.279705,0,1,0,0,1,1,1,1,0
9622.895228,0,1,0,1,0,0,1,0,0
9623.159360,1,1,0,1,0,1,0,1,0
9625.292279,1,1,1,0,1,1,0,1,1
9632.991977,1,1,1,0,1,0,1,0,0
9636.638821,0,0,0,1,1,0,0,1,1
9638.449795,0,1,0,1,1,0,0,0,0
9643.234100,1,1,0,1,0,0,0,0,1
9647.114494,1,1,0,0,1,1,1,1,1
9651.240081,0,0,1,1,0,1,0,1,0
9654.126168,0,1,0,0,0,1,1,0,1
9655.473188,1,0,0,1,1,1,0,1,0
9655.510769,1,1,0,1,0,1,1,1,1
9665.159242,1,1,0,0,1,1,0,1,0
9666.643964,0,1,1,0,1,1,1,1,0
9673.270219,1,0,0,0,0,1,1,0,1
9675.877136,1,0,1,1,1,1,1,1,1
9680.204626,0,0,1,1,1,1,1,1,0
9688.491511,0,0,1,0,1,0,1,0,1
9694.807669,1,0,0,0,1,1,0,0,0
9701.215063,0,0,0,0,0,0,0,1,1
9709.285963,0,1,1,0,0,0,1,1,1
9717.041799,1,0,0,0,0,0,1,0,1
9721.444331,1,0,0,1,1,0,0,0,1
9721.445331,1,1,1,0,1,0,1,1,0
9724.779331,0,0,0,1,0,1,0,0,0
9729.691734,0,1,1,1,1,1,1,0,0
9733.863171,1,1,1,1,0,0,0,1,0
9741.446286,0,1,0,0,1,1,1,1,1
9746.753504,1,0,1,1,1,1,0,1,0
9750.841397,0,1,0,1,0,0,0,1,0
9751.611551,1,1,1,0,0,0,0,0,1
9758.710162,0,0,1,1,0,1,0,1,1
9765.422391,1,1,1,1,1,1,0,1,0
9771.388311,1,0,1,0,1,1,0,1,0
9778.340997,0,1,0,1,0,1,1,1,0
9785.755049,0,1,1,1,0,1,0,0,1
9788.454192,1,0,1,1,1,0,0,0,0
9795.404851,0,0,1,0,1,0,1,0,1
9798.672286,1,1,0,1,1,0,0,1,1
9802.967729,1,0,0,0,1,1,1,0,0
9805.463606,1,0,1,0,1,0,1,1,0
9806.048352,0,1,0,1,0,1,1,0,0
9813.187527,0,1,1,0,0,0,0,1,1
9822.749157,1,0,1,1,0,0,1,1,0
9824.947740,1,1,1,1,1,1,0,1,1
9832.220740,0,1,0,1,0,0,1,0,0
9838.641552,1,0,0,0,1,0,0,0,1
9844.769956,0,0,1,0,1,0,0,1,1
9846.523358,0,1,0,1,0,1,0,0,0
9847.123442,0,1,0,1,0,0,1,1,1
9854.011625,1,0,0,1,0,1,1,0,1
9858.479392,0,0,1,1,0,0,0,1,0
9862.172330,0,1,1,1,0,0,1,0,1
9871.726723,0,0,0,0,0,0,0,0,1
9875.033844,0,0,0,0,1,1,0,1,1
9883.949139,1,0,1,0,1,0,1,0,0
9887.262044,1,1,1,0,1,1,1,1,0
9894.455016,1,1,0,1,0,0,1,0,1
9900.119167,1,1,0,1,0,0,0,0,1
9902.192328,1,0,1,1,1,0,1,1,1
9905.624620,0,0,0,1,0,1,0,0,0
9908.385429,0,1,0,1,0,1,0,1,0
9916.620900,0,0,1,0,1,1,0,0,1
9926.160052,1,1,0,0,0,0,0,0,1
9932.980223,1,0,1,1,0,1,1,1,0
9938.540107,1,0,1,1,0,0,1,1,1
9940.616372,0,1,1,1,0,1,0,0,0
9943.757761,1,0,1,1,1,1,1,0,0
9946.073344,0,0,0,1,0,0,1,1,1
9948.566588,1,0,1,1,1,0,1,1,1
9952.386834,1,1,1,0,0,0,1,1,1
9960.869010,1,1,0,1,1,0,0,0,0
9964.230108,0,1,1,1,0,1,0,0,0
9970.650487,0,1,0,0,1,0,0,1,0
9978.393377,0,0,1,1,0,0,1,1,0
9981.110154,0,1,0,1,1,1,1,0,0
9986.494411,0,0,0,1,0,1,0,1,1
9994.629911,1,0,0,1,0,0,1,0,0
9996.152720,1,1,1,0,0,1,0,1,0
