t,finish1,finish2,finish3,release1,release2,release3,start1,start2,start3
4.571429,1,0,0,1,0,1,1,0,1
7.299429,1,0,1,1,0,1,1,0,0
12.546281,1,0,0,1,1,1,1,0,1
20.335447,0,0,1,0,0,0,0,0,0
27.623853,0,0,1,1,1,1,1,1,1
31.416141,0,1,0,1,1,0,1,1,1
37.653076,1,1,0,0,0,0,0,1,0
38.021933,1,1,0,1,1,0,0,0,0
40.879790,0,0,1,1,0,0,0,0,0
46.833274,0,1,0,1,0,1,1,1,0
48.540732,1,0,0,1,1,0,1,1,1
52.146023,0,0,0,0,0,1,0,0,1
61.884421,1,1,0,1,1,1,1,0,1
69.621489,1,0,0,0,0,1,0,0,0
73.612238,0,0,0,1,1,1,1,0,0
78.452839,1,1,1,0,1,0,0,1,0
87.881468,0,0,1,1,0,1,0,1,0
88.388746,0,1,1,1,1,0,1,1,0
97.558954,1,1,1,1,1,0,1,0,1
101.726204,0,0,0,0,0,0,0,0,1
106.912932,1,0,0,0,0,0,0,1,1
111.501708,0,1,1,0,0,0,1,1,0
112.243375,0,1,1,1,0,0,1,0,0
114.895272,1,0,0,0,1,1,0,0,1
120.516039,0,1,0,1,1,1,1,1,1
121.271681,0,0,0,0,0,0,1,0,0
126.491558,1,0,0,1,0,0,1,0,0
134.844539,0,1,1,1,0,0,0,1,0
140.537278,1,1,1,1,1,0,1,1,0
144.619502,1,0,1,0,1,1,0,0,1
145.178929,0,0,0,0,0,0,0,1,0
146.211344,0,0,0,1,1,1,1,0,0
152.700245,1,1,1,1,1,0,0,1,1
157.216923,1,1,0,1,0,1,0,1,1
162.139131,0,0,0,0,0,1,1,0,1
170.384920,0,0,1,0,0,0,1,0,0
176.409234,0,1,0,1,1,1,1,0,0
178.144754,1,0,0,0,0,1,1,0,0
182.665850,0,1,1,1,0,1,1,1,1
191.644055,0,0,0,1,1,1,1,0,1
196.918270,1,0,1,1,0,0,1,0,0
199.050719,1,0,0,1,0,0,0,1,0
208.544161,0,1,1,1,0,0,1,0,0
215.362661,1,0,1,0,1,1,0,1,1
224.316393,1,1,0,1,1,0,0,1,0
227.338830,0,1,0,0,1,0,1,1,0
230.886142,0,1,1,0,1,1,0,1,1
239.671688,1,1,1,1,0,1,0,0,1
248.955901,0,0,0,0,1,0,0,0,0
251.465610,0,0,0,1,0,0,1,0,1
252.985446,0,0,0,1,0,1,0,0,1
261.652246,1,1,0,1,0,0,1,1,1
265.081474,0,0,1,1,1,0,0,0,0
274.914824,1,0,1,0,0,1,1,0,0
278.079280,0,1,1,1,1,1,1,1,1
284.102843,0,1,1,1,0,1,0,1,1
285.023665,1,1,0,1,1,0,0,1,1
287.566784,1,0,1,1,1,1,0,1,0
290.810702,0,1,0,0,0,0,0,0,1
295.284939,1,1,1,1,1,1,1,1,1
295.723396,1,0,1,0,1,1,0,1,0
303.586406,1,1,1,1,0,1,0,0,0
307.799239,0,1,1,0,1,1,1,1,1
310.672292,1,0,0,1,1,0,0,0,0
318.484552,1,1,0,1,0,0,1,1,0
318.761115,1,0,0,0,1,0,1,0,0
321.387042,0,0,0,1,0,1,1,1,0
328.054042,0,0,1,0,1,0,0,0,1
334.418042,1,1,0,1,0,0,1,0,1
339.592136,0,1,0,1,0,1,0,1,1
342.406359,0,0,1,0,0,0,0,0,0
348.207884,0,0,1,0,1,1,0,0,1
350.879137,1,0,0,0,1,0,1,0,1
358.195582,1,0,1,0,1,0,1,1,0
360.818043,1,1,0,0,1,0,1,1,0
366.290406,0,0,1,0,0,0,0,0,0
372.812493,1,0,0,0,1,0,1,0,0
380.482883,1,1,0,0,1,1,0,1,1
388.377830,0,0,1,0,0,0,0,1,0
393.682737,0,0,1,1,0,1,0,0,1
398.735588,1,1,1,0,0,1,1,1,1
402.504948,0,0,0,1,1,1,1,1,1
404.670680,0,0,0,0,0,0,1,0,0
414.170730,0,1,1,1,0,1,0,0,1
416.902800,1,1,0,1,0,0,0,0,0
425.910119,0,1,1,1,0,0,0,1,0
435.513683,1,0,1,0,0,1,0,0,1
441.197412,0,0,1,0,1,1,1,0,1
450.552799,1,0,0,0,1,1,1,1,0
456.355156,1,0,0,0,0,1,0,0,0
462.613595,0,1,1,0,1,1,1,1,1
463.034400,0,0,1,0,1,1,0,1,1
466.607859,0,1,0,1,0,1,1,1,1
475.375399,1,1,0,1,1,1,1,1,0
479.644629,1,0,0,1,1,0,0,0,0
487.187009,1,0,1,0,1,0,1,1,0
493.884693,0,0,0,1,0,1,1,1,1
502.914326,1,1,1,0,0,0,1,0,0
504.445785,1,0,1,1,0,0,1,0,1
509.612935,0,0,1,1,1,1,0,0,1
514.482807,0,0,1,1,1,0,1,0,1
514.663645,1,0,0,0,1,1,0,0,1
524.209145,0,1,0,0,0,0,1,0,1
525.861563,0,0,0,1,0,1,1,1,0
530.591390,1,1,1,1,1,1,1,1,0
531.684172,0,0,0,1,0,1,0,1,1
532.145377,0,1,1,1,0,1,0,0,0
539.151888,1,0,0,1,1,1,1,0,0
539.350051,1,0,0,0,0,0,1,1,1
542.716285,0,0,1,0,0,0,1,1,0
545.677944,1,0,0,1,1,0,1,1,0
547.543164,0,1,1,1,1,0,1,0,1
547.861593,0,1,0,0,0,0,0,0,1
556.985768,1,0,1,1,1,0,1,0,0
563.598291,1,1,1,0,0,0,1,0,1
567.394092,0,1,1,1,0,1,0,1,0
567.969359,0,0,1,0,1,1,0,1,1
571.730201,0,0,0,0,0,1,1,1,1
578.011686,1,0,1,1,1,1,1,0,1
579.943328,0,1,1,1,0,0,1,1,0
587.704116,1,1,0,0,1,1,0,1,1
588.040903,1,0,1,0,1,1,0,1,0
597.911046,1,0,0,1,0,1,1,0,0
607.244446,1,1,1,1,0,0,1,0,1
608.520486,1,1,0,0,1,0,1,1,1
614.673542,1,0,1,1,0,0,0,0,0
616.177124,0,0,0,1,1,1,0,0,0
621.169442,1,0,1,1,1,1,0,1,1
630.949338,1,1,0,0,0,0,0,1,0
638.668013,1,0,0,1,1,0,1,0,1
643.263148,1,1,0,0,0,1,1,0,1
643.643574,0,0,1,1,0,1,1,1,1
648.149243,0,0,1,0,0,1,1,0,0
654.165902,1,1,0,1,1,1,1,1,1
658.554813,1,1,0,1,1,1,0,0,0
659.880981,0,1,0,0,1,0,0,0,0
667.695571,1,0,0,1,1,0,1,0,1
675.164179,0,0,0,0,0,1,1,1,0
676.501451,0,0,1,1,0,1,0,0,0
683.249400,1,0,1,0,1,1,1,1,1
684.890363,0,1,1,0,0,1,0,0,0
694.047751,1,1,1,0,0,1,0,1,1
701.665493,0,1,1,0,0,0,0,1,0
703.429323,0,1,0,1,0,1,0,0,0
710.456647,0,0,0,1,0,0,0,0,0
719.879782,0,1,0,1,1,0,0,1,0
729.010303,0,0,0,0,1,0,0,0,1
731.913169,0,0,1,0,0,0,1,0,0
734.939897,0,0,0,0,1,0,0,0,0
741.610608,0,1,0,0,1,1,1,1,0
743.905809,1,1,0,1,0,0,0,0,0
746.540409,1,0,0,1,0,1,1,1,1
747.344004,0,1,1,0,1,1,0,1,0
749.624311,1,0,0,1,1,0,0,1,0
755.020309,0,1,0,0,0,1,1,1,1
763.661470,0,1,0,1,1,1,0,1,0
765.624498,0,0,1,0,0,1,0,0,1
766.449789,1,0,1,0,1,0,0,1,1
775.696726,1,1,0,0,1,1,0,0,1
779.848254,0,1,0,0,0,1,0,1,1
782.099560,1,1,0,0,1,0,0,0,0
788.218449,1,1,0,1,1,1,0,1,0
788.636074,1,1,1,0,0,1,0,0,0
795.473647,1,1,1,0,0,0,1,1,1
797.974397,0,1,1,0,0,1,1,0,1
807.690657,1,1,0,1,1,1,0,1,1
807.818871,1,0,1,0,0,1,1,0,0
812.911225,1,1,1,0,1,0,1,1,0
815.438772,0,1,0,0,0,0,0,0,1
816.895812,0,1,0,0,0,1,1,0,1
823.114677,0,1,0,0,1,0,0,0,1
831.186619,1,0,1,1,1,1,1,0,1
839.432948,1,0,1,0,0,1,1,1,0
844.085889,1,0,0,0,0,1,0,1,0
852.288723,0,0,1,1,1,0,1,0,0
855.061064,0,1,0,1,1,1,0,1,0
855.975064,0,1,1,1,0,0,1,1,1
864.427875,1,1,0,1,0,0,0,0,0
870.932964,1,1,1,1,1,0,1,1,0
873.422051,0,1,1,1,1,1,0,1,1
883.204681,1,1,0,1,0,1,0,0,1
887.233448,0,0,0,1,1,0,0,1,1
890.139916,1,1,1,0,0,0,0,0,0
899.233574,1,1,0,1,1,1,0,1,1
904.220451,0,0,0,1,0,0,0,0,1
905.035324,0,1,1,0,1,0,0,1,0
910.633791,0,0,0,1,1,1,1,0,0
912.695475,0,1,1,1,0,0,0,1,1
920.662483,1,0,0,0,1,1,1,1,1
927.632483,1,0,1,1,1,0,0,0,0
930.710098,0,0,1,0,0,0,0,0,0
931.118297,1,1,0,1,1,0,1,0,0
935.141452,1,0,1,1,0,0,1,0,0
943.106257,0,0,1,1,1,1,1,0,1
943.909646,1,0,0,0,0,1,0,0,1
949.693851,0,1,0,1,1,0,1,1,0
956.949940,0,0,0,0,1,1,1,1,1
957.764506,1,0,1,0,0,0,1,0,0
959.285111,1,0,1,1,0,0,0,1,1
969.076799,0,0,0,0,1,0,0,0,0
969.944049,0,0,0,1,1,1,1,0,1
970.505074,0,0,0,0,0,1,0,0,1
973.644447,0,0,1,0,0,1,0,1,0
974.197381,1,0,1,1,0,0,1,0,1
979.566015,1,0,0,1,0,1,0,0,1
979.567015,1,1,0,1,1,1,0,0,0
983.088071,0,1,0,0,1,0,1,1,0
993.027102,0,1,1,1,1,0,1,1,1
1001.588649,1,0,1,0,0,0,1,0,1
1009.988402,1,1,1,1,1,0,1,1,1
1011.893973,0,1,0,1,1,0,0,0,1
1019.020697,0,1,1,1,0,1,1,0,1
1024.509430,1,1,0,0,1,0,1,1,1
1030.424556,1,1,1,1,0,1,1,1,1
1040.154313,1,1,1,1,0,1,0,1,0
1046.035732,1,0,1,0,0,1,0,0,0
1046.036732,1,0,1,1,1,1,1,1,1
1052.934339,1,0,1,0,0,1,0,1,0
1053.132211,1,0,1,0,1,0,1,1,0
1060.717541,1,1,1,0,0,1,1,0,0
1067.439181,0,0,1,1,1,0,1,0,1
1075.348710,0,1,0,1,0,1,0,1,0
1082.757932,0,0,0,0,1,1,1,1,1
1082.961404,1,0,1,1,1,0,0,0,1
1083.397143,1,0,0,1,1,1,1,0,1
1084.541280,0,1,0,1,0,1,0,0,1
1088.541880,1,0,0,0,0,1,0,0,0
1095.294782,0,0,0,0,1,1,1,0,0
1101.238584,1,1,1,1,1,1,1,0,1
1106.700031,0,0,1,1,0,1,0,1,1
1115.738588,0,1,0,0,0,1,0,1,1
1122.257924,0,0,0,1,1,1,0,0,0
1126.425174,0,1,1,0,0,1,0,0,1
1127.272863,1,1,0,1,0,0,1,1,1
1130.114488,1,1,0,0,0,1,1,1,1
1134.670588,0,0,0,0,1,0,0,1,1
1141.023894,1,0,1,1,1,0,0,1,0
1144.512130,0,0,0,1,1,0,1,0,0
1149.118075,0,0,1,0,0,0,1,1,1
1155.729709,1,1,1,1,1,0,1,1,1
1156.279327,1,0,0,1,0,1,1,1,1
1160.403626,0,0,1,1,0,1,0,1,0
1167.943766,0,0,1,1,1,0,0,0,0
1177.304374,1,0,0,1,1,1,1,0,0
1181.304974,1,1,1,1,1,0,0,1,0
1187.403469,0,1,1,0,1,0,1,0,1
1189.371485,0,0,1,0,0,0,0,0,0
1190.552143,1,1,0,0,1,1,1,0,1
1198.103408,1,0,1,0,1,1,1,1,1
1203.542460,1,1,1,1,1,1,1,0,1
1205.372546,1,0,1,1,0,1,1,0,0
1209.412181,1,1,1,1,1,1,0,0,1
1219.353478,0,0,1,1,1,0,1,0,1
1225.658196,1,1,0,0,1,0,0,1,0
1231.944282,1,0,1,0,1,0,1,1,0
1239.111996,0,1,1,0,0,0,1,1,1
1240.884381,1,1,0,1,1,0,1,0,1
1242.310175,0,0,1,1,1,0,1,0,1
1246.973921,1,1,1,1,1,0,1,1,0
1249.964571,1,0,1,1,1,1,0,1,0
1258.597328,0,0,0,0,0,0,0,1,1
1265.264328,0,1,0,1,0,1,0,1,1
1274.062731,1,1,0,1,1,1,0,1,0
1282.484522,1,1,0,0,1,1,0,0,0
1289.444572,1,0,0,0,0,0,1,0,0
1299.373657,0,1,1,0,0,1,0,1,0
1305.432446,1,1,0,1,1,0,1,0,0
1306.849233,0,1,0,0,0,1,0,0,0
1314.913943,0,0,1,0,0,1,1,1,0
1323.633878,0,1,1,1,0,0,1,1,1
1323.954996,0,0,1,0,1,0,1,0,1
1326.763935,1,1,1,1,0,1,1,0,0
1335.009724,1,1,0,1,1,0,0,1,1
1339.570088,0,1,0,1,0,0,1,0,1
1341.301684,1,1,1,1,0,0,0,1,0
1350.624726,1,0,1,1,0,0,1,0,1
1356.070097,0,0,0,0,0,1,0,1,0
1363.429911,1,0,1,1,1,0,1,1,1
1368.910828,1,1,1,0,1,1,1,0,0
1372.594913,1,0,1,0,1,1,1,1,1
1382.151170,1,1,1,0,1,0,1,0,1
1386.292381,0,0,0,0,0,0,1,0,1
1389.929381,1,1,1,0,1,0,0,1,1
1398.770361,0,0,0,0,0,0,1,0,0
1399.589993,1,1,0,1,1,0,0,0,0
1409.077224,1,0,1,0,0,1,0,0,0
1411.296489,1,1,0,0,1,0,0,1,0
1418.307961,0,1,1,1,0,0,0,0,1
1421.171923,0,1,0,0,1,1,1,1,1
1427.982587,1,1,0,0,1,0,1,1,0
1429.575019,1,0,1,0,1,0,0,0,0
1433.256136,0,1,1,0,1,0,1,1,1
1435.437370,1,0,0,1,0,1,0,1,1
1440.503365,0,0,0,1,1,1,1,0,0
1444.065820,0,0,1,1,1,0,1,1,1
1448.584202,1,0,1,0,1,1,0,0,1
1458.066543,0,1,1,1,1,1,0,1,0
1466.732386,0,0,1,1,0,1,0,0,1
1473.889655,0,0,1,1,0,1,0,0,1
1483.126008,1,0,1,0,1,0,1,1,0
1489.098213,1,0,0,0,1,0,1,1,1
1490.422610,1,0,1,1,0,0,0,0,0
1492.972375,0,0,0,1,1,1,1,0,1
1494.786440,1,0,1,0,1,1,1,0,1
1502.809237,1,0,0,1,0,1,1,1,0
1507.394574,1,0,1,1,0,0,0,1,1
1512.918407,1,0,0,1,0,0,1,0,0
1521.139342,1,0,0,0,1,0,1,1,0
1527.174827,0,1,0,1,1,1,0,1,0
1528.860323,0,0,0,0,1,1,0,1,0
1537.358050,0,0,0,0,1,1,1,0,1
1544.071666,0,1,0,1,0,1,0,1,1
1547.112902,0,1,1,1,0,1,1,0,1
1556.555467,0,0,0,1,0,1,0,1,1
1557.340702,1,1,1,0,1,0,0,1,1
1565.888641,1,1,0,1,1,0,1,1,0
1570.510856,0,1,1,0,0,0,1,0,1
1573.158325,1,0,0,0,1,1,0,1,0
1582.809927,1,1,1,0,1,0,1,1,1
1586.062635,1,1,1,0,1,0,1,0,0
1590.971866,0,0,1,0,0,0,1,1,0
1599.032060,1,1,0,0,0,1,0,0,0
1600.710148,0,1,1,1,0,0,1,1,1
1603.954066,1,0,0,0,1,0,1,0,0
1604.529722,1,1,0,1,0,1,0,1,1
1606.174852,0,1,1,1,1,1,0,0,1
1606.935270,0,1,0,0,0,0,0,0,0
1606.984888,0,0,0,0,1,0,0,1,0
1613.743833,1,1,0,0,1,1,0,1,0
1616.634329,0,1,0,1,0,0,1,0,0
1617.486307,1,1,0,0,1,1,1,1,0
1625.147092,0,0,0,0,0,1,1,1,0
1630.410015,1,0,0,0,1,0,1,0,1
1639.332839,1,0,1,0,0,0,0,0,0
1644.477833,0,0,1,0,0,0,1,1,1
1648.211969,1,0,0,1,0,1,0,0,0
1654.240735,0,1,1,0,1,1,0,0,1
1661.276430,1,0,1,0,0,0,1,0,1
1663.168627,1,1,0,1,1,0,0,1,0
1663.975998,1,0,1,1,1,0,1,1,0
1666.198998,0,1,1,0,1,1,0,0,1
1670.577754,0,1,0,1,1,0,0,0,1
1675.830027,0,1,0,1,0,0,0,0,0
1682.412648,1,0,0,0,0,1,1,1,1
1688.362231,0,1,1,1,0,1,0,0,1
1697.468011,0,1,1,1,1,1,1,1,1
1703.572567,1,1,1,0,0,1,1,0,1
1711.688698,0,1,1,0,0,1,0,0,1
1711.916948,0,1,0,0,0,1,0,0,1
1718.525602,1,0,1,0,1,1,0,0,0
1721.933669,0,1,0,1,0,1,0,1,0
1726.323805,0,0,0,1,1,0,1,1,1
1728.838731,1,1,0,0,1,0,0,1,0
1731.622704,1,0,0,0,0,0,1,0,1
1740.131256,1,0,0,1,1,1,1,0,0
1740.560785,0,1,0,1,0,1,1,1,0
1745.642577,1,0,0,1,1,0,1,0,0
1752.726202,1,0,1,0,1,0,1,0,0
1761.397922,0,1,0,0,0,0,1,1,0
1770.942962,0,1,1,0,1,0,0,0,1
1773.362021,0,1,0,1,0,0,1,0,0
1773.951968,0,0,1,1,0,0,0,0,1
1779.018774,0,0,0,0,0,1,0,1,0
1783.619314,1,0,1,0,1,0,0,0,0
1788.680211,1,0,0,0,1,0,0,1,1
1789.248839,1,1,1,0,0,0,0,0,0
1799.040860,0,0,1,0,1,1,0,0,1
1803.878469,0,0,0,1,0,1,0,0,0
1807.077119,1,1,1,0,1,0,1,0,0
1812.633119,1,1,0,0,1,0,1,1,1
1818.454050,0,0,0,0,0,1,0,0,0
1820.954800,0,0,0,1,0,1,1,1,1
1830.824265,0,1,0,0,0,1,0,1,0
1837.473814,1,1,1,1,1,0,1,0,1
1839.486025,1,1,1,1,1,0,1,1,1
1841.271744,1,1,1,1,1,1,1,1,1
1841.319688,1,0,0,0,1,1,0,0,1
1844.058166,0,0,0,0,0,1,0,1,0
1853.812490,0,1,1,1,0,0,1,1,1
1858.304941,0,1,1,1,0,1,0,0,0
1864.244261,0,0,1,0,0,0,0,1,1
1871.153661,1,1,1,0,0,0,0,1,0
1872.402400,0,0,0,0,1,1,1,0,1
1872.909186,0,0,0,1,0,0,1,0,0
1876.457589,0,0,0,1,0,0,0,1,0
1876.458589,1,1,1,1,1,0,0,1,0
1885.176666,1,0,0,0,0,1,0,1,1
1893.396739,1,0,1,0,0,1,1,0,1
1893.458709,1,0,1,0,0,1,1,1,0
1902.354463,0,1,1,1,1,0,0,0,0
1907.809463,0,0,1,1,1,1,0,0,1
1913.751897,0,1,0,0,0,0,0,0,0
1918.890845,1,0,0,0,0,1,1,0,1
1922.855508,0,1,0,1,0,1,1,1,1
1925.374959,0,1,1,0,1,0,0,1,0
1933.401009,0,0,0,0,0,0,0,1,1
1941.115939,1,0,1,0,1,1,1,1,1
1942.635774,1,0,1,1,1,1,1,1,1
1949.031483,0,1,1,1,0,1,1,0,0
1957.547008,1,1,0,1,1,1,0,1,1
1964.258829,1,0,0,0,1,1,1,0,0
1970.481429,0,1,0,1,0,0,1,0,1
1975.133126,1,0,0,1,0,1,1,0,0
1980.463022,1,1,0,1,0,0,0,0,1
1980.568420,0,0,1,1,1,0,1,0,0
1983.065703,1,0,1,0,1,1,0,1,0
1987.207580,0,0,1,1,1,1,0,1,0
1995.555203,1,1,1,1,1,1,1,1,1
1997.594626,1,1,1,0,0,1,1,0,1
2002.096642,0,0,1,1,1,0,0,1,0
2004.281332,1,1,1,0,1,1,0,0,1
2014.036415,1,1,0,1,0,1,1,1,1
2022.144712,0,0,1,0,1,1,1,1,1
2022.960848,0,0,0,1,0,0,0,1,1
2027.247134,1,1,1,0,0,0,1,1,1
2035.742859,1,0,0,1,1,1,1,0,1
2042.094575,0,1,0,1,0,0,1,1,1
2048.887689,0,0,0,1,1,1,0,1,1
2053.053562,1,0,1,0,0,1,0,0,1
2057.680267,1,0,1,1,0,1,0,0,0
2064.112279,0,0,0,1,0,1,1,1,1
2069.516688,0,1,0,1,1,1,1,0,0
2070.128738,0,1,0,0,0,0,0,1,0
2078.544897,0,0,1,0,1,0,0,1,0
2082.973606,1,0,1,0,1,0,0,0,0
2083.792368,1,0,1,0,0,1,0,0,0
2084.645135,0,1,0,0,1,1,0,1,0
2084.646135,0,0,0,1,0,0,0,0,1
2089.918574,1,1,0,1,1,1,1,1,1
2099.622952,0,1,0,1,0,1,1,1,1
2105.523745,1,0,0,1,0,0,1,0,1
2114.670552,0,0,1,0,0,1,1,1,1
2115.403186,1,0,1,0,0,1,0,1,0
2120.736986,0,0,1,1,0,1,1,1,1
2124.550391,0,1,0,1,0,0,1,1,1
2125.012883,1,0,1,1,1,1,1,1,0
2128.180572,0,1,1,0,0,1,1,0,1
2137.946893,0,1,0,0,1,0,0,0,0
2138.675093,0,1,0,0,1,1,0,0,1
2138.676093,1,1,0,0,0,0,0,0,1
2143.024485,0,1,0,1,0,1,1,1,0
2146.537678,0,1,0,0,0,0,1,0,1
2150.240730,1,1,1,0,0,0,0,1,0
2159.313128,1,1,1,1,0,1,0,0,1
2166.318108,0,0,1,0,1,0,1,0,0
2170.590732,0,0,0,1,1,0,1,0,1
2177.802166,1,0,1,0,0,1,1,1,1
2178.534800,1,1,0,1,0,1,1,1,1
2186.815227,1,1,0,1,0,1,1,0,1
2190.501533,0,1,1,1,0,1,1,1,0
2192.983159,0,0,0,0,0,1,0,1,0
2196.072086,1,1,0,1,1,1,0,0,0
2201.352061,0,0,1,1,1,1,1,0,1
2204.104802,0,1,1,1,1,0,0,0,1
2212.872833,1,0,1,1,1,1,1,1,1
2220.362711,1,0,0,0,1,1,1,0,1
2220.511844,0,1,1,1,1,1,1,0,1
2225.356744,1,1,0,1,0,0,0,1,0
2233.458200,1,1,1,0,0,0,0,1,1
2242.338438,1,1,0,0,1,0,0,0,0
2243.904499,0,0,0,1,0,1,1,1,1
2253.425095,0,0,0,1,0,0,0,0,0
2263.105978,0,1,0,1,0,0,0,1,1
2272.366556,1,1,0,1,1,1,0,0,1
2273.837388,0,0,1,1,1,1,1,1,0
2277.330103,1,0,0,0,1,1,1,1,1
2277.815385,1,0,1,0,1,0,1,1,1
2284.322240,0,1,1,0,0,0,1,1,0
2285.393288,1,0,0,1,0,0,0,1,1
2294.399016,1,1,0,1,0,0,1,0,0
2301.236682,1,0,0,1,1,0,0,1,0
2305.653907,1,0,0,1,1,1,1,0,0
2309.104226,1,0,1,0,0,0,0,1,0
2316.239344,1,0,1,1,1,1,1,1,1
2316.846344,1,0,0,1,0,1,1,0,0
2324.836495,1,0,0,0,0,0,1,1,0
2329.503695,1,0,0,1,0,0,0,1,1
2333.520591,1,0,0,1,1,0,0,0,1
2339.007585,0,0,1,1,0,1,1,0,0
2342.527397,1,1,0,1,1,0,0,0,0
2347.721843,1,1,1,0,1,1,0,1,0
2351.041095,0,0,0,1,0,1,0,0,1
2357.108904,1,0,1,0,1,1,1,1,0
2357.422373,0,1,1,0,1,1,0,0,0
2358.682112,0,1,0,0,0,1,0,0,0
2367.977957,1,0,0,1,0,1,1,1,0
2375.816388,0,1,0,1,1,0,1,1,0
2379.472054,1,1,0,1,1,0,1,1,0
2381.201276,1,0,1,0,1,0,0,1,1
2385.368526,0,0,0,1,0,1,0,0,0
2386.673743,0,1,0,0,1,0,0,1,0
2394.094869,1,0,1,1,1,0,1,0,1
2402.017574,0,0,1,0,0,1,0,0,1
2410.889579,0,0,0,1,1,0,0,0,0
2417.687197,0,1,1,1,0,1,1,1,0
2422.858620,1,0,0,0,1,0,1,1,1
2423.733659,1,0,1,0,0,0,1,1,1
2431.965388,1,1,0,1,1,1,1,1,0
2432.122998,0,1,1,1,0,0,1,1,1
2436.979874,0,0,0,0,0,0,0,1,1
2437.475874,1,1,0,0,0,0,1,0,0
2443.814268,0,0,1,0,1,1,0,0,1
2447.302099,1,0,0,0,1,1,1,1,1
2449.998360,0,1,1,0,1,1,1,1,1
2456.397612,0,1,0,1,1,1,0,0,0
2458.503039,1,1,0,0,0,0,1,1,1
2458.606668,0,1,0,0,0,0,1,1,0
2461.214704,1,0,1,0,0,1,1,0,1
2464.865781,1,1,0,0,0,1,0,0,1
2466.645074,1,1,0,0,1,1,1,0,1
2470.056864,0,0,1,0,1,0,0,1,1
2478.597827,0,0,1,0,0,0,0,1,0
2487.992792,1,0,0,1,1,1,0,0,1
2496.912114,0,1,1,1,0,1,1,1,1
2503.456962,0,0,1,0,0,1,1,0,0
2509.820962,0,0,0,1,0,0,1,0,0
2513.111106,0,0,0,1,0,1,0,0,1
2522.616364,0,1,0,0,0,0,0,0,1
2529.237392,1,0,0,0,0,0,0,0,0
2537.647293,1,1,0,0,1,0,1,0,0
2544.400864,0,1,1,1,1,0,0,0,0
2547.781656,1,1,0,0,1,1,1,1,1
2552.767408,1,1,1,1,0,1,1,1,0
2559.848918,0,1,0,1,1,0,1,1,0
2569.467277,1,0,1,0,1,0,0,1,0
2569.851720,0,0,0,0,1,0,0,1,0
2572.690120,0,1,0,1,1,0,1,0,1
2578.029569,0,0,1,1,1,0,1,1,1
2587.881279,0,0,0,1,0,1,1,1,1
2592.245479,0,1,0,0,1,0,0,0,1
2602.042375,0,1,0,1,0,0,0,1,0
2611.538828,0,0,1,1,1,1,0,1,1
2615.878445,0,1,1,0,0,1,0,0,1
2617.445812,0,1,1,0,1,0,0,0,0
2626.897922,0,1,0,1,1,1,0,1,0
2632.128284,1,1,0,1,0,1,1,1,1
2634.629034,1,1,0,0,0,1,0,0,1
2635.849424,0,1,1,0,1,0,1,1,0
2639.961296,1,0,1,1,1,1,0,0,1
2643.887137,1,0,1,0,0,0,0,1,0
2647.289859,0,0,0,0,0,1,1,1,1
2649.845188,0,1,1,1,1,0,1,0,0
2650.945785,0,1,0,0,0,0,0,0,1
2656.047140,0,1,0,1,0,1,0,1,0
2662.820255,0,0,1,1,1,1,0,1,1
2672.475462,0,1,1,0,0,1,0,0,1
2677.374346,1,0,1,1,0,0,0,0,0
2683.116917,1,1,0,1,1,0,0,0,0
2687.660642,0,1,0,0,1,0,0,0,0
2694.756823,0,1,0,0,0,1,1,1,1
2700.837215,1,1,0,0,0,0,1,0,0
2707.510699,1,1,1,0,1,1,1,0,0
2711.244296,0,1,1,1,0,1,1,1,0
2713.831864,0,0,0,0,1,1,1,0,1
2713.832864,0,0,0,1,0,1,1,1,1
2716.355351,1,0,0,0,0,0,0,1,1
2718.133951,0,1,1,0,1,0,1,1,1
2725.506476,1,0,1,1,1,1,0,0,0
2729.741747,1,1,0,0,0,1,0,1,0
2739.491772,0,0,1,0,0,1,1,0,1
2747.498507,1,1,1,0,0,1,1,0,1
2756.169968,1,0,0,0,0,1,0,0,0
2764.387014,1,1,0,1,1,0,0,1,1
2766.138439,0,0,1,0,1,1,1,1,0
2775.016102,1,0,0,0,0,1,0,0,0
2783.207587,1,0,0,1,1,1,1,1,1
2790.025265,1,1,0,0,0,0,0,0,0
2798.241303,0,0,1,0,0,0,0,0,1
2800.426958,0,1,0,1,0,0,1,0,0
2805.317175,0,1,0,1,1,1,0,0,1
2807.471806,1,0,0,0,0,1,0,1,0
2808.773791,0,0,0,1,1,1,0,1,1
2817.291685,0,1,1,0,0,1,1,0,1
2824.371623,0,0,1,1,1,1,1,0,0
2833.863199,0,1,1,1,0,1,0,1,0
2834.090907,1,1,1,1,1,1,1,0,1
2843.217978,0,1,1,0,0,0,1,1,1
2843.686846,0,0,0,1,1,0,1,0,1
2848.328530,1,0,0,1,1,1,1,0,0
2853.873530,1,1,1,1,1,1,1,1,1
2854.930231,1,0,0,0,1,1,1,1,0
2862.817766,0,0,0,0,1,1,0,1,0
2864.802374,0,1,1,1,0,1,1,0,0
2865.999332,1,1,1,1,0,0,0,1,1
2872.448133,1,0,1,0,0,1,0,0,0
2878.711020,0,0,0,0,0,1,0,0,0
2886.128696,1,1,0,0,1,1,1,0,0
2886.189214,0,0,0,1,1,0,0,1,1
2894.988547,0,0,0,1,1,1,1,0,1
2902.681085,1,0,0,1,1,1,1,0,0
2912.165673,1,0,0,1,0,1,1,1,1
2916.859344,0,0,0,1,1,0,1,1,1
2920.310549,1,0,1,0,0,0,1,1,0
2920.807250,1,0,0,0,0,1,0,0,1
2927.390925,0,0,1,1,0,0,0,1,1
2937.032654,0,0,1,0,1,1,1,1,0
2938.528242,0,1,0,1,1,1,0,1,0
2947.397296,1,0,0,1,0,1,0,0,1
2951.034296,1,1,1,1,1,1,0,1,0
2959.849580,1,1,1,1,0,0,1,0,0
2965.304580,0,1,0,0,0,1,1,1,0
2968.737519,1,1,1,1,1,0,1,0,1
2976.305875,0,0,0,0,0,0,1,1,1
2983.959831,1,0,0,0,0,1,1,0,0
2984.478021,0,0,0,1,1,1,1,0,1
2993.255921,0,0,0,1,0,1,1,1,0
3002.770255,1,0,0,1,0,0,0,0,0
3011.512712,0,0,0,0,1,1,1,0,0
3021.254674,1,0,0,0,0,0,0,1,1
3025.030000,1,1,1,0,1,1,0,0,1
3034.099860,1,1,1,1,1,0,0,0,0
3038.211855,1,0,0,1,1,0,1,0,0
3045.728659,1,0,1,0,0,0,1,1,0
3047.903355,0,0,1,1,1,0,1,1,0
3049.245684,0,1,0,1,1,0,0,0,0
3051.673220,0,0,1,0,1,0,0,1,0
3052.542730,1,1,1,0,0,0,1,0,1
3056.227572,1,1,0,1,0,1,1,0,1
3056.408195,0,0,1,1,0,1,1,0,1
3057.963093,0,0,0,1,0,1,1,1,0
3067.596531,1,0,0,1,1,0,0,1,0
3070.706575,0,0,1,0,1,0,1,1,1
3072.707375,1,0,1,1,1,0,0,1,1
3073.592064,1,1,1,0,1,1,0,1,0
3081.295749,1,1,0,0,1,0,0,1,1
3083.807415,1,1,1,1,1,1,0,1,1
3091.984393,0,0,0,1,0,0,1,0,1
3093.152789,1,0,1,1,1,0,1,1,0
3101.266185,0,0,0,0,0,0,1,1,0
3101.707202,1,0,0,0,0,1,0,0,1
3101.909109,0,0,1,1,1,0,0,0,0
3111.797389,0,1,0,1,1,0,0,1,0
3115.726567,1,1,1,0,0,0,0,1,0
3118.996995,0,0,0,1,0,0,0,1,0
3122.960638,1,1,1,1,1,1,1,1,1
3125.172160,0,1,0,0,0,1,1,0,0
3126.139730,0,0,0,1,1,0,1,1,0
3129.540169,1,1,0,1,0,1,0,0,0
3133.292089,1,0,0,0,1,0,1,0,0
3140.792339,0,1,1,1,0,0,0,0,1
3143.451610,1,1,0,0,0,0,0,0,1
3145.816715,1,1,1,0,0,0,0,1,0
3147.411051,1,0,0,0,1,0,1,1,1
3154.672472,1,0,0,0,0,1,0,0,0
3163.041619,1,1,0,0,1,1,0,0,1
3164.149734,0,0,0,1,1,1,0,0,1
3167.491689,1,1,0,0,0,0,0,0,0
3170.499300,0,0,1,1,1,1,1,0,0
3176.844391,0,1,1,0,1,0,0,1,1
3178.640083,1,1,0,1,1,1,1,1,1
3187.428083,1,1,0,1,1,1,1,1,1
3189.557150,1,1,1,0,1,0,0,0,0
3195.834801,0,0,1,0,0,0,0,1,1
3196.669051,0,0,1,1,1,1,0,1,1
3197.692676,1,1,0,1,0,1,0,0,1
3205.205363,0,0,1,0,0,1,0,1,0
3210.199327,0,0,0,0,1,1,0,0,0
3213.514603,1,1,0,1,1,0,1,1,1
3215.429287,1,1,1,0,0,0,0,1,0
3218.194026,1,1,0,1,1,0,1,1,1
3218.195026,1,0,0,1,1,0,1,0,1
3227.715074,0,0,1,0,0,0,0,0,1
3236.110296,1,0,1,0,0,1,1,0,1
3238.333296,1,0,1,0,1,1,1,0,1
3239.824831,1,0,0,0,0,1,0,0,1
3249.028098,0,0,1,0,0,1,0,0,1
3252.728728,0,0,0,0,0,0,1,1,0
3256.054364,0,1,0,0,1,1,0,0,1
3263.634905,0,0,0,1,1,0,1,0,0
3270.937189,0,0,1,0,0,1,1,1,1
3279.817138,0,1,1,0,1,0,0,0,0
3285.135588,0,1,0,0,0,0,1,0,1
3291.086407,0,0,0,1,1,0,1,1,1
3297.201445,1,1,0,0,1,0,0,1,1
3297.777359,0,0,0,0,0,1,1,0,0
3302.015773,0,1,1,0,0,0,0,0,1
3303.309747,0,0,1,1,1,1,1,1,1
3310.009106,1,1,1,1,0,0,0,1,1
3313.079567,0,1,1,1,0,0,0,0,1
3316.257272,1,1,1,0,1,0,1,1,0
3321.284796,0,1,1,1,1,0,1,1,0
3329.623832,1,1,0,0,0,1,1,0,0
3337.393286,1,0,1,1,0,1,1,1,0
3342.732478,0,1,0,0,0,1,0,1,0
3350.885973,1,0,0,1,0,1,1,0,0
3355.688135,0,0,0,1,1,0,1,1,0
3359.594468,0,1,1,1,0,0,0,0,1
3361.532447,0,0,1,0,1,0,0,1,0
3370.993927,0,0,1,0,0,0,1,1,1
3375.864990,1,1,1,0,1,0,0,0,1
3379.865590,1,1,0,1,0,1,1,0,1
3386.454167,0,0,0,1,0,1,0,0,0
3392.992975,0,0,1,0,1,1,0,1,1
3397.062760,1,0,1,1,1,0,1,1,1
3397.424549,1,1,0,0,1,0,0,0,0
3404.424849,1,1,0,1,0,0,0,0,1
3404.535594,1,1,1,0,1,1,1,1,0
3414.277772,1,0,1,0,0,0,0,1,1
3422.777922,0,0,0,0,0,1,0,0,1
3424.010326,0,0,1,1,0,1,0,0,1
3433.634510,1,0,0,1,0,1,1,0,1
3440.677816,1,1,0,1,1,1,0,1,1
3443.812306,1,0,0,0,1,1,0,0,1
3447.720131,1,1,1,0,1,0,1,1,1
3449.801603,1,1,1,0,1,1,0,0,0
3456.562490,1,0,0,0,0,0,1,1,1
3459.202115,1,1,1,1,0,0,0,0,1
3466.379575,1,0,0,1,1,0,1,0,0
3471.823293,1,0,1,0,0,1,1,0,1
3481.313635,0,1,1,1,0,0,0,1,0
3487.902343,0,0,0,0,0,1,0,1,1
3496.621332,1,0,0,1,0,0,1,1,0
3499.518594,1,1,0,0,1,0,0,1,0
3499.853863,1,1,0,0,1,1,1,1,0
3504.916085,0,0,1,0,1,0,0,0,0
3511.121481,0,1,1,0,1,0,1,1,1
3512.578274,0,1,1,1,0,1,1,0,1
3514.679186,0,1,1,1,0,0,1,1,0
3515.220397,0,1,1,1,0,0,0,0,0
3523.081132,0,0,0,1,0,0,0,0,0
3523.082132,1,0,0,0,0,0,0,1,0
3529.749132,0,1,0,0,1,1,1,0,0
3539.451148,0,0,1,0,1,0,0,0,0
3549.229705,0,1,0,0,1,1,0,1,1
3555.792549,0,0,1,1,0,1,1,1,1
3558.232329,0,0,1,1,0,0,0,1,0
3558.277671,0,1,0,0,1,0,0,0,1
3563.284101,0,0,1,1,0,1,0,0,1
3566.858077,0,0,0,0,0,1,1,1,1
3573.259466,0,1,1,0,1,1,0,0,1
3575.926866,0,1,1,0,1,0,0,1,0
3575.949140,0,1,1,0,0,1,1,0,1
3578.844587,1,0,0,1,1,0,1,0,0
3584.698661,1,0,1,0,0,1,0,0,0
3590.917826,0,0,0,0,1,0,1,1,0
3597.409889,1,0,0,1,1,1,1,0,0
3604.245157,0,0,0,0,0,1,0,0,1
3606.825610,0,1,0,0,1,0,0,0,1
3608.108127,1,0,1,0,1,1,0,0,0
3617.723550,0,0,1,1,0,0,0,1,1
3626.165917,1,0,0,0,1,1,0,1,1
3634.918983,0,0,0,0,0,0,0,0,1
3639.396780,1,0,1,1,0,1,1,0,1
3643.768527,1,0,0,1,1,1,0,0,0
3652.223227,0,1,1,1,0,1,0,0,0
3654.255101,1,1,1,0,0,1,1,0,1
3654.357613,0,1,0,1,1,0,1,1,1
3660.837304,1,0,1,1,1,1,1,1,1
3669.816525,1,1,0,0,1,0,1,1,1
3672.606361,0,1,0,1,0,0,0,0,0
3673.033514,1,0,1,1,0,1,1,0,1
3675.618235,0,0,0,0,1,1,1,0,0
3679.404865,1,0,1,0,1,0,0,0,0
3680.052417,0,1,0,1,1,1,0,0,1
3681.916867,1,0,0,1,0,1,0,0,1
3690.007407,0,1,1,0,1,0,1,0,0
3692.706549,1,0,0,0,0,1,1,1,1
3696.250884,1,1,1,1,1,0,0,1,0
3700.749704,0,1,1,0,0,1,1,0,0
3701.566333,0,1,1,0,1,0,1,1,0
3707.901778,1,1,1,1,1,1,1,1,0
3715.879508,1,0,1,1,0,0,0,0,1
3716.114677,1,1,1,1,0,0,0,1,1
3721.974246,0,1,1,0,1,1,0,1,1
3731.872111,0,0,0,1,1,0,0,1,0
3733.049464,1,0,1,1,0,1,1,1,1
3741.630114,0,0,1,1,0,1,0,1,0
3743.745527,1,1,1,0,1,1,0,1,1
3746.481153,1,0,0,1,0,0,0,1,0
3754.309359,1,0,0,0,1,0,1,0,0
3763.730904,0,0,1,0,1,1,0,0,1
3768.549350,1,1,1,0,1,1,1,0,1
3776.540622,0,0,1,0,0,1,1,1,1
3777.967261,0,1,1,1,0,0,1,1,0
3782.664761,1,1,0,1,1,1,1,1,0
3788.283573,0,0,1,0,1,0,1,1,1
3797.616973,1,1,1,0,0,1,1,1,1
3799.660780,1,1,1,0,1,1,0,0,0
3800.042259,0,1,0,1,0,0,1,0,0
3806.709259,0,1,0,0,1,1,0,0,1
3810.927149,1,1,0,0,1,0,0,0,0
3811.594749,1,1,1,1,0,0,1,1,1
3813.519847,0,1,1,1,1,1,1,0,0
3821.139132,1,1,0,1,1,0,0,1,0
3825.884669,0,0,0,0,0,1,1,1,1
3832.862858,0,1,1,1,0,1,0,1,0
3835.764802,0,0,0,0,0,0,1,0,0
3845.728041,1,0,0,1,0,1,1,1,0
3851.073852,1,0,0,1,0,0,0,0,1
3854.895366,1,0,1,0,1,1,0,0,0
3858.593785,1,1,0,1,1,0,1,0,1
3862.303023,1,0,1,1,0,1,0,1,1
3864.990829,1,0,0,0,1,1,1,1,1
3872.028162,1,1,0,0,1,1,0,0,1
3874.564794,1,0,0,0,1,0,1,0,1
3881.136273,0,0,0,1,0,0,1,1,1
3885.511836,0,1,0,1,1,1,1,0,1
3895.257436,0,1,0,1,1,0,1,1,1
3896.686865,0,0,1,0,1,1,0,1,1
3902.472506,1,0,1,1,0,0,1,0,1
3903.546957,1,1,1,1,1,1,1,1,1
3904.608180,1,1,1,1,1,0,0,0,0
3908.784201,1,1,1,1,0,0,1,0,0
3916.367776,0,0,0,0,1,0,1,1,0
3918.645471,1,1,1,1,1,1,1,0,0
3922.148146,0,0,0,0,0,1,0,0,0
3923.668994,1,0,0,0,0,1,0,1,0
3925.008891,0,1,0,1,0,0,1,1,0
3932.922379,1,1,0,1,1,0,0,0,0
3939.870814,1,1,1,0,1,0,1,1,1
3943.494640,1,0,1,1,1,1,0,1,1
3944.053205,1,1,0,1,1,0,1,0,0
3950.720205,0,0,1,1,0,1,1,1,0
3953.080178,0,0,0,1,0,0,0,1,0
3962.616307,0,1,1,1,0,1,0,0,0
3963.552278,0,0,1,1,1,1,0,1,1
3971.543347,0,1,1,0,1,1,1,0,0
3971.739767,0,1,1,0,0,0,0,0,1
3974.730159,1,1,0,1,0,0,0,0,0
3983.971941,0,1,1,0,1,0,0,0,0
3991.781347,0,0,1,0,0,0,1,0,0
3993.036767,0,1,1,0,0,1,0,0,0
3999.594039,1,1,0,0,1,1,0,1,0
4008.407717,0,0,1,1,0,0,0,0,1
4010.066842,1,1,1,0,1,0,1,1,1
4015.188298,1,1,1,1,1,1,0,0,0
4017.618632,1,0,0,0,1,1,0,0,1
4023.437527,0,1,0,1,0,0,1,0,1
4030.807920,1,1,1,0,1,1,1,1,1
4038.452664,1,1,0,1,0,0,0,0,0
4047.549393,1,1,1,0,1,1,1,0,1
4053.311775,1,1,0,0,1,1,1,0,0
4055.060173,0,1,0,1,1,1,0,1,1
4056.279986,1,0,1,1,1,1,0,0,1
4060.752319,0,1,0,1,0,1,0,1,1
4062.307380,1,1,1,0,1,0,1,0,1
4070.943880,1,1,0,1,1,0,1,0,0
4072.624712,1,0,0,1,0,0,1,1,1
4079.353434,0,0,0,1,0,1,0,0,1
4088.317732,0,1,0,0,0,0,0,1,1
4092.318332,0,0,0,0,1,1,0,1,0
4096.670749,1,0,1,0,0,0,1,0,0
4099.002804,0,1,1,0,0,1,1,1,0
4105.150498,0,1,1,0,1,1,1,0,0
4113.409976,1,1,1,0,1,0,1,0,0
4121.069784,0,0,0,1,0,1,1,0,0
4126.815931,1,0,1,1,1,1,1,1,0
4127.756554,1,1,1,1,1,1,1,1,1
4131.818061,1,0,1,1,0,0,1,0,0
4137.260694,0,1,1,0,1,0,0,1,1
4141.161304,1,0,1,1,1,0,1,1,1
4144.554035,0,0,0,0,0,1,0,0,1
4148.766943,1,1,0,0,1,0,1,1,1
4153.666443,0,0,1,1,0,1,1,1,1
4155.641355,0,0,0,1,0,0,0,0,0
4156.694882,0,1,0,0,0,0,0,0,1
4161.765797,0,1,0,0,0,0,0,0,1
4165.606993,1,1,0,1,0,1,1,0,1
4169.044456,1,0,0,0,0,0,0,0,1
4175.521731,1,0,0,0,0,0,0,0,1
4182.360891,0,1,1,1,0,1,0,0,0
4189.923976,0,0,0,0,0,1,1,0,1
4190.095172,0,1,0,1,1,0,0,1,0
4190.131504,1,1,1,0,0,0,1,1,1
4193.358386,0,0,0,0,1,0,1,0,0
4199.509214,0,1,1,1,1,0,1,0,0
4207.150200,1,0,0,1,1,1,0,0,0
4209.102678,0,0,1,0,1,1,1,1,1
4215.822374,0,1,1,1,0,1,1,1,0
4216.687355,1,0,1,1,0,0,0,1,1
4217.571987,0,1,1,0,1,0,1,0,0
4219.725689,1,1,0,1,1,0,0,0,1
4222.788667,1,1,0,1,1,1,1,0,1
4224.789467,1,0,1,0,0,1,0,0,1
4224.790467,1,0,1,1,1,0,0,0,0
4231.234764,0,1,1,1,0,0,1,1,0
4239.989752,1,0,0,1,1,0,0,1,0
4246.923901,0,0,1,0,0,0,1,1,0
4256.090651,1,1,1,1,1,1,0,0,0
4258.444357,0,1,0,1,1,0,0,1,1
4258.782402,1,0,0,0,1,1,0,1,1
4263.471360,0,0,0,1,0,1,1,0,1
4270.120631,1,1,0,1,0,0,0,0,0
4271.500804,1,1,1,1,0,1,0,0,1
4277.773106,0,1,1,0,1,0,0,1,0
4287.560362,1,0,1,0,1,0,1,1,0
4296.927895,0,1,0,0,0,1,1,0,0
4306.149671,0,1,0,1,1,0,0,1,0
4315.022242,1,0,1,1,1,1,1,0,0
4322.158528,1,1,1,1,1,1,1,1,1
4329.343110,1,1,0,0,1,1,1,1,0
4332.036149,0,1,0,1,0,1,1,1,0
4337.988935,0,0,0,0,0,0,1,1,1
4338.141435,1,1,0,1,1,0,1,1,0
4347.645909,1,0,1,1,0,0,0,0,1
4351.041065,0,0,1,1,1,1,0,1,1
4353.497960,0,0,1,1,0,1,1,0,1
4361.201470,1,1,0,1,0,0,0,1,0
4369.306235,0,0,0,0,1,0,1,1,1
4369.442723,0,1,0,0,0,0,1,1,0
4376.196671,1,1,0,1,0,1,0,1,1
4381.322158,1,0,0,0,1,0,0,0,1
4387.912005,1,0,0,0,0,1,1,0,1
4388.464552,1,0,1,1,0,1,1,0,1
4391.742535,0,0,0,0,1,1,1,1,1
4395.446022,0,1,1,1,0,1,1,1,1
4395.502367,1,1,1,1,1,1,1,1,1
4397.446404,0,1,0,1,1,0,1,0,0
4405.060279,0,1,0,1,0,1,1,1,1
4411.323029,1,0,0,0,1,1,1,1,0
4414.087571,0,0,1,0,0,0,1,1,0
4421.201784,0,1,1,0,1,0,1,0,0
4426.067567,1,0,1,1,0,0,0,1,0
4433.880837,1,1,1,1,0,1,1,1,1
4443.666354,1,1,1,1,0,1,0,0,0
4448.250229,0,1,0,1,1,0,1,1,0
4451.375241,1,0,1,1,0,0,1,1,0
4458.477225,0,1,1,1,0,1,0,1,1
4461.342804,0,0,1,1,0,0,1,0,0
4468.695484,1,0,1,0,1,0,0,1,1
4472.181515,0,1,0,1,0,0,1,1,1
4481.310459,1,0,1,1,1,1,0,1,1
4481.771183,0,1,1,0,1,1,0,0,1
4482.158197,0,0,0,0,0,1,0,0,0
4486.284859,0,0,1,1,1,1,1,1,1
4491.210739,1,1,0,0,1,1,0,1,1
4499.056614,0,1,0,0,1,0,1,1,1
4502.234866,1,1,1,1,0,1,0,1,1
4507.846907,0,0,0,0,0,1,1,1,0
4517.441150,1,1,1,1,0,0,1,1,1
4526.746775,0,0,1,0,0,1,1,1,0
4536.429106,0,0,0,1,1,1,0,0,0
4541.506340,0,0,0,1,0,1,1,0,1
4547.334572,0,0,0,0,1,1,1,0,1
4553.029270,1,0,0,1,1,0,1,0,0
4558.730634,1,0,0,1,0,1,0,0,0
4562.093122,0,1,1,1,1,0,0,1,1
4566.025352,1,1,0,1,1,1,0,1,1
4569.857252,1,1,0,1,0,0,0,1,1
4572.096834,0,1,1,0,0,1,1,1,1
4577.214174,0,0,0,0,1,1,0,1,1
4586.926554,0,0,0,0,0,1,0,0,0
4588.519435,1,1,0,1,1,0,0,1,1
4595.023850,1,1,1,1,1,0,0,1,1
4600.746657,0,1,0,1,0,1,1,1,0
4607.477386,0,0,1,0,0,1,0,0,0
4613.113937,1,0,0,0,1,1,0,0,1
4617.158011,1,1,0,1,1,0,1,1,0
4623.669614,1,0,1,1,1,1,0,0,0
4629.405502,1,0,1,0,0,0,1,0,0
4638.128616,0,1,0,1,1,0,1,0,0
4645.992907,0,1,0,1,0,0,1,0,0
4649.358751,0,1,1,1,0,0,1,0,0
4656.063756,1,1,0,1,0,1,1,1,1
4659.694200,1,1,1,1,0,1,1,1,1
4669.453583,0,0,1,0,0,1,0,0,0
4670.731051,0,1,1,1,0,1,1,1,0
4672.802551,0,0,0,1,1,0,1,1,0
4675.741853,1,0,0,1,0,0,1,0,1
4681.587264,1,1,1,0,1,0,1,1,1
4687.286018,0,0,1,1,1,1,0,0,1
4687.577610,0,0,0,1,0,1,1,0,0
4687.830685,0,0,1,1,0,1,1,0,1
4688.101928,0,0,0,1,0,1,0,0,0
4697.903033,1,1,1,0,1,0,1,0,0
4705.725033,0,1,1,1,1,0,0,1,0
4706.147339,1,0,0,0,1,0,0,0,0
4715.829113,1,0,0,0,1,1,0,0,1
4716.842805,1,0,0,0,0,0,1,0,1
4725.697087,1,0,0,0,1,0,0,0,0
4728.000262,1,1,0,1,0,0,0,1,0
4728.827625,0,0,0,0,0,0,1,0,1
4733.223090,1,0,0,1,0,1,0,1,0
4734.241953,0,0,1,0,0,1,0,0,0
4738.587922,0,1,0,1,1,0,0,1,1
4745.731065,0,0,0,0,0,0,1,0,0
4754.288901,0,1,1,0,0,0,1,1,1
4759.631833,1,0,1,0,0,1,0,1,1
4762.902730,0,1,0,0,1,1,0,1,1
4767.595817,0,1,1,0,0,1,1,1,1
4776.030317,1,1,1,1,0,0,1,1,0
4778.739647,1,0,0,1,0,0,0,0,1
4782.698248,0,0,0,1,1,0,0,0,1
4787.137828,0,1,0,0,1,1,0,0,0
4791.031173,0,0,0,0,1,1,1,0,1
4793.107988,0,0,1,0,1,1,1,1,1
4800.615360,0,1,0,0,0,0,0,0,1
4807.669918,1,1,0,0,0,0,1,0,1
4810.670618,0,1,1,0,1,1,1,1,0
4818.494276,1,1,1,0,0,0,1,1,0
4824.467441,1,0,1,1,0,0,1,0,0
4831.597358,0,1,1,0,0,1,0,1,0
4837.183385,1,1,0,1,1,1,1,0,1
4841.785429,0,1,0,1,1,1,0,0,0
4843.414658,1,0,0,0,0,1,1,1,1
4853.201265,0,1,1,1,0,0,0,0,1
4860.146015,1,1,1,1,0,1,1,0,0
4863.274274,0,0,0,0,0,1,1,1,0
4871.869009,1,1,1,0,0,0,1,0,0
4873.014309,1,1,1,0,0,1,1,0,1
4880.878600,1,1,0,0,1,0,1,1,1
4890.734036,0,0,0,1,1,0,0,1,1
4897.252242,0,0,1,1,1,1,0,0,0
4902.550518,1,0,0,0,1,0,0,0,0
4911.863986,0,1,1,1,0,0,0,1,1
4915.484416,0,0,0,0,1,1,1,0,0
4925.237730,1,1,1,1,0,0,1,1,1
4927.619444,1,0,1,0,0,1,0,1,1
4936.319574,0,1,0,1,1,1,1,0,1
4937.967044,0,1,0,0,1,0,1,0,0
4944.608207,0,0,0,0,0,0,0,1,1
4947.493534,0,1,0,1,0,0,1,1,0
4952.732105,0,1,0,0,1,0,0,1,0
4953.358043,1,0,1,0,0,1,0,0,1
4955.070462,1,0,0,0,0,0,0,0,0
4960.930749,1,1,1,1,0,1,0,0,1
4968.930949,1,1,1,1,1,1,0,0,1
4975.768872,1,1,1,1,0,0,0,0,0
4985.250405,1,1,0,1,0,1,1,0,0
4993.756302,1,0,0,1,0,1,1,0,0
5001.554394,1,0,0,0,0,0,0,0,0
5009.733015,0,0,1,0,0,0,0,0,0
5014.438342,1,1,1,0,0,1,0,1,1
5019.870897,1,1,0,1,0,1,1,1,1
5020.503147,1,1,0,0,0,1,1,1,0
5023.527101,1,0,1,0,0,1,0,1,1
5025.246679,0,1,0,1,1,1,0,1,0
5029.833475,1,0,1,0,1,0,0,0,1
5038.068946,0,0,1,0,0,0,1,1,1
5038.484719,0,1,0,0,0,0,0,1,0
5039.511704,1,0,1,0,1,0,0,0,0
5048.792436,1,0,0,1,0,0,1,1,0
5056.969474,1,1,0,0,1,0,1,1,1
5062.164627,0,1,1,1,0,1,1,0,1
5071.554127,0,1,1,1,1,1,1,0,0
5080.005149,1,1,0,1,1,1,1,0,1
5084.221755,1,0,1,1,1,1,0,1,1
5090.811017,0,1,0,0,0,0,0,1,1
5092.142051,0,0,1,0,0,1,1,0,1
5099.993956,1,1,1,0,0,1,0,0,1
5103.033474,0,1,0,0,1,0,1,1,0
5105.431895,0,0,1,1,0,1,1,1,0
5114.869291,1,1,0,0,1,0,1,1,1
5115.821319,1,0,0,0,1,0,0,1,0
5118.675331,1,1,0,0,1,0,0,1,0
5124.285526,1,0,0,1,1,0,1,0,1
5133.584239,0,1,1,0,0,0,0,1,0
5139.693651,0,0,1,0,1,1,0,1,1
5139.983430,0,1,1,1,1,1,0,1,0
5149.859133,1,1,0,1,0,1,0,0,1
5158.859233,1,0,1,0,1,1,1,1,1
5162.254389,0,1,0,0,1,1,0,0,0
5164.536611,0,0,1,0,0,1,0,0,0
5166.511098,1,0,0,0,0,0,0,0,0
5174.773467,1,0,0,1,1,0,0,0,0
5178.677079,1,0,0,1,0,1,1,0,1
5178.678079,1,0,1,0,1,0,1,1,0
5182.440607,0,1,0,0,1,0,0,1,1
5183.637140,1,1,0,1,0,0,0,1,1
5183.638140,1,0,1,0,1,0,0,1,1
5186.358415,0,1,1,1,1,0,1,0,0
5194.584194,1,1,0,0,1,0,1,1,0
5203.733216,1,0,0,1,1,0,0,1,0
5203.734216,1,0,1,0,1,1,0,1,0
5209.340191,1,1,0,1,0,0,0,1,1
5216.970863,1,1,0,1,0,1,0,1,1
5221.753994,0,0,0,1,0,0,1,0,1
5224.448327,1,0,1,0,1,1,1,0,1
5233.046598,1,1,1,0,0,0,0,1,0
5233.272295,0,0,1,0,1,1,1,1,0
5239.361643,1,0,1,0,1,1,0,1,0
5244.614991,1,1,1,0,1,1,1,1,0
5251.021600,0,1,1,0,1,1,1,0,1
5253.312874,0,1,0,1,0,0,1,0,1
5257.911954,0,0,0,0,1,0,0,0,0
5258.223482,1,1,0,1,0,1,0,0,0
5266.954851,1,0,1,0,1,0,0,0,1
5275.599846,1,0,1,0,1,1,1,1,1
5284.313210,1,0,1,1,1,0,0,1,1
5286.661536,1,1,1,1,1,1,1,1,1
5290.761225,0,1,0,1,1,1,0,1,1
5297.377310,0,0,0,0,1,0,0,0,0
5302.660801,0,0,0,1,1,1,1,1,0
5304.464899,0,0,0,0,0,1,0,0,0
5308.857352,1,0,1,1,1,1,1,1,1
5312.654881,1,0,1,1,0,1,0,1,1
5317.833935,1,1,1,0,1,0,1,0,0
5324.951570,0,0,1,0,1,0,0,1,0
5332.528032,0,1,1,0,1,1,0,0,0
5335.747299,1,1,0,0,1,0,1,0,1
5337.190360,0,0,0,1,0,1,1,1,1
5345.417732,1,1,0,1,1,1,1,0,0
5347.478228,1,1,1,0,1,1,1,0,1
5349.151035,0,1,1,1,0,0,1,1,0
5349.848935,0,0,1,1,1,1,0,1,1
5356.603358,0,1,1,0,0,0,1,0,1
5360.324916,1,0,1,1,0,0,0,1,0
5365.800011,0,0,0,0,0,1,1,0,1
5369.229240,1,1,0,1,1,0,0,1,0
5371.288857,0,1,0,0,0,0,0,0,0
5376.222697,0,1,0,0,1,0,0,1,1
5377.031697,1,0,0,0,1,1,0,1,1
5384.012391,0,1,1,1,1,0,0,1,0
5391.929266,1,1,0,1,0,0,0,1,0
5397.454828,1,0,0,0,0,1,1,1,0
5407.182128,0,0,0,1,1,0,0,1,1
5408.678177,1,1,1,0,0,1,1,0,0
5416.256545,0,1,1,0,0,0,0,1,1
5420.844611,1,1,0,1,1,0,1,1,1
5427.252737,1,0,0,0,0,0,1,0,1
5433.299261,1,0,0,0,0,0,1,0,0
5442.834191,1,1,1,1,0,0,1,0,0
5443.520054,0,0,1,1,1,0,1,0,0
5451.413966,1,1,0,0,0,1,0,1,0
5457.976810,0,1,1,1,1,1,1,0,0
5467.859862,0,1,1,1,0,1,1,1,1
5471.693576,1,0,1,1,0,0,1,1,1
5478.120163,1,1,1,0,0,1,0,0,1
5484.466044,1,0,0,0,1,0,0,1,0
5486.561635,0,0,1,1,0,1,0,1,1
5487.276850,0,0,1,1,1,1,0,0,1
5487.960196,0,0,0,1,1,0,1,1,1
5491.391409,1,1,0,1,0,0,0,1,0
5501.243056,0,1,1,0,1,0,1,1,0
5503.164393,1,1,0,1,1,0,0,0,0
5505.248518,0,1,1,0,1,1,0,0,0
5512.147892,0,1,1,1,1,1,1,1,0
5513.225707,0,1,0,1,0,0,1,1,1
5521.236659,0,1,1,0,1,0,0,1,0
5522.800003,1,0,1,0,0,0,1,0,0
5524.343840,0,1,1,0,0,1,1,0,0
5532.906637,1,0,1,0,1,1,1,0,0
5538.303923,1,0,1,1,1,1,1,1,0
5546.334423,0,1,1,0,1,1,0,0,0
5548.607265,1,1,1,0,1,1,0,0,1
5554.643165,1,0,0,0,0,0,0,0,1
5560.764687,0,1,0,1,0,0,0,1,1
5568.964867,1,0,0,0,0,1,1,0,1
5576.318073,0,1,1,0,0,0,0,1,0
5578.189115,0,1,0,1,0,1,0,1,0
5581.095807,0,1,1,0,1,0,1,0,1
5587.914307,1,0,1,0,1,1,0,1,1
5597.631922,1,0,1,1,0,1,0,1,1
5602.399112,0,0,1,1,1,0,0,1,0
5608.113826,0,1,1,1,0,0,0,0,1
5608.538512,0,0,0,1,0,0,1,1,1
5609.550050,1,1,0,0,1,1,0,1,1
5614.373456,1,0,1,1,1,1,1,1,1
5622.468884,0,0,1,1,0,1,0,0,1
5627.023205,0,0,1,1,1,1,0,1,0
5629.059715,1,0,1,1,0,1,1,0,0
5633.696843,0,0,0,1,0,1,0,0,1
5641.493116,1,0,1,1,0,1,1,0,0
5650.509608,0,0,0,1,1,0,1,0,0
5656.830731,1,0,1,0,0,0,1,0,0
5658.453190,0,1,0,0,0,0,1,1,0
5659.002081,1,0,0,0,1,1,0,0,0
5660.436308,0,1,1,0,1,1,0,1,0
5660.437308,1,0,0,0,1,0,1,1,1
5664.296781,0,0,1,1,1,0,1,1,0
5665.185850,0,0,0,1,0,1,1,0,1
5670.560462,0,1,0,0,0,0,0,1,1
5673.098300,0,0,1,0,1,1,0,0,0
5674.217833,0,1,1,0,0,0,1,1,0
5677.680025,1,0,0,1,0,1,0,0,1
5684.002232,0,1,0,0,1,0,0,0,0
5690.623929,0,1,0,0,1,0,0,0,0
5700.289173,0,0,0,1,0,1,1,0,1
5701.226604,1,0,0,1,0,0,0,1,1
5704.090520,1,0,0,0,1,0,1,0,1
5704.394084,1,0,0,1,1,0,0,1,0
5707.732250,1,1,1,1,1,1,1,0,1
5708.480302,0,0,0,1,1,0,0,1,1
5713.918611,1,0,0,1,0,0,1,1,0
5718.379450,0,1,0,1,0,1,0,1,0
5719.118384,0,0,1,0,1,1,0,1,0
5729.085707,0,1,0,1,0,1,0,0,1
5738.807957,0,0,0,1,1,0,0,1,0
5746.174188,1,0,1,1,1,0,0,1,1
5751.687316,1,0,0,1,1,1,1,0,0
5755.687916,1,0,0,0,0,0,0,0,1
5758.542229,0,0,1,1,1,0,1,0,1
5768.363249,1,1,0,1,1,1,1,1,0
5773.288944,1,0,0,0,0,0,1,1,0
5773.598468,0,1,1,1,0,1,0,0,1
5774.935850,0,0,1,0,0,0,0,0,0
5782.238445,1,1,1,0,0,1,0,0,0
5791.513191,0,1,0,0,1,0,1,0,1
5795.318741,1,1,1,1,1,0,0,0,0
5804.165010,1,1,1,0,1,1,1,0,0
5811.843450,0,0,0,1,1,1,1,0,1
5818.802465,0,1,0,0,1,1,1,0,0
5827.389892,1,1,1,0,0,0,0,0,1
5827.900100,0,0,1,0,0,1,0,0,1
5831.396991,0,1,1,1,0,0,1,1,0
5832.321923,1,1,1,0,0,1,0,1,1
5839.822173,0,0,0,0,0,0,1,0,1
5848.778101,1,0,0,0,1,0,0,0,0
5849.206866,1,1,0,0,1,0,0,1,1
5855.003306,0,1,1,1,0,1,0,1,0
5860.527402,0,1,0,0,0,1,1,0,1
5865.370685,1,1,1,0,1,1,0,0,1
5869.656971,1,1,1,1,0,0,1,0,1
5874.672575,0,1,0,1,1,1,1,1,0
5883.990825,0,0,1,1,0,1,1,1,0
5891.520484,0,1,0,0,0,1,1,0,1
5897.624322,1,0,1,0,1,1,1,1,1
5903.520686,1,1,1,0,0,1,0,0,1
5906.165100,0,1,0,1,1,0,1,0,1
5906.265979,0,0,0,1,1,1,1,0,1
5907.784069,0,1,0,1,1,1,1,1,0
5914.104518,0,0,1,1,1,0,1,1,0
5923.236258,0,1,1,1,0,0,1,0,0
5924.438688,0,0,0,0,0,0,1,0,0
5933.363527,0,0,1,0,1,0,1,1,0
5940.240716,1,1,1,1,0,0,1,0,0
5947.764142,0,0,0,1,1,0,0,0,1
5951.673842,0,1,1,1,0,1,1,1,0
5957.639158,0,1,0,0,0,0,1,1,1
5961.266169,1,1,1,0,1,1,0,0,0
5965.329263,1,1,1,1,0,0,1,1,1
5965.911600,0,1,0,1,0,1,1,0,1
5970.769257,0,1,1,0,1,0,1,1,0
5974.316098,1,0,0,1,1,1,1,1,0
5980.203262,0,1,1,0,0,0,1,0,0
5984.143262,0,0,1,1,0,0,1,0,0
5987.680030,1,1,1,0,1,1,0,0,1
5995.620150,1,0,0,0,0,0,0,0,0
5995.723572,1,1,1,1,0,1,0,1,0
6003.252461,1,1,1,1,1,1,0,1,1
6012.171488,1,1,0,0,1,0,1,1,1
6012.244945,0,0,0,0,1,0,0,1,1
6015.130272,0,1,1,1,0,1,1,0,0
6017.434072,0,0,1,1,0,1,0,0,1
6021.125179,0,1,1,1,0,1,1,1,1
6028.429796,1,1,0,1,0,1,1,1,0
6032.172877,1,1,1,1,1,1,0,1,0
6041.221696,0,0,1,0,0,1,1,0,1
6044.939838,1,0,1,1,0,1,1,1,0
6049.973447,1,1,0,0,0,0,0,0,0
6055.382295,0,0,0,0,1,0,1,1,0
6063.589161,1,1,0,1,1,1,1,0,0
6063.690151,0,1,1,0,1,1,0,0,0
6068.140111,0,0,1,0,0,1,1,1,1
6076.345419,1,1,0,1,1,0,1,0,1
6086.258972,0,1,0,0,1,1,0,1,1
6091.353802,1,0,0,1,1,1,1,0,0
6097.821221,0,1,0,1,1,0,1,1,0
6099.813457,1,0,1,1,0,1,0,0,1
6105.299802,0,0,1,0,1,1,0,0,0
6105.300802,1,1,1,1,0,1,1,1,0
6108.746835,1,0,1,0,0,0,0,1,1
6118.121898,0,1,0,0,0,1,0,0,0
6123.459244,0,0,0,0,1,0,1,1,0
6131.202589,0,0,1,0,1,0,0,1,0
6141.116760,1,1,1,0,0,0,0,0,0
6141.757696,1,0,1,0,0,0,0,1,1
6147.169114,0,0,0,1,0,1,1,1,1
6153.996354,1,1,0,0,0,1,0,1,1
6159.525464,1,1,0,1,0,0,0,0,0
6162.369691,1,1,1,0,1,1,0,1,0
6165.612017,0,0,0,0,1,1,0,1,1
6174.623820,1,1,1,0,0,0,1,0,1
6175.180320,0,0,0,1,1,0,1,1,1
6179.608358,0,1,1,1,1,0,0,1,1
6181.609158,1,1,0,0,1,0,0,1,1
6185.331759,0,0,1,1,0,1,0,1,1
6192.746651,1,0,0,1,0,0,1,0,1
6202.443651,0,1,1,0,0,1,1,1,1
6209.573983,0,1,1,0,1,0,1,1,0
6216.640943,1,0,1,1,1,0,0,0,1
6225.042266,1,1,1,0,0,1,1,1,1
6225.632681,0,0,0,1,0,1,0,0,1
6229.114737,1,0,1,0,1,1,0,1,1
6235.344231,0,0,1,0,0,0,0,0,0
6235.665627,0,0,1,1,1,1,0,0,0
6245.100711,0,0,0,0,1,1,1,0,1
6245.718738,1,0,1,0,1,0,0,1,1
6254.271296,0,1,0,0,0,1,1,0,1
6264.185938,0,1,1,1,0,0,0,1,0
6266.381841,0,1,1,1,0,1,1,0,0
6267.100883,1,1,1,1,0,0,1,0,0
6275.579758,0,1,0,0,1,1,1,1,0
6284.670758,0,1,0,0,0,1,0,0,0
6290.788951,1,0,0,0,0,1,0,0,1
6295.230768,0,0,0,0,0,1,0,1,1
6298.423937,1,1,0,0,1,1,0,0,0
6303.738213,0,1,0,1,0,0,1,0,1
6305.877297,1,1,0,1,1,1,0,1,1
6309.724066,0,0,0,1,0,1,0,0,0
6315.182396,0,0,0,1,0,1,1,1,1
6323.233635,0,0,0,0,1,1,1,0,1
6326.300995,1,0,0,1,0,0,1,1,1
6327.109713,1,1,1,0,0,1,0,0,1
6330.632628,1,1,0,0,1,1,1,1,0
6330.985925,0,0,0,1,1,1,0,0,0
6333.953841,1,0,0,1,0,1,1,1,1
6336.927080,1,1,1,0,1,1,0,0,1
6338.927880,1,1,0,1,0,1,1,0,0
6345.321683,1,1,1,1,0,1,0,0,1
6352.607669,0,0,1,0,0,1,1,1,0
6357.509818,1,0,1,0,0,1,0,0,1
6359.845914,1,0,0,0,1,0,0,0,0
6360.593108,1,1,0,0,0,0,1,1,0
6362.189693,1,0,0,1,1,0,0,1,0
6362.788460,0,1,0,1,1,1,1,0,1
6366.122460,1,0,1,0,0,0,0,0,0
6374.522620,1,0,1,0,0,0,0,1,1
6377.648307,1,0,1,0,1,1,0,0,0
6384.571692,1,0,1,1,0,1,0,0,0
6389.433059,0,0,1,0,1,1,1,0,1
6397.241160,0,1,1,1,0,0,0,1,0
6405.740155,1,1,1,1,0,0,0,0,1
6411.272517,1,1,0,0,1,1,0,1,0
6412.603433,0,0,1,1,1,0,1,1,1
6414.301096,1,0,0,0,0,1,1,1,0
6419.769904,0,1,0,0,0,0,0,0,1
6428.701308,0,0,0,0,1,0,0,1,1
6437.378750,1,1,0,0,0,0,0,0,0
6447.355550,0,0,1,1,1,0,0,0,0
6452.816004,0,0,1,0,0,1,1,1,0
6462.792197,0,1,0,1,1,0,0,0,1
6468.813477,0,0,1,0,1,1,0,0,1
6470.341490,1,0,1,1,0,0,1,1,0
6475.501548,0,0,1,0,1,1,0,0,0
6483.654599,1,0,1,0,0,0,1,0,1
6483.792104,1,0,0,1,1,0,1,0,1
6488.956702,1,0,0,0,1,0,0,0,0
6489.751273,0,0,0,1,0,0,0,0,0
6496.585971,0,0,0,1,0,1,0,1,0
6502.033581,0,1,1,0,1,0,1,0,0
6508.651566,1,1,1,1,0,1,0,1,1
6512.079190,1,1,1,0,0,1,0,1,0
6515.654185,1,1,0,0,0,0,1,0,1
6516.351086,0,0,0,1,1,1,1,1,1
6518.580778,1,0,0,1,1,0,1,1,1
6522.597883,0,0,0,0,1,1,1,0,0
6528.153883,0,0,1,0,1,0,0,1,0
6531.257198,0,1,1,0,0,1,0,1,1
6533.735014,1,1,0,1,1,0,0,1,1
6539.889245,1,0,1,0,1,0,0,1,0
6547.146838,0,0,0,0,1,0,1,0,1
6547.818579,0,1,1,1,0,1,1,1,1
6549.198751,0,1,0,1,1,1,1,0,0
6550.954809,1,1,1,1,0,1,1,1,1
6552.860381,0,1,0,1,0,1,0,1,1
6556.512701,0,0,1,0,0,1,1,1,1
6563.210850,0,0,1,1,1,0,1,1,0
6571.384224,0,1,1,1,0,0,0,0,1
6579.176939,1,1,1,0,1,1,0,1,1
6587.962418,0,0,0,0,1,1,0,1,1
6595.939799,0,1,0,0,0,1,1,0,1
6597.511039,1,0,1,1,1,1,1,0,1
6604.195581,0,0,0,0,1,1,1,0,1
6610.344115,0,1,0,1,1,0,1,1,1
6613.287600,1,0,0,1,0,1,0,0,0
6614.659430,1,1,0,1,1,1,1,0,1
6620.700922,1,1,0,1,0,0,0,0,0
6624.489097,0,1,0,1,0,0,1,1,0
6632.562206,1,1,1,1,0,0,1,1,0
6635.933158,1,0,1,0,1,0,1,0,0
6638.360950,0,0,1,1,0,0,0,1,0
6646.775743,0,1,1,0,0,1,0,1,1
6648.295928,0,1,0,0,1,0,0,0,0
6654.988866,1,1,1,1,0,0,0,0,1
6664.598933,1,0,1,0,0,1,1,1,1
6670.232168,0,1,1,0,0,1,0,0,1
6670.981756,0,1,0,0,0,0,1,0,1
6679.779495,1,0,1,1,0,0,1,0,0
6685.955820,1,1,0,0,0,0,0,0,1
6689.734220,0,1,1,1,1,1,0,0,1
6693.563951,1,0,0,1,0,0,0,1,1
6698.407891,1,1,0,0,1,1,0,1,1
6698.890770,0,0,0,0,0,1,0,0,0
6700.239153,0,1,0,1,0,0,1,0,0
6709.154773,0,0,0,1,0,1,1,0,1
6712.707141,1,0,1,1,0,0,0,0,1
6720.560704,0,0,0,1,0,0,1,0,0
6729.044462,1,0,1,1,1,0,1,0,0
6737.199986,1,1,0,0,0,1,1,1,0
6737.682221,0,0,0,1,1,1,1,1,1
6745.282461,0,1,1,1,1,0,1,1,1
6754.657524,1,1,1,0,0,0,0,0,0
6755.739224,0,0,0,0,0,1,0,0,0
6758.069105,0,0,1,1,1,1,1,1,1
6760.297485,0,0,0,1,0,0,1,0,0
6770.133375,0,0,0,0,1,0,1,0,0
6779.951575,0,0,0,0,0,0,1,1,0
6781.235632,1,0,0,1,1,0,1,1,0
6790.524294,1,0,0,0,0,0,0,0,1
6794.524894,0,1,0,0,0,1,0,0,1
6799.491461,0,1,1,0,1,0,1,0,0
6806.814424,0,1,0,1,0,1,0,0,1
6807.941793,1,1,0,0,1,1,1,1,1
6816.478525,1,0,0,1,0,1,0,0,0
6825.384884,0,0,0,1,1,0,1,0,1
6834.511956,0,0,0,1,0,0,1,0,0
6835.601956,0,0,1,0,0,1,1,1,0
6839.669216,0,1,1,0,1,1,1,1,1
6839.917660,1,1,1,1,0,0,1,1,0
6845.801172,1,0,0,1,1,0,1,0,0
6845.943003,0,1,0,0,0,1,0,0,0
6850.449990,0,0,1,1,0,0,1,0,0
6854.971235,1,0,1,1,0,1,0,0,0
6859.178457,0,0,0,1,0,0,1,1,0
6862.615733,0,0,1,1,1,0,0,1,1
6867.742048,0,1,0,1,1,0,1,1,0
6869.409548,1,1,1,1,1,0,0,0,0
6872.861530,1,1,0,1,1,1,0,0,0
6877.997819,1,1,0,1,0,0,0,1,1
6878.026946,0,0,0,0,0,1,0,1,1
6887.337360,0,0,1,1,1,0,1,0,1
6893.900203,1,0,1,0,0,0,0,0,0
6901.322921,1,1,1,1,1,0,1,1,0
6906.553283,1,0,1,1,1,1,0,1,0
6908.768347,1,1,0,1,0,1,0,0,1
6910.787837,0,1,1,0,0,0,0,1,0
6916.066682,1,1,0,0,0,1,1,0,1
6916.644547,0,0,1,1,0,1,0,0,0
6922.507030,1,1,0,0,1,0,1,1,0
6922.577953,0,1,1,1,1,1,1,1,0
6926.789058,1,0,0,0,0,1,0,0,0
6932.111691,0,0,0,1,0,1,1,0,0
6936.602038,1,0,0,1,1,0,0,1,1
6943.935638,0,0,0,0,1,1,1,1,0
6950.469113,0,1,1,0,1,0,0,1,0
6960.363860,0,1,1,1,1,1,1,0,1
6960.973318,1,0,0,1,1,1,1,1,1
6965.744249,1,1,0,1,1,1,1,1,1
6966.084501,1,1,0,1,0,0,0,0,0
6967.548042,0,1,1,1,0,1,1,1,0
6976.932920,0,1,1,0,1,1,0,0,0
6980.711320,1,1,1,1,1,0,1,1,1
6988.536263,0,0,0,0,0,0,1,1,0
6993.330525,0,1,0,1,0,0,0,0,1
6997.199063,0,0,0,0,0,1,0,0,1
7004.358156,1,0,1,1,1,0,1,1,1
7012.903938,1,1,0,0,0,0,0,0,1
7014.283100,0,0,0,0,0,0,1,0,1
7021.144120,0,0,0,1,0,0,0,0,1
7024.380684,0,1,1,1,1,0,0,1,1
7029.950747,1,0,0,0,1,0,1,1,1
7036.004713,1,0,0,1,1,1,0,1,0
7045.171463,1,0,0,1,1,1,1,1,0
7052.944083,0,0,0,1,1,1,1,0,0
7059.781382,1,0,1,0,0,0,0,0,0
7066.786362,0,1,1,0,0,1,1,0,0
7068.425468,0,1,0,1,1,1,1,0,1
7072.494616,1,0,1,1,1,1,0,0,1
7074.633333,1,0,0,0,0,1,0,0,1
7075.800665,1,1,1,1,0,0,1,1,1
7076.746948,1,0,0,1,1,0,0,1,0
7077.052266,1,0,1,1,0,0,1,1,0
7079.533018,0,1,1,1,1,0,0,1,1
7079.880986,0,0,0,0,1,1,1,1,0
7080.233710,1,0,0,0,0,0,0,1,1
7087.790134,1,1,0,0,0,1,1,0,1
7093.664333,0,0,1,0,0,1,1,0,0
7096.315670,0,1,0,0,1,1,1,1,0
7100.765767,1,0,0,0,1,1,0,1,0
7110.544489,1,0,0,1,0,1,0,0,0
7120.414631,1,1,1,0,0,1,0,0,1
7125.158747,0,1,1,1,1,1,0,0,1
7132.200139,1,1,1,0,0,0,0,0,0
7137.547972,0,0,1,1,1,1,0,1,1
7137.904809,1,0,0,0,1,1,0,1,1
7147.026518,1,1,1,0,1,0,1,1,1
7151.380645,0,0,1,0,0,0,0,1,1
7159.374576,0,1,0,1,0,1,0,0,0
7167.305817,1,0,0,1,0,1,1,0,1
7168.522912,0,1,1,1,1,0,1,0,0
7168.978412,0,1,0,1,1,1,1,0,1
7170.657566,1,1,0,0,0,0,0,0,0
7178.516023,0,0,1,1,1,1,1,0,0
7184.842520,1,1,1,1,0,1,0,1,1
7190.398520,0,1,1,1,0,0,1,0,1
7197.465060,1,0,0,1,1,1,1,1,0
7204.132060,1,0,1,1,1,0,0,1,1
7208.719268,0,0,1,1,1,0,0,1,0
7209.253548,0,1,1,1,0,1,0,1,1
7218.818809,0,1,0,0,0,0,0,0,1
7225.141015,0,1,0,1,0,0,0,1,0
7228.015697,0,0,1,0,0,1,0,0,0
7231.865052,1,0,1,0,1,0,1,1,1
7233.341701,1,1,0,1,1,1,0,0,1
7237.776220,1,0,0,0,0,0,1,0,0
7242.942267,1,1,1,0,0,0,0,1,1
7247.497146,1,1,0,0,0,1,0,0,0
7248.519941,1,0,0,1,1,0,0,0,1
7250.353676,0,1,1,1,1,1,1,1,0
7253.422098,1,0,0,1,0,1,1,1,0
7261.026373,0,1,1,0,0,0,0,0,0
7261.984267,1,0,1,0,1,1,0,0,0
7271.623012,0,0,1,1,1,0,1,0,0
7273.498825,1,0,1,0,1,1,0,0,1
7275.803259,0,0,0,1,1,0,1,1,0
7280.540628,1,0,0,1,1,1,0,1,1
7286.723075,0,0,0,1,1,0,1,1,0
7286.926863,0,0,0,1,0,0,1,0,0
7294.381663,1,0,0,1,1,0,0,1,1
7296.107174,1,0,1,0,1,0,0,0,1
7304.685298,1,1,1,1,1,1,1,0,1
7305.684075,1,0,0,1,0,1,0,1,1
7310.759194,0,1,1,0,1,0,0,0,0
7311.876770,1,0,0,1,0,1,1,0,0
7314.792051,1,1,1,1,1,1,1,1,0
7322.801404,1,1,1,1,0,1,1,0,1
7323.305047,1,0,0,1,1,0,1,0,1
7325.553884,1,0,0,0,0,0,0,1,1
7330.516604,1,0,0,1,1,1,0,0,0
7340.044210,1,1,0,1,0,1,0,0,0
7345.213964,1,1,0,0,0,1,0,0,1
7345.295358,0,0,1,0,1,1,0,1,1
7347.094424,1,1,1,1,0,0,1,0,0
7354.726240,0,1,1,0,1,1,0,1,1
7364.284024,0,0,0,1,1,1,1,0,1
7371.856521,0,0,1,1,0,0,1,1,1
7374.307342,1,0,1,1,0,0,0,0,1
7375.077496,1,0,1,0,1,0,1,1,1
7384.387910,1,0,0,0,1,1,1,1,1
7392.402905,1,0,1,0,0,1,1,0,1
7395.541949,0,0,1,0,1,0,0,0,0
7399.938645,1,1,0,0,0,1,0,0,1
7402.153810,1,1,0,1,1,0,1,0,0
7411.986229,0,1,1,0,0,0,1,0,0
7418.795058,0,0,1,1,1,1,1,1,0
7418.829333,1,0,0,1,1,0,0,0,1
7421.866559,0,1,1,0,0,1,1,1,0
7428.157433,1,0,0,0,1,0,0,0,0
7435.160047,1,0,0,0,0,1,1,0,1
7441.733424,1,1,1,0,0,1,1,1,0
7442.711190,0,1,0,1,0,0,1,0,0
7445.542095,0,1,1,1,0,1,1,1,1
7446.430379,1,0,1,0,0,1,1,0,1
7454.942769,1,1,0,1,1,1,0,1,1
7460.489191,1,0,0,1,0,1,0,1,1
7467.739466,1,0,0,0,0,0,0,0,1
7476.419598,0,0,1,0,1,0,0,1,1
7486.061211,0,1,1,1,0,1,1,1,0
7495.087282,1,1,0,0,0,0,1,1,1
7503.675659,1,1,1,1,0,1,0,0,0
7508.176209,1,1,0,1,1,1,1,0,0
7511.418193,1,1,1,0,0,0,1,0,0
7520.563578,0,1,1,1,0,0,0,0,0
7527.230578,1,1,0,0,1,1,1,1,0
7529.314703,1,0,1,1,1,0,0,0,1
7534.751879,1,0,1,0,0,0,0,1,0
7541.861173,1,1,0,1,0,1,1,1,1
7542.687281,0,1,0,0,1,0,0,0,0
7546.414760,1,0,0,1,1,0,1,0,1
7554.577488,0,0,1,0,1,1,0,1,0
7559.018044,0,1,0,0,1,1,1,1,0
7564.331796,0,1,1,0,1,1,1,1,1
7567.916456,1,1,0,0,0,0,0,1,1
7577.806274,1,1,0,1,0,1,0,0,0
7586.431412,1,0,0,1,0,0,1,1,0
7593.878726,1,0,0,1,0,1,1,1,0
7598.208902,1,1,1,0,1,1,1,0,0
7601.580351,0,0,1,1,1,0,0,1,0
7610.851561,0,1,0,1,0,0,1,0,0
7620.296061,0,0,0,1,0,1,0,1,1
7624.494954,1,0,1,1,0,0,0,1,0
7633.325620,0,1,0,0,1,1,0,0,0
7633.430776,0,0,1,0,1,1,1,1,0
7635.340561,1,1,1,0,1,0,0,0,0
7641.415720,0,1,1,1,1,1,0,1,0
7642.598667,0,1,0,0,1,0,0,1,0
7643.331301,1,1,1,1,0,1,1,1,1
7644.392266,0,0,1,1,1,0,1,0,0
7653.260574,1,1,0,1,1,0,1,0,0
7655.339638,0,0,0,1,1,0,1,1,0
7658.394096,1,0,1,1,1,0,1,1,0
7665.903118,1,0,0,1,1,1,0,1,0
7666.008880,1,1,1,1,1,0,1,1,0
7667.519163,0,1,0,0,0,1,1,0,0
7675.701163,0,0,1,0,1,1,0,0,0
7680.386080,0,0,1,0,0,1,1,0,0
7685.114687,0,1,1,0,0,0,0,0,1
7686.004487,1,1,0,0,1,0,0,1,0
7687.050837,1,1,0,0,1,0,0,1,0
7695.224582,1,1,1,1,0,1,0,1,1
7702.566620,0,1,1,0,1,0,0,1,0
7707.798658,1,0,1,0,0,1,1,1,0
7709.418543,1,1,1,0,0,1,1,0,1
7716.196643,1,0,0,1,0,1,1,0,1
7719.798682,1,0,0,1,1,0,1,1,0
7725.381315,0,1,1,0,0,1,0,0,0
7729.048615,1,1,0,0,0,0,1,0,1
7737.039937,1,0,1,1,1,1,1,0,0
7739.162911,1,1,0,0,1,0,1,0,0
7741.584594,0,0,1,1,0,0,0,0,1
7743.714413,0,0,1,1,0,0,0,0,1
7751.943757,0,0,0,1,1,0,0,1,1
7758.430595,0,1,1,0,1,1,1,0,0
7759.939708,1,0,0,1,1,0,1,1,1
7769.135191,1,0,1,1,1,0,0,1,1
7774.233721,0,0,0,0,0,0,1,0,1
7782.380965,0,0,1,1,1,0,0,0,0
7791.125203,1,0,1,1,0,1,0,0,0
7796.180643,0,1,1,0,0,0,0,0,0
7804.115632,0,0,1,1,1,1,1,0,1
7807.397554,0,0,1,0,1,0,1,0,0
7808.019961,0,0,0,0,0,0,1,1,0
7812.210802,0,1,1,1,0,1,0,1,0
7818.711152,1,0,0,1,0,1,0,1,0
7828.580730,0,0,1,1,0,1,1,0,1
7831.891008,1,1,1,1,1,1,0,1,0
7834.701644,1,1,1,1,1,0,0,0,0
7843.245479,1,0,0,0,1,0,0,1,1
7847.621042,0,0,0,0,1,1,1,1,0
7852.269765,0,0,1,0,1,0,1,0,1
7856.907982,0,1,1,1,0,0,1,0,1
7864.958177,1,1,1,1,1,1,1,0,1
7874.573600,1,1,1,0,1,0,0,1,1
7881.184109,0,0,0,1,0,0,0,0,1
7881.591159,0,0,1,1,0,0,0,1,0
7884.442449,1,0,1,1,0,0,0,1,1
7889.382349,0,1,0,1,1,1,0,0,0
7898.336198,1,0,1,1,1,0,1,0,0
7902.235725,0,0,0,0,1,1,1,0,1
7908.356113,1,1,1,1,1,0,1,1,0
7912.067434,1,1,1,0,1,0,0,0,1
7912.927814,1,0,0,0,1,0,1,0,1
7917.759499,1,0,0,1,1,0,1,0,0
7924.969844,1,1,0,0,0,0,0,0,1
7928.980105,1,0,0,0,1,1,1,0,0
7933.279318,1,0,1,1,1,1,1,0,1
7937.202187,0,1,1,1,1,0,0,1,1
7944.354575,0,0,1,0,0,0,1,1,0
7952.797638,0,1,1,1,1,1,1,0,0
7955.106099,0,0,1,1,1,1,1,0,1
7962.066497,1,0,1,0,1,1,0,0,0
7970.548792,0,0,1,0,1,1,0,1,1
7975.675716,1,1,1,1,1,0,0,0,0
7976.147583,1,0,1,1,0,1,0,1,1
7981.076006,0,1,1,0,0,0,0,1,1
7987.138176,0,0,0,0,1,0,0,1,0
7993.084527,0,0,0,1,1,0,1,0,1
7998.954506,0,1,1,0,1,0,1,1,0
8000.253858,1,1,0,0,1,1,0,0,0
8008.038971,1,0,0,0,0,1,1,1,1
8009.366941,1,0,1,0,0,0,0,0,0
8012.671958,0,1,0,0,0,0,1,1,1
8014.730514,0,0,1,1,0,0,1,0,0
8020.818325,0,1,1,1,0,1,1,1,1
8022.095794,1,1,0,0,1,0,0,0,0
8023.311625,1,1,1,1,0,0,1,0,0
8033.201443,1,1,1,1,0,1,0,1,0
8035.285568,0,0,0,0,0,0,1,0,1
8037.887363,0,0,1,0,0,1,1,1,0
8040.111825,1,1,1,1,1,0,1,0,0
8047.809216,0,0,1,1,1,1,0,0,1
8049.714787,1,1,1,1,1,0,0,1,0
8057.018428,0,1,1,1,0,1,0,1,1
8059.072203,1,0,0,0,0,0,1,0,0
8060.841733,1,1,0,0,1,1,0,0,0
8068.994343,1,0,0,0,0,1,0,1,1
8077.135374,1,0,0,1,0,1,1,0,1
8083.665841,1,1,0,0,1,1,1,0,1
8090.310914,0,1,1,1,0,0,1,1,1
8099.968206,1,1,0,1,0,0,0,1,1
8103.447119,1,0,0,0,1,1,1,0,0
8108.897574,0,1,1,1,1,0,1,1,1
8113.880532,0,0,0,0,0,0,1,0,1
8120.538363,1,0,0,0,1,0,0,0,0
8129.149307,0,0,0,0,1,1,1,1,1
8133.054364,0,0,0,0,0,0,0,1,0
8141.037346,0,0,0,1,0,1,0,1,1
8144.996283,1,1,0,0,0,0,0,1,0
8151.495233,1,1,0,1,0,1,1,0,1
8160.544508,1,1,1,0,1,1,1,1,0
8161.370823,1,1,1,1,0,0,0,0,0
8165.969202,0,0,0,0,1,0,0,0,0
8173.854029,0,1,0,1,0,1,0,0,0
8178.501404,0,0,1,1,0,1,1,0,0
8183.022500,0,0,1,1,0,0,0,0,0
8186.934955,0,1,0,0,0,0,0,1,1
8188.621362,0,1,0,0,1,0,0,1,1
8191.657023,1,0,1,1,0,0,1,1,0
8195.893963,0,0,0,0,1,1,1,1,0
8204.668489,1,1,0,0,0,1,1,1,0
8212.925074,1,1,0,1,1,1,1,1,0
8214.638546,1,0,0,1,1,1,1,1,0
8220.543211,1,0,1,0,1,0,1,1,1
8225.490336,0,0,0,0,0,0,1,0,1
8227.521981,0,1,1,1,1,0,1,0,1
8227.825981,1,1,1,1,0,1,0,1,1
8229.208058,1,0,0,0,0,1,0,1,0
8230.376825,0,0,1,1,0,0,0,1,1
8235.361942,0,0,1,1,1,1,0,1,1
8242.316269,1,1,0,1,0,0,0,0,0
8248.550412,0,1,1,1,1,1,0,0,0
8254.074276,1,1,0,0,1,1,1,1,0
8262.412470,0,1,1,0,0,1,0,0,1
8266.596960,1,1,1,1,0,1,1,0,0
8275.641641,0,0,1,1,1,1,0,0,0
8284.115689,1,0,1,1,0,0,0,0,1
8287.591519,0,0,1,1,1,0,1,0,1
8289.424168,0,1,0,1,1,1,0,1,1
8298.379725,1,1,1,1,0,0,1,1,1
8307.442319,0,0,1,1,1,1,0,0,0
8310.900917,1,0,0,0,1,0,0,1,1
8311.932349,0,1,0,0,1,1,0,1,1
8312.299166,0,1,1,0,0,0,0,1,0
8312.978064,1,0,0,1,1,1,1,1,1
8320.203222,0,1,0,1,0,1,0,1,0
8325.603682,1,1,1,1,0,1,1,0,1
8332.696996,0,0,0,0,0,0,1,0,1
8341.512904,1,1,1,0,1,0,0,1,1
8349.139404,0,1,0,1,1,1,1,1,1
8355.178447,0,1,0,0,0,0,0,0,0
8356.131733,0,1,0,1,0,0,0,1,1
8365.260025,0,0,1,1,1,0,0,0,0
8369.570712,1,1,0,1,0,0,1,1,1
8370.930661,1,1,1,1,0,0,1,0,1
8373.232856,0,0,1,0,1,0,0,1,0
8376.743121,1,0,1,0,1,1,0,0,1
8384.805598,0,1,1,1,0,1,1,0,1
8388.723404,1,1,0,0,1,1,1,1,0
8397.116146,1,0,1,0,1,0,0,0,0
8402.116646,0,0,1,1,0,0,0,0,1
8408.062997,0,1,0,0,0,0,1,0,0
8414.063397,0,1,1,0,0,0,1,1,1
8423.888851,1,1,0,0,0,1,0,1,0
8425.711891,1,0,1,1,0,0,0,0,1
8434.432949,0,0,0,1,1,0,0,0,1
8442.932085,1,0,1,1,0,0,1,0,1
8448.464206,0,0,0,1,0,1,0,0,1
8449.863243,0,0,0,0,0,1,0,0,1
8454.037848,1,1,0,1,1,1,1,1,1
8462.366220,0,0,1,0,1,1,0,0,0
8467.145922,0,0,1,1,0,0,0,1,0
8476.574551,0,0,0,1,0,1,0,0,1
8483.035386,1,1,1,0,0,1,1,0,0
8483.945386,0,0,1,1,1,1,1,1,0
8486.187792,1,0,1,1,1,0,0,0,1
8492.807848,1,0,0,0,1,0,1,0,0
8502.074425,1,1,1,1,1,1,1,0,0
8504.160323,0,0,1,0,1,1,0,1,1
8512.187502,0,1,0,1,1,1,0,0,1
8519.462408,1,0,1,1,0,1,1,0,0
8528.920230,0,0,1,1,0,1,1,0,1
8533.461593,1,0,1,0,1,1,0,1,1
8537.914202,0,1,1,1,1,1,0,0,0
8541.517862,0,0,1,1,1,0,0,0,1
8549.467435,0,1,0,0,1,1,1,1,0
8554.733865,0,1,0,1,1,1,1,1,0
8559.229040,0,0,1,0,0,0,1,1,1
8559.245688,0,1,1,0,1,0,1,0,0
8562.908453,0,0,0,1,1,1,0,1,0
8565.699871,0,0,0,0,1,1,0,1,0
8565.720869,1,1,1,0,1,1,0,1,0
8570.763032,0,0,1,1,0,1,1,0,0
8577.132110,0,0,0,0,0,1,0,0,1
8586.753360,0,0,0,1,1,0,1,1,1
8592.225219,1,0,1,0,1,1,1,1,0
8599.293182,1,1,1,0,0,0,1,0,1
8600.357905,0,1,1,1,0,1,0,1,0
8605.675834,0,1,1,1,1,1,1,0,0
8614.253000,0,1,1,0,0,1,1,0,0
8621.249008,0,1,1,1,0,1,1,0,0
8628.781248,0,0,1,1,0,0,0,1,1
8632.056568,0,0,1,1,1,0,1,0,0
8640.880215,1,0,1,0,0,1,1,1,1
8649.437935,1,1,0,1,0,1,1,1,0
8657.377750,1,1,0,0,0,1,0,0,0
8659.104962,1,1,0,0,1,0,1,1,0
8659.723184,0,0,0,1,1,1,1,0,0
8663.791773,0,1,1,0,1,1,1,0,1
8666.386547,0,1,0,1,0,0,0,1,0
8676.077936,1,1,0,1,0,0,0,1,0
8678.495361,0,1,0,0,1,1,1,1,0
8683.543703,1,0,1,1,0,0,1,1,0
8686.095994,0,0,1,1,1,0,0,1,1
8694.429494,1,1,1,0,0,0,1,1,0
8697.131523,0,1,0,0,1,0,1,0,0
8706.861572,1,1,0,1,1,1,1,1,1
8707.010050,1,0,0,1,1,0,0,0,1
8712.605728,1,0,1,0,1,1,1,0,0
8717.805323,0,1,0,1,1,0,1,1,1
8718.664381,1,0,0,1,0,1,1,1,0
8727.937181,1,1,0,1,0,0,1,0,0
8732.673224,0,1,1,1,1,0,0,1,0
8733.544698,1,0,0,1,1,0,0,0,0
8740.951993,0,0,1,1,0,1,0,0,0
8741.696966,1,0,0,0,0,0,1,0,0
8747.395925,0,0,0,1,0,1,0,1,1
8757.239078,1,1,1,1,0,0,0,1,1
8765.886272,0,1,0,0,0,1,1,1,1
8769.730974,1,0,1,1,0,1,1,0,1
8774.132382,1,1,1,0,0,1,0,0,0
8778.021882,1,0,1,1,0,1,1,1,1
8787.809138,1,1,0,1,0,1,0,0,0
8791.684430,0,1,1,1,1,0,1,1,1
8795.948079,1,1,1,0,0,0,1,1,1
8799.411630,0,0,1,0,1,0,1,0,0
8801.623153,1,0,1,0,1,1,0,0,0
8804.484177,1,1,0,1,0,0,1,0,0
8805.676918,1,0,0,0,0,1,1,1,1
8809.418803,0,0,1,0,0,0,1,1,1
8812.219523,0,0,1,1,0,0,0,0,0
8816.664523,0,1,0,1,0,1,1,1,0
8824.316691,0,0,0,1,0,1,1,1,0
8826.198571,1,1,0,1,0,1,1,0,0
8832.679141,1,1,1,1,0,0,1,0,1
8838.714891,1,1,0,1,0,0,0,0,0
8846.480320,0,1,0,1,1,1,1,1,0
8850.943684,1,0,1,0,0,0,1,0,0
8858.211716,0,1,0,1,0,1,1,1,1
8865.935521,1,1,1,1,0,1,0,1,1
8871.361511,1,0,0,1,1,1,1,1,1
8879.907650,0,0,0,0,1,0,0,1,1
8880.689241,1,1,0,0,0,1,1,1,1
8882.935779,0,1,1,1,0,0,0,0,0
8882.988321,0,1,0,1,1,1,0,0,1
8891.183865,0,0,0,1,1,0,0,1,0
8898.478440,1,1,1,1,0,0,0,1,0
8900.202672,0,1,0,1,1,0,1,1,1
8902.233172,1,1,1,1,1,0,0,0,0
8903.512870,1,1,0,0,0,1,0,1,1
8907.145582,0,0,1,1,1,0,1,0,0
8909.624468,0,0,1,0,0,1,1,1,1
8919.417503,0,1,1,1,1,0,1,1,0
8922.622066,0,1,0,0,1,1,0,1,0
8932.489868,0,1,1,1,1,0,1,1,0
8936.890845,1,0,0,0,1,1,1,1,1
8943.891145,0,1,0,1,0,0,0,1,0
8947.757305,0,1,0,1,1,1,1,0,0
8951.999045,0,1,1,1,1,0,0,1,0
8956.827888,0,1,1,1,0,1,0,1,0
8962.690371,1,1,0,0,1,1,0,1,0
8964.498208,1,0,0,1,0,0,0,0,0
8967.560496,1,0,1,0,1,0,1,1,1
8974.971469,1,0,0,0,1,0,1,1,0
8982.170544,0,1,0,0,0,0,1,1,1
8982.522386,0,0,1,0,1,1,1,0,1
8984.038386,1,0,0,0,1,0,1,1,0
8987.598959,0,0,1,0,1,0,1,1,0
8988.379102,1,1,0,0,0,1,0,1,0
8989.718766,0,0,1,0,1,1,0,1,1
8999.556839,0,1,1,1,0,1,0,1,0
9001.557639,1,0,0,0,0,0,1,1,1
9008.418418,1,0,0,0,0,0,0,0,0
9016.393304,1,1,1,0,0,0,0,1,0
9025.948904,1,1,1,1,1,0,0,0,0
9032.135510,1,1,1,1,1,1,0,1,1
9037.345569,0,1,0,1,0,1,0,0,0
9041.028070,1,0,1,1,0,0,0,1,1
9048.832556,1,0,0,1,1,1,0,1,1
9054.832956,1,1,0,0,0,1,0,1,1
9064.330105,1,1,1,1,1,0,0,1,0
9064.488569,0,1,0,1,1,1,0,1,0
9072.147763,0,1,0,0,0,0,1,0,0
9078.100548,1,1,1,0,0,0,1,0,1
9083.142711,1,0,0,0,1,0,0,1,0
9085.262704,0,1,0,1,1,1,1,0,0
9093.426822,1,0,0,0,1,0,1,0,1
9093.941079,1,1,1,1,1,1,1,1,0
9101.416633,0,0,1,1,1,0,0,0,0
9108.274091,1,1,0,1,1,0,0,1,1
9113.066278,0,0,0,1,0,1,1,0,1
9114.930776,0,0,0,1,1,0,0,1,1
9117.827414,1,0,0,1,0,0,0,1,0
9124.687632,1,0,0,1,0,0,1,0,0
9128.063294,0,1,1,1,1,0,1,1,0
9132.632183,0,1,1,1,0,0,0,1,0
9137.673775,0,1,1,0,1,0,1,1,0
9144.079664,1,0,1,0,1,0,1,1,0
9145.067826,0,0,0,1,1,1,1,1,1
9146.427181,0,1,0,1,1,1,1,1,0
9148.927931,0,1,0,0,0,1,1,0,1
9148.928931,1,0,1,0,1,1,0,1,1
9158.762281,1,1,1,1,0,1,0,0,1
9159.777356,0,1,1,1,1,0,1,1,1
9161.605811,0,1,1,0,1,1,1,0,1
9163.088144,0,1,0,0,1,1,1,1,1
9165.431567,1,0,1,1,1,0,0,1,0
9166.367726,1,1,0,1,0,1,0,1,0
9174.400709,0,0,1,1,1,1,1,0,0
9174.931157,0,1,1,1,1,1,1,1,1
9183.742686,0,0,0,0,0,1,0,0,0
9192.183209,1,1,0,1,1,1,0,0,1
9194.650451,0,0,0,0,0,1,0,1,0
9202.334893,1,0,1,1,0,1,0,0,0
9207.068516,1,1,1,0,0,0,0,1,1
9207.964368,1,0,0,0,1,1,0,0,1
9217.609793,0,1,0,0,1,0,1,1,1
9227.570427,1,1,0,0,1,0,1,0,0
9234.698183,0,0,1,1,0,0,1,0,0
9240.958887,1,1,0,1,0,0,0,1,1
9245.746858,0,1,0,0,0,0,0,1,0
9247.867211,1,1,1,1,0,0,1,1,0
9249.534711,0,0,1,1,0,0,1,0,1
9256.046688,0,1,1,0,0,1,0,0,1
9257.426861,1,1,1,1,0,0,1,0,0
9263.330885,0,0,0,1,1,0,1,1,1
9270.313435,0,1,0,1,0,0,0,0,1
9272.171392,0,1,1,0,1,0,1,1,1
9273.309016,0,0,1,1,1,0,0,0,1
9278.653870,1,1,1,0,0,0,1,0,0
9283.494932,0,1,1,1,1,1,0,0,0
9292.894992,0,1,1,0,0,1,1,1,1
9297.836476,0,0,1,0,0,0,0,1,0
9299.071212,0,1,0,1,1,1,0,0,1
9302.871832,1,1,0,1,1,1,1,1,1
9303.412347,0,1,0,1,0,0,0,0,0
9303.829972,1,0,0,1,1,1,0,1,1
9304.370795,1,1,1,0,0,0,1,0,0
9304.634927,1,0,1,0,0,1,1,1,0
9312.215814,0,1,1,1,1,1,1,1,0
9312.537515,0,1,0,0,1,0,0,1,1
9314.869888,1,1,1,0,1,0,1,1,1
9318.826721,0,0,0,1,1,1,0,1,1
9322.686984,1,0,0,0,1,0,0,0,1
9332.304248,0,0,0,1,1,0,1,1,0
9339.461502,1,1,1,0,0,1,0,0,1
9342.068419,1,1,1,1,1,0,1,1,0
9343.444282,1,1,0,1,1,1,1,0,0
9345.973503,0,0,0,1,1,0,1,0,0
9348.103322,1,1,1,1,1,1,1,0,0
9349.104222,1,0,1,0,0,1,1,1,1
9350.416566,0,1,0,1,0,1,0,1,0
9352.365647,1,1,0,1,1,1,1,1,0
9361.875500,1,1,0,1,0,0,0,1,1
9363.826922,0,1,1,1,1,0,0,1,1
9366.122775,1,1,1,1,0,1,1,0,0
9374.220981,0,1,1,0,1,0,1,0,0
9374.477275,0,0,0,1,0,1,1,1,0
9380.559092,1,1,0,0,1,1,1,0,1
9380.560092,1,0,0,0,0,0,0,0,0
9382.177472,0,0,0,1,1,0,0,0,1
9385.107756,0,0,1,0,1,1,0,1,1
9388.657624,0,0,1,0,0,1,0,0,0
9390.883676,1,1,0,0,1,0,0,0,0
9395.206714,1,1,1,1,1,0,0,0,0
9397.084011,0,0,1,0,0,1,0,0,1
9399.101976,0,0,0,0,1,0,0,1,0
9402.797522,1,1,1,0,1,1,0,0,0
9406.824094,1,1,1,0,0,1,1,1,0
9415.564678,0,0,0,0,0,0,1,0,0
9417.551702,0,1,0,0,1,0,0,1,0
9423.396562,0,0,0,0,0,0,0,1,1
9427.819307,1,0,1,1,0,1,0,1,0
9433.976480,0,1,1,0,1,0,1,0,1
9436.691196,1,1,1,0,1,0,1,1,1
9440.328196,0,1,0,1,0,0,1,1,1
9444.119139,1,1,0,1,0,1,1,1,0
9444.754158,0,0,0,1,0,1,1,1,1
9447.692284,1,0,0,1,0,0,0,0,1
9450.193034,0,1,1,1,1,1,1,1,0
9455.193534,0,0,1,1,0,0,1,0,1
9463.215471,0,1,1,0,0,1,0,1,0
9465.569177,1,1,1,1,1,1,0,1,1
9473.539860,0,0,1,0,0,0,0,0,0
9478.430721,1,0,0,1,1,1,0,0,1
9482.061932,1,1,1,1,0,1,1,0,1
9488.653182,1,0,0,0,0,0,0,0,0
9494.853562,1,0,1,1,0,0,1,0,0
9502.202436,1,0,0,1,1,0,0,0,0
9507.259964,0,0,1,1,0,1,1,0,1
9515.955747,1,1,1,0,0,1,1,1,0
9524.611343,1,0,0,1,1,1,1,0,0
9526.482075,1,1,1,1,1,1,1,1,1
9528.740255,0,1,1,0,1,0,0,1,1
9534.847787,0,0,1,1,0,0,0,0,0
9543.480402,1,1,0,1,1,0,0,1,1
9548.418668,1,0,1,1,0,1,0,1,0
9556.148153,0,0,0,1,1,0,1,1,0
9559.267344,0,0,1,0,1,1,0,0,0
9559.336134,1,0,0,0,1,0,0,0,0
9562.200005,0,1,1,0,0,0,0,1,0
9569.626423,1,1,0,1,1,1,1,0,0
9578.965011,0,0,0,1,0,0,1,1,1
9583.995568,1,1,0,0,0,0,1,1,1
9586.505408,1,1,0,1,0,0,1,1,0
9593.848798,1,0,0,1,0,0,0,0,0
9599.895195,1,1,0,0,1,0,1,1,0
9607.263879,0,0,0,1,1,1,0,1,0
9610.504687,1,1,1,1,1,1,0,0,1
9614.095636,0,1,0,0,1,1,1,0,0
9614.239140,0,1,1,0,1,0,1,0,1
9623.155504,1,0,1,1,0,1,0,0,0
9631.799493,1,0,0,1,1,0,1,0,0
9635.075729,0,0,1,0,0,0,1,0,0
9640.838864,1,1,0,1,1,0,0,1,0
9650.819258,0,1,0,0,0,1,0,0,0
9654.999407,0,0,1,0,1,0,1,0,1
9661.056374,1,0,0,1,1,0,1,0,1
9669.238374,1,0,0,1,1,0,1,1,0
9674.288497,0,1,1,0,1,1,1,1,0
9676.559131,0,1,0,0,1,0,0,1,1
9682.318176,1,0,0,1,1,0,0,0,1
9686.853184,1,0,0,1,1,1,0,0,1
9695.526303,1,0,0,1,1,0,0,1,0
9698.150167,0,0,1,1,1,0,1,1,0
9699.722278,1,1,1,1,1,1,0,0,0
9702.656658,1,1,1,1,1,1,1,1,0
9703.319692,1,1,0,1,1,1,1,1,1
9706.488314,1,1,0,0,0,1,1,1,1
9707.890273,1,1,0,0,0,0,0,1,0
9713.309336,0,0,1,0,1,1,1,0,1
9720.433570,1,1,0,0,0,0,0,0,1
9721.788203,0,0,1,1,0,1,0,0,0
9725.823582,0,0,1,0,1,1,1,0,0
9727.328389,0,1,0,0,1,0,1,0,0
9729.324898,0,0,1,1,0,0,0,1,0
9732.295298,1,0,1,1,0,0,0,0,1
9736.386798,0,0,0,1,0,1,0,1,0
9745.978675,1,0,0,0,1,0,1,1,1
9753.767629,1,1,0,1,0,0,1,0,1
9762.230746,0,1,1,0,1,1,1,0,0
9771.144503,0,1,1,1,1,0,0,0,1
9780.445091,1,0,1,1,0,0,0,0,0
9783.297444,1,0,0,0,1,0,1,0,1
9783.656535,0,0,0,0,0,1,1,1,0
9786.384535,1,0,1,1,0,0,0,1,0
9787.949624,0,1,1,0,1,0,1,1,1
9795.727624,1,0,0,1,0,0,1,1,1
9800.356675,1,1,0,0,1,0,0,1,1
9805.494524,1,0,1,0,0,0,0,0,1
9810.689810,1,0,0,0,1,1,0,1,1
9813.295591,1,0,0,1,0,0,0,0,1
9814.746598,1,1,1,0,0,1,0,0,1
9818.807021,1,1,0,1,0,1,1,0,0
9825.847675,1,1,0,1,1,0,1,0,1
9828.737275,0,1,0,1,1,0,1,0,1
9837.642494,1,0,1,1,1,0,0,1,1
9843.922908,0,0,0,0,1,0,1,1,1
9844.739616,1,0,0,1,0,1,0,0,0
9852.141451,0,0,1,1,1,0,0,0,0
9860.865451,1,1,0,1,1,0,0,1,1
9870.653458,0,1,1,0,1,0,0,0,1
9873.979839,1,0,1,1,0,0,0,0,0
9878.116972,0,1,0,0,1,0,0,0,1
9884.710719,1,0,1,1,0,1,0,1,0
9889.635698,1,1,0,0,0,0,0,1,1
9889.898967,1,0,0,1,1,1,1,0,1
9895.181606,0,0,0,0,0,1,0,0,1
9900.774752,1,1,1,0,1,0,0,0,0
9903.826294,1,0,1,0,1,0,1,1,0
9907.826894,1,1,1,0,0,0,1,0,0
9916.767397,0,0,1,1,0,0,1,0,0
9922.450486,0,1,1,0,1,1,0,1,1
9924.657500,1,0,1,1,1,1,0,0,0
9929.394869,0,1,1,1,0,1,0,1,0
9936.154167,0,0,1,1,1,0,1,1,1
9941.378174,0,0,1,1,0,1,1,0,0
9943.720712,1,0,1,0,0,1,1,1,0
9946.077246,1,1,0,1,1,1,0,0,1
9948.886335,0,0,1,0,1,0,1,0,0
9950.077692,1,1,0,0,1,0,0,1,0
9950.832041,1,1,1,1,0,0,0,0,0
9957.499041,1,0,0,1,1,1,1,1,1
9961.426589,0,1,0,0,0,1,1,1,0
9962.789321,1,1,0,1,0,0,0,1,1
9970.575343,0,0,0,1,1,0,1,0,1
9978.104659,1,0,0,0,1,1,1,1,1
9983.620013,0,1,1,0,1,1,1,0,1
9984.856662,0,1,1,1,0,1,1,1,0
9987.012521,1,0,0,0,0,0,0,1,1
9988.142440,0,1,1,1,0,0,0,1,1
9991.990240,1,1,0,1,1,0,0,1,1
9995.255282,1,0,1,0,0,1,0,1,0
9999.745144,0,0,0,1,0,1,1,1,1
