t,finish1,finish2,finish3,release1,release2,release3,start1,start2,start3
8.622449,0,0,0,0,0,1,0,0,0
10.570562,0,0,0,1,0,1,0,0,0
16.864821,1,0,0,0,1,0,1,1,0
25.258267,1,0,1,1,1,1,1,1,1
26.600596,1,1,0,1,1,1,1,1,0
35.868962,0,1,0,0,0,0,0,0,1
39.550376,0,0,0,1,0,0,1,0,0
41.983232,0,1,0,1,0,0,1,0,1
47.151051,1,0,0,0,0,0,0,0,0
55.809503,0,0,1,1,1,0,1,0,0
59.115258,1,0,0,1,1,0,1,1,0
63.719456,1,1,1,0,1,0,0,0,1
64.533383,1,1,1,0,1,1,0,1,1
65.943333,1,1,1,1,0,0,1,1,0
68.868941,0,0,0,1,1,1,0,1,1
69.738964,0,0,1,0,0,1,0,1,0
78.800787,1,1,0,1,1,1,1,1,1
83.405643,1,1,0,1,1,0,1,1,0
92.937462,0,1,1,0,0,0,1,0,0
101.618913,1,1,0,1,1,1,1,1,0
110.369038,1,1,1,0,1,1,0,1,1
112.801405,1,1,1,1,1,0,1,0,1
122.595028,0,0,1,1,0,1,1,0,1
124.423256,1,0,0,1,0,0,1,0,0
129.086814,1,1,0,1,1,1,0,1,1
133.667188,0,1,0,0,1,1,0,1,1
137.240263,0,0,1,1,0,0,1,0,1
142.274205,1,1,0,0,0,1,1,1,0
145.256970,0,0,0,0,1,0,0,0,0
150.568550,1,0,1,0,0,0,0,1,0
158.797893,0,0,1,1,1,0,0,0,0
161.020893,0,0,0,0,0,1,0,1,1
169.430143,1,1,0,0,1,1,1,0,0
174.934469,1,0,0,1,1,0,1,0,0
174.949356,0,0,0,1,0,0,1,1,0
181.296277,1,1,1,1,0,1,1,1,1
185.038399,0,0,1,0,1,0,0,1,1
187.490453,1,0,1,1,1,1,0,1,0
188.060502,0,0,1,1,0,1,1,0,1
195.425719,0,0,0,0,0,1,0,0,0
197.202052,1,1,1,1,0,1,0,0,1
203.373321,1,0,0,1,1,0,1,1,0
207.565246,1,0,0,0,1,1,1,0,0
208.455836,1,0,1,0,1,1,1,0,1
215.632589,1,1,1,1,1,0,1,0,1
223.607244,0,1,0,0,0,1,0,0,0
227.256905,0,0,0,0,1,0,0,0,0
231.954405,0,0,0,1,0,0,1,1,1
235.199128,0,1,0,0,0,1,0,0,0
237.317972,1,0,0,1,0,0,0,1,0
239.504320,0,1,0,1,0,0,1,1,1
247.364734,1,1,1,1,0,0,0,1,1
249.032234,0,1,1,0,1,0,1,0,0
249.033234,0,1,1,1,0,1,0,1,0
253.978945,0,1,0,0,1,1,1,0,0
260.832406,1,1,0,1,0,0,1,0,1
270.278484,0,1,0,0,0,1,1,1,0
272.237745,0,1,1,1,1,1,1,1,1
275.016245,1,0,1,1,1,0,0,0,0
279.448620,0,0,1,1,0,0,1,0,1
280.142620,1,0,0,1,1,1,0,0,1
289.909181,0,0,0,0,0,0,0,1,0
295.639338,0,0,0,0,0,1,1,1,0
297.761338,0,0,0,0,0,1,0,0,1
306.923098,1,1,0,0,1,1,1,1,0
312.369098,1,1,1,0,1,0,0,1,0
320.876710,1,0,0,1,0,0,1,0,1
324.187402,0,0,0,0,1,1,0,0,0
332.314862,0,1,1,0,0,1,0,0,1
333.919077,1,1,0,0,1,0,0,0,1
334.302888,0,0,0,1,0,0,1,1,0
340.694136,0,0,1,1,0,0,0,0,1
342.400034,1,1,1,1,1,0,0,0,0
345.406300,1,0,1,1,0,1,0,0,0
354.671079,0,0,0,1,0,1,0,1,0
360.908015,1,1,1,1,0,0,0,1,0
361.604132,1,1,0,0,1,0,1,1,1
364.765910,0,1,1,0,1,1,1,0,0
365.828257,0,0,0,0,1,0,0,0,0
366.283757,1,0,1,1,1,1,0,1,1
375.369087,1,1,0,0,1,1,1,0,0
375.810295,0,1,1,0,0,0,0,1,1
380.930931,1,0,0,0,1,0,1,1,1
387.478039,1,0,1,0,1,0,1,1,0
388.682622,1,0,1,1,0,0,1,0,1
395.479383,0,0,0,1,1,1,0,0,0
404.553045,1,0,0,1,0,0,1,1,0
410.553445,0,1,0,1,0,1,0,0,1
415.876664,0,1,0,0,0,1,0,0,0
422.293062,1,1,1,1,1,0,1,0,0
431.024845,0,1,1,0,1,1,1,1,1
436.869588,1,1,0,0,1,1,0,1,1
440.441660,1,0,1,0,0,0,1,0,0
444.340575,1,0,1,0,0,0,1,0,1
445.671172,0,0,1,1,1,0,1,1,1
452.477628,1,1,0,0,0,0,0,0,0
456.963956,0,0,0,0,1,1,0,1,0
457.446835,0,1,1,1,0,0,0,0,1
458.108430,0,0,1,0,0,0,1,0,1
465.110001,0,0,1,1,1,1,1,0,1
468.756894,1,0,1,1,0,0,0,0,1
476.958235,0,0,0,1,0,0,1,0,1
477.410626,1,0,1,0,1,1,0,0,0
479.964562,0,1,1,1,1,0,0,1,1
486.945996,1,0,0,0,0,0,0,0,0
490.240785,0,1,0,0,0,1,1,1,0
496.370901,1,1,0,1,1,0,0,1,0
503.359391,1,1,0,1,1,0,1,1,0
508.800619,0,0,0,1,1,0,1,1,1
510.133665,0,1,0,0,0,1,1,0,1
518.444945,1,0,0,1,0,1,0,0,1
522.219762,1,1,1,1,1,1,0,1,0
529.232056,0,0,1,0,1,0,1,1,0
530.240707,1,1,0,0,0,1,0,0,0
538.520181,0,1,0,1,1,0,0,1,1
542.473488,1,0,1,1,0,1,1,0,1
548.522028,0,1,0,1,1,0,0,1,0
553.026281,1,1,0,1,1,1,1,1,0
555.364004,0,1,1,0,0,0,1,1,0
563.035879,0,1,1,0,0,0,0,1,1
564.725022,0,0,1,1,0,0,0,0,1
574.597720,0,1,0,0,0,1,0,1,0
578.487220,1,0,0,0,1,0,1,1,0
584.917040,0,0,1,1,0,1,0,0,1
594.364948,1,1,1,1,1,1,0,0,1
597.965588,1,1,0,0,0,0,1,1,0
598.721229,1,0,0,0,0,0,1,0,0
600.022548,0,0,0,1,1,1,1,0,1
608.768436,1,0,0,1,0,1,0,0,0
618.427913,0,1,1,0,0,1,1,1,0
620.969642,1,0,0,1,1,1,1,1,0
630.028178,0,1,0,0,0,1,1,0,0
634.044073,1,1,0,0,0,0,0,1,0
641.781057,0,0,1,0,1,0,1,0,0
649.635860,1,0,0,0,0,0,0,0,1
655.927140,1,0,1,1,0,0,0,1,0
657.874417,0,1,1,0,1,1,0,0,1
666.288282,0,1,0,0,1,1,0,1,1
668.644704,0,0,0,0,1,0,0,1,1
676.632327,1,1,0,0,1,0,1,0,0
680.744414,0,0,1,0,1,1,0,0,1
690.331232,0,0,0,1,0,1,1,1,1
699.199045,1,1,0,1,0,1,0,0,1
702.107140,0,0,1,1,1,0,0,0,1
711.355335,0,0,1,1,0,1,1,0,1
717.891630,1,0,0,0,0,0,0,1,1
719.070594,1,0,0,0,1,1,1,0,1
722.776141,1,0,1,1,1,1,1,0,1
728.133302,1,1,0,1,0,1,1,1,0
729.429254,0,1,0,0,0,0,0,0,1
731.215790,0,0,0,1,0,0,1,1,0
734.018442,0,1,1,1,0,1,1,0,1
741.271464,0,0,1,0,1,1,1,0,0
750.970893,0,1,1,1,1,0,1,1,0
760.734230,1,1,0,1,0,0,0,1,1
764.083952,1,1,0,1,0,0,1,1,0
772.431128,1,0,1,1,1,0,0,0,0
774.296348,0,1,0,1,1,1,1,1,0
780.078844,1,1,1,1,0,1,0,1,0
785.883459,1,0,1,1,0,0,0,1,1
793.874368,0,0,0,0,1,1,1,1,0
797.766871,0,0,1,1,1,1,0,0,1
803.419480,0,1,1,1,0,0,1,1,1
809.433864,0,0,0,0,0,1,0,0,1
818.761663,1,0,0,0,0,1,0,0,1
822.608432,0,1,0,0,1,1,0,1,0
831.678547,0,1,0,0,1,0,0,0,1
839.773975,1,0,0,1,1,1,0,1,1
848.442026,1,1,0,0,0,1,0,1,1
856.361697,1,0,0,0,1,0,1,0,1
862.794802,0,1,0,0,0,1,1,0,0
863.711204,0,0,0,1,1,0,0,1,0
865.750217,1,0,0,1,1,0,0,1,0
865.751217,1,1,0,0,1,0,1,0,1
865.962552,1,0,1,0,1,1,1,0,1
870.919578,0,1,0,0,0,0,1,1,1
873.558351,1,1,0,1,1,0,1,1,0
880.469348,1,1,1,1,1,0,0,0,0
887.367348,1,0,1,0,0,1,1,1,0
888.409253,0,1,0,0,0,1,1,1,1
895.227753,1,0,1,0,1,1,0,0,0
898.816181,0,1,0,0,1,0,1,1,0
901.698988,1,0,1,0,1,0,0,1,1
905.817224,0,1,0,0,0,0,1,0,0
907.569712,1,1,1,0,1,0,0,0,0
912.140567,0,0,1,0,0,1,0,1,0
919.439224,1,0,1,1,0,1,1,0,1
921.007573,1,0,1,1,1,1,1,1,0
924.873733,0,0,0,1,1,0,0,1,1
933.449695,0,1,0,0,0,1,1,0,0
934.989003,0,0,1,0,0,1,0,0,0
941.391551,1,1,0,0,0,1,0,1,0
943.450850,1,1,0,1,0,1,1,0,0
952.000341,0,1,1,1,1,1,0,0,1
953.667841,1,0,1,0,0,1,1,1,0
962.690991,0,1,0,1,0,0,0,0,0
970.467797,1,0,1,0,1,0,1,0,0
971.780142,1,0,1,1,0,0,1,0,1
973.580962,0,1,1,1,0,0,1,1,1
976.877596,1,0,0,1,1,1,0,0,0
978.332351,0,1,0,0,1,1,1,0,1
984.428838,1,1,1,1,0,0,0,1,0
994.245929,0,1,0,1,1,1,0,1,0
995.277568,0,0,1,0,0,1,1,1,0
1004.162925,0,0,0,0,0,0,0,1,1
1006.751237,1,1,1,0,1,1,1,1,1
1012.676994,1,1,0,1,0,1,0,0,0
1013.476234,1,0,1,0,0,0,1,0,1
1019.782909,1,0,0,1,0,0,1,0,1
1023.133637,0,0,1,1,1,0,1,1,1
1031.816053,1,1,0,0,1,1,0,0,0
1036.018587,1,0,1,1,1,1,1,1,0
1036.570948,1,1,1,1,1,1,1,0,0
1043.561657,1,1,1,1,1,1,1,0,0
1043.927584,0,0,1,1,1,0,0,1,1
1046.194682,0,0,0,1,0,1,0,0,1
1055.781287,0,1,0,1,1,0,1,1,1
1065.203310,0,0,0,0,0,1,1,1,1
1073.023077,0,0,1,0,1,0,1,0,0
1076.987913,1,1,1,1,0,0,0,0,0
1080.235715,1,1,0,0,1,1,0,1,1
1088.903377,1,0,1,1,1,0,1,0,1
1091.127495,1,1,0,1,1,1,1,1,1
1092.778710,1,1,1,0,1,0,1,1,1
1097.665066,1,1,0,0,0,0,0,0,0
1101.204173,0,0,0,0,1,0,0,0,0
1105.992830,0,1,0,1,1,0,1,1,1
1106.177397,1,1,0,1,0,0,1,1,0
1115.324240,0,0,0,1,0,1,0,1,1
1123.376383,0,0,1,1,1,0,0,1,1
1126.865406,0,1,1,0,1,0,0,1,1
1133.572180,1,0,0,1,1,1,0,0,0
1139.266390,1,1,1,0,0,0,1,0,1
1140.543858,1,0,0,1,0,1,1,1,0
1148.989960,0,1,1,0,1,1,1,1,0
1157.073485,1,0,1,0,0,0,1,1,1
1162.016519,0,1,1,1,1,0,0,1,1
1168.885519,0,1,0,1,0,0,1,0,1
1172.497808,0,0,0,1,0,1,1,0,1
1177.342074,1,1,1,1,1,0,0,0,1
1185.718305,0,0,0,1,1,1,0,1,1
1192.297058,0,0,0,0,0,1,1,1,1
1193.147647,0,1,1,1,0,1,0,1,0
1197.590351,1,1,0,0,1,1,0,0,1
1205.772351,1,0,1,0,1,1,1,0,0
1206.341715,1,0,0,0,0,1,0,1,0
1215.949598,1,1,0,1,0,0,1,1,0
1223.949798,0,0,1,0,0,1,1,1,0
1232.567112,0,1,0,1,0,1,0,0,1
1233.915983,1,1,0,1,1,1,0,1,0
1235.318904,0,0,0,0,0,0,0,0,1
1241.273508,1,0,1,1,1,0,0,0,1
1243.092508,1,1,1,0,0,0,1,1,0
1250.365508,0,1,0,0,1,0,0,0,1
1255.812890,1,0,0,0,0,0,1,1,1
1262.529636,0,0,1,1,0,0,1,0,1
1271.521434,1,1,0,1,1,1,0,1,0
1280.867293,0,0,1,0,1,0,0,0,0
1282.240188,1,0,1,1,1,0,1,1,1
1291.083841,1,0,1,1,1,0,1,0,0
1300.883058,1,1,1,0,0,0,1,1,0
1309.628281,1,0,0,0,0,0,1,0,0
1319.613313,0,0,0,0,0,1,1,1,1
1324.021089,1,0,1,1,1,1,1,0,1
1332.021289,0,1,0,0,0,0,0,0,0
1341.527511,0,1,0,1,1,1,0,0,0
1349.970289,0,0,1,1,0,0,1,1,1
1353.490937,0,1,1,1,1,1,1,0,1
1356.968513,0,1,0,1,1,1,0,0,1
1365.125653,1,1,0,1,1,1,1,0,0
1374.721069,1,1,1,1,1,1,1,0,0
1381.864212,1,0,0,1,0,0,0,1,0
1385.933433,0,0,0,1,0,0,1,0,1
1389.405864,0,1,1,1,0,0,0,0,1
1389.927645,0,0,1,1,1,1,0,1,0
1390.945493,1,0,1,0,0,1,0,0,0
1395.226766,1,1,0,0,0,1,0,1,0
1400.521355,1,1,1,1,0,1,1,1,1
1407.951682,0,0,0,0,0,1,1,1,1
1408.032355,1,0,0,0,0,0,1,0,1
1415.168058,1,0,1,1,0,1,1,1,1
1419.553004,0,1,1,1,1,0,0,1,0
1423.432404,1,0,1,0,1,1,1,0,0
1431.143702,0,1,1,0,1,1,1,0,1
1432.181184,0,1,0,0,1,0,0,0,1
1437.586405,0,1,1,0,1,0,1,1,0
1440.196572,0,0,1,0,1,1,0,0,1
1440.948942,1,1,1,0,1,0,0,0,0
1445.806599,0,0,0,0,0,0,1,1,0
1448.444580,0,0,0,1,1,0,1,0,1
1453.479090,1,0,1,1,0,0,1,0,1
1458.109257,1,1,1,0,0,1,0,0,1
1463.680299,0,1,0,1,1,1,1,1,0
1469.680699,1,0,0,0,1,0,0,0,0
1471.991595,1,0,0,0,0,1,0,1,1
1472.325156,1,0,1,0,1,0,0,1,0
1474.991479,1,1,1,0,0,1,0,1,0
1481.935104,1,1,0,1,1,0,0,1,1
1489.139685,0,1,1,1,0,0,1,0,0
1489.140685,0,0,1,1,0,0,1,1,0
1498.340765,0,1,0,0,0,0,1,0,1
1499.728488,1,0,1,0,1,1,0,1,1
1501.431146,0,0,0,0,0,1,0,0,0
1507.696580,0,1,1,0,0,1,0,0,1
1513.314451,0,1,0,1,1,0,0,0,1
1521.418730,1,1,1,0,1,1,1,1,1
1529.408881,0,0,0,1,1,1,1,1,1
1529.673012,1,1,0,0,0,0,0,1,0
1537.673212,1,0,1,0,1,0,0,0,0
1539.166906,0,0,0,1,0,1,1,0,1
1540.834406,0,0,0,1,1,0,0,1,0
1549.248543,1,0,0,0,0,1,0,1,0
1550.873853,0,0,1,0,0,0,0,0,1
1553.413866,0,1,1,0,1,0,0,0,0
1558.693908,1,1,0,1,0,1,0,0,0
1565.149959,1,1,0,0,1,1,1,0,1
1572.426919,0,0,0,1,0,1,1,1,0
1574.437583,1,0,0,1,1,1,0,1,0
1579.392004,1,0,0,1,1,0,1,1,1
1588.476477,0,0,0,0,0,0,0,1,1
1596.434427,0,0,0,0,1,0,0,0,1
1602.190949,0,0,0,1,0,0,0,1,0
1608.342278,0,0,0,0,1,1,1,0,1
1609.811216,0,0,0,1,0,1,1,1,0
1613.088915,0,0,1,0,0,1,0,0,1
1616.711600,1,0,0,0,0,0,0,1,1
1626.272672,0,1,0,1,1,0,0,1,0
1634.708203,1,1,0,0,1,1,0,1,0
1638.501927,0,0,1,1,0,0,0,1,1
1645.088935,0,1,1,1,0,1,0,0,1
1645.787871,1,0,0,1,0,0,1,1,0
1650.927246,1,1,1,1,1,1,1,1,1
1657.177621,1,1,0,1,1,0,1,0,0
1662.393153,0,0,1,1,1,1,0,1,0
1665.270815,0,1,1,0,0,1,0,0,0
1665.710368,0,1,1,0,0,0,0,1,1
1674.147182,1,0,0,1,1,0,1,0,1
1681.474071,0,0,0,1,0,1,0,0,1
1688.073963,1,0,1,1,0,0,1,1,0
1690.266525,1,1,0,0,1,1,1,0,1
1690.472467,1,0,1,1,1,0,1,1,0
1695.287800,0,1,1,1,1,1,1,0,1
1701.375148,1,0,0,1,1,1,1,1,1
1701.596465,1,0,1,0,1,1,1,1,0
1711.172265,0,0,0,0,0,1,1,0,1
1711.444637,0,1,0,1,0,0,1,0,0
1719.983682,1,0,0,0,1,0,0,1,0
1721.234557,1,1,1,0,1,1,0,0,1
1727.331204,1,0,0,0,0,0,0,0,1
1729.338424,0,1,1,1,0,0,1,0,0
1737.758495,0,1,0,1,1,0,1,0,0
1746.989342,1,1,0,0,1,1,0,1,0
1752.959894,1,0,0,0,1,0,1,1,1
1759.883278,0,1,1,1,0,1,1,0,0
1768.450351,1,1,0,1,0,0,0,0,0
1768.653124,1,1,0,1,0,0,0,1,1
1769.799048,1,1,0,0,1,1,1,0,1
1774.336336,0,1,0,0,0,1,0,0,1
1779.617336,0,0,1,0,0,0,0,0,0
1785.334117,0,1,1,0,0,1,1,1,0
1790.207869,0,0,0,0,1,1,0,0,0
1799.881371,0,0,0,0,1,1,0,1,1
1804.630681,0,1,0,1,0,0,0,0,1
1812.582693,1,0,1,1,1,1,0,1,1
1820.939293,1,0,1,1,0,1,1,1,0
1823.116075,1,0,0,1,1,1,1,1,0
1828.489672,0,0,1,1,0,0,1,1,0
1830.294289,0,1,0,0,1,0,1,1,1
1835.294789,0,1,0,0,0,1,0,0,1
1837.550466,1,1,1,1,1,0,0,0,1
1844.325457,0,0,1,1,0,0,0,0,0
1850.533267,1,0,0,1,0,1,0,0,0
1854.621618,1,0,0,0,1,1,1,1,0
1862.302375,1,1,1,0,1,1,1,1,1
1868.302775,0,0,1,0,0,0,1,1,0
1873.155263,0,1,0,1,0,1,1,1,1
1874.690994,0,1,1,0,0,1,0,1,1
1882.731658,0,1,0,0,0,0,1,0,0
1892.610090,1,0,1,1,0,0,1,0,1
1894.482160,0,1,1,0,1,1,1,0,1
1903.015640,0,1,0,0,1,0,1,0,0
1908.397412,1,0,0,1,1,1,0,1,0
1915.352604,1,1,1,0,0,1,1,0,1
1916.626204,1,1,0,1,1,1,0,1,0
1918.393694,0,0,0,1,1,0,1,0,0
1928.338144,1,1,0,0,1,1,0,0,0
1934.657688,1,1,1,0,0,1,1,1,0
1941.506253,1,0,1,0,1,1,0,1,1
1943.871357,1,1,0,0,0,1,0,1,0
1952.352522,0,0,1,1,1,0,1,1,1
1956.539954,1,1,1,1,1,0,1,1,0
1957.477031,1,0,0,0,0,1,1,1,1
1966.400651,0,0,0,1,1,0,1,0,0
1971.587083,1,1,0,0,1,0,0,1,1
1976.325109,1,1,1,1,0,0,0,0,0
1976.365398,1,0,1,1,0,0,0,1,1
1980.126811,1,1,1,1,1,1,1,0,0
1985.481258,0,1,1,1,0,0,0,0,0
1994.289789,1,1,1,1,0,0,1,0,1
2002.434770,1,1,0,0,0,0,1,0,0
2003.890170,1,1,1,0,0,0,1,0,0
2007.065456,1,1,1,0,0,1,1,0,1
2008.453455,0,0,0,0,0,1,0,1,1
2015.019455,0,1,0,1,1,1,0,1,0
2018.543809,0,0,0,0,0,0,1,0,0
2020.785965,0,0,0,1,1,1,1,0,1
2027.843221,0,1,1,0,0,1,0,1,0
2036.296876,0,1,0,1,1,1,0,1,1
2044.622478,0,0,1,1,1,0,1,0,0
2051.550160,0,0,0,0,1,1,1,1,0
2056.185889,0,1,1,0,1,1,0,1,0
2061.433001,0,1,1,1,1,1,1,0,1
2063.583040,1,1,0,1,1,0,1,0,1
2067.355593,1,1,0,1,0,1,0,1,1
2075.054236,0,0,0,0,1,1,0,0,0
2080.674368,1,1,1,1,0,1,0,1,0
2086.116000,1,0,1,1,1,1,0,1,1
2089.753000,0,1,1,1,0,0,0,0,1
2094.105030,0,1,0,0,1,1,1,1,0
2095.915550,0,0,1,0,0,1,1,1,1
2104.428357,1,1,1,1,0,1,1,1,1
2111.095357,0,1,0,0,1,1,1,1,1
2112.901055,0,0,0,1,0,0,0,1,0
2119.387893,1,1,1,0,1,0,1,0,0
2124.007720,1,0,1,1,1,0,1,0,1
2125.890692,0,1,0,1,0,1,0,0,1
2132.071630,1,1,1,1,1,1,0,1,0
2132.701937,0,0,1,0,0,0,1,0,1
2136.500236,0,0,1,1,0,0,1,0,0
2139.901654,1,1,1,0,1,1,0,1,0
2141.052539,1,0,0,1,1,0,1,1,0
2144.364896,0,0,1,1,0,0,1,1,0
2152.658061,1,0,0,1,0,1,0,1,1
2158.576836,0,1,0,1,1,0,0,0,0
2166.295814,1,1,1,0,1,1,1,1,0
2173.197533,1,0,0,1,1,0,1,0,0
2178.434976,0,0,0,0,0,1,0,1,1
2188.366677,1,0,0,1,0,0,0,0,1
2192.081591,1,1,0,1,1,0,1,1,1
2201.207110,1,0,1,0,1,1,1,0,0
2201.757883,1,0,1,1,1,0,0,1,0
2201.758883,0,1,0,0,0,0,0,1,1
2207.982578,1,1,0,0,1,1,0,0,1
2211.979317,0,1,0,1,0,1,0,1,0
2218.027010,1,1,0,0,0,1,0,1,1
2226.043356,1,1,0,1,1,0,1,1,0
2229.574704,0,0,0,0,1,0,1,1,0
2229.575704,1,1,1,1,1,1,1,1,1
2235.139288,1,1,1,0,0,0,1,0,0
2240.698556,1,0,0,1,0,0,0,0,1
2243.815186,1,0,0,0,0,1,1,0,0
2252.386758,0,1,1,0,1,0,1,1,1
2255.095820,1,1,1,0,1,1,1,0,0
2262.461292,0,1,1,0,1,0,1,0,0
2271.315573,1,0,1,1,1,1,0,0,1
2278.822088,0,0,1,0,1,0,0,0,1
2278.823088,0,0,0,1,0,0,1,0,1
2288.102872,0,1,1,1,0,0,1,0,1
2289.784032,1,0,0,1,1,0,0,0,0
2293.391427,0,1,1,1,0,1,1,1,1
2299.100811,1,0,0,0,1,0,1,0,1
2305.858561,0,1,1,0,1,1,1,1,0
2309.414761,0,1,0,1,0,1,0,1,1
2313.931438,1,0,0,1,1,1,1,0,0
2322.741427,0,0,1,0,0,0,1,0,0
2329.978237,1,1,0,1,0,0,0,1,0
2337.457481,1,1,0,1,1,0,0,1,0
2346.821181,1,0,1,0,0,1,0,0,0
2347.329744,1,0,0,1,0,1,1,1,0
2348.461853,0,0,1,1,1,0,1,0,1
2357.033424,0,1,0,1,0,0,1,1,0
2360.014688,0,0,0,0,1,0,0,1,1
2362.629805,1,0,0,0,1,0,0,1,0
2367.415805,1,1,1,1,0,0,0,1,1
2374.416105,1,0,1,0,0,1,0,0,0
2381.653376,0,0,1,1,1,1,1,0,1
2389.558868,0,0,1,1,0,0,0,0,1
2394.307884,0,0,1,1,1,1,1,0,0
2395.332173,0,0,1,1,0,0,1,1,1
2400.092845,1,1,1,1,1,1,0,0,0
2401.673491,1,0,0,0,0,1,0,0,1
2405.674091,0,1,1,0,1,1,0,0,1
2412.257926,1,1,1,0,1,0,0,1,0
2421.543712,1,1,1,0,0,1,0,1,0
2425.128969,0,1,0,0,1,0,1,1,0
2430.036886,1,0,1,0,1,1,0,0,0
2433.299754,0,1,0,0,1,1,1,0,0
2439.928400,1,1,1,1,0,1,0,0,1
2442.587923,1,0,0,0,0,1,0,1,1
2445.983079,1,1,1,1,0,0,1,1,0
2450.397045,1,0,0,0,1,0,1,0,0
2459.394472,0,1,0,0,0,1,1,1,0
2464.318644,1,1,0,1,0,1,0,0,0
2470.319044,0,1,0,0,0,1,1,1,1
2471.072657,0,0,0,1,1,0,1,0,1
2474.716149,0,1,1,1,1,0,0,1,0
2480.960729,0,1,1,1,0,1,0,1,1
2490.851022,0,0,1,0,1,1,0,0,0
2500.627164,0,0,1,1,0,1,1,0,0
2504.503156,0,0,0,1,1,1,1,0,0
2505.881889,1,0,1,1,1,0,0,1,0
2507.933424,0,1,0,1,0,0,1,0,1
2508.402213,1,1,0,1,1,1,1,1,1
2509.403113,0,1,1,0,0,0,0,1,0
2514.082980,0,1,1,1,0,1,0,1,0
2519.033980,1,0,0,0,0,0,0,1,0
2522.903446,1,0,1,1,0,1,1,0,0
2531.412070,1,0,0,0,1,1,1,1,0
2532.830353,0,0,0,0,1,1,1,1,1
2540.931809,1,0,1,0,1,0,1,1,1
2548.237043,0,1,0,0,0,1,1,0,0
2556.693186,0,1,0,1,1,1,1,1,1
2559.713492,0,1,0,1,0,1,0,1,0
2561.969058,0,1,0,1,0,0,0,1,0
2567.271196,1,0,1,0,0,1,1,0,1
2572.110422,0,1,1,1,0,1,1,0,0
2574.601052,1,1,1,0,1,0,0,1,1
2576.972601,0,1,0,1,1,1,1,1,0
2578.601728,1,0,1,1,1,0,0,0,1
2588.458885,1,1,1,0,0,1,1,0,1
2593.286988,0,0,0,1,0,0,0,1,1
2597.379533,1,1,1,1,1,0,1,0,0
2603.123202,0,1,1,0,1,0,0,1,0
2612.278692,1,0,1,0,0,1,1,0,1
2616.502007,0,0,0,1,0,1,1,1,1
2625.477520,1,1,0,1,0,1,1,0,1
2631.727895,1,0,0,0,1,1,0,0,0
2638.942250,0,0,1,0,1,1,0,1,0
2645.609250,1,1,0,1,0,0,1,1,0
2650.181221,1,0,1,1,1,0,1,0,1
2651.765396,1,0,1,1,0,0,0,0,1
2656.172735,1,0,0,0,1,0,1,0,1
2663.507691,1,1,0,1,1,0,0,1,1
2671.599987,0,1,1,0,1,0,1,1,0
2678.997342,1,1,0,1,0,0,1,1,1
2688.283128,1,0,0,1,1,0,1,0,0
2693.618240,0,1,1,1,0,1,0,1,0
2696.975226,1,0,1,0,0,1,1,0,1
2699.595433,0,1,0,1,1,0,0,1,0
2703.990135,1,1,1,1,0,0,1,0,1
2708.931817,1,1,0,0,0,0,1,1,0
2710.796358,1,0,1,1,1,0,1,0,0
2718.347833,1,1,0,1,0,0,1,1,1
2721.425448,0,0,1,0,1,0,0,1,0
2730.026171,0,1,1,0,1,1,0,0,1
2737.820157,0,0,1,1,1,1,1,0,1
2741.089123,1,1,1,1,1,1,0,0,1
2743.007186,1,1,1,1,1,1,1,1,0
2746.476832,1,1,1,0,1,0,1,1,0
2747.155055,0,0,0,1,1,0,1,1,1
2751.199683,1,1,0,0,1,0,1,0,1
2756.600987,1,1,0,1,0,1,0,1,1
2760.483406,0,0,0,1,1,0,1,1,0
2769.642270,1,0,0,0,0,1,0,1,0
2770.973304,1,0,1,1,1,1,0,0,0
2772.553093,0,1,1,1,0,0,0,0,0
2774.767097,1,1,1,0,0,1,0,1,1
2776.563895,0,1,0,0,1,0,0,0,0
2783.552148,1,1,1,0,0,1,1,1,1
2787.186805,0,1,1,0,0,1,0,1,0
2793.352237,0,1,0,1,0,0,0,1,1
2793.551690,0,0,0,1,1,1,0,1,0
2797.964014,0,1,0,0,1,1,0,1,1
2800.639643,1,1,1,1,1,0,0,1,1
2803.462447,1,1,0,1,1,1,1,1,1
2812.735703,0,0,0,0,1,0,0,0,0
2819.638900,1,0,0,1,0,0,1,0,0
2822.155504,0,1,0,0,1,0,0,1,1
2826.381970,1,1,0,1,1,1,0,0,0
2831.730420,1,0,0,1,0,0,1,0,1
2834.800793,1,0,0,0,1,1,1,0,1
2836.409726,1,0,1,1,1,1,0,0,0
2843.504989,0,1,0,0,0,1,0,1,0
2846.592100,1,1,0,0,1,0,1,1,0
2854.816577,1,0,1,0,1,0,1,0,1
2859.572702,0,0,0,0,1,0,1,1,1
2862.579730,1,0,0,0,0,0,0,0,0
2865.426793,1,0,0,1,0,0,1,0,0
2872.797574,1,0,1,1,0,0,1,0,0
2882.552900,0,0,0,0,1,1,1,1,0
2888.343993,0,0,1,1,1,1,0,0,1
2893.033048,0,1,0,1,0,1,0,0,1
2893.193486,0,0,1,0,1,1,0,1,0
2898.894653,0,1,1,0,0,1,0,1,1
2900.805372,0,1,1,1,0,0,0,0,0
2903.408852,0,0,0,0,0,1,1,0,0
2904.891185,0,1,0,0,0,1,1,1,0
2909.448691,0,1,1,1,1,1,1,0,1
2912.436092,1,1,0,1,0,1,0,1,0
2921.992211,0,1,0,1,0,1,1,1,0
2923.639137,0,0,0,1,1,0,0,0,0
2931.366637,1,0,0,1,0,0,0,1,1
2937.576603,0,1,0,0,1,1,1,1,1
2940.562379,0,0,1,1,0,1,1,0,0
2945.626567,0,1,0,1,0,1,0,1,0
2946.348807,1,0,1,0,0,1,0,1,1
2946.556276,0,1,1,1,1,0,0,0,1
2949.890276,1,1,0,1,1,0,0,1,1
2959.024026,1,0,1,1,1,0,0,0,1
2963.447660,1,0,0,1,0,0,0,1,1
2973.231075,1,1,0,1,1,1,1,0,0
2982.189231,1,0,1,1,0,0,1,1,1
2983.856731,0,1,1,1,0,0,1,1,1
2984.012110,0,1,0,1,1,1,1,0,1
2992.643425,1,0,0,0,0,1,1,1,0
3000.242232,1,0,1,0,1,0,0,0,1
3004.206907,0,0,1,0,1,0,1,0,0
3011.376233,1,0,0,0,1,1,1,1,0
3020.830833,0,1,0,1,0,0,0,1,0
3030.638545,0,0,0,1,1,0,0,1,1
3033.525435,1,0,0,0,0,1,1,1,1
3035.158008,1,1,1,0,0,1,0,0,0
3044.216187,1,1,1,1,0,0,1,0,1
3044.217187,0,0,0,0,1,1,1,0,0
3047.174528,1,1,1,1,1,1,1,1,0
3047.767018,0,0,0,1,1,1,0,0,1
3051.901751,1,0,1,0,1,0,0,0,0
3058.979287,0,0,1,1,1,1,0,0,1
3066.653455,0,0,0,1,0,0,0,1,1
3067.492817,1,1,1,0,0,1,0,1,0
3072.625579,0,1,1,1,0,1,1,1,1
3080.078063,0,0,0,1,0,1,1,1,1
3084.210037,1,0,0,0,1,0,0,1,0
3088.088200,1,0,0,0,1,0,0,0,1
3088.812532,0,0,0,0,1,0,1,0,1
3090.259171,1,0,0,0,0,1,1,0,1
3095.480066,0,0,1,0,0,0,0,1,0
3103.404802,1,0,0,0,0,1,0,0,1
3104.547127,0,1,1,1,0,1,1,1,1
3114.093915,0,1,0,1,0,1,1,0,1
3123.540420,1,1,0,1,0,1,1,0,0
3123.793978,1,0,0,1,1,1,1,0,0
3130.348289,1,1,1,0,0,0,0,0,1
3139.358289,1,1,1,1,0,0,0,0,1
3140.115516,1,1,0,1,0,0,1,1,0
3144.338316,0,1,1,1,1,0,1,1,1
3144.927492,1,1,1,0,1,1,0,1,1
3146.274114,1,1,1,0,0,1,1,0,0
3153.780790,1,1,1,1,0,0,0,0,1
3161.338638,0,0,1,0,1,0,0,1,1
3164.659144,0,1,0,1,1,0,0,1,0
3168.925451,0,1,1,1,1,0,0,1,1
3173.493896,0,0,0,1,1,0,0,0,1
3177.304039,0,0,0,1,0,0,0,0,0
3180.250199,0,1,0,1,1,0,1,1,0
3187.704999,1,0,1,1,0,0,1,1,0
3192.231862,0,0,0,0,1,1,1,1,0
3196.531157,0,0,0,1,1,0,0,1,1
3199.122807,1,0,0,0,1,0,1,0,1
3199.123807,1,1,1,0,1,1,0,0,0
3206.958781,1,0,1,1,0,0,1,1,0
3211.201002,0,0,1,1,0,1,0,1,1
3214.306018,1,1,1,0,1,0,1,0,1
3221.653222,0,0,1,1,1,0,0,1,0
3222.589222,1,0,0,1,1,0,1,0,0
3226.824032,0,1,0,1,1,0,0,1,1
3230.632481,0,0,0,1,0,1,0,1,0
3233.724081,1,0,1,1,1,0,0,0,0
3237.519685,1,0,0,1,0,1,1,1,1
3247.152749,0,0,0,1,1,1,1,1,1
3253.819749,1,1,1,0,0,1,1,1,0
3260.866268,1,1,0,0,0,0,0,0,0
3264.751591,1,0,0,0,1,0,1,1,1
3271.181236,0,1,1,0,0,0,1,0,1
3273.784206,0,0,0,1,1,1,1,0,0
3277.245534,0,1,1,1,1,0,1,1,1
3278.579734,0,1,1,0,0,1,1,0,0
3284.080184,1,0,1,1,1,0,0,0,1
3287.804465,0,0,0,1,0,1,1,0,1
3295.038470,1,1,0,1,1,1,1,0,1
3296.694933,1,1,0,1,1,0,0,0,1
3303.845218,1,0,1,1,0,0,0,0,0
3313.600488,1,1,0,0,1,1,0,1,1
3316.101238,0,0,1,0,0,0,0,1,0
3322.322088,0,0,1,0,0,0,0,0,1
3323.713607,0,1,0,0,0,0,0,0,0
3326.863815,0,0,0,0,1,1,1,1,0
3328.894915,0,0,1,1,0,0,1,0,0
3334.785737,1,0,1,0,1,0,1,0,0
3340.536162,1,0,0,1,1,0,1,0,1
3343.764298,0,0,1,1,0,1,0,1,1
3351.147737,1,0,0,0,0,0,0,1,0
3357.306479,1,0,1,1,0,0,0,0,0
3360.197099,0,1,0,0,1,0,0,1,1
3362.977743,0,0,0,0,1,0,1,1,0
3369.040637,0,1,1,0,0,0,0,0,1
3370.859637,1,1,0,0,0,0,1,1,1
3375.943002,1,0,0,0,0,1,1,1,0
3376.316305,1,1,0,0,0,1,1,0,1
3384.213511,0,1,0,0,0,1,1,1,1
3385.986821,1,1,0,1,0,1,1,0,0
3389.015687,0,1,0,1,1,0,0,0,1
3391.840832,0,0,0,1,1,0,1,1,1
3400.780332,0,1,1,1,0,0,0,0,0
3401.342936,0,1,1,1,1,1,1,1,1
3401.461177,1,0,1,1,0,1,1,0,1
3403.251616,1,1,1,0,0,0,1,1,0
3411.285285,1,0,0,1,0,0,1,0,1
3418.138977,1,1,1,1,0,0,0,0,0
3422.398811,0,0,1,0,0,0,1,0,1
3424.171785,1,0,1,0,0,0,0,0,1
3431.909442,1,0,1,0,1,0,0,0,0
3434.794769,0,1,1,0,1,1,0,1,0
3440.481475,0,0,1,0,0,1,0,1,0
3449.235542,0,0,0,1,0,1,0,0,1
3450.777943,0,1,0,0,1,0,1,0,0
3453.690200,1,1,0,1,0,0,1,1,0
3458.654029,0,0,0,1,1,0,1,0,1
3458.933185,0,1,1,1,0,1,1,1,0
3467.647283,1,1,0,1,0,0,0,0,1
3477.171140,1,0,0,1,1,1,1,1,1
3482.643943,0,0,1,1,1,1,0,1,1
3490.425025,1,1,0,0,1,0,1,1,1
3496.780626,0,0,1,0,1,0,0,0,0
3504.209454,1,0,0,1,1,1,1,1,0
3509.097606,0,0,1,1,0,0,1,1,0
3519.002679,1,1,0,1,1,1,0,1,1
3527.684003,0,1,0,1,0,1,1,0,1
3528.226318,1,1,1,1,1,1,1,1,0
3528.531520,0,1,1,0,0,0,1,0,1
3531.690099,1,0,0,0,1,0,0,1,1
3535.134863,0,0,1,1,0,0,0,0,0
3543.614278,0,1,1,1,0,1,1,0,1
3548.787175,1,0,0,1,1,1,1,0,1
3556.211504,1,1,0,1,0,1,0,0,0
3560.821418,1,0,1,0,1,1,0,0,0
3565.979653,1,1,0,1,1,0,1,0,1
3575.715890,0,0,0,0,0,1,1,0,1
3578.529109,0,1,1,1,0,1,1,0,0
3580.628221,0,0,1,1,1,1,0,0,0
3587.757221,1,1,0,0,0,1,0,0,0
3588.766523,0,0,0,1,1,0,0,1,0
3590.839388,0,1,1,0,0,1,0,1,1
3593.781270,1,1,1,1,1,0,0,0,0
3601.534304,1,1,0,0,1,0,1,1,0
3604.565304,0,0,1,0,0,0,1,0,1
3607.877231,0,1,1,1,0,1,0,1,1
3612.634818,1,0,0,0,0,0,0,0,0
3617.553952,1,0,0,0,1,1,0,0,1
3618.133841,0,0,0,0,0,0,0,1,0
3624.589701,1,1,1,1,0,0,1,1,0
3626.717185,0,0,0,0,0,1,1,1,0
3631.831076,0,1,0,0,1,1,0,0,0
3639.481687,0,0,1,0,0,0,1,1,1
3643.525998,0,0,0,1,0,1,1,1,1
3644.378419,1,0,1,1,1,0,0,1,1
3647.213781,1,0,0,1,1,1,1,1,0
3654.591565,1,0,0,1,1,1,1,0,1
3658.035929,0,0,0,1,0,1,0,1,0
3658.036929,1,1,0,0,0,1,1,0,0
3668.019479,1,0,0,1,0,1,0,0,0
3669.723165,0,0,0,0,1,0,1,1,0
3675.116296,0,0,1,0,1,0,0,1,0
3675.117296,1,1,1,0,1,1,1,0,1
3678.082824,0,0,0,0,1,1,0,0,1
3682.904770,0,1,0,0,0,0,0,0,0
3688.550367,0,1,0,1,1,0,0,0,0
3692.405889,0,1,1,0,0,0,0,1,0
3695.963802,1,0,0,0,0,1,1,1,1
3696.805198,1,1,1,0,0,1,0,1,1
3704.325288,1,1,1,1,1,1,0,1,1
3705.065690,1,1,1,0,1,0,1,0,0
3710.160521,1,1,0,0,1,1,1,0,0
3715.911523,0,1,1,0,0,0,1,0,0
3720.019255,0,0,0,0,1,0,0,0,1
3724.822406,1,1,1,1,0,1,1,1,0
3729.170798,1,1,1,1,0,1,0,1,0
3732.608954,0,0,1,0,0,0,1,1,0
3735.374951,1,0,1,1,0,0,0,0,1
3742.786169,0,0,0,1,1,1,0,1,1
3743.486399,0,1,0,1,0,0,0,0,1
3751.445787,0,1,0,0,1,0,1,1,0
3754.027174,1,0,0,0,1,1,1,0,0
3757.469812,0,0,1,1,0,0,1,0,0
3762.470312,1,1,1,0,0,0,0,0,1
3766.107312,1,0,0,1,0,1,1,0,1
3768.429508,0,0,0,1,0,1,0,1,0
3769.245242,1,1,0,1,0,0,0,0,1
3772.301492,0,0,0,0,0,0,0,0,1
3779.064217,0,1,0,0,0,1,1,0,0
3782.710686,1,1,0,0,0,0,1,0,0
3783.113656,1,0,0,0,0,1,1,0,0
3790.929259,0,0,0,1,0,1,1,0,1
3791.282224,1,0,0,0,1,1,1,1,0
3792.625371,0,0,1,0,0,1,1,0,0
3801.439560,1,0,0,0,1,0,1,1,0
3805.037516,0,0,0,0,1,0,1,1,0
3812.509609,0,1,0,0,1,0,0,1,0
3816.303333,0,1,1,1,1,0,0,0,0
3822.229666,1,0,1,0,1,1,0,1,1
3830.979791,1,1,1,1,1,0,1,1,0
3833.209484,1,0,0,0,1,0,1,1,1
3840.409764,0,0,0,1,0,0,1,1,1
3840.818886,1,1,1,1,1,1,0,0,0
3849.569011,1,0,0,1,0,1,0,0,0
3850.074163,0,1,1,0,1,0,0,0,0
3851.741663,1,1,1,0,0,1,0,1,1
3851.834608,1,0,1,1,1,0,0,0,0
3854.084826,1,0,1,1,1,1,0,0,1
3859.402754,1,1,1,0,1,0,1,0,1
3868.372217,0,1,1,0,1,0,1,1,1
3875.721150,1,0,1,0,0,1,0,0,0
3880.638671,0,0,1,0,1,0,1,0,1
3888.725116,0,1,1,1,0,1,0,1,1
3889.654167,1,1,0,0,0,1,0,0,1
3894.253472,0,1,0,0,0,1,1,1,0
3896.966845,1,0,1,0,0,0,1,0,1
3901.944091,1,1,1,0,0,1,0,1,1
3903.085530,0,0,0,1,1,1,0,1,0
3911.290089,1,0,0,1,1,1,1,0,0
3912.549241,1,1,1,0,0,1,1,0,1
3916.514131,0,0,1,1,0,0,1,0,1
3925.232208,1,0,1,0,0,0,0,0,0
3933.273641,0,1,0,0,0,1,1,1,1
3934.976598,0,0,0,0,0,1,0,0,0
3935.298795,1,0,1,0,0,1,0,1,0
3943.168230,0,1,0,0,1,0,1,1,0
3943.603969,1,0,1,0,1,1,0,0,0
3945.725969,1,1,1,0,0,1,0,1,1
3955.683779,1,1,0,1,1,1,0,0,1
3960.781044,0,1,0,1,0,1,0,0,0
3968.972439,0,1,1,1,0,1,1,0,1
3971.333718,1,1,0,1,1,0,1,1,1
3971.476548,0,1,0,0,0,0,1,0,1
3974.726168,0,1,0,0,1,0,1,1,0
3979.856767,0,0,0,1,0,1,0,0,1
3980.186952,0,0,1,0,0,1,0,1,0
3982.641157,1,1,1,1,0,1,1,1,1
3990.434170,0,1,0,0,0,0,0,0,1
3990.701101,1,1,0,1,1,1,1,1,0
3993.036960,0,1,0,0,1,1,0,1,0
3993.931956,0,0,0,1,1,0,0,1,0
4003.319500,0,1,0,0,0,0,0,0,0
4008.709370,1,0,1,0,1,0,1,1,1
4017.376170,0,0,1,0,0,1,1,0,0
4020.253887,1,1,0,1,0,1,0,0,0
4020.690679,1,0,0,0,0,0,0,0,1
4027.078475,0,0,1,1,1,0,1,1,1
4035.518347,0,1,1,0,1,0,0,0,0
4042.708245,0,0,1,0,1,0,0,0,1
4045.866823,0,1,1,1,1,0,0,1,0
4046.063882,0,0,1,1,1,1,0,1,1
4046.834036,0,0,0,1,1,1,1,1,1
4050.168036,0,1,1,0,1,0,1,0,1
4059.873948,1,1,0,0,0,1,0,0,1
4064.078140,1,0,1,1,0,1,0,0,0
4070.339537,0,0,1,1,0,0,1,0,1
4070.986042,1,1,1,0,0,1,0,1,0
4080.002534,1,0,0,0,0,1,1,1,0
4081.780006,1,0,0,1,1,0,1,0,1
4089.168211,1,0,1,1,0,1,1,1,1
4096.334819,0,0,1,1,1,0,1,1,0
4097.052258,1,1,0,0,1,1,1,1,0
4106.108957,0,0,0,0,1,0,0,1,1
4114.473826,1,0,1,0,1,0,0,0,1
4123.069792,0,1,1,1,0,0,0,0,1
4124.101329,1,1,1,1,0,0,0,0,0
4131.847874,1,0,1,0,0,1,1,1,0
4134.916483,1,0,1,1,1,1,0,0,0
4136.709284,0,0,0,1,0,1,1,1,1
4139.492158,1,1,0,1,1,0,0,0,1
4148.239242,0,0,1,0,0,1,0,1,0
4148.989352,1,0,1,0,0,1,0,1,0
4156.606778,0,0,1,1,0,1,1,0,1
4161.007338,0,0,0,0,1,1,0,0,1
4161.514444,0,0,1,0,1,0,0,1,0
4164.205757,1,0,1,0,1,0,1,1,1
4173.503125,0,0,0,1,0,1,1,1,0
4176.461252,1,0,0,0,1,1,1,1,0
4178.055013,1,0,1,1,0,0,1,0,1
4182.757737,1,0,0,1,0,1,0,0,1
4189.900880,1,0,1,1,0,0,0,0,0
4190.270695,1,1,0,0,0,0,1,0,1
4195.839584,1,0,0,1,1,0,1,0,1
4197.722234,1,1,1,1,1,0,1,1,0
4203.191437,1,0,1,0,1,1,1,1,0
4207.219812,1,0,1,0,0,1,1,1,0
4215.020862,1,0,0,1,1,0,1,0,0
4222.993573,1,1,0,0,1,0,0,1,0
4229.032221,1,0,1,0,0,0,1,0,0
4232.208678,0,0,0,1,0,1,0,0,0
4233.746410,0,0,1,0,1,1,0,0,1
4240.319333,1,0,0,0,0,0,1,0,0
4244.283612,0,0,0,0,0,0,1,1,1
4249.419234,1,0,1,1,1,0,0,0,0
4251.214926,0,0,0,1,1,1,1,0,1
4252.952913,0,0,0,0,1,0,1,1,0
4260.973676,0,0,1,1,0,0,0,1,1
4268.718263,1,0,0,0,1,0,0,0,0
4268.719263,1,0,1,1,0,1,1,1,0
4272.932878,1,0,0,0,1,0,0,0,1
4273.953910,0,1,0,1,0,1,1,1,0
4280.639324,1,1,0,0,0,1,1,1,1
4288.134267,1,1,0,0,0,0,1,0,0
4292.507124,1,0,0,1,1,1,1,0,1
4296.040380,1,1,1,0,1,1,1,0,0
4296.902489,1,0,1,1,1,0,0,0,1
4300.241030,1,0,1,0,0,0,1,1,1
4307.105750,0,1,0,0,0,1,1,0,1
4314.038572,1,0,1,0,0,0,1,0,0
4322.698837,1,1,0,1,1,0,1,1,0
4330.188628,1,1,0,1,1,0,1,1,0
4331.990573,0,0,1,0,0,0,0,1,0
4337.100552,1,1,1,0,1,1,0,1,0
4338.207636,0,0,1,1,0,0,0,1,0
4342.909020,1,0,1,0,0,0,1,0,0
4351.795142,0,0,0,0,0,1,1,1,0
4355.449261,0,0,1,1,1,1,1,0,0
4365.377014,1,0,1,0,0,0,0,0,0
4370.349583,0,0,0,0,1,1,0,1,1
4372.862946,0,1,0,0,0,0,1,0,0
4379.541360,1,0,1,1,0,1,1,0,1
4382.063205,0,0,0,1,1,1,0,0,1
4388.844065,1,1,0,0,0,0,0,0,0
4395.730920,1,1,0,0,0,1,0,0,0
4405.176852,0,1,0,1,1,1,0,0,0
4405.374876,0,0,1,0,0,1,1,0,1
4406.804305,0,0,0,0,0,1,1,0,1
4409.246375,0,1,1,0,1,0,0,1,0
4416.781506,0,0,0,1,0,1,0,1,1
4419.973676,1,1,1,1,0,0,0,0,1
4424.166753,1,0,1,0,1,0,0,0,1
4433.361394,0,0,0,0,0,1,0,0,0
4436.621327,1,1,1,1,0,0,1,1,1
4436.679075,0,1,1,1,0,1,0,0,1
4443.281565,0,0,0,0,1,1,1,0,0
4444.665406,0,1,1,0,1,1,0,0,1
4445.076459,1,1,1,0,0,0,0,1,0
4445.809094,1,0,1,1,1,0,1,0,1
4452.994876,0,0,0,1,0,0,0,0,0
4457.498737,0,0,1,0,1,1,1,0,1
4460.666841,1,0,0,0,1,1,1,1,1
4461.702220,1,0,1,0,0,0,0,1,0
4462.658539,0,0,1,0,1,1,1,0,1
4470.803886,1,1,1,0,0,0,0,1,0
4475.228235,1,0,1,1,0,1,1,0,0
4482.051470,1,1,0,1,1,0,1,0,1
4490.925754,0,0,1,0,1,1,0,1,0
4496.066326,0,0,1,0,1,0,0,0,0
4499.881378,0,1,1,1,1,1,1,0,1
4500.862236,1,1,1,0,1,0,0,1,0
4508.769422,0,0,1,0,0,0,0,1,1
4514.559316,0,0,1,1,0,0,0,1,0
4520.591459,0,0,0,0,1,1,0,1,1
4524.732432,1,1,1,1,1,0,1,0,1
4532.376172,0,1,0,1,1,0,1,0,0
4532.653307,1,0,1,1,1,1,0,1,0
4541.582446,0,0,0,1,1,1,1,1,0
4541.861196,1,0,0,1,0,0,1,0,1
4545.292510,0,0,0,1,1,1,0,0,1
4547.489484,0,1,0,0,0,0,0,0,1
4556.810084,1,0,1,0,1,0,0,1,0
4558.479556,0,0,0,0,0,1,1,0,1
4565.146556,0,1,1,0,0,0,0,1,1
4567.600948,1,1,0,0,0,0,1,0,1
4569.246029,1,1,0,1,1,1,1,1,1
4572.561429,1,1,0,0,0,1,0,1,0
4576.555204,0,1,1,0,1,1,0,0,0
4579.663663,0,1,0,1,1,1,1,0,1
4587.424798,1,1,0,0,0,1,0,0,1
4596.074722,1,0,1,1,1,1,1,1,0
4601.892750,1,0,1,1,1,0,1,1,0
4604.246456,0,1,0,1,1,1,0,1,1
4609.728389,0,0,0,0,0,0,1,1,1
4617.658596,0,0,1,0,0,1,0,1,0
4620.453434,0,1,0,0,0,0,0,0,0
4621.529327,0,0,1,0,1,0,1,0,0
4625.597084,1,0,0,0,1,0,0,1,1
4628.165395,1,1,0,0,1,1,0,0,0
4635.930662,1,1,1,1,1,1,1,0,1
4643.384332,1,1,1,1,1,0,1,0,1
4643.639976,0,0,1,1,0,1,1,0,1
4646.409134,1,1,0,1,0,1,0,1,0
4651.073699,0,1,0,1,1,1,0,0,1
4652.342178,0,1,1,1,0,1,0,0,1
4655.889441,0,0,0,1,0,0,1,0,0
4656.522789,0,0,0,0,1,1,0,1,0
4664.258164,0,1,1,0,1,1,0,0,0
4673.103164,0,1,1,1,1,0,0,1,0
4681.674735,1,1,1,1,0,1,0,1,0
4690.985149,0,0,1,0,1,1,1,1,0
4694.812582,1,0,1,0,0,0,0,1,0
4697.191834,0,1,0,0,0,1,1,0,0
4706.752318,0,0,1,1,0,1,1,0,0
4711.152020,0,0,0,0,1,0,0,0,1
4716.236123,1,0,1,0,0,1,1,0,0
4725.587653,0,1,1,1,0,0,0,0,0
4733.000192,0,0,1,1,1,1,1,1,1
4740.547966,1,1,1,0,1,0,1,1,1
4748.258633,0,0,1,1,0,0,0,0,0
4753.512838,1,1,0,0,1,1,0,1,1
4761.292232,0,0,0,1,1,0,0,1,1
4765.535232,0,1,1,0,1,1,1,0,1
4768.236692,0,0,0,0,0,1,1,1,0
4777.088077,1,1,0,1,1,0,1,1,1
4786.331850,1,1,0,0,1,0,0,0,1
4789.221124,0,0,0,1,0,0,0,1,1
4798.562588,0,0,0,0,1,1,0,1,0
4808.229288,1,0,0,0,0,0,1,1,1
4817.569779,1,1,1,1,1,0,0,1,1
4819.897591,1,1,1,1,0,0,1,0,0
4823.366712,0,0,1,0,0,0,0,1,1
4829.173583,1,1,1,0,1,1,1,0,0
4837.399567,1,1,1,0,1,1,1,0,1
4842.905336,0,0,0,1,1,0,0,1,0
4852.672078,0,0,1,0,1,0,0,0,0
4852.999576,0,0,1,0,1,1,1,1,0
4862.516865,0,1,0,1,0,1,1,0,0
4871.790681,0,0,0,1,0,0,0,0,0
4881.567579,1,1,1,1,1,1,0,0,0
4889.855311,1,1,0,0,0,0,0,0,1
4889.937604,1,1,0,0,1,1,1,0,0
4891.527849,0,1,1,1,1,1,1,1,0
4899.503404,0,0,0,0,1,0,0,1,0
4900.122679,1,0,1,1,1,0,1,1,1
4906.016361,0,1,0,1,0,1,0,0,0
4912.931270,1,1,1,1,0,0,1,1,1
4920.690115,0,0,0,1,1,1,0,0,1
4925.891487,1,1,1,0,1,1,1,1,0
4934.920711,1,1,1,1,1,0,0,0,1
4939.698561,0,0,0,1,0,1,1,0,0
4947.133028,0,0,1,0,0,0,0,1,0
4949.735809,1,0,1,1,0,1,0,0,1
4951.636060,0,0,1,0,0,1,0,0,1
4954.626452,0,0,0,1,1,1,1,1,1
4963.272875,1,1,1,0,0,1,1,1,0
4972.744875,1,0,1,1,0,1,1,0,1
4976.478835,1,1,1,0,0,1,0,0,1
4978.160827,1,0,1,0,0,0,0,1,0
4983.374420,1,1,0,0,0,1,1,0,0
4986.849099,0,1,1,1,0,0,0,0,1
4990.093018,0,0,0,1,1,0,1,0,1
4997.980767,0,0,0,0,1,0,0,0,0
5005.057820,1,0,1,1,0,1,0,0,1
5005.574233,0,0,1,1,1,0,1,0,1
5014.003813,1,1,1,1,0,0,0,0,1
5018.482893,0,0,1,0,0,1,1,1,1
5020.545543,1,0,1,1,0,1,0,0,1
5024.725010,1,1,0,1,0,0,1,0,1
5026.014863,1,1,0,1,1,0,0,1,1
5035.825607,1,1,0,0,0,0,1,1,0
5042.418346,0,0,0,1,1,1,1,0,0
5044.485255,0,0,0,0,0,1,0,1,0
5046.353539,0,0,1,1,0,1,1,1,0
5046.778337,1,0,0,0,0,0,0,0,1
5053.811027,1,0,0,0,1,0,0,1,0
5057.003197,1,0,0,1,1,1,1,0,0
5066.565285,0,1,1,0,0,1,1,0,1
5071.010285,1,1,0,0,1,1,1,1,0
5076.396652,1,0,1,1,0,1,0,0,0
5085.050633,0,1,1,1,1,0,0,1,0
5092.550883,0,0,0,1,0,0,1,1,1
5097.621469,0,0,0,1,1,0,0,0,1
5106.827898,0,1,0,1,0,0,1,1,1
5107.978680,0,0,0,0,0,1,0,0,0
5111.109912,0,0,1,0,1,0,1,1,1
5112.941715,0,0,1,0,1,0,0,1,0
5119.004432,0,1,0,0,0,1,1,0,0
5128.087092,1,1,0,0,1,0,0,0,1
5128.270630,0,1,1,0,1,1,1,0,0
5136.391507,0,0,1,1,0,0,1,1,1
5140.908185,1,0,0,0,1,1,1,0,0
5147.344352,0,1,1,1,0,1,1,1,0
5153.995054,0,1,1,1,0,0,1,1,0
5154.512131,1,1,0,0,1,0,0,1,1
5162.933342,1,0,1,1,0,1,0,1,0
5171.138010,1,0,1,1,1,0,1,1,0
5180.806552,0,1,0,1,1,1,1,1,1
5183.092438,1,0,0,1,0,1,1,0,0
5192.689253,1,1,0,0,0,0,0,0,0
5196.148811,0,1,1,0,1,0,0,0,0
5202.290581,0,1,0,1,0,1,0,1,1
5206.667672,1,1,0,0,0,0,1,1,1
5211.944335,1,0,0,1,0,1,1,1,1
5218.019727,1,0,1,0,1,1,1,1,1
5224.515254,1,1,0,1,0,0,0,1,1
5233.002636,1,0,1,1,0,0,1,0,1
5239.441348,1,1,1,1,0,0,1,0,0
5244.394683,1,1,1,0,0,0,1,0,0
5251.418236,1,1,1,1,1,1,1,0,0
5252.133451,0,0,1,0,0,0,0,0,0
5261.659564,0,0,1,1,0,1,0,1,1
5270.013240,1,1,0,0,1,0,0,0,0
5270.172954,0,0,1,1,1,1,0,1,0
5272.730950,0,0,0,1,1,0,1,0,1
5276.216450,1,0,0,0,0,0,0,1,0
5280.191736,1,0,1,1,0,1,0,0,0
5287.457927,0,1,0,0,0,1,0,0,0
5296.775643,0,0,0,1,1,0,1,1,0
5303.834760,0,0,0,0,1,0,1,0,1
5313.611206,0,0,1,1,0,0,1,1,0
5319.991936,1,0,1,1,0,1,1,0,1
5324.273899,1,0,0,0,0,0,1,1,1
5324.300604,1,0,1,1,0,0,0,0,0
5330.305846,1,0,1,1,1,0,1,1,1
5332.461803,1,1,0,1,0,1,1,0,1
5336.490178,1,0,1,0,1,1,1,1,1
5340.471479,0,1,0,1,1,1,0,0,0
5341.476622,1,0,1,0,1,1,0,0,1
5346.874279,1,0,1,1,1,0,1,1,1
5356.267945,1,1,1,0,1,1,1,0,1
5365.681684,1,1,0,0,1,1,1,0,1
5369.220792,0,1,0,0,0,0,1,0,1
5378.342831,0,0,0,0,1,0,0,0,1
5385.269064,0,1,1,1,0,0,0,1,1
5389.642176,1,1,1,0,1,0,0,0,1
5399.383937,0,1,0,0,0,0,0,1,1
5405.675109,0,1,1,1,0,1,0,1,1
5410.822908,1,0,0,1,1,1,1,0,1
5419.463044,0,0,1,1,0,1,0,0,1
5426.743651,1,1,0,1,0,0,1,0,1
5433.044021,0,1,1,0,1,1,1,0,1
5436.169708,1,1,0,0,0,0,1,0,1
5439.923360,0,1,0,1,1,0,0,0,1
5448.673485,0,0,1,1,0,0,0,1,1
5456.835433,0,0,0,1,0,0,0,0,1
5456.898539,0,0,0,1,1,1,0,0,1
5461.714921,0,1,1,0,0,0,0,1,1
5463.043914,1,0,0,1,0,1,1,1,0
5467.924538,0,0,1,1,1,0,1,1,1
5471.738288,1,0,0,1,1,1,1,1,0
5473.274784,0,0,1,1,1,1,1,1,0
5475.349984,0,1,1,0,0,1,0,0,1
5478.439681,1,1,1,0,0,0,0,0,1
5484.116442,0,1,0,1,1,0,1,1,0
5487.830476,0,0,0,1,0,1,0,1,1
5496.127589,0,0,0,1,0,0,1,0,0
5502.348746,1,0,1,0,1,0,1,1,1
5502.973125,1,0,0,1,1,1,0,0,0
5507.201644,0,0,0,0,1,1,1,1,0
5507.738304,1,1,0,1,1,0,1,0,1
5515.661424,1,1,1,0,1,1,0,0,1
5518.434874,0,1,1,0,1,0,0,1,1
5525.002382,1,1,1,0,0,0,0,1,1
5526.092382,0,0,1,1,0,0,1,1,1
5527.381596,0,0,1,1,1,0,1,1,1
5533.102363,1,1,0,1,1,0,0,0,0
5542.431877,0,1,1,0,0,0,1,0,0
5548.872023,0,1,0,0,0,1,1,1,0
5549.607644,0,1,1,1,1,1,0,1,1
5555.622028,0,0,1,0,0,0,0,0,1
5557.344468,1,0,0,0,0,0,1,1,1
5563.642548,1,1,0,1,0,1,1,0,1
5569.194174,1,0,0,0,1,0,1,0,0
5577.721233,1,1,1,0,1,1,0,1,1
5579.334975,0,0,0,0,0,0,1,0,1
5588.608496,0,1,1,0,0,1,0,0,0
5589.193270,0,1,1,1,1,0,0,0,1
5593.412806,1,0,0,1,1,1,1,0,0
5594.366092,1,1,0,0,1,0,0,0,0
5600.254481,0,0,1,1,0,0,1,1,1
5603.314616,1,1,0,1,0,1,0,1,0
5606.992668,1,1,1,1,0,0,1,1,0
5608.167793,1,1,0,1,0,1,0,0,0
5611.006193,0,0,1,0,0,1,1,0,0
5619.293585,0,0,1,1,0,1,0,0,1
5628.138966,0,0,1,0,1,1,0,0,1
5631.388738,0,1,0,1,1,1,0,1,0
5639.181167,0,1,1,1,1,1,1,0,0
5645.264682,1,1,0,0,0,1,1,0,1
5653.864113,0,1,0,1,0,0,1,0,0
5659.200188,1,0,0,0,0,1,0,0,0
5660.226726,0,1,1,0,1,0,1,1,0
5664.209629,1,0,1,0,1,0,1,1,1
5668.783815,0,0,1,0,1,0,1,0,0
5677.108983,1,0,1,0,0,1,0,1,1
5677.109983,0,0,1,0,1,1,1,0,0
5686.044515,1,0,0,1,1,0,0,0,1
5692.680220,1,1,1,1,0,0,0,1,1
5701.350077,1,1,0,0,0,0,1,1,1
5704.449627,0,0,1,1,1,1,1,1,0
5707.543101,0,1,0,0,0,1,0,0,0
5712.740432,1,0,1,0,1,0,1,0,0
5715.364825,0,0,1,0,1,0,0,0,1
5716.854589,1,0,1,0,1,0,1,0,0
5721.855089,0,1,0,0,1,1,0,0,0
5723.785308,1,0,1,1,0,1,1,1,0
5728.838573,0,0,1,1,0,1,0,0,0
5736.057952,1,1,1,1,1,1,1,0,1
5743.872267,1,1,1,1,1,1,1,1,0
5748.090952,0,0,1,0,0,0,0,0,1
5754.769193,1,0,1,1,1,0,0,0,1
5763.636620,1,1,1,1,1,0,1,1,0
5764.748620,1,1,0,0,1,1,1,0,0
5764.749620,0,0,0,0,1,1,0,1,0
5772.719835,0,1,0,1,0,0,0,1,1
5779.533086,1,1,0,0,0,0,0,1,1
5782.278910,1,1,1,0,0,1,1,0,1
5789.072818,1,1,0,1,0,1,0,1,1
5797.121175,0,0,0,1,0,1,0,0,1
5805.664034,1,1,1,0,1,1,1,0,1
5810.020227,1,1,1,0,1,0,0,0,0
5813.289717,1,0,0,1,1,1,1,0,1
5814.513999,1,1,0,1,0,0,1,0,0
5816.871906,0,0,0,1,1,1,0,1,0
5817.603522,0,1,1,0,0,0,1,1,0
5822.819054,0,0,1,0,1,1,1,1,1
5826.433138,0,0,0,0,0,0,1,0,0
5835.410513,0,0,0,0,0,1,1,1,1
5841.581109,1,0,0,0,0,1,0,1,0
5842.380151,1,0,0,0,1,1,0,1,1
5850.356893,1,0,1,0,1,1,0,0,0
5851.357793,1,1,0,0,1,0,1,0,1
5851.411698,1,0,1,0,0,0,0,1,1
5856.912148,0,0,0,1,0,0,0,0,0
5865.561377,0,1,0,0,0,1,1,1,0
5869.752673,0,0,0,1,1,1,1,0,0
5873.336648,0,0,0,1,0,1,0,0,1
5879.753192,1,1,1,1,1,0,0,0,1
5885.200333,1,1,1,1,1,0,0,0,1
5891.043445,1,1,0,0,1,0,0,1,0
5899.505138,0,1,1,1,1,1,0,0,1
5901.370358,0,0,1,1,0,0,1,0,0
5902.697136,1,1,1,0,1,1,1,1,1
5906.828426,1,1,1,0,0,0,0,0,1
5912.696784,0,0,1,1,0,1,0,1,0
5915.001218,0,1,0,0,1,1,1,1,1
5915.153718,1,1,1,1,0,1,0,0,0
5920.512438,0,1,1,0,1,0,1,1,0
5924.077438,0,1,0,1,1,0,0,0,1
5926.978911,1,1,1,0,0,1,0,0,0
5930.683245,1,0,0,0,0,0,0,0,0
5937.305204,0,0,1,0,1,0,1,1,1
5937.427299,0,0,0,1,0,0,0,1,1
5941.360490,0,0,1,1,1,1,0,1,0
5947.225101,1,0,0,0,0,1,0,0,1
5948.234940,0,1,0,0,1,0,1,1,1
5954.986678,0,0,0,0,0,1,0,1,1
5958.746167,1,1,0,1,0,0,1,1,0
5965.954455,1,0,1,0,1,1,0,0,0
5967.803239,1,0,1,1,0,1,0,0,1
5970.581739,0,0,1,0,0,1,1,1,0
5972.367176,0,1,1,1,1,0,0,1,1
5977.571856,1,0,1,1,0,1,1,0,0
5985.855290,1,0,0,0,0,1,1,0,0
5990.704290,1,0,0,0,0,0,1,0,0
5996.636069,1,1,1,0,1,0,0,0,0
6004.708551,0,1,0,0,1,1,1,1,0
6013.792244,1,1,0,1,0,0,0,0,0
6022.809332,1,0,1,0,0,1,1,0,1
6032.392707,0,1,1,0,1,1,1,1,0
6041.176613,1,0,0,1,0,0,0,0,0
6049.650286,1,0,0,1,1,1,1,0,0
6053.615977,1,1,0,0,1,1,1,1,0
6061.739241,1,0,1,1,0,1,1,1,0
6064.006964,0,1,0,1,0,1,0,1,0
6067.377310,1,0,1,0,0,0,1,0,0
6075.780248,0,1,0,1,1,0,0,1,1
6078.660960,0,0,1,0,0,0,1,0,1
6081.349863,1,1,0,0,0,0,1,0,0
6086.470833,1,1,0,1,1,0,1,1,1
6091.770759,1,0,1,1,1,1,0,0,0
6099.467782,0,1,0,1,0,1,0,0,0
6104.346343,1,1,0,0,1,1,0,1,0
6111.090854,1,0,0,1,1,1,1,1,1
6114.854919,0,1,1,1,0,0,0,0,0
6118.760487,0,0,0,0,1,0,1,0,0
6119.255555,0,0,1,0,1,1,0,0,0
6126.921637,0,1,1,1,0,1,1,1,1
6132.267118,0,0,1,0,0,1,0,1,0
6138.450795,1,0,0,0,0,1,1,0,1
6142.258061,1,0,0,0,1,0,0,1,0
6150.615482,0,0,1,0,0,1,0,0,0
6156.951570,1,1,0,1,1,1,1,1,1
6163.415802,1,0,1,0,1,1,0,0,0
6172.943656,1,1,1,1,0,1,1,0,1
6182.926766,0,0,0,0,0,1,1,0,1
6185.991641,0,1,0,1,0,1,0,0,0
6186.364628,1,1,0,0,1,0,1,0,1
6193.481481,1,0,1,0,0,1,0,1,0
6197.836884,1,0,1,1,1,0,1,1,0
6201.392031,1,1,0,0,0,0,0,0,0
6203.549980,0,0,1,1,1,0,1,1,1
6209.670026,1,0,1,0,1,1,0,1,0
6217.879461,0,1,0,0,1,0,0,0,1
6224.077446,0,0,0,1,1,0,0,1,0
6233.977829,0,0,1,1,0,0,0,0,0
6235.995434,0,0,0,0,1,1,1,0,0
6242.809912,0,0,0,0,1,0,0,0,0
6247.413627,1,1,0,1,0,1,1,0,1
6253.666527,0,0,1,1,0,1,0,0,1
6253.741049,1,0,0,1,1,1,0,0,1
6257.451751,1,1,0,0,1,1,1,0,0
6257.907251,0,0,1,0,1,1,0,1,1
6263.911301,0,1,1,0,0,1,0,1,1
6267.842661,0,1,1,0,0,0,1,0,1
6275.178694,1,0,0,0,0,0,1,1,1
6277.197429,0,0,1,0,1,1,0,1,1
6284.647281,1,1,0,1,0,1,0,0,0
6284.922226,0,1,1,1,1,0,1,0,1
6292.196642,0,1,1,0,1,0,0,0,0
6294.148667,0,1,0,0,0,1,1,0,1
6299.642944,1,1,1,0,0,0,0,0,0
6303.504148,0,0,1,1,0,0,1,1,0
6304.846160,0,0,0,0,0,0,0,1,0
6305.477727,0,0,0,0,0,1,0,1,0
6308.244723,0,0,0,1,0,1,0,0,0
6317.530509,0,1,1,1,1,0,0,1,0
6325.551540,1,1,0,0,0,0,0,0,1
6330.434681,1,0,0,0,1,0,0,1,1
6330.884957,0,0,1,0,0,1,1,0,0
6340.491595,0,1,1,1,0,1,0,1,0
6345.970491,1,0,0,0,1,0,1,0,0
6354.759850,0,1,0,0,1,1,0,1,1
6362.428794,1,1,0,0,1,1,0,1,1
6363.154360,0,0,0,0,1,1,0,0,1
6368.002701,1,1,0,0,1,1,1,0,1
6377.390517,0,0,0,0,1,1,0,0,0
6378.713699,1,0,1,1,0,0,1,0,1
6386.290316,0,1,1,0,0,0,0,0,1
6394.989807,0,0,0,1,0,0,1,0,1
6396.433961,0,1,1,1,1,0,0,0,1
6399.252753,1,1,0,1,0,1,0,1,0
6399.410688,1,0,0,1,1,1,1,1,1
6405.262955,1,1,0,1,1,0,1,1,0
6409.906348,1,0,0,1,1,1,1,1,1
6414.017514,0,0,1,1,1,1,0,1,0
6420.149769,1,1,0,0,1,1,1,0,1
6421.386386,1,0,0,1,1,1,1,0,0
6425.049203,1,1,0,1,0,0,1,1,1
6431.515073,1,0,1,0,0,0,1,1,1
6436.909856,0,0,1,1,0,1,1,0,0
6440.472424,0,0,1,0,0,1,0,0,0
6446.497286,1,0,0,0,0,0,0,0,1
6455.811205,1,0,0,1,0,0,1,0,0
6458.455618,0,1,0,1,0,0,1,1,1
6462.815157,1,1,1,1,0,1,1,0,0
6470.060552,1,1,0,1,1,0,0,0,1
6477.622872,0,0,0,1,1,1,1,1,0
6479.623672,0,1,1,1,1,1,1,0,1
6486.577725,1,1,0,0,0,1,0,1,1
6491.952780,1,0,0,0,0,1,0,1,0
6492.255637,1,0,0,1,1,0,1,1,0
6500.216267,0,0,0,1,1,0,0,0,1
6509.559878,0,0,1,1,1,1,0,0,0
6513.976840,1,0,1,1,0,0,1,0,1
6517.027273,0,1,0,1,1,1,0,0,0
6518.361473,0,0,0,1,1,0,0,1,0
6524.632037,1,1,0,0,1,0,1,1,0
6533.552850,1,0,0,1,1,1,1,0,1
6538.865818,0,0,1,0,1,1,1,1,0
6539.484041,1,1,0,0,1,1,0,0,1
6548.968901,0,1,1,0,0,1,1,0,1
6552.586560,1,1,0,0,0,0,1,1,0
6555.492298,0,0,0,0,1,0,1,0,0
6556.929618,0,0,1,1,1,0,0,1,0
6563.118924,0,1,1,1,0,1,0,1,1
6564.650984,1,1,1,0,1,0,0,0,0
6573.036688,0,1,0,0,1,0,1,0,1
6579.097688,1,0,1,1,0,1,1,0,1
6581.201926,1,1,0,1,0,1,0,0,0
6586.709621,1,0,1,1,0,0,1,0,0
6591.212985,0,1,1,0,0,1,1,1,1
6600.346762,1,1,0,1,0,0,0,1,1
6609.171411,1,0,0,1,1,1,0,0,1
6611.266893,0,0,0,0,1,1,1,0,1
6615.113662,1,0,0,1,0,1,0,0,0
6624.441163,0,1,0,1,1,1,1,1,1
6630.592968,1,1,1,1,0,0,0,1,1
6631.433749,1,0,1,0,1,0,1,0,0
6633.090872,1,0,0,1,0,1,1,0,1
6633.465667,1,0,0,0,0,1,1,0,1
6642.161449,0,0,1,0,1,1,1,1,1
6648.904332,1,1,0,0,1,0,0,1,0
6651.649419,0,1,0,0,1,0,0,1,0
6652.684798,0,0,0,0,0,0,1,1,0
6656.124368,1,0,0,1,0,1,0,1,1
6665.232264,0,0,1,1,0,0,1,0,0
6671.482639,1,1,0,0,1,0,0,1,0
6675.289964,0,1,1,1,1,0,0,0,1
6678.552094,0,1,1,1,0,1,1,1,0
6680.261784,0,1,1,0,0,1,0,1,1
6687.951819,1,0,0,0,1,1,1,1,0
6694.403787,0,0,1,1,0,1,1,1,1
6694.598390,0,1,0,0,1,1,1,0,0
6701.327471,0,0,0,1,1,0,1,0,1
6708.363062,1,0,0,1,0,0,1,0,0
6711.257173,0,1,0,0,0,0,0,1,1
6714.591173,1,1,1,0,0,1,0,0,1
6715.720729,0,0,0,0,0,0,1,0,1
6718.961146,0,0,1,1,0,0,0,0,0
6719.795396,1,0,1,1,1,1,1,0,1
6720.293808,1,0,1,1,1,1,1,1,0
6722.636916,0,1,0,0,0,0,1,1,0
6723.366048,0,0,0,0,1,1,0,0,1
6731.327907,1,0,1,1,0,0,0,0,0
6738.300172,1,1,1,1,1,0,0,1,0
6747.325541,0,0,0,1,1,0,1,1,0
6756.251704,0,1,0,1,0,1,0,0,1
6758.554500,0,1,0,0,0,0,1,0,0
6761.432910,0,0,0,0,1,0,1,0,0
6768.789696,0,0,0,0,0,0,0,0,1
6772.077565,0,0,0,1,0,1,1,1,1
6779.812459,1,0,1,0,0,1,0,0,0
6783.400216,1,1,1,1,1,1,1,0,1
6788.374264,1,1,1,0,0,0,1,1,0
6796.668552,1,1,1,0,1,0,0,1,0
6801.430981,0,0,0,1,1,1,0,0,0
6810.348201,0,1,1,1,1,1,1,1,0
6811.612811,1,1,0,1,0,1,0,1,1
6821.501298,0,0,0,1,0,1,1,1,0
6830.589440,0,1,0,0,0,0,0,1,1
6839.294233,1,0,0,1,1,1,1,1,0
6843.778560,0,0,0,1,0,1,0,0,1
6846.116061,0,1,1,1,1,0,1,0,0
6855.621411,0,0,0,1,1,1,0,1,1
6859.193482,1,1,0,0,0,1,1,0,0
6862.594429,1,1,0,0,1,0,1,0,1
6862.844515,0,1,0,1,0,0,0,0,1
6864.360156,0,1,0,1,0,0,1,1,0
6865.316117,0,1,1,0,0,0,1,0,0
6874.792831,1,0,1,0,1,1,1,1,1
6884.674500,1,1,1,1,0,0,1,1,0
6894.097634,1,0,0,1,0,1,0,1,1
6902.559326,0,0,0,0,1,1,1,1,1
6909.166049,0,1,1,0,1,1,1,1,1
6916.020823,0,0,1,0,1,1,0,1,0
6922.626963,0,0,0,0,1,1,0,1,1
6925.891344,1,0,1,1,0,1,1,0,1
6928.631942,0,1,0,1,0,1,1,1,0
6929.704264,0,1,1,1,1,0,1,0,0
6930.914973,0,0,1,0,0,0,0,0,0
6936.234000,0,1,0,1,0,0,1,0,0
6941.020745,1,0,0,1,1,1,0,1,0
6941.342569,0,1,0,1,0,1,1,1,0
6944.782531,0,0,0,0,0,0,0,0,1
6944.990051,1,1,0,1,0,1,0,0,0
6951.478005,1,0,1,1,1,1,0,1,1
6957.712148,1,0,0,1,0,1,0,1,1
6962.367855,0,0,0,1,0,1,1,1,1
6971.772303,0,0,0,0,1,0,1,1,0
6978.972176,0,1,0,0,1,0,0,0,1
6983.070704,0,0,0,1,1,1,0,0,0
6990.739267,1,0,1,1,1,0,1,1,1
6996.337088,0,0,1,1,1,0,1,1,0
7002.448588,1,0,1,1,0,0,1,1,1
7005.176588,1,1,0,0,1,0,1,0,0
7014.186588,1,1,0,0,0,1,1,1,0
7016.918012,0,1,1,0,1,1,0,0,1
7025.319931,1,0,1,0,0,1,0,1,0
7029.882687,0,1,0,0,0,1,0,1,0
7030.237009,0,1,0,0,0,0,1,0,0
7033.237709,0,1,1,0,1,0,1,0,0
7040.014627,0,1,1,0,1,1,0,1,0
7048.612515,1,0,0,0,0,0,0,1,0
7055.639840,1,1,0,1,1,1,0,1,0
7057.417047,0,0,0,1,0,0,0,0,0
7058.842100,1,0,0,0,0,1,0,0,1
7064.955392,0,1,1,1,0,0,1,1,1
7074.701180,0,0,1,0,0,1,1,1,1
7077.824828,1,1,1,0,0,0,1,1,1
7084.295769,0,1,0,1,0,0,0,1,1
7084.542646,0,0,0,0,0,0,1,0,1
7094.112225,0,0,1,1,0,1,1,0,0
7098.564094,1,1,0,1,1,0,0,1,1
7108.268453,1,1,1,0,0,1,0,0,1
7112.608642,1,0,0,1,0,1,0,1,1
7117.721605,0,0,0,1,1,0,0,0,0
7127.545904,1,0,0,0,1,1,0,0,0
7130.541773,1,0,0,0,1,0,0,1,0
7133.124793,1,0,0,1,0,0,1,0,1
7133.540498,0,1,0,1,0,1,1,0,0
7139.326797,1,1,0,1,1,0,1,0,0
7141.511487,1,0,1,1,0,1,0,1,1
7144.127288,1,0,1,0,0,0,0,0,0
7147.026549,0,0,1,1,1,1,0,0,1
7154.009609,0,0,0,0,0,1,0,1,1
7159.685717,1,1,1,1,0,0,1,1,0
7166.497630,0,0,1,0,0,0,0,1,0
7167.379599,1,0,1,1,0,0,1,1,0
7175.088162,0,0,0,0,1,1,1,1,1
7183.396602,1,1,0,1,1,1,0,1,0
7188.867907,0,1,1,1,1,1,1,0,0
7189.819382,1,1,0,0,0,0,0,0,1
7190.955459,0,1,0,1,1,0,0,0,0
7194.790977,0,1,0,1,1,1,1,1,1
7195.812283,1,1,0,1,0,0,1,1,0
7196.813183,1,1,0,1,0,0,0,1,0
7203.051321,0,1,0,1,0,0,1,1,0
7211.533963,0,0,1,0,1,1,0,1,0
7211.893672,1,1,1,0,0,1,1,0,0
7213.858761,1,0,0,1,1,0,0,1,0
7217.919961,0,0,0,0,0,1,1,1,0
7222.367419,0,1,0,0,0,1,0,0,0
7223.029728,0,1,0,0,1,0,1,1,1
7229.080899,1,0,0,0,0,1,0,0,1
7236.511324,0,0,0,1,1,1,0,0,0
7246.031372,1,0,1,0,1,1,1,1,1
7251.144220,0,1,1,0,1,0,0,1,0
7254.684470,1,1,1,1,0,1,0,1,1
7258.813498,0,0,1,0,0,0,0,1,0
7259.286047,0,1,1,0,0,0,0,0,0
7267.263596,1,1,0,0,0,1,0,0,1
7271.559038,1,1,0,0,1,1,1,1,1
7276.559538,1,0,1,0,1,1,0,1,0
7283.837917,0,0,1,1,0,0,1,0,1
7292.838017,0,1,1,1,0,0,0,1,1
7299.901248,1,0,1,1,0,0,1,0,1
7309.503560,0,0,1,0,1,0,0,0,1
7310.413560,0,1,1,1,0,1,0,1,1
7314.958377,1,0,1,0,0,0,1,1,1
7321.609118,0,0,0,1,0,0,1,0,0
7322.179258,0,1,0,0,1,0,1,1,0
7326.853157,0,0,0,1,0,0,0,0,1
7332.797697,1,1,1,0,0,0,0,1,1
7342.678091,1,1,0,0,1,1,0,0,0
7346.116738,1,0,0,1,0,1,0,0,0
7350.770051,1,1,1,0,0,1,0,1,1
7352.760099,1,0,1,0,1,1,1,1,1
7361.860394,0,1,0,0,0,1,0,1,1
7366.914080,1,1,1,0,1,1,1,1,1
7370.153527,0,0,0,1,1,0,0,1,0
7372.089817,0,1,0,0,0,1,1,1,1
7380.589967,1,0,1,1,1,0,0,1,0
7384.358706,1,1,0,1,1,0,1,1,0
7393.658293,1,0,1,0,1,1,1,0,1
7394.670428,1,1,0,1,1,1,1,0,0
7395.150422,1,1,0,1,0,0,0,1,1
7397.277455,1,1,0,0,0,0,1,0,1
7400.853981,1,0,0,1,1,1,1,1,1
7408.453559,0,0,0,0,1,1,1,1,1
7412.725489,0,0,0,0,0,1,0,0,0
7416.174939,1,1,1,0,0,1,1,0,0
7419.984506,0,0,0,0,0,0,1,1,0
7422.686385,0,0,0,0,1,1,1,0,0
7423.798385,0,1,1,1,1,0,0,1,1
7425.022667,0,0,0,1,0,1,0,0,1
7431.188854,1,1,1,0,1,1,0,1,0
7432.071308,1,1,0,0,0,0,0,1,0
7435.996647,0,0,1,0,0,1,1,1,1
7441.628397,1,0,1,1,0,0,1,0,0
7443.950593,0,1,0,0,0,1,1,0,1
7445.667669,0,1,1,0,1,1,0,0,1
7453.475296,1,0,0,0,1,1,1,0,0
7454.196224,1,0,1,1,1,0,0,0,0
7460.717519,0,0,0,1,1,1,0,1,0
7460.933551,1,0,1,0,1,0,1,0,1
7469.158703,1,0,0,1,0,0,1,1,0
7470.161244,1,0,1,0,0,0,1,0,1
7479.850596,1,1,1,0,1,0,0,0,0
7480.076293,0,0,1,1,1,0,1,1,1
7489.680649,0,0,0,1,1,1,0,0,1
7498.257433,1,1,0,1,1,1,1,1,0
7500.329761,0,0,1,1,1,1,1,0,1
7503.685264,1,0,1,1,0,1,1,1,0
7509.763005,1,1,1,1,1,1,0,0,0
7510.817471,1,0,1,1,0,0,0,1,0
7518.100761,1,1,0,1,1,0,0,0,0
7528.067320,1,1,1,1,1,0,1,0,1
7530.163468,1,1,0,0,1,0,1,1,1
7538.962356,0,0,0,1,0,1,1,1,0
7542.663427,1,1,1,1,0,1,0,1,1
7552.614089,1,0,0,0,0,1,1,1,0
7558.447839,0,1,0,0,0,1,1,0,0
7561.496154,1,1,1,1,1,1,1,1,1
7568.057344,1,0,1,0,1,0,1,1,1
7570.785344,0,0,0,1,1,0,0,1,0
7578.145159,0,0,1,1,1,1,0,0,1
7583.637631,0,1,1,1,0,0,0,0,1
7591.856987,0,0,0,1,1,1,0,1,0
7601.268811,1,1,0,1,0,1,1,0,1
7608.488819,1,1,0,0,1,1,1,1,0
7611.580419,0,0,1,1,1,1,0,0,0
7613.193408,0,1,0,0,1,0,0,1,0
7614.576383,0,0,0,1,0,0,0,1,0
7615.561489,0,1,0,1,0,0,1,0,1
7618.591032,0,1,0,1,1,0,1,0,1
7625.504192,1,1,0,1,0,0,1,1,1
7626.461380,1,1,1,0,1,1,0,0,0
7636.399848,0,1,1,1,1,1,0,1,0
7637.511848,1,1,0,0,1,1,1,1,0
7637.879560,0,1,0,1,1,0,1,0,1
7645.642941,0,0,0,1,1,1,0,1,0
7649.383405,1,0,0,0,0,1,0,1,1
7653.848244,0,0,1,0,1,0,1,1,1
7655.287009,0,1,0,1,1,1,1,0,1
7656.305099,1,0,0,0,1,0,0,1,0
7661.870760,1,1,1,1,0,0,1,1,1
7663.976812,1,0,0,0,0,1,0,1,0
7666.199812,0,0,1,1,0,0,1,0,0
7675.710171,0,1,1,0,1,0,1,0,1
7683.974377,1,1,1,1,1,0,0,0,0
7692.426753,1,0,1,1,1,1,1,1,0
7697.530406,1,1,1,0,1,1,1,1,1
7705.205709,0,1,0,0,1,1,1,1,1
7713.414120,0,1,1,1,0,1,1,1,0
7717.638301,0,1,1,1,1,1,0,1,1
7724.846372,1,1,1,0,1,1,1,1,1
7726.831823,1,0,0,0,0,0,0,1,1
7732.425484,1,0,1,0,0,1,1,0,0
7738.663864,1,0,1,1,0,0,0,1,1
7740.221243,1,0,1,0,1,0,1,0,0
7741.943382,1,0,1,0,1,1,1,1,1
7750.438678,0,1,0,0,0,0,1,0,0
7755.852523,0,1,0,0,1,0,0,0,0
7758.502830,0,0,0,1,1,0,1,1,0
7759.559280,1,1,1,1,0,0,0,1,0
7764.354321,0,1,1,0,1,0,1,1,1
7771.368509,0,0,0,1,1,1,1,0,0
7775.603320,1,1,1,1,0,1,1,1,0
7783.335505,1,0,1,0,0,0,0,0,1
7784.889604,1,0,0,1,1,0,1,0,0
7794.494671,0,1,0,1,0,1,0,0,0
7794.675211,0,0,0,1,0,1,0,0,0
7801.300406,1,1,1,1,0,1,0,0,0
7803.950395,1,1,0,1,0,0,0,1,0
7804.683029,1,0,1,0,1,0,1,0,0
7808.208349,0,0,0,0,1,0,0,1,1
7812.529905,0,1,0,1,0,0,1,1,0
7819.902430,1,1,0,1,1,0,1,1,0
7829.507733,0,1,1,0,0,0,1,1,1
7836.591358,0,0,1,0,1,1,1,1,1
7843.555947,0,0,0,0,1,1,0,0,1
7847.331737,0,0,0,1,1,0,1,0,0
7853.539909,0,1,1,0,0,1,0,1,1
7856.340181,0,0,0,0,0,0,0,1,1
7858.195834,0,1,0,1,0,1,1,0,1
7863.098978,0,0,0,1,1,1,1,0,0
7863.309748,0,1,1,1,1,1,1,0,0
7871.069854,1,1,1,1,0,1,1,1,1
7876.910180,1,1,1,1,0,1,1,1,0
7877.774108,1,0,0,1,1,0,0,1,0
7877.945545,0,1,1,0,0,1,0,1,1
7878.527882,0,1,0,1,1,1,0,0,0
7886.994171,1,0,1,0,1,0,1,1,1
7887.678333,1,0,1,0,1,0,0,0,0
7889.173436,0,1,1,1,1,1,0,1,0
7894.917987,0,1,1,1,0,0,1,1,0
7902.283842,0,0,1,1,0,1,1,1,0
7911.629040,1,1,0,0,1,1,0,0,0
7915.879615,0,1,0,0,0,1,1,1,0
7924.020701,0,0,1,1,1,1,0,0,0
7931.298251,0,0,1,0,1,0,1,1,0
7936.237578,0,1,1,1,0,1,0,1,1
7944.628906,0,0,0,0,1,1,0,1,0
7951.259678,1,1,1,1,0,0,0,0,0
7953.999483,0,1,1,1,1,0,0,1,1
7959.882248,0,1,0,1,0,0,0,0,1
7960.209302,0,0,1,1,0,0,1,1,0
7965.082911,0,1,1,0,1,0,0,1,0
7972.490578,0,0,0,1,0,1,1,1,0
7980.183116,0,0,0,0,0,1,1,0,1
7989.951777,0,1,0,1,0,1,0,1,1
7990.870654,1,0,1,1,1,0,1,1,1
7992.091044,1,1,0,0,1,0,0,0,0
7998.758044,1,1,1,1,1,0,1,1,1
8006.546284,0,1,1,0,1,1,1,0,0
8014.983940,1,1,1,0,0,0,0,1,0
8018.470830,0,1,0,0,1,1,1,0,1
8023.703726,0,0,1,1,1,1,0,1,1
8027.578306,1,0,1,0,1,1,1,1,0
8028.946690,0,1,0,0,1,1,0,1,1
8038.187273,0,0,0,0,1,1,0,1,0
8042.834273,0,0,1,0,1,0,0,1,1
8048.428773,1,1,0,1,0,0,0,0,0
8052.078645,0,0,0,1,1,0,1,0,0
8053.112287,1,1,0,1,1,1,0,0,1
8055.316113,1,1,0,1,1,1,1,1,0
8064.139760,1,0,1,1,1,0,0,0,0
8069.140260,1,0,0,0,0,0,0,0,0
8076.446229,1,1,1,1,1,1,0,1,0
8079.780229,1,1,0,0,1,0,1,1,0
8084.846143,1,0,1,1,1,1,0,0,1
8091.054948,1,0,0,0,1,0,0,1,0
8091.384735,1,0,0,1,1,1,0,0,0
8098.737941,0,1,1,1,1,0,0,1,1
8102.773625,1,1,1,1,1,1,1,1,0
8103.912236,0,0,0,1,0,0,0,1,0
8113.823487,0,0,0,0,0,1,1,1,1
8122.141585,1,1,1,0,0,0,0,1,1
8131.305803,1,1,1,1,1,1,0,1,1
8134.717975,0,0,1,1,0,0,1,0,1
8137.445975,1,1,0,0,1,0,0,1,0
8145.127831,1,0,0,0,0,1,1,0,1
8150.074573,1,1,0,1,1,1,0,0,0
8157.023408,1,1,0,1,0,1,0,1,0
8163.517469,1,1,0,1,1,1,0,1,1
8165.929992,0,0,1,1,1,0,0,0,1
8167.884820,0,0,0,0,1,0,1,1,0
8177.432447,0,0,0,1,1,0,0,0,0
8178.994629,1,0,1,0,1,1,1,1,1
8186.310915,1,1,0,1,1,0,0,1,0
8190.727717,1,1,1,0,1,1,1,1,0
8197.452783,0,1,0,1,0,1,1,0,0
8199.321066,1,0,1,0,1,1,1,1,0
8209.254258,1,1,0,0,1,0,1,0,1
8215.580383,0,1,0,1,0,1,1,1,1
8222.591551,1,0,1,1,0,1,1,0,1
8228.490635,1,1,1,1,0,1,1,0,1
8232.691215,1,1,0,1,0,1,1,0,0
8240.246726,0,0,1,1,1,1,1,0,0
8243.057362,0,0,1,0,0,0,0,0,1
8252.062607,0,1,0,1,1,0,0,1,1
8257.589370,1,1,1,1,1,1,0,1,0
8265.815354,1,0,1,1,1,1,1,1,1
8274.949736,1,0,1,1,1,0,1,1,1
8280.637190,0,1,0,0,0,1,0,1,0
8287.446313,0,1,0,0,0,1,0,1,0
8296.823664,1,0,0,1,0,1,0,0,1
8304.907688,1,0,1,0,1,0,1,1,1
8311.655002,0,1,1,1,1,0,0,0,1
8312.254073,0,1,0,0,0,1,1,1,1
8315.495489,1,0,0,0,0,0,1,1,1
8316.535001,0,1,0,0,0,0,0,1,1
8325.906409,1,0,0,0,1,1,0,0,1
8325.907409,0,0,0,1,1,1,0,1,0
8333.189963,0,0,1,1,1,1,0,0,0
8341.581291,1,0,0,0,0,1,0,0,0
8351.318159,0,0,0,0,0,1,0,1,0
8358.646013,0,0,1,0,1,0,0,1,1
8363.160450,1,1,0,1,0,1,1,0,0
8366.911075,1,1,1,0,1,1,1,0,0
8367.481008,1,0,1,1,1,1,0,1,0
8372.481508,1,1,1,1,0,0,0,1,0
8380.724927,0,0,0,0,0,0,0,1,1
8387.648312,0,0,0,0,0,1,0,1,0
8393.632320,0,0,1,1,0,0,1,0,1
8394.243015,0,1,1,1,1,0,1,0,1
8398.187048,1,1,1,0,1,0,1,0,1
8408.141906,1,0,1,0,0,1,1,0,1
8413.101760,1,1,0,1,0,0,0,0,0
8418.938475,0,0,1,0,1,0,1,0,0
8422.393675,1,1,1,0,0,1,0,1,1
8430.580670,0,1,0,1,0,1,1,1,0
8438.506922,1,0,0,1,0,0,0,1,0
8439.752934,1,1,1,1,1,0,1,1,1
8443.634977,0,0,1,1,1,1,0,0,1
8444.267782,1,1,0,1,1,0,0,1,0
8448.293736,1,0,1,1,1,0,0,1,0
8456.709533,0,0,1,1,0,1,0,0,1
8459.437533,1,1,1,0,0,0,1,1,0
8465.422533,1,1,1,0,1,0,0,1,1
8475.206104,1,1,1,1,0,0,0,0,0
8478.535152,0,0,1,1,1,0,1,0,0
8488.425873,1,1,1,0,0,0,0,1,1
8493.573025,1,0,1,1,1,1,0,1,0
8501.550869,1,1,1,0,1,1,0,0,0
8508.456773,1,0,0,1,0,0,1,0,0
8511.903857,0,1,0,0,0,1,0,1,0
8518.235585,0,0,0,1,0,0,0,1,0
8527.883251,0,0,1,1,0,1,0,1,1
8532.222897,1,1,1,1,0,1,1,1,1
8533.298060,0,0,1,1,1,1,0,0,0
8542.685539,1,1,1,0,0,0,1,0,0
8545.350506,0,0,1,1,1,1,0,1,0
8554.762330,0,0,1,1,1,1,1,0,1
8562.582097,0,0,1,1,1,0,0,1,0
8563.855697,1,1,1,0,1,1,0,1,0
8565.826649,0,1,0,1,0,0,0,0,0
8567.393757,1,1,1,1,1,0,1,1,1
8570.881908,1,1,1,0,0,0,1,1,1
8577.999713,1,0,0,1,1,0,1,1,1
8580.415170,0,1,1,0,0,1,0,1,1
8590.212351,0,1,0,1,0,1,0,1,1
8591.204753,0,0,1,1,0,1,1,1,0
8592.315336,1,0,1,1,1,0,1,0,1
8595.561481,1,0,1,0,0,1,1,0,0
8599.689832,1,0,0,1,0,0,1,1,0
8599.982398,1,1,0,1,1,1,0,1,1
8606.063376,1,0,0,0,1,1,1,1,1
8608.156272,1,1,0,1,1,0,1,1,0
8616.315547,1,0,1,0,1,0,1,0,1
8621.638596,0,0,0,1,0,0,1,1,1
8628.188059,0,0,0,1,1,0,0,1,0
8634.874105,0,0,1,0,0,0,1,0,0
8641.902439,1,1,0,0,1,1,1,1,0
8646.936493,0,0,1,0,0,0,0,1,1
8653.293447,1,1,0,0,1,1,0,0,1
8659.987992,1,1,1,0,0,1,1,1,0
8668.431644,0,0,1,0,1,0,1,0,1
8675.700088,1,0,0,0,0,1,1,0,1
8678.325826,1,1,1,1,0,1,0,0,1
8683.026628,0,0,0,0,1,0,0,1,0
8689.502228,0,0,0,1,0,1,0,1,0
8692.340782,0,1,1,0,0,1,0,0,1
8701.540862,1,0,1,0,0,1,1,0,0
8705.129166,1,1,0,1,0,1,0,1,1
8708.539963,0,1,1,1,1,1,0,0,0
8714.463117,1,0,1,1,0,1,1,0,0
8715.801563,0,0,1,1,1,1,0,0,1
8723.690663,0,1,1,1,1,0,1,0,0
8725.111274,1,0,0,1,1,1,0,1,1
8733.248716,1,0,1,0,0,0,1,0,0
8735.198673,1,0,0,1,1,0,1,1,0
8742.546499,0,0,1,1,0,0,0,0,1
8748.546899,0,1,1,1,0,1,0,1,1
8751.635648,0,0,1,0,1,0,1,1,0
8754.537593,1,1,1,0,0,1,0,1,0
8761.204593,0,0,0,1,0,0,1,0,1
8762.987892,0,1,0,0,1,1,0,0,1
8764.478642,0,0,1,1,0,0,1,1,1
8767.827325,0,1,0,0,0,0,1,0,1
8775.897693,0,1,1,0,0,1,0,1,0
8784.221643,0,1,1,1,0,0,0,0,0
8792.568583,1,1,1,0,1,0,0,1,1
8796.384230,0,0,0,0,0,1,0,1,0
8802.626506,1,1,1,1,1,1,1,1,0
8806.027590,0,0,0,1,1,1,0,1,0
8806.496169,1,1,0,0,1,0,1,0,1
8810.145453,0,1,0,1,0,1,1,0,0
8819.155892,0,0,1,0,0,0,0,0,0
8821.087865,1,1,0,0,0,0,0,0,0
8828.608521,0,1,0,1,1,1,0,1,0
8837.208661,0,1,0,1,0,1,0,0,1
8843.152570,0,0,0,1,0,0,1,0,0
8847.165514,0,0,0,1,1,1,1,1,0
8856.143718,1,0,0,0,0,0,1,1,1
8861.830696,0,1,0,1,0,1,1,0,0
8864.664746,0,1,1,0,0,0,1,0,1
8868.942858,0,1,0,1,0,1,0,0,1
8875.794318,1,0,1,0,1,0,0,0,0
8884.874056,1,0,0,1,0,0,1,1,1
8891.170722,1,1,1,1,1,0,1,1,0
8900.672197,1,1,0,0,1,1,1,1,0
8902.931768,0,0,1,1,0,1,1,0,1
8905.034253,1,1,1,0,1,0,1,1,0
8907.946354,1,0,0,0,1,0,1,1,0
8913.587815,1,0,0,1,1,1,0,1,0
8920.771944,0,0,0,1,1,0,0,1,1
8921.052543,1,1,0,1,1,1,0,0,1
8925.721171,0,0,1,1,0,0,0,0,0
8927.155324,1,1,0,1,0,0,0,1,0
8935.679568,0,0,0,0,0,1,0,0,0
8939.755130,0,1,0,0,1,0,1,1,1
8945.687436,1,0,0,1,1,0,1,1,1
8952.610821,0,1,1,0,1,1,1,0,0
8954.227201,1,1,0,0,1,1,1,1,1
8962.589250,0,0,0,1,1,0,1,1,0
8966.436019,1,0,1,1,1,1,0,1,0
8967.436919,0,1,1,1,1,1,0,0,1
8970.047673,0,1,0,1,0,1,0,0,0
8971.350971,0,1,0,0,0,1,1,0,0
8971.513462,0,1,0,1,0,1,1,1,0
8974.404715,1,1,1,0,0,1,0,1,1
8979.034882,1,1,0,0,1,1,1,1,1
8981.038523,0,1,0,1,0,1,0,0,1
8982.367515,1,1,1,0,1,0,0,1,1
8988.570985,1,0,0,1,1,0,0,1,1
8994.440963,0,1,1,1,1,1,1,1,0
9001.492329,0,1,1,0,1,1,0,0,0
9002.776984,1,1,1,1,1,1,0,1,0
9004.917443,1,1,1,0,1,0,0,0,1
9011.990362,0,1,1,0,1,0,0,0,1
9020.011393,1,1,1,1,1,1,0,0,0
9020.211576,0,1,0,0,0,0,1,1,1
9025.620199,0,0,0,1,0,1,0,0,1
9031.125034,0,0,1,0,1,0,0,1,1
9039.319659,0,0,1,0,0,0,1,1,1
9045.469113,1,1,1,0,0,0,0,1,0
9047.001752,1,0,0,1,1,0,0,1,0
9053.033076,1,0,1,1,0,0,0,0,1
9054.782535,1,0,1,0,0,1,0,0,1
9059.747910,1,0,1,1,0,1,1,0,0
9065.013401,1,1,1,1,0,1,1,1,0
9069.881171,0,0,1,0,1,0,1,0,0
9076.711325,1,1,1,0,0,1,0,0,1
9084.881151,0,1,0,1,1,0,0,1,1
9091.945274,1,1,1,1,0,1,1,1,0
9097.765628,0,1,0,0,1,1,1,1,0
9098.675628,1,1,0,1,1,1,0,1,0
9101.855501,0,0,0,0,0,1,1,0,1
9109.789041,0,0,0,0,0,0,1,0,0
9113.844362,0,0,1,0,1,0,1,0,1
9118.055467,1,0,1,1,1,1,1,0,1
9122.082910,1,0,0,0,1,1,1,0,1
9126.863652,0,0,0,1,1,1,1,1,0
9132.280777,0,1,0,0,1,1,0,1,1
9141.426432,1,1,0,0,1,1,1,0,1
9147.522060,0,0,1,1,1,0,0,0,1
9153.176816,1,0,0,1,0,0,1,1,1
9154.848535,0,1,0,0,0,0,0,1,0
9162.105165,0,1,1,0,1,1,1,1,1
9171.558661,1,1,1,0,1,1,1,1,0
9171.763722,1,0,0,1,1,0,1,1,1
9180.696991,0,0,1,0,0,1,1,1,0
9186.786767,1,0,1,0,1,1,0,0,0
9187.019226,1,0,1,1,1,1,1,0,1
9193.652216,1,1,0,0,0,1,0,0,1
9201.050595,0,0,1,0,1,1,1,0,1
9208.648933,1,0,1,0,1,1,0,0,1
9216.534000,0,1,1,1,0,1,1,1,1
9224.944685,1,1,0,1,0,0,0,1,1
9229.736873,1,0,0,1,0,0,0,1,0
9234.208294,0,0,0,0,0,0,0,1,0
9238.097794,0,1,0,1,1,0,1,0,1
9239.882133,0,1,0,1,1,0,0,1,0
9240.267710,0,1,1,0,0,0,1,0,1
9248.078274,1,0,1,1,0,1,1,1,1
9253.951703,1,0,0,0,1,0,0,0,1
9259.760945,0,0,0,1,1,1,1,0,0
9265.643710,1,1,1,1,1,1,1,0,1
9270.201450,0,1,0,0,0,0,1,1,1
9275.916164,1,0,0,1,1,0,0,1,0
9283.402654,0,1,0,1,0,0,0,1,0
9289.159536,0,1,0,1,0,0,0,0,0
9295.313767,0,0,0,1,0,0,1,1,1
9296.007265,1,0,0,1,0,0,1,1,1
9296.297492,0,1,1,0,0,1,0,0,0
9298.201945,0,1,1,1,1,0,0,0,0
9300.263629,0,0,1,1,0,0,0,1,0
9308.293565,0,0,0,1,0,1,0,0,0
9315.224153,1,0,0,1,1,0,1,0,1
9321.819430,0,0,0,1,0,0,0,1,1
9331.152830,1,1,1,1,0,1,1,0,1
9332.685091,0,0,0,0,1,1,0,1,0
9334.223008,1,1,1,0,1,0,1,0,1
9343.034043,1,1,0,0,0,0,1,0,0
9347.934951,1,1,0,0,0,1,1,0,0
9349.867143,0,1,0,0,0,1,0,1,0
9353.049643,0,0,1,1,0,0,1,1,1
9355.724673,0,1,0,0,1,1,1,0,0
9364.536113,1,1,0,0,1,0,1,0,0
9371.651786,0,0,0,1,1,1,0,1,1
9379.836583,1,0,1,1,1,0,1,1,0
9387.902103,1,0,0,0,0,1,1,0,0
9387.903103,1,1,0,1,1,1,1,0,0
9388.026790,0,0,0,0,1,1,1,1,1
9388.478056,0,1,0,1,0,1,0,0,1
9390.588220,1,0,0,1,0,1,1,0,1
9391.608671,0,0,1,1,1,1,1,0,1
9400.032358,0,1,0,0,0,1,0,1,0
9409.193079,1,1,1,1,1,0,0,1,1
9417.654771,1,0,0,0,1,1,0,0,0
9420.558706,1,0,0,1,0,0,0,0,0
9422.204841,1,0,0,0,0,0,0,1,1
9426.927591,1,1,1,0,1,0,1,0,0
9433.327951,0,1,0,0,1,1,1,1,0
9438.661751,0,0,0,1,0,0,0,1,0
9443.912226,1,0,0,0,0,1,1,1,1
9445.604080,1,0,0,1,1,1,0,1,1
9452.877080,1,0,1,0,1,0,0,1,1
9456.408104,0,0,1,1,1,0,1,1,0
9463.897043,0,1,0,1,0,1,1,1,0
9466.887435,0,1,1,0,0,1,1,1,1
9474.462428,0,0,0,0,1,1,0,0,1
9479.229457,0,1,1,0,0,0,0,1,0
9482.761703,1,0,0,1,0,1,0,0,1
9492.727184,0,1,1,1,0,1,1,0,0
9493.904537,0,0,1,0,1,0,0,1,0
9496.846419,1,1,0,0,1,1,0,1,1
9505.793013,1,1,0,1,1,1,1,0,1
9508.893118,1,1,1,1,0,0,0,1,1
9513.541541,0,0,1,0,1,1,1,0,0
9515.764541,0,0,1,1,0,0,1,1,0
9521.773776,0,0,0,1,0,0,0,0,1
9525.474847,1,1,0,1,1,0,1,0,1
9530.379815,1,0,0,0,0,1,0,0,0
9537.293999,0,0,1,0,1,0,1,1,1
9543.112599,1,0,1,1,1,0,0,1,0
9543.480439,1,1,0,1,0,1,1,1,0
9548.675043,1,0,0,1,1,0,0,0,1
9553.306452,0,1,0,1,0,0,1,1,0
9554.158169,0,1,0,0,1,1,1,1,0
9557.419183,1,1,1,0,0,1,0,0,1
9564.731952,0,0,0,0,1,1,1,0,1
9569.344464,0,0,1,0,0,1,1,0,1
9574.928662,1,0,1,1,1,0,1,0,0
9581.447182,1,1,1,0,0,1,1,1,0
9583.688921,1,1,1,0,0,0,1,1,1
9589.463992,1,1,0,0,1,0,0,0,1
9594.392035,0,1,0,0,1,1,1,1,1
9596.995515,0,0,1,1,1,0,1,0,1
9601.874076,0,0,0,0,0,1,0,1,1
9608.077286,1,0,0,1,1,1,1,1,0
9615.181024,1,1,0,1,0,1,1,1,0
9621.220067,0,1,0,0,1,0,1,1,0
9621.277687,0,0,1,1,0,0,0,0,0
9623.257835,0,0,0,0,0,0,0,0,1
9623.595880,1,0,1,0,1,0,1,1,1
9630.024808,1,0,1,1,1,1,1,1,0
9639.568123,1,1,1,0,0,1,1,0,0
9643.529766,1,0,1,1,1,0,0,0,1
9648.246451,1,0,0,1,0,0,1,1,0
9648.314709,0,1,1,1,1,1,0,0,1
9650.798220,1,0,0,0,0,1,1,0,0
9656.996947,1,0,1,1,0,0,1,0,0
9658.438851,1,0,1,1,0,0,0,1,0
9668.366656,0,0,1,1,1,0,0,0,0
9675.836045,1,0,1,1,1,1,1,1,1
9676.653290,1,1,0,0,0,0,0,0,0
9684.117486,0,0,0,0,1,1,0,1,0
9691.887824,0,0,0,0,0,1,1,1,0
9696.152548,1,0,1,1,1,1,1,1,0
9696.710984,0,0,1,0,1,0,1,1,1
9700.861012,0,0,0,1,1,0,0,0,0
9708.639012,1,1,1,1,0,0,1,0,1
9718.355353,0,0,0,1,1,0,0,1,0
9726.599431,0,0,0,0,1,0,1,0,1
9726.815463,0,0,1,0,0,1,1,0,1
9734.766738,1,1,1,0,0,1,1,1,0
9742.846930,1,0,1,1,0,0,0,1,1
9744.869787,0,1,0,1,1,1,1,1,0
9747.511838,1,0,0,0,1,0,0,0,0
9755.373687,1,0,0,0,1,1,1,1,0
9762.330513,0,1,0,1,1,1,1,0,0
9771.175738,1,1,1,1,1,0,0,1,0
9776.452592,0,1,0,1,0,0,0,1,1
9778.927029,0,0,1,1,0,1,0,0,0
9781.123816,0,1,1,1,0,0,0,1,1
9786.979494,1,0,0,0,1,1,1,1,1
9788.980294,1,0,0,0,1,1,1,0,0
9797.184066,1,1,0,1,0,0,0,1,1
9799.492528,1,1,1,1,1,1,1,0,1
9799.493528,0,0,1,1,0,1,0,1,0
9808.344912,1,1,0,1,0,0,1,0,1
9815.954579,1,0,0,1,0,0,1,0,1
9824.963374,1,0,1,0,1,0,1,0,0
9834.914835,1,1,1,1,0,1,1,0,0
9836.796298,0,1,1,0,1,1,0,0,0
9843.463298,0,1,1,1,0,0,1,1,1
9848.212500,0,1,1,1,0,1,1,0,0
9848.825684,0,0,1,0,0,1,1,0,1
9849.860449,1,1,1,1,1,1,0,0,0
9852.194549,0,0,1,1,0,1,0,0,1
9852.307582,0,0,0,1,1,0,1,0,1
9853.694998,0,0,0,1,1,0,1,0,0
9858.139998,1,1,0,0,1,0,0,1,1
9868.057362,1,0,0,1,0,0,1,1,0
9877.262261,0,0,1,1,1,1,0,0,1
9879.147130,0,0,1,0,0,0,0,1,0
9884.044192,1,1,0,0,0,0,0,0,0
9885.933221,0,1,1,1,0,0,0,0,1
9886.484166,1,1,0,0,1,0,1,0,1
9887.417276,1,1,0,1,0,0,1,1,1
9893.741173,0,0,0,1,1,1,0,0,1
9903.224347,0,1,0,1,1,0,0,1,0
9909.891347,0,0,1,0,0,0,1,0,0
9919.519724,0,0,0,1,0,0,1,0,0
9926.513222,1,1,1,1,1,0,1,1,1
9934.260483,1,1,1,1,1,1,0,1,1
9943.666483,0,0,0,1,0,1,0,1,0
9952.036811,1,0,1,0,1,1,0,1,0
9956.142664,1,1,1,0,0,1,0,1,1
9958.416164,0,1,0,1,1,0,0,1,1
9965.656440,1,0,0,0,1,0,0,0,1
9975.292840,1,0,1,0,0,1,1,0,1
9978.213256,0,0,0,1,1,1,1,0,0
9980.500459,1,1,1,1,1,1,0,1,1
9987.010243,1,0,0,0,1,0,1,1,1
9994.633633,1,0,1,1,0,0,1,1,1
