t,finish1,finish2,finish3,release1,release2,release3,start1,start2,start3
2.857143,0,0,1,1,0,1,1,0,1
8.370412,1,1,1,1,1,1,1,1,1
16.941984,1,0,0,1,1,1,1,0,1
23.412925,1,1,1,0,1,1,0,1,1
28.998952,0,0,1,0,0,0,0,1,0
32.392470,0,0,0,0,0,1,0,0,1
37.847470,0,0,1,1,0,1,1,0,1
44.033196,1,1,0,1,1,0,1,1,0
45.828212,0,0,1,1,0,0,1,0,0
46.518156,0,0,0,1,0,0,0,0,0
54.918316,1,0,0,0,1,1,0,0,1
59.136904,1,0,1,1,0,1,0,1,0
68.988109,0,1,1,1,1,1,1,0,1
78.901591,1,0,0,1,1,1,1,1,0
80.479138,0,0,1,1,0,0,0,1,1
81.926072,1,1,1,1,1,0,0,1,1
89.394679,1,1,0,1,0,1,1,0,0
92.289281,0,0,1,0,0,1,1,0,1
101.077828,0,1,1,1,1,0,1,0,1
102.248689,1,1,0,1,1,0,1,1,0
107.945322,1,0,0,1,0,1,0,1,0
108.144322,1,1,0,0,1,0,1,0,0
116.975608,1,0,0,0,1,1,0,1,1
121.647674,0,1,0,0,0,1,0,0,1
131.573607,1,0,1,1,1,0,1,0,0
139.843011,0,1,1,0,0,0,1,1,0
145.984521,1,1,1,0,0,1,1,1,1
153.749451,1,0,1,0,1,0,1,1,1
157.029939,1,0,0,1,1,0,0,0,0
165.927687,0,1,0,1,0,0,1,1,0
174.987932,0,1,0,0,0,0,0,0,0
176.327596,1,1,1,0,0,1,1,0,1
182.177326,1,0,1,1,1,1,0,1,1
191.029900,0,1,0,1,1,1,0,0,1
197.656743,0,0,1,1,0,1,1,0,1
200.977249,0,0,0,1,1,1,1,0,0
210.245615,0,1,0,1,0,0,1,1,0
217.348177,0,1,1,1,1,1,0,1,1
225.281345,0,0,0,0,0,0,0,0,1
228.456853,0,0,1,1,0,1,1,1,1
237.095788,1,1,1,1,1,0,0,1,0
245.494740,1,0,0,0,0,0,0,0,0
251.577296,1,0,0,0,0,1,1,0,1
252.878780,0,0,1,1,0,1,0,0,0
253.132919,1,0,0,1,1,1,0,1,0
257.681409,0,1,0,1,1,1,1,0,1
265.376807,1,0,0,1,0,1,1,1,1
272.996093,0,1,0,0,1,0,1,0,1
281.542809,0,0,0,1,1,1,1,0,1
290.697823,1,0,1,1,0,0,0,0,1
296.580588,1,0,0,0,0,0,1,1,0
300.250576,1,1,0,1,0,1,1,0,1
307.376170,0,0,0,1,0,1,0,1,1
316.424505,1,1,0,0,0,0,0,0,0
324.109562,1,0,0,0,1,1,1,0,0
325.168801,1,0,0,0,1,1,1,1,0
333.614902,1,0,1,0,0,1,0,1,0
342.833371,0,0,0,0,1,0,1,0,0
351.487352,0,0,1,1,0,0,1,1,0
357.424154,1,1,1,1,1,1,1,0,1
364.972538,0,1,1,1,1,1,1,0,1
371.014600,1,1,0,0,1,0,0,0,0
380.295374,1,1,0,1,1,0,1,1,0
385.398956,0,1,0,1,0,1,1,1,0
387.472229,0,0,0,0,0,1,0,0,1
389.764221,0,1,0,0,1,1,1,1,0
395.918452,1,1,0,0,0,1,1,1,1
398.919152,0,0,0,0,1,0,0,0,0
405.754520,0,0,1,1,0,0,1,0,0
415.353164,1,0,1,0,0,0,0,1,1
420.212965,1,1,1,1,1,1,1,1,0
425.787178,0,1,1,0,1,1,0,0,1
435.729380,0,0,1,1,1,1,1,0,0
438.427850,1,1,1,0,0,0,0,1,0
439.199265,0,0,0,1,1,0,1,1,1
439.422846,0,1,0,1,0,0,1,0,1
445.719512,0,1,0,1,0,1,0,1,1
451.991561,1,1,0,0,1,1,0,0,0
453.782775,1,0,1,1,1,1,0,0,0
457.281041,0,0,0,1,0,0,1,1,0
458.117053,1,0,1,1,0,0,0,0,0
464.117453,1,1,1,1,1,0,0,0,0
465.264171,1,1,1,1,1,0,1,1,1
471.295270,0,1,0,1,0,0,1,1,0
473.985939,1,0,0,0,1,0,1,1,0
480.250608,0,1,1,0,0,1,1,1,0
481.666360,0,1,0,1,1,0,1,1,0
484.146720,1,1,0,0,0,1,0,0,1
487.031030,1,0,0,0,1,0,1,1,1
494.937222,1,0,1,0,1,1,1,1,0
496.415524,1,1,0,1,0,0,1,0,1
501.636590,0,0,1,0,0,1,0,0,1
506.357118,0,0,0,0,1,0,0,1,1
507.894966,1,1,0,0,0,1,0,1,0
509.294670,0,1,0,0,0,1,0,0,1
519.105116,1,1,1,1,1,0,1,0,0
523.955845,0,1,0,1,0,0,0,1,1
533.015991,0,0,0,0,0,0,1,0,0
533.417953,0,1,1,1,1,1,0,1,0
542.341672,1,0,0,1,1,1,1,0,1
542.638001,0,0,1,0,1,1,0,1,0
547.231718,1,1,1,1,1,0,0,1,0
549.975301,0,0,0,0,0,1,0,0,0
555.202364,0,1,1,1,1,1,1,0,0
561.451376,0,0,0,1,0,0,0,1,0
563.536973,0,1,1,0,0,1,1,1,1
565.397084,1,1,0,0,1,1,1,0,0
574.380792,0,0,1,0,0,0,1,1,1
576.330238,0,1,0,1,0,0,1,0,1
578.638699,1,0,0,0,0,1,0,0,0
585.557926,1,1,1,0,1,1,0,1,1
594.356330,0,1,1,1,1,0,1,1,1
602.905034,1,1,0,0,1,1,0,1,0
608.987900,0,0,0,1,0,0,1,0,0
616.835338,1,0,0,0,1,0,0,0,1
625.565339,1,0,0,1,1,0,0,1,1
635.192884,1,0,1,0,1,1,0,0,1
644.229125,0,0,1,0,0,0,0,0,1
646.088047,1,1,1,1,0,0,0,1,0
650.199065,0,1,0,0,1,1,1,0,0
650.939819,1,0,1,0,0,0,0,1,1
660.553757,1,0,1,0,1,1,0,0,1
660.863298,1,1,1,0,1,1,1,0,0
663.658136,0,1,1,1,1,1,0,1,0
665.047886,1,0,1,1,1,0,1,0,1
666.838830,0,0,0,0,0,1,1,1,1
670.904136,1,0,0,1,0,1,1,1,1
678.013692,1,0,1,0,1,0,0,1,0
685.732551,0,1,1,1,0,0,1,0,1
695.664065,1,1,1,0,0,1,0,1,0
700.001648,0,0,0,1,1,1,1,1,0
707.000462,1,0,1,0,1,0,0,0,1
708.060179,1,1,0,1,0,1,0,0,0
708.123673,0,1,0,1,1,0,1,0,0
709.589728,1,1,0,0,0,1,0,1,0
718.786237,1,1,1,1,0,1,0,1,1
725.334969,0,0,1,0,0,0,0,0,1
728.003707,0,0,1,1,1,0,0,1,0
728.004707,1,1,0,0,1,0,0,0,1
733.347336,1,0,0,1,1,0,1,0,0
739.862836,0,1,1,0,1,0,1,1,1
746.267989,0,1,1,1,0,0,1,1,0
755.388344,1,0,0,1,0,1,0,0,0
757.203386,1,1,0,0,0,0,0,1,0
761.347274,0,0,0,1,1,1,0,1,0
767.022853,0,0,0,1,1,0,0,0,0
771.533206,1,0,1,0,1,0,1,1,1
774.848792,0,1,1,1,1,1,0,1,0
780.481199,0,0,1,1,0,0,1,1,1
789.772123,0,0,0,1,0,1,1,1,1
789.939773,0,0,0,0,0,0,1,0,0
791.890578,0,1,1,1,0,0,1,0,1
793.906191,0,1,1,1,0,1,1,0,0
803.199191,0,1,0,1,0,0,0,0,0
804.429907,1,1,1,0,1,0,1,0,1
806.692891,1,0,1,1,0,1,0,1,1
815.146654,0,1,1,0,0,1,1,0,1
817.265090,1,1,1,1,0,1,1,0,0
819.612009,1,0,0,0,1,0,1,1,0
823.753816,0,1,0,0,1,0,1,0,0
830.400677,1,0,1,1,0,1,1,1,1
833.297251,1,1,0,1,0,1,1,0,0
836.726479,0,1,1,0,1,1,1,1,1
843.181063,1,0,1,0,1,1,1,1,1
845.534769,1,1,0,0,1,0,0,1,1
848.661205,0,1,1,1,0,1,1,0,1
852.908694,1,0,1,1,0,1,1,0,1
861.485107,1,0,0,1,1,0,0,1,1
864.948876,1,1,0,0,0,0,0,0,0
870.378886,1,0,1,0,1,0,0,0,0
874.534400,0,0,0,1,1,1,0,0,0
876.796044,0,0,0,0,0,1,0,1,0
885.352889,0,1,1,0,0,0,0,0,0
889.936764,1,0,0,0,0,0,0,1,1
899.311827,1,0,0,0,1,0,1,0,0
900.726827,1,0,1,0,1,0,1,1,1
907.612951,0,1,1,0,1,1,0,1,0
907.613951,1,1,1,1,0,1,0,0,1
909.055667,0,0,0,0,1,1,1,0,0
913.274535,0,0,0,1,1,1,1,0,1
913.856673,0,0,0,0,0,1,0,0,0
916.577401,1,0,0,1,0,0,1,0,0
918.530741,1,1,1,1,1,1,1,1,0
926.850581,0,1,1,0,1,0,0,1,1
936.627831,1,1,0,1,1,0,1,0,0
944.397285,0,0,0,0,1,1,0,0,1
949.773300,0,0,0,0,1,1,0,0,1
959.170950,1,0,0,1,1,1,0,1,0
959.415372,1,1,1,0,0,0,1,1,0
961.440137,1,0,0,1,1,1,0,0,1
967.440537,1,1,0,1,0,0,1,1,0
969.978597,1,1,0,1,0,0,0,0,0
971.532237,1,0,1,1,0,0,0,0,0
971.671154,1,1,0,1,0,1,1,1,1
978.913854,0,0,1,1,0,0,1,0,0
987.620681,0,0,1,0,1,0,0,0,1
990.392742,0,1,1,1,1,0,1,1,0
998.485418,1,1,0,0,1,1,1,1,0
1008.390190,1,0,0,0,0,1,0,1,1
1014.232711,0,0,0,0,1,0,0,0,1
1016.344374,0,1,1,0,1,0,0,1,0
1020.049175,0,1,0,1,1,1,0,1,0
1026.325894,1,0,1,1,0,1,1,1,0
1031.687408,1,0,0,1,0,0,1,1,0
1037.989148,0,0,0,1,0,0,1,1,1
1038.537357,1,1,0,1,0,0,1,0,1
1040.623710,0,1,1,1,1,1,0,1,0
1041.874585,1,0,1,1,1,0,1,0,0
1051.331161,0,1,1,0,1,0,0,1,1
1051.904859,0,0,1,0,1,1,0,1,1
1060.596786,0,1,0,1,0,1,1,0,0
1062.812653,1,0,0,0,1,0,0,0,0
1068.055064,0,1,1,0,0,1,1,1,1
1072.243881,0,1,1,0,1,0,0,0,1
1080.665091,0,1,0,0,0,0,1,1,1
1082.181091,1,0,1,0,1,0,0,1,1
1091.584560,1,1,0,1,0,0,1,0,1
1093.064285,0,0,1,0,1,0,1,0,0
1101.882917,0,0,0,0,0,1,0,1,1
1111.163565,0,1,0,0,0,0,1,1,1
1115.735536,1,1,0,1,0,1,1,0,0
1124.188460,0,1,1,1,1,0,0,0,1
1131.784660,1,0,0,0,0,1,1,1,0
1132.319105,1,0,0,0,1,1,0,1,1
1134.236910,1,0,0,1,0,0,0,1,1
1139.800493,0,1,0,1,1,1,0,0,1
1143.731553,0,0,1,0,0,1,1,0,0
1144.422625,0,1,1,1,0,1,0,0,1
1148.818790,0,1,1,1,0,0,1,1,0
1153.862389,1,1,0,0,0,1,0,0,0
1161.751489,1,1,1,0,0,1,1,0,1
1168.074976,0,0,0,1,0,0,0,1,1
1177.657482,0,0,1,1,1,1,0,0,1
1185.321533,1,1,1,0,1,0,1,1,0
1192.316369,0,0,0,1,1,1,1,1,0
1192.330648,0,1,0,0,1,1,1,1,0
1194.303282,0,1,0,1,0,1,1,0,1
1201.803532,0,0,0,1,0,0,0,1,0
1204.263302,0,0,0,1,0,0,1,0,0
1213.286656,0,1,0,0,0,0,0,0,0
1213.952329,0,0,1,0,0,0,1,0,0
1216.258894,0,0,0,1,0,0,1,0,1
1219.592894,0,0,1,0,0,1,1,0,1
1220.204520,0,1,0,1,0,0,0,0,1
1220.783497,1,1,0,0,1,1,1,1,0
1226.098074,1,0,1,0,0,0,0,0,1
1231.489074,1,0,0,1,1,0,1,0,1
1232.727672,1,0,1,0,0,0,0,1,1
1240.000672,0,1,1,1,1,0,0,1,1
1248.669636,1,0,1,0,0,1,1,0,0
1258.371158,0,1,1,0,1,0,0,1,1
1262.831172,1,0,1,0,1,1,0,0,0
1269.898271,1,0,0,1,0,0,0,0,1
1276.805632,0,1,0,0,1,0,1,1,0
1281.795239,1,1,0,1,1,0,0,0,0
1286.696209,1,1,0,0,1,1,0,1,0
1290.256363,1,1,0,1,0,0,1,1,1
1300.020961,1,0,1,1,0,0,0,1,0
1303.862637,1,1,1,1,0,1,0,0,0
1304.668385,1,0,0,0,0,0,1,0,0
1314.032610,0,0,1,0,1,0,1,1,1
1314.897104,0,0,0,0,0,1,1,0,1
1314.898104,1,1,1,1,1,0,0,1,0
1320.555553,1,0,0,0,1,0,0,1,1
1321.077593,1,0,1,1,1,0,1,0,0
1330.755045,0,1,1,1,1,0,0,1,1
1335.755545,1,1,1,1,1,1,0,1,1
1341.200445,0,1,1,0,0,1,0,1,0
1343.684857,0,0,0,1,0,1,1,0,1
1352.572556,0,1,0,0,1,0,0,1,0
1355.007274,1,1,0,1,1,1,0,0,1
1359.298444,1,0,1,1,0,1,0,1,1
1367.372816,1,0,1,1,1,0,0,1,1
1370.593833,1,1,1,0,1,1,1,1,1
1375.663908,0,0,0,1,1,1,0,1,1
1381.414333,0,1,1,1,1,1,1,0,0
1382.297598,0,1,0,0,1,0,0,0,0
1384.673840,1,1,0,1,1,0,1,1,1
1389.330459,0,1,1,0,0,0,1,1,0
1391.982709,1,1,1,0,1,0,0,1,0
1394.977759,0,0,1,0,0,0,0,0,0
1396.663984,1,1,1,0,0,1,1,1,1
1405.951555,1,1,0,1,1,1,1,1,0
1411.691838,0,1,0,0,1,1,1,1,0
1412.065935,0,1,1,0,0,0,1,0,1
1421.453251,1,0,0,0,1,1,1,0,1
1429.581192,0,0,0,1,0,0,0,1,0
1435.319323,1,1,0,1,1,0,1,0,1
1440.693280,1,1,0,0,0,0,1,0,0
1446.997997,1,0,1,1,1,0,0,1,0
1453.718582,0,1,0,1,1,1,1,0,1
1457.086723,1,0,0,0,1,1,1,0,0
1459.143592,1,0,0,0,0,0,0,0,0
1459.783417,0,0,1,0,0,1,0,0,0
1461.848431,0,1,1,0,0,1,1,1,0
1462.922495,1,0,0,1,0,0,1,0,0
1470.881882,0,0,1,1,0,1,0,0,0
1473.309204,1,1,1,1,0,0,0,1,1
1481.358180,0,1,1,1,1,1,1,1,1
1483.025680,0,1,1,1,0,1,1,1,1
1491.391781,0,0,1,1,1,1,1,0,1
1493.634550,1,0,0,0,1,1,0,1,0
1497.822998,1,0,1,0,1,0,0,1,1
1500.013861,1,0,0,0,0,1,1,0,0
1504.934369,1,0,0,0,0,1,0,0,1
1512.403294,1,0,1,1,1,1,1,1,0
1520.347825,0,1,1,0,1,1,1,1,0
1524.812248,0,1,1,0,1,1,0,0,0
1528.384320,0,0,0,0,1,0,0,0,0
1538.075709,1,1,1,0,1,0,0,1,0
1541.032494,1,1,0,0,1,0,0,0,0
1542.536234,1,0,0,0,1,0,0,1,1
1546.901438,1,0,1,1,1,0,0,1,0
1551.287113,0,1,0,1,0,0,0,1,1
1560.619546,1,1,1,0,1,1,1,1,1
1570.159822,0,0,0,1,0,0,1,1,0
1578.874236,1,1,1,0,1,1,0,1,1
1585.531874,1,1,0,1,0,0,1,1,0
1593.608322,0,0,1,0,0,1,0,0,0
1596.611230,0,0,1,0,0,1,0,1,1
1602.977055,1,1,1,0,1,1,1,1,1
1603.221933,0,0,0,0,0,0,0,0,1
1611.900479,1,1,0,1,1,0,1,1,0
1621.559725,0,1,0,0,1,0,0,0,1
1630.040540,0,0,1,0,0,1,0,1,0
1635.092160,1,0,0,1,1,0,1,1,0
1639.304773,1,1,0,1,1,0,1,0,1
1646.228158,0,1,0,1,0,1,0,1,0
1646.426321,1,0,0,1,1,0,1,0,1
1648.041580,1,0,1,1,1,0,1,1,1
1655.177961,0,1,0,1,0,1,1,1,1
1656.094900,1,1,1,0,1,0,1,1,1
1657.990447,0,0,1,1,0,0,1,0,0
1660.047845,1,1,0,0,1,0,0,0,1
1661.715345,1,0,0,1,1,1,0,0,0
1662.581643,0,0,0,0,0,1,1,0,0
1664.175404,1,1,1,1,1,1,0,1,0
1667.626763,0,0,1,0,0,0,0,1,0
1668.019477,0,1,0,0,0,0,0,0,0
1668.383217,1,1,0,1,1,1,1,1,1
1672.150074,1,0,0,0,0,1,1,1,0
1675.911097,0,0,0,1,1,1,0,0,1
1677.506141,1,0,1,0,0,0,1,1,0
1685.894776,0,0,1,1,1,0,1,1,0
1690.062026,1,1,0,0,1,1,0,0,0
1698.395526,1,0,1,1,1,0,1,1,1
1701.033624,0,1,0,0,0,1,0,1,0
1710.774391,0,1,0,1,0,1,0,0,1
1715.143886,1,0,1,1,1,0,1,1,0
1719.156319,1,0,0,0,1,1,1,0,1
1720.657169,0,0,1,1,0,1,0,1,1
1726.127576,1,1,0,0,0,0,1,0,1
1726.397366,0,1,1,1,1,0,1,0,1
1728.364836,0,0,0,1,0,1,1,0,1
1733.230215,1,1,1,0,0,1,0,1,1
1742.386263,0,0,0,0,1,1,0,0,0
1745.394674,1,0,1,0,1,1,0,1,1
1752.999955,1,0,0,1,0,1,1,0,1
1755.780301,1,0,1,1,0,0,1,1,0
1764.133688,0,0,1,1,1,1,0,1,0
1771.233545,0,0,1,0,1,0,0,1,0
1772.773847,0,1,1,0,0,0,1,0,0
1773.659113,1,0,1,0,1,0,0,1,0
1778.516770,0,0,1,1,0,0,1,0,0
1782.413484,1,1,0,1,1,0,1,1,1
1792.208587,1,1,0,0,1,1,0,0,0
1794.490998,1,0,0,1,0,0,1,1,1
1799.185407,1,1,1,1,1,0,1,1,1
1806.663665,1,1,0,1,0,1,1,0,0
1812.901665,0,0,0,0,1,1,0,0,0
1815.856915,0,1,0,0,1,0,0,0,0
1822.402071,0,0,0,0,0,0,0,1,1
1831.103108,0,0,0,1,0,0,1,1,1
1838.993944,0,1,0,0,0,0,0,0,0
1839.009713,1,0,0,0,0,0,0,0,1
1839.942823,0,1,0,1,0,0,0,0,1
1846.505667,1,1,0,0,0,0,1,0,1
1848.878693,0,0,1,1,1,0,0,1,0
1854.879093,0,0,1,1,1,1,0,1,1
1864.591121,1,1,0,0,1,0,1,1,1
1868.662421,0,0,0,1,0,0,0,0,0
1871.538134,1,1,1,0,1,0,1,1,0
1873.314956,0,1,0,0,0,0,0,0,0
1876.401150,0,1,0,0,0,1,0,0,1
1882.370139,0,0,1,0,0,0,1,0,0
1892.036839,1,1,1,1,1,1,0,0,1
1894.219824,1,1,0,0,0,1,1,0,0
1895.636612,1,0,1,1,1,1,1,1,1
1898.397982,1,1,0,1,1,1,1,1,0
1901.342084,0,0,1,0,1,1,0,1,1
1908.259685,1,1,1,1,1,0,1,1,0
1910.944783,0,1,1,0,0,1,0,1,0
1914.565730,0,0,1,0,0,1,0,0,1
1917.335332,0,0,1,0,0,1,0,0,1
1926.300952,1,1,0,1,1,1,1,0,0
1933.444095,1,0,0,1,1,0,1,1,1
1936.938722,1,0,0,1,0,0,1,0,0
1941.066293,0,1,1,1,1,1,0,1,0
1941.920866,1,1,1,0,1,0,1,0,1
1942.311438,1,0,0,1,1,1,1,1,0
1951.478188,0,0,1,1,0,1,0,1,0
1954.852710,1,0,1,0,1,0,1,1,0
1957.075710,0,0,1,0,0,1,0,1,1
1966.959443,0,0,1,1,0,1,0,0,0
1975.407874,1,0,0,0,0,1,1,0,1
1976.472597,0,1,0,1,1,1,1,1,1
1976.654458,1,1,0,0,0,1,0,0,0
1985.308439,0,1,1,0,0,0,0,0,0
1993.880010,0,0,0,1,0,1,1,0,0
1994.768018,0,1,0,0,1,1,0,1,0
2004.555274,1,0,0,1,1,1,1,1,0
2014.358491,1,1,0,0,1,1,0,0,0
2021.170090,1,0,0,1,0,0,1,1,0
2025.084179,0,1,0,0,1,1,0,1,1
2028.023661,0,0,1,0,0,1,0,0,1
2031.953948,0,0,0,1,0,1,0,0,0
2039.592375,1,1,1,1,1,1,1,1,0
2048.700991,1,1,0,1,1,1,1,1,1
2054.951366,1,0,0,1,1,1,1,0,1
2063.173766,1,0,1,1,1,0,1,1,0
2072.703102,0,1,1,0,0,0,0,0,1
2079.352443,0,1,1,0,0,0,1,1,0
2081.163814,1,0,0,1,1,1,1,1,0
2084.276802,0,0,1,1,0,1,0,0,1
2090.281930,1,0,0,0,1,1,1,1,0
2093.992236,1,0,0,0,1,0,0,1,0
2097.003688,1,1,0,1,1,1,1,1,1
2105.588588,1,0,1,1,1,0,1,1,1
2111.588988,0,1,1,0,0,0,0,0,1
2117.166988,1,1,0,1,1,1,1,0,1
2125.219131,0,0,1,0,0,1,0,0,0
2128.675668,1,1,0,1,0,0,1,1,1
2131.812718,0,1,1,1,1,1,1,0,1
2140.191876,1,0,1,1,0,1,1,1,0
2143.949208,0,0,1,1,1,1,0,0,1
2152.161308,0,1,1,0,0,1,0,1,1
2158.673284,1,1,1,1,1,1,1,1,0
2167.967732,1,0,0,0,1,0,1,0,1
2168.234584,1,0,0,0,1,1,0,1,0
2170.367640,0,0,1,1,0,1,0,0,1
2176.433607,1,1,0,1,0,0,1,0,0
2178.082794,1,1,0,1,0,0,1,1,0
2179.722975,1,1,0,1,0,1,1,0,0
2187.450475,0,1,0,1,0,0,1,0,0
2188.608994,1,1,0,0,1,1,1,0,0
2196.340564,1,0,1,0,1,1,0,0,1
2205.379122,0,1,1,1,1,1,1,0,0
2208.018747,1,1,0,0,0,0,0,1,1
2210.584936,0,1,1,1,0,0,1,1,0
2211.666909,1,0,0,1,1,0,1,0,1
2215.711548,1,0,1,0,0,0,0,0,1
2223.265556,0,1,1,1,1,0,1,1,1
2230.627119,1,1,1,1,1,1,0,1,0
2232.745554,1,0,1,1,0,1,1,0,1
2233.582973,0,0,1,1,1,0,0,1,0
2243.126248,0,1,0,1,1,1,1,1,1
2252.310286,0,1,0,1,0,0,1,0,0
2257.047654,0,1,0,0,1,1,1,0,1
2263.973887,1,1,1,0,0,0,0,0,0
2273.584705,0,0,0,0,0,1,0,1,0
2279.187484,0,0,0,1,0,0,1,0,1
2285.167713,0,0,1,0,1,0,1,0,1
2286.657926,0,0,1,1,0,0,1,1,0
2291.750441,0,0,0,1,0,1,1,0,0
2297.980326,1,0,0,1,1,1,0,1,0
2302.056549,1,0,0,0,0,0,1,1,0
2308.682778,1,1,1,1,0,1,1,1,1
2315.325843,1,1,1,1,0,1,1,0,0
2322.839605,0,1,0,0,0,0,0,0,1
2325.521684,1,1,1,1,1,0,0,1,1
2334.843786,1,0,1,1,1,1,1,1,0
2342.752007,0,1,0,1,1,1,1,1,1
2350.282742,0,0,1,0,0,0,1,0,0
2360.095844,1,1,1,1,1,0,1,0,0
2360.231360,1,0,0,1,1,0,0,0,0
2363.288926,1,1,0,0,0,0,0,0,1
2370.450094,1,0,1,1,1,1,0,1,1
2379.014594,1,0,0,1,1,0,1,1,0
2385.892840,0,1,0,1,1,1,1,0,1
2395.035226,0,0,0,1,0,0,0,1,1
2397.535976,1,1,0,1,0,1,1,1,0
2398.137438,0,1,1,1,1,1,0,1,0
2403.421860,1,1,0,1,0,0,1,0,0
2405.226602,1,0,0,0,0,1,1,1,1
2405.227602,1,1,0,0,1,1,0,0,1
2409.907033,1,1,1,0,1,0,0,1,0
2413.270686,0,1,0,1,0,1,1,0,1
2421.726723,1,0,1,0,0,0,1,1,0
2422.992097,0,0,0,1,1,1,1,0,0
2430.996250,1,0,1,1,1,1,1,0,1
2438.303186,0,0,1,0,0,0,1,1,0
2438.871894,1,0,0,1,0,1,0,0,1
2447.828157,0,1,0,1,0,1,1,0,1
2454.154559,1,0,0,0,0,0,0,0,0
2456.970811,1,1,1,1,0,0,1,1,1
2466.511365,1,1,0,0,0,1,0,0,0
2475.187345,1,0,0,0,0,0,0,0,0
2484.708258,0,1,1,1,0,1,1,0,0
2485.412651,0,0,0,1,0,1,0,0,0
2494.301651,1,1,1,1,1,1,1,1,0
2500.235793,0,1,0,1,1,1,1,0,1
2500.589917,0,1,1,0,1,1,1,0,1
2505.881868,1,1,0,1,0,0,1,0,1
2509.541039,1,0,1,1,0,0,0,0,1
2516.680398,1,1,1,0,1,1,0,1,0
2522.380625,1,1,1,0,1,0,0,1,1
2526.368647,1,1,0,0,0,0,0,1,0
2533.626986,0,1,1,0,0,0,1,0,0
2541.627186,1,0,0,1,1,1,0,1,0
2546.816479,0,0,0,0,1,0,0,1,1
2548.027035,1,1,0,1,0,1,0,0,1
2553.336146,1,0,1,0,1,1,1,1,1
2555.761753,0,0,1,0,1,1,1,1,1
2558.212037,1,1,0,0,1,0,1,1,1
2559.759844,1,0,1,1,1,1,0,0,1
2566.703849,1,1,1,1,0,1,1,1,1
2572.831404,0,0,0,1,0,1,1,1,1
2578.914270,0,0,1,0,0,1,1,0,1
2587.485842,0,1,1,0,1,1,1,1,0
2590.974865,0,0,0,1,1,0,1,0,1
2593.598553,0,1,0,0,1,0,0,0,0
2595.009669,1,1,0,1,1,0,0,0,0
2597.478776,0,1,1,0,1,0,0,0,0
2605.367337,1,1,0,0,0,1,1,0,0
2611.836938,1,1,0,0,0,1,0,0,0
2618.101294,1,0,0,1,0,1,1,0,1
2624.957133,1,0,1,1,1,1,1,0,1
2627.550466,1,1,1,0,0,1,0,1,1
2628.401458,0,0,1,1,0,0,1,0,1
2635.269241,0,1,1,1,0,1,0,1,0
2636.216343,1,0,0,1,1,1,1,0,0
2639.241494,1,1,0,1,1,0,0,0,1
2640.129979,0,1,1,0,0,0,1,1,1
2641.830809,1,0,1,0,0,1,0,0,0
2645.331459,1,0,0,0,0,1,1,1,1
2645.960150,0,1,1,1,1,0,1,0,1
2652.997891,1,1,1,1,1,0,1,1,1
2653.761867,0,1,0,1,1,1,1,1,1
2654.852501,1,1,1,0,0,1,0,1,0
2656.076401,0,0,0,1,0,1,1,0,1
2657.822067,0,0,1,1,0,1,1,0,0
2661.833151,0,0,0,1,0,0,1,0,0
2662.976012,1,0,1,1,1,0,1,0,0
2664.428222,1,1,0,0,1,0,0,1,0
2670.977943,0,0,0,1,1,1,1,0,0
2679.630560,1,1,0,0,1,1,0,1,0
2686.446165,0,1,1,0,0,0,0,1,0
2687.903973,1,1,0,1,1,1,0,1,0
2696.626323,1,0,1,1,0,1,1,0,0
2698.702250,0,0,1,0,0,1,0,0,0
2703.584364,1,0,0,0,1,1,1,0,0
2707.278967,0,0,1,1,0,0,0,1,1
2712.582467,0,1,1,1,1,0,1,1,1
2715.113497,1,0,0,1,0,1,1,0,1
2718.919784,1,1,0,0,0,1,1,1,1
2725.031284,1,1,1,1,1,1,1,1,1
2731.158329,0,1,0,0,1,1,0,0,0
2731.940340,0,0,1,1,1,1,1,1,1
2738.124296,1,1,1,1,0,0,1,0,1
2746.897293,0,0,0,1,0,1,1,0,1
2747.627758,0,1,1,1,1,0,1,1,0
2747.692445,1,0,0,1,0,1,0,1,1
2755.359345,1,0,0,1,1,1,0,1,1
2755.360345,1,1,1,0,1,1,0,0,1
2758.537498,0,1,1,0,0,1,1,0,1
2767.765763,1,0,1,0,1,1,0,0,0
2777.394006,1,0,1,0,0,0,0,0,0
2781.856098,1,0,1,1,0,0,0,1,1
2783.615164,1,1,0,1,1,0,1,0,0
2793.539757,0,1,0,0,1,1,1,1,0
2800.866081,0,0,1,0,0,0,0,1,1
2801.260743,1,1,1,0,0,0,0,0,1
2808.352724,1,1,0,0,0,1,0,1,0
2810.319045,1,1,0,0,1,0,0,1,0
2817.028886,0,0,0,0,1,1,0,1,1
2821.256267,1,0,1,1,1,0,1,0,1
2824.406123,1,1,1,0,0,1,1,1,1
2824.944967,0,0,1,0,0,0,0,1,0
2830.734862,0,0,0,0,0,0,0,1,0
2831.051970,1,1,1,1,1,1,1,1,1
2831.538751,1,1,1,1,1,1,1,0,1
2831.883513,0,0,0,0,1,0,0,1,1
2839.902580,0,1,0,1,0,1,1,1,0
2849.457355,1,0,0,0,0,1,0,1,0
2853.665643,1,0,1,1,1,1,1,0,1
2856.556527,0,0,1,0,1,1,0,1,0
2860.987261,0,0,1,0,1,0,0,0,0
2863.645653,1,0,0,1,1,1,1,0,1
2870.550724,0,0,0,0,0,0,0,1,0
2873.979953,0,0,0,1,0,1,0,0,0
2877.017864,0,1,1,0,0,1,1,1,1
2886.095447,1,1,1,0,0,0,0,1,1
2889.810361,0,0,1,1,1,1,0,0,1
2897.773528,1,1,1,0,0,1,1,0,1
2905.165602,0,0,0,1,0,0,0,0,1
2911.765942,1,1,1,1,0,1,1,0,1
2921.146382,0,0,1,1,0,1,1,1,0
2925.530506,0,0,0,1,1,1,1,1,1
2928.606287,1,0,1,0,1,1,0,1,1
2938.574545,0,0,1,0,0,1,0,0,1
2945.057514,1,1,0,1,0,1,1,0,1
2953.955501,0,1,0,0,0,0,0,0,1
2955.220597,0,1,1,0,0,1,1,0,0
2960.877140,1,1,1,0,1,1,0,0,0
2960.983393,1,0,0,0,0,1,0,1,1
2966.305112,0,0,1,1,0,0,0,0,0
2973.947934,0,1,0,1,1,0,0,1,1
2982.434572,1,1,1,0,1,0,1,0,1
2991.031203,0,0,0,1,0,1,1,0,1
2996.716566,1,0,1,0,1,1,0,0,1
2997.449200,0,1,0,1,1,0,1,0,1
2998.363764,0,1,1,0,0,1,0,1,0
2999.352098,1,0,1,0,0,0,1,1,1
3002.225151,0,0,0,0,1,1,0,0,1
3003.222361,1,0,1,1,1,0,0,1,1
3011.730985,0,1,1,0,0,1,1,0,1
3016.071727,0,0,1,0,1,0,0,1,1
3022.156456,0,0,0,1,1,1,0,0,0
3029.571348,1,0,1,0,0,1,1,0,1
3032.769703,0,1,1,0,0,1,0,1,1
3033.374416,0,1,1,0,1,0,0,1,0
3034.463915,0,0,1,1,0,0,0,1,0
3037.645909,0,1,0,0,0,0,0,0,1
3041.608777,0,1,1,1,0,1,1,0,0
3048.420690,0,0,1,0,1,0,0,0,1
3049.660504,1,0,1,1,1,1,0,1,0
3051.227613,1,0,1,0,0,1,1,1,0
3052.800560,0,0,1,0,1,0,0,0,0
3058.645131,1,1,1,1,1,0,1,0,1
3066.026345,0,0,0,1,0,0,0,0,0
3074.532242,1,1,0,1,1,0,0,1,1
3081.993636,0,1,1,1,1,1,0,0,1
3082.399454,1,1,0,1,0,1,1,1,0
3084.737385,1,1,1,0,0,0,1,0,0
3094.234290,1,0,1,0,1,0,1,0,0
3099.468809,0,0,1,1,0,1,1,1,1
3109.407840,1,0,0,0,0,0,1,1,1
3116.829301,1,0,0,1,1,0,0,1,1
3126.800651,0,1,1,0,1,0,0,0,1
3130.293871,0,1,1,0,1,1,1,1,0
3139.605004,1,1,1,0,1,1,1,0,1
3147.390461,1,1,0,0,1,0,0,0,0
3153.483117,1,1,0,1,0,1,1,0,1
3158.938117,1,1,0,1,0,0,1,0,0
3162.220642,0,0,0,0,1,0,0,1,1
3164.248467,0,0,0,1,0,1,1,0,0
3167.990589,0,1,0,1,1,0,1,1,0
3175.927303,0,0,1,0,0,0,0,1,1
3182.786592,1,0,0,0,1,1,0,0,1
3191.589528,0,1,0,0,0,0,0,1,0
3196.190068,1,1,1,0,1,0,0,0,0
3202.203468,0,1,1,1,1,1,0,1,0
3210.380446,1,0,1,1,1,0,1,0,1
3215.132352,1,1,0,1,0,0,1,1,0
3220.626815,0,1,1,1,1,0,1,0,0
3229.950027,1,0,0,0,1,1,1,1,0
3236.236599,1,1,0,1,1,0,1,1,0
3244.985352,0,0,1,1,0,0,1,0,0
3245.314188,1,1,0,1,1,1,0,1,1
3252.630533,0,1,1,1,1,1,0,0,0
3254.112866,1,0,0,1,1,1,1,0,1
3254.748244,0,0,0,1,1,1,1,0,0
3257.248994,1,0,0,0,0,0,1,0,1
3257.401036,0,0,0,0,0,0,1,0,1
3267.013144,1,0,1,0,1,1,0,1,1
3270.823287,0,1,0,1,1,0,0,0,1
3276.440163,0,0,0,1,1,1,1,1,1
3280.576264,1,1,0,1,1,1,1,1,1
3286.744530,0,1,1,1,0,1,1,1,0
3290.910702,1,0,0,1,1,1,0,1,1
3291.504236,0,1,1,0,1,0,0,0,0
3297.256873,0,0,1,1,1,0,0,0,1
3301.765815,0,0,0,0,1,1,1,0,0
3311.624623,0,0,0,1,1,1,0,0,1
3321.499635,0,1,0,1,0,0,0,1,1
3326.229404,0,0,1,1,1,0,1,1,1
3326.705217,1,0,0,0,0,1,1,0,1
3331.755712,1,0,1,1,0,1,1,0,0
3338.247291,0,0,1,0,1,0,1,1,0
3342.692291,0,1,0,1,0,1,1,1,0
3347.225710,0,0,0,1,0,0,0,0,1
3350.264231,1,1,1,0,1,1,0,1,0
3359.616455,1,0,0,1,0,0,0,0,0
3360.985357,0,1,1,0,0,1,0,1,0
3364.985957,0,1,0,0,1,0,1,1,1
3369.177882,1,1,0,0,1,0,1,1,0
3378.978897,0,0,1,0,0,1,0,0,1
3384.330118,1,1,1,0,0,0,0,0,1
3389.361165,0,1,0,1,0,1,1,1,0
3391.201062,0,1,0,1,0,0,0,0,1
3393.964343,1,1,1,0,1,1,1,0,0
3403.443561,0,1,0,1,0,0,1,1,1
3410.005889,0,0,0,0,0,0,0,0,1
3416.854408,1,0,1,1,1,0,0,0,0
3419.533043,1,0,1,1,0,1,0,1,1
3420.039043,1,1,0,0,0,1,1,1,1
3428.656828,0,1,0,1,1,0,1,0,1
3438.255679,0,0,0,1,0,1,1,0,1
3440.876962,1,0,0,0,0,0,0,1,0
3442.936580,1,1,1,0,1,0,0,0,1
3446.302323,0,0,0,1,1,1,0,1,0
3449.853264,1,0,0,1,0,1,0,1,1
3452.354014,0,0,1,0,0,1,0,1,1
3461.613347,0,0,1,0,1,0,0,0,1
3465.988909,0,1,0,1,0,0,0,0,0
3467.053633,0,1,1,0,0,0,0,0,0
3469.003156,0,0,1,0,1,0,0,1,0
3472.287410,0,1,0,0,1,1,1,0,0
3474.399597,0,1,1,1,1,1,1,0,0
3479.976963,0,0,1,0,0,1,0,0,1
3482.709930,1,0,1,1,1,0,1,1,0
3486.992618,0,0,0,0,1,1,0,0,1
3487.707832,1,0,1,1,1,1,0,1,0
3493.965190,1,1,1,1,1,0,0,0,1
3500.558272,1,0,0,0,1,0,1,1,0
3509.906163,1,0,0,1,1,1,0,1,0
3515.035384,1,1,0,0,1,0,0,0,0
3517.107115,0,1,0,0,1,1,0,0,0
3523.582288,1,0,1,1,0,0,1,1,1
3532.973653,1,0,0,1,0,0,1,0,0
3534.018238,0,0,1,0,0,1,0,1,1
3543.838076,1,1,1,0,0,0,0,0,0
3551.663714,1,0,1,1,1,0,1,0,0
3556.149392,1,1,1,0,1,1,0,0,0
3564.783823,1,1,1,1,0,1,1,1,1
3567.689041,0,0,1,1,0,1,0,0,1
3567.690041,1,1,1,0,1,0,1,0,0
3569.509041,0,1,1,0,1,0,1,1,1
3578.918989,0,1,0,1,0,1,0,1,1
3586.864400,1,1,1,0,0,0,0,1,1
3589.911453,1,0,1,0,1,0,1,0,0
3599.704577,0,0,1,1,0,1,0,1,1
3608.364505,0,1,1,0,1,0,0,1,1
3612.215249,0,0,1,0,0,1,0,1,0
3615.373009,0,0,0,1,1,1,0,0,1
3616.775543,0,0,1,0,1,0,1,1,0
3622.268222,1,1,0,1,1,1,0,1,0
3625.431590,0,0,1,1,1,1,0,0,1
3630.192819,0,0,1,1,0,1,0,0,0
3635.416511,1,1,0,1,0,0,1,0,0
3643.640884,0,1,1,1,1,0,1,1,1
3645.899723,1,0,1,1,1,1,1,0,0
3646.085487,0,0,0,0,0,1,0,0,0
3649.974987,1,0,0,0,0,1,0,1,1
3657.684307,0,0,1,0,0,1,0,1,0
3657.833991,0,0,0,1,1,0,1,1,0
3662.096558,0,1,1,0,0,0,0,0,0
3670.985558,0,0,1,1,0,0,0,1,0
3673.953581,1,1,1,0,0,1,1,0,1
3681.628232,1,1,0,1,1,0,0,1,0
3687.245109,0,0,0,1,1,1,0,1,1
3688.573599,0,0,0,1,0,1,0,1,0
3698.097456,0,1,0,0,0,0,0,0,0
3702.999032,1,0,1,1,1,0,1,0,0
3706.971343,1,1,1,0,0,1,1,1,1
3711.971843,1,0,0,1,0,0,1,1,1
3717.862665,0,0,1,0,0,1,0,0,0
3718.902321,1,1,0,0,1,1,1,0,0
3726.488769,0,0,0,0,0,1,0,1,0
3734.550978,0,0,0,0,1,1,0,0,1
3735.848552,0,0,0,0,0,0,0,0,1
3735.958897,0,1,0,0,1,1,0,0,1
3741.792647,1,0,0,0,1,0,1,0,0
3749.409633,1,0,1,0,1,0,1,0,1
3753.642419,1,0,1,0,0,1,1,0,0
3755.794105,0,1,0,1,1,1,0,1,1
3760.204277,0,0,0,1,0,0,0,0,0
3762.777836,1,0,0,1,0,0,1,1,0
3767.416053,0,1,0,1,0,1,1,1,0
3772.240222,0,0,0,0,1,1,0,1,1
3778.240622,1,1,0,0,1,1,0,0,0
3786.506256,0,0,1,1,0,0,0,1,1
3791.974335,0,1,0,1,0,0,0,1,1
3792.989726,0,1,0,1,0,0,1,0,0
3796.768582,1,1,0,0,1,1,1,0,1
3801.469967,0,0,0,0,0,1,1,1,0
3805.045018,0,1,1,1,0,0,0,0,0
3811.633595,1,0,0,0,1,1,1,1,0
3820.506048,0,0,0,0,0,0,1,1,0
3827.839648,1,1,0,1,1,0,0,1,0
3832.284648,1,1,0,1,0,0,0,0,1
3833.015502,0,0,0,1,0,0,1,0,1
3837.218536,0,0,1,1,1,0,0,1,1
3843.881241,1,1,1,1,0,1,0,0,0
3850.792746,1,0,1,1,0,1,1,0,1
3854.734239,1,0,0,0,0,0,0,1,1
3857.749826,1,0,0,0,1,0,1,1,1
3858.584076,0,0,0,1,0,1,0,0,0
3859.564359,1,0,1,1,0,1,1,0,1
3868.361563,1,0,1,0,0,1,1,0,1
3876.868994,1,1,1,0,1,0,1,1,1
3882.126611,1,1,1,0,0,0,1,1,1
3883.499567,0,0,1,0,1,0,1,0,0
3887.352034,0,1,1,0,0,1,0,0,0
3894.989811,1,1,1,0,0,1,1,0,1
3899.619977,0,0,0,1,1,1,0,1,0
3902.510862,0,1,0,1,1,0,1,0,1
3911.365143,1,1,1,1,1,0,1,1,1
3919.002994,1,0,0,0,1,0,0,1,0
3926.175859,1,0,1,1,0,0,0,0,0
3934.579528,0,0,0,0,1,1,1,0,0
3938.162680,1,0,0,1,1,1,1,0,1
3944.707143,1,1,0,0,0,0,0,1,1
3950.493518,1,0,0,0,1,1,1,1,1
3953.361615,0,0,0,1,1,1,1,1,1
3955.729242,0,1,1,0,0,0,0,1,0
3963.182189,0,1,1,0,0,0,1,1,0
3969.919804,1,1,0,1,1,0,1,1,1
3975.086954,1,1,1,1,0,1,1,1,1
3977.456511,1,1,1,1,0,1,1,0,0
3980.664261,1,1,1,0,1,1,1,0,1
3984.489696,1,1,0,1,1,0,0,1,0
3988.885537,0,1,0,1,0,1,0,0,0
3990.299769,1,1,0,1,1,1,1,0,1
3998.075460,0,1,1,1,1,1,1,0,0
4000.656847,1,1,0,1,0,0,0,1,0
4001.217791,1,0,1,1,0,0,1,1,1
4004.459846,1,0,1,1,0,0,1,0,1
4004.460846,1,1,0,0,1,1,1,1,1
4007.921070,1,1,1,0,0,1,1,0,0
4015.749276,1,1,0,0,1,0,1,1,0
4024.833337,1,1,1,1,1,1,0,1,1
4024.990223,0,1,1,0,0,1,0,1,0
4027.574298,0,0,0,1,0,0,1,0,1
4035.533686,1,1,1,0,1,0,1,0,0
4040.130426,1,0,1,0,1,1,0,1,0
4044.410121,1,1,0,1,0,1,1,0,1
4046.774862,1,1,1,1,1,1,1,0,1
4047.258189,0,1,0,1,0,1,0,0,0
4055.348268,0,0,0,1,1,1,1,1,0
4058.716452,1,1,0,0,0,0,1,0,0
4068.165660,0,0,0,1,1,1,0,1,1
4074.470377,0,1,1,1,0,1,0,0,1
4081.970627,0,1,0,0,0,1,0,1,1
4090.262403,1,1,0,1,1,1,1,0,0
4096.496546,0,0,1,1,1,0,1,1,0
4103.031189,1,1,0,1,0,0,1,1,1
4108.325777,0,0,1,1,0,0,0,1,1
4114.833219,0,1,1,0,0,1,0,0,0
4120.729733,1,1,0,0,1,0,1,0,0
4121.303273,0,1,1,1,0,0,1,1,0
4122.483400,1,0,0,0,1,0,0,1,0
4123.012207,1,0,0,0,0,0,1,0,1
4131.557807,1,0,0,1,1,1,0,1,0
4132.997384,1,1,0,1,0,0,0,0,0
4142.923970,0,1,1,1,1,0,0,1,1
4146.304913,0,0,1,0,0,0,1,1,0
4150.170261,1,0,0,0,1,0,0,1,1
4154.317188,0,0,1,0,0,1,0,0,1
4154.440127,0,1,0,1,1,0,1,1,1
4161.906134,1,1,0,0,0,1,0,1,1
4169.842387,1,1,1,0,1,0,1,1,1
4173.544228,1,1,0,0,1,0,1,1,0
4179.935121,1,0,1,0,1,1,1,0,0
4181.700651,1,1,0,1,1,0,1,1,1
4190.976818,1,0,1,0,1,1,1,1,1
4199.708288,0,0,1,0,0,0,0,0,0
4205.393433,0,0,0,1,1,0,0,0,1
4207.344316,1,0,0,0,0,0,1,0,0
4213.865611,0,0,1,1,1,1,1,1,0
4215.337052,0,0,0,0,1,0,1,0,1
4225.142461,0,0,1,1,1,1,1,1,0
4232.114594,1,0,1,0,0,0,1,1,1
4240.493877,1,0,0,0,1,0,1,0,0
4244.910679,1,1,0,1,1,1,1,1,0
4245.744929,0,0,0,1,1,1,0,0,1
4252.242455,0,1,1,0,0,1,1,0,1
4257.692348,0,1,1,1,0,1,1,0,0
4265.978234,0,0,0,0,0,1,0,1,0
4269.623729,0,0,1,1,1,1,0,1,1
4277.374365,0,1,0,0,1,1,1,1,1
4278.719768,1,1,0,0,0,0,0,0,0
4284.374964,1,1,0,0,0,1,0,1,1
4284.841034,0,0,0,0,0,1,1,0,0
4289.286034,1,0,1,1,1,0,1,0,1
4297.447983,0,1,0,1,1,1,1,0,1
4303.448383,1,0,1,1,0,1,1,1,0
4310.488152,0,1,1,0,0,0,1,0,0
4317.398574,1,1,1,1,1,0,1,1,1
4325.234407,0,0,0,0,1,0,0,1,0
4329.490300,1,0,0,1,1,1,0,0,0
4338.095091,0,0,0,0,0,0,1,0,1
4342.433557,0,0,1,0,1,0,0,0,1
4349.238610,1,0,0,0,0,1,0,0,0
4353.510706,0,1,0,1,0,1,1,0,1
4361.174284,1,1,0,1,1,1,1,0,1
4369.680992,1,1,1,1,0,0,1,0,0
4374.148858,0,1,0,1,0,0,0,1,1
4382.935496,0,0,0,0,0,0,0,1,0
4391.847522,1,1,0,0,1,1,0,1,0
4397.259746,1,0,0,1,0,1,1,1,0
4399.728031,1,1,1,1,1,1,0,0,1
4402.483247,0,1,0,0,1,0,0,1,1
4406.458208,1,1,1,0,0,1,0,0,0
4412.029428,0,0,0,1,0,0,0,0,1
4420.124856,1,0,0,0,0,0,0,1,0
4426.737771,1,1,0,1,0,1,1,0,0
4428.343549,0,1,1,0,1,0,0,1,0
4434.637113,1,1,0,1,0,1,0,1,0
4441.718745,1,0,1,1,0,1,1,0,0
4448.420464,1,1,0,1,1,0,1,0,1
4449.985234,1,0,0,0,1,1,1,0,1
4453.605707,0,0,0,1,0,0,0,0,1
4455.514208,0,0,0,0,1,0,0,0,0
4459.459188,0,0,1,0,1,0,1,0,0
4461.816640,0,0,1,0,0,0,1,1,1
4463.273598,1,1,0,1,0,1,1,1,0
4465.568275,1,0,0,1,0,1,1,0,0
4469.457100,1,1,1,0,0,0,0,0,1
4471.513032,1,0,0,1,1,1,1,0,1
4480.486108,0,0,1,0,1,0,1,1,1
4484.614730,0,1,0,0,1,0,1,1,1
4491.632573,0,0,0,1,0,1,1,1,1
4497.524875,0,0,0,1,1,0,1,1,0
4497.541523,0,1,1,1,0,1,0,1,0
4500.161309,0,1,0,1,1,1,1,1,0
4503.919977,0,1,0,1,1,0,1,1,0
4513.390782,0,0,0,1,1,0,0,1,1
4521.691347,0,0,1,0,1,0,0,0,1
4527.634028,1,0,0,1,1,1,1,0,1
4528.790982,1,1,1,1,1,0,0,1,0
4534.391422,1,0,0,0,0,0,0,0,1
4537.930529,1,0,1,0,0,0,0,1,1
4540.219987,1,1,0,0,0,0,0,0,0
4545.981010,1,0,0,1,1,0,1,1,1
4554.467708,0,0,0,1,0,0,0,1,1
4562.008937,0,1,0,1,1,0,0,0,0
4570.009137,1,1,0,0,0,0,1,0,0
4574.870762,1,0,1,0,1,1,0,1,1
4577.289228,1,0,0,0,0,0,1,0,1
4578.906956,1,1,0,1,1,1,0,0,0
4584.832778,0,0,0,0,0,0,0,0,1
4585.588419,1,0,1,1,0,1,0,0,0
4595.348443,1,0,0,1,1,1,1,1,0
4601.860420,1,1,1,0,0,0,0,1,1
4602.342655,1,0,0,1,0,1,1,1,1
4609.778809,0,1,1,0,0,0,1,0,0
4612.349646,0,1,0,0,0,1,1,0,0
4614.037224,1,1,1,1,0,1,1,0,1
4622.143474,1,1,1,1,1,1,1,0,1
4630.216354,0,1,1,0,1,0,1,0,1
4630.967559,1,1,0,0,0,0,0,0,1
4634.753491,1,1,0,1,0,1,0,0,1
4640.773307,0,0,0,0,1,1,0,0,0
4643.244084,0,1,0,0,1,1,0,1,1
4650.732486,1,0,0,0,0,0,1,0,0
4653.658364,1,1,1,0,0,1,1,1,0
4654.663507,0,0,1,1,0,1,0,0,1
4664.481154,0,1,1,1,0,0,0,1,0
4669.909484,1,0,0,1,0,0,0,1,0
4672.231977,0,1,0,0,0,0,1,0,0
4676.780980,0,0,0,0,1,1,0,1,0
4679.479079,0,1,1,1,1,0,0,0,0
4686.899037,1,1,0,0,1,1,0,0,1
4690.180959,0,0,0,1,1,0,0,0,1
4696.880796,1,1,0,1,0,1,1,1,0
4699.330531,0,0,0,0,1,1,0,1,1
4708.906845,0,1,1,1,1,1,0,1,1
4711.507585,0,0,0,1,1,1,0,0,0
4715.209002,1,0,0,1,0,1,1,1,0
4721.788591,1,1,0,0,1,1,1,0,1
4730.338444,1,1,0,0,1,1,0,0,1
4732.339244,0,0,0,1,0,1,0,1,0
4735.263029,0,1,0,0,0,0,1,0,0
4736.147333,1,1,1,0,1,0,0,1,0
4741.784133,0,1,0,0,1,0,0,1,1
4744.710604,0,0,0,0,0,0,0,1,0
4750.501466,0,1,1,1,1,0,1,0,1
4755.902770,0,0,1,1,0,0,1,1,0
4757.974501,1,1,0,0,0,0,0,1,1
4765.810783,0,1,0,1,0,0,0,0,1
4774.890240,0,0,0,1,0,0,1,0,0
4784.022403,0,0,0,0,0,0,1,1,0
4793.959251,1,0,0,0,1,0,1,1,0
4794.126347,1,0,0,0,0,1,1,1,0
4802.459847,1,0,1,1,0,0,0,1,1
4809.005647,1,1,1,1,0,0,1,0,1
4810.316789,0,1,0,1,0,1,0,0,0
4810.342356,1,0,0,1,0,0,1,0,0
4816.646298,1,0,1,1,0,0,0,1,0
4816.876866,1,1,1,0,1,1,1,0,1
4820.934604,0,0,0,0,0,0,0,0,1
4822.616470,0,1,1,0,1,0,0,1,0
4830.550949,0,0,1,0,0,0,1,1,1
4830.551949,1,1,0,0,0,0,0,1,0
4835.900442,1,0,1,1,1,1,0,0,0
4845.814687,0,0,1,0,0,1,0,1,1
4845.815687,0,1,1,0,1,1,0,0,1
4847.536945,0,0,0,0,0,0,0,0,1
4847.630529,1,1,1,0,0,1,1,0,0
4847.902504,1,0,1,0,0,1,1,1,1
4854.170734,0,0,0,1,0,1,1,0,1
4863.358008,0,1,1,0,0,1,0,1,0
4870.000319,0,1,0,0,0,1,1,0,0
4878.114280,1,1,1,0,1,1,1,0,1
4881.196733,1,0,1,0,0,1,0,1,1
4884.973475,0,1,0,0,0,1,1,0,1
4887.065461,1,1,0,1,1,1,1,0,0
4892.622723,0,0,1,0,0,1,0,1,1
4894.456873,0,1,0,0,0,1,1,1,1
4900.398380,0,1,0,0,0,0,0,0,0
4906.212752,0,0,1,1,0,1,1,0,0
4907.806186,0,0,1,0,1,1,0,0,0
4910.047528,1,0,1,1,0,1,1,1,1
4918.408649,1,1,0,1,0,1,0,0,1
4926.324548,1,0,0,1,1,1,0,1,0
4929.070866,1,0,0,1,1,0,0,0,1
4929.812532,1,1,1,0,0,1,0,1,0
4931.819911,0,1,1,0,1,0,1,0,0
4940.874269,1,0,0,0,0,0,0,1,1
4945.126341,0,0,0,0,1,1,0,0,0
4953.465490,0,0,1,0,0,1,1,0,1
4962.134454,1,1,1,1,1,0,1,0,0
4969.766691,0,1,0,1,1,0,0,1,1
4972.530976,1,1,1,1,0,0,1,1,1
4974.753976,0,0,1,1,0,0,0,0,0
4977.527285,1,0,0,1,0,1,0,0,1
4979.099556,0,1,1,0,0,0,0,1,1
4984.807381,0,0,0,1,0,1,0,1,0
4993.021845,1,0,1,1,1,1,1,1,0
4997.189095,0,0,1,0,1,1,1,1,0
5006.218319,1,1,1,0,0,1,1,1,0
5011.224098,0,1,0,1,1,0,1,0,0
5018.905020,1,0,0,1,0,0,1,0,0
5019.585886,0,1,1,0,1,0,0,1,0
5020.184031,0,1,1,0,0,1,0,1,1
5028.165884,1,0,1,0,1,1,1,0,1
5031.910954,1,0,0,0,1,0,0,0,0
5035.320704,0,0,0,0,1,0,1,0,1
5038.050515,1,1,1,0,0,1,0,0,0
5039.713753,0,1,0,1,1,0,1,1,1
5049.548206,1,0,0,1,0,0,1,1,0
5051.070793,0,1,1,1,0,1,1,0,0
5051.520270,1,0,0,1,0,0,0,0,0
5057.912723,0,1,0,1,1,0,1,0,0
5060.413473,0,0,1,0,0,1,0,1,1
5061.243598,1,0,0,1,0,0,0,1,1
5069.917764,0,0,0,1,1,0,0,1,1
5075.829903,0,1,0,1,1,1,0,1,0
5081.071021,0,1,1,0,1,1,1,0,0
5088.453539,1,0,0,1,1,0,1,1,1
5089.712145,0,1,1,0,0,1,1,0,0
5093.971979,0,1,0,0,1,1,0,1,1
5094.613940,0,1,1,1,1,0,1,1,1
5095.864815,0,1,0,0,1,0,0,0,0
5104.385673,0,1,1,1,0,1,0,1,1
5114.195939,0,1,1,1,1,0,0,1,1
5117.520706,1,0,1,0,1,1,0,0,0
5120.616635,1,1,1,1,0,0,1,0,0
5127.082915,0,0,0,1,1,1,0,1,0
5132.903153,0,0,1,0,0,1,1,1,1
5136.276832,0,1,1,0,0,1,1,1,1
5143.336985,1,0,0,0,0,1,0,0,0
5147.150205,1,1,0,1,0,1,0,0,0
5152.374563,0,1,1,1,1,0,1,1,0
5158.359813,0,1,0,1,1,1,0,0,1
5161.465915,0,1,1,1,1,1,1,1,1
5166.074663,0,0,0,1,1,0,1,0,0
5173.538092,0,1,0,1,1,1,0,1,1
5179.322380,0,1,0,0,1,0,0,1,0
5182.147082,0,1,0,0,1,0,0,1,0
5190.086849,1,0,1,1,1,0,1,0,0
5191.794307,1,0,0,1,0,1,0,1,1
5198.768089,1,1,0,1,0,0,1,1,1
5205.067671,1,1,1,1,1,1,0,0,1
5210.703028,0,0,1,0,1,0,0,0,1
5215.763632,0,0,0,0,0,1,0,1,0
5222.539254,0,0,0,0,0,0,1,1,1
5230.539454,1,0,1,0,0,1,1,1,1
5235.957319,1,1,1,0,0,0,0,0,0
5243.402019,0,1,0,0,1,1,0,1,1
5252.073481,1,1,1,0,0,1,1,1,0
5254.912739,1,0,1,0,1,0,1,1,0
5260.139973,1,1,1,1,1,0,1,0,1
5265.677992,1,0,1,0,1,0,1,0,1
5269.580562,1,0,0,0,1,1,1,0,0
5272.945888,0,1,0,0,1,1,0,1,0
5275.533873,0,1,0,1,0,0,1,1,1
5275.832241,1,1,1,0,0,0,1,0,0
5277.938294,1,0,1,0,0,1,0,1,0
5279.480020,1,0,1,1,0,1,1,1,1
5287.741064,1,0,1,0,0,1,0,0,1
5292.109443,0,1,1,1,1,0,1,0,0
5295.963269,0,1,0,0,0,0,1,0,0
5301.846033,1,0,1,1,1,0,1,1,0
5303.268692,1,1,1,0,0,1,0,1,1
5305.311011,0,1,0,1,1,0,1,0,0
5305.839090,1,0,0,1,1,0,0,1,1
5315.124875,0,0,0,0,0,0,1,1,1
5323.958544,0,0,0,1,0,1,0,0,1
5325.014178,1,1,1,0,1,1,1,0,1
5330.301534,0,0,0,1,0,0,0,0,1
5340.057656,0,1,0,1,1,1,0,0,1
5345.318246,1,0,1,1,1,0,0,0,1
5351.712049,0,1,1,0,0,0,1,0,1
5352.247454,0,0,0,1,1,0,0,1,1
5353.075205,1,0,0,0,1,0,1,1,1
5353.166899,1,0,0,0,1,0,0,0,1
5355.606380,1,0,0,0,1,0,1,0,1
5364.444216,0,0,0,1,1,0,1,1,1
5373.325527,1,0,0,1,1,1,1,0,0
5374.201440,0,1,0,1,1,0,1,1,0
5374.577989,0,0,0,1,1,0,1,1,1
5376.785665,1,1,1,1,0,1,1,0,1
5385.560622,0,0,0,1,0,1,0,0,1
5389.491360,1,1,1,1,0,1,0,0,0
5396.885622,0,1,1,1,0,0,0,1,0
5405.999484,0,0,0,0,1,0,0,1,0
5409.071043,0,0,0,0,0,1,1,1,1
5413.461847,0,0,0,1,1,1,1,1,1
5419.603312,1,0,0,1,1,1,1,0,0
5419.996911,0,1,1,0,0,1,1,1,1
5422.177624,0,0,1,0,1,1,0,0,0
5428.786355,1,1,1,1,1,0,0,1,0
5434.527521,1,1,0,1,1,1,1,0,0
5441.915282,0,1,0,0,1,1,1,0,0
5449.419457,0,1,0,1,1,1,0,1,0
5455.547211,1,1,1,0,0,1,1,0,0
5459.038545,0,1,1,0,1,1,0,1,0
5464.648740,1,0,0,1,0,0,0,0,1
5467.724654,1,1,1,0,0,1,1,1,0
5468.602759,1,0,0,0,1,0,1,1,1
5470.432995,0,1,0,1,1,1,0,1,1
5478.766495,1,0,1,0,0,1,1,1,0
5482.043029,0,1,0,1,1,0,1,0,0
5484.647936,0,1,1,0,1,1,1,1,1
5487.664019,0,0,1,1,1,1,0,0,1
5492.385858,1,0,0,1,1,0,0,0,1
5497.479807,1,0,1,0,1,0,0,0,1
5500.614822,1,0,0,1,0,0,1,1,0
5509.359133,1,1,1,1,0,1,1,0,1
5516.431249,1,1,1,1,1,0,1,0,0
5524.318785,0,1,0,1,1,0,0,1,0
5528.509842,1,0,1,1,1,0,0,1,0
5536.188207,1,0,1,0,0,1,1,1,0
5537.303614,0,1,0,0,0,1,0,0,1
5541.662757,1,1,0,0,0,0,1,1,0
5546.014058,1,0,0,0,0,0,1,0,0
5547.238112,0,0,0,1,0,1,1,0,1
5553.189437,0,1,1,1,1,1,1,1,1
5559.804359,1,0,1,1,0,1,1,0,1
5562.771814,0,1,1,0,0,0,1,0,1
5564.067648,0,0,0,1,1,0,0,1,0
5570.971281,0,0,1,1,1,0,1,1,0
5579.886118,0,0,0,0,1,0,0,1,1
5583.141827,0,1,0,0,1,0,0,0,1
5591.912293,0,1,1,0,1,1,0,1,0
5599.647033,0,1,1,1,1,1,0,0,1
5606.275277,0,1,1,1,0,0,1,0,1
5612.829771,0,1,1,1,1,0,1,1,0
5620.180156,1,0,1,1,0,0,0,0,1
5629.584121,1,1,0,1,0,0,0,0,1
5633.403509,0,1,0,0,0,1,1,0,1
5635.681403,1,1,1,1,0,0,1,1,0
5644.648642,1,0,0,1,1,1,1,1,0
5652.982142,0,1,1,0,1,1,0,1,1
5659.540626,0,1,0,0,0,1,1,0,0
5665.859675,0,1,0,1,0,0,1,1,0
5672.110050,0,1,0,0,1,1,0,1,1
5676.248568,0,0,0,0,0,0,0,1,0
5681.588839,0,0,0,1,0,1,0,1,0
5682.347781,0,1,0,0,0,0,1,1,0
5689.988862,0,1,0,1,0,1,1,0,1
5696.377363,0,1,1,1,1,0,1,1,1
5700.354436,1,0,0,1,1,0,0,1,0
5700.689975,1,0,0,0,0,1,1,1,1
5701.275712,1,0,1,0,0,0,0,0,1
5704.353328,1,1,1,0,0,1,0,1,1
5711.108971,1,0,0,0,0,1,0,0,0
5715.940949,0,1,0,1,1,1,0,0,1
5724.075282,1,0,0,1,0,0,1,0,1
5726.699294,1,1,0,1,1,0,1,0,1
5736.675599,1,0,1,1,1,0,1,1,0
5741.979099,1,1,0,0,1,0,1,0,0
5750.526043,0,1,0,0,1,1,0,0,0
5756.769022,0,0,1,0,0,0,1,1,0
5758.581687,1,0,0,0,0,0,0,0,1
5762.729141,1,1,1,1,1,1,0,1,0
5764.396641,0,0,1,1,1,0,1,0,0
5772.020992,1,1,0,0,1,1,0,0,1
5776.922164,1,1,1,1,0,0,0,1,1
5784.593915,1,1,1,0,0,0,1,1,0
5785.040357,0,1,0,1,1,0,0,1,1
5785.204606,1,0,0,0,0,0,0,1,1
5785.245337,0,0,0,0,1,0,1,0,0
5791.344492,1,1,0,1,1,1,0,1,1
5799.068505,1,1,1,1,0,1,1,0,1
5805.444134,0,0,0,0,1,0,1,0,0
5806.873563,0,1,0,0,0,1,1,1,1
5806.874563,1,1,1,0,1,1,0,1,1
5809.968037,1,0,1,1,0,0,0,0,0
5814.989499,1,0,1,0,0,1,1,1,0
5819.937557,0,1,1,1,1,0,0,0,0
5829.514714,0,1,0,0,1,1,0,1,0
5834.717266,1,0,1,0,0,0,0,0,1
5838.462747,1,0,1,1,0,1,0,0,1
5844.022349,1,1,1,0,1,1,0,1,1
5852.137291,0,0,0,0,1,1,1,1,0
5852.650803,0,1,0,0,0,0,0,0,1
5855.181937,0,1,1,1,1,1,0,1,1
5861.192698,0,0,1,1,1,1,0,0,0
5867.852783,0,0,0,1,1,1,0,0,1
5871.681260,1,0,0,1,0,1,0,0,0
5881.094899,0,0,1,1,1,0,0,1,1
5886.459524,1,1,0,1,1,0,1,1,0
5893.214235,1,0,0,1,0,1,0,0,1
5901.929447,0,1,0,1,1,0,0,1,0
5905.542989,0,1,1,1,0,1,0,1,0
5910.568549,1,1,0,1,1,0,0,1,0
5916.014549,0,0,0,1,1,1,0,1,1
5920.517469,0,0,1,1,1,1,1,1,0
5921.427469,1,0,1,0,1,0,1,0,1
5928.551939,1,0,1,1,1,1,0,1,0
5935.642300,1,0,1,1,0,0,1,0,0
5935.939713,0,0,0,0,0,0,1,0,1
5936.868455,0,0,1,0,1,1,0,1,0
5945.201955,0,0,1,1,0,0,1,1,1
5949.199951,1,1,0,1,1,1,0,0,0
5951.262601,0,1,1,1,0,0,1,1,1
5959.175431,1,1,0,1,1,1,1,0,0
5964.266831,1,0,0,1,1,1,0,0,0
5967.113700,0,1,0,0,0,0,1,1,0
5971.465913,0,0,1,0,0,1,1,1,0
5977.507976,1,0,1,1,0,1,0,1,1
5987.213431,1,0,0,1,1,0,1,1,0
5991.289168,1,1,1,0,0,1,0,0,0
5991.326974,0,1,1,0,0,1,1,1,1
6000.947266,1,1,0,1,0,1,0,1,1
6001.585239,1,0,0,0,0,0,0,0,1
6005.567322,1,0,0,0,0,0,1,1,1
6006.851692,1,1,0,1,1,0,0,1,1
6007.019065,0,0,1,0,1,1,0,0,0
6014.918537,0,1,1,1,0,0,0,1,0
6017.226999,1,1,0,1,1,0,1,0,0
6020.560999,1,1,1,1,0,0,1,1,0
6020.706912,1,0,0,1,1,0,1,0,1
6022.899885,1,0,1,0,0,0,0,0,1
6032.418567,0,0,0,0,0,0,0,0,1
6037.419067,0,1,1,0,1,0,0,1,1
6041.585431,1,0,0,0,0,0,0,0,0
6045.151758,0,1,0,1,0,0,0,1,0
6053.162768,0,0,1,1,0,1,0,1,0
6056.334183,1,1,0,1,0,0,0,0,0
6063.343243,1,1,1,1,1,1,1,1,1
6072.988058,1,1,0,0,1,1,0,0,0
6077.178583,0,0,1,0,0,0,1,1,1
6078.330983,0,0,0,1,0,0,0,1,0
6081.874935,1,1,1,0,0,0,0,0,0
6089.398260,1,1,0,1,1,0,1,1,0
6096.423098,0,1,1,1,1,0,1,0,0
6104.561709,1,0,1,0,1,0,0,1,0
6113.158086,0,0,0,0,0,0,0,1,0
6117.048761,1,0,0,1,0,1,0,0,0
6123.715761,1,1,1,0,0,0,1,0,1
6127.581053,1,1,0,0,1,1,1,1,0
6135.011336,1,1,0,1,1,1,1,0,1
6136.845801,0,0,1,1,0,1,0,1,0
6145.632750,0,0,1,1,1,1,1,0,1
6154.459053,1,0,0,1,1,1,1,0,1
6160.527557,1,1,0,0,1,0,1,0,0
6168.464272,1,0,0,1,1,0,0,0,0
6171.006314,0,0,0,1,0,1,0,0,0
6171.007314,1,1,0,0,1,0,1,0,1
6174.454646,0,1,1,0,0,1,0,1,0
6182.033013,0,0,1,1,0,1,1,0,0
6190.342006,1,1,1,0,0,0,0,0,1
6195.330960,0,0,1,0,1,1,0,0,0
6204.825595,1,1,0,1,0,1,1,1,0
6207.534657,0,0,0,1,0,0,0,0,0
6212.877736,0,1,0,1,0,1,1,1,1
6221.111351,0,1,0,0,1,0,0,1,1
6221.784798,0,0,1,1,0,1,0,0,1
6221.950255,1,1,1,1,1,1,0,1,0
6226.749310,1,1,1,1,0,1,1,1,0
6231.749810,1,0,0,1,1,1,1,1,0
6239.238698,0,0,1,0,1,0,1,0,0
6240.403375,0,0,1,1,1,0,1,1,0
6249.570125,1,0,1,0,0,1,1,0,0
6254.534965,1,0,0,0,0,1,0,0,1
6257.402811,0,0,1,1,0,1,0,1,0
6260.900825,0,1,0,0,0,0,1,0,0
6265.839793,1,1,1,0,0,0,1,1,1
6274.806758,1,1,0,1,1,0,1,0,1
6276.191474,0,1,0,1,1,1,1,1,1
6276.276382,0,1,0,0,0,1,0,1,0
6283.990236,0,1,0,1,1,1,0,0,0
6291.944986,0,0,0,1,1,0,1,1,1
6292.692001,0,0,1,1,1,1,1,1,1
6301.549258,0,0,0,1,1,1,1,1,0
6302.294370,1,0,1,0,1,1,1,1,1
6306.930828,0,1,0,1,1,0,1,0,0
6314.511215,1,0,0,0,1,0,0,0,0
6323.999510,1,1,0,0,1,1,0,0,0
6324.866760,0,0,0,0,0,0,1,1,0
6332.882922,1,0,1,1,1,0,1,0,0
6340.375029,0,1,0,0,1,1,0,1,1
6344.790945,0,1,1,0,0,0,0,0,1
6354.246445,0,0,0,1,1,1,0,1,0
6362.846585,1,1,0,1,1,0,1,1,1
6363.117166,1,1,1,1,1,0,1,1,0
6371.436175,0,1,0,0,1,0,1,1,1
6377.356046,1,1,1,0,0,1,0,1,1
6384.828209,1,0,1,0,1,0,0,1,1
6384.829209,0,0,1,1,0,0,1,0,1
6392.829409,1,0,0,0,1,0,0,0,1
6395.764247,0,0,1,1,0,0,1,0,1
6401.685708,1,0,1,1,1,0,1,0,1
6407.959372,1,0,0,1,1,1,1,1,1
6415.452736,0,1,0,0,1,1,0,1,0
6419.056147,1,1,1,0,1,1,0,0,1
6420.413478,1,1,0,1,0,1,1,0,0
6427.981879,1,1,0,0,0,0,0,0,1
6433.150901,0,1,0,1,0,1,1,1,1
6437.035111,1,0,1,0,0,1,0,0,0
6441.243183,1,0,1,0,0,0,1,0,1
6449.003659,1,1,1,1,0,1,0,0,0
6449.760886,1,1,0,0,1,1,1,0,0
6454.596992,1,0,1,0,1,0,0,1,1
6463.285648,0,1,1,0,0,1,1,1,0
6470.792823,1,1,1,0,0,1,0,1,1
6480.534784,0,1,0,1,1,1,0,0,1
6481.826993,0,0,0,1,0,1,1,0,0
6481.827993,1,0,1,0,1,1,0,1,1
6485.010493,0,0,0,0,1,0,0,1,1
6486.790976,0,1,1,0,1,0,1,0,0
6493.131825,1,0,1,0,1,0,0,1,0
6500.313315,0,1,1,1,1,0,1,0,0
6509.011670,0,0,0,0,1,1,1,0,1
6512.414867,0,0,0,0,1,1,1,0,0
6521.132944,1,0,0,1,0,0,0,1,0
6526.913957,0,0,0,1,1,1,0,0,1
6535.802957,1,1,1,0,0,1,0,1,1
6542.286825,0,0,0,1,0,1,0,1,1
6547.982907,0,1,0,1,0,1,1,0,1
6550.917093,1,0,0,1,1,1,0,0,0
6560.054084,1,1,1,1,1,0,1,1,1
6563.239697,1,1,1,1,0,1,0,1,0
6571.550368,0,0,0,0,0,1,1,0,1
6575.512721,1,0,1,1,0,1,0,1,0
6584.596413,0,0,0,1,0,0,1,0,1
6594.465340,0,1,0,1,1,0,1,0,0
6596.538568,0,1,1,1,0,1,1,1,0
6598.019240,0,0,0,1,0,1,0,1,0
6598.337966,1,1,0,0,0,1,1,1,1
6604.917255,1,0,0,0,0,0,0,0,0
6607.470301,1,0,0,0,0,0,1,0,0
6615.845705,1,0,0,1,0,0,1,0,1
6619.193710,0,0,0,0,1,1,0,1,1
6620.825902,1,0,0,1,1,0,1,0,1
6630.068402,0,1,1,1,1,0,1,0,0
6633.903216,0,1,0,1,1,1,0,0,0
6640.267216,0,1,1,0,1,0,1,0,1
6645.531542,0,1,1,1,0,1,1,1,0
6653.686565,0,1,0,1,0,0,1,1,1
6655.401679,0,1,0,1,0,1,0,1,1
6659.616094,1,0,1,1,1,0,1,1,1
6667.981380,0,0,1,1,1,0,0,0,0
6677.306026,1,1,0,0,0,1,0,1,0
6682.760099,0,1,0,1,1,0,1,1,0
6686.748616,0,0,0,1,1,1,0,0,0
6687.879071,0,0,0,0,0,1,1,1,1
6690.379821,0,0,1,1,0,1,1,1,1
6691.579573,1,1,1,0,1,0,0,1,0
6700.611249,1,0,1,0,1,0,0,1,1
6710.289311,1,1,1,1,0,0,0,1,0
6716.733581,1,1,0,0,1,1,1,1,1
6723.036603,1,1,0,0,0,1,0,1,1
6727.132565,0,1,1,1,0,1,0,0,0
6727.316388,1,0,1,0,0,1,0,0,0
6736.885276,0,0,1,0,0,1,1,0,1
6744.837288,0,1,1,1,1,1,1,0,0
6751.199284,1,1,0,1,0,1,1,0,1
6753.136147,0,1,1,1,1,1,0,0,0
6758.187045,0,0,0,1,1,0,0,1,0
6758.840154,1,1,0,1,1,0,0,0,0
6759.911508,1,0,0,0,0,0,0,0,1
6768.319034,1,1,1,0,0,1,0,1,0
6777.192049,1,0,1,0,0,1,1,0,0
6781.551587,1,0,1,1,1,1,1,1,1
6783.266701,1,1,0,0,0,1,0,0,1
6790.379059,0,0,0,0,0,1,0,0,0
6792.185188,0,1,1,0,0,1,0,0,1
6797.675835,0,1,1,1,1,1,0,1,0
6798.131335,0,1,0,0,0,1,1,0,0
6800.452365,0,0,1,0,0,1,0,1,0
6800.911334,0,1,1,1,0,0,0,1,0
6803.108497,1,1,0,1,0,0,0,1,1
6806.019920,0,0,0,1,0,1,1,0,1
6809.674401,0,0,0,0,1,0,0,1,1
6817.017133,0,0,0,0,0,1,1,0,0
6818.614265,1,0,1,0,1,1,1,1,0
6824.677299,1,0,0,1,1,0,1,0,0
6831.547841,1,0,0,1,0,0,0,1,0
6834.968573,0,0,1,0,1,1,1,1,0
6837.170057,0,1,1,0,1,0,0,1,1
6845.338344,1,0,1,1,0,0,1,0,1
6849.227844,0,1,1,0,1,0,1,1,1
6850.034235,0,1,0,1,1,1,1,0,1
6852.549401,1,1,0,1,0,0,0,0,0
6860.377407,0,0,0,0,1,0,0,1,0
6862.166603,1,1,0,1,1,0,0,1,1
6863.119889,0,1,1,0,0,1,0,1,1
6867.564889,0,1,1,1,0,0,1,0,0
6872.819601,1,0,0,0,0,1,1,0,1
6875.815225,0,1,1,0,1,0,0,1,1
6884.349206,1,1,1,0,0,1,1,1,1
6884.968277,1,1,0,1,0,0,1,1,1
6885.987693,1,0,1,1,1,1,0,1,0
6895.020048,0,0,0,0,0,1,0,0,0
6902.484279,0,0,1,1,1,1,1,1,1
6910.736333,0,0,1,1,1,1,1,0,1
6911.382430,1,0,1,0,1,1,0,0,1
6913.535113,0,1,1,1,0,1,1,0,1
6922.902265,1,0,0,0,1,0,1,1,1
6929.039015,0,0,1,0,0,1,1,0,1
6938.882291,0,1,1,1,1,0,1,0,0
6943.891426,1,0,1,0,1,1,1,1,0
6952.300676,1,0,1,0,1,0,1,0,1
6954.358497,1,0,0,0,0,1,0,1,1
6958.550421,0,0,1,0,1,0,0,1,0
6963.923118,0,0,0,1,1,0,0,0,0
6969.185081,0,1,1,0,0,0,0,1,1
6978.193445,0,0,1,0,1,0,1,1,1
6988.052944,0,0,1,0,0,0,0,1,0
6990.323089,1,1,0,0,0,0,1,0,1
6999.402129,1,1,1,1,0,0,0,0,1
7001.446720,1,0,0,1,1,1,0,0,1
7003.586600,1,1,0,1,1,1,1,0,1
7011.788219,0,1,0,0,1,1,0,0,1
7018.678482,1,1,1,0,1,0,0,0,0
7018.902094,0,0,0,1,0,1,1,1,1
7025.023854,1,1,1,1,1,1,0,0,1
7034.468354,0,0,1,0,1,1,0,1,0
7042.655670,0,1,0,0,0,0,1,0,0
7050.806144,1,0,1,1,0,1,0,0,1
7054.719796,0,0,1,1,0,0,0,1,1
7062.810310,1,1,0,1,0,1,1,1,1
7067.044220,1,1,0,1,0,1,1,1,0
7076.773976,1,1,0,0,1,1,1,1,0
7078.643069,0,1,0,1,1,0,1,1,1
7088.538477,1,1,0,0,0,0,0,0,1
7097.505972,0,0,1,1,0,1,1,0,1
7103.770582,1,1,0,1,1,1,0,1,0
7113.013082,0,0,0,1,1,0,1,1,1
7121.043969,1,0,1,1,0,0,1,1,0
7121.221234,0,1,0,0,0,0,1,0,1
7128.557408,1,0,0,1,1,1,0,1,1
7130.219532,1,0,0,1,0,1,0,1,1
7137.748849,0,0,0,1,0,1,0,0,0
7142.867182,0,1,0,0,0,1,0,1,1
7144.010925,1,0,0,0,1,1,0,0,0
7145.064451,0,1,1,0,0,1,0,1,0
7145.234926,1,1,1,1,0,1,1,0,0
7154.954176,1,0,1,1,1,1,0,1,1
7158.610224,1,1,0,1,1,0,0,1,0
7163.197722,0,1,0,1,0,1,0,0,0
7166.471590,0,0,0,1,1,1,1,1,0
7168.930632,0,1,1,0,1,1,1,1,0
7171.973924,1,1,0,1,0,1,0,0,1
7178.484425,1,1,0,0,0,1,0,0,0
7180.396533,1,0,0,0,1,1,0,1,1
7189.263833,1,0,0,1,0,0,1,0,0
7195.020715,0,0,1,1,1,0,0,0,0
7195.623340,0,0,0,0,0,1,0,0,1
7196.840024,0,0,1,0,1,1,0,0,0
7196.915643,1,0,0,0,1,0,0,1,1
7206.601068,0,1,0,0,0,0,1,0,1
7209.959396,1,0,1,0,1,1,0,1,1
7209.960396,1,0,0,0,0,0,1,0,0
7213.721704,1,1,0,0,1,1,0,0,1
7219.804570,1,1,1,1,1,0,1,1,0
7224.862536,0,0,0,1,0,1,1,0,0
7227.651622,0,0,1,1,0,0,0,0,1
7235.124228,0,1,1,0,1,0,0,1,1
7235.279534,0,1,1,1,1,1,0,0,1
7237.579389,0,1,0,1,1,0,0,0,0
7243.139887,1,0,0,0,0,1,1,0,0
7243.366307,0,1,0,0,0,1,0,1,0
7252.516533,1,0,0,0,0,1,1,0,0
7259.523202,0,1,0,1,0,0,0,1,1
7259.634485,0,0,1,0,0,1,0,1,1
7259.651109,0,1,1,1,0,0,0,1,0
7259.652109,0,0,0,1,0,0,0,1,1
7266.872726,0,0,0,1,1,0,1,0,0
7267.857234,1,0,0,1,0,1,0,1,0
7268.271862,1,0,1,1,0,0,1,0,0
7273.585682,0,1,1,1,0,1,0,0,1
7274.821775,0,0,0,1,1,0,1,0,0
7284.534379,0,0,1,1,0,1,0,1,0
7286.668499,0,0,0,1,1,1,1,1,0
7290.875297,1,0,1,0,1,0,1,1,0
7295.335543,1,0,0,1,1,0,0,1,0
7300.101691,1,0,1,0,0,1,0,0,0
7307.423387,1,0,0,1,1,0,1,0,0
7316.006979,0,0,1,1,1,1,0,1,1
7325.842161,1,1,1,0,0,1,0,1,1
7333.810925,1,0,1,0,1,1,1,0,0
7341.022506,1,0,1,0,1,1,1,1,0
7346.954177,0,1,1,1,1,1,1,1,1
7356.872218,0,0,0,0,0,0,1,1,0
7358.741163,0,1,1,0,0,1,1,0,0
7361.284281,0,1,1,1,1,0,0,1,0
7366.880131,0,1,0,1,0,1,0,0,1
7372.821857,1,1,0,1,0,0,0,0,1
7381.383829,1,0,0,1,1,1,1,0,1
7385.868366,0,0,0,0,1,1,0,0,0
7389.836581,0,0,0,0,0,1,0,1,1
7392.528670,1,1,0,0,1,1,1,0,0
7392.864457,1,1,1,1,1,0,1,1,1
7401.699978,1,0,0,1,1,1,0,0,1
7411.640175,0,0,1,0,0,0,1,0,1
7416.093560,0,1,1,1,1,1,0,1,1
7417.000130,0,1,1,1,1,0,0,1,1
7425.068505,1,1,0,0,0,0,1,1,1
7431.210195,1,1,1,1,0,0,1,1,1
7432.877695,0,0,1,1,0,1,0,1,1
7433.526112,1,1,1,0,1,0,1,1,1
7440.800287,0,1,1,0,0,0,1,0,1
7450.081257,1,1,1,1,1,1,0,1,1
7453.867669,0,0,1,1,1,1,1,0,1
7463.496277,1,1,1,1,0,1,1,0,0
7470.645685,0,1,1,1,1,1,0,0,1
7473.954625,1,1,1,0,0,1,0,1,1
7479.351274,0,0,0,1,1,0,0,0,0
7488.109568,0,0,0,1,1,1,1,1,0
7489.154420,0,1,1,1,0,0,0,1,0
7491.812688,0,0,1,0,0,0,1,1,0
7500.401065,1,1,1,0,0,0,1,0,1
7505.401565,0,1,0,1,1,0,1,1,0
7506.182629,1,1,1,0,1,0,1,0,0
7513.042699,1,0,0,1,0,1,0,0,1
7518.322500,0,1,1,1,0,1,1,1,1
7527.793586,0,1,0,0,1,1,0,1,1
7536.207538,1,1,1,0,1,0,1,0,1
7540.428299,1,0,1,1,0,0,1,0,1
7541.149948,0,1,0,0,1,1,0,0,1
7548.918287,1,1,1,1,1,0,0,1,1
7550.335812,1,0,0,1,1,1,0,1,1
7557.885464,0,1,1,1,0,0,1,1,0
7560.926913,1,1,0,0,0,1,1,0,0
7569.230508,1,0,1,1,1,0,0,1,1
7578.990147,1,0,0,0,0,1,0,0,1
7579.695544,0,0,0,1,0,0,0,1,1
7586.467296,0,1,0,0,1,0,1,1,0
7592.288609,0,1,1,0,1,1,0,1,0
7597.814830,0,0,0,1,0,0,0,0,1
7604.272749,1,1,1,1,0,0,0,0,0
7612.926729,0,1,1,1,1,0,0,0,1
7621.257390,1,1,0,1,1,1,0,0,1
7630.512894,1,1,1,1,1,1,1,0,1
7638.129879,1,1,0,0,0,0,0,0,1
7640.688763,1,0,1,1,0,1,1,0,1
7648.999743,0,1,0,1,1,1,1,0,1
7653.000343,1,0,0,0,1,0,1,1,0
7661.507715,0,0,0,1,0,0,0,0,1
7670.590281,0,1,1,0,0,0,0,1,0
7679.447538,0,0,1,1,1,0,1,1,1
7686.652119,1,0,0,0,1,1,0,1,1
7688.584744,1,0,0,1,0,0,0,0,0
7692.390242,1,0,0,0,0,1,1,1,1
7699.138534,0,1,1,0,1,0,1,0,0
7707.054532,1,1,0,1,1,1,0,0,1
7711.452683,0,0,0,1,0,0,1,0,0
7712.644040,1,1,0,1,0,1,1,1,1
7714.190179,0,1,1,1,0,0,1,0,0
7716.184371,1,0,0,0,0,1,1,1,0
7724.774938,0,0,0,1,1,1,1,1,0
7731.751984,0,0,1,1,1,0,1,1,0
7737.513092,1,0,1,0,0,1,1,1,1
7746.164912,1,1,0,0,1,1,0,0,0
7748.529312,0,1,0,1,1,1,0,1,0
7751.625241,1,0,1,0,1,0,0,0,0
7760.045538,1,0,1,1,0,0,1,0,0
7766.211175,1,0,0,0,1,1,1,1,0
7772.133714,0,0,1,0,0,0,1,1,1
7775.858682,0,0,1,1,0,0,1,0,0
7778.694871,1,0,1,1,0,0,0,1,1
7785.424170,1,1,1,1,1,1,1,0,0
7787.752173,0,0,1,0,1,1,0,0,1
7788.474031,1,0,0,0,0,1,0,1,0
7790.356762,1,0,1,0,1,1,0,0,0
7791.682133,0,1,1,1,0,0,1,1,1
7799.630451,0,0,0,0,1,1,0,1,0
7800.377983,0,1,1,1,1,1,0,1,1
7809.351059,0,0,0,0,0,0,0,1,0
7813.847733,0,1,0,0,1,1,1,0,0
7814.910355,1,0,1,0,1,1,0,1,0
7819.910855,0,0,1,1,0,1,1,0,1
7820.433542,0,0,0,0,0,1,0,1,0
7824.103240,1,1,0,0,1,1,0,0,1
7827.193362,0,1,1,1,0,0,0,0,1
7832.445233,1,1,1,0,0,0,0,0,1
7832.990220,1,1,0,0,1,0,0,1,0
7842.488179,0,0,1,1,0,0,0,0,0
7843.818761,1,0,1,0,1,0,1,1,1
7851.019895,0,1,1,1,0,0,0,1,1
7858.558020,0,0,1,0,1,0,0,1,1
7860.845652,0,1,0,1,0,1,0,1,1
7861.408394,0,1,1,1,0,1,0,0,0
7862.962372,1,0,0,1,0,0,1,0,1
7865.873442,1,1,0,0,1,1,1,0,1
7873.963521,0,0,1,1,0,0,0,1,0
7882.448521,0,1,1,0,0,0,0,0,0
7890.267669,0,1,0,0,1,1,0,0,1
7890.268669,0,0,1,1,0,1,0,1,1
7897.078198,0,0,0,1,0,0,0,0,0
7906.623698,1,1,0,1,1,0,1,0,0
7910.806828,1,1,0,1,1,1,1,1,1
7920.598515,0,0,0,1,0,1,1,1,1
7923.550040,0,0,0,1,0,1,0,0,0
7924.003168,0,0,0,1,0,0,1,0,0
7930.903042,1,1,1,0,1,0,0,1,1
7937.370972,1,1,0,1,1,0,0,1,1
7946.137162,1,1,0,1,1,0,1,1,0
7946.259362,0,1,1,1,0,1,0,0,0
7946.552541,1,0,1,0,1,1,1,1,1
7947.612258,1,1,1,1,0,1,1,0,1
7956.750276,1,1,0,1,1,1,1,0,0
7958.365697,0,1,0,0,0,0,1,1,1
7962.994026,0,0,0,0,0,1,0,0,1
7964.866005,1,1,0,1,0,0,0,0,0
7970.805497,1,0,0,1,0,1,1,0,1
7977.786931,0,0,0,0,1,0,1,0,1
7985.989131,1,0,0,0,1,0,1,0,1
7989.576110,0,0,0,1,1,0,0,0,0
7996.308995,1,1,0,1,1,0,0,0,0
8005.341350,0,0,1,1,1,0,0,1,1
8009.993818,0,0,0,0,0,0,1,0,1
8013.994418,1,1,0,1,0,0,0,1,1
8015.335491,0,0,1,0,1,1,0,1,1
8022.910201,0,1,1,0,0,1,1,0,0
8030.199850,0,0,1,0,0,0,0,0,1
8033.473250,1,1,0,0,1,1,0,0,0
8034.160608,0,1,0,1,0,1,0,1,0
8037.431424,0,0,1,1,0,1,0,0,1
8043.170390,1,1,1,0,0,0,1,1,0
8043.232546,0,1,0,0,1,0,1,0,0
8049.252154,1,1,1,0,1,1,0,1,0
8053.697154,0,1,1,1,0,1,0,0,1
8054.594616,0,1,0,1,0,0,0,0,0
8059.858248,0,1,1,0,0,0,0,0,1
8061.307144,0,1,1,1,0,0,0,1,0
8062.122016,0,0,1,0,0,0,1,0,1
8069.490165,1,0,0,0,0,0,1,0,0
8076.722585,1,0,0,1,0,0,1,1,1
8077.447746,0,1,1,0,1,1,1,0,1
8085.113686,0,0,1,0,0,0,0,0,0
8092.397908,0,0,0,1,1,1,1,0,1
8098.076306,1,1,0,0,1,1,0,0,1
8100.958963,0,0,1,0,0,1,1,1,1
8110.853710,0,0,0,1,0,1,0,1,1
8113.719387,0,1,0,0,0,0,1,0,0
8115.646032,1,0,0,1,1,1,0,0,0
8118.617514,0,1,1,1,0,1,1,0,1
8121.063410,1,0,1,0,0,0,1,1,0
8127.730410,1,0,1,0,1,1,0,0,1
8136.685060,0,0,0,0,1,1,1,0,0
8143.503560,0,0,1,1,0,1,1,0,0
8144.860357,1,0,0,0,1,1,0,0,0
8152.114518,1,1,1,1,1,1,1,1,1
8160.114718,0,0,1,0,0,0,1,0,0
8165.107035,0,0,1,1,0,1,1,1,0
8171.386477,0,1,1,0,0,1,0,1,1
8174.993674,1,1,1,1,1,0,1,0,0
8175.243611,1,1,0,0,1,1,0,1,0
8181.987056,1,0,1,1,0,1,0,1,0
8190.453876,1,1,0,1,0,0,0,1,0
8196.159330,1,1,0,0,1,0,0,1,1
8205.390176,1,0,1,0,1,1,1,1,0
8206.676762,0,0,1,1,1,1,0,1,0
8210.730855,0,1,0,1,0,0,0,1,0
8217.118998,0,0,1,0,0,1,0,1,1
8223.192450,1,1,1,0,1,1,1,0,1
8229.467333,0,1,0,0,0,1,0,1,1
8238.653043,1,1,0,1,1,1,0,0,0
8241.987043,0,0,1,0,0,1,0,0,0
8244.950230,0,0,0,1,0,0,0,1,1
8252.531491,1,0,1,1,1,0,0,1,1
8262.071076,0,1,0,1,0,0,0,0,0
8269.518140,0,0,1,1,1,0,0,0,0
8271.440656,1,0,0,0,0,1,1,0,0
8271.441656,1,0,1,1,1,0,1,0,1
8275.078656,1,0,1,0,1,1,1,0,1
8275.758601,0,1,0,1,0,0,0,1,0
8283.565272,0,1,1,1,1,1,0,1,1
8289.233668,0,1,1,1,0,1,1,1,1
8297.616473,1,0,0,1,0,1,0,1,1
8303.313553,0,1,0,1,1,0,1,0,0
8304.034562,1,0,1,0,1,1,1,1,1
8308.435122,0,0,1,0,0,0,1,1,1
8309.345122,1,1,0,1,1,1,1,0,1
8319.122922,1,0,1,1,0,1,0,0,0
8327.138641,0,0,1,1,0,1,0,1,0
8335.043391,1,0,0,0,0,0,0,0,0
8343.114323,0,1,1,1,1,1,0,1,1
8352.929584,0,1,1,0,1,0,1,0,1
8355.477247,0,1,0,1,0,0,1,1,1
8359.137455,1,1,0,0,1,1,1,1,1
8363.969433,0,0,0,1,0,0,0,0,1
8368.248612,1,1,0,0,0,0,1,0,1
8370.154663,0,0,0,1,1,0,0,0,1
8375.677499,1,0,1,1,1,1,0,1,0
8380.549013,0,1,0,1,0,0,0,0,1
8382.562523,1,0,0,0,1,0,1,1,1
8391.451523,0,1,0,1,0,0,1,0,0
8393.515097,1,0,1,0,1,0,0,0,0
8396.419033,1,1,0,1,1,1,1,0,0
8402.705119,1,0,0,0,0,1,1,1,0
8403.347766,1,0,0,1,0,1,0,0,0
8407.527914,1,0,0,0,0,1,1,1,0
8408.583193,0,0,0,1,0,0,1,0,0
8408.777722,0,0,0,1,1,1,1,0,1
8411.577276,0,0,0,0,1,1,1,1,1
8416.529588,1,0,0,0,0,1,1,1,0
8419.270574,0,1,0,0,1,0,0,1,1
8426.316324,0,1,0,1,1,0,0,0,0
8431.353316,1,1,0,1,0,0,0,0,1
8434.400369,1,1,1,0,1,1,1,0,1
8435.488217,1,0,1,1,1,0,1,0,1
8439.377717,1,1,1,1,1,1,1,1,1
8447.857321,1,1,0,0,1,1,0,0,0
8448.369452,0,1,1,1,1,1,1,0,1
8456.775409,0,1,1,1,0,0,0,1,0
8462.775809,1,0,1,1,1,0,0,0,0
8467.480480,0,0,0,1,0,0,0,0,0
8473.445796,0,0,1,0,0,1,1,0,0
8477.354856,0,0,1,0,0,0,1,0,0
8481.208682,1,0,1,1,1,0,0,1,0
8485.435449,0,1,0,1,0,1,1,0,0
8493.072049,1,0,1,1,1,1,1,1,0
8500.276276,0,1,0,0,0,0,0,1,1
8509.927235,0,0,0,1,0,0,1,1,0
8510.414017,1,0,1,0,1,0,0,1,0
8517.538657,1,1,0,1,1,0,1,1,0
8524.323947,1,0,1,1,0,0,0,1,1
8527.117120,0,1,0,1,1,1,0,0,1
8536.717160,0,0,0,1,0,1,1,1,0
8539.506614,0,0,1,1,0,1,1,1,0
8541.335625,0,1,1,0,0,1,1,0,0
8547.075320,1,1,0,0,1,1,1,1,0
8547.741215,1,1,1,1,0,0,1,0,1
8553.426578,0,1,1,1,1,1,1,1,1
8554.750975,1,1,0,0,1,1,1,1,0
8562.076216,1,0,1,0,1,0,0,1,0
8570.494454,0,0,0,1,0,0,0,1,0
8572.537134,1,0,0,1,0,1,0,0,0
8574.583384,1,1,1,0,1,1,1,0,1
8580.200261,0,0,1,1,0,1,1,0,0
8585.511222,1,0,1,0,0,1,0,0,1
8588.845222,1,1,1,1,1,0,0,0,0
8591.787105,1,0,1,1,1,1,1,0,1
8595.969505,1,1,0,1,0,0,1,0,1
8601.413259,0,1,1,1,0,1,0,0,0
8609.951867,0,1,1,1,0,1,1,0,0
8612.819247,1,0,0,0,1,1,0,0,0
8617.490626,1,1,1,1,1,0,0,1,0
8619.764126,0,0,1,0,0,1,1,0,1
8623.848603,0,1,1,1,0,1,1,1,1
8625.615808,0,0,1,1,0,1,1,1,0
8627.142080,0,1,1,0,0,1,1,0,1
8631.639274,0,1,1,1,0,0,1,0,0
8632.833048,1,1,0,0,1,1,0,1,0
8634.786516,0,0,1,1,1,1,0,0,0
8640.241516,1,0,0,1,0,1,0,0,0
8640.298501,1,0,0,0,0,0,1,1,1
8643.823433,0,0,1,1,0,1,1,0,1
8649.665433,0,0,1,1,0,1,0,0,1
8650.905247,1,1,0,1,0,0,1,0,0
8659.270964,1,1,0,1,1,1,1,0,1
8660.164732,0,1,0,1,1,1,0,1,1
8670.026337,1,0,0,1,1,1,1,0,1
8674.521893,0,0,0,1,1,1,0,0,0
8680.077893,0,0,0,1,1,0,1,0,0
8686.340172,1,0,0,1,1,0,1,1,0
8694.204707,0,1,0,1,1,0,0,1,0
8699.524324,1,1,1,0,1,0,1,1,1
8702.402229,0,0,0,0,1,1,0,1,0
8710.487527,1,0,1,1,1,1,1,0,0
8717.617152,0,1,1,0,0,1,0,1,1
8724.681275,1,1,1,1,1,0,1,0,0
8732.469284,0,1,1,0,0,0,1,0,1
8732.470284,1,0,0,1,1,1,1,1,0
8742.199125,0,1,1,1,0,0,0,1,1
8748.370076,1,0,0,1,0,1,0,1,1
8749.532971,1,1,1,0,1,0,0,0,1
8755.507400,1,0,1,0,1,0,1,1,0
8761.132837,1,1,0,0,0,0,0,0,1
8769.608063,1,0,1,1,0,0,1,1,0
8769.609063,0,1,0,1,0,1,1,0,0
8776.239030,0,0,1,1,1,1,0,1,0
8777.081783,1,1,0,1,0,1,0,0,1
8777.761052,0,0,0,0,0,1,0,1,1
8782.150102,1,0,0,1,0,0,0,0,1
8784.864245,1,0,1,1,1,1,0,1,1
8788.711015,1,1,1,1,0,1,0,0,1
8789.098375,0,0,1,0,1,1,0,1,0
8790.442524,0,0,0,1,1,1,0,1,1
8800.003446,1,0,1,0,0,0,1,1,1
8807.874223,0,0,1,1,0,1,1,1,1
8808.339038,1,1,1,1,1,0,1,1,1
8814.497058,1,0,0,0,1,1,0,1,1
8818.469459,0,1,1,1,0,0,0,1,1
8821.386342,1,1,1,1,1,0,1,1,0
8826.732429,1,1,0,1,0,0,1,0,1
8826.960311,0,1,1,0,0,0,0,0,1
8828.676146,1,1,0,1,1,1,1,1,1
8837.279777,1,0,0,0,1,1,1,0,0
8840.976059,1,0,1,0,0,0,0,0,0
8849.186115,0,0,0,1,1,1,0,1,0
8855.768488,1,0,1,1,0,1,0,0,1
8864.817763,0,0,0,1,1,1,0,1,1
8872.268129,1,1,0,0,0,0,1,1,0
8873.556129,0,1,0,1,1,1,1,0,1
8878.651556,1,1,0,0,0,0,1,0,1
8883.657237,0,1,1,0,1,1,1,0,1
8886.416582,0,0,1,0,0,1,1,0,0
8886.472461,0,1,1,1,1,1,1,1,1
8896.264149,1,0,0,0,1,1,1,0,0
8900.997772,0,1,1,1,0,0,0,0,0
8901.614095,0,0,1,0,0,1,0,0,1
8906.553376,1,1,1,0,1,0,0,1,1
8911.562983,0,0,0,1,0,1,1,0,1
8918.245558,1,0,0,1,1,1,1,1,1
8924.330605,1,0,0,1,1,1,0,0,1
8929.252579,0,1,1,0,0,0,0,1,1
8929.287999,1,0,1,1,0,1,1,0,1
8933.610911,1,1,1,1,1,1,1,0,1
8940.830124,0,1,0,1,0,1,1,0,1
8949.838488,0,0,1,0,0,0,0,0,1
8954.850615,1,1,0,0,1,0,0,0,1
8956.324764,0,1,0,1,1,1,0,1,1
8959.976192,1,0,1,0,1,0,1,1,0
8962.012917,1,0,1,1,1,0,0,1,0
8967.368220,0,0,1,1,0,0,1,1,1
8969.352233,1,1,0,1,1,0,0,1,0
8970.093116,1,0,1,1,0,1,1,0,1
8977.622366,0,0,0,0,0,1,1,1,0
8987.220107,1,0,0,0,0,0,0,0,1
8990.680720,0,1,0,0,1,1,0,0,0
8991.391327,0,1,0,0,1,0,0,0,0
8992.546057,1,0,0,0,1,0,0,1,0
8993.355800,1,0,1,1,0,1,0,1,0
9002.216673,0,1,0,0,0,1,0,0,0
9005.996823,1,1,0,0,0,0,1,1,1
9012.493524,1,1,0,1,0,1,1,1,1
9021.164543,0,0,1,0,1,0,1,1,1
9023.626835,0,0,1,1,0,0,1,0,0
9029.627235,0,0,0,1,1,0,1,1,0
9033.008179,0,0,1,1,1,0,1,1,1
9041.208359,1,0,1,1,1,1,0,0,1
9050.082098,1,0,0,1,0,0,1,1,0
9054.100163,1,0,0,1,1,0,0,1,0
9057.960426,0,0,0,0,0,1,0,1,0
9058.249859,1,0,1,0,1,0,0,0,1
9059.187534,0,1,0,0,0,0,0,1,0
9065.982063,1,1,1,0,0,1,0,1,1
9069.208547,1,0,0,0,0,1,1,1,0
9074.055001,1,1,1,0,0,0,1,0,1
9083.624936,1,1,1,0,0,0,1,0,0
9090.441398,0,0,1,0,0,0,1,0,1
9092.225659,0,0,0,0,1,1,1,0,1
9097.891773,0,0,0,0,1,1,0,1,1
9104.219626,1,0,1,0,0,1,0,1,1
9107.012799,1,1,1,1,0,1,1,0,1
9116.187366,1,0,0,0,1,0,0,0,1
9118.923832,0,0,0,1,0,0,0,1,0
9128.395343,0,1,1,0,0,0,0,0,0
9133.068007,1,0,1,1,0,1,1,0,1
9139.496936,0,1,0,1,0,1,0,0,0
9147.905935,1,1,0,1,0,1,1,1,1
9150.523081,0,0,1,1,1,0,0,1,0
9158.685994,0,1,1,1,0,0,0,0,1
9163.795727,0,1,0,0,1,1,1,1,1
9165.963177,0,1,1,1,1,0,0,1,0
9172.045074,1,0,1,0,1,1,1,1,1
9175.613556,1,0,0,0,1,1,0,1,0
9178.601809,1,1,0,0,1,1,1,0,0
9186.181960,1,0,1,1,0,1,1,0,1
9188.879319,1,1,0,0,1,1,1,1,0
9190.138935,0,1,0,1,0,0,0,0,1
9196.215277,1,1,0,1,0,1,1,1,1
9200.981919,0,1,1,0,0,0,1,0,1
9202.960743,0,1,1,1,1,1,0,1,0
9211.130981,1,0,0,1,0,1,0,0,0
9212.010488,1,0,1,1,0,1,1,0,1
9213.929269,1,1,1,0,0,1,1,0,1
9214.408854,1,1,1,1,1,1,1,0,1
9221.943984,1,0,0,1,1,1,1,1,1
9226.690272,1,0,0,1,1,1,1,0,1
9233.739748,1,1,1,0,0,0,1,1,0
9242.956321,0,0,1,1,1,1,1,1,1
9245.492855,0,1,0,0,1,0,1,0,0
9249.937855,0,1,0,1,1,0,0,1,1
9250.758445,0,0,0,1,0,1,1,0,1
9250.789472,1,1,0,0,1,0,0,1,1
9258.270983,1,1,1,0,1,0,0,0,1
9260.748371,1,1,0,1,1,1,0,1,1
9268.748571,1,0,1,0,1,1,1,1,0
9277.828711,0,0,1,1,0,1,0,1,0
9282.746745,1,1,0,1,0,1,1,1,1
9291.570392,0,1,1,1,0,0,1,1,1
9298.183634,0,0,1,0,1,0,0,1,0
9304.881639,1,0,0,1,1,1,1,1,0
9305.865627,1,1,1,1,1,0,0,0,1
9314.123606,0,1,0,0,1,0,0,0,0
9318.091151,0,0,1,0,1,1,0,1,1
9323.145700,0,0,0,0,1,0,0,0,1
9330.597878,1,1,0,1,0,0,1,0,1
9331.978050,0,0,1,0,0,0,1,0,1
9338.735131,1,0,0,1,1,0,0,1,0
9338.857774,0,1,0,0,1,1,1,0,1
9348.807274,1,1,1,1,0,0,0,1,0
9353.454035,0,0,1,0,1,0,1,1,1
9358.847754,1,0,0,1,1,1,0,0,0
9368.494092,0,0,0,0,1,1,1,0,1
9375.994342,0,1,0,0,1,1,1,0,0
9383.610475,0,0,0,0,1,0,1,1,1
9388.030675,0,0,1,1,1,0,1,1,0
9390.310517,0,0,0,1,0,1,0,0,0
9396.464748,0,1,1,1,0,0,1,1,1
9401.097523,0,1,1,0,0,1,0,1,0
9403.537303,0,1,1,1,1,1,0,1,0
9407.090579,0,0,0,1,1,1,0,0,1
9413.860133,1,0,1,0,1,1,1,0,1
9414.444733,1,0,0,1,0,0,1,0,0
9421.884505,0,0,1,0,1,1,1,0,1
9426.364552,1,0,1,1,0,1,0,1,1
9427.270634,1,1,0,1,1,0,0,1,0
9427.303127,0,1,1,1,0,1,1,1,1
9433.935043,0,1,0,0,1,1,1,0,1
9439.970222,1,1,0,1,0,0,1,0,1
9447.496242,1,1,0,0,1,0,0,0,0
9456.448602,1,0,1,0,0,0,1,0,1
9457.216852,0,1,1,0,1,1,0,1,0
9464.351809,1,1,1,0,1,0,0,0,1
9467.121456,1,1,1,0,0,0,1,0,1
9467.122456,0,1,1,0,1,1,1,1,1
9471.075157,1,1,0,1,1,0,1,1,0
9479.299633,0,0,1,0,0,1,0,0,0
9480.528189,1,1,0,0,0,1,0,1,0
9489.099761,0,1,0,1,1,1,1,0,1
9493.007347,1,1,1,0,0,1,1,1,1
9499.779323,1,0,0,1,0,0,0,1,0
9502.968102,0,1,1,1,0,1,0,1,1
9507.038202,0,0,0,0,0,0,1,1,0
9507.439162,1,0,1,1,0,1,0,0,1
9514.609863,1,1,0,1,0,0,0,1,1
9523.988163,1,1,0,1,1,1,0,1,1
9528.988663,1,0,0,1,1,0,0,0,0
9533.882031,1,0,0,0,1,1,1,0,0
9541.025174,1,0,0,0,1,0,0,1,0
9541.807081,0,0,1,0,1,1,1,0,1
9551.565970,0,0,1,0,1,0,1,1,1
9558.150163,1,0,0,1,1,0,0,0,0
9558.151163,0,0,0,1,0,0,0,0,0
9564.752969,0,1,1,1,0,1,0,1,0
9566.668426,0,0,0,0,0,0,0,1,1
9576.189098,1,0,0,0,1,0,1,0,0
9577.180990,1,0,1,0,1,1,0,0,1
9585.443970,0,0,1,0,0,0,1,0,1
9590.808580,0,0,1,1,0,0,1,0,0
9600.349910,0,0,1,1,1,0,1,1,0
9605.415338,1,0,1,1,1,1,0,0,1
9607.970827,0,1,1,1,1,0,0,1,0
9612.133573,0,1,1,0,0,1,1,1,0
9616.701374,0,1,0,0,1,0,0,0,0
9620.677586,1,1,0,1,0,1,1,1,1
9625.794354,1,1,1,0,1,0,0,1,1
9635.736220,0,0,0,0,1,1,1,1,1
9640.011258,0,0,0,1,1,1,0,1,0
9647.133848,0,1,1,1,0,1,0,0,0
9649.406284,0,0,1,0,0,0,1,0,0
9658.282567,1,1,0,1,1,1,1,0,0
9665.962357,0,1,1,0,0,1,0,0,0
9673.083857,1,0,1,1,1,1,1,1,0
9676.953083,0,1,1,0,0,1,1,1,1
9679.407664,0,1,1,0,0,0,0,1,1
9682.286074,1,0,0,1,1,0,1,0,0
9684.314206,0,1,0,0,0,0,0,0,1
9693.774260,1,0,1,1,0,0,0,1,1
9694.911510,1,0,1,1,0,0,1,1,0
9702.489877,0,0,1,1,1,0,0,1,1
9704.365690,0,0,0,1,1,1,1,1,1
9713.351298,1,1,0,1,1,0,0,0,1
9718.328271,1,0,1,1,1,1,1,1,1
9721.254743,1,1,1,0,0,0,0,1,1
9725.747272,0,0,1,0,1,0,1,0,1
9733.525272,0,1,1,1,0,0,1,0,1
9742.022532,1,0,1,1,1,1,1,1,0
9750.155499,0,1,0,1,0,1,0,0,0
9750.691205,0,1,0,1,0,0,1,1,0
9755.154569,1,1,1,1,1,0,0,0,0
9763.165742,1,0,0,1,1,1,1,0,1
9766.177676,1,1,0,1,0,1,1,0,0
9769.443656,0,1,1,0,0,1,0,0,0
9770.730091,1,0,0,1,1,0,0,1,1
9775.955700,0,1,0,1,0,1,1,0,1
9783.273041,1,1,1,0,0,0,1,0,0
9787.423448,0,0,0,1,0,0,0,0,0
9787.424448,0,0,1,1,0,0,1,1,0
9795.915827,0,0,1,0,1,0,0,1,0
9799.805327,1,1,0,1,1,1,0,1,1
9807.642802,1,0,0,0,1,0,1,1,1
9815.479898,1,1,0,0,1,0,0,0,1
9820.858216,0,0,0,0,1,0,0,1,0
9828.392246,0,1,0,1,0,0,0,1,1
9831.120246,1,0,0,1,1,0,0,0,1
9839.325174,0,1,1,0,0,0,1,1,0
9842.592609,1,1,0,0,1,1,1,1,1
9847.993069,1,0,1,0,0,1,0,1,1
9857.490606,1,0,0,0,1,1,1,0,0
9866.517106,0,1,0,1,0,1,1,0,0
9867.233918,1,0,1,1,0,1,1,0,1
9871.882341,1,0,1,1,1,1,1,0,0
9874.207670,1,0,0,1,0,0,1,1,1
9881.707920,0,1,0,0,0,0,0,0,1
9882.131100,0,1,1,0,1,0,1,0,0
9885.697920,1,1,0,0,1,0,1,0,0
9894.910961,0,1,1,1,0,1,0,0,0
9902.627017,1,1,0,1,0,0,1,0,1
9908.183017,1,0,1,1,1,0,1,1,0
9914.865377,0,0,1,0,0,1,1,0,0
9922.869308,1,1,0,0,0,0,1,0,1
9929.408115,1,0,0,1,1,1,0,1,1
9938.017526,0,1,0,0,1,1,0,0,1
9941.607910,0,0,0,1,1,0,0,1,0
9949.108160,1,0,1,0,1,0,0,1,0
9950.304518,1,1,1,0,1,1,1,0,0
9950.993573,1,0,0,0,0,1,0,0,0
9954.911149,1,1,1,0,0,0,1,1,0
9963.809108,0,0,1,1,1,1,1,0,0
9972.627408,1,1,0,0,0,1,0,1,0
9978.669471,0,1,0,0,1,0,1,1,0
9984.242893,1,1,1,1,1,1,0,0,1
9989.145364,0,0,1,0,0,0,0,0,0
9990.028984,1,0,1,0,0,1,0,1,1
9991.518724,1,0,1,1,0,0,1,0,0
9997.876477,1,0,1,0,0,1,1,1,1
