t,finish1,finish2,finish3,release1,release2,release3,start1,start2,start3
0.723192,1,0,0,1,1,1,1,1,1
2.275761,0,0,0,1,0,0,0,0,0
7.257466,1,1,1,1,1,0,1,1,0
17.007491,1,0,0,0,0,0,1,0,0
21.706513,0,1,1,1,1,1,1,0,1
29.788897,1,0,0,0,0,1,0,1,0
39.118232,0,1,0,1,0,1,1,0,1
40.109917,0,0,1,1,1,0,0,1,1
43.431480,1,1,0,1,1,1,1,1,0
51.638243,0,0,0,1,0,1,0,0,1
54.605048,1,1,0,1,0,0,0,0,1
55.261720,0,1,1,1,1,1,1,1,1
60.477885,0,0,0,1,0,1,1,0,1
63.191792,1,0,0,0,0,1,0,0,1
64.089831,0,0,1,0,0,1,0,0,1
68.967823,1,0,1,0,1,1,1,0,0
75.093567,0,0,0,0,1,0,0,1,0
77.750551,1,1,1,1,1,1,0,1,0
82.729027,0,1,1,1,0,1,0,0,0
84.196822,0,0,1,0,0,1,0,0,1
89.680607,1,0,0,0,0,0,1,0,1
92.194309,0,1,1,1,0,1,0,1,1
94.043609,0,0,1,1,1,1,0,1,0
95.391723,0,1,1,1,0,0,1,0,0
96.481261,1,0,1,0,1,1,1,0,1
98.898789,1,0,0,0,1,0,1,0,0
99.034911,1,0,0,0,1,1,1,1,0
104.776862,1,1,1,0,1,1,0,1,0
112.612444,0,0,0,0,0,1,0,1,0
115.885589,0,1,0,1,0,0,1,0,0
118.056460,1,0,1,0,0,1,0,0,1
121.744242,0,1,0,1,0,0,1,0,0
122.024469,0,0,0,0,0,0,0,1,0
124.001821,1,1,1,1,0,1,0,0,1
130.844242,1,1,1,0,1,0,1,1,1
137.626173,1,0,1,0,1,1,1,0,1
145.133272,0,0,1,0,1,1,1,0,1
153.172684,0,0,0,1,1,0,0,0,0
159.595060,1,0,0,1,0,0,1,0,1
163.832000,1,0,0,1,0,0,0,1,0
170.336414,1,1,1,0,0,1,1,0,1
177.027922,0,1,0,1,1,1,0,1,1
184.383259,0,0,0,0,0,1,0,0,0
190.521370,1,0,0,0,0,0,1,0,1
200.369870,1,1,0,1,0,0,1,1,0
203.279202,0,0,0,0,1,0,0,1,1
210.998728,0,0,0,0,0,0,0,1,0
217.696028,0,1,0,0,1,0,1,0,0
220.179049,1,0,1,1,0,1,0,1,1
222.498658,0,0,1,1,1,0,0,1,1
227.647072,1,1,1,0,1,0,1,0,1
237.452917,1,0,1,0,0,0,1,1,1
237.721986,0,0,1,1,0,1,1,0,1
242.368191,0,0,0,1,0,1,0,0,0
242.369191,1,0,0,1,1,1,0,1,0
245.032332,0,1,0,0,0,1,1,0,0
247.853563,1,0,1,0,0,0,0,0,1
255.838260,1,0,0,1,1,0,1,1,1
265.005010,0,0,1,1,0,1,0,0,0
268.046725,0,0,1,0,1,1,1,0,1
275.622344,1,0,0,1,0,1,1,0,1
278.480201,1,0,1,0,0,1,0,0,1
283.615823,0,0,0,1,0,0,1,0,1
293.168106,1,0,0,0,0,1,1,1,1
293.752008,1,1,0,1,0,0,1,0,1
303.352048,0,1,1,1,1,0,0,0,0
305.699304,0,1,1,1,0,1,0,1,0
314.588304,1,1,0,0,1,1,1,1,1
317.835291,1,0,0,0,1,0,1,0,0
325.361854,1,1,0,0,0,1,0,1,0
331.889979,0,0,0,1,1,0,1,1,1
341.090059,1,1,0,1,1,1,1,1,0
347.709715,1,1,0,0,1,0,0,0,1
351.538965,0,1,1,1,0,0,0,0,0
358.856631,0,0,0,0,1,1,1,1,0
362.941729,0,0,0,1,0,0,0,0,0
365.483192,0,1,0,1,1,0,1,0,0
373.744235,0,1,0,1,1,1,1,0,0
374.995110,1,1,1,0,0,1,1,1,1
382.906278,0,1,0,1,1,0,0,1,1
386.809647,1,1,1,1,0,0,0,1,1
394.472989,0,1,0,1,0,0,0,0,1
399.844063,0,0,1,1,1,1,1,1,1
408.171368,0,1,1,0,1,0,1,0,0
412.467129,1,0,0,1,1,0,0,0,0
416.017862,0,1,0,1,0,1,0,1,0
420.690253,1,1,0,0,1,1,1,1,1
429.791466,0,0,0,0,0,1,0,1,0
435.436346,0,0,0,1,1,1,0,1,1
436.343439,0,0,1,1,1,1,1,1,1
437.344339,1,1,1,0,0,0,1,0,0
440.005501,1,0,1,1,1,1,1,0,1
448.279785,1,0,1,0,1,1,1,1,1
450.572914,0,1,0,0,0,0,0,1,0
453.914413,0,1,0,0,0,0,0,0,1
460.761575,1,1,0,0,0,1,1,0,0
464.082401,1,0,1,0,0,1,0,0,1
474.018713,0,1,1,0,0,1,0,1,0
475.612329,0,0,1,1,1,1,1,1,1
481.586757,1,1,0,0,0,0,0,0,1
489.350826,0,0,0,0,1,1,1,1,0
494.929500,1,1,0,1,0,1,1,0,0
499.351110,0,0,1,1,0,0,1,0,0
499.917637,1,1,0,1,1,1,0,0,1
508.457760,1,0,1,1,1,1,1,1,0
516.600803,0,1,1,1,1,0,0,0,0
526.344783,1,0,0,1,0,0,1,0,0
534.899145,0,0,1,0,0,0,1,0,0
541.794135,1,1,0,1,0,1,1,1,0
543.223563,0,1,0,0,0,1,1,1,1
552.356070,0,0,1,1,1,1,1,1,0
560.603865,1,0,0,1,1,0,1,0,0
561.592198,1,0,0,1,1,0,1,1,0
562.957858,1,1,0,1,1,0,1,1,0
571.485278,0,1,1,0,0,0,0,0,1
580.817475,1,1,0,1,1,1,1,1,1
587.239851,1,0,1,1,1,0,0,1,0
588.629601,1,0,0,1,0,1,0,0,1
596.786210,0,0,0,1,1,1,0,0,1
603.238178,0,0,0,1,1,1,0,0,0
604.107354,1,0,0,1,0,0,1,1,1
606.865739,1,0,1,1,0,0,0,1,1
609.330260,0,0,1,1,0,0,1,0,0
617.815889,1,0,0,0,0,0,0,1,1
625.176636,0,1,1,1,1,0,1,0,1
630.720559,1,0,0,1,0,0,0,0,1
635.185399,0,0,0,1,0,1,1,1,0
642.266842,1,0,1,1,1,0,1,0,0
644.620548,0,0,0,1,1,1,1,1,1
652.154579,0,1,0,0,0,0,1,1,1
659.572677,1,0,0,0,0,1,1,0,0
666.247270,0,1,1,1,1,0,0,1,0
667.131902,0,1,1,0,0,0,0,0,0
672.182397,0,1,1,1,1,0,1,1,0
677.173301,0,0,1,1,0,0,1,0,0
683.519586,1,0,1,1,1,1,0,0,1
690.812347,0,1,0,1,1,1,0,0,1
697.730218,0,1,0,1,1,0,0,0,0
704.434773,0,0,1,0,1,1,0,0,1
713.160391,1,1,1,0,0,1,1,0,1
713.410742,0,0,0,1,0,0,0,0,0
713.502642,0,0,0,0,0,0,1,1,0
721.786712,1,1,1,0,0,0,0,1,1
729.205575,0,0,0,0,0,0,1,1,1
733.901499,0,1,0,0,1,1,0,1,0
738.685238,0,0,1,0,1,0,1,1,0
740.159445,1,1,0,1,0,1,0,0,0
748.159645,0,1,0,1,0,0,1,1,1
757.499016,0,0,0,0,1,0,1,0,1
760.335867,0,1,0,1,0,1,0,1,0
762.247415,0,1,1,0,0,0,1,0,1
766.816379,0,1,1,0,0,0,1,0,0
774.195282,1,1,0,0,1,0,1,1,0
784.074522,1,0,0,0,0,1,0,0,1
788.995664,1,0,1,0,0,0,0,0,1
796.719677,0,0,1,0,1,1,1,1,1
804.401408,0,1,1,0,1,1,1,0,0
805.730946,1,1,0,1,1,1,0,0,0
809.000850,0,1,0,0,0,1,1,0,0
818.169525,0,0,0,0,0,1,1,0,1
824.332270,1,1,1,1,0,0,0,1,0
830.863229,1,0,1,1,0,1,1,1,0
831.412378,0,0,1,0,1,1,0,0,0
833.201279,0,0,0,0,1,1,1,1,0
841.247832,1,0,1,0,1,0,0,1,1
842.190767,1,0,1,0,0,0,0,0,1
848.390917,1,1,1,0,1,1,0,1,1
858.127786,1,1,0,1,1,1,1,1,1
861.310286,1,0,0,1,1,1,0,1,0
870.223438,0,0,0,1,1,1,1,1,0
872.119255,1,1,1,1,0,0,1,0,0
881.201472,1,1,1,1,0,0,0,1,1
888.925277,0,1,0,1,1,0,0,1,0
896.044209,1,0,1,0,1,0,0,1,1
900.378109,0,0,1,0,0,1,1,0,0
904.034481,1,0,1,0,1,0,1,0,0
907.625431,1,1,0,0,0,0,1,1,0
915.323608,1,0,1,1,0,1,1,0,0
919.336365,1,0,0,1,0,0,0,0,0
926.594704,1,1,0,0,1,0,1,0,1
930.770370,1,0,0,0,1,1,0,0,0
932.604349,0,0,0,1,0,0,0,0,0
942.304792,0,1,1,1,1,1,0,0,1
950.331450,1,0,0,1,0,0,1,1,1
959.702770,0,1,0,0,1,1,0,0,0
963.976070,0,0,1,0,0,1,0,1,0
970.179840,1,0,0,1,0,0,0,0,1
975.180340,1,0,0,1,0,0,0,1,1
976.056084,0,1,0,1,1,1,1,1,1
984.746172,0,0,1,0,0,1,1,1,1
992.966245,1,1,0,1,1,0,0,1,1
994.385014,1,0,1,0,0,1,1,0,1
996.972819,1,1,0,1,0,1,1,0,1
998.640319,0,0,1,0,0,0,1,0,1
1001.394667,0,0,0,1,1,0,1,0,0
1005.281918,1,0,1,0,1,0,0,0,1
1014.807188,1,1,1,1,0,0,1,1,1
1017.182380,0,0,1,0,0,1,0,1,0
1023.372164,1,0,0,0,1,1,0,1,1
1023.486147,0,0,1,0,1,1,1,1,0
1026.555250,1,1,1,0,0,1,0,0,0
1033.705294,1,1,1,0,1,0,0,1,0
1034.217354,0,0,1,1,1,0,0,1,0
1035.884854,1,1,1,1,1,1,1,1,0
1043.462189,1,1,0,0,1,1,0,1,0
1050.976009,1,0,1,0,1,0,0,0,0
1054.689325,0,1,1,0,1,1,0,1,1
1054.690325,0,0,1,1,1,1,0,1,1
1063.660488,1,0,0,1,0,1,1,1,1
1070.004220,0,0,0,0,1,1,0,0,0
1079.963296,0,0,1,0,0,0,0,0,0
1081.301119,0,1,1,0,0,1,0,0,0
1086.522376,1,1,1,0,0,1,1,0,0
1093.607260,1,0,1,0,0,1,1,0,0
1093.655950,0,0,0,0,1,1,1,0,0
1103.411219,1,0,0,1,1,1,1,1,1
1108.871207,0,0,1,1,0,0,1,0,0
1112.092224,1,1,1,1,0,1,1,0,0
1120.510987,1,0,1,0,1,0,0,0,0
1124.010681,1,1,1,0,0,1,0,1,1
1130.608622,1,0,1,0,1,1,0,0,1
1133.200101,1,1,1,1,0,1,0,0,1
1137.948333,1,1,0,1,1,1,1,0,0
1145.608141,1,1,0,0,1,0,0,0,0
1146.817812,1,0,0,1,0,0,0,1,1
1148.844583,0,1,1,0,1,1,0,1,0
1155.844883,1,0,0,0,1,1,1,1,0
1159.997254,0,0,0,0,0,0,0,1,1
1167.302675,0,0,1,1,1,0,1,1,0
1171.571541,1,0,0,0,1,1,1,0,0
1178.771821,0,0,1,1,0,0,1,1,1
1180.071711,1,1,1,1,0,1,1,1,0
1188.114395,0,0,1,1,1,0,0,1,1
1195.924138,0,1,0,1,0,1,0,0,0
1200.269126,0,1,1,1,0,1,1,0,1
1209.274461,0,0,0,1,0,1,0,1,1
1210.483070,0,1,0,1,1,0,1,1,0
1211.455840,1,1,0,1,0,0,0,1,1
1218.731860,1,0,1,1,1,1,1,1,0
1220.042253,0,1,0,1,1,1,0,0,0
1228.344085,1,1,1,0,0,0,1,0,1
1229.604004,1,0,1,0,0,1,1,0,1
1236.697791,0,0,1,0,0,0,0,0,0
1243.706287,0,0,0,1,0,0,0,1,0
1244.237537,0,0,0,0,1,0,1,0,0
1252.120101,0,1,0,1,1,0,1,0,0
1261.081244,1,1,0,1,1,0,0,1,0
1264.349634,1,0,0,0,1,1,0,0,0
1264.523527,1,0,1,0,1,0,0,0,1
1271.395699,0,1,1,0,0,1,1,0,1
1279.167943,1,0,0,1,1,1,1,1,0
1281.133812,1,1,1,1,1,1,0,0,1
1281.969100,0,1,0,0,1,0,1,1,1
1289.168899,0,0,1,0,0,1,0,0,1
1296.223018,1,0,0,1,1,1,1,1,0
1299.035909,0,1,1,0,0,0,0,1,0
1303.561084,0,1,0,0,1,1,0,0,0
1310.219243,1,0,0,1,1,0,1,0,0
1319.144082,1,0,1,1,0,1,1,1,1
1319.474606,0,1,0,1,0,1,1,0,1
1326.516702,0,1,1,1,1,0,0,1,1
1331.595729,1,1,1,1,0,0,0,0,1
1336.202246,1,1,0,1,1,1,0,1,0
1345.195746,1,1,0,0,1,0,0,1,0
1345.348822,0,1,1,1,1,1,0,1,0
1350.864422,0,0,0,1,1,1,0,1,1
1358.825791,0,1,1,1,1,0,1,1,1
1367.297282,1,1,0,1,0,0,0,0,1
1374.155602,1,1,1,0,0,0,0,0,0
1384.033663,0,0,1,0,1,1,0,0,1
1384.128993,0,0,1,1,1,0,1,1,1
1393.633993,0,0,1,1,1,0,0,1,1
1402.458704,1,1,1,1,1,1,1,1,1
1411.671381,1,0,0,1,1,1,1,1,0
1420.269405,0,1,1,1,0,1,1,0,1
1428.959052,1,1,1,0,0,0,0,1,0
1435.948433,1,0,0,0,1,1,1,0,0
1438.949133,0,1,1,0,1,1,1,1,1
1447.075812,1,0,1,1,0,0,0,0,1
1447.545515,0,1,0,0,1,1,1,1,1
1455.025106,0,0,0,0,0,1,1,1,0
1463.004031,1,0,0,1,0,0,1,0,1
1472.514570,0,0,0,1,1,0,1,0,1
1482.152133,0,0,1,0,0,1,0,0,1
1487.058302,0,0,1,1,0,1,0,1,0
1487.941923,0,0,1,1,0,1,0,1,1
1492.404015,0,0,0,1,0,0,1,0,0
1493.120095,0,1,0,1,0,0,0,1,1
1495.892060,1,1,0,0,1,1,1,0,1
1503.573451,1,0,1,1,0,1,1,1,1
1508.799832,0,0,0,1,0,0,0,1,1
1516.817378,0,1,0,1,0,0,1,1,1
1526.250542,1,1,1,0,1,1,0,0,1
1532.540111,1,0,0,1,1,0,1,1,1
1532.565176,0,0,1,0,1,0,0,0,0
1537.263774,0,0,0,1,0,0,0,0,0
1544.136814,0,1,0,1,0,0,1,1,0
1549.368060,0,1,1,0,0,0,1,0,1
1552.225918,1,1,0,0,1,0,0,1,1
1560.773781,1,1,0,1,0,0,1,0,1
1564.012315,0,1,1,0,1,0,1,1,0
1573.066463,0,0,0,0,0,1,1,1,0
1574.743171,0,1,0,0,0,0,1,1,0
1575.481715,0,1,0,0,0,0,1,0,1
1585.105184,1,1,1,0,1,1,1,1,0
1587.310210,0,1,0,0,0,1,1,0,1
1587.992960,1,0,1,0,1,1,1,1,1
1590.524010,1,1,1,1,1,1,1,1,1
1598.742242,0,0,1,1,0,0,1,0,0
1606.078818,1,1,1,1,1,1,1,1,0
1610.449129,1,1,1,0,1,1,1,1,1
1613.306986,1,0,1,1,1,1,0,1,1
1620.967290,1,1,0,1,1,0,0,1,0
1621.397610,0,0,1,0,0,1,1,0,0
1625.330256,1,1,1,0,0,0,0,0,1
1635.004024,1,1,1,0,1,1,1,0,0
1643.479786,1,0,0,0,1,0,0,1,0
1651.833092,1,1,0,0,0,1,0,0,0
1657.677180,1,1,1,1,0,0,1,0,0
1663.449273,0,0,1,0,1,1,0,0,0
1664.770896,0,0,1,0,0,1,1,0,0
1671.470255,0,0,1,1,1,1,1,0,1
1680.903301,1,0,0,1,0,1,0,0,0
1683.162140,0,0,1,0,1,0,1,1,0
1683.538103,1,1,0,1,0,1,1,1,0
1685.500166,0,0,0,0,1,0,0,0,0
1691.580558,1,1,1,0,0,1,0,0,1
1698.695600,0,0,0,0,0,0,0,0,1
1703.924504,0,0,0,0,1,0,0,1,1
1705.360710,0,0,1,0,1,0,1,0,0
1707.006405,1,0,0,1,0,1,1,0,0
1715.925432,0,0,0,1,1,1,1,0,1
1720.601290,0,0,1,0,0,0,0,0,1
1721.635743,0,1,1,0,0,1,0,1,1
1728.886018,1,1,0,1,0,1,0,0,1
1728.887018,1,1,0,0,1,1,0,0,0
1734.070746,1,0,0,0,1,0,1,1,0
1739.462912,1,1,0,0,1,0,0,1,0
1745.894190,1,0,0,1,1,0,0,0,0
1752.289237,0,1,0,0,1,1,0,0,1
1758.070909,0,0,1,0,0,0,0,1,0
1766.655956,1,1,1,1,1,0,1,1,0
1774.901746,1,0,0,0,0,1,0,0,0
1783.078724,0,1,1,1,1,1,1,0,1
1787.061738,0,1,0,0,0,1,0,1,1
1787.605319,1,0,0,0,1,1,1,1,1
1793.255105,1,0,1,1,1,0,0,1,0
1796.478531,0,1,1,0,0,1,0,1,1
1797.402516,1,0,0,1,1,1,0,1,1
1803.771594,1,0,0,0,1,0,0,1,0
1804.214539,1,0,1,0,0,1,1,0,0
1811.751017,1,1,0,1,0,1,1,0,0
1816.037303,1,0,0,0,0,1,0,1,1
1823.222874,1,1,0,0,0,1,1,0,0
1828.022629,0,0,1,1,0,0,1,0,1
1833.207790,0,0,1,0,0,0,0,0,0
1834.820719,0,0,1,1,1,1,0,1,0
1836.200891,1,1,0,1,0,1,1,0,0
1844.358970,0,0,0,1,1,1,0,1,0
1849.265140,1,1,0,1,1,0,1,1,1
1858.363270,1,1,1,1,1,0,1,1,1
1868.157408,1,1,1,0,1,0,0,0,0
1872.902459,1,1,1,0,1,0,1,1,0
1882.158408,1,1,1,1,1,1,1,1,1
1892.042141,0,1,0,0,0,1,0,1,1
1892.979008,1,0,1,1,0,0,0,1,0
1897.147969,0,1,0,0,1,1,0,0,0
1897.269438,0,1,0,0,1,0,0,1,0
1899.427085,0,0,0,1,0,1,0,1,1
1908.466730,1,0,0,0,0,0,1,0,1
1917.636937,0,0,0,0,1,0,1,1,1
1922.179192,1,1,1,1,0,0,0,1,0
1926.153009,0,0,0,0,1,0,1,0,1
1932.567161,1,1,0,0,1,0,1,0,0
1933.996590,1,1,0,0,1,1,0,1,0
1937.123892,1,1,0,1,0,0,1,0,1
1942.693197,1,1,0,0,1,0,0,0,1
1944.536913,0,1,0,0,0,0,0,1,1
1946.276870,0,1,1,0,1,0,0,0,1
1952.783548,0,1,0,1,1,1,0,0,1
1953.617798,1,0,0,0,1,0,1,1,1
1958.263724,0,0,0,1,0,0,0,0,1
1966.267726,0,0,1,1,0,1,0,1,1
1975.172945,0,1,0,0,1,1,0,0,0
1978.726221,0,0,1,1,0,0,1,1,0
1985.254346,1,1,1,0,1,1,0,1,1
1991.213180,1,1,1,1,1,1,1,0,1
1997.818458,0,1,1,0,0,1,1,1,0
2002.317488,1,0,1,1,1,1,0,1,0
2008.111012,0,1,1,0,0,0,1,1,1
2014.812373,1,0,1,0,1,0,0,1,1
2020.491476,1,0,1,0,1,1,0,0,0
2023.346521,1,1,0,0,1,1,1,0,0
2033.060835,1,1,1,1,1,1,1,0,1
2040.893751,0,0,1,0,0,0,0,0,0
2046.467760,0,1,1,0,0,1,0,1,0
2054.146332,1,0,0,1,0,1,1,1,0
2061.042476,0,1,1,1,0,1,1,0,1
2067.336670,0,1,1,0,1,0,0,1,1
2068.261670,0,1,1,1,0,0,0,1,1
2076.557804,1,1,1,1,0,0,0,0,0
2086.390106,0,1,1,1,1,0,0,0,1
2089.358789,1,1,0,1,0,0,1,0,0
2099.336619,0,1,0,0,0,0,1,1,0
2103.609036,0,0,0,1,1,1,1,1,1
2106.765208,0,0,0,1,0,0,0,0,0
2107.478146,1,0,0,1,0,0,0,0,0
2108.777717,0,1,0,1,0,1,1,0,0
2112.382175,0,1,0,1,1,0,0,1,0
2121.371041,1,1,1,1,1,1,0,1,1
2127.572465,0,0,0,1,0,1,0,0,0
2127.968162,1,0,0,0,1,1,1,1,1
2133.675398,1,1,1,1,1,0,0,0,1
2140.342398,0,1,0,1,0,1,1,0,0
2140.476128,1,1,0,0,0,0,1,1,0
2146.041425,0,0,0,1,1,1,0,0,1
2146.042425,0,1,0,0,0,0,0,1,0
2156.031037,1,1,0,0,0,1,0,0,1
2159.118148,0,0,0,0,1,0,0,0,0
2159.697602,1,0,0,1,1,0,1,0,1
2164.044159,0,0,1,1,0,1,0,0,0
2170.584790,1,0,1,1,1,0,1,0,0
2174.390719,0,0,1,0,0,0,0,0,1
2174.465061,0,0,0,1,0,1,0,0,0
2182.038248,0,1,1,1,0,0,0,1,1
2184.832491,1,0,1,1,1,0,1,1,0
2189.937583,0,1,0,0,0,1,1,1,0
2191.979901,1,1,1,0,1,1,0,1,1
2196.180481,1,1,1,1,1,0,1,1,0
2198.846997,1,1,0,0,1,0,1,1,1
2208.447037,0,0,1,1,0,0,1,1,1
2208.946072,1,0,0,0,1,0,0,0,0
2217.398858,0,1,0,0,0,0,0,1,0
2224.621358,0,0,0,1,0,0,0,1,0
2230.464315,0,1,0,0,0,1,1,1,1
2230.965265,0,1,0,1,0,1,0,0,0
2235.845502,1,0,1,0,1,1,1,1,0
2244.527805,1,1,0,0,0,0,0,1,1
2245.371053,0,0,1,0,0,0,1,1,0
2254.361980,0,1,1,0,1,1,1,0,0
2258.798626,0,1,0,1,0,1,0,1,0
2263.189431,1,1,0,0,1,0,0,1,0
2266.828321,1,0,1,0,1,0,1,1,1
2267.616015,1,1,0,0,1,0,1,0,1
2275.593746,1,1,1,0,0,0,0,1,0
2281.244738,0,1,0,1,0,1,1,0,0
2283.600073,0,1,1,1,0,1,1,0,1
2292.649845,0,0,1,0,1,1,1,0,0
2294.206980,1,1,1,1,1,0,1,0,0
2302.173691,1,0,0,0,1,0,1,0,0
2307.029060,1,1,0,0,1,1,0,0,1
2316.109220,1,1,1,1,1,1,0,0,1
2323.117001,1,1,1,0,0,1,1,1,0
2330.289520,1,0,1,0,0,1,0,0,0
2338.387271,1,1,0,0,1,1,1,0,0
2344.134963,0,1,1,1,1,1,0,1,1
2354.011300,0,1,1,0,0,0,1,1,0
2363.125893,0,0,0,1,0,1,0,1,0
2372.127022,1,0,1,1,1,0,1,1,1
2381.443584,1,1,0,0,1,1,1,0,1
2386.530709,1,0,1,1,1,0,1,1,1
2390.113905,1,0,1,1,0,1,0,0,0
2397.721507,1,1,0,0,0,0,1,1,0
2404.286267,0,1,1,0,1,0,0,1,1
2407.605901,1,0,0,1,1,1,1,1,0
2409.324942,1,1,1,0,0,1,1,1,1
2409.872106,0,1,1,0,1,1,1,0,1
2415.055604,0,0,1,1,1,1,0,1,1
2415.705662,1,1,0,1,1,1,1,0,1
2422.052181,1,0,0,0,0,0,0,0,0
2423.535650,0,0,0,1,1,1,0,1,0
2430.983701,1,0,1,1,1,0,1,1,0
2436.006033,0,0,0,1,1,1,0,1,1
2436.888002,0,1,0,1,0,1,0,0,1
2437.042108,0,1,0,0,0,0,1,1,0
2437.586532,1,1,0,1,0,1,0,0,0
2441.017543,1,1,1,0,0,0,1,1,0
2446.915694,0,0,1,1,1,0,0,1,1
2448.681223,0,1,1,0,1,0,1,1,0
2453.176156,1,0,1,0,0,1,1,1,1
2453.241561,1,0,0,1,1,0,0,1,0
2461.285235,0,0,1,0,1,0,1,1,1
2468.441854,1,1,1,1,0,0,0,0,1
2472.644114,0,0,0,1,0,1,1,0,0
2481.860345,1,0,0,0,0,0,1,1,1
2486.029265,0,0,0,0,0,1,1,0,1
2496.017570,1,0,1,1,1,0,0,0,1
2502.458604,1,0,1,0,0,0,1,1,0
2510.515670,1,1,1,1,1,0,1,0,1
2512.561920,1,0,1,0,1,1,1,1,1
2513.782578,0,1,0,0,0,0,0,1,0
2515.734884,0,1,0,1,0,1,0,0,0
2522.872526,0,1,0,0,0,1,0,0,1
2528.988522,1,0,0,1,0,1,1,0,1
2536.994673,0,0,0,0,1,0,0,1,0
2539.159200,0,1,0,0,1,0,1,1,0
2539.858136,1,0,1,1,1,1,1,0,0
2539.859136,0,1,1,0,0,0,0,1,0
2541.228562,1,1,0,1,1,1,1,1,0
2543.103081,1,0,0,1,1,1,1,0,1
2546.572685,1,1,0,0,1,1,0,1,1
2547.229357,0,0,0,0,1,0,0,0,0
2549.093289,1,1,0,1,0,0,0,1,1
2550.912289,0,1,0,0,0,0,1,0,1
2559.891983,0,0,1,1,0,1,0,1,1
2560.862273,0,0,1,1,1,1,0,1,0
2562.205996,0,0,1,1,1,0,1,0,1
2568.231394,1,1,0,1,1,0,0,1,1
2573.367602,1,0,1,0,0,0,0,1,0
2574.219581,1,1,1,0,0,0,1,0,1
2578.734415,1,0,1,1,0,0,1,0,1
2583.355076,0,0,0,1,1,1,0,1,0
2591.710219,0,1,1,1,1,0,0,1,1
2598.842638,1,0,1,1,1,0,1,0,0
2602.414710,0,1,1,0,1,0,0,0,0
2609.905157,0,1,1,1,0,1,1,1,0
2613.567762,1,1,0,0,0,0,1,0,0
2616.356362,0,0,1,0,1,0,1,0,0
2617.078767,1,0,1,1,1,0,1,1,1
2619.775308,1,1,0,1,0,0,0,0,0
2625.709218,1,0,0,0,0,0,0,0,1
2633.625657,1,0,0,0,1,1,1,1,1
2636.608815,0,1,1,0,1,1,0,1,0
2638.846628,1,0,0,1,1,0,1,0,0
2642.127201,1,0,0,1,0,0,1,0,0
2642.524503,1,0,0,0,1,0,1,0,1
2646.107822,0,1,1,0,1,1,0,1,1
2652.726581,1,1,1,0,0,1,1,1,0
2657.200202,1,0,0,1,0,0,1,1,1
2661.765606,0,1,1,0,0,1,0,1,1
2668.511338,1,0,0,1,0,1,1,1,0
2677.578098,0,0,0,1,0,0,1,0,1
2679.440226,0,0,1,0,0,0,0,0,1
2689.137226,0,1,1,0,1,1,0,1,0
2692.740350,1,0,0,1,1,1,0,0,0
2700.123789,0,0,0,1,1,0,0,0,1
2706.120245,0,1,1,1,0,0,1,0,0
2709.059096,1,0,0,0,1,0,1,1,0
2709.394409,1,1,1,0,0,1,0,1,1
2719.250882,0,0,1,0,1,0,0,1,1
2721.215972,0,0,0,0,1,0,1,0,1
2729.807444,0,0,0,1,1,1,1,0,1
2732.600617,1,1,0,1,1,1,0,0,0
2733.148675,1,1,1,0,1,0,0,1,1
2734.539607,1,1,1,0,0,1,1,0,0
2735.386004,1,0,0,1,0,0,1,1,1
2741.285031,0,1,1,1,0,1,0,1,0
2742.089971,1,1,1,1,0,0,1,1,0
2749.492574,0,1,1,1,1,0,1,1,1
2754.631600,0,1,0,0,1,1,1,0,1
2761.102541,0,0,1,1,1,1,0,1,1
2761.844207,1,1,1,0,1,0,1,1,1
2765.844807,1,0,1,1,1,0,1,0,0
2769.152250,1,1,0,1,0,0,1,1,1
2778.048912,0,0,1,1,1,1,0,0,1
2787.754823,1,0,0,0,0,1,0,1,0
2789.161088,0,0,0,1,0,1,1,1,1
2794.018745,0,0,0,1,0,0,1,0,0
2800.763257,1,1,1,1,1,0,0,1,0
2805.870543,0,0,0,0,1,1,0,1,0
2815.697149,1,0,1,1,0,1,1,1,1
2820.330274,1,0,0,0,1,1,0,1,0
2823.400820,1,1,0,1,1,1,0,0,0
2823.893574,0,1,1,0,0,1,1,0,0
2832.251226,1,1,0,1,1,1,0,0,0
2836.163340,0,1,1,1,1,0,0,0,0
2836.692742,0,1,1,1,0,1,0,1,1
2842.152295,1,1,0,0,1,1,1,1,0
2845.010152,0,1,0,1,0,1,0,0,1
2852.967967,0,1,1,0,0,0,1,1,0
2855.941642,0,1,0,0,0,1,0,0,0
2859.002537,1,0,0,0,1,1,0,0,1
2865.782000,1,0,1,1,0,1,1,1,1
2867.458810,1,1,1,1,1,0,1,0,0
2868.629359,0,0,0,0,0,0,0,1,0
2872.030019,0,1,1,0,0,0,0,0,0
2872.733290,0,1,1,1,0,0,1,0,1
2877.360693,1,0,1,1,0,0,1,1,1
2879.521010,0,1,0,0,1,0,0,0,1
2888.279599,1,0,1,1,1,0,0,0,1
2895.866048,1,1,0,1,1,1,1,1,1
2902.084375,0,1,0,0,0,1,1,0,1
2908.161770,0,0,0,1,1,0,0,1,1
2912.518306,1,1,0,0,1,0,1,1,0
2918.296506,0,0,1,1,0,1,1,1,0
2927.632366,0,1,0,0,0,1,0,0,1
2934.853697,1,0,1,0,1,1,0,1,1
2935.472612,0,1,0,1,0,0,1,1,1
2938.492178,0,1,0,1,0,1,1,0,0
2945.624248,0,1,1,1,0,0,0,0,1
2947.876839,0,1,1,0,0,1,0,0,0
2957.232918,1,1,1,1,0,0,0,0,0
2958.852667,0,1,0,0,0,0,0,0,0
2963.262996,1,0,0,0,1,1,0,0,0
2964.289251,0,1,0,1,1,1,1,1,0
2970.370724,1,0,1,1,1,1,1,1,1
2978.768511,0,1,1,0,0,1,1,0,0
2986.131412,1,0,0,1,0,0,0,0,0
2995.636254,1,0,1,1,0,1,0,0,0
3000.099050,1,0,0,0,1,0,1,1,1
3001.974862,0,1,1,0,1,1,0,0,1
3002.699332,1,1,0,0,1,0,0,0,1
3012.536009,1,0,0,0,1,1,1,1,0
3016.000204,0,1,1,1,0,0,1,0,1
3020.065496,0,0,1,0,0,1,1,0,1
3023.288765,0,0,1,0,0,1,0,1,1
3031.030926,1,1,0,0,0,1,0,1,0
3040.504663,1,0,1,1,0,0,1,1,0
3046.496155,1,0,1,0,1,0,0,1,1
3052.710525,0,0,0,1,1,0,0,1,1
3061.111562,0,0,0,1,1,1,0,0,0
3061.883998,0,1,1,0,0,0,1,0,0
3063.055612,0,1,0,0,0,0,0,0,0
3066.176868,0,1,0,0,0,0,0,0,0
3071.746931,0,0,1,1,1,0,0,0,0
3080.516285,1,0,0,1,0,1,0,0,0
3084.863584,0,0,0,1,1,0,0,1,1
3088.300410,1,1,1,0,0,0,1,0,0
3091.751947,1,1,0,0,0,1,1,0,1
3100.845302,0,0,0,1,0,0,0,1,1
3105.012552,0,1,1,0,0,0,0,0,1
3114.432313,0,1,1,1,0,0,1,0,1
3119.432813,1,0,1,0,0,0,1,0,0
3127.367446,1,0,0,0,0,1,1,0,0
3136.384705,1,0,0,1,0,1,0,1,1
3139.921936,0,0,0,0,1,1,0,0,0
3146.310357,1,0,0,0,1,0,1,0,0
3153.484553,0,0,0,1,1,1,0,0,0
3156.704115,0,1,0,1,0,0,0,0,1
3160.677004,1,1,0,0,0,1,1,1,1
3166.543340,0,0,0,0,1,0,1,0,1
3167.184276,0,0,0,1,0,1,0,1,1
3169.151285,1,0,0,1,0,1,1,0,1
3169.533510,1,0,0,0,1,1,0,1,0
3174.828099,0,1,0,0,0,0,1,0,0
3176.163734,1,0,1,0,1,1,1,1,1
3178.133715,1,0,1,0,1,0,0,0,1
3179.160253,0,0,0,1,0,0,1,1,1
3181.161053,0,1,1,1,0,0,1,0,0
3183.286272,1,0,1,1,1,0,1,0,0
3190.659416,0,0,1,1,1,0,1,0,0
3199.342675,0,1,1,0,1,1,0,0,0
3202.288166,0,1,0,0,0,0,1,1,1
3210.974572,0,1,1,1,0,1,0,0,1
3211.736917,1,1,0,1,1,0,0,0,1
3217.744576,1,0,1,0,1,1,0,0,1
3218.034703,1,0,0,1,1,1,0,0,0
3221.652828,1,1,0,0,1,1,1,1,0
3222.618017,0,1,1,1,1,0,0,0,0
3231.162467,0,0,1,0,0,1,1,1,1
3234.875217,0,1,1,0,0,1,0,1,0
3243.144858,1,0,1,1,1,0,0,0,0
3250.145158,0,1,1,1,0,1,1,1,0
3259.903052,1,0,0,0,0,1,1,0,1
3264.470191,0,1,1,0,1,1,0,0,0
3271.218036,1,1,1,0,0,0,0,1,1
3273.115398,0,0,0,0,1,1,0,1,0
3273.147743,1,0,1,0,0,0,1,1,0
3278.148243,1,1,1,0,0,0,0,1,0
3281.213264,0,1,0,0,1,1,1,0,1
3283.646453,1,1,0,1,1,0,1,1,1
3292.882640,1,1,1,0,1,1,0,1,1
3301.767214,1,0,1,1,1,1,1,1,1
3310.430449,0,1,1,1,0,0,0,0,1
3310.431449,1,0,0,1,1,0,1,1,0
3319.361381,0,0,0,0,1,1,0,0,1
3324.051420,0,1,1,1,1,0,0,0,0
3325.814070,0,0,0,0,0,1,1,1,1
3327.083301,1,1,0,1,1,0,0,1,0
3331.640421,1,0,0,1,0,1,1,1,0
3336.607064,1,1,1,1,1,0,1,1,1
3346.188258,1,1,1,1,1,1,1,1,0
3350.114962,0,1,1,0,0,1,1,1,0
3353.419303,0,1,0,0,0,0,1,0,1
3363.383929,0,0,1,0,1,0,0,0,0
3369.963218,0,1,0,1,0,0,0,1,1
3378.892580,0,0,1,0,0,0,1,1,0
3383.814962,0,1,0,1,0,0,0,1,0
3384.331670,1,0,1,1,1,0,0,0,0
3390.853757,0,1,0,0,0,1,0,1,1
3396.679257,1,1,0,0,0,1,0,0,0
3397.255279,0,1,0,1,1,1,1,1,0
3401.821691,1,1,0,1,1,1,0,0,0
3404.328465,1,1,0,0,0,1,1,0,0
3411.240731,0,1,0,0,0,1,0,1,1
3411.878272,1,0,0,0,1,1,0,0,1
3413.152553,0,1,0,0,0,1,0,1,0
3417.061085,1,0,0,0,0,1,1,0,0
3425.113228,0,1,0,1,1,0,0,1,1
3434.875157,0,0,0,0,0,1,1,1,1
3443.446728,0,1,1,0,0,1,1,0,0
3449.102900,0,0,1,1,0,1,0,0,0
3452.593347,1,0,0,0,1,1,1,1,1
3462.566360,1,0,0,0,1,0,0,1,1
3472.309426,0,1,0,1,0,1,0,0,0
3477.330004,0,0,0,1,1,0,1,0,1
3479.786899,1,0,1,0,0,0,0,0,1
3485.906267,1,1,0,0,0,0,0,0,0
3485.907267,0,0,1,0,1,1,1,0,1
3488.063440,0,0,0,0,0,1,1,1,1
3489.218171,1,0,1,0,1,1,0,0,1
3489.757579,0,1,1,0,1,1,0,0,0
3490.668892,1,1,1,0,1,0,1,1,0
3498.430310,0,1,1,1,0,0,1,1,1
3503.406889,1,0,1,0,0,0,0,1,1
3511.277193,0,0,0,0,1,1,0,0,1
3521.121687,1,1,1,1,1,1,1,0,1
3523.511738,0,1,0,1,0,1,1,1,0
3523.611493,0,0,0,1,0,1,0,0,1
3530.286244,1,1,0,0,1,1,0,1,1
3538.413704,0,0,0,0,0,1,0,1,1
3543.819569,1,0,0,0,1,1,1,1,1
3551.512108,0,1,1,1,0,0,1,0,1
3554.178641,0,0,0,0,0,1,0,0,0
3559.385732,1,0,0,0,0,0,1,0,0
3560.467705,0,0,1,1,0,1,0,1,1
3564.589276,0,1,1,1,1,0,1,0,0
3569.385335,1,1,0,0,0,0,1,1,0
3572.719335,0,1,0,1,0,1,1,1,0
3578.984769,0,1,1,0,1,1,0,1,1
3586.485019,1,1,1,1,1,0,1,0,1
3586.497755,1,1,1,0,1,1,0,1,1
3587.055359,1,1,0,1,0,0,1,1,1
3588.019628,1,0,1,1,0,1,0,0,1
3593.198257,1,0,1,0,1,1,1,1,0
3598.255090,1,1,1,0,0,1,0,0,1
3599.037262,0,0,1,1,0,0,0,0,0
3608.087989,0,0,0,1,1,0,1,1,1
3612.818246,0,1,1,1,0,0,0,0,1
3620.352368,0,0,1,0,0,1,0,0,1
3621.347058,0,0,1,0,0,0,0,0,0
3623.014558,0,0,1,0,0,1,1,0,1
3627.903462,0,1,1,1,1,0,1,1,0
3635.370382,1,0,1,0,1,0,1,1,0
3636.351676,1,1,1,1,0,0,0,0,1
3637.564676,0,1,0,1,1,0,1,1,1
3644.464986,1,1,0,1,1,1,1,1,0
3654.091773,1,0,1,0,1,1,1,1,0
3659.886736,0,1,0,1,1,1,1,0,0
3662.842906,1,0,0,1,1,1,0,1,1
3671.624122,0,1,1,1,0,1,1,0,0
3679.942047,1,0,1,1,1,0,1,0,0
3683.901835,1,0,1,0,1,1,1,1,1
3684.578443,0,0,1,0,0,0,0,1,1
3691.404699,1,1,1,1,1,0,0,1,1
3698.943172,1,1,1,0,1,1,1,0,1
3705.682181,0,0,1,1,0,1,1,1,0
3713.623563,1,0,1,0,1,0,0,1,1
3715.371455,1,0,1,1,0,1,1,1,1
3716.374659,1,0,0,1,0,0,1,0,0
3725.202901,1,0,1,0,1,0,0,0,0
3726.433286,0,1,0,1,0,0,1,1,1
3734.661692,0,0,1,1,0,1,0,0,1
3738.758468,1,1,1,0,1,1,1,0,0
3747.144280,0,0,1,0,1,0,0,1,0
3752.226205,1,0,0,0,0,1,0,0,0
3757.411871,0,0,1,1,0,0,0,0,1
3767.104777,1,1,0,1,1,1,1,0,0
3767.889231,1,1,0,0,1,1,0,1,0
3772.757469,1,0,1,0,1,1,1,1,0
3774.351935,1,1,1,0,0,1,0,1,1
3780.877105,0,0,0,1,1,1,0,1,1
3784.279405,1,0,1,0,0,1,0,0,1
3788.792774,0,1,0,1,0,0,1,0,0
3791.342192,0,0,0,0,1,1,0,1,1
3795.695330,1,0,0,0,1,0,1,0,1
3803.075047,1,0,1,1,0,1,0,0,0
3810.640508,0,0,0,1,1,0,0,1,1
3816.705810,1,0,0,0,1,1,1,0,0
3822.686605,0,1,0,1,1,1,1,1,1
3832.307496,1,0,1,1,1,1,0,0,0
3835.634796,0,1,1,0,1,1,0,0,0
3842.664663,1,1,0,1,1,1,1,0,1
3843.323492,0,0,1,1,0,0,0,0,1
3851.301635,1,0,1,1,1,1,1,0,0
3854.432757,0,0,1,1,0,0,0,0,1
3858.235152,1,1,0,0,0,1,1,0,0
3859.292957,0,1,0,0,1,0,0,0,0
3867.459807,1,1,0,0,1,0,1,0,0
3876.793207,1,0,1,0,0,1,1,1,1
3884.056478,1,0,1,1,0,0,1,0,0
3887.042254,0,0,1,0,1,1,1,1,0
3894.945879,1,1,0,0,1,1,0,1,0
3896.344119,1,1,0,1,1,1,1,1,1
3896.345119,1,1,1,1,0,1,1,1,0
3900.754281,0,1,1,0,1,1,0,1,0
3901.846081,0,1,0,0,1,1,0,1,1
3908.973680,0,1,0,0,0,1,0,0,0
3914.489593,1,0,0,1,0,0,1,0,0
3918.938308,1,0,0,1,0,0,1,1,1
3927.015424,0,1,0,1,0,0,0,1,1
3935.662176,0,1,1,1,0,1,0,0,1
3941.911234,1,1,1,0,1,1,1,1,1
3944.094811,0,1,0,0,1,1,0,1,0
3953.357180,1,0,0,1,1,1,1,1,0
3955.017878,0,1,1,0,1,0,0,0,0
3955.308105,0,0,1,0,0,0,0,0,0
3962.091495,0,0,1,1,0,0,1,0,0
3963.826289,1,0,1,0,1,0,1,0,1
3966.642323,1,1,0,1,1,0,1,0,0
3975.820487,1,1,1,1,0,0,1,0,1
3976.708355,1,1,1,1,1,0,0,1,1
3979.513952,0,0,0,0,0,1,1,0,1
3979.619350,1,1,0,1,0,1,0,1,0
3983.619950,1,0,1,0,1,1,1,1,1
3984.355701,0,0,1,1,1,0,0,0,0
3987.134201,1,0,1,1,1,0,1,1,1
3991.591826,1,1,0,0,1,1,1,0,0
3995.775876,0,0,0,0,1,1,0,0,1
4005.028619,0,0,1,1,0,0,0,1,0
4008.640949,0,1,1,1,0,1,1,0,0
4012.596777,0,0,1,1,0,1,0,0,1
4019.028852,1,1,0,0,1,0,0,0,0
4025.029252,0,0,0,1,0,0,1,1,0
4029.576366,1,0,0,0,0,0,0,0,1
4035.246902,0,1,1,1,0,0,1,0,0
4039.820500,0,0,1,1,0,0,1,1,1
4045.685177,0,0,1,1,1,0,1,1,1
4048.439066,1,0,0,1,1,0,1,0,0
4051.144713,1,0,1,0,1,1,1,1,1
4054.080688,1,0,1,0,1,0,0,0,1
4054.640143,0,1,1,0,0,0,1,1,1
4063.330479,1,1,0,1,0,0,1,0,0
4066.981907,1,1,1,1,1,0,1,0,1
4069.730724,0,1,0,1,0,0,1,1,0
4073.982507,1,1,0,1,1,1,0,1,0
4075.286839,0,1,0,0,1,0,0,0,0
4085.221826,1,0,1,1,0,1,0,0,1
4090.869320,1,0,0,1,1,0,0,1,1
4094.384345,0,1,0,0,1,1,0,1,1
4101.743584,0,0,1,1,0,1,0,0,1
4110.173493,1,0,0,0,1,0,0,1,1
4117.440281,0,0,1,0,0,1,1,0,1
4118.706977,1,0,0,1,0,1,1,0,1
4119.420918,0,1,1,0,0,1,1,0,0
4119.534901,0,1,1,0,0,1,0,0,1
4127.469890,0,0,1,1,0,1,1,0,1
4133.115798,1,0,1,0,1,0,1,0,1
4135.024502,0,0,1,0,0,0,0,0,0
4135.516250,1,0,0,1,1,0,0,0,1
4144.989987,0,1,0,1,1,1,0,1,0
4153.112538,1,0,1,1,0,1,0,0,0
4159.925357,1,0,1,1,0,0,0,0,1
4161.323042,0,1,1,0,0,0,1,1,1
4162.652120,1,1,1,1,0,1,0,1,0
4167.591502,1,0,1,1,1,1,1,1,1
4172.173541,0,0,0,1,0,1,0,1,1
4180.560799,1,1,0,0,0,0,1,1,0
4184.795904,1,0,0,0,0,0,1,0,0
4187.651164,0,0,0,0,1,0,0,0,0
4188.345736,0,1,0,0,1,0,1,0,1
4188.799366,0,1,0,1,0,1,0,0,0
4195.986707,0,0,0,0,1,0,1,1,1
4204.069966,1,0,1,0,0,0,1,1,0
4212.362062,0,0,1,0,1,1,0,0,1
4214.463693,0,1,0,0,0,1,0,0,0
4222.652850,0,1,0,0,0,1,1,0,0
4222.730178,0,1,1,1,1,0,0,1,1
4229.846081,1,0,1,1,0,1,0,1,1
4234.906404,0,1,1,1,0,1,0,1,1
4236.435029,1,1,1,0,1,1,1,0,1
4236.700553,1,0,1,1,0,1,1,1,1
4241.418638,0,0,1,1,1,1,1,0,1
4241.641459,1,0,0,1,0,0,1,0,0
4249.664255,0,0,1,0,0,0,1,1,1
4257.813791,1,1,1,0,1,1,1,1,0
4262.310744,0,0,0,0,0,1,1,1,1
4270.576025,1,1,1,0,0,0,0,0,1
4275.731149,1,0,0,0,1,0,0,1,0
4278.363465,0,0,0,1,0,0,1,1,1
4280.947232,1,0,1,1,1,0,0,1,0
4288.518008,0,1,1,0,1,1,1,1,1
4298.090352,0,0,0,0,1,0,0,0,0
4304.665280,1,0,0,0,1,1,0,1,1
4306.614137,1,0,0,0,0,1,0,1,1
4309.934192,0,0,0,1,1,0,1,1,0
4311.998214,1,1,1,1,0,1,0,1,0
4314.383195,1,0,0,0,0,0,0,0,1
4318.828195,1,1,1,1,1,0,0,1,1
4318.898955,1,0,1,0,1,1,1,1,1
4325.816826,0,1,0,1,1,0,0,0,0
4335.444314,0,0,1,0,0,0,0,0,1
4341.544478,0,1,0,0,1,0,1,1,0
4344.696553,1,0,1,1,1,1,0,1,0
4353.381231,0,1,1,1,0,1,0,1,1
4360.398575,0,0,1,1,0,0,0,0,1
4370.200575,0,1,0,1,0,1,1,1,1
4374.701125,1,1,1,0,0,1,0,0,1
4382.593106,0,1,0,0,0,1,0,0,0
4384.772729,1,0,1,0,0,1,1,1,1
4393.519753,0,1,0,0,0,1,0,1,0
4403.174959,0,1,1,0,0,0,0,0,1
4403.876108,0,1,0,1,0,0,0,1,1
4408.996917,0,0,0,0,1,0,1,0,1
4415.309850,0,1,1,0,1,0,1,1,1
4422.940521,0,0,1,0,1,1,0,0,0
4427.256879,1,1,1,1,0,1,1,0,0
4433.642783,0,0,1,0,0,1,0,1,0
4439.692561,0,1,0,1,0,1,0,1,0
4445.178135,1,0,0,1,0,0,1,1,0
4453.667495,1,0,0,1,1,0,1,1,0
4456.229390,1,1,1,1,1,0,0,1,0
4460.942562,0,1,0,1,0,0,1,0,0
4465.359121,1,1,0,0,1,0,0,0,1
4470.817496,0,1,0,0,0,1,1,0,0
4471.481413,1,0,0,0,0,0,0,0,0
4473.825928,1,1,0,1,0,0,1,1,1
4478.826428,0,1,1,0,1,1,0,0,1
4481.374816,0,1,1,1,1,1,0,0,1
4483.875566,0,0,0,1,1,0,0,1,0
4493.407777,1,0,1,0,1,0,0,0,1
4498.244996,0,0,1,1,1,0,0,1,0
4502.715536,0,0,0,1,0,0,1,1,1
4502.747881,1,1,1,0,1,1,0,1,1
4507.106383,0,1,0,1,1,1,0,1,0
4507.419408,0,0,0,1,0,1,1,1,0
4510.629390,0,0,1,1,0,0,1,0,0
4511.538419,1,1,1,0,0,1,0,1,0
4516.798486,1,1,1,0,1,1,1,0,0
4517.722471,0,1,1,0,0,1,1,0,0
4518.503816,0,0,1,1,1,0,1,0,0
4524.019729,1,1,0,1,1,0,1,1,0
4528.097456,1,0,0,0,1,1,0,1,1
4530.458342,0,0,1,0,0,0,0,1,0
4533.141066,0,0,0,0,0,0,1,0,1
4541.775196,1,0,0,1,0,0,1,1,1
4543.608753,0,1,0,0,0,0,1,0,0
4551.947682,0,0,1,0,1,0,1,1,0
4560.693788,1,1,1,1,0,0,1,0,0
4569.451549,1,1,1,1,1,1,0,1,1
4575.942628,1,0,1,1,0,0,0,0,1
4584.449001,1,1,0,0,1,1,1,0,1
4589.876809,1,0,1,0,0,0,1,0,1
4596.557385,1,1,0,1,0,0,1,1,0
4601.025152,1,1,1,1,0,0,1,0,1
4607.431431,0,0,0,1,0,0,0,0,1
4610.565451,0,1,0,1,1,1,0,1,1
4611.744904,0,0,1,1,1,0,1,0,0
4617.219265,0,0,1,1,0,0,0,0,1
4622.890644,0,1,0,0,1,1,1,1,1
4624.720945,1,1,0,1,1,1,0,1,1
4630.296753,1,0,1,0,1,1,0,0,0
4630.393590,0,1,1,1,0,0,1,0,0
4635.394090,0,0,1,0,0,1,1,0,1
4644.270080,1,0,0,0,0,1,1,0,0
4647.206833,1,1,0,1,1,0,0,0,0
4652.587730,0,1,1,1,1,0,0,1,0
4661.639813,0,1,0,1,1,0,0,0,0
4661.893952,1,0,0,1,0,0,0,1,1
4670.817136,1,1,1,1,1,1,0,0,0
4673.423180,1,0,1,0,1,1,1,0,1
4676.485468,0,0,1,1,1,0,1,0,0
4680.138415,0,0,0,0,1,0,1,1,1
4685.138915,1,1,1,0,0,1,1,1,1
4688.427258,0,0,0,1,1,0,0,1,0
4696.484324,0,0,0,1,0,0,1,0,1
4698.500871,1,0,0,1,0,0,1,1,0
4707.000231,0,0,1,1,0,1,1,1,0
4711.244504,0,1,0,1,0,1,0,0,0
4713.637017,0,0,1,1,1,0,0,1,1
4719.552060,0,0,0,1,0,1,0,1,1
4721.446362,1,0,0,1,0,0,0,1,1
4722.668831,1,0,0,1,0,0,0,1,0
4723.276799,0,1,0,1,1,0,1,0,0
4723.641966,1,1,0,0,1,0,1,1,1
4727.547196,1,0,0,1,0,0,0,0,0
4728.039476,1,1,1,0,1,0,0,1,0
4731.813923,1,0,1,1,0,0,0,0,1
4738.874018,0,1,0,1,0,0,1,0,1
4745.405615,1,1,0,1,0,0,0,0,1
4748.578711,0,1,1,0,1,1,1,0,0
4749.095124,0,1,0,1,0,1,1,0,0
4759.052393,0,0,0,1,0,1,0,0,0
4760.199440,0,1,1,0,1,0,1,1,1
4765.721710,1,0,1,0,0,0,1,0,0
4772.380207,1,0,1,0,1,0,0,1,0
4779.955557,0,1,1,0,1,1,1,0,0
4788.068196,0,0,1,0,0,1,1,0,0
4789.290448,0,1,1,1,0,0,1,1,1
4797.258130,1,0,1,1,1,1,0,0,1
4806.285839,1,1,1,0,1,0,0,0,1
4814.147410,1,1,0,0,1,1,1,1,0
4823.577846,1,1,0,1,1,1,0,0,1
4824.950391,1,1,1,0,0,1,1,0,1
4830.268183,0,0,1,0,1,0,1,0,1
4832.997423,1,0,0,1,1,1,0,1,0
4842.811446,0,1,1,0,0,0,0,0,1
4847.050048,0,1,1,0,1,0,0,0,0
4848.505448,0,1,0,1,1,1,0,0,1
4853.466671,0,0,0,0,0,1,0,0,0
4856.619810,0,1,1,1,0,0,0,1,0
4860.717822,1,0,0,0,1,0,0,1,0
4863.928560,1,0,1,1,1,0,0,0,1
4868.149670,1,1,0,0,0,0,0,0,0
4875.148484,1,1,0,0,0,0,0,1,0
4877.136113,0,0,0,1,1,0,0,1,0
4879.297997,0,0,1,1,0,1,1,0,1
4889.082502,0,0,0,1,0,1,1,1,1
4897.957073,0,1,1,1,1,0,1,1,0
4905.457323,1,1,0,1,1,1,1,0,1
4914.422944,1,1,1,1,1,1,1,0,0
4923.417056,0,0,0,1,0,1,1,0,1
4927.703342,0,0,1,0,0,1,0,1,0
4935.758011,0,0,1,1,0,1,0,1,1
4944.752014,1,0,0,0,1,1,0,1,0
4947.315687,1,0,1,1,0,1,1,0,1
4956.767069,1,0,1,1,1,1,1,1,1
4959.651942,1,0,1,1,0,1,1,1,1
4962.868021,0,1,0,0,0,0,0,1,0
4968.453486,1,0,1,0,0,0,0,0,1
4974.678090,1,0,0,0,0,0,0,0,1
4978.074584,0,1,0,1,1,1,0,0,0
4981.772693,0,1,1,1,1,1,1,1,1
4985.062838,0,1,0,0,1,0,0,1,0
4992.755376,1,1,1,0,0,1,0,0,1
5000.793720,1,1,1,1,1,1,1,1,0
5001.185627,1,0,0,1,1,0,1,0,1
5008.609093,1,0,1,0,0,1,0,1,0
5015.349231,0,1,1,1,1,1,0,1,1
5016.843588,0,1,0,1,1,0,1,0,1
5022.542070,1,0,1,1,0,1,1,1,1
5030.399427,0,0,0,1,1,0,0,1,0
5034.017087,0,1,0,0,1,1,0,0,0
5041.162587,1,1,0,1,0,1,1,0,1
5045.976859,1,1,1,1,0,1,1,0,0
5054.876969,0,0,0,0,0,0,0,1,0
5060.691341,0,1,0,1,1,1,0,0,0
5063.600897,1,1,1,1,1,1,1,0,1
5064.170022,1,1,1,0,1,0,1,1,0
5064.529838,0,1,0,1,0,1,1,1,0
5067.870710,0,0,0,0,1,0,1,1,1
5071.089779,0,1,1,0,0,1,0,0,1
5077.845423,0,1,0,1,0,0,1,0,0
5081.717004,1,0,0,1,0,1,0,0,0
5091.417034,1,0,0,0,0,0,0,1,1
5098.726720,0,1,0,1,0,0,0,0,0
5101.613679,1,1,1,0,0,1,0,1,1
5103.345550,0,1,1,1,0,0,1,1,0
5109.706674,0,1,0,1,0,0,1,1,0
5110.038675,1,0,1,1,0,1,1,1,0
5114.207152,0,1,0,1,1,1,0,1,1
5122.060365,0,1,0,0,0,1,0,1,1
5123.431598,1,0,1,1,0,1,0,0,0
5127.913632,1,1,1,1,1,0,0,0,1
5137.492621,0,1,0,1,0,1,1,1,1
5146.066707,0,1,0,0,1,0,0,1,1
5153.118116,0,1,0,1,1,0,0,1,0
5162.549991,1,0,1,1,0,1,0,0,0
5163.334495,0,0,1,1,0,0,0,0,1
5171.747352,0,0,0,1,1,0,0,0,1
5176.882974,0,0,0,0,0,0,1,0,0
5184.254665,0,1,1,0,0,0,0,1,0
5184.922265,1,0,0,1,1,1,0,1,0
5188.406361,0,1,0,0,1,0,0,1,1
5192.269043,1,1,1,1,0,1,0,0,1
5193.292842,0,0,1,0,1,1,0,0,1
5195.746427,1,0,1,1,0,0,1,0,0
5198.379299,0,1,0,1,1,0,1,1,1
5200.137392,1,0,1,1,0,1,0,0,0
5206.542981,0,0,1,0,1,1,1,0,1
5207.830617,0,1,1,1,0,1,1,1,1
5209.166378,1,1,0,1,0,0,1,1,1
5214.430009,0,0,1,1,0,1,0,0,0
5220.430409,1,1,1,0,1,1,0,1,1
5223.244498,0,0,1,1,0,1,1,0,0
5228.683130,1,1,1,0,1,0,1,1,0
5232.424329,0,0,0,1,1,0,1,1,0
5234.160374,1,1,1,1,1,0,1,1,1
5236.696004,1,1,1,1,0,0,1,0,1
5244.272777,1,1,1,0,1,1,1,1,1
5245.063172,1,1,0,0,1,0,0,1,1
5252.386274,0,1,0,0,1,0,0,1,1
5254.145133,1,1,0,1,1,1,1,1,0
5259.839681,1,0,0,0,1,0,1,0,1
5264.878113,0,0,1,1,0,1,0,1,1
5274.866081,0,0,1,0,1,0,1,0,0
5276.451392,1,1,1,0,0,0,1,1,1
5279.605716,1,1,0,0,1,1,1,1,1
5283.057984,0,0,1,1,0,0,1,0,1
5290.222446,0,1,0,1,1,1,1,1,0
5296.832541,1,1,0,0,1,0,1,1,0
5304.068999,0,0,1,0,0,0,0,0,1
5308.266717,1,0,1,0,1,0,1,1,1
5311.956109,0,0,1,1,0,0,1,0,1
5320.648939,1,0,1,0,1,0,1,1,0
5328.594599,1,0,1,0,1,1,1,1,0
5330.730803,1,1,1,1,0,1,1,0,1
5333.116885,0,1,0,1,1,1,1,1,0
5336.466245,0,0,1,0,0,1,1,0,1
5340.800145,1,0,1,1,1,0,1,1,0
5347.554282,0,1,1,0,0,1,1,0,1
5355.333916,1,1,0,0,1,1,1,1,1
5359.787025,1,1,1,1,0,1,1,0,1
5363.388902,1,1,0,1,1,0,0,0,1
5367.088780,0,1,0,0,1,0,1,0,1
5375.788543,1,1,1,0,1,0,1,1,0
5380.789043,1,0,1,1,0,1,1,1,0
5390.769165,1,0,1,1,1,0,0,1,1
5397.938123,0,0,0,0,0,0,0,1,0
5407.809930,0,0,1,0,1,1,0,1,1
5417.209990,1,0,0,1,1,0,1,1,0
5421.008289,1,1,1,1,1,0,1,1,1
5424.334344,1,0,0,0,1,1,1,0,1
5431.145686,0,0,1,1,0,1,0,0,1
5440.659624,1,0,0,1,1,0,1,1,0
5446.026329,1,0,1,1,0,0,0,0,1
5453.400329,0,1,1,0,0,0,1,0,1
5456.338098,0,1,1,0,1,0,0,1,1
5463.099712,0,0,1,0,0,0,1,1,0
5472.533731,1,0,1,1,1,1,0,1,0
5481.964860,0,1,0,0,0,0,1,0,0
5482.400600,1,0,1,0,1,0,1,0,1
5490.365847,1,1,0,0,0,0,0,1,1
5499.085372,0,0,0,1,1,1,0,0,0
5504.779018,0,1,1,1,0,1,0,1,1
5510.523826,0,1,1,0,0,0,1,0,1
5518.943848,1,1,1,0,0,0,1,0,0
5519.020983,1,1,0,1,1,0,0,1,1
5526.688948,1,0,0,0,1,1,0,1,0
5529.121677,1,1,0,1,1,1,1,0,1
5535.395342,1,1,1,0,0,0,1,1,1
5539.531267,1,1,1,0,1,1,0,1,0
5544.287430,1,0,1,1,1,0,0,1,0
5549.794729,0,0,0,1,0,1,0,0,1
5556.829726,0,1,1,0,1,0,1,0,1
5560.801620,0,0,0,1,1,0,1,1,0
5567.095697,1,1,1,1,1,1,0,1,1
5569.333711,1,0,0,0,0,1,0,1,0
5574.507939,0,1,1,0,0,1,1,0,1
5583.758014,1,1,0,0,1,1,1,1,1
5588.753322,0,1,1,0,0,1,1,0,1
5592.516727,0,0,0,1,1,0,0,1,0
5596.464701,1,0,1,1,0,1,1,0,0
5603.282492,1,0,1,0,1,0,0,1,0
5610.916316,1,1,0,1,1,0,0,1,0
5612.856624,1,0,0,0,1,0,0,1,1
5620.571138,1,1,0,0,0,1,1,0,1
5630.113867,1,1,0,1,1,1,0,1,0
5633.012304,1,0,1,0,1,1,1,1,1
5636.152284,1,1,0,0,1,0,0,1,0
5637.641751,1,0,1,1,1,1,1,0,1
5637.753170,1,0,1,0,1,1,0,1,1
5647.663779,0,0,0,1,1,0,0,0,1
5655.542779,1,1,1,1,1,1,1,0,0
5660.857183,0,1,1,1,0,0,0,1,0
5666.175377,1,0,0,0,1,1,0,1,1
5674.746948,1,0,0,1,0,0,1,1,0
5682.542696,0,0,1,1,0,0,1,1,0
5688.218804,1,0,0,1,0,1,1,0,0
5691.065673,0,0,0,1,0,1,0,0,1
5696.621673,1,1,0,1,1,1,1,0,0
5700.392788,1,0,0,1,0,1,0,0,0
5704.833596,1,1,1,1,1,0,1,0,1
5712.093284,1,1,1,1,0,1,1,1,0
5712.342706,1,1,0,1,1,1,1,0,1
5715.261035,1,0,1,0,1,0,1,1,0
5720.517919,0,1,1,1,1,1,1,0,1
5728.331594,1,0,0,1,1,1,0,0,1
5728.332594,0,0,0,1,0,1,0,1,1
5733.193514,1,1,1,1,1,0,1,1,0
5737.051271,0,0,1,1,1,1,0,0,0
5740.299229,0,0,0,1,1,0,0,0,1
5750.144205,1,1,0,0,0,0,1,1,1
5757.471517,1,0,1,0,0,0,1,1,0
5761.962758,1,0,1,1,1,1,1,1,0
5770.066396,1,1,1,0,1,0,1,1,0
5770.155106,0,1,0,0,1,0,1,1,0
5771.906986,1,0,0,0,1,1,0,0,0
5781.429218,0,0,0,0,1,0,0,0,0
5783.037622,1,0,0,0,0,1,1,0,0
5792.725154,0,1,0,1,1,0,0,1,1
5793.910058,0,1,0,1,1,1,0,0,0
5794.015979,0,1,0,0,0,1,1,0,0
5799.971798,0,1,1,1,1,0,1,0,1
5802.476749,1,1,1,1,0,1,1,1,1
5804.004505,0,0,0,0,1,0,1,1,1
5811.804725,1,1,0,0,0,0,0,1,0
5821.214972,0,0,1,0,0,0,1,1,1
5829.424610,0,0,0,0,0,0,1,1,1
5838.103243,0,0,1,0,0,1,1,0,1
5839.532672,0,1,0,0,1,1,0,0,0
5848.367477,1,1,0,0,1,0,1,1,1
5857.855044,1,0,0,1,1,0,0,1,1
5860.159479,1,1,1,1,0,1,1,0,1
5867.883844,1,1,1,1,1,0,1,0,0
5872.960789,0,0,0,1,0,0,0,1,0
5873.961689,0,0,0,1,0,1,0,1,1
5878.833997,1,1,1,1,0,1,0,0,1
5887.030325,0,1,0,1,0,0,1,1,0
5893.258323,0,0,0,0,0,1,0,1,1
5898.384509,1,0,1,0,0,1,1,1,1
5900.127138,0,0,1,1,1,1,0,1,0
5902.224703,1,0,0,1,0,0,0,0,0
5903.416060,0,0,1,1,1,0,0,1,0
5906.905878,1,0,1,0,1,0,1,0,0
5911.110540,0,0,1,1,1,0,0,0,1
5915.794616,1,0,1,0,0,1,0,0,0
5918.584654,1,0,1,0,0,0,1,1,0
5920.287916,1,0,0,0,1,1,0,0,0
5925.560720,0,1,0,0,1,1,1,1,1
5928.441179,0,1,0,1,1,1,1,0,0
5930.138544,1,1,1,1,1,1,1,1,1
5937.565359,1,0,1,0,1,1,0,0,1
5944.030829,1,1,1,0,0,0,0,1,1
5944.628360,1,0,1,1,0,1,0,1,0
5949.945901,0,0,1,1,0,1,1,0,0
5950.874643,0,1,0,1,0,0,0,1,1
5956.098489,1,0,0,0,0,0,0,0,1
5961.780739,0,1,1,0,1,0,0,0,1
5962.229264,1,1,0,1,0,0,1,0,1
5968.154672,0,1,1,1,1,1,0,0,1
5968.957479,0,0,1,1,0,1,1,0,0
5976.901381,0,0,0,1,0,1,0,0,1
5984.734110,0,0,0,0,0,1,1,1,0
5988.903877,1,0,1,1,0,0,0,0,1
5996.624105,1,0,1,0,1,1,1,1,0
6004.124355,0,0,1,0,1,1,1,0,1
6011.283260,1,0,0,1,0,0,1,0,0
6014.343891,1,1,0,0,1,0,1,1,1
6015.736504,1,1,0,0,0,0,0,1,1
6024.450918,1,1,0,0,0,0,1,0,1
6026.358422,0,0,1,1,0,0,1,1,0
6026.700727,0,0,0,1,0,1,0,1,0
6030.192624,1,1,1,1,1,1,0,1,1
6033.783009,0,1,1,0,1,0,1,1,1
6039.930183,1,1,0,1,1,0,0,1,0
6043.401273,0,1,1,1,1,1,0,1,0
6048.880085,1,1,1,0,1,1,1,0,1
6049.478041,1,1,1,0,1,0,1,0,1
6051.395311,0,0,0,0,1,1,0,0,0
6056.142824,0,1,1,1,0,1,1,0,0
6058.091858,0,0,0,0,0,0,1,1,1
6061.217546,0,0,0,1,0,1,0,1,1
6062.202054,1,0,1,1,1,1,0,0,1
6070.602214,0,1,1,0,1,0,1,1,0
6079.036813,1,0,1,0,0,1,1,0,0
6086.281533,0,1,0,1,0,0,0,0,0
6088.201845,1,1,1,1,0,0,0,1,1
6097.411326,1,0,1,1,0,0,1,0,1
6105.257695,0,0,0,0,1,0,1,0,0
6110.433132,0,1,0,0,1,1,0,0,0
6118.697194,0,0,0,0,0,1,1,0,1
6123.994107,0,0,0,1,0,0,0,0,1
6132.345527,0,0,0,0,0,0,1,1,1
6138.181720,1,1,1,1,1,1,0,0,1
6146.140758,1,1,0,0,0,1,1,1,1
6149.413036,1,1,0,0,0,0,0,1,0
6155.310103,1,0,1,1,0,1,0,1,1
6163.930930,0,1,0,0,1,1,0,1,1
6173.034468,0,0,1,0,0,1,0,0,0
6173.623645,0,0,1,0,1,0,0,1,1
6179.711881,1,1,1,1,1,0,1,0,1
6188.345897,0,0,0,1,1,1,1,0,1
6189.925093,1,0,1,1,1,1,1,1,1
6190.896584,0,1,0,1,0,1,0,0,0
6197.640559,1,1,0,0,0,0,0,1,1
6200.700349,0,0,1,1,0,1,0,1,0
6209.299838,0,1,1,1,1,0,1,1,1
6211.323108,1,1,0,1,0,1,0,0,0
6214.750731,1,0,0,0,1,0,0,1,1
6223.378319,0,1,1,0,1,1,1,0,0
6226.933118,0,0,0,1,1,0,1,1,0
6232.939757,0,0,1,1,0,0,1,0,1
6239.249069,0,1,1,0,0,1,1,0,0
6244.249569,0,1,1,0,1,1,1,1,1
6253.878832,0,0,1,0,0,0,1,1,0
6259.324666,0,1,1,1,1,0,1,0,1
6266.289255,1,0,1,1,1,0,1,0,0
6272.843059,0,1,0,1,0,1,0,0,1
6279.272964,1,0,0,1,1,0,1,1,0
6282.229134,1,1,1,1,1,1,1,1,0
6289.289762,1,0,0,0,0,1,0,1,1
6290.926180,1,1,0,0,0,1,0,0,0
6293.032232,0,0,1,0,0,1,1,0,0
6293.352835,1,1,0,0,0,0,1,1,0
6299.603210,1,1,0,0,0,1,1,0,1
6304.095286,1,1,1,1,0,0,1,0,0
6308.659447,0,0,1,0,1,0,0,1,0
6312.660047,0,0,0,0,1,0,1,0,1
6317.445052,1,0,0,1,0,0,1,0,0
6326.570503,1,0,0,0,0,1,1,1,1
6327.263647,1,1,1,1,1,1,1,0,0
6329.486647,0,1,1,1,1,0,0,1,0
6338.352740,0,0,1,1,0,0,1,1,0
6339.516990,0,0,1,1,1,1,1,1,1
6347.027498,0,1,0,1,0,1,0,0,0
6353.181729,1,1,0,0,0,0,1,0,0
6361.136944,1,1,0,0,1,0,1,0,1
6364.963648,0,1,0,0,1,0,0,0,1
6371.560233,0,0,0,1,1,1,0,1,1
6374.331656,1,0,1,1,0,1,1,0,0
6378.311850,0,0,1,0,0,1,1,1,0
6383.838613,1,1,1,1,1,1,1,1,0
6385.638597,1,1,0,0,0,1,1,1,0
6386.025100,0,1,0,0,1,1,0,1,0
6393.510382,0,0,1,1,0,1,0,0,0
6395.920048,0,0,0,0,1,0,1,1,1
6396.982888,1,0,0,0,0,1,1,0,0
6399.915657,0,0,0,1,1,1,1,0,0
6409.021010,0,0,1,1,1,0,0,0,0
6411.454199,1,1,0,0,0,0,1,0,1
6417.826655,1,1,1,1,1,1,1,0,1
6422.285808,0,0,0,1,1,0,1,0,0
6424.233516,1,0,0,1,0,0,1,0,0
6427.294928,1,1,0,1,1,1,1,1,1
6434.702595,1,0,0,0,0,0,1,0,0
6435.287844,1,0,0,0,1,0,1,0,1
6440.625389,1,1,1,0,0,1,1,0,1
6443.158815,0,1,1,1,0,1,1,1,0
6449.474973,0,0,0,0,0,1,0,0,0
6450.891175,0,0,1,1,1,0,0,0,1
6453.569970,1,0,0,1,0,0,1,0,1
6458.825278,0,1,0,0,1,0,1,0,1
6458.887905,0,0,0,1,0,1,0,0,0
6461.723871,1,1,0,1,1,1,1,1,1
6467.326605,1,0,1,0,1,0,0,0,1
6467.327605,1,1,0,0,1,0,0,1,0
6475.575842,1,0,1,0,0,1,1,1,0
6480.576342,0,0,0,1,0,0,1,0,1
6483.322370,0,1,0,1,1,0,0,1,1
6489.777673,1,1,0,0,0,1,0,0,1
6497.827404,1,0,1,1,1,1,1,0,1
6503.087878,1,0,1,1,0,0,1,0,1
6508.928168,0,0,1,1,1,1,0,0,1
6517.844943,1,1,1,0,1,1,0,1,0
6525.494751,1,0,1,1,1,1,0,0,1
6525.813179,1,0,1,0,1,0,0,1,1
6533.321217,1,0,1,0,0,0,0,1,1
6537.677609,1,0,0,1,0,1,1,0,0
6542.446065,1,0,1,0,0,0,0,1,1
6547.816898,0,0,1,1,0,0,1,0,0
6553.650648,0,0,1,0,1,1,0,0,0
6555.515261,0,1,0,0,1,1,0,1,1
6561.772099,1,0,1,1,0,1,0,1,0
6569.956896,0,1,0,0,0,1,1,1,1
6570.134509,0,1,0,1,1,0,0,1,1
6571.678323,1,1,1,1,1,1,0,1,1
6572.129278,1,1,0,0,0,0,1,1,1
6572.993024,0,0,0,0,1,0,0,0,1
6577.561468,1,1,1,0,0,0,0,1,0
6583.283372,0,0,1,0,1,1,1,0,0
6587.786965,0,1,1,0,0,0,0,1,0
6590.285167,0,0,0,0,1,1,0,0,1
6591.323245,0,1,0,1,0,1,0,1,0
6600.897755,0,1,0,0,0,0,1,0,0
6607.768966,1,0,1,1,0,0,0,0,0
6611.583902,0,1,1,1,1,0,1,0,0
6616.584402,0,0,0,0,0,1,1,0,1
6622.950150,1,1,1,1,0,1,0,0,0
6624.575987,1,1,0,1,1,0,1,1,1
6633.595693,1,1,1,1,0,1,1,0,1
6634.826078,1,1,0,0,0,0,1,1,1
6643.769846,0,1,0,0,0,0,0,1,1
6650.092794,0,1,1,0,0,1,0,0,1
6654.732754,1,1,1,1,1,0,0,1,1
6657.982980,1,0,0,0,0,0,0,1,1
6664.204288,0,1,0,1,1,0,1,0,0
6666.522319,0,0,1,0,0,1,0,0,0
6673.522619,0,1,1,1,0,0,1,0,0
6683.398253,0,1,1,1,0,0,0,0,1
6688.499414,0,1,0,0,1,1,0,0,0
6691.769318,0,0,0,1,1,1,0,1,1
6694.210550,1,0,1,1,0,0,1,0,0
6703.763668,1,0,0,0,1,1,0,1,1
6708.296439,1,1,1,1,1,0,0,0,1
6708.450907,0,0,1,0,0,1,1,0,0
6709.350254,1,1,1,1,1,0,0,1,1
6713.973616,0,1,0,0,0,0,1,1,0
6717.225825,0,1,0,1,1,0,1,1,0
6724.510047,0,1,1,0,0,0,1,0,0
6727.355951,0,1,0,0,0,1,0,0,1
6733.845191,0,1,0,0,0,0,1,1,0
6740.588373,1,0,1,0,0,1,0,0,1
6742.305178,1,0,1,0,1,1,1,0,0
6747.574193,0,1,0,1,0,1,1,0,0
6751.478913,1,0,0,1,0,1,1,1,1
6755.869331,0,1,1,1,0,0,0,0,0
6758.561319,1,1,0,1,0,0,0,0,1
6764.920906,0,1,0,0,0,1,0,1,1
6767.570043,1,0,1,0,0,0,0,0,0
6775.060090,1,1,0,0,0,1,0,0,1
6775.170071,0,1,0,1,0,1,0,1,1
6783.108130,1,0,1,0,0,1,0,0,0
6783.972105,1,0,1,1,1,1,1,0,0
6786.525720,1,0,0,0,0,0,0,0,1
6793.876512,1,0,1,0,1,1,1,0,1
6800.267220,1,0,1,1,1,1,0,0,1
6803.966197,1,0,0,1,1,1,0,0,0
6807.466847,0,1,0,1,0,1,0,1,0
6807.467847,0,0,1,1,0,1,1,1,1
6813.258822,1,0,0,0,0,0,1,0,1
6814.226018,0,1,1,1,0,1,0,1,0
6814.753281,0,0,0,1,1,0,0,0,0
6822.717168,0,0,1,1,1,0,0,1,0
6824.096370,0,0,1,1,0,0,0,1,0
6832.892990,1,0,1,1,0,1,1,1,0
6841.862599,0,0,1,0,1,0,1,0,1
6849.978394,1,0,0,1,1,0,1,0,0
6852.328240,1,0,1,0,0,0,0,0,1
6854.592794,1,0,0,1,0,1,0,1,1
6855.235705,1,1,0,0,1,1,0,0,1
6861.410000,1,0,0,0,0,1,1,1,0
6869.251322,0,0,0,0,0,1,1,0,1
6877.086904,1,0,1,1,1,0,0,0,0
6881.543980,1,0,1,0,1,1,0,1,1
6885.130148,0,1,0,0,0,1,0,1,1
6892.867000,0,1,1,0,1,0,0,1,0
6897.920126,1,1,1,0,1,0,1,1,1
6899.602374,1,1,0,0,0,1,0,1,0
6905.609484,0,0,1,1,0,0,1,0,1
6913.947843,1,0,1,1,1,0,0,1,1
6914.409323,1,1,0,1,1,0,1,1,0
6915.838752,1,1,0,0,0,0,1,1,0
6924.712255,1,0,0,1,1,1,0,1,0
6932.283927,0,0,1,1,1,0,1,1,0
6936.865647,1,1,1,0,0,1,0,0,0
6941.827900,0,0,0,1,0,0,1,0,0
6945.357959,1,0,0,1,1,0,0,0,0
6951.617240,1,0,1,1,0,0,0,0,1
6953.260305,0,0,1,0,0,1,0,0,1
6954.143569,0,1,1,1,0,1,0,0,1
6955.657735,1,1,1,0,0,0,1,1,1
6961.658135,1,0,0,0,1,1,1,0,1
6969.452473,0,0,0,0,0,0,0,1,0
6972.089573,0,1,0,0,0,1,1,1,1
6972.435366,0,1,0,0,0,0,1,0,1
6979.046584,1,1,0,1,1,0,0,0,0
6984.285155,1,0,0,1,1,0,1,1,1
6986.767885,1,0,1,1,1,0,0,1,0
6987.723146,0,0,1,1,0,0,1,1,0
6989.184674,1,0,1,0,0,1,0,0,0
6992.102049,0,1,0,1,0,0,1,0,0
6995.834019,0,1,0,0,1,1,0,0,0
7005.686185,1,1,1,1,0,1,0,1,1
7007.484351,0,1,0,0,1,0,0,0,0
7015.073245,1,1,0,1,0,1,1,1,1
7019.083506,0,0,0,0,0,1,1,0,0
7025.048376,1,0,0,1,0,0,0,0,1
7031.967420,0,1,0,1,0,0,0,0,0
7036.210420,1,0,1,1,0,0,1,0,1
7038.841876,1,1,0,1,1,1,1,0,0
7044.249460,1,1,0,1,0,1,1,0,0
7044.382026,0,1,0,1,1,1,0,0,0
7051.214404,0,1,0,0,1,1,1,0,1
7061.176457,0,1,1,1,1,0,1,0,1
7066.306477,1,1,1,0,1,1,1,1,0
7073.593571,1,1,1,0,0,0,1,1,1
7075.542145,0,0,1,1,1,1,0,1,1
7076.257359,1,0,0,1,0,0,0,1,1
7079.408227,0,0,0,0,1,0,0,0,0
7086.283540,1,0,1,1,0,1,0,1,1
7091.698300,1,1,1,0,0,1,1,0,0
7100.391060,1,1,0,0,1,1,1,0,1
7104.240030,0,1,0,0,0,0,0,0,0
7113.421606,0,1,0,0,0,1,1,1,0
7119.078606,1,0,0,1,0,0,0,1,0
7125.442606,1,0,1,0,1,0,1,0,1
7135.387566,0,0,0,0,1,0,0,0,0
7137.197909,1,1,1,0,0,0,1,0,0
7141.008052,1,0,0,1,0,0,1,1,1
7148.067169,1,0,0,1,0,0,1,0,1
7152.553128,1,0,0,1,1,1,1,1,1
7154.903430,1,0,0,0,1,1,1,1,0
7155.119848,1,1,1,1,1,1,1,1,1
7157.464364,0,1,1,0,0,0,1,0,0
7164.450617,0,1,0,1,0,0,0,1,0
7171.827928,1,1,1,0,0,1,0,1,0
7179.735746,1,1,1,1,1,0,1,0,0
7189.127699,0,1,0,0,0,1,1,1,0
7193.786770,0,1,0,1,0,0,1,0,1
7196.672857,0,1,1,1,1,1,1,1,0
7202.171462,0,0,1,1,1,1,0,1,1
7204.331337,0,0,1,1,1,1,0,1,0
7208.972694,1,0,1,0,0,1,1,0,1
7210.591889,0,0,1,1,1,0,0,0,1
7212.076612,1,0,1,1,0,1,1,1,0
7219.406196,1,1,0,0,1,1,1,0,1
7223.799280,0,0,1,0,0,0,0,1,0
7231.399520,1,1,0,0,0,0,0,0,1
7239.033930,1,0,0,0,0,1,1,0,1
7241.162864,0,0,0,0,1,0,1,1,1
7241.478298,0,0,0,0,0,1,0,0,0
7242.687968,1,0,0,1,1,1,1,0,0
7244.188818,1,1,1,0,1,0,0,1,0
7247.323307,1,1,0,0,0,0,0,0,1
7250.220193,1,0,0,0,0,0,0,1,0
7259.568084,1,1,1,0,1,0,1,0,0
7266.259324,0,1,1,1,1,0,0,1,1
7276.174825,0,1,0,0,1,0,0,1,0
7282.870808,0,1,0,1,0,0,0,0,0
7288.005665,0,1,1,1,0,0,0,1,1
7289.261520,0,1,0,1,0,1,1,0,0
7298.062901,1,0,0,1,1,1,0,1,1
7305.572047,0,1,1,0,0,1,0,0,1
7305.978412,0,1,0,1,1,0,1,1,1
7315.956816,0,1,0,0,1,1,0,1,1
7317.362462,0,0,0,1,0,0,1,0,0
7326.474226,0,0,0,1,0,1,1,0,0
7334.280246,1,0,0,0,1,0,0,0,1
7339.789677,0,1,0,1,1,1,1,1,0
7345.175696,0,1,0,1,1,1,0,1,0
7353.029508,1,0,1,1,0,1,1,0,0
7359.529858,0,1,0,1,1,1,0,1,1
7362.275286,0,0,0,0,1,1,0,0,1
7371.345147,1,0,0,1,1,0,0,0,1
7375.845697,0,0,1,1,1,1,0,1,1
7380.819930,0,1,0,0,0,0,1,1,1
7390.178484,1,1,1,1,0,0,1,1,0
7396.190579,0,0,1,0,1,1,1,1,0
7398.499041,0,0,0,0,1,0,1,1,1
7403.303482,1,0,0,1,1,1,1,0,0
7411.160839,1,1,1,0,0,1,1,0,0
7417.925868,1,1,1,0,1,1,0,1,1
7421.199268,1,1,0,1,1,0,1,1,1
7430.433913,0,1,1,1,0,0,1,1,0
7433.267963,0,1,1,1,0,0,1,0,1
7442.545744,0,0,0,0,0,0,1,1,0
7446.546344,0,0,1,1,1,0,1,0,0
7448.825936,0,0,1,1,1,0,1,0,0
7456.000132,1,0,0,0,1,0,0,0,1
7456.569257,1,1,1,1,0,1,1,0,0
7462.635903,0,1,0,0,1,1,0,1,1
7472.016968,0,1,0,1,1,0,1,0,1
7480.885006,0,0,1,0,1,1,0,1,0
7486.322355,0,0,1,0,1,1,0,0,1
7487.220126,1,1,1,0,0,1,0,0,1
7487.434780,0,1,0,0,1,0,1,1,1
7495.394168,0,1,0,0,0,1,0,1,0
7505.261121,1,1,0,1,0,0,0,1,0
7505.734515,0,1,1,1,1,1,0,1,1
7506.092211,0,0,1,1,1,0,0,1,0
7511.705053,1,0,0,0,1,0,1,1,1
7511.976296,0,0,0,1,0,0,0,0,1
7513.257822,1,1,0,1,0,0,1,1,1
7521.613127,1,0,1,1,0,1,1,1,0
7527.493168,0,0,1,0,0,0,0,0,0
7535.175061,0,0,0,0,0,1,1,0,0
7543.666640,0,0,1,0,1,1,1,0,1
7551.552048,1,1,0,0,1,1,1,0,1
7553.111334,1,1,1,1,0,0,0,1,1
7553.635157,0,1,1,1,1,1,1,1,0
7560.590686,0,0,0,0,1,0,0,0,0
7567.722952,1,1,1,1,0,0,1,1,0
7575.310548,0,1,0,1,1,1,0,0,1
7581.233702,0,1,0,1,1,1,1,1,1
7586.583005,0,1,0,1,0,0,1,1,1
7588.143482,1,0,0,0,1,1,0,0,0
7596.171023,0,0,1,0,1,0,0,0,1
7599.450997,0,1,0,0,0,1,0,0,1
7606.319234,0,1,1,0,0,1,0,1,0
7611.249319,0,0,1,0,0,1,1,0,0
7612.184291,0,1,0,1,1,0,0,1,1
7613.253887,1,1,1,1,0,1,0,1,0
7622.603883,0,0,1,0,0,1,1,0,1
7623.013005,1,0,1,1,1,0,1,1,1
7623.281961,1,0,1,1,1,0,1,0,0
7633.139119,0,1,1,1,1,0,1,0,0
7634.423176,1,0,1,0,1,1,1,0,1
7634.679832,1,0,0,0,0,0,1,1,0
7638.666448,1,0,0,0,0,1,1,1,1
7647.549241,1,1,1,0,1,1,1,1,0
7654.088049,1,0,0,1,1,1,1,0,1
7661.122746,1,1,1,0,1,1,0,0,0
7661.569562,0,0,1,0,0,0,0,0,0
7663.176992,0,1,0,0,0,1,1,0,1
7665.756351,1,0,1,0,0,1,0,1,1
7675.644002,1,1,1,1,0,0,0,1,1
7682.787145,1,1,1,1,0,1,1,0,1
7683.257412,0,0,0,0,0,1,0,0,1
7685.593395,0,0,0,0,1,0,0,1,0
7690.665317,1,1,1,0,0,0,0,0,1
7694.889407,0,0,1,1,0,1,0,1,0
7700.960034,0,1,1,0,1,0,0,0,0
7707.907707,1,0,1,0,0,0,0,0,0
7717.461066,0,1,0,1,1,0,1,1,0
7722.212835,0,1,0,0,1,1,0,1,1
7727.688951,1,0,0,1,0,1,1,0,1
7734.004167,1,0,0,1,1,0,1,1,0
7737.626427,0,0,0,0,0,0,0,0,1
7745.093347,0,1,1,1,1,1,1,0,0
7748.254114,1,0,0,0,0,0,0,1,1
7748.611344,1,1,1,1,0,0,0,1,0
7752.391107,0,0,1,1,0,0,1,1,1
7752.740725,0,0,1,0,0,0,1,0,0
7758.991100,1,0,0,0,1,0,0,1,1
7759.691739,0,0,0,0,1,1,1,1,0
7766.892019,1,0,0,1,0,0,0,1,0
7773.825175,0,1,1,1,1,0,0,1,0
7775.079419,1,0,0,0,1,0,1,0,1
7780.079919,1,0,0,1,1,1,1,0,0
7783.365614,1,1,1,0,1,0,1,1,0
7784.063660,1,1,0,1,0,1,0,1,0
7789.523432,0,0,1,0,1,0,1,1,1
7796.831393,1,1,1,1,1,1,0,0,0
7802.018596,1,1,1,1,0,0,0,1,0
7802.178732,0,0,0,1,1,0,1,1,1
7809.059996,1,1,0,0,1,0,1,0,0
7811.108573,0,0,1,0,1,0,1,0,0
7814.898668,1,0,0,0,1,0,1,1,0
7819.024969,1,1,1,0,1,1,0,1,1
7821.656337,1,0,1,1,1,1,1,0,1
7821.695021,0,1,1,0,1,0,0,0,1
7822.739688,1,0,1,1,0,1,1,0,1
7832.074320,0,0,1,0,0,0,1,1,0
7833.620157,0,1,1,1,0,1,1,0,1
7838.059966,0,1,0,0,1,1,0,0,1
7838.984568,0,1,1,1,0,1,1,0,1
7845.022406,0,0,0,0,1,1,0,0,0
7849.172757,1,0,0,0,0,1,0,1,0
7853.872858,0,0,0,1,1,1,0,1,0
7854.562195,0,0,0,1,0,1,1,0,1
7855.016517,1,0,0,0,0,1,1,1,0
7858.442950,1,0,1,0,1,0,0,1,1
7861.084635,1,0,1,0,1,1,1,0,0
7866.982481,0,1,1,0,0,0,1,1,1
7874.036347,1,1,1,1,0,1,0,0,1
7878.230476,0,0,0,0,0,1,1,0,1
7881.182001,1,0,0,1,1,1,1,0,0
7881.650790,1,1,0,1,0,1,0,1,0
7887.215750,0,1,1,1,1,0,0,0,0
7893.576074,1,1,1,0,1,1,1,1,1
7900.944758,1,1,1,1,0,0,0,1,0
7904.791527,0,0,0,0,0,0,1,0,0
7905.581922,1,1,1,1,0,0,1,1,1
7911.116223,0,1,0,0,1,1,1,0,1
7913.088856,0,0,0,0,0,1,0,1,1
7916.483557,0,0,1,0,1,1,1,0,1
7916.484557,1,1,0,1,1,1,0,0,1
7920.535331,1,0,0,0,0,0,1,0,0
7929.397878,1,1,1,0,0,1,0,0,0
7930.726307,0,1,0,0,0,1,0,0,0
7939.122694,1,1,0,1,0,1,0,1,1
7947.122894,1,0,1,0,1,0,0,0,0
7956.658315,1,1,0,1,0,0,0,1,0
7965.430368,0,1,0,0,1,0,0,0,0
7969.875368,0,1,1,1,0,0,1,0,1
7975.194985,1,0,0,0,0,1,0,0,0
7975.340028,0,0,0,0,0,1,0,1,1
7980.330025,1,0,1,1,0,0,1,0,0
7989.266301,0,0,0,1,1,1,1,1,0
7997.248340,1,1,1,0,1,0,0,1,0
8000.530262,1,1,0,0,1,1,0,1,0
8005.811262,1,0,0,0,0,1,1,1,0
8005.987069,0,0,1,1,1,1,0,0,1
8012.570744,0,1,1,0,0,1,1,0,0
8017.986633,0,0,0,1,1,0,0,1,1
8026.337420,1,1,0,0,0,1,1,1,0
8028.177495,1,0,1,1,0,0,1,1,1
8029.227079,1,1,0,1,1,1,1,0,0
8031.432930,1,1,1,1,0,1,1,1,0
8039.151435,0,0,0,0,0,0,1,0,0
8048.568969,1,0,1,0,1,0,1,0,1
8052.504002,1,1,0,0,1,0,1,1,0
8058.175295,0,1,0,1,0,0,0,0,1
8058.528823,0,1,1,1,0,1,1,0,1
8059.674287,1,0,0,1,0,0,0,1,1
8065.700326,1,1,1,1,0,1,1,0,0
8066.909996,0,1,0,1,1,0,0,1,0
8073.778996,1,1,1,0,1,1,0,0,0
8083.270572,0,0,1,1,1,0,1,0,0
8088.098676,0,1,1,1,1,1,0,1,0
8090.701939,0,0,0,0,1,0,0,0,1
8092.550100,0,0,1,0,1,0,0,1,1
8095.003684,1,0,0,0,1,1,0,0,0
8100.569196,0,0,1,0,1,0,0,1,1
8109.784961,1,0,1,1,0,1,0,1,1
8117.986426,0,1,0,0,0,0,0,1,0
8119.070651,0,0,0,1,0,1,1,0,0
8127.367118,1,0,0,1,1,1,1,1,1
8134.354598,1,0,0,0,0,0,1,1,0
8142.206585,1,0,1,1,0,0,1,0,1
8144.634960,0,0,1,0,1,0,0,1,1
8154.226281,1,0,0,0,1,1,0,0,0
8162.701913,0,0,0,1,1,0,0,0,1
8167.247913,1,1,1,0,1,1,0,0,0
8168.452294,0,1,0,0,1,1,0,0,1
8175.714209,1,1,1,1,1,1,0,0,1
8181.376743,0,0,0,1,1,0,1,1,0
8181.679154,0,0,1,0,0,1,0,0,0
8191.270436,1,1,1,0,1,1,0,1,0
8196.376808,0,0,0,1,0,1,0,0,1
8201.662333,0,1,1,1,0,1,1,0,1
8208.540239,1,1,0,0,1,1,0,0,1
8214.189797,1,0,1,0,1,0,1,1,0
8221.926244,0,1,1,0,1,0,1,0,1
8226.400481,1,1,0,0,0,0,1,0,1
8227.608907,0,1,1,0,0,0,0,1,0
8232.975671,1,1,1,0,0,0,0,1,0
8232.986863,0,0,0,0,1,0,1,1,0
8238.979582,0,0,1,0,1,1,1,1,1
8247.544202,1,0,1,1,1,0,0,1,0
8250.661774,0,0,1,1,1,0,0,0,0
8251.101919,0,0,0,1,0,1,0,0,1
8256.319788,0,0,0,1,0,1,0,0,1
8259.275316,1,0,1,1,1,1,0,1,1
8261.207941,1,1,0,0,1,1,0,1,0
8268.619547,0,1,1,0,1,0,1,1,1
8269.006051,1,1,1,0,0,0,0,0,1
8273.016084,0,1,1,0,1,0,1,1,1
8278.994083,1,1,0,0,0,1,1,0,1
8287.716492,1,1,0,0,0,0,1,0,0
8292.873575,1,0,0,1,1,1,1,0,0
8302.483543,0,1,0,0,1,1,1,1,1
8308.991829,1,0,0,0,0,0,1,1,0
8310.857050,1,0,1,0,0,0,0,1,1
8313.468801,1,1,1,0,0,1,1,0,1
8318.098494,0,0,0,0,1,0,0,0,1
8322.555770,0,1,1,1,0,0,0,1,0
8324.636892,1,1,1,0,1,0,1,1,1
8325.887767,0,1,1,0,0,1,1,1,0
8335.400011,0,0,1,1,1,0,1,1,1
8340.198325,1,1,1,1,1,1,1,0,1
8346.598685,0,1,0,0,1,0,1,1,1
8348.490613,1,1,1,0,0,0,1,1,0
8348.754169,0,0,0,1,1,1,0,1,0
8355.326712,0,0,1,1,0,0,1,1,0
8357.100584,1,0,1,0,1,1,1,0,0
8363.695127,0,0,0,1,1,1,1,0,1
8364.696027,1,0,1,0,1,1,1,0,0
8368.405266,0,0,1,0,0,0,0,1,1
8376.782119,0,0,1,0,0,1,1,0,1
8386.717120,1,0,0,0,0,1,0,1,1
8388.004165,0,1,1,1,0,1,0,0,0
8397.408198,1,0,1,1,1,1,1,0,0
8397.659173,0,1,0,1,1,1,0,1,0
8403.965611,1,1,0,0,0,0,0,1,0
8412.457728,0,0,0,0,0,0,1,0,0
8421.655844,1,1,0,1,0,0,1,1,0
8425.219706,0,0,0,1,1,0,1,1,1
8433.578079,0,0,1,0,1,1,0,0,0
8434.498939,1,0,1,0,1,1,0,0,0
8437.800369,0,1,0,1,1,1,0,1,1
8444.334674,0,0,0,1,0,0,1,0,0
8453.012225,1,1,1,0,1,0,0,0,1
8459.361540,1,1,1,0,1,1,0,1,1
8466.717574,0,1,0,1,1,1,0,0,0
8471.118134,0,0,1,1,0,1,0,1,1
8471.883389,1,0,1,1,1,1,1,0,1
8472.490816,1,1,1,1,1,0,0,1,0
8477.663713,1,0,1,0,0,0,1,0,1
8486.128433,0,1,1,0,0,0,0,1,1
8489.181076,0,0,0,0,1,0,1,0,0
8498.420282,1,0,0,0,0,1,0,0,1
8502.989559,0,0,1,0,0,1,0,0,0
8507.094952,1,0,0,1,1,0,1,1,0
8507.395547,1,0,0,1,1,1,1,1,1
8507.950648,0,0,1,0,0,1,1,0,1
8517.869023,0,0,0,0,0,1,1,0,1
8520.628368,0,1,0,0,1,1,1,1,1
8529.022311,0,1,0,1,0,0,0,0,1
8535.223809,1,0,1,1,1,0,1,0,1
8543.713755,0,1,1,1,1,1,1,0,0
8544.695050,0,1,0,0,0,1,1,0,0
8552.854360,0,0,0,1,1,1,1,1,1
8557.528806,1,1,1,0,0,0,0,0,1
8567.286744,1,0,1,1,1,0,0,0,0
8569.675741,0,0,1,1,0,0,0,0,0
8579.540069,0,1,0,0,0,0,0,1,1
8586.427374,0,1,0,0,1,0,0,0,0
8594.511077,0,1,1,0,1,1,0,1,1
8597.768895,1,0,0,0,1,0,0,1,1
8606.788805,0,1,1,0,0,1,0,1,1
8607.308837,1,1,0,0,0,0,0,1,0
8609.428269,0,1,0,1,1,0,0,1,0
8617.504063,1,0,0,1,0,1,0,1,0
8620.361920,0,1,0,0,0,1,0,0,1
8622.051348,0,1,1,0,0,1,1,1,0
8624.930848,0,0,0,0,1,1,1,0,1
8630.286151,1,1,0,1,1,0,1,0,0
8637.113664,0,1,0,0,1,1,1,1,0
8640.655976,0,0,0,0,1,1,1,0,0
8648.661915,0,0,1,1,1,0,0,0,1
8654.467269,0,1,1,1,1,1,0,0,0
8655.127229,1,1,0,0,1,0,0,0,0
8661.139898,1,0,0,1,1,1,0,0,1
8661.530203,1,0,1,0,0,1,0,0,0
8661.704596,0,1,1,0,0,0,1,1,0
8667.118724,1,0,0,1,1,1,0,0,1
8676.037200,1,0,0,1,0,1,1,0,0
8682.681371,0,0,1,1,1,1,1,1,1
8684.453494,0,0,1,1,0,1,0,0,1
8689.793129,0,0,1,1,0,0,1,0,0
8690.218193,1,1,0,1,0,0,1,1,1
8693.038060,1,0,1,0,1,1,0,1,0
8693.914630,0,1,1,0,1,1,1,0,1
8695.401330,0,1,1,0,0,1,0,1,0
8701.933787,1,0,1,0,0,1,1,0,0
8708.462436,0,0,1,0,1,1,1,1,0
8713.451701,0,1,1,1,1,0,0,0,0
8722.392485,1,0,0,0,1,0,0,0,0
8723.961956,1,0,0,1,1,1,1,0,1
8727.226663,1,0,0,1,1,1,1,1,1
8728.326454,1,0,1,0,1,0,1,0,0
8735.625302,1,0,0,1,1,1,0,0,0
8743.520249,1,1,0,1,1,1,0,1,1
8751.448264,1,0,0,1,1,1,0,0,1
8757.934630,1,1,1,0,0,1,0,1,0
8759.439904,1,1,0,0,1,1,1,1,1
8764.031640,1,0,1,1,0,0,0,0,1
8764.259890,1,1,0,0,0,1,0,1,0
8764.525231,1,0,0,0,1,0,0,0,0
8767.784332,1,1,1,1,0,1,1,0,1
8771.766697,0,1,0,1,0,1,1,0,0
8778.130697,1,0,1,1,1,0,1,0,1
8787.342394,0,0,0,1,1,1,0,1,0
8792.700001,0,0,0,0,0,0,1,1,1
8801.296944,1,1,0,1,0,0,1,0,0
8802.964444,1,1,1,1,1,0,0,0,1
8812.197650,1,1,0,1,1,0,1,0,0
8817.296824,1,0,1,0,1,0,0,1,0
8822.779510,1,0,1,1,0,0,0,1,1
8828.681559,0,1,0,1,1,1,0,0,1
8836.852473,0,1,1,1,1,1,1,0,1
8841.516006,1,0,1,1,1,1,1,1,0
8844.618547,1,1,1,0,0,1,0,1,0
8852.290989,0,1,0,1,0,0,1,0,1
8854.322147,1,1,1,0,1,0,0,1,1
8855.799867,0,1,1,0,1,1,1,0,0
8857.967317,0,0,0,1,1,1,1,1,1
8859.439306,1,0,1,0,0,0,1,1,0
8860.440206,1,1,0,1,1,1,1,0,0
8870.338693,1,0,0,0,1,1,0,1,1
8870.878101,0,1,1,1,1,0,0,1,1
8871.963898,1,1,1,1,1,0,0,1,0
8875.447400,0,0,1,1,1,1,1,1,1
8882.500326,0,1,0,0,0,0,1,1,0
8884.554454,0,0,1,0,0,1,1,0,1
8893.891390,1,1,1,1,0,0,0,0,0
8897.461094,1,0,0,1,1,1,1,0,1
8902.162479,0,1,0,0,0,0,1,1,0
8911.332194,1,1,0,1,1,0,1,1,1
8917.367073,0,0,0,0,0,0,1,1,1
8927.291893,1,0,1,0,0,1,0,0,0
8932.536271,1,1,0,0,1,1,1,1,1
8941.485371,1,1,0,0,1,1,1,0,0
8949.024079,0,1,1,0,0,1,0,0,1
8955.947464,1,1,1,1,0,1,0,0,1
8958.849408,1,1,1,0,1,0,0,1,1
8965.775003,0,1,1,0,1,1,1,1,0
8975.343921,0,0,0,1,0,0,1,0,0
8980.529588,0,1,0,1,0,0,0,1,1
8988.657434,1,0,0,0,0,1,1,1,1
8991.515292,0,0,1,0,0,1,1,1,0
8991.656138,1,1,1,1,1,0,0,1,0
8994.925846,0,1,0,0,0,1,1,0,0
9002.351064,0,1,0,1,0,1,0,1,0
9011.064064,1,0,0,1,0,0,1,0,1
9012.823325,0,1,0,0,1,1,1,1,1
9017.041075,0,0,1,0,1,0,1,0,1
9025.605493,0,1,1,1,0,1,1,1,1
9025.970888,1,1,1,0,1,1,0,1,0
9026.156566,0,1,0,1,1,0,1,1,1
9027.304637,0,0,1,0,0,0,0,0,0
9035.760076,0,1,1,1,0,1,0,1,0
9036.292310,1,0,0,0,0,1,1,1,1
9044.597201,0,1,0,1,0,1,1,0,1
9052.588269,0,0,0,1,1,0,1,0,0
9056.959203,1,0,1,1,0,0,0,0,1
9064.242083,1,1,0,1,1,0,1,0,0
9069.151683,1,1,1,0,1,1,0,1,0
9077.291404,0,1,1,0,0,0,1,1,1
9080.069904,0,1,1,1,0,0,1,1,0
9086.380953,0,0,0,0,0,1,0,1,1
9090.271021,0,0,1,0,0,1,0,1,1
9097.682757,0,0,0,0,0,1,0,0,1
9104.539440,0,1,1,1,1,1,1,1,0
9110.201031,1,0,1,1,0,0,0,1,1
9118.839781,1,1,1,0,0,0,0,1,1
9119.971890,1,0,1,0,1,0,1,1,0
9124.015039,0,0,0,1,1,0,0,0,1
9127.812450,0,1,0,1,0,1,0,1,0
9130.633312,1,0,0,1,0,1,1,1,0
9132.634112,0,1,1,1,1,0,1,1,0
9142.436392,1,0,0,0,1,1,0,0,1
9150.618392,1,0,1,1,0,1,0,0,1
9159.157633,1,1,1,1,0,1,0,1,0
9163.174404,0,0,1,1,0,1,1,0,0
9167.825594,0,0,0,1,1,1,1,1,1
9168.259040,1,0,0,1,1,0,1,0,0
9172.935215,0,1,1,1,1,0,0,1,1
9180.886239,0,1,1,1,1,0,0,0,1
9185.955808,1,1,0,0,0,0,0,1,0
9188.298346,0,0,1,1,0,1,1,1,0
9194.123232,0,1,0,0,0,1,1,1,1
9199.692302,0,0,1,0,1,1,0,0,1
9200.397673,0,1,1,0,1,0,0,1,1
9209.823842,1,0,0,0,0,1,1,1,0
9215.199305,0,1,0,0,1,0,0,0,1
9224.301126,0,1,0,0,0,0,0,1,1
9230.929247,0,0,0,0,0,1,1,1,0
9231.396302,1,1,0,0,0,0,0,0,0
9232.759395,0,1,1,0,1,0,1,1,1
9234.019528,0,1,1,1,1,0,0,1,1
9242.862237,1,1,0,0,1,1,1,1,1
9250.940507,0,0,0,1,0,0,0,1,1
9253.384102,1,1,1,1,1,0,1,0,0
9263.159406,1,1,1,0,1,1,1,1,0
9269.778449,0,0,0,1,0,0,1,0,1
9270.343067,1,1,0,0,1,0,1,1,0
9273.091701,0,0,1,0,0,0,1,1,1
9279.872575,1,0,1,1,0,0,0,0,1
9284.965317,0,0,0,1,1,1,1,0,0
9287.926021,1,0,0,1,1,1,1,0,0
9292.391983,0,0,1,0,0,1,1,0,1
9293.671925,1,1,1,0,1,1,0,1,1
9293.758975,1,0,0,1,0,0,1,0,0
9299.331452,0,0,0,1,0,1,1,1,0
9301.842720,0,1,0,1,1,0,1,0,0
9311.380400,1,0,1,1,1,0,0,0,1
9316.488803,0,0,1,1,0,0,1,1,1
9324.489003,1,1,1,1,1,1,0,1,0
9327.048753,1,0,0,0,1,1,1,0,0
9327.310314,0,1,0,0,0,0,0,0,1
9334.984965,0,1,0,0,0,1,1,0,1
9336.393939,1,1,1,1,1,1,1,0,0
9336.734881,1,0,1,1,1,0,1,1,1
9343.805367,0,1,0,1,0,1,0,0,1
9350.753849,0,1,0,1,0,1,0,1,0
9356.447862,1,0,1,0,0,0,1,1,1
9362.150419,1,0,0,0,1,0,0,0,1
9364.090553,1,1,1,0,1,1,1,1,0
9367.275819,0,0,0,0,1,1,0,0,1
9373.418180,0,1,0,1,0,1,1,1,1
9377.184829,0,0,1,1,0,1,0,1,1
9386.291158,1,0,1,1,1,0,1,1,1
9391.017424,1,1,0,1,0,0,1,0,0
9397.282858,0,1,1,0,0,0,1,0,1
9402.908295,1,1,1,1,0,0,1,1,0
9408.091843,1,0,0,1,0,0,1,1,0
9416.151974,0,1,0,1,1,0,1,1,1
9421.123905,0,0,0,0,0,1,0,1,0
9422.860581,0,0,1,0,0,1,0,1,1
9426.227828,0,0,0,0,0,0,0,0,1
9433.710718,0,1,0,0,1,0,0,1,1
9434.275624,1,1,1,0,1,1,0,0,0
9438.170559,1,0,0,0,0,0,0,1,1
9438.293871,1,0,1,0,0,0,0,0,1
9438.628171,1,1,0,1,0,1,1,0,1
9442.862464,1,0,0,1,0,0,1,0,1
9443.371888,0,1,0,1,1,0,0,1,0
9449.100470,0,1,0,1,0,1,0,1,1
9450.003993,0,1,0,1,0,1,1,0,1
9459.763467,0,0,1,1,1,0,0,1,0
9461.336216,1,0,1,0,1,0,0,1,0
9467.620113,0,1,1,1,1,1,1,0,1
9472.360898,0,1,1,0,1,0,0,0,1
9478.539058,0,1,1,0,1,1,0,0,1
9482.957763,1,1,1,1,1,0,0,0,1
9491.642105,1,1,0,0,1,0,1,0,1
9499.875939,0,1,0,1,0,0,1,1,0
9506.497282,0,1,0,1,0,0,0,1,1
9516.182353,1,1,0,1,1,1,1,0,1
9520.264577,1,0,0,0,1,1,1,0,0
9523.046549,1,0,1,1,1,0,1,1,1
9525.221245,1,1,0,1,1,0,0,1,1
9530.511388,1,1,1,1,1,1,0,0,1
9538.247933,0,1,1,0,0,1,1,0,1
9546.790135,1,0,1,1,0,0,1,1,0
9547.910070,1,1,0,0,0,0,0,0,1
9551.589321,0,1,0,1,1,0,1,1,1
9553.181518,0,1,1,0,1,1,1,1,0
9562.883252,1,0,0,0,0,1,1,1,0
9572.611540,1,0,1,0,1,0,0,0,1
9578.763378,1,0,1,1,1,0,0,0,0
9588.339313,1,0,1,0,1,1,0,1,1
9589.286164,0,1,1,1,1,1,0,0,1
9596.081516,0,0,0,1,0,1,1,1,1
9605.843444,1,1,1,0,0,1,0,1,0
9612.403788,1,0,1,1,0,0,1,1,0
9617.131588,1,1,1,0,0,0,0,0,0
9623.910289,1,1,1,0,0,1,0,0,1
9633.707101,0,0,1,1,0,1,1,0,1
9639.523419,1,1,0,0,0,0,0,0,1
9645.377492,1,0,1,1,1,0,1,0,1
9648.865228,0,1,1,0,0,1,0,1,0
9657.378615,1,0,0,1,1,1,0,0,1
9663.134093,1,0,0,0,0,0,1,1,1
9665.634843,0,0,0,1,1,1,1,0,0
9666.550784,0,0,1,0,1,1,0,1,0
9668.851717,0,1,0,1,0,1,0,0,1
9677.185217,1,0,1,1,0,0,1,0,0
9680.764291,1,0,1,1,1,0,1,1,0
9681.748098,0,1,1,0,1,1,0,0,0
9690.374362,0,0,1,1,1,1,1,1,1
9699.655871,1,1,0,0,0,0,1,1,0
9708.551009,1,1,0,0,1,0,1,1,0
9711.230678,0,1,0,0,0,0,0,1,0
9717.905539,1,0,1,1,1,0,1,1,0
9723.123408,1,0,0,1,0,0,1,1,1
9725.890089,1,0,0,0,1,0,0,1,0
9733.899138,1,0,1,0,0,1,1,0,1
9740.002347,1,0,0,1,0,0,1,1,0
9744.286969,0,0,1,1,0,1,1,1,1
9749.181097,1,1,1,0,0,1,0,1,1
9749.868557,1,0,1,0,1,0,1,0,1
9758.787584,1,1,0,0,0,1,1,0,1
9762.472426,0,0,0,0,1,1,0,0,0
9762.948199,1,1,0,1,1,1,0,1,0
9772.732082,0,0,0,0,1,1,1,1,0
9777.983698,0,1,0,0,1,0,0,1,1
9779.275709,1,0,1,0,0,1,0,0,1
9780.898168,0,1,0,1,1,1,0,1,1
9785.890643,0,0,1,0,1,1,0,1,1
9786.856736,1,0,0,0,1,0,0,0,1
9787.380853,1,0,1,0,0,0,1,1,0
9789.859481,0,0,1,0,1,1,0,0,0
9792.119670,1,1,1,0,0,0,0,0,1
9797.855390,1,0,0,1,1,1,0,1,1
9797.856390,0,0,1,0,1,1,0,1,0
9798.497180,0,1,0,1,0,0,0,1,1
9807.093211,1,0,0,1,0,1,0,1,1
9807.344186,1,0,0,0,0,0,0,1,1
9816.131822,1,0,1,1,0,0,1,1,1
9825.606287,0,0,1,0,1,0,1,0,0
9832.956979,1,1,0,1,1,0,0,0,0
9837.178089,1,0,1,1,0,1,1,1,0
9838.416376,1,0,1,0,0,0,0,0,1
9839.700046,0,0,1,1,1,1,0,1,0
9848.091012,1,0,1,1,1,1,1,0,1
9849.795046,1,0,1,0,1,0,1,0,1
9853.278843,1,1,0,1,1,1,0,1,0
9855.296687,0,0,0,0,0,1,1,1,1
9864.571485,1,1,1,1,1,0,0,1,1
9866.000913,0,0,0,1,0,1,1,1,0
9871.733558,1,1,0,1,1,0,0,1,1
9881.527268,1,1,0,1,0,1,0,1,1
9883.348169,1,0,1,0,1,1,1,1,0
9886.880926,1,1,1,1,0,0,1,0,1
9890.818041,0,1,0,0,0,1,1,0,1
9894.050100,0,0,1,0,1,1,0,1,1
9902.966465,1,0,1,1,0,0,0,0,0
9907.240542,0,0,1,1,1,1,1,1,1
9913.907542,0,0,1,1,1,1,0,0,1
9916.686042,1,0,1,0,1,1,0,0,1
9920.716490,0,0,0,0,1,1,1,1,1
9923.695915,1,0,0,1,0,0,1,0,0
9928.332374,0,0,0,1,0,0,1,1,0
9931.514874,1,0,1,1,0,1,1,0,0
9938.815144,1,0,1,1,1,0,0,1,0
9940.749284,0,0,0,0,1,0,1,0,0
9944.573431,0,0,0,1,1,1,1,1,0
9947.574131,1,0,0,0,1,1,1,1,0
9948.593855,0,1,1,0,0,1,1,1,0
9957.976156,0,0,0,1,1,1,1,1,0
9959.088156,1,1,1,1,1,1,1,1,1
9965.064414,0,0,1,1,0,1,0,0,1
9966.704973,1,1,1,0,0,1,1,1,1
9973.237112,0,1,1,0,0,1,1,1,0
9977.292752,0,1,1,1,1,0,0,1,1
9978.679515,1,0,1,0,1,1,0,0,0
9979.551640,1,1,1,0,0,1,0,1,1
9981.354786,0,0,0,1,0,0,1,1,0
9986.752973,1,1,0,0,1,0,1,0,1
9987.475923,1,0,0,1,1,1,0,1,0
9993.126225,1,1,0,1,0,0,0,1,1
9995.652746,1,0,1,1,1,0,0,0,0
