t,finish1,finish2,finish3,release1,release2,release3,start1,start2,start3
6.381048,1,0,0,1,1,1,1,1,0
15.531200,1,0,0,1,1,0,1,1,0
16.797896,1,1,0,1,1,1,1,1,1
20.332846,0,0,0,1,0,1,1,0,0
23.223730,1,0,1,1,0,1,0,0,0
29.795871,0,0,0,1,0,1,0,0,1
34.787363,0,0,1,0,1,1,0,1,1
39.582100,0,0,1,1,0,0,0,0,1
42.692033,1,1,1,0,1,0,1,1,1
46.673217,1,0,0,1,1,0,1,0,1
48.570579,1,0,1,0,1,1,1,1,0
53.367184,1,0,1,0,0,0,1,1,0
62.395264,0,1,1,1,1,1,1,0,1
63.824692,0,1,0,1,0,1,1,0,0
64.611777,1,1,0,1,0,0,1,1,0
68.081818,0,1,0,0,1,1,0,0,1
69.319958,1,0,0,0,0,1,0,0,0
73.171319,1,1,0,0,0,0,0,1,1
80.257325,1,1,1,1,1,1,1,1,0
81.118773,0,1,0,1,0,1,1,0,0
87.870885,0,0,1,0,1,0,0,1,1
91.738165,1,0,0,1,0,1,1,0,1
92.989040,0,0,0,0,0,1,0,0,0
97.434040,0,1,1,1,1,1,1,1,0
103.034480,1,0,0,0,1,1,0,0,0
110.498502,0,0,1,1,1,0,1,1,0
117.262111,0,0,1,0,0,1,0,1,1
124.405253,1,1,1,0,0,1,0,0,1
126.698159,1,0,0,1,1,1,0,1,0
128.643409,0,1,1,1,1,1,1,1,1
134.222257,1,1,0,1,1,1,0,0,0
143.454657,1,0,0,0,1,0,1,0,1
150.415746,1,0,0,1,0,1,1,0,0
159.699934,0,1,1,0,1,1,1,0,1
163.417478,1,1,1,1,0,1,1,1,0
172.614638,1,0,0,1,0,0,1,0,0
181.395248,0,1,0,1,1,0,1,0,1
186.940865,0,1,1,0,1,0,0,0,1
188.293081,1,1,1,1,1,1,1,1,1
195.647431,0,0,1,1,0,0,0,0,0
200.487397,0,0,1,1,0,0,0,1,1
201.187868,0,0,1,0,0,1,0,0,1
201.188868,1,1,0,0,1,1,1,0,1
206.445407,1,0,1,0,0,1,1,0,0
208.185893,0,0,0,1,0,0,0,1,1
208.844267,0,1,0,0,0,0,0,0,1
216.641097,0,0,1,0,1,1,1,0,0
225.255097,1,1,1,1,0,0,0,1,0
229.158146,0,1,1,1,1,0,1,1,1
231.500591,0,1,0,0,0,1,0,1,1
236.014414,1,0,1,1,1,1,1,0,0
237.865164,1,1,1,1,0,0,1,1,1
243.693167,1,0,1,0,1,0,0,1,1
243.820382,0,1,0,1,1,0,0,0,0
245.519325,1,1,0,1,1,0,1,1,0
251.769700,1,0,0,0,0,1,1,1,0
257.669100,1,0,0,0,1,0,0,1,1
266.750825,1,1,1,0,0,0,0,0,1
268.933425,1,0,1,0,0,0,1,1,0
277.813846,0,1,0,1,1,0,0,1,0
283.229529,1,1,1,1,1,1,1,0,1
290.663996,0,1,0,1,0,0,1,1,0
294.211552,0,1,1,1,0,1,1,0,1
301.192464,1,1,1,1,0,1,0,1,1
301.912649,0,0,0,0,1,0,0,1,1
310.119725,1,1,1,0,1,0,0,0,1
312.038342,0,1,0,1,1,1,0,1,1
319.469917,0,0,1,1,1,1,0,1,1
319.674978,0,1,0,0,0,1,1,0,0
328.648465,1,0,0,1,0,1,0,0,1
332.795392,0,1,0,0,1,0,0,1,0
337.563357,1,0,1,1,0,0,1,0,1
339.805512,0,0,1,0,0,0,0,1,1
343.965605,0,1,0,1,0,1,0,0,1
349.532087,0,0,0,0,1,1,1,0,1
357.340870,1,1,1,1,0,1,1,1,0
359.423207,0,0,0,1,0,1,1,0,0
366.297440,1,0,1,1,0,1,1,0,1
368.189531,0,1,1,0,1,1,0,1,0
376.777242,1,0,1,1,1,1,1,0,1
384.570673,0,0,0,1,1,0,0,0,1
394.263955,1,1,0,0,1,0,1,1,0
397.536517,1,1,0,1,0,0,1,1,1
404.006750,1,0,0,1,0,0,1,0,1
412.832893,1,0,1,1,1,1,1,1,0
418.987124,0,1,0,0,1,0,0,0,0
428.107582,0,1,1,1,0,1,0,1,0
429.358457,0,0,0,1,0,0,1,1,1
430.583824,1,0,1,1,1,0,0,0,0
437.573176,1,0,1,0,0,0,1,0,0
443.773017,0,1,1,0,1,1,1,0,1
444.116840,1,1,1,0,1,0,0,1,0
444.258388,0,0,1,1,1,1,0,0,1
448.517336,1,0,1,0,0,1,1,0,0
450.875243,1,1,1,1,0,1,0,1,0
459.460418,1,0,1,0,1,1,0,1,1
463.040737,1,1,0,0,1,0,1,0,0
469.108277,1,0,0,0,0,1,1,1,0
473.365778,1,0,1,1,1,1,1,0,1
482.519576,0,1,0,0,0,1,0,1,0
485.799293,0,1,1,0,1,0,0,0,1
487.647683,0,0,1,0,0,1,0,0,1
490.981683,0,0,0,0,0,0,0,1,1
498.833303,1,1,1,1,0,1,1,1,1
499.152453,0,0,0,1,0,1,1,0,1
499.713008,1,0,1,0,0,0,0,0,0
504.615050,1,1,0,0,1,0,1,1,1
510.857298,0,0,1,1,0,1,0,0,0
518.580603,1,0,0,1,0,1,1,1,1
522.561994,0,1,1,0,1,1,1,0,0
532.320083,0,0,0,1,0,0,1,1,1
539.509304,0,1,1,1,0,0,1,0,1
549.438806,0,1,0,1,0,1,0,0,1
558.678013,1,0,1,1,0,1,1,0,1
561.848724,0,0,1,0,1,1,1,0,1
569.682452,0,0,0,1,0,1,1,1,1
570.396845,0,0,1,0,1,1,1,0,0
574.330688,1,0,1,1,0,1,0,1,0
581.359139,1,1,1,0,0,0,0,0,1
589.281425,1,0,1,1,1,0,1,1,1
592.042440,1,1,1,1,0,1,0,0,0
597.507495,0,1,0,0,1,0,0,0,0
599.306480,1,0,0,0,0,1,1,1,0
602.845033,1,1,1,0,0,0,0,0,0
609.633548,1,0,0,1,1,1,0,1,0
619.255208,0,1,0,1,1,0,1,1,1
625.255608,0,1,1,1,1,0,1,0,0
631.974686,0,0,0,0,1,1,1,0,0
641.634720,1,0,0,0,0,0,0,0,0
648.119920,1,0,0,1,0,0,0,0,0
653.469222,1,0,1,1,1,0,0,1,1
656.607984,0,1,0,0,0,0,1,0,1
659.712122,0,1,0,1,1,0,1,1,1
664.663122,1,1,1,0,0,0,0,1,0
667.386362,0,0,0,0,0,0,0,1,0
670.032600,0,1,1,1,1,0,1,0,0
674.654077,1,1,0,0,0,0,0,1,1
678.421638,0,0,1,0,1,0,0,0,1
678.521247,0,1,1,1,0,1,0,1,0
684.910497,1,1,0,0,1,1,0,1,1
692.107543,0,0,0,0,1,0,0,0,1
699.046625,1,0,0,1,1,1,1,0,0
703.751916,0,0,0,1,1,1,0,0,1
705.492938,0,0,0,1,1,0,1,0,0
711.774598,0,0,0,1,1,0,0,0,0
721.031429,1,1,1,1,1,0,1,1,1
726.401820,1,0,1,1,1,0,0,1,0
726.771204,1,0,0,1,0,1,0,0,0
732.128811,0,0,1,1,1,1,0,1,0
740.030661,0,0,0,0,0,0,0,1,1
747.041269,0,1,0,0,0,1,1,1,1
752.862916,1,1,1,0,1,0,1,1,1
762.471132,1,1,0,1,0,1,1,0,0
769.971382,0,0,1,1,0,1,0,0,1
771.868744,1,1,0,0,1,0,1,0,1
775.699550,0,0,1,1,0,0,0,1,0
785.011131,0,0,0,0,1,1,1,1,0
790.528217,1,0,1,0,1,1,1,1,0
796.414916,1,0,0,0,1,0,0,1,1
801.112416,1,1,0,0,1,0,0,1,1
801.775036,1,1,1,0,0,0,1,1,0
807.391913,0,0,0,1,0,1,0,1,0
812.789674,0,1,1,0,1,0,1,0,0
816.801637,1,1,1,0,1,1,1,1,0
822.780986,1,0,1,1,1,1,0,0,0
826.758059,1,1,1,1,0,1,1,0,1
834.435059,0,1,1,1,1,0,0,1,1
834.590229,0,1,1,0,1,0,1,1,1
839.497570,0,0,1,1,0,0,1,0,1
840.034231,1,1,1,1,1,1,1,1,1
842.257231,1,0,0,0,1,1,1,0,0
848.102860,1,1,0,1,1,0,0,0,1
853.118284,1,1,1,1,1,1,1,0,1
854.078726,1,0,0,1,1,1,0,1,1
862.972238,1,0,1,1,0,1,1,1,1
865.206415,1,1,1,1,1,1,1,1,1
868.540415,1,1,1,0,1,1,1,1,0
877.429415,1,0,1,1,1,0,1,0,0
885.436860,1,0,0,1,1,0,1,0,0
890.550985,0,0,0,1,1,0,0,1,1
894.816265,1,1,0,0,1,0,1,0,0
899.728434,0,0,0,1,0,1,0,1,1
908.778205,0,1,0,1,0,0,0,0,0
915.483961,0,1,0,1,0,1,0,1,0
918.863619,1,0,0,1,0,0,1,1,0
922.346260,0,0,1,1,1,1,0,1,1
929.475260,0,1,1,1,0,1,1,0,1
933.268152,1,0,1,0,0,1,1,1,0
937.643714,1,1,1,0,0,0,0,1,1
947.259137,1,1,1,0,1,1,1,0,0
951.121317,1,1,0,0,1,0,1,0,1
951.610074,0,1,0,0,1,0,1,0,1
954.675283,0,1,0,1,0,1,1,1,0
956.827967,1,1,1,0,0,1,1,0,1
960.707889,1,1,0,0,1,0,1,0,1
961.665472,1,1,0,0,1,1,0,1,1
969.777462,0,1,0,1,0,1,0,1,0
974.897950,0,1,1,1,1,1,1,1,1
980.813852,0,0,1,1,1,0,0,1,1
984.059309,0,0,0,1,0,0,0,0,0
986.715781,1,0,1,0,0,1,0,0,0
986.960362,1,1,1,1,0,1,1,0,1
991.097202,1,0,1,1,0,1,1,0,1
994.533152,0,0,1,1,1,1,0,1,1
997.056776,0,0,0,1,0,0,1,1,0
1003.986812,0,0,1,1,1,1,0,0,0
1009.234699,1,0,1,1,0,0,1,1,0
1017.745486,0,0,0,0,0,0,0,1,0
1024.579779,0,1,1,0,0,0,0,1,1
1029.765446,0,1,1,0,1,0,0,0,1
1031.807058,1,0,0,0,1,1,1,0,0
1035.752836,0,0,0,1,1,0,0,0,0
1043.899314,1,0,1,0,1,0,1,0,0
1051.899514,1,1,0,0,0,1,0,1,1
1059.105676,1,1,1,1,1,1,0,1,1
1061.288276,0,0,0,1,0,1,1,1,1
1070.226554,1,0,0,1,1,0,1,0,0
1077.203601,1,0,0,0,0,1,0,1,1
1082.646234,1,0,1,1,0,1,1,1,1
1087.767902,1,1,1,1,1,0,1,1,0
1092.313902,0,1,1,0,1,1,0,1,0
1095.712188,0,0,1,1,1,1,0,1,0
1101.712588,0,0,0,0,0,0,0,1,1
1106.115062,1,0,1,1,0,0,1,0,0
1114.617084,1,0,0,0,0,1,1,0,0
1120.177184,0,0,0,1,0,0,0,1,1
1123.767568,0,0,0,1,1,1,1,0,0
1130.797670,1,1,1,0,0,1,0,0,1
1138.642294,0,1,1,1,0,0,0,0,1
1142.135353,1,0,0,1,1,0,1,0,1
1145.109028,0,0,0,0,0,0,0,1,0
1147.874083,0,0,1,0,0,0,1,1,1
1157.539770,1,1,1,1,0,1,1,0,1
1161.282970,0,1,0,0,1,1,0,0,0
1168.447249,0,1,1,0,0,0,1,1,1
1171.040582,1,1,0,0,1,1,1,0,0
1175.050843,0,1,1,0,1,0,0,0,0
1182.713114,1,0,1,0,1,1,1,0,1
1187.751204,0,1,0,1,0,1,1,0,0
1191.501829,1,0,1,1,1,0,1,1,1
1199.321130,0,0,0,0,0,1,1,0,1
1207.180821,0,1,1,0,1,1,0,1,0
1208.381701,1,1,0,0,0,1,1,1,1
1215.387077,0,0,0,1,0,1,0,0,1
1216.542433,1,1,1,1,0,1,1,1,0
1217.400490,0,0,1,0,0,0,0,1,1
1223.387208,1,1,1,1,0,0,1,1,0
1223.566517,0,1,0,0,1,0,1,1,0
1230.037458,0,0,1,1,1,0,0,0,1
1237.214774,0,1,1,0,1,0,1,0,0
1239.420278,1,0,0,0,1,0,1,1,1
1247.589917,1,0,1,1,0,1,0,1,0
1251.111398,1,0,0,1,0,1,1,0,0
1252.473964,0,1,0,0,1,0,0,0,0
1260.951625,1,0,1,0,0,1,1,1,1
1265.075527,1,0,1,0,0,0,0,0,1
1267.742927,1,0,1,1,0,1,1,1,1
1271.743527,1,0,0,1,1,0,0,0,1
1277.809494,1,0,1,0,1,1,1,0,1
1280.642069,1,0,1,0,1,0,1,0,0
1286.744500,0,0,1,1,1,1,1,1,1
1292.189741,1,0,1,0,1,1,0,0,1
1299.517442,0,0,0,1,0,0,0,1,0
1307.330160,1,0,1,0,1,1,1,1,1
1309.433907,0,0,1,1,0,1,0,1,1
1314.503653,0,0,0,1,0,0,1,0,0
1319.888730,1,0,0,0,1,1,0,0,0
1323.241775,1,0,0,1,1,1,1,1,0
1324.870129,1,1,1,0,0,1,1,1,1
1334.713895,1,0,1,0,1,0,1,0,1
1340.571452,1,0,0,0,0,1,0,0,0
1343.517560,0,1,0,0,1,0,1,1,1
1347.065116,1,1,1,0,1,1,0,0,0
1348.471085,0,0,1,0,1,0,0,1,1
1355.669062,1,1,1,0,0,0,0,1,1
1355.961699,1,1,0,1,0,1,1,1,0
1364.961799,1,1,1,1,0,1,0,0,1
1368.408306,1,0,0,1,0,0,1,0,1
1374.454855,1,0,0,0,1,1,1,1,1
1380.618381,0,1,0,1,0,1,1,1,0
1384.785631,1,0,1,1,1,0,0,0,1
1391.082876,1,1,1,0,1,1,1,0,1
1396.448419,0,1,0,1,0,0,1,1,0
1400.307058,0,1,1,0,0,1,0,1,0
1408.377958,1,1,1,0,1,0,0,0,0
1417.283059,1,0,0,1,0,1,1,0,0
1421.405671,0,0,0,1,0,0,1,1,1
1423.028130,1,0,0,1,0,0,0,1,0
1425.993261,1,1,0,0,1,1,1,1,0
1427.177816,0,1,0,0,0,0,0,0,1
1428.652772,0,0,1,1,1,0,0,1,1
1429.639867,1,1,0,0,1,1,1,1,0
1436.579197,0,1,1,0,1,0,0,1,0
1438.715577,0,1,0,0,1,0,0,1,0
1441.607444,0,0,0,1,1,0,0,1,0
1442.763989,0,0,0,1,1,1,0,0,1
1446.700169,0,0,1,1,0,1,1,0,0
1446.701169,1,0,0,1,0,0,0,0,1
1448.224030,0,1,1,1,0,0,1,1,1
1454.675998,0,0,1,1,1,0,1,0,0
1458.206056,0,0,0,0,1,1,1,1,0
1465.862541,0,0,1,1,1,1,1,1,0
1469.182937,0,0,1,1,1,0,0,0,1
1474.524312,1,1,1,0,0,0,0,1,1
1480.976279,0,1,0,1,1,1,1,0,1
1488.040403,1,1,0,1,1,1,0,0,1
1490.184046,0,1,1,1,1,0,0,0,0
1496.253958,0,1,1,0,0,1,0,0,0
1498.228444,1,0,0,1,1,1,1,0,1
1506.410444,0,1,1,0,0,0,1,0,1
1513.461099,1,0,1,0,1,1,0,1,0
1516.948930,1,0,0,0,0,0,0,0,0
1523.610393,0,1,0,1,1,0,0,0,1
1530.158887,0,1,0,0,1,0,0,1,0
1530.374457,0,0,1,0,0,1,0,0,0
1530.930957,0,0,0,0,0,0,1,0,1
1536.811966,1,1,1,1,0,1,0,0,0
1540.183207,1,1,0,0,0,1,1,1,1
1544.508717,0,1,1,1,0,1,1,1,0
1544.509717,1,1,1,0,0,1,1,0,1
1552.033006,0,0,0,1,0,0,1,1,0
1552.135648,1,1,1,0,1,1,0,0,1
1553.052307,0,0,1,0,0,0,0,0,1
1561.115993,0,0,1,0,1,0,1,0,1
1569.204921,1,1,0,0,0,1,0,1,1
1578.711143,0,1,1,0,1,1,1,1,1
1580.668937,0,0,0,0,0,1,1,1,1
1587.007799,0,0,0,1,0,0,0,0,0
1587.551380,0,0,0,1,0,1,1,0,1
1595.944398,1,1,0,1,0,1,1,1,0
1597.303958,1,1,1,1,1,1,1,1,1
1602.345776,1,1,1,1,1,1,0,0,1
1609.140968,0,1,0,0,1,1,1,1,0
1615.643376,1,1,0,1,0,1,1,0,0
1620.537236,1,1,1,0,0,0,0,1,1
1629.402159,0,0,0,1,0,1,1,0,0
1637.402359,1,1,0,1,1,0,0,1,0
1640.311565,1,0,0,1,1,0,1,0,0
1641.226759,1,0,0,0,1,0,0,1,0
1649.798330,0,1,1,0,1,0,0,0,1
1654.608010,0,0,0,0,0,0,1,0,1
1656.319365,0,0,0,0,0,0,0,1,1
1664.739833,0,0,0,0,0,1,1,0,1
1667.052580,0,1,0,1,1,1,1,1,1
1668.783687,0,1,1,1,0,1,0,0,0
1670.402459,1,1,1,0,1,1,0,0,0
1674.577050,0,0,0,0,1,1,1,1,1
1678.740070,1,1,1,1,1,0,1,1,0
1679.674076,0,0,0,0,0,0,0,1,0
1684.964325,1,0,1,1,0,1,1,1,0
1691.023543,0,0,0,0,0,1,0,0,0
1700.658131,1,0,1,1,0,0,1,0,1
1704.118993,1,1,1,0,1,1,0,0,1
1710.369368,1,0,1,1,0,0,1,0,1
1717.667883,1,1,1,0,0,1,0,0,1
1723.821118,1,1,0,1,0,0,1,1,1
1724.825400,0,0,1,0,0,0,0,0,1
1727.483697,0,1,0,1,0,1,1,1,1
1737.301424,0,1,1,0,0,1,0,0,1
1742.707288,0,1,1,1,1,1,1,0,1
1749.946254,1,1,0,1,0,1,0,1,1
1756.437833,0,0,1,1,0,0,1,1,0
1759.352047,0,1,0,1,0,1,1,0,0
1764.828977,0,0,0,0,1,1,0,0,1
1765.997373,1,1,1,0,0,1,0,1,0
1767.628532,0,0,0,1,0,1,0,0,0
1777.559928,1,1,1,0,1,0,1,1,0
1787.540736,1,0,1,1,1,0,1,1,1
1787.810166,0,0,1,1,1,0,1,0,0
1796.466038,1,0,0,0,0,1,0,1,0
1805.061220,0,0,1,0,1,0,1,1,0
1811.857947,1,0,1,1,1,1,1,0,0
1818.862466,0,1,1,0,1,0,0,1,0
1825.386878,1,0,0,0,1,1,0,0,1
1835.163733,0,1,0,1,0,0,0,1,0
1835.790857,1,0,0,0,0,1,1,0,1
1838.446959,0,1,0,1,0,1,1,1,1
1845.099745,0,0,0,1,1,1,1,0,1
1847.648567,0,1,1,0,0,0,0,1,1
1850.334597,1,1,1,1,1,1,1,0,0
1857.834847,0,1,0,1,1,0,1,0,0
1860.173275,0,0,0,1,0,1,1,1,0
1864.291510,0,0,0,1,0,1,0,1,0
1870.285432,0,0,1,1,1,1,0,1,0
1874.785982,1,1,1,1,1,0,0,0,1
1877.248741,0,0,0,0,1,0,1,1,1
1881.130472,1,0,0,0,0,1,0,1,1
1883.586584,0,0,0,1,1,0,0,0,0
1890.763217,0,0,1,1,0,0,0,1,1
1893.721668,1,1,0,1,0,0,1,0,1
1901.396697,0,0,1,1,1,1,0,0,0
1906.373045,1,1,0,0,1,0,1,0,0
1914.894593,1,1,1,1,0,1,0,1,1
1924.358933,0,0,1,1,1,1,1,0,1
1924.463228,0,0,1,1,0,1,1,1,1
1926.064068,1,1,0,1,0,1,0,1,1
1935.027757,0,1,1,1,1,0,1,1,0
1943.500329,1,0,1,0,1,1,0,1,0
1948.514304,0,1,1,0,1,1,0,0,1
1953.655967,0,1,1,0,0,0,1,1,0
1962.510248,1,1,0,0,1,0,0,1,0
1969.658074,1,0,1,0,1,0,1,1,0
1971.197382,0,0,1,1,0,1,1,0,0
1978.730096,1,1,1,0,1,1,0,1,1
1982.403517,1,0,1,0,1,1,0,0,1
1984.316676,1,1,0,0,1,1,0,1,1
1985.519647,1,1,1,1,1,1,1,1,0
1992.098936,1,1,0,1,1,0,0,1,1
1998.338628,0,1,1,0,0,0,0,0,0
2001.448292,0,0,0,0,0,0,1,1,1
2003.429127,1,1,0,1,1,0,0,0,1
2010.028358,1,0,1,1,1,0,1,1,0
2016.452327,0,0,0,0,0,0,0,1,1
2020.903586,1,0,1,0,0,1,0,0,0
2029.399558,0,0,0,1,0,1,1,0,1
2033.300168,0,0,0,0,1,1,1,0,1
2035.612884,1,1,0,0,1,1,1,0,0
2041.743924,1,0,0,1,0,0,0,0,1
2043.222764,1,0,0,0,0,1,1,0,0
2048.890772,0,0,1,0,1,1,1,1,1
2055.784286,1,1,0,0,0,0,1,1,0
2060.826449,0,1,0,1,1,1,1,0,0
2061.316227,1,0,0,0,1,1,1,0,1
2062.479901,1,0,0,0,0,0,0,1,1
2064.861616,0,0,0,0,0,1,0,1,1
2072.629891,1,1,0,1,1,0,1,1,0
2082.163271,1,0,1,0,0,0,0,0,1
2087.647594,1,1,1,1,1,1,0,1,0
2094.401165,1,1,0,1,0,0,0,0,1
2100.974146,0,0,1,0,1,1,1,0,0
2106.156446,1,0,0,0,0,0,1,0,1
2115.881392,0,1,0,0,0,0,0,0,1
2116.770222,0,0,1,1,1,1,1,0,1
2121.345232,0,1,0,1,0,0,0,1,0
2122.720503,0,0,1,1,0,1,0,1,1
2131.705805,1,0,0,0,1,0,1,1,0
2138.848948,0,0,0,1,1,0,1,0,0
2145.208197,0,0,1,1,0,1,1,1,1
2147.596055,0,1,0,0,1,0,1,0,1
2148.596955,1,1,0,1,1,1,0,1,1
2153.081378,0,1,1,0,1,1,1,0,0
2155.685766,0,1,1,1,0,0,1,1,0
2164.156993,0,0,1,0,0,0,0,1,1
2168.264725,1,1,0,1,0,1,1,1,0
2174.585635,1,1,0,1,1,0,0,0,0
2177.686325,1,0,0,1,0,1,0,1,0
2181.575825,0,0,1,1,0,1,1,0,0
2187.661323,1,1,0,1,0,1,0,0,1
2194.774015,1,1,1,1,0,1,0,0,1
2204.598593,0,0,0,0,1,1,1,0,1
2207.247977,1,1,0,0,1,0,1,0,1
2211.153640,1,0,0,0,1,0,0,0,0
2218.863229,0,0,0,1,0,0,1,0,1
2223.344068,1,0,0,1,1,0,0,0,0
2228.938004,0,1,1,0,0,0,1,1,0
2237.467563,0,1,0,1,0,0,0,1,0
2240.694047,1,1,0,0,1,0,1,1,1
2243.665996,0,0,1,1,0,1,0,1,0
2251.753308,0,1,0,1,1,1,0,0,1
2261.478287,0,0,0,0,1,1,0,1,0
2265.570806,0,1,1,0,0,0,1,0,1
2275.545101,1,0,0,1,1,0,1,1,1
2281.914994,1,1,0,0,1,0,0,1,1
2289.193554,0,1,0,1,0,0,0,1,1
2297.947887,1,1,0,1,1,1,0,0,0
2304.029360,1,0,0,0,0,0,1,1,1
2306.552631,1,1,1,1,0,1,1,0,0
2307.273314,1,0,1,0,1,0,0,1,1
2316.255716,1,1,1,0,0,1,0,0,0
2316.354746,0,0,1,0,0,1,1,1,1
2323.653866,0,0,0,0,0,1,1,0,1
2324.883557,0,1,1,1,1,1,0,1,1
2328.180810,0,1,0,1,0,1,1,0,0
2333.242880,1,1,1,1,1,0,1,0,0
2333.450756,0,0,0,1,0,0,1,1,0
2342.514358,0,0,1,0,1,1,1,1,0
2346.082253,1,0,0,1,1,1,0,0,0
2350.309021,0,1,0,1,0,1,1,1,0
2357.919150,0,0,0,1,1,0,0,1,0
2361.520826,1,0,0,1,1,1,0,1,1
2366.007239,1,0,0,1,1,0,1,0,1
2368.022172,0,1,1,0,0,1,1,0,0
2372.391560,1,1,1,1,0,0,1,0,0
2381.836060,1,1,0,1,0,0,1,0,1
2385.070114,1,1,1,1,1,0,0,1,0
2393.805534,0,1,0,0,0,0,1,1,1
2394.288885,1,1,0,0,1,0,0,1,1
2399.197370,1,0,1,0,1,1,0,0,1
2406.816656,0,1,0,1,0,0,0,0,1
2415.797949,1,1,1,0,0,1,1,0,0
2424.984077,0,0,1,1,0,0,0,1,1
2432.145559,0,0,0,0,0,0,1,0,0
2441.050430,1,1,1,1,1,0,0,0,1
2445.074557,1,1,0,0,1,1,0,0,1
2451.524312,0,0,1,0,0,1,1,0,1
2460.082738,1,0,0,0,0,1,0,0,1
2461.134481,0,0,0,0,1,1,0,0,1
2468.943465,0,1,1,1,0,1,0,0,0
2472.884071,0,0,1,0,0,1,1,1,0
2473.457096,0,1,0,1,1,0,1,1,1
2478.329404,1,1,1,0,0,1,1,0,1
2487.557204,0,0,0,1,1,1,0,0,1
2495.327211,1,1,1,0,0,1,1,1,0
2496.311719,0,0,1,0,1,1,1,0,0
2505.176697,1,0,0,1,0,1,1,0,0
2513.704653,1,0,1,1,1,1,0,0,1
2518.379515,1,1,0,1,1,0,0,0,1
2527.478196,0,1,0,0,0,0,1,1,1
2528.156212,1,1,1,0,0,0,0,0,0
2538.021231,1,1,0,1,0,0,0,1,1
2545.566463,0,0,0,1,1,1,0,0,1
2551.566863,1,0,0,1,1,0,0,0,1
2557.910314,0,1,1,0,0,0,1,1,0
2563.231883,0,0,0,0,0,1,0,0,1
2564.286382,0,1,1,1,1,1,0,1,1
2569.671459,1,0,1,0,1,0,0,1,0
2572.196959,0,1,1,1,1,1,1,0,1
2580.856434,0,1,0,1,0,1,1,1,1
2587.161151,0,1,0,1,0,1,0,0,0
2591.944282,0,0,0,1,0,0,0,0,0
2593.026254,1,1,0,0,0,1,0,1,0
2593.247821,0,1,1,1,1,0,0,1,1
2601.636607,1,0,0,0,1,0,1,0,0
2610.432139,0,0,1,0,1,0,0,1,1
2618.280455,1,0,0,0,0,0,0,0,0
2618.281455,1,0,1,0,1,1,0,0,0
2618.617617,0,0,0,1,1,0,1,0,1
2622.637005,0,1,0,0,1,1,0,0,0
2627.285427,1,0,1,1,1,1,0,1,1
2634.878643,1,1,1,1,0,0,1,0,1
2635.957702,0,1,0,1,0,1,0,1,0
2643.912939,0,0,1,0,0,1,1,0,1
2647.184389,0,0,1,0,1,0,0,1,0
2656.793367,1,1,1,0,1,1,1,0,1
2660.401045,1,0,0,1,0,1,0,0,1
2665.739675,1,1,1,1,1,1,0,1,1
2666.430261,0,0,1,1,1,0,1,0,0
2669.650117,0,1,0,0,1,1,0,0,1
2671.158095,1,0,1,0,0,1,0,0,1
2671.159095,0,0,1,0,1,1,0,0,1
2675.501195,1,0,0,0,0,0,0,1,0
2681.512830,0,0,1,1,1,1,1,0,0
2684.818342,1,0,1,1,0,0,1,0,1
2694.539156,0,0,1,1,0,0,0,0,1
2700.781143,0,1,1,1,0,1,0,0,0
2709.360830,1,0,1,0,1,1,1,0,1
2711.361630,1,1,1,1,0,0,1,0,0
2711.669418,0,0,0,1,0,1,1,0,0
2719.366358,0,0,1,0,0,0,1,1,0
2724.188304,1,1,0,0,1,0,1,0,0
2732.753041,0,0,0,1,1,1,0,1,1
2737.923667,0,0,1,1,1,1,1,1,1
2747.531549,1,0,0,0,0,0,0,1,1
2750.349169,1,0,0,0,1,0,1,0,0
2758.963169,0,1,1,1,1,1,0,1,1
2763.963669,0,0,0,0,0,1,1,1,0
2765.045642,1,0,1,0,0,1,1,0,0
2772.962517,0,0,0,0,1,1,0,1,0
2782.818567,1,1,1,0,1,0,0,1,0
2791.085888,0,1,1,1,0,0,0,0,0
2798.988537,0,0,0,0,0,1,1,1,1
2807.132045,0,0,0,1,0,1,1,1,1
2812.910742,1,1,0,1,1,1,1,0,1
2821.998980,0,1,1,0,0,1,1,1,1
2831.483158,1,0,0,0,1,1,1,0,1
2836.220527,1,0,0,1,1,1,1,1,1
2843.121499,1,0,0,0,1,0,1,0,0
2848.628705,1,0,1,1,1,1,0,0,1
2852.035958,0,0,0,1,0,1,1,0,0
2853.033213,1,0,0,1,1,0,1,1,0
2862.673249,0,0,1,1,0,1,0,0,0
2864.698503,1,1,0,0,0,1,0,0,0
2868.522015,0,1,1,1,0,0,1,1,1
2871.839756,0,1,0,1,1,1,0,1,1
2878.470724,1,1,1,1,1,1,0,0,0
2886.954691,1,1,1,1,0,0,0,1,0
2888.802896,1,0,1,0,1,0,1,1,1
2891.833896,0,0,1,1,0,1,0,0,0
2893.268086,1,1,0,0,0,1,0,0,1
2895.105637,1,1,1,0,0,0,0,1,0
2904.194567,1,0,0,1,0,0,0,1,0
2912.246405,1,0,1,1,0,0,0,1,1
2920.524722,0,1,1,0,1,0,1,0,0
2924.220624,0,1,1,0,1,1,0,0,0
2927.549079,1,1,0,1,1,0,1,0,1
2927.884618,1,1,1,0,0,1,1,1,0
2929.229309,0,1,1,1,0,0,1,0,1
2934.513623,0,1,0,1,0,0,1,1,0
2936.592847,0,0,1,0,1,1,0,1,1
2940.724488,1,1,1,0,1,1,0,0,1
2950.514535,0,1,0,0,0,1,0,0,1
2959.508212,1,1,1,1,0,0,1,0,0
2964.791921,1,0,1,0,0,0,0,1,0
2973.676494,0,0,0,1,1,1,1,1,1
2980.381629,0,1,1,0,0,0,0,0,1
2988.159629,1,0,1,1,1,0,1,1,0
2997.968945,1,1,1,1,0,1,0,0,1
3006.746360,1,0,0,0,1,1,1,1,1
3009.152183,0,0,1,1,0,0,0,1,0
3016.885743,1,1,0,0,1,1,0,0,1
3026.028686,1,1,0,0,0,0,0,0,0
3029.336808,0,0,1,0,1,1,1,1,0
3038.207353,0,0,1,1,0,1,1,0,1
3047.627206,0,1,1,0,0,0,0,0,1
3054.827486,1,1,0,1,1,0,0,1,0
3060.312702,0,1,1,0,1,0,0,0,0
3064.010651,1,1,1,1,0,1,0,0,0
3071.432783,1,0,0,1,1,0,1,0,0
3078.705783,0,1,0,0,1,1,0,1,1
3086.631523,0,1,1,1,0,1,0,1,0
3093.814344,1,1,0,0,1,1,0,0,0
3097.133931,1,0,1,0,0,0,0,0,1
3103.731203,1,1,0,1,1,1,1,1,0
3106.680626,1,0,0,0,0,0,1,0,0
3110.878881,0,0,1,1,0,1,1,1,0
3118.979429,0,0,0,0,1,1,0,1,0
3127.576855,1,0,1,1,0,0,0,1,0
3130.742095,0,0,0,0,0,1,1,0,1
3139.050870,0,0,0,1,1,1,1,1,1
3140.286686,1,1,1,1,1,1,1,0,1
3143.213383,1,0,1,1,1,1,1,1,1
3151.585304,0,0,1,1,1,1,1,1,0
3158.427725,1,1,0,1,0,1,0,1,0
3160.822103,1,0,0,1,1,1,1,1,0
3165.336654,0,1,0,0,0,1,1,0,1
3165.562351,0,0,0,1,1,0,0,1,1
3166.816126,1,0,1,1,1,0,1,1,1
3168.578313,1,0,0,0,0,0,0,0,1
3171.198770,0,0,1,0,1,1,1,0,0
3174.845664,0,1,1,1,1,0,0,0,1
3183.522032,1,0,0,0,0,1,0,1,1
3189.681971,1,0,1,0,1,0,0,1,1
3197.642374,1,1,0,1,0,1,1,1,0
3207.466645,1,0,0,0,0,1,0,1,1
3207.644618,1,1,0,1,1,1,1,0,1
3210.398284,1,1,1,0,1,0,0,1,1
3215.926562,0,1,1,0,1,0,0,0,1
3223.860348,0,1,1,0,1,1,1,0,0
3227.338478,0,0,0,1,0,0,1,1,0
3233.172228,0,1,0,1,0,0,1,1,0
3236.443341,1,1,1,1,0,1,1,1,0
3238.006685,0,1,0,1,1,0,0,0,0
3238.150076,1,0,1,0,0,1,1,0,1
3244.097363,0,1,1,1,1,1,1,0,0
3245.383545,0,1,1,1,0,0,0,1,1
3247.904954,1,0,0,0,1,0,1,1,1
3250.064012,1,1,1,0,1,0,1,1,0
3259.113252,0,0,0,1,1,1,0,0,1
3265.001392,0,0,1,1,1,0,0,0,1
3273.589769,0,0,0,1,1,1,0,1,0
3280.372568,1,0,0,1,1,1,0,1,1
3285.662428,1,0,0,1,1,0,1,1,0
3294.495276,1,0,0,1,1,1,0,0,0
3298.034384,1,0,0,1,1,1,0,1,0
3307.842431,1,0,1,0,1,1,1,0,1
3313.449278,1,1,1,0,1,0,0,0,1
3321.325938,0,0,1,0,1,0,0,1,0
3330.035744,0,1,1,0,0,1,0,1,0
3330.374769,0,1,0,0,0,1,1,0,1
3339.098933,1,0,0,1,1,1,1,1,0
3342.916119,0,1,1,1,0,0,0,1,0
3347.760127,0,0,1,1,0,1,0,0,1
3354.106357,0,0,1,1,0,0,1,0,1
3359.467646,1,0,0,0,1,1,0,1,1
3365.158986,1,1,1,0,0,1,1,0,1
3370.220830,0,1,1,0,1,0,1,0,0
3373.530088,1,1,0,1,1,0,0,1,0
3376.100664,1,0,1,0,1,0,0,1,0
3383.782836,0,1,1,0,0,1,1,0,0
3385.447618,1,1,0,0,1,0,0,1,1
3388.626871,1,0,1,0,1,1,1,0,0
3393.308254,1,0,1,0,1,1,1,0,0
3393.984862,1,1,1,1,0,1,1,1,0
3396.090915,1,0,0,0,0,1,1,1,1
3403.955313,1,0,0,0,1,1,1,1,0
3411.691388,0,0,1,0,1,0,0,0,0
3415.631388,0,0,0,1,0,1,1,1,0
3421.714254,1,1,0,1,1,0,1,0,1
3423.198785,0,0,1,0,1,1,1,1,0
3423.809894,0,0,1,1,0,0,0,0,1
3433.471354,1,0,0,1,1,1,0,0,1
3436.592610,0,0,1,1,0,0,1,0,1
3441.725372,1,0,1,1,0,0,0,1,0
3444.682886,0,0,1,0,1,1,0,0,0
3447.718517,0,1,1,0,0,0,1,0,0
3450.995052,1,0,0,1,1,0,0,1,0
3457.437593,1,0,0,1,1,1,1,0,0
3464.687152,1,1,0,0,0,0,1,1,1
3472.557622,1,1,0,0,0,1,1,0,1
3473.698859,1,1,0,0,1,1,1,1,0
3479.978301,0,0,1,1,1,0,0,0,1
3482.351945,1,1,1,0,0,1,0,0,0
3490.203399,0,1,1,1,0,0,1,1,0
3496.184464,1,0,1,0,0,0,1,0,1
3502.676043,0,0,1,1,0,0,1,1,0
3512.469167,1,0,1,1,1,0,1,0,0
3514.126053,1,1,1,1,1,1,1,1,0
3522.586283,0,1,0,1,1,0,0,1,1
3523.395516,0,0,1,1,1,0,1,1,1
3530.944781,1,0,1,1,0,1,0,1,0
3535.623068,0,0,1,0,1,1,1,0,0
3542.185911,1,0,0,0,1,1,1,0,0
3549.860562,0,0,0,0,0,1,0,0,1
3556.123562,0,0,0,1,1,0,0,0,0
3564.677924,1,0,1,1,0,1,1,1,1
3573.926676,0,0,0,0,0,1,0,0,1
3581.540798,0,0,0,1,1,1,0,1,1
3587.335402,0,1,0,0,0,0,1,1,0
3594.401811,1,1,1,1,1,1,0,1,1
3598.000012,1,1,1,1,1,1,0,1,0
3602.243012,1,1,1,0,0,0,0,0,1
3605.046762,1,1,1,1,0,1,1,0,1
3606.028056,1,0,0,0,1,0,1,1,0
3612.557966,0,1,1,1,1,0,0,0,0
3618.287682,1,0,1,0,1,1,1,1,1
3625.683354,0,0,1,1,1,1,1,0,1
3630.097493,0,1,0,0,0,1,1,0,1
3631.143164,0,1,0,0,0,1,0,1,1
3638.862142,1,1,0,1,1,0,0,0,0
3646.050688,1,0,1,1,0,1,0,0,0
3653.163148,0,0,0,1,0,1,1,1,0
3660.932296,1,0,1,0,1,1,1,0,0
3661.810645,0,1,1,0,0,1,0,0,0
3666.074377,1,0,0,1,0,0,1,1,1
3675.306079,0,0,0,1,1,1,0,0,1
3682.543198,1,1,1,0,1,1,1,0,0
3686.993753,0,1,0,0,1,1,0,0,0
3689.449053,0,0,1,1,0,0,0,0,0
3698.158859,0,0,1,0,0,1,1,1,0
3703.057083,1,0,1,1,1,1,0,1,0
3708.367076,1,1,1,0,1,1,1,1,1
3713.392204,1,1,1,0,1,0,1,1,0
3715.840512,1,0,0,0,0,0,0,1,0
3720.067379,1,0,1,1,1,1,1,1,1
3725.421003,0,1,1,1,1,0,1,1,1
3734.549721,1,0,0,1,0,1,1,1,1
3743.846427,1,0,1,0,1,1,0,1,1
3747.421538,0,0,0,1,0,1,1,0,0
3753.580652,1,1,0,1,1,1,1,1,0
3761.867428,1,1,0,0,0,1,1,0,1
3770.759164,0,0,1,1,0,0,1,1,1
3778.890768,1,1,1,0,0,0,0,0,0
3785.557768,0,1,1,0,0,0,1,0,1
3787.886122,1,1,1,1,0,0,1,1,0
3788.100118,0,0,0,0,1,0,1,1,1
3791.734476,1,0,0,0,0,1,0,0,1
3797.051209,0,0,0,1,0,0,0,1,1
3803.933543,1,1,0,0,1,1,1,0,0
3811.405061,1,0,0,0,1,1,1,1,0
3812.969885,1,0,1,0,0,0,0,0,0
3822.288135,1,0,0,1,1,1,1,0,1
3827.830453,1,0,0,1,0,0,0,0,1
3830.355368,0,0,0,1,0,0,1,1,0
3832.205974,0,1,0,1,1,0,0,0,1
3832.206974,1,1,1,1,1,0,0,1,1
3834.245923,0,1,1,1,1,0,1,0,0
3842.462768,0,1,0,0,0,1,1,0,0
3849.809972,1,0,0,0,1,0,1,0,1
3855.456053,0,1,0,1,1,1,0,1,0
3860.759553,1,0,0,0,1,0,0,0,1
3865.085518,0,1,0,0,1,0,0,0,1
3868.160415,0,0,1,0,1,0,1,1,0
3877.835538,0,1,1,0,1,1,0,1,1
3886.662471,0,1,0,1,0,0,1,0,1
3894.794776,1,0,0,1,0,0,1,0,1
3897.523998,0,0,1,1,0,0,1,1,1
3905.649941,0,0,1,1,1,0,1,1,1
3915.409128,0,1,0,0,0,0,0,0,0
3918.852406,1,0,0,0,1,1,1,1,0
3920.448018,0,1,0,1,0,1,0,0,0
3921.138604,0,1,1,0,0,1,0,0,1
3921.373499,1,1,0,0,1,1,0,1,1
3930.937645,1,0,1,1,0,1,0,1,1
3930.963768,0,1,0,0,0,0,1,0,0
3936.841215,1,0,0,0,0,1,0,0,0
3945.465514,1,1,0,1,0,1,0,0,1
3948.407396,1,1,1,0,0,1,0,0,0
3949.902364,1,1,1,1,1,1,0,0,1
3959.107992,1,1,1,0,0,1,0,1,1
3959.890755,0,0,1,0,1,1,0,1,1
3967.943930,0,1,0,0,1,0,1,1,0
3972.038270,0,1,0,1,1,0,0,0,1
3978.143760,0,0,1,0,1,1,0,0,0
3986.075002,1,1,0,1,0,0,0,1,1
3986.607864,0,1,1,1,0,1,0,1,0
3994.484182,0,1,1,1,1,0,1,1,0
4000.704455,1,1,0,1,1,0,1,1,1
4009.943882,1,1,0,1,1,1,0,1,1
4017.964914,0,0,0,0,1,0,0,1,0
4024.587038,1,0,1,0,0,0,1,0,1
4032.481986,0,1,0,1,1,0,0,1,0
4041.566823,1,1,1,1,1,0,1,0,1
4041.751666,0,0,0,0,0,1,0,1,0
4049.776555,0,1,1,0,0,1,1,0,1
4051.186628,0,0,1,0,0,1,1,1,1
4055.838731,1,0,0,0,1,0,1,1,0
4061.570865,1,1,1,1,1,0,1,1,1
4063.357401,1,0,1,1,0,0,0,0,1
4063.668104,0,0,1,1,1,1,0,0,0
4073.584314,0,1,0,0,0,1,0,1,0
4076.130514,1,1,0,1,1,0,1,0,1
4076.626088,1,1,0,1,1,1,0,1,0
4085.734158,1,0,0,0,1,1,1,0,1
4091.283193,1,0,0,0,0,1,1,0,0
4100.033318,0,0,0,0,1,0,1,1,1
4104.914782,1,1,1,0,1,1,1,1,1
4108.634418,1,1,0,0,0,1,1,0,1
4110.301918,1,0,1,0,1,0,1,1,1
4119.259078,1,0,0,0,1,0,0,0,1
4125.765219,1,0,1,0,1,0,1,1,0
4132.866958,1,0,1,0,0,1,1,1,0
4135.055239,0,0,1,0,1,0,0,1,0
4136.113535,1,1,0,0,1,1,1,0,1
4140.952761,0,0,0,1,0,1,1,1,0
4141.456669,0,0,1,0,1,0,0,1,0
4146.718013,1,1,0,0,1,1,1,0,1
4155.849197,0,0,0,0,0,0,1,1,0
4159.183197,1,0,0,1,0,1,1,0,1
4164.737619,0,1,1,0,0,1,1,1,0
4169.044311,0,1,0,1,1,1,1,0,0
4178.253692,1,0,0,0,1,0,0,1,1
4179.160262,1,1,1,0,0,1,1,0,0
4180.183569,0,1,0,0,0,0,0,1,0
4185.324406,1,0,1,1,0,0,0,0,0
4186.037140,0,0,0,1,1,1,1,0,0
4187.087286,0,0,1,1,1,0,0,0,1
4189.634385,1,0,0,0,1,0,1,0,0
4193.968285,1,0,0,0,0,0,1,1,0
4200.367497,1,0,1,0,0,0,0,0,0
4202.538665,0,1,1,1,1,0,1,1,0
4206.601759,0,0,0,0,1,0,0,0,1
4214.979502,1,1,1,1,1,0,0,1,1
4218.298283,1,1,0,1,1,1,1,0,1
4224.131138,1,0,1,0,0,0,1,0,0
4225.697713,0,0,0,1,1,0,0,0,1
4232.253613,0,1,1,0,0,0,0,0,1
4237.358269,1,0,1,1,1,1,0,0,1
4237.359269,1,1,0,1,1,0,0,1,0
4246.956000,1,1,0,0,1,1,1,1,1
4251.530027,1,0,1,0,0,1,1,1,0
4259.983132,1,1,1,1,0,0,1,1,1
4263.625743,0,0,1,1,1,0,0,1,0
4273.572101,1,0,0,1,1,1,1,1,1
4274.822976,0,1,1,0,1,0,0,0,1
4284.796869,1,0,1,0,0,1,1,1,0
4288.736869,0,1,1,1,0,0,1,0,0
4295.147484,1,0,1,1,1,1,1,1,1
4300.588120,0,0,0,1,1,1,1,1,1
4302.957021,1,1,0,0,0,0,1,1,0
4312.292531,0,1,1,0,1,0,0,0,1
4319.435674,0,1,1,0,0,0,0,1,1
4320.718597,1,0,1,1,1,1,1,1,0
4327.792681,1,1,1,1,0,1,1,1,0
4328.540273,0,0,1,0,0,1,0,0,1
4329.841509,1,1,1,1,0,1,1,1,1
4334.576078,1,0,1,1,0,0,1,0,0
4338.151433,0,1,1,0,1,0,0,1,0
4346.049949,1,0,1,0,1,1,0,0,0
4351.050449,1,1,1,1,1,0,0,0,0
4354.798351,0,0,1,0,0,0,1,1,0
4364.683749,0,1,1,1,1,0,1,1,1
4367.327565,1,0,1,1,0,0,0,1,1
4370.846128,1,1,1,1,0,1,1,1,0
4375.769713,1,1,1,1,1,0,1,1,1
4375.770713,1,1,1,0,1,1,0,1,1
4379.593616,0,0,1,1,1,0,1,0,0
4381.742838,1,0,1,0,0,0,0,1,0
4387.478833,0,0,0,0,0,1,0,0,0
4391.935527,1,0,0,1,0,1,1,0,1
4393.603027,0,1,0,1,0,0,0,1,1
4399.981768,0,1,1,0,1,0,0,0,1
4409.490417,0,0,1,1,0,1,0,1,1
4409.491417,0,1,1,0,1,0,1,0,1
4417.095823,1,1,0,1,1,1,0,1,0
4418.564566,0,1,1,0,0,0,1,1,1
4422.094625,1,1,0,1,1,0,1,0,0
4423.795455,1,0,0,1,1,1,1,0,0
4424.596375,0,0,1,1,1,1,0,0,1
4429.784826,1,1,1,0,1,0,0,1,0
4437.935417,0,1,0,0,1,0,0,0,1
4439.533702,0,1,0,1,0,0,1,0,1
4441.677345,1,1,1,1,0,1,0,0,1
4443.249456,0,0,1,0,0,1,0,0,0
4452.789502,0,1,0,0,0,0,1,1,0
4455.448259,1,0,1,0,1,1,1,0,0
4462.099864,1,1,1,0,0,1,0,0,0
4466.586838,0,1,1,0,0,0,1,0,1
4471.772504,1,1,1,1,1,0,1,0,1
4474.009236,0,0,1,0,1,1,1,1,1
4478.241697,0,1,0,1,0,0,1,0,1
4482.711776,0,0,1,1,1,0,0,1,1
4485.212526,0,1,0,1,0,1,0,0,1
4485.462877,0,1,1,0,0,1,1,1,1
4489.064625,1,1,0,0,0,0,0,0,1
4497.743171,0,0,0,0,1,1,1,1,1
4505.387018,1,0,1,1,1,0,1,0,1
4506.172719,1,0,0,1,1,1,0,1,0
4511.482279,1,0,0,1,0,1,0,0,0
4518.542759,1,0,0,0,0,0,0,1,1
4527.076559,1,0,0,0,0,1,1,0,1
4536.601400,0,0,0,1,0,1,0,1,0
4544.235047,1,1,1,0,0,0,0,1,0
4545.601764,0,1,0,0,0,1,0,0,1
4554.573498,0,1,1,1,0,0,0,1,1
4559.890422,1,0,1,1,0,1,1,1,1
4564.825994,0,1,1,0,1,1,1,0,1
4571.284231,0,1,0,1,1,1,1,1,1
4572.162602,1,1,1,1,1,1,1,1,1
4572.548179,1,0,1,1,0,1,1,1,0
4577.799795,1,1,0,1,0,1,1,1,0
4587.222930,1,1,1,0,0,0,0,1,0
4587.538468,0,0,1,1,1,0,0,1,0
4588.345433,1,1,1,0,1,1,1,0,1
4595.218598,0,1,1,1,0,1,0,1,1
4601.372829,1,0,0,1,0,1,1,1,0
4605.701127,0,1,0,1,0,0,0,1,0
4606.893718,0,1,1,0,0,1,0,1,0
4615.776991,0,0,1,0,1,0,1,0,0
4615.913112,1,0,1,1,0,1,0,0,1
4619.842291,1,1,1,1,0,1,1,0,0
4621.359097,0,0,0,1,1,0,0,1,0
4626.156365,1,1,0,1,0,0,0,1,1
4627.657215,1,1,0,1,0,0,1,1,1
4629.779665,0,1,1,0,0,1,1,0,0
4635.142059,0,1,1,0,1,1,0,1,0
4636.195585,1,1,0,0,0,1,0,0,1
4641.069516,0,0,0,1,1,0,1,1,0
4642.936996,0,0,0,0,0,1,0,1,1
4644.539777,0,1,1,1,0,1,0,1,1
4647.976414,0,0,0,1,0,1,1,1,1
4655.466544,0,1,1,0,1,1,0,0,0
4664.450772,1,1,1,1,1,0,0,1,0
4667.394295,0,0,1,0,0,1,0,0,0
4675.495751,0,1,0,0,1,0,0,0,1
4677.718751,0,1,1,1,1,0,1,1,1
4682.785382,0,0,1,0,1,0,1,0,0
4685.316249,1,1,1,1,1,1,0,0,0
4688.883772,0,0,0,1,0,0,1,1,1
4697.299514,0,1,0,1,1,0,1,0,1
4698.008518,1,1,0,1,1,0,0,1,0
4704.449552,0,0,0,1,0,0,1,0,1
4713.442459,0,0,1,1,0,1,1,0,0
4716.405629,0,0,0,0,1,0,0,0,0
4722.197905,0,0,0,1,1,0,0,1,0
4731.372548,0,1,1,1,0,1,1,1,0
4741.115656,0,1,0,0,0,0,1,1,1
4745.900418,0,0,1,1,0,1,1,1,0
4746.241698,1,1,1,0,1,1,1,0,0
4755.841738,0,1,0,1,0,0,0,1,0
4760.632356,1,1,0,0,0,0,0,0,1
4764.778457,0,0,1,0,0,1,0,1,1
4771.708856,1,1,1,0,0,0,1,1,0
4777.938741,1,0,0,0,0,1,1,1,1
4787.868818,0,1,0,0,0,1,1,0,0
4795.011961,0,0,0,1,0,1,0,0,0
4799.193145,1,0,1,1,1,1,0,1,1
4808.997852,1,1,0,0,1,0,1,0,0
4816.964157,1,1,1,0,1,0,0,0,0
4823.729186,0,0,0,1,1,1,1,0,0
4826.007485,0,1,0,1,1,1,0,1,1
4831.341285,1,1,1,0,1,1,1,0,1
4837.233169,1,1,1,0,0,1,1,0,0
4841.711835,1,0,1,0,1,0,1,0,1
4846.839441,0,1,0,0,1,1,0,1,0
4855.464579,0,0,1,0,1,0,0,0,1
4855.529538,1,1,0,0,0,0,0,1,0
4863.226104,0,1,0,0,1,0,1,1,1
4863.474196,1,1,1,1,0,1,0,1,1
4871.705420,1,0,0,1,1,0,1,0,1
4880.917117,0,0,0,1,0,0,0,1,0
4885.822654,0,0,1,0,0,0,1,1,0
4890.478361,0,0,0,1,1,0,0,0,1
4894.284951,0,1,1,1,0,0,1,1,0
4899.015207,1,0,1,0,0,1,1,0,0
4903.694349,1,1,1,1,1,0,0,1,1
4907.115600,1,0,0,1,0,0,0,0,0
4913.543729,0,0,0,1,0,1,0,0,1
4919.524523,0,1,0,1,0,0,1,1,0
4924.556732,0,0,0,0,1,0,0,1,1
4925.166190,1,0,1,0,1,0,0,1,1
4933.251177,1,0,0,0,1,0,0,1,0
4936.332438,0,0,0,1,1,0,1,1,0
4942.397960,1,1,0,0,0,1,0,1,1
4942.610993,1,0,0,0,1,1,0,0,1
4943.411913,0,0,1,0,1,1,0,1,0
4944.721575,1,1,0,0,1,1,0,1,1
4949.812975,0,0,1,0,0,0,1,1,0
4951.408908,1,1,1,0,0,1,0,0,1
4952.617076,1,1,1,0,1,1,0,1,0
4959.674842,1,0,1,0,0,1,0,1,1
4962.201905,1,0,1,1,1,1,0,0,0
4969.345048,1,1,1,0,0,0,1,1,0
4977.996635,0,1,1,0,1,1,0,0,1
4986.078222,0,1,0,0,1,0,1,0,0
4990.252612,0,0,1,1,1,1,1,0,1
4991.586812,1,1,0,1,1,1,0,1,0
4993.656570,1,1,1,1,1,1,1,0,1
4998.813305,0,1,0,0,0,0,0,0,0
5004.703440,1,0,0,1,1,1,1,0,1
5004.780963,0,0,1,1,0,1,1,0,0
5014.091377,1,1,1,1,0,0,1,0,1
5017.666487,1,1,0,0,1,0,0,0,0
5023.765842,1,1,0,0,1,1,1,0,0
5024.093606,0,1,1,1,1,1,0,1,1
5030.020694,0,0,0,0,0,0,1,0,1
5037.261476,1,0,0,0,1,0,0,0,1
5040.518856,0,1,1,0,0,1,1,1,0
5047.440404,1,1,1,1,1,0,1,0,0
5055.538281,1,0,1,0,1,1,1,1,1
5057.629834,0,1,0,1,0,0,0,1,1
5064.325080,1,1,0,0,1,0,1,1,1
5069.480494,1,1,1,1,1,0,1,1,1
5071.514624,0,0,1,1,0,0,1,1,0
5073.151824,0,1,1,1,0,0,1,1,1
5074.726000,1,0,1,1,0,0,1,1,0
5079.609241,0,1,1,0,1,0,0,0,1
5080.668336,1,0,0,1,0,1,0,1,1
5085.133175,0,0,1,1,0,1,1,0,0
5088.237313,1,1,0,1,1,0,0,0,1
5092.506754,1,1,1,1,0,0,1,1,0
5094.140985,1,0,1,1,0,0,0,0,1
5103.333528,0,1,0,1,1,0,0,1,1
5110.650870,0,0,1,0,0,1,1,0,1
5112.193382,1,1,1,1,1,1,0,0,0
5115.051239,0,1,0,0,1,0,1,0,0
5119.519385,1,1,0,0,1,0,0,1,1
5124.315824,0,1,1,0,0,1,0,1,1
5129.512515,1,1,1,0,0,0,1,0,1
5134.868852,1,1,1,0,0,0,0,1,1
5143.120455,1,1,1,0,1,0,0,1,1
5145.927108,0,1,1,1,0,0,0,1,1
5150.133196,0,0,1,1,0,0,1,1,0
5155.859523,0,0,0,1,0,1,1,1,0
5165.560783,1,1,0,0,1,1,1,1,1
5168.760058,0,1,0,0,1,1,0,1,0
5170.712082,0,1,0,1,0,1,0,1,1
5178.266674,0,1,1,1,1,0,0,0,1
5183.882876,0,0,0,0,1,1,0,0,0
5186.063536,1,0,0,1,1,1,0,1,1
5188.161101,1,1,0,0,0,0,1,1,1
5188.831677,0,1,0,1,0,1,0,0,1
5195.388858,0,0,0,0,1,0,0,1,0
5202.350421,0,0,0,0,0,1,0,0,0
5203.169702,1,1,0,0,1,0,1,0,0
5212.065518,1,0,0,0,0,0,1,1,0
5215.141717,0,1,0,1,1,1,0,1,1
5223.015582,1,0,0,0,1,0,1,1,1
5228.771974,0,1,1,0,0,1,1,1,0
5232.388965,1,1,0,1,0,1,0,1,0
5236.543396,1,1,0,0,1,0,1,0,1
5237.705570,1,1,0,0,0,1,0,1,1
5247.266053,1,0,1,0,0,1,1,0,0
5249.685818,0,1,0,0,0,0,1,1,1
5254.859912,0,0,1,1,0,0,1,1,1
5263.941924,0,1,0,0,0,1,0,0,0
5267.166757,1,0,1,0,1,1,1,1,1
5272.461346,0,0,1,1,0,1,0,0,0
5282.282259,1,0,1,1,0,1,1,1,0
5284.027983,0,0,0,1,0,1,1,1,1
5292.113280,0,0,1,0,0,1,1,0,1
5300.849202,0,1,1,1,1,1,0,0,1
5308.741068,0,1,1,1,0,1,1,1,1
5318.299935,0,1,0,1,1,1,0,0,1
5319.086571,1,1,1,0,1,1,1,1,0
5322.503013,0,1,1,0,1,0,0,1,1
5331.126214,1,0,0,0,0,1,1,0,1
5331.488624,0,1,1,1,0,1,1,0,0
5335.529334,1,0,0,0,1,1,1,1,0
5345.122523,0,1,1,1,1,1,1,0,1
5354.400825,0,0,1,0,0,0,0,1,0
5363.142210,1,0,1,1,1,0,1,1,0
5366.315196,0,1,1,1,1,0,0,0,1
5368.390252,1,1,1,0,0,0,0,0,1
5373.168552,0,0,0,0,1,0,0,0,0
5375.974701,0,1,1,1,0,1,0,0,1
5381.049085,1,1,0,0,1,0,0,1,1
5390.260783,1,1,0,1,1,1,1,1,1
5397.079283,1,1,1,0,0,1,1,0,0
5397.080283,0,0,0,1,0,1,0,0,1
5399.191624,0,0,1,1,1,0,0,1,0
5406.354379,0,0,0,0,0,0,0,1,0
5413.683706,1,0,1,0,1,0,1,0,0
5421.695269,1,1,0,1,0,1,1,1,1
5431.463071,1,0,1,0,0,1,1,0,1
5433.286806,0,1,0,1,0,0,1,1,1
5441.259981,0,1,1,0,1,0,0,1,0
5443.864888,1,1,0,1,0,0,1,1,1
5445.216464,1,1,0,0,1,1,1,0,1
5453.270093,0,1,0,0,0,1,0,1,1
5458.899346,1,0,0,0,1,0,1,1,0
5468.367998,1,0,0,1,1,0,0,0,1
5474.268791,1,0,1,0,1,1,0,1,0
5481.387724,0,1,1,1,0,0,1,1,0
5482.451117,1,0,1,1,1,1,0,0,1
5492.369292,0,0,0,1,0,0,1,1,1
5496.854380,1,1,0,1,0,0,1,0,0
5503.386642,0,0,1,0,1,1,1,0,0
5508.989731,0,1,1,0,0,0,0,0,1
5512.886445,0,1,1,1,0,0,0,1,0
5513.538542,0,1,0,0,0,1,0,0,0
5522.196786,0,1,0,0,1,0,0,1,1
5531.050722,0,1,0,0,1,0,1,1,1
5535.430594,1,0,1,0,1,0,1,0,0
5536.144596,0,0,1,1,0,0,0,1,1
5536.145596,1,1,1,1,1,1,1,0,0
5536.226694,1,1,0,1,1,0,0,1,0
5543.005863,1,0,1,0,1,0,1,1,0
5552.264636,0,1,0,1,0,1,0,0,1
5557.139098,1,1,0,1,0,1,1,1,1
5557.929010,1,1,1,1,0,1,0,0,0
5566.765284,1,1,1,1,0,0,1,0,1
5570.560548,0,0,1,0,1,0,1,0,0
5575.188852,1,1,1,0,1,1,0,1,0
5575.896587,1,0,1,0,0,1,0,1,0
5580.736553,1,1,1,1,1,0,1,1,1
5584.105169,1,1,0,0,1,0,1,0,0
5593.867762,0,0,0,0,0,0,0,1,1
5596.588156,1,1,0,0,1,0,0,1,1
5600.032689,1,0,1,1,0,0,1,0,0
5602.992576,1,1,0,1,0,0,1,0,0
5604.461961,0,0,1,0,1,0,0,0,0
5613.690688,0,1,0,1,1,1,1,1,0
5621.261553,0,0,0,1,1,0,1,1,0
5623.405196,1,0,1,0,1,1,0,0,1
5629.760700,1,0,1,0,0,0,0,0,0
5636.298914,1,1,0,0,0,0,0,0,0
5645.372690,1,1,0,1,1,0,0,1,0
5654.080303,1,0,1,1,1,0,1,0,1
5657.317909,1,1,0,0,0,0,1,0,0
5657.380555,0,1,0,0,1,0,0,0,0
5662.781712,1,0,0,0,0,0,0,0,0
5668.758858,0,1,1,0,1,0,0,0,0
5669.053283,1,1,0,0,1,1,1,0,1
5671.469211,1,1,0,1,1,0,1,1,0
5672.660819,0,0,0,1,0,1,1,1,0
5675.177696,1,0,0,0,1,1,0,1,0
5678.207950,0,1,0,1,0,0,0,0,1
5685.185653,0,1,1,1,0,0,0,0,0
5689.121744,0,0,1,0,0,0,0,0,1
5693.771960,0,0,0,0,0,1,0,0,0
5701.562549,0,0,0,0,1,0,0,0,0
5707.901299,0,1,1,0,0,0,1,0,1
5708.900996,1,0,1,0,0,0,1,1,1
5712.218120,1,0,0,0,0,1,0,0,1
5722.155332,0,0,1,1,1,1,1,0,1
5723.466413,0,0,0,1,1,1,1,0,0
5732.054790,1,0,1,1,1,0,0,1,1
5733.962815,0,1,1,0,0,0,0,1,0
5735.815482,0,1,0,1,0,0,0,0,0
5736.970213,1,1,0,0,0,0,0,1,1
5742.177793,1,1,0,0,1,1,1,1,1
5749.906215,0,1,1,1,0,1,1,1,0
5752.674428,0,0,1,0,1,1,0,0,0
5758.206789,0,1,0,1,0,1,1,0,0
5766.172109,1,1,0,0,0,0,1,1,1
5773.445109,0,1,1,1,0,0,1,0,0
5774.419463,0,1,1,1,1,1,1,1,0
5780.690106,0,0,0,1,1,1,1,1,1
5786.183219,1,0,0,1,1,0,0,1,0
5792.443948,0,1,0,0,0,1,1,1,1
5793.875623,1,0,0,1,1,1,1,0,1
5802.045861,0,0,0,0,0,1,0,1,1
5810.757330,1,0,1,1,0,1,1,0,0
5812.892948,0,1,0,0,1,0,0,1,1
5818.355061,0,0,1,1,1,0,1,0,0
5825.531269,0,1,0,1,0,0,1,1,1
5830.624656,1,0,0,1,1,0,1,1,1
5837.624956,0,0,0,0,0,1,0,1,1
5839.542431,0,0,0,1,0,1,1,1,0
5842.355650,1,0,1,1,0,0,1,0,1
5846.106275,1,0,1,1,0,0,0,0,0
5850.523500,1,1,1,1,1,1,0,0,1
5859.621951,1,1,0,1,0,0,0,1,0
5865.288459,1,1,1,1,0,0,1,0,1
5865.401807,0,0,1,1,1,0,1,0,1
5874.200298,0,1,1,0,0,0,0,0,1
5879.802664,1,0,1,1,1,1,1,0,1
5880.564834,1,0,1,1,1,1,0,1,1
5890.325950,0,1,1,0,0,1,0,1,0
5898.240269,1,0,0,0,1,0,0,1,1
5904.026598,1,0,0,1,0,0,1,1,0
5904.956537,1,0,1,1,1,1,1,1,0
5906.779389,0,0,0,0,1,0,1,0,0
5911.051217,0,0,0,0,1,0,0,1,0
5919.404839,0,0,0,0,1,1,0,0,1
5920.019275,1,1,1,0,0,0,1,0,1
5921.714095,1,0,1,0,0,0,0,1,0
5928.040993,0,0,1,0,0,1,1,1,1
5929.609296,0,1,0,0,1,1,1,0,0
5936.050597,0,1,0,1,0,0,0,1,1
5939.221091,0,0,1,0,1,1,0,0,1
5943.721641,1,1,1,0,0,1,0,1,0
5944.238054,1,1,0,0,0,0,0,0,0
5950.512465,0,1,0,1,1,0,0,1,1
5958.517845,1,1,1,0,0,0,1,1,0
5967.333964,1,1,1,1,0,1,1,0,1
5972.469004,0,1,0,1,0,1,0,0,1
5976.504221,0,1,0,0,1,1,0,0,1
5985.802992,1,0,1,0,0,1,0,0,0
5995.196992,1,1,1,0,1,0,0,0,1
5999.391121,0,0,1,1,1,1,0,0,1
5999.600434,1,0,0,0,0,1,0,1,0
6006.024632,1,1,1,0,1,1,0,1,1
6015.296006,0,0,1,1,1,0,1,0,0
6021.896595,1,1,0,0,0,1,0,0,1
6027.979461,1,0,0,1,1,0,1,0,0
6035.413928,1,1,1,0,0,1,1,1,1
6039.292091,1,1,0,0,1,1,1,0,0
6047.107694,0,0,1,1,0,0,1,0,0
6056.577021,1,0,0,0,1,0,0,0,0
6061.518703,1,1,1,0,0,1,1,1,0
6067.991924,1,1,0,1,0,1,1,0,1
6077.460063,0,1,0,0,0,1,0,1,1
6085.874597,1,0,0,1,1,0,1,0,1
6089.640281,0,1,1,1,1,0,1,0,1
6093.079802,1,1,1,0,1,1,0,0,1
6098.393924,0,0,1,1,1,0,1,0,0
6101.295067,0,0,1,1,0,0,1,1,0
6101.687704,1,1,0,0,1,1,0,1,1
6105.498872,0,0,0,1,1,0,1,1,0
6105.625646,1,0,1,0,1,0,0,0,1
6115.550125,0,1,0,1,0,1,1,0,1
6124.206975,1,0,0,0,0,0,0,1,0
6133.243583,1,1,1,0,1,0,0,0,0
6140.710143,0,1,1,1,0,1,1,1,0
6145.475624,1,0,1,1,1,0,1,0,1
6146.396344,0,1,1,1,0,0,0,1,0
6155.947671,0,1,0,1,1,0,0,1,0
6157.166974,1,1,0,0,1,1,1,1,0
6164.203045,1,1,0,1,1,1,1,0,0
6167.395987,1,1,0,1,0,1,0,1,0
6171.816340,1,0,1,0,0,1,1,0,1
6178.091223,0,1,0,1,0,1,0,1,0
6183.272428,0,1,0,0,0,1,1,1,1
6187.345790,0,1,0,0,1,1,0,1,0
6194.738790,1,1,0,0,0,0,1,0,0
6203.636860,0,1,1,1,1,1,1,0,1
6206.045386,1,0,0,1,0,0,1,1,1
6213.445646,1,0,1,0,1,0,0,0,0
6215.324392,0,0,0,1,0,1,1,1,1
6220.623370,1,0,0,1,0,0,0,0,1
6229.904967,1,1,1,1,0,1,0,0,1
6230.739217,1,1,0,1,1,1,1,0,0
6239.272697,0,1,0,1,1,1,0,0,1
6248.362317,0,0,0,1,1,1,1,0,1
6256.378285,1,0,1,0,0,1,1,1,1
6265.876860,0,1,0,0,1,1,0,1,1
6271.936955,1,0,1,0,0,0,1,0,1
6274.571963,1,0,0,0,1,1,1,1,1
6280.182158,0,0,0,1,1,1,1,0,1
6284.682708,1,1,0,0,1,0,0,0,0
6288.912793,0,1,0,1,1,1,1,1,1
6289.321916,0,1,1,1,0,1,0,0,0
6293.737368,0,0,1,0,1,0,0,1,1
6301.356654,1,0,1,0,0,1,0,0,1
6305.420572,0,0,0,0,1,1,1,1,1
6308.158524,0,1,0,0,1,1,0,0,0
6315.974442,0,1,0,0,0,0,0,1,1
6317.162931,1,0,0,0,1,1,0,0,0
6320.191951,0,1,0,0,1,1,0,0,1
6328.192151,0,0,1,0,0,0,0,0,0
6333.372813,1,0,1,1,1,1,0,0,1
6333.943114,1,0,1,0,1,1,1,0,1
6338.238291,1,0,1,1,0,1,1,1,1
6340.322416,1,0,1,1,0,1,1,0,1
6346.654441,0,0,0,1,0,0,1,1,1
6352.829938,1,1,1,1,1,0,0,1,1
6354.345938,1,1,0,0,1,1,1,0,0
6357.679938,0,1,1,1,1,0,0,0,0
6358.706477,1,1,1,1,0,0,1,0,0
6361.640857,0,0,1,1,1,1,1,0,0
6367.931926,0,1,0,1,0,0,1,0,0
6370.630104,0,1,1,0,1,0,1,1,0
6372.500353,0,1,1,0,1,0,0,0,0
6378.436012,0,1,1,0,0,0,0,1,1
6382.512850,1,1,1,1,1,0,0,0,1
6385.972409,1,0,1,1,0,0,1,1,0
6393.992518,0,0,0,1,1,1,1,0,1
6397.755047,0,1,0,1,0,0,1,0,0
6400.721714,1,1,0,1,0,0,1,1,0
6404.736275,0,0,1,0,1,1,0,0,0
6413.694034,0,0,1,1,0,0,1,0,1
6413.735083,1,0,1,0,0,1,0,1,0
6415.279407,1,1,1,1,1,0,1,0,1
6416.212790,0,1,0,0,1,1,1,1,1
6421.095999,1,0,1,1,0,0,0,0,1
6426.630426,0,0,1,1,1,0,1,1,0
6435.201998,1,0,0,0,1,0,1,1,0
6439.586665,0,0,1,0,0,1,0,0,0
6447.719586,0,0,0,1,0,1,1,0,1
6453.730347,0,0,0,1,1,0,1,0,0
6458.016633,1,1,0,1,0,0,0,1,0
6463.606818,1,1,0,1,1,0,0,1,0
6465.952272,1,1,1,1,1,1,1,1,1
6469.539580,1,0,1,1,0,0,1,0,1
6470.434346,0,1,1,0,1,1,0,1,0
6478.602068,1,1,1,0,0,0,0,1,1
6484.915903,0,0,0,0,1,0,1,1,1
6485.873745,1,0,1,1,0,1,0,0,0
6489.998846,1,1,0,0,0,1,0,0,0
6496.841267,0,1,0,0,1,0,1,0,1
6499.998517,1,1,0,0,1,1,0,1,0
6504.665717,0,0,1,0,0,0,0,0,1
6508.859336,0,0,1,0,1,0,1,0,0
6511.825074,1,0,0,1,1,1,0,1,0
6518.091386,0,0,1,1,1,0,1,1,0
6526.854807,0,1,1,1,1,0,1,0,0
6530.487731,0,1,0,0,0,0,0,0,0
6531.646510,1,0,0,1,1,1,1,1,0
6535.265569,1,0,1,0,1,0,1,1,0
6538.025344,1,1,0,1,1,0,0,1,0
6546.914344,0,1,0,0,0,1,0,1,0
6548.581844,1,1,1,0,0,1,1,1,1
6550.038254,1,1,1,0,1,1,0,0,0
6556.747849,0,1,0,1,1,0,0,1,0
6564.963886,0,1,0,1,0,1,1,0,1
6565.860680,1,0,0,0,0,1,0,1,0
6571.027830,1,1,1,1,0,0,1,1,1
6575.470247,0,1,0,0,0,1,1,1,1
6576.296459,0,0,0,1,0,0,1,0,0
6576.537610,0,1,1,1,1,0,1,1,1
6580.567333,1,0,0,1,1,1,0,1,0
6585.672103,0,1,0,0,1,1,1,1,1
6591.826334,1,1,0,0,1,0,0,1,1
6596.631846,1,0,1,1,0,0,1,0,1
6600.926365,1,1,0,0,0,0,0,0,1
6609.270379,0,1,1,1,0,0,1,1,1
6613.080522,0,0,0,0,1,0,0,0,0
6617.586566,1,1,0,0,1,0,0,0,0
6618.773888,0,0,0,1,1,0,0,1,0
6618.774888,1,0,0,1,0,0,0,1,1
6627.490612,0,0,0,1,1,1,0,1,1
6630.769973,0,1,0,1,0,1,0,1,0
6633.016511,1,0,1,1,1,0,1,1,0
6633.489905,1,1,1,1,1,1,1,0,1
6642.933748,1,1,0,0,1,1,0,0,1
6651.572123,1,0,1,0,0,0,1,0,1
6652.444970,0,1,0,1,1,0,0,0,0
6661.227941,0,0,1,0,0,1,0,1,1
6662.373405,1,0,0,1,1,1,1,0,1
6671.094072,1,0,0,1,1,1,0,0,0
6679.526661,0,0,0,0,0,0,1,0,0
6682.540693,1,1,0,1,0,0,0,0,1
6688.320776,1,1,0,1,0,0,0,0,0
6695.719410,0,1,1,0,0,1,0,1,0
6703.416736,0,0,0,1,0,1,0,0,1
6704.651922,0,0,0,0,1,0,0,1,1
6706.174509,0,0,0,1,1,0,1,0,0
6706.281506,1,0,1,1,0,0,1,0,0
6710.543199,0,0,1,1,1,0,1,0,0
6718.303238,0,1,1,0,0,1,0,0,0
6727.698408,1,0,1,1,0,1,1,1,1
6732.744255,1,0,1,1,0,0,1,1,0
6740.758638,0,1,0,1,0,1,0,1,0
6742.412365,1,0,1,1,0,1,0,1,0
6749.651135,1,0,0,0,0,1,1,0,0
6759.188218,0,0,1,1,1,0,1,1,1
6768.719515,1,1,0,1,1,1,1,1,1
6772.389873,1,0,1,1,0,0,1,0,0
6775.453212,0,0,0,0,1,1,1,1,0
6780.599328,0,0,0,1,1,1,1,0,0
6785.361757,0,0,0,0,1,0,0,1,0
6787.555160,1,1,0,0,1,0,0,0,0
6790.074291,0,1,0,0,1,0,0,1,1
6795.024291,0,1,0,0,0,0,1,0,1
6803.056573,0,1,1,0,0,1,1,1,1
6808.039893,1,0,1,0,0,0,1,1,1
6812.943000,1,1,0,1,1,0,0,0,1
6816.244162,0,0,1,0,0,0,1,1,0
6825.095629,0,0,1,1,0,0,0,0,0
6833.974098,1,1,0,1,1,1,0,1,1
6838.526463,1,0,1,1,0,0,1,1,1
6844.185681,0,0,1,0,0,1,0,1,1
6852.346785,0,1,0,1,0,0,0,0,0
6860.538455,1,1,0,1,0,1,0,0,1
6862.407519,1,1,0,0,1,1,0,1,1
6867.794344,0,1,1,1,1,1,0,0,0
6875.662860,1,0,1,1,0,0,1,0,0
6878.727527,0,1,1,0,0,1,0,0,1
6881.805143,1,1,0,1,1,0,1,0,0
6889.947024,0,1,1,0,0,1,1,0,1
6892.459510,1,0,1,0,1,0,0,0,1
6898.216237,0,1,0,0,0,1,1,1,1
6898.593965,1,1,1,0,0,0,1,1,0
6908.483740,1,0,0,0,0,1,0,1,0
6913.535605,1,1,0,0,0,0,0,1,1
6914.913279,1,1,0,1,0,0,1,1,0
6914.914279,0,1,1,0,1,0,0,1,0
6919.969478,1,0,0,1,0,1,0,1,1
6927.209853,0,0,0,0,1,1,1,1,0
6934.079373,1,0,0,1,0,0,0,0,0
6939.646159,1,0,0,1,1,0,1,1,1
6947.125636,0,1,0,1,0,0,1,0,0
6951.359546,0,0,0,1,1,1,0,0,1
6952.440438,0,0,0,0,0,1,1,0,0
6958.881011,1,0,1,1,1,0,1,1,1
6964.472506,1,1,0,1,0,1,1,1,1
6973.792963,1,1,1,0,1,1,1,1,1
6978.855185,0,0,1,1,1,1,0,1,0
6982.940883,0,0,0,1,1,0,0,1,1
6988.607983,0,0,0,1,0,1,1,0,0
6992.089224,0,0,1,1,1,1,1,0,0
6996.593590,0,1,1,0,0,1,1,0,0
6996.594590,0,1,0,0,1,0,0,0,1
7004.885044,1,0,0,1,0,1,1,0,1
7012.709223,0,1,0,1,0,1,0,0,0
7021.199110,1,0,0,0,0,0,0,0,0
7021.200110,0,1,0,1,1,0,0,0,0
7029.475665,1,0,1,1,0,0,1,1,0
7032.029301,0,1,0,0,0,1,1,0,1
7040.857102,0,1,1,0,1,1,0,1,1
7044.531204,1,0,0,1,0,1,1,0,1
7044.756062,1,1,0,0,1,1,1,1,1
7053.015904,0,1,1,0,1,0,1,0,0
7059.027781,0,0,0,0,0,1,1,0,1
7059.274994,1,1,0,0,0,1,0,1,0
7065.033416,1,0,0,1,0,1,1,1,0
7070.206312,1,1,0,1,1,1,1,0,1
7077.984312,1,0,1,1,1,1,0,1,0
7078.058476,0,1,0,1,0,1,0,1,0
7083.647831,1,1,1,1,1,1,1,0,0
7090.950507,0,1,1,1,0,1,0,0,0
7091.432679,0,1,0,0,0,1,1,0,1
7092.281052,0,1,0,1,0,1,1,1,0
7095.881692,1,0,0,1,1,1,1,0,1
7103.788878,0,1,1,0,0,0,0,0,1
7104.986042,1,1,1,1,1,1,0,1,1
7106.574185,0,0,0,0,0,1,1,1,0
7111.280596,1,1,1,0,0,1,1,0,0
7113.366541,1,0,0,1,0,1,1,1,1
7115.846885,0,1,1,0,0,1,0,0,0
7124.830943,1,1,1,1,0,0,1,1,1
7130.280409,1,0,1,1,1,1,1,0,1
7134.277186,1,0,1,0,0,1,0,1,1
7141.877426,0,1,0,0,1,1,0,1,1
7144.744631,1,0,0,0,1,1,1,1,1
7145.639159,1,0,0,0,0,1,1,0,0
7152.181561,1,0,0,0,1,0,1,1,0
7160.257354,1,1,1,1,1,1,1,0,1
7161.980036,0,0,0,0,0,1,0,1,1
7165.854863,0,1,0,0,0,1,1,1,0
7174.720225,0,1,1,0,1,1,0,0,1
7183.362336,0,0,0,0,0,0,0,0,1
7189.221336,1,1,0,1,0,1,1,0,0
7194.733980,0,0,1,0,0,0,0,1,0
7202.314867,1,1,0,1,0,0,0,0,1
7210.943163,1,0,1,0,1,0,1,1,1
7219.622307,0,0,0,0,1,1,0,0,0
7226.645259,0,0,1,0,1,0,0,1,0
7233.987630,0,0,0,1,0,1,0,1,0
7241.880511,1,1,0,1,1,1,0,0,1
7250.102263,0,0,0,1,0,0,0,0,0
7251.462012,0,1,0,1,0,1,1,0,1
7254.580980,1,1,0,0,1,1,1,1,0
7263.320044,0,0,0,1,1,1,1,0,1
7272.056347,0,1,0,1,1,1,1,1,1
7279.631142,0,0,1,1,0,0,1,0,1
7281.946136,1,0,0,0,1,1,0,0,1
7289.386774,1,0,1,1,1,0,1,0,1
7289.832755,1,1,0,1,0,0,0,1,1
7293.343338,0,1,1,1,1,0,0,1,1
7297.032494,0,0,1,0,0,0,0,0,0
7301.318779,0,1,1,1,1,0,0,1,1
7304.167088,0,0,0,0,0,1,0,0,0
7307.434870,1,0,1,1,0,0,0,0,1
7317.110578,1,1,0,1,0,0,1,0,1
7322.067168,1,0,0,1,1,1,0,1,1
7327.493981,0,0,1,1,0,1,0,1,1
7336.162798,0,1,0,1,0,0,1,0,1
7342.698233,0,1,1,1,0,1,0,0,0
7351.103300,1,1,0,0,0,1,0,0,0
7356.579481,0,1,1,1,1,1,0,1,0
7357.515938,1,0,1,1,1,1,0,0,0
7361.634173,0,1,0,0,0,1,1,1,1
7368.562284,1,1,0,1,1,0,1,1,1
7368.563284,0,0,1,0,1,1,0,0,0
7372.928009,0,1,1,1,0,1,0,1,0
7376.684045,1,0,1,0,1,1,0,1,0
7378.970531,1,0,1,1,1,0,1,1,0
7383.971031,0,0,0,0,0,1,1,1,1
7384.881031,1,1,0,0,0,0,1,1,0
7386.352472,0,1,1,0,1,0,0,0,1
7391.268947,1,0,0,1,1,0,0,1,0
7393.990986,0,0,1,1,1,1,0,1,1
7400.289433,0,1,0,1,0,1,0,0,0
7407.054463,1,1,0,1,1,1,1,0,0
7415.470827,0,1,0,0,0,0,1,1,1
7418.142793,1,0,0,0,1,0,1,1,0
7420.575982,1,1,0,1,1,0,1,1,1
7423.479488,0,0,1,0,0,1,1,0,0
7429.650994,1,0,0,1,0,1,1,0,0
7436.506979,0,1,1,0,0,1,0,1,1
7438.091242,1,1,1,1,0,1,0,0,0
7439.965254,1,0,1,0,1,1,0,1,0
7442.871946,0,0,0,0,1,0,0,0,1
7445.539346,0,1,1,1,0,1,0,0,0
7450.462693,1,1,1,0,0,0,1,0,1
7451.310004,1,1,0,1,0,1,0,0,1
7460.129997,0,0,0,1,1,0,1,1,1
7465.093601,1,1,0,0,1,0,0,0,0
7472.004904,0,0,1,0,1,1,0,1,1
7478.851014,1,1,0,0,1,0,0,0,0
7478.909812,0,0,1,1,0,1,0,1,0
7486.818518,1,1,0,1,1,0,0,0,1
7492.290858,1,0,0,1,1,1,0,0,0
7498.229536,1,0,1,0,0,1,1,0,0
7505.992471,0,1,0,1,1,0,1,1,1
7509.951409,0,0,1,1,1,1,1,0,1
7512.106259,0,0,1,0,0,0,0,1,0
7520.731701,0,1,1,1,1,0,1,0,0
7526.153845,0,0,0,1,1,0,1,1,0
7527.717189,1,0,1,0,0,1,0,0,1
7529.434756,0,0,1,1,1,1,1,0,1
7535.132515,1,1,1,1,1,0,0,1,1
7543.986133,0,0,0,1,1,1,1,1,1
7544.469200,1,1,1,1,1,0,0,1,1
7551.477781,1,1,0,0,0,1,1,0,1
7557.300983,0,0,0,1,0,1,0,0,1
7565.232225,0,0,0,0,0,1,1,1,1
7566.868450,1,0,1,1,0,0,0,1,1
7576.040611,0,0,1,1,0,1,1,1,0
7582.759249,0,1,0,0,0,0,0,0,0
7591.511570,0,0,0,1,1,1,0,0,0
7596.216242,1,0,1,0,1,1,0,0,0
7598.408803,0,0,0,1,1,1,0,1,1
7600.766325,1,0,1,0,0,1,0,1,1
7609.066495,1,0,0,0,1,0,1,1,1
7611.153176,0,0,1,0,0,1,0,1,1
7613.556762,0,0,0,0,1,0,1,0,0
7617.359035,0,0,1,1,1,1,1,0,0
7620.236459,1,1,1,1,0,1,0,0,0
7628.127295,0,1,1,0,1,1,0,0,1
7631.869180,1,1,0,0,1,0,0,0,0
7639.508493,0,1,0,0,1,0,1,0,1
7639.915132,0,1,0,1,1,1,0,0,0
7640.541070,1,0,1,0,1,1,0,1,0
7649.332660,0,1,1,0,0,0,1,0,0
7656.251828,1,0,1,0,1,1,1,0,0
7665.028928,1,0,0,1,1,0,1,0,1
7666.206281,1,0,0,0,0,0,0,0,1
7673.223225,1,0,1,0,0,0,0,1,0
7679.060295,1,1,0,1,0,1,0,0,1
7681.384624,0,0,1,0,1,1,0,0,1
7685.906510,0,1,0,0,1,1,1,1,0
7688.102412,0,0,1,1,0,0,1,0,0
7694.384191,0,0,0,0,0,1,1,1,1
7694.961341,0,0,1,0,0,1,0,1,0
7703.202897,0,1,1,1,1,1,0,0,0
7703.588897,1,1,0,0,0,1,0,1,1
7708.237823,1,0,0,1,1,0,1,0,0
7716.840702,1,1,1,0,0,1,1,0,1
7717.774445,1,0,1,0,1,0,1,1,1
7724.073698,1,1,0,0,1,0,1,1,1
7727.623725,0,0,0,1,1,1,0,0,1
7733.169625,0,1,0,1,0,0,1,0,0
7736.213799,1,1,0,1,1,0,1,1,1
7738.092492,1,1,0,0,0,1,0,0,1
7744.250213,0,0,0,0,0,0,0,0,1
7748.355606,0,1,1,0,0,0,1,1,1
7757.601455,1,0,0,1,0,0,1,1,1
7761.424063,1,1,0,1,1,1,1,1,0
7763.424863,1,1,1,1,0,1,0,1,1
7767.203263,1,1,0,0,0,1,1,1,1
7768.109345,0,0,1,0,1,0,0,0,1
7768.311582,0,0,1,0,1,0,0,1,0
7769.598708,0,1,1,1,0,0,1,1,1
7776.921811,0,1,0,1,1,1,0,1,1
7782.215049,0,1,0,0,0,1,0,1,1
7786.330220,0,0,1,0,0,0,1,1,0
7787.982146,0,1,0,1,1,0,1,0,0
7795.311605,1,0,1,0,1,1,1,0,0
7803.719115,0,1,1,1,1,1,0,0,1
7812.985244,1,1,0,0,1,0,0,0,0
7818.421385,1,1,1,0,0,1,0,0,1
7820.483867,0,0,0,0,1,0,1,1,1
7826.345463,1,0,1,0,0,0,0,1,0
7832.898709,0,1,1,0,1,1,0,0,1
7841.772061,0,1,1,0,0,0,0,1,0
7846.584610,1,0,0,1,1,1,1,1,0
7847.810235,1,1,1,0,1,0,1,0,1
7848.859165,1,1,1,1,0,0,1,0,1
7857.596316,1,1,0,0,1,1,1,1,1
7862.580531,0,0,0,0,0,1,1,0,1
7862.581531,1,0,1,1,1,1,0,0,0
7862.582531,1,0,1,0,1,0,0,0,0
7871.800938,1,0,1,0,1,0,1,1,0
7875.099022,0,1,0,1,0,0,0,0,0
7883.739680,0,0,0,0,0,1,0,0,1
7886.411221,1,0,1,0,0,1,0,0,0
7894.235359,0,0,0,0,1,0,1,1,0
7899.415809,0,0,0,1,0,0,1,0,1
7905.407590,1,1,1,1,1,0,0,1,0
7906.054017,1,1,1,0,0,0,0,0,1
7911.722064,1,0,0,1,1,0,0,1,1
7917.090948,0,1,0,0,0,1,0,1,1
7919.124712,1,0,0,1,0,1,1,1,1
7928.754378,1,1,1,0,0,1,1,0,1
7929.704436,1,1,1,1,0,0,1,0,1
7932.205186,0,0,0,0,1,1,0,1,0
7940.072066,0,0,1,1,1,1,0,1,0
7941.411642,0,0,1,0,1,0,0,1,1
7943.997417,1,0,0,1,0,1,1,0,0
7945.496525,1,0,1,0,1,0,1,0,1
7947.812284,0,0,0,1,0,0,1,0,0
7950.057958,1,1,0,1,0,0,1,1,1
7950.692558,0,1,1,1,0,1,1,1,1
7956.037851,0,0,1,1,1,1,0,0,0
7956.917744,1,0,1,0,1,0,1,0,0
7962.290108,1,0,0,0,1,0,1,0,1
7964.133029,1,0,0,0,1,0,0,0,1
7971.894985,0,0,1,0,1,0,1,1,0
7981.649214,0,0,1,0,0,0,1,0,0
7982.078923,1,0,1,0,0,1,1,1,0
7986.097966,0,1,1,1,0,0,1,0,0
7991.969939,1,0,0,0,1,0,1,0,0
7999.435539,1,0,1,0,0,1,1,1,0
7999.985935,0,1,0,1,0,0,1,0,0
8004.279309,0,0,0,1,0,1,1,0,0
8006.199888,1,0,0,0,1,0,0,1,1
8014.975872,1,0,0,1,1,1,0,0,0
8024.017064,1,1,1,0,0,0,0,0,1
8029.545680,1,1,1,0,1,1,0,0,1
8034.085590,0,0,0,0,0,1,0,0,1
8038.173772,0,1,1,1,1,0,1,0,1
8043.554174,0,0,0,0,1,1,0,0,1
8046.193627,1,0,1,1,0,0,0,1,0
8052.853625,0,1,0,1,0,0,1,0,1
8053.538318,1,1,1,1,1,1,1,0,0
8056.773688,1,0,0,1,1,1,0,1,0
8058.688935,0,1,0,0,0,1,0,0,0
8066.588689,0,0,1,0,1,1,0,1,0
8074.517467,1,1,0,1,0,0,0,1,0
8077.945234,0,0,0,0,1,0,0,0,0
8084.056734,0,0,1,0,1,0,1,0,0
8088.098864,1,1,1,0,1,1,1,0,0
8090.651476,1,0,0,0,0,1,0,0,0
8091.240652,1,1,0,0,0,1,1,1,0
8093.587097,0,1,0,1,1,1,0,1,1
8095.409620,0,0,1,1,1,0,0,1,0
8099.364770,0,0,0,0,1,0,0,0,0
8103.732803,1,0,0,1,1,1,0,1,1
8113.072492,0,0,1,0,0,0,0,1,0
8120.923860,1,1,0,1,0,1,1,1,1
8122.955308,0,1,1,0,1,0,0,0,1
8131.901929,1,1,1,1,0,0,1,0,0
8135.251800,1,1,1,1,0,1,1,0,1
8135.728943,1,0,0,1,1,0,1,1,1
8145.458992,0,0,1,0,0,0,1,0,1
8149.797273,0,0,1,0,0,1,0,1,1
8150.781572,0,0,0,0,1,0,1,1,0
8158.859567,0,0,0,0,1,0,1,0,0
8163.860067,0,0,1,0,1,1,0,1,1
8172.847307,1,0,1,1,1,0,1,0,0
8182.449732,0,0,1,1,0,0,1,0,1
8188.803564,1,1,0,1,1,1,1,0,0
8195.367154,1,1,1,0,1,1,1,0,1
8198.917799,1,0,1,0,0,0,1,0,1
8206.280026,1,0,0,1,1,1,0,1,1
8213.799856,0,1,0,0,0,1,1,1,1
8214.868710,1,1,0,0,0,1,0,1,1
8215.441082,1,1,0,1,1,0,1,0,0
8218.775082,0,1,0,0,0,1,0,0,0
8220.752169,0,0,1,1,0,1,1,0,1
8230.291293,0,1,0,1,1,0,1,1,0
8236.648535,1,0,0,0,0,0,1,0,0
8242.047931,1,0,0,1,0,0,0,0,1
8246.118291,1,0,1,1,0,1,0,0,1
8251.488073,1,1,1,0,1,0,1,1,0
8252.278467,0,0,0,1,1,1,0,1,1
8256.525618,0,1,1,0,1,0,1,0,0
8259.497117,0,1,1,0,0,0,0,0,0
8261.159292,0,0,1,1,0,1,1,1,0
8262.271292,1,0,1,0,0,1,1,0,0
8271.212575,1,1,1,0,0,1,1,0,1
8278.987218,1,0,0,1,0,0,0,1,1
8286.347218,0,1,1,0,0,0,1,0,0
8293.035861,0,0,1,0,0,0,0,1,1
8293.228535,0,0,0,1,1,1,1,0,0
8294.335982,1,1,1,1,0,0,0,0,1
8300.156913,0,1,0,1,0,0,0,0,0
8300.568830,0,1,0,0,1,0,0,1,0
8301.623512,1,0,0,1,1,1,1,0,1
8304.865295,0,0,0,0,1,0,0,1,0
8309.397092,1,0,1,1,1,1,0,0,1
8316.344559,1,1,1,1,1,1,1,1,0
8323.985745,0,0,1,1,1,0,1,0,1
8330.545722,0,0,0,1,1,0,0,1,0
8339.258297,1,1,0,1,1,0,0,1,1
8346.052096,0,0,1,0,1,0,1,1,1
8350.626168,1,0,0,0,1,0,1,0,0
8351.436856,1,0,0,1,1,1,1,1,1
8354.111818,1,1,0,1,0,0,1,1,0
8360.495543,1,0,1,0,0,1,0,1,0
8369.027436,1,1,0,0,1,0,0,0,0
8375.142767,0,0,0,1,0,0,0,1,0
8380.610846,1,0,0,1,0,1,0,0,0
8388.167361,0,1,0,0,0,1,1,1,0
8395.255958,0,0,1,0,0,0,0,0,1
8403.441467,1,1,1,1,1,1,0,0,0
8408.887467,1,0,1,0,1,0,1,0,0
8416.489517,1,1,1,0,1,1,0,1,1
8420.816325,1,1,0,0,1,1,1,0,1
8428.997002,0,1,1,0,1,1,0,1,1
8436.628818,1,1,0,0,0,1,1,1,1
8443.879093,0,0,0,0,1,1,1,1,0
8445.856008,1,1,1,0,1,0,1,0,0
8448.310467,0,0,1,1,0,0,1,1,1
8454.578956,0,0,0,1,0,1,1,0,0
8462.664254,1,0,1,0,1,1,1,1,0
8470.126873,0,1,1,1,1,1,1,0,0
8479.421815,0,1,1,1,0,1,1,1,0
8480.710565,0,1,1,0,1,0,0,1,0
8481.035607,0,1,0,0,0,0,0,1,0
8481.445564,0,0,0,1,0,0,1,0,0
8490.285806,0,0,0,1,0,0,1,1,0
8495.286306,0,0,1,0,0,1,0,0,1
8504.532341,1,0,1,1,1,1,1,0,1
8508.794279,0,1,0,0,0,0,0,1,1
8510.310279,1,1,1,1,0,1,0,1,0
8514.282174,1,0,1,0,1,1,0,0,1
8518.175914,1,0,0,0,1,0,1,0,0
8526.488049,0,1,1,0,0,1,0,1,0
8528.829855,0,0,0,1,1,0,1,1,1
8529.190668,1,1,0,1,0,1,0,0,1
8532.154334,1,0,0,0,0,1,0,1,1
8541.809541,0,1,0,1,0,1,1,1,1
8550.948045,0,1,0,0,0,1,0,1,1
8551.007179,0,0,0,0,1,0,0,0,1
8558.224652,1,1,0,1,1,1,1,1,1
8567.893803,0,0,0,0,1,1,0,1,0
8570.556006,0,1,0,0,0,0,0,1,1
8579.760362,1,1,1,0,1,1,1,0,0
8585.207625,1,1,1,1,0,1,0,0,1
8586.208525,0,1,0,1,0,1,0,1,0
8591.024542,0,0,0,1,0,0,0,0,1
8598.126136,1,1,1,0,1,0,0,0,1
8603.944736,1,1,0,0,0,1,0,0,0
8608.642552,0,0,0,1,1,1,0,1,1
8609.176223,1,0,1,1,1,1,0,0,1
8614.650360,0,0,0,0,0,1,0,0,1
8615.448623,0,0,1,1,0,1,1,1,0
8622.009137,0,1,1,0,0,1,1,0,1
8631.961972,0,0,1,0,1,0,0,0,1
8637.811011,1,1,0,1,0,0,0,1,1
8645.404613,0,0,0,1,0,1,0,1,1
8652.275155,0,0,0,1,0,1,0,1,0
8661.105619,0,1,1,1,0,0,1,1,1
8663.106419,0,1,0,1,1,0,0,0,1
8666.812632,1,0,0,1,1,0,0,0,0
8668.813432,1,1,0,0,0,1,1,0,1
8670.646710,1,0,0,1,0,0,0,0,1
8673.789107,0,0,0,0,1,1,0,0,1
8679.640144,1,0,1,1,1,0,0,1,0
8686.051653,1,0,0,1,1,0,0,1,1
8692.173440,0,0,1,1,0,1,0,0,1
8692.920634,0,1,0,0,0,1,1,1,1
8697.769634,1,1,0,1,0,0,0,0,1
8702.770134,0,0,1,1,1,0,0,1,0
8707.790395,0,1,1,1,0,1,1,0,0
8716.220932,1,1,0,0,1,0,0,1,0
8722.557095,0,0,1,0,0,0,1,0,0
8727.067448,1,1,1,0,1,1,1,0,0
8736.707124,1,1,1,0,1,1,1,1,1
8744.075808,0,0,1,0,0,0,0,1,0
8752.844776,1,0,1,0,0,0,0,0,1
8758.471315,0,1,1,1,0,1,0,1,0
8763.471815,0,1,1,0,0,0,0,1,0
8768.772832,1,0,0,1,0,0,1,1,0
8775.131577,0,1,0,1,1,0,1,1,0
8780.670744,1,0,1,0,0,0,0,1,1
8781.847199,0,0,1,1,1,1,0,0,1
8789.692809,0,1,0,1,0,1,1,1,1
8799.528891,0,1,1,0,1,1,0,1,0
8808.678566,0,0,1,1,0,0,0,1,0
8813.463088,0,0,1,0,0,1,1,0,0
8815.370591,1,0,0,0,0,0,0,0,0
8819.224539,0,1,0,0,1,0,0,1,1
8821.402741,1,1,0,0,1,0,1,1,0
8826.845674,1,0,0,0,0,0,1,0,1
8831.879728,1,0,1,0,1,0,0,0,1
8834.799691,0,1,1,0,0,0,1,0,1
8835.384574,0,0,0,1,1,0,1,0,0
8837.804031,1,0,0,0,1,0,0,0,1
8840.745913,0,1,0,0,1,1,1,1,1
8842.790505,1,0,1,0,0,1,0,0,0
8844.735155,1,1,1,1,1,1,1,0,0
8849.281155,1,0,0,0,1,1,0,0,0
8853.291906,1,1,0,1,1,1,1,0,1
8854.899632,0,0,1,0,0,0,1,1,1
8861.107419,0,0,0,0,1,1,0,1,1
8869.172128,0,1,1,0,0,1,0,0,0
8875.770709,0,1,0,1,0,1,1,1,1
8879.083878,0,1,0,0,0,1,0,0,1
8885.860156,1,0,1,0,1,1,0,1,1
8890.752266,1,0,1,1,1,0,0,1,0
8890.861040,1,1,0,1,0,0,1,0,0
8897.865472,0,0,0,0,1,1,0,0,1
8900.243283,1,0,0,0,1,0,1,1,1
8903.540999,1,1,0,1,0,1,1,0,1
8908.886292,0,1,0,0,0,0,0,0,0
8909.588976,0,0,0,0,1,1,1,0,0
8914.007716,1,1,1,1,0,1,0,1,1
8918.630102,0,1,1,1,1,1,1,1,0
8924.241827,1,0,0,0,0,1,1,0,0
8933.155793,0,1,1,0,1,0,0,0,0
8941.519230,0,0,1,0,0,0,0,0,1
8943.956657,0,1,0,1,0,1,0,1,0
8946.561170,1,1,0,0,1,0,0,1,0
8953.083717,1,0,0,1,1,1,1,1,1
8956.147473,1,0,1,1,0,0,1,1,0
8961.147973,1,1,0,1,1,0,1,1,0
8965.673236,0,0,0,1,1,1,1,1,1
8973.821569,1,1,1,0,1,0,1,1,1
8982.122575,1,0,0,0,1,1,0,0,1
8984.641458,0,1,0,1,0,0,0,1,1
8993.316873,0,1,1,0,0,1,1,1,0
8993.979571,0,0,0,1,0,0,1,0,1
8997.732409,1,1,1,0,0,1,0,0,0
9005.313296,0,1,0,1,1,1,1,1,1
9009.503889,1,1,0,1,1,0,1,1,1
9012.646168,1,1,0,1,0,0,1,0,1
9013.632984,1,1,0,1,0,0,0,1,0
9015.508797,0,0,0,0,1,0,0,0,1
9017.386360,1,1,0,1,1,1,1,1,0
9022.461037,0,1,0,0,1,1,0,1,1
9022.874366,0,1,0,1,0,1,0,1,0
9026.582021,0,0,0,1,0,0,1,1,0
9033.868007,1,1,1,0,0,0,1,1,1
9040.985208,0,0,0,1,1,0,1,1,0
9041.208408,1,0,0,1,1,0,0,0,0
9042.934475,0,1,0,1,0,0,1,1,0
9046.410737,1,1,0,1,0,1,0,1,1
9048.697223,1,1,0,1,0,1,0,1,1
9051.688578,0,0,0,0,0,0,1,0,1
9055.832810,0,1,1,0,0,0,0,0,0
9059.895904,0,1,0,1,1,1,0,0,0
9065.686448,0,1,1,1,0,1,1,0,0
9069.457563,0,0,0,0,0,0,1,1,1
9075.868178,1,0,1,1,1,0,0,0,0
9085.841900,1,1,1,0,1,1,1,1,0
9086.279603,1,0,1,1,1,0,1,1,0
9088.617534,1,0,0,0,0,0,1,0,1
9094.880284,1,1,0,1,1,0,0,1,1
9103.196018,1,1,0,1,0,0,1,1,0
9107.030831,1,1,1,1,1,1,0,1,1
9113.970301,1,0,0,1,0,0,0,0,0
9115.925992,0,1,1,1,1,0,0,0,1
9123.795268,0,0,0,1,0,0,0,1,0
9132.658127,1,1,0,1,1,1,1,0,1
9134.131255,0,0,1,0,1,1,0,0,0
9142.017764,0,1,1,1,0,1,1,1,0
9143.918015,1,0,1,1,1,0,1,0,1
9153.073505,1,0,1,1,0,1,0,1,0
9155.102274,0,0,1,0,1,1,0,0,1
9162.995342,0,1,1,0,1,1,1,1,1
9168.551342,0,0,1,0,0,1,0,0,0
9176.187633,0,1,1,1,1,1,0,0,1
9183.687883,0,1,0,0,0,1,1,1,0
9192.876826,1,1,1,0,1,1,1,0,1
9194.456616,1,0,1,0,0,1,1,1,1
9199.840558,1,0,0,1,0,0,1,1,1
9202.399442,0,1,0,1,1,1,1,0,0
9209.032432,1,1,1,0,0,1,1,0,0
9214.449557,1,0,0,1,0,0,0,0,1
9214.582123,1,0,0,0,1,1,0,1,0
9216.792204,1,1,1,0,1,1,0,0,0
9226.071346,1,1,1,0,1,0,1,0,1
9233.420692,0,0,0,1,1,0,0,0,1
9236.379143,1,1,0,1,1,1,1,1,0
9236.632749,1,0,0,1,1,1,1,0,1
9242.475089,1,0,0,0,0,1,1,0,0
9252.097260,0,1,1,0,1,0,0,0,1
9252.098260,0,1,1,1,1,0,0,0,0
9260.488922,0,1,0,0,0,0,0,0,0
9267.553137,1,0,0,1,0,1,1,0,0
9275.257156,0,1,1,1,1,0,1,1,0
9276.915372,1,1,1,1,1,1,0,1,1
9277.684557,0,1,1,0,0,0,0,1,1
9279.049582,1,0,1,1,0,0,1,0,0
9287.557962,0,0,0,1,0,0,0,1,0
9288.882359,0,0,1,1,1,1,0,0,1
9293.634657,1,1,1,1,0,1,1,1,0
9297.300514,0,1,1,1,0,0,0,0,1
9303.015228,0,1,0,1,1,0,0,1,0
9306.886809,0,0,1,0,1,0,0,1,1
9308.043682,0,0,0,1,0,0,1,0,0
9308.493279,0,1,1,0,0,0,0,0,1
9308.684284,1,0,1,0,1,0,0,0,1
9318.597336,1,0,0,0,0,0,1,0,0
9324.325919,0,0,1,1,1,1,0,1,0
9330.341355,1,0,0,1,0,0,1,1,1
9331.278591,0,1,0,1,1,0,1,0,1
9340.979286,0,0,1,0,0,0,0,1,1
9343.345903,0,1,1,0,0,1,0,1,0
9346.882989,0,1,0,1,0,0,1,1,0
9351.242223,1,0,1,0,0,0,0,0,0
9352.038324,0,0,0,0,1,0,1,1,1
9356.871188,0,1,1,1,0,0,1,1,1
9362.134820,0,1,0,0,0,1,0,0,0
9368.175484,1,1,0,0,1,0,0,0,1
9368.331909,1,0,1,0,0,1,0,1,1
9369.588195,1,1,0,1,1,0,1,1,0
9369.710579,1,0,1,0,0,0,1,1,0
9378.188992,0,1,1,1,0,0,1,1,1
9378.753316,1,1,0,0,1,1,0,0,1
9379.675034,0,1,1,1,1,0,0,0,1
9386.935582,1,0,1,0,0,0,1,0,1
9393.291258,1,1,0,1,1,0,0,1,1
9400.663235,0,1,0,1,1,1,1,0,0
9404.419728,1,1,0,1,1,0,0,1,1
9405.823466,0,0,0,1,0,1,1,0,1
9412.957231,0,0,1,0,1,0,1,0,0
9419.188764,1,0,1,1,1,1,1,0,1
9426.439619,1,0,1,1,0,0,0,0,1
9427.398207,1,0,1,0,0,0,0,0,1
9434.087020,1,0,0,1,0,0,1,1,0
9437.253171,1,0,0,1,1,0,1,0,1
9444.444463,0,0,1,1,1,1,1,1,1
9448.157829,1,0,1,0,1,0,1,0,0
9448.467370,0,1,0,0,0,0,0,0,0
9453.548075,0,0,0,1,0,0,0,1,0
9459.640420,0,1,0,1,0,0,0,0,0
9466.111361,1,0,1,0,0,1,0,0,0
9473.534588,0,1,0,1,0,1,0,0,0
9479.045986,1,0,1,1,0,0,1,1,0
9482.885554,0,1,1,1,1,1,0,1,0
9488.177632,0,1,0,0,0,1,1,0,0
9497.552694,0,0,1,0,1,0,1,1,1
9497.788413,1,1,1,1,1,0,0,0,1
9500.663905,0,0,0,0,0,1,1,0,1
9505.895960,0,0,1,1,1,1,0,0,0
9507.285710,0,1,0,0,1,0,1,1,1
9510.447085,1,0,0,1,0,0,1,0,0
9519.613835,0,0,0,0,1,0,0,0,0
9525.764848,1,1,1,0,1,1,1,1,0
9528.938436,1,0,0,0,1,1,1,1,1
9534.200104,1,0,1,1,0,1,1,1,1
9535.430679,0,0,1,1,1,1,0,0,0
9542.826204,1,1,0,1,0,1,1,1,0
9543.185658,0,1,0,1,0,0,1,0,0
9552.654890,0,0,0,1,1,0,1,0,0
9557.289208,0,1,1,1,0,0,0,1,1
9560.320208,1,0,1,1,0,1,0,1,1
9566.514618,0,1,0,0,1,0,1,1,0
9568.373623,1,0,1,0,1,0,0,1,0
9575.770050,0,0,1,0,0,1,1,1,1
9578.758488,0,0,1,0,0,1,0,0,1
9579.567790,1,0,1,0,0,0,0,1,0
9586.147463,0,0,0,0,0,1,0,0,0
9589.788223,0,1,0,0,0,0,1,1,1
9590.580511,0,0,0,0,0,1,1,1,0
9600.450654,1,0,0,1,0,0,1,1,1
9600.451654,1,0,0,0,0,1,1,1,0
9604.639151,1,0,0,0,0,0,1,0,1
9612.103971,1,0,0,1,0,1,0,0,1
9618.968396,0,0,0,1,0,0,1,1,0
9625.284554,1,0,0,0,1,1,1,0,0
9626.731193,0,0,1,0,1,1,1,0,1
9629.231943,0,1,1,1,0,1,0,0,1
9634.673299,1,0,1,1,0,0,0,0,0
9637.967526,0,1,0,0,0,1,1,0,0
9637.968526,0,1,0,0,1,1,0,1,1
9641.434963,0,0,0,0,1,0,1,1,0
9641.630634,0,1,1,0,1,0,0,0,1
9646.570607,1,1,1,0,0,1,0,0,1
9651.405295,0,0,0,1,0,0,1,0,0
9652.015990,1,0,0,0,1,0,1,0,1
9661.806220,0,1,1,0,0,1,0,0,0
9670.139720,0,0,1,0,1,1,1,0,1
9673.546177,1,1,0,1,0,1,0,1,1
9678.931254,1,0,0,0,1,1,1,0,0
9688.454164,1,1,0,0,1,0,0,0,0
9690.936844,1,1,0,0,0,0,1,1,0
9692.333368,0,0,1,0,0,0,1,1,1
9695.088435,1,1,1,1,0,0,0,0,0
9696.092470,1,1,0,0,0,0,0,0,1
9698.648625,1,0,1,0,1,0,0,0,0
9701.064968,0,1,0,1,0,1,0,1,1
9701.988385,0,0,1,0,1,0,0,1,1
9706.214314,0,0,0,1,1,1,0,1,1
9712.112515,0,1,1,0,1,0,1,1,1
9715.030749,1,0,1,1,1,0,1,1,0
9723.545749,1,1,1,1,1,1,0,1,0
9724.679114,1,0,1,0,1,0,0,1,0
9732.677150,0,1,1,1,0,0,1,1,0
9734.494577,0,1,1,1,0,1,0,0,0
9743.548005,0,1,1,1,0,1,0,1,0
9749.846718,0,1,1,0,0,1,1,1,1
9751.588837,1,1,1,1,1,1,0,0,0
9753.993158,1,0,1,0,1,1,0,0,0
9761.405361,1,1,1,1,0,1,1,1,0
9766.526775,0,0,0,1,1,0,0,1,1
9774.882421,1,1,1,0,0,1,1,0,0
9782.277048,0,1,1,1,1,0,0,1,1
9786.099094,1,0,1,1,0,0,0,1,0
9791.775801,0,0,0,1,0,1,1,1,0
9794.457880,1,1,0,0,0,1,1,1,1
9802.646072,0,0,1,1,1,0,1,0,0
9809.044643,0,1,1,0,1,1,0,1,0
9812.251205,1,0,0,1,1,0,0,0,1
9812.543891,1,1,1,1,0,0,0,0,1
9820.385016,0,1,0,0,0,1,0,0,0
9829.967666,0,1,1,0,0,0,1,0,0
9838.997614,0,0,1,1,1,1,1,0,0
9839.374790,1,0,1,1,0,0,1,1,0
9846.847570,0,0,1,1,1,1,1,1,1
9849.906116,0,1,0,1,1,0,0,1,1
9855.234452,1,0,0,0,1,1,0,0,0
9858.099487,1,1,1,0,0,1,1,1,0
9861.526357,1,0,1,1,1,1,1,0,1
9866.741889,1,0,1,0,0,0,1,1,1
9869.218166,1,1,0,1,1,1,0,1,1
9873.359188,1,1,1,1,0,1,1,1,0
9879.932248,1,0,1,1,1,1,1,1,0
9884.253057,1,0,0,0,1,0,0,0,0
9885.264409,1,0,0,1,0,1,0,0,1
9886.259628,0,1,1,0,0,0,1,1,1
9893.827439,1,0,1,1,0,1,0,1,0
9897.947628,1,1,0,1,1,1,0,0,0
9907.413458,1,0,0,0,1,0,1,0,0
9914.767619,1,1,0,0,0,0,0,1,0
9917.474230,1,1,0,0,1,0,1,1,1
9918.420018,1,1,1,0,0,1,1,1,1
9919.801088,1,1,1,1,1,1,1,0,0
9921.224360,1,0,1,0,1,0,1,1,1
9930.266880,0,1,1,0,1,0,0,0,0
9932.124837,0,0,0,0,1,0,1,0,1
9939.866998,1,1,0,0,1,1,1,1,1
9945.601974,0,0,1,0,1,1,0,1,0
9955.149189,1,0,0,1,1,0,0,1,1
9959.351789,0,1,1,1,1,0,0,0,0
9961.819832,1,1,1,1,0,0,1,0,1
9965.087172,0,1,0,0,0,0,0,1,1
9965.236305,0,1,1,0,0,1,0,1,1
9975.121374,0,1,1,0,0,0,0,0,0
9983.073797,0,1,0,0,1,0,1,0,0
9986.401929,1,1,0,1,1,1,0,1,0
9987.015425,0,1,0,0,1,1,0,0,1
9996.794859,1,1,1,0,1,0,1,0,1
9997.714752,1,1,1,1,1,1,1,1,1
