t,finish1,finish2,finish3,release1,release2,release3,start1,start2,start3
8.098237,1,0,0,1,1,1,1,0,0
13.249910,1,0,1,1,0,1,1,0,1
19.386660,0,0,0,0,0,1,0,1,1
22.276260,0,1,0,1,0,1,1,0,0
24.699698,0,1,1,1,1,1,0,1,0
25.925065,1,0,0,1,1,0,1,0,1
35.064686,0,0,0,0,0,1,0,0,0
43.716995,1,0,1,1,0,1,0,0,0
45.869678,0,0,1,1,0,1,1,0,1
50.123586,0,0,1,1,0,1,1,1,1
59.714144,0,0,0,0,1,1,1,0,0
68.966018,0,0,0,0,0,0,1,1,1
70.887730,1,0,1,1,0,1,0,0,0
71.738645,1,0,0,0,1,0,0,0,1
76.216809,0,1,0,1,1,1,1,0,0
78.706039,1,1,1,0,1,0,0,1,0
80.221546,0,0,0,1,0,0,1,1,0
85.928994,1,0,0,0,0,0,1,0,0
95.740334,1,1,0,1,1,1,1,1,1
98.610400,1,0,1,1,1,0,1,0,0
107.345220,1,0,1,0,1,1,0,0,1
107.346220,0,0,0,1,1,0,0,0,0
107.366826,0,0,0,0,0,1,1,1,1
114.425944,1,1,1,1,1,1,0,0,1
124.116583,1,1,1,1,1,1,0,1,1
130.142621,1,1,0,1,0,1,1,0,1
130.948980,0,0,1,0,0,0,1,1,0
140.608226,0,1,1,1,1,0,0,1,1
145.465883,1,1,1,0,1,0,0,1,0
148.007169,1,0,1,0,1,1,1,0,1
154.296697,1,1,0,0,0,0,1,1,1
159.544986,1,1,1,0,0,1,0,0,1
160.318636,0,1,1,1,1,0,1,0,1
164.944724,0,1,1,1,1,0,1,1,1
174.689647,0,0,1,0,0,1,0,1,0
177.124730,0,0,0,1,0,1,0,0,0
184.512378,1,0,0,1,0,1,1,1,1
189.497140,0,0,0,0,0,0,1,0,0
190.908256,0,1,0,0,0,1,0,1,1
196.338400,0,1,1,1,0,0,1,1,0
201.653995,0,1,0,1,1,0,0,0,0
207.591901,1,0,1,1,1,0,1,0,1
209.319113,1,0,0,0,0,0,0,0,0
216.679783,0,1,1,1,1,1,1,1,1
221.055345,0,1,1,1,0,1,0,0,0
230.722045,1,0,1,1,0,0,0,1,1
234.050957,0,1,0,0,1,0,0,0,1
239.909239,1,1,1,1,1,1,0,1,0
242.625732,0,0,0,1,0,1,0,0,1
242.865839,1,0,0,1,1,0,0,1,1
251.199339,0,0,0,0,0,0,1,1,0
256.422369,1,0,0,1,0,0,1,0,1
263.477748,1,1,1,1,1,1,1,0,1
272.552309,0,0,1,0,1,1,1,0,1
282.173373,1,1,0,0,1,1,1,1,1
284.454145,1,0,0,1,1,1,0,0,0
289.654625,1,1,0,1,1,1,1,1,0
297.841205,0,0,1,1,0,0,0,1,0
299.467042,0,0,1,0,0,1,0,0,1
300.077737,1,1,0,1,1,1,0,0,1
300.167855,1,0,1,1,1,0,1,0,0
300.675561,1,0,1,0,1,1,1,1,1
300.906183,0,0,0,1,0,1,0,1,0
310.626360,1,0,1,1,0,1,0,1,1
314.312084,0,0,0,1,1,0,0,0,0
323.891958,1,1,1,1,1,1,1,0,0
330.691441,1,0,1,1,0,0,1,0,0
338.401251,1,0,1,1,1,0,1,1,1
343.918941,1,1,1,1,1,1,1,0,1
350.325550,1,1,0,0,1,1,1,0,0
354.680419,1,1,0,1,1,0,1,0,1
360.177053,1,0,1,1,1,1,1,1,1
366.756342,1,1,1,0,1,1,1,1,1
374.955575,1,0,1,0,1,0,1,1,1
374.956575,1,0,0,1,1,1,1,0,0
378.000269,0,0,1,0,1,0,1,1,1
383.178056,1,0,0,0,1,1,0,1,1
391.985282,1,0,0,0,0,1,1,0,1
394.039369,0,0,0,1,0,0,1,1,1
400.978450,1,1,0,0,0,0,1,1,0
407.261544,1,0,0,0,0,1,1,1,0
410.131110,1,0,0,1,1,0,0,0,1
417.532500,1,0,0,1,1,0,1,0,0
426.701484,1,0,0,1,1,1,1,1,0
432.692223,1,1,1,0,0,1,1,0,1
442.366169,0,0,1,0,0,1,1,1,1
447.209452,1,1,1,1,0,1,1,0,1
448.857219,0,0,1,1,0,1,0,0,1
450.414950,1,1,1,0,1,0,1,1,0
454.733936,1,1,1,1,1,0,1,0,0
461.768453,0,0,0,0,1,0,0,0,0
469.687147,1,1,1,1,0,0,0,0,1
477.334442,0,1,0,1,0,0,1,1,0
485.186157,1,0,0,1,1,1,1,0,0
490.829975,1,0,1,1,0,1,0,1,1
491.612147,1,0,1,1,0,1,1,0,1
491.634697,0,0,0,0,0,1,0,1,1
501.149897,0,0,1,1,1,1,1,1,1
509.196967,0,0,1,1,0,1,0,1,0
513.186172,1,1,1,0,0,1,0,0,0
514.649989,0,1,0,0,1,1,0,1,0
523.567295,0,0,0,1,1,0,0,0,1
530.130138,0,1,0,1,1,1,0,0,0
539.947786,0,0,0,1,1,0,1,0,0
541.734321,1,1,0,1,0,0,0,1,1
542.781728,1,0,0,0,1,0,1,1,0
546.410838,0,0,1,0,1,0,0,1,0
548.383137,1,1,0,1,1,1,1,0,1
553.307503,0,1,1,1,0,1,0,0,1
558.365031,0,0,0,0,0,1,0,0,1
562.876218,0,1,1,1,0,1,1,1,0
570.646712,1,0,0,1,1,1,1,1,1
574.011716,1,0,0,0,0,0,1,0,0
580.269952,1,1,0,0,0,0,1,0,0
587.775532,0,1,1,1,1,0,1,1,0
593.490246,1,1,0,0,0,1,0,1,1
594.526385,1,0,0,1,0,1,0,0,1
602.715799,0,1,0,1,0,0,0,1,0
605.396487,0,0,1,1,0,0,0,0,1
607.283842,1,0,1,0,1,1,1,1,0
607.284842,0,1,1,0,0,0,0,1,0
611.563192,0,1,1,0,0,0,1,0,1
620.379100,1,0,0,0,1,1,1,0,0
620.754394,0,1,1,0,1,1,1,1,1
624.352667,0,0,0,1,1,0,1,1,1
627.912135,1,1,0,0,1,1,1,1,1
637.021135,1,1,1,0,0,1,0,1,1
640.771760,0,0,0,0,0,1,1,0,1
641.026972,1,0,0,1,0,0,0,1,1
648.164663,0,1,1,0,1,0,1,1,0
654.728792,1,1,1,0,1,1,0,0,1
661.526942,0,0,1,0,1,0,0,1,0
669.820164,1,0,0,0,1,1,1,0,0
674.168555,1,1,0,1,1,0,0,0,1
683.896679,1,0,1,0,1,1,1,1,0
687.249779,0,1,0,0,1,1,0,0,1
689.970507,1,1,1,1,1,1,1,0,1
692.033558,1,1,0,0,0,0,0,1,0
699.227514,1,1,1,1,1,0,1,1,0
703.727186,1,0,0,1,0,0,1,0,0
710.208761,1,0,1,1,0,1,1,0,1
710.990694,1,0,1,1,1,0,1,1,0
712.995170,1,0,0,1,1,1,1,0,1
715.680112,0,1,1,1,0,0,0,1,0
720.829112,0,1,1,0,1,0,0,0,1
726.619007,0,1,0,1,0,0,1,1,1
730.278732,1,0,0,0,0,0,1,1,1
733.345627,1,0,0,0,1,0,0,1,0
739.495438,1,0,1,1,1,0,1,1,1
743.501843,0,0,1,1,0,1,0,1,0
746.247666,0,1,1,1,0,0,1,0,1
750.859970,1,1,0,1,1,1,0,1,0
756.674782,0,0,0,1,0,1,0,0,1
765.774985,0,0,0,1,1,0,1,1,0
773.861168,0,0,0,1,0,0,1,1,1
780.118041,0,0,0,1,1,1,1,0,0
780.530160,0,1,1,1,1,0,1,0,0
786.568292,0,0,1,0,1,1,1,0,1
788.764195,0,1,0,1,1,0,0,0,0
791.608048,1,0,1,0,0,1,1,1,1
794.425667,1,1,0,0,1,1,1,0,0
799.268950,0,1,0,1,0,1,0,0,1
804.181397,0,0,1,1,0,1,1,0,1
812.548907,0,0,0,1,0,1,0,0,1
819.467644,0,0,1,0,0,0,0,0,0
824.823222,0,1,1,1,0,1,1,0,1
834.038629,1,1,0,0,1,0,0,1,0
835.166277,0,1,1,0,0,0,1,1,1
838.092242,1,0,0,1,1,1,0,0,0
843.512055,0,1,1,1,1,0,1,0,0
849.486484,0,1,1,0,1,1,0,0,0
857.709553,1,0,1,1,0,0,1,1,1
866.443585,1,1,1,1,1,0,0,0,1
871.898585,1,0,1,0,0,0,0,0,0
877.415162,0,0,1,1,0,1,0,1,1
886.887356,0,0,0,1,0,0,1,1,1
890.801008,1,0,1,1,0,1,0,1,0
893.301758,0,0,0,0,0,1,1,1,0
899.396425,0,0,1,0,0,0,0,1,1
907.059380,1,1,0,0,0,1,0,1,1
911.509999,0,0,1,0,1,1,1,0,1
913.929205,1,0,1,1,0,1,1,1,0
922.528784,1,1,0,0,1,1,0,0,1
926.408570,0,0,0,0,0,1,1,0,0
930.969231,1,0,0,1,0,1,1,0,1
935.731660,1,1,0,0,1,1,1,1,0
940.309589,1,1,1,1,1,0,1,0,1
946.180538,0,1,1,0,0,1,1,1,1
954.663897,0,1,1,0,0,0,1,0,0
962.687350,0,0,1,1,1,0,1,1,1
964.064731,0,0,0,1,1,1,0,1,0
971.378019,1,0,1,1,0,1,0,0,0
973.176592,0,1,0,1,0,0,1,1,1
979.271657,0,1,0,1,0,0,0,0,0
988.665657,1,0,0,0,0,1,1,0,0
993.365980,0,1,1,0,1,0,1,0,1
1001.211384,1,1,0,1,1,0,0,1,0
1003.740866,1,0,0,0,1,0,1,0,1
1013.419953,0,0,1,0,0,1,1,0,0
1018.602916,0,0,1,1,0,0,1,1,0
1023.025161,1,0,1,1,0,0,0,1,0
1032.570661,0,0,1,0,1,0,1,1,0
1033.380403,1,0,0,1,0,0,1,1,0
1034.487850,0,1,0,0,1,1,0,0,1
1039.600584,1,1,0,0,1,0,0,0,1
1048.733863,1,1,0,1,1,0,1,0,1
1052.454770,1,0,1,0,0,1,0,0,0
1062.389275,1,1,1,1,1,0,0,0,0
1068.354868,0,1,1,0,1,1,1,1,1
1074.802945,0,0,0,1,1,1,0,1,0
1078.030895,1,1,0,0,1,1,1,0,0
1084.031295,0,1,0,0,0,1,0,1,1
1087.999208,1,1,0,1,0,0,1,0,1
1094.771865,0,0,1,1,1,1,1,1,1
1099.458744,1,1,1,1,1,0,1,0,1
1105.827528,1,0,1,1,1,1,1,0,0
1107.542642,1,0,1,1,0,1,1,1,1
1113.581999,0,1,1,1,0,1,1,1,0
1114.531358,1,0,0,1,1,1,1,1,1
1123.726841,1,1,1,1,1,1,1,1,0
1129.119226,0,0,0,1,1,0,0,0,0
1139.083258,0,0,1,1,1,1,0,0,1
1143.298580,1,1,1,0,0,1,0,1,1
1147.595671,1,0,0,0,0,0,1,0,1
1156.250978,0,1,1,1,0,0,1,0,0
1160.910266,0,1,1,1,1,1,0,1,0
1170.211970,1,0,0,0,0,0,1,1,0
1171.389323,0,1,0,0,0,1,0,1,0
1172.148048,0,0,0,1,0,1,0,0,0
1175.820556,0,1,1,0,0,0,1,1,0
1184.939525,0,0,1,1,1,1,0,1,0
1189.377951,0,0,0,1,0,0,1,0,1
1189.378951,0,1,1,1,0,1,1,1,1
1190.095061,1,0,0,1,1,1,0,0,1
1191.197401,0,1,1,0,1,1,0,0,1
1200.288401,1,0,1,1,0,0,1,1,0
1208.280569,0,1,0,0,0,0,1,0,1
1215.477819,0,1,0,0,0,0,1,1,1
1225.081990,1,0,1,1,1,1,0,0,0
1229.274300,0,1,1,0,1,0,0,1,0
1232.955975,1,0,1,0,1,0,1,1,1
1239.692594,1,1,1,0,0,1,0,0,0
1244.362730,0,0,1,1,1,1,0,1,0
1250.017562,1,0,0,0,0,1,1,1,1
1253.736138,0,1,0,1,1,0,1,1,0
1254.325315,1,0,1,0,0,1,0,1,1
1264.161665,1,0,0,1,0,0,0,0,1
1273.029703,1,0,1,1,0,0,0,0,1
1280.546912,1,1,0,1,1,1,0,0,1
1282.947672,1,1,1,1,0,1,1,1,0
1289.729110,0,0,1,0,1,0,1,0,0
1292.533568,1,1,1,0,0,0,1,1,0
1294.510721,1,0,1,1,1,0,0,1,0
1300.284525,0,0,1,0,0,0,1,1,1
1307.076290,1,1,1,1,1,0,1,1,1
1307.077290,1,0,0,0,1,1,1,0,0
1307.633790,1,1,0,1,1,0,0,0,0
1313.090743,1,0,1,1,1,1,1,1,1
1318.805457,0,0,0,1,0,1,0,0,0
1321.865362,0,0,1,0,0,1,0,0,1
1326.814143,1,0,0,0,1,1,1,1,0
1336.284160,0,1,0,0,0,1,0,1,0
1339.209969,0,0,1,0,1,1,1,1,1
1344.719400,1,0,0,1,0,0,1,0,0
1349.053300,0,0,0,0,1,1,0,0,1
1351.824768,1,1,1,0,0,0,1,0,0
1358.610804,0,1,0,1,1,0,1,1,1
1358.611804,0,1,0,1,1,1,0,1,0
1359.028347,1,1,1,0,1,1,1,1,0
1365.877402,0,0,0,0,0,0,0,1,0
1371.142893,1,1,1,1,0,1,1,0,1
1378.507173,0,1,0,0,0,0,0,1,0
1381.439557,1,0,0,1,0,0,1,0,1
1384.628644,1,0,0,1,1,1,1,0,0
1391.367005,0,0,0,1,1,1,1,1,0
1392.681268,1,0,1,1,0,1,0,1,0
1402.175959,1,1,0,0,1,0,0,1,1
1406.946403,0,0,0,1,1,1,0,0,1
1412.389716,1,0,0,1,1,0,1,1,0
1412.579972,1,0,1,0,1,0,1,0,0
1419.311068,0,0,1,1,1,0,0,0,1
1427.146782,0,1,0,0,1,0,1,0,0
1430.158234,0,0,0,1,1,1,1,1,0
1431.986462,1,0,0,0,0,0,1,1,0
1433.351667,0,1,0,1,1,0,1,0,0
1437.635946,0,0,0,0,0,0,0,1,1
1441.484729,0,1,1,1,1,1,0,1,1
1447.848729,0,0,0,1,1,0,0,1,0
1452.411164,1,1,0,1,1,1,1,1,0
1458.305615,1,1,1,1,0,0,0,1,0
1458.438180,1,1,1,1,1,0,1,1,1
1468.372484,0,0,0,0,0,1,0,1,0
1477.813801,0,1,0,1,0,1,1,1,1
1479.297170,1,1,1,0,1,0,1,1,0
1485.280477,0,1,0,0,0,0,0,1,1
1491.814157,0,1,1,0,0,1,1,1,1
1493.304804,1,0,1,1,1,0,0,0,1
1494.074958,0,0,0,0,0,0,0,0,1
1498.035676,1,1,1,1,0,0,0,0,0
1498.234118,1,1,0,1,1,1,0,1,0
1503.310598,1,0,0,0,0,1,0,0,0
1505.547024,1,1,0,1,0,0,0,1,0
1509.202277,0,0,0,1,0,0,1,0,1
1517.310574,1,0,1,1,0,1,0,0,1
1521.674774,1,0,0,0,0,0,1,0,1
1527.582964,0,1,1,0,1,0,0,0,1
1532.767948,0,0,0,1,0,0,1,1,1
1533.139281,1,0,0,1,1,0,1,0,1
1533.313875,1,0,0,0,0,0,1,1,0
1542.296661,0,0,0,0,1,1,1,1,0
1545.582004,1,0,1,0,0,0,0,0,0
1550.943579,0,1,1,0,1,0,0,1,1
1553.653471,1,0,0,0,0,0,1,1,0
1554.487721,1,1,1,1,1,1,0,1,1
1557.417721,0,1,0,0,0,0,1,0,1
1565.861585,0,1,0,0,1,0,1,1,0
1568.567333,0,1,1,1,1,0,0,0,1
1569.142988,1,1,1,1,1,1,0,1,0
1576.330770,0,1,0,1,0,1,0,0,0
1585.087956,1,0,1,0,1,1,0,1,1
1595.042916,1,1,1,0,1,0,0,1,1
1600.854472,0,1,0,0,1,0,0,1,0
1609.956558,1,0,1,0,1,0,1,1,0
1613.434334,1,0,1,0,0,1,0,0,0
1615.086259,1,1,1,1,1,1,0,1,0
1618.182188,1,0,1,0,1,0,0,0,1
1622.422764,1,1,1,0,0,1,1,1,1
1630.092680,0,1,1,1,0,1,0,0,1
1631.798531,0,0,1,1,1,1,0,1,1
1641.141512,0,0,1,0,0,1,0,0,1
1648.169673,1,1,0,1,0,1,0,0,1
1656.558210,1,1,0,0,0,0,1,0,1
1665.769556,0,0,1,0,0,0,1,0,1
1669.001567,1,1,0,0,0,1,1,0,1
1673.002167,1,0,0,1,1,0,0,1,1
1673.777809,1,0,1,0,0,1,1,1,0
1674.275919,1,0,0,0,0,0,1,0,0
1677.069305,0,1,1,1,1,0,0,0,0
1679.226952,1,0,0,0,0,0,1,0,1
1681.031453,0,1,1,1,0,1,0,0,1
1690.597153,0,1,1,1,1,1,1,0,0
1694.871810,1,0,1,0,1,1,1,0,1
1701.492357,0,1,0,0,1,1,0,1,0
1703.642552,1,0,0,0,1,0,1,1,1
1710.164639,1,1,0,0,1,1,1,0,0
1715.648961,0,0,1,1,1,0,1,1,0
1724.201487,0,0,1,0,1,1,0,1,0
1728.306554,1,1,0,1,0,1,0,1,0
1728.859223,0,1,0,0,0,0,0,0,0
1732.134455,1,1,1,1,0,0,0,0,1
1736.697211,0,0,0,0,0,1,1,0,0
1743.140865,1,1,0,1,0,0,0,1,0
1745.106326,0,1,0,1,1,0,1,1,1
1748.577010,1,0,0,1,0,0,1,0,1
1757.937074,1,1,1,1,1,0,0,1,0
1761.687699,0,1,1,0,0,0,1,1,1
1766.777158,1,0,0,0,0,1,1,0,0
1771.502961,0,1,1,0,0,0,1,0,0
1780.903942,1,1,1,0,1,0,0,0,1
1785.581894,0,0,1,1,1,0,0,0,1
1790.629708,1,1,1,1,1,0,0,0,1
1790.630708,1,1,0,0,1,1,1,0,1
1798.949964,0,0,0,0,0,1,1,1,0
1803.709109,1,0,1,1,1,1,0,1,1
1811.506532,0,0,1,0,0,1,0,0,0
1814.663061,0,0,0,0,1,0,1,0,0
1823.048315,1,0,1,1,1,1,1,0,1
1826.921211,0,0,0,1,0,1,1,0,1
1833.367349,1,0,1,1,0,1,0,1,1
1839.637745,1,1,0,0,1,1,0,1,0
1840.942962,1,1,1,1,0,0,1,0,1
1847.641806,0,1,1,1,1,0,1,1,0
1849.110165,1,0,1,1,0,0,0,0,1
1856.537715,0,1,1,1,0,1,0,1,1
1865.179308,0,1,1,1,0,1,0,0,0
1873.243227,0,1,0,0,1,0,1,1,0
1881.888847,1,1,0,0,0,1,0,0,1
1887.409526,0,0,0,1,0,0,0,1,0
1892.304651,0,1,1,1,1,1,1,1,1
1897.105171,1,1,1,1,1,1,1,0,0
1902.848925,0,1,1,1,0,0,1,1,0
1906.976497,1,1,1,0,1,1,0,0,0
1910.419393,1,0,1,0,0,1,1,0,1
1919.466141,0,0,0,0,1,0,1,1,1
1921.099631,0,1,1,0,0,0,1,1,1
1925.414385,0,1,1,1,0,0,0,0,1
1932.996832,0,1,0,1,0,0,0,1,1
1933.867310,1,1,0,1,1,1,1,0,1
1943.667330,1,1,1,0,1,1,1,1,1
1947.335389,1,0,1,1,1,1,0,1,0
1947.878418,1,1,1,0,0,1,1,1,0
1954.149977,0,1,1,0,0,1,0,1,0
1956.163555,0,1,0,0,0,1,0,1,0
1956.203614,0,1,0,0,0,1,1,0,0
1959.067964,1,0,0,1,0,0,0,0,0
1962.488817,1,1,1,0,1,0,1,0,1
1971.327984,1,1,0,1,0,1,1,1,1
1975.520250,1,0,0,0,1,1,0,0,1
1981.254943,0,0,1,1,1,1,0,1,1
1990.892740,1,1,0,0,1,0,1,0,0
1994.078606,0,1,1,0,0,1,0,0,0
1995.314350,1,0,0,0,1,0,0,0,0
1996.390872,0,0,1,1,1,0,0,1,0
1999.538766,0,1,0,0,0,1,0,1,0
2006.205766,1,1,1,1,1,1,1,0,1
2006.595298,0,1,1,0,1,0,0,0,1
2008.139768,0,1,0,0,1,0,1,1,1
2015.359297,1,0,1,1,0,0,0,0,1
2017.026797,1,1,1,1,0,1,1,1,0
2026.700930,1,0,0,1,1,1,0,1,1
2031.611232,1,1,0,0,1,1,0,0,1
2036.156197,0,0,0,0,1,0,0,1,1
2039.338697,0,1,0,1,1,1,1,1,1
2048.984750,0,0,1,0,1,0,0,0,0
2049.496648,0,1,0,1,0,1,0,1,0
2053.849265,1,1,0,0,1,1,0,1,0
2054.153265,1,1,1,1,1,1,1,0,0
2062.917025,1,1,0,0,1,1,0,1,1
2069.413829,1,0,1,0,1,0,1,1,1
2074.314561,1,0,0,1,1,1,0,0,1
2076.315361,1,1,0,1,1,0,1,1,1
2080.315961,0,1,1,0,1,0,1,0,0
2082.142266,1,1,1,1,0,1,0,0,0
2090.398254,0,1,0,0,1,0,1,0,1
2096.289318,0,0,0,1,1,0,1,1,0
2099.462414,0,1,1,0,0,0,0,0,1
2109.321583,0,0,1,1,1,0,1,0,1
2115.669775,0,0,1,0,0,0,0,0,1
2122.675422,0,0,1,0,1,0,1,1,0
2122.676422,0,0,1,1,0,0,1,1,1
2126.307422,0,1,1,0,0,0,1,1,0
2132.426231,1,0,0,0,0,1,0,1,0
2133.286520,0,1,0,1,1,1,1,1,1
2135.377475,1,1,0,1,1,0,1,1,1
2140.203574,1,0,0,0,0,1,1,0,1
2140.204574,0,1,0,1,1,1,0,0,0
2142.240768,1,1,1,0,1,1,0,0,0
2144.834102,0,1,1,1,1,0,0,0,0
2152.048203,1,1,1,1,1,0,1,0,0
2155.859112,1,0,1,1,1,0,0,0,1
2159.404061,1,1,1,0,1,1,0,0,1
2160.554140,0,1,1,1,1,1,0,1,1
2168.220221,0,0,1,1,0,0,1,0,0
2172.220821,0,0,1,1,0,0,0,1,0
2182.203431,0,1,1,1,0,0,0,1,1
2189.799011,0,0,0,1,0,0,0,1,0
2199.036986,0,0,1,1,0,1,0,1,1
2206.791504,0,0,0,0,0,1,0,0,1
2211.224295,1,1,0,0,0,0,0,1,0
2215.155538,0,0,1,1,0,1,1,0,1
2219.965217,0,1,1,1,1,0,0,0,0
2224.059214,0,1,0,1,0,0,0,1,0
2230.546052,0,0,0,0,0,1,1,1,0
2239.927557,1,0,0,0,1,0,1,0,1
2244.117794,1,1,0,1,0,0,0,0,0
2253.117894,1,1,0,1,1,0,1,1,0
2255.970460,1,0,1,0,0,1,1,1,0
2259.880383,1,1,1,0,0,1,0,1,1
2260.116654,1,0,0,1,1,1,0,0,1
2262.302309,0,0,1,0,1,1,0,0,1
2270.342706,0,0,0,0,0,0,1,1,0
2276.550599,1,1,1,1,1,1,1,0,0
2282.404672,0,1,0,0,0,1,1,1,0
2285.713612,1,1,0,0,1,0,0,1,1
2290.305348,0,1,1,1,0,1,0,0,1
2299.999256,1,1,0,1,1,0,0,1,1
2308.968431,0,0,1,0,0,0,0,1,1
2309.192306,0,0,1,1,0,0,1,0,0
2316.775881,0,1,0,1,0,1,0,1,0
2321.023032,0,0,0,0,0,0,0,1,0
2322.873162,1,1,0,1,0,1,0,0,0
2332.659407,0,1,0,1,0,0,1,0,0
2338.776518,0,1,0,1,0,0,0,0,1
2339.101913,0,0,1,0,0,0,0,0,0
2341.606980,0,1,0,1,0,0,1,1,0
2350.282834,1,0,1,0,1,0,0,0,0
2357.847548,1,0,1,1,1,1,0,0,1
2366.635234,1,0,0,1,0,0,1,1,0
2368.350984,0,1,0,1,1,1,0,0,0
2375.146589,1,1,0,0,1,0,1,0,1
2385.018397,1,1,0,0,0,0,0,0,1
2388.025169,1,0,0,0,1,1,0,0,0
2395.674214,0,1,0,1,0,1,1,0,1
2402.974187,0,0,1,1,0,0,1,0,1
2405.579755,1,1,0,1,1,0,1,0,0
2415.180734,0,0,1,0,0,1,0,0,0
2419.433277,1,1,1,1,0,0,1,1,0
2421.214587,1,0,0,0,0,0,0,0,1
2427.128974,0,1,0,1,1,1,0,0,0
2436.771867,1,1,0,0,0,1,1,1,0
2440.105867,1,1,1,1,1,1,0,0,1
2446.572084,1,0,1,0,0,0,1,1,1
2455.477127,0,0,1,0,0,1,1,1,0
2456.916155,0,1,0,0,0,1,0,1,0
2458.352306,1,0,0,1,1,0,0,0,0
2466.976673,0,0,0,0,0,0,0,1,0
2467.288926,1,1,1,1,0,0,0,1,0
2468.975990,0,0,1,0,0,1,0,0,1
2477.060014,0,0,0,1,1,1,1,1,0
2485.115469,0,1,0,0,0,1,0,0,1
2488.503554,1,0,1,0,0,1,1,0,1
2497.563054,1,1,0,0,1,0,1,0,0
2500.104073,0,1,0,0,1,0,1,0,0
2504.854598,1,1,1,0,0,1,1,1,1
2512.047861,0,0,0,1,1,0,1,0,1
2515.218970,1,1,0,1,0,1,1,1,1
2523.988324,1,1,1,1,0,1,0,1,1
2524.461253,0,0,0,0,1,1,0,1,0
2532.828763,1,1,0,1,1,0,0,1,1
2540.677080,0,1,1,0,0,1,0,1,0
2549.288818,0,1,0,1,0,1,1,0,1
2557.808007,1,0,1,0,0,1,1,1,0
2564.825849,0,1,1,0,0,1,1,0,0
2567.359233,0,1,1,0,1,1,0,0,0
2572.189379,1,1,1,0,0,0,0,1,1
2578.568342,1,1,1,0,1,1,0,1,1
2581.309809,0,0,0,0,1,0,0,0,1
2582.787934,1,1,1,1,0,1,1,1,1
2586.948131,0,1,1,1,0,0,0,1,1
2590.788953,0,0,0,1,1,0,1,1,1
2598.740503,0,1,1,0,1,1,0,1,0
2599.499003,0,1,1,1,0,1,1,0,1
2605.370234,0,1,1,1,1,0,1,1,0
2612.431932,0,0,0,1,1,0,1,0,1
2616.676050,1,0,1,1,0,0,0,0,0
2626.310495,0,1,0,1,0,1,0,1,1
2632.542326,0,0,0,0,1,0,0,0,0
2639.423994,0,0,1,1,1,0,0,1,1
2648.080255,1,0,1,1,1,0,0,1,0
2652.541961,0,0,0,1,1,1,0,1,1
2658.689136,0,0,0,0,1,1,1,0,0
2661.268275,0,1,1,0,0,0,0,0,0
2668.627030,1,0,1,0,0,0,0,0,1
2677.218080,1,0,0,1,0,1,0,0,0
2681.671279,1,1,1,0,0,1,1,0,1
2689.936759,0,0,1,1,1,1,1,0,0
2693.910576,0,1,1,0,0,0,0,0,1
2703.592811,0,0,0,1,1,1,0,0,1
2710.101970,1,1,0,1,1,1,1,1,0
2712.344126,1,0,0,0,0,0,0,0,1
2712.527637,0,0,0,1,1,1,0,0,0
2717.901234,1,0,1,1,1,1,1,1,1
2725.044377,1,1,1,1,1,0,0,0,1
2734.151788,1,0,0,1,0,1,1,1,0
2735.318704,1,1,0,1,0,0,0,0,1
2739.542389,0,0,0,1,0,0,1,1,1
2739.893673,1,0,1,1,1,0,0,0,0
2742.261103,1,1,0,0,1,1,1,0,1
2742.625703,0,0,1,1,1,0,0,0,0
2750.470441,0,1,0,0,0,1,1,1,0
2754.066587,1,0,0,0,0,1,1,1,1
2758.407087,0,1,1,1,1,1,0,1,1
2766.740587,1,0,1,0,1,0,1,0,0
2768.640132,0,0,0,0,1,1,0,1,0
2773.091981,1,0,1,1,1,0,0,0,1
2773.704031,1,1,1,0,0,0,1,1,0
2778.643562,0,0,1,0,1,1,1,1,1
2781.891215,1,1,0,1,1,1,1,0,1
2782.066378,0,0,0,1,1,0,0,0,0
2788.285661,1,1,1,0,0,1,1,1,1
2789.110755,1,0,0,0,0,1,0,0,0
2796.573695,0,0,0,0,1,1,0,0,0
2799.040202,0,1,1,0,0,1,0,0,0
2802.463879,1,1,0,0,0,1,1,0,1
2809.843820,0,1,1,0,1,1,0,1,1
2818.656724,0,1,0,1,1,0,1,1,0
2826.255974,1,1,1,1,0,1,0,1,1
2833.140007,0,1,0,1,0,1,1,1,0
2842.683359,1,1,0,1,0,0,0,1,0
2849.287473,0,1,1,0,1,0,0,1,1
2853.605760,1,0,1,0,0,1,1,1,1
2854.164513,0,1,0,0,1,0,1,0,1
2861.800831,1,0,0,0,1,1,0,1,0
2871.556100,0,1,0,0,1,0,0,0,1
2873.234937,0,1,0,0,1,1,1,1,1
2875.671590,0,0,1,0,1,0,1,1,1
2876.823223,1,1,0,0,0,0,1,1,1
2881.463759,0,1,0,1,1,1,0,0,1
2886.576356,1,0,0,1,1,1,1,1,1
2896.284608,1,1,1,1,1,0,1,1,1
2901.947692,1,1,1,1,0,1,1,1,0
2909.666974,0,1,1,0,0,1,1,1,1
2913.946974,1,0,1,0,1,0,1,0,1
2917.328931,1,1,0,1,1,0,1,0,0
2922.280892,1,1,1,0,1,0,1,1,0
2928.086681,0,0,1,1,1,1,0,1,0
2928.222803,0,0,0,0,0,0,1,1,0
2933.410604,1,1,1,1,1,0,0,0,0
2933.974318,0,1,0,1,0,1,0,0,0
2940.574658,1,1,0,1,1,0,1,1,1
2941.379149,1,0,0,0,0,0,0,0,0
2950.018460,1,0,1,0,1,0,1,1,1
2957.640320,0,1,1,1,1,0,0,1,0
2960.744458,1,0,1,0,0,1,1,1,0
2966.242679,1,0,1,0,1,1,1,0,1
2971.726536,0,0,1,0,0,0,0,1,0
2981.603742,0,0,1,1,1,1,0,0,0
2981.647110,1,1,1,1,0,1,1,1,1
2982.099607,0,0,0,1,0,0,0,0,0
2987.029691,0,0,0,1,0,0,1,1,1
2992.467350,0,0,1,1,1,1,0,1,0
3002.005857,1,0,0,1,0,0,0,1,1
3008.132031,1,0,0,0,0,1,0,0,1
3016.438910,1,0,0,0,1,1,0,0,0
3018.208440,1,0,1,0,1,1,1,1,1
3021.820190,0,0,1,0,0,1,1,1,0
3030.273097,1,1,1,0,0,0,0,0,1
3037.046582,1,1,0,0,0,1,1,0,0
3038.374883,0,1,1,1,0,1,1,1,0
3045.366134,0,1,1,0,1,1,1,1,1
3049.404988,0,0,1,1,0,1,1,0,0
3051.663826,1,1,1,1,0,0,0,0,0
3056.800925,1,0,0,1,0,1,0,0,1
3063.987907,1,0,1,0,0,1,0,0,0
3073.319450,1,1,0,1,1,0,1,0,0
3082.992102,1,1,1,1,1,1,1,0,1
3084.723209,0,1,0,0,0,0,0,0,0
3089.621678,0,1,1,1,0,1,0,0,1
3091.281654,0,1,1,0,1,1,1,0,1
3100.472019,0,0,0,0,0,1,1,1,0
3101.275287,1,1,0,0,0,1,1,1,1
3102.264560,0,1,0,1,1,1,1,1,0
3107.494629,1,1,1,1,0,1,0,0,0
3116.383629,1,0,1,1,0,1,0,1,1
3125.669415,1,0,0,0,0,1,1,0,0
3132.331380,1,0,1,0,0,1,0,0,1
3137.673618,0,1,0,0,0,1,1,0,0
3140.109719,1,0,0,0,1,1,0,0,0
3140.110719,0,1,0,0,1,0,0,1,0
3149.151406,1,0,1,0,0,0,1,0,1
3152.603388,0,0,0,0,1,0,1,0,0
3156.316783,1,0,0,0,0,1,0,0,0
3164.496113,0,0,0,0,1,1,0,1,1
3165.079682,0,0,1,1,1,1,0,0,0
3173.614712,0,1,1,0,1,1,1,1,1
3178.820671,1,1,0,1,0,0,0,0,0
3180.833075,0,0,1,1,1,1,0,1,1
3187.748968,0,1,1,1,1,0,1,0,1
3195.253550,1,1,1,1,0,1,0,1,1
3197.173550,0,0,1,0,0,0,0,1,1
3200.788907,1,1,0,1,1,1,1,0,0
3206.478994,1,0,1,0,0,1,1,0,1
3213.274894,1,1,0,0,1,1,1,1,0
3216.897691,0,0,1,0,0,1,0,1,1
3218.498531,1,1,0,0,1,0,1,0,1
3223.974269,0,1,1,0,1,0,1,1,1
3230.715335,1,0,1,0,1,1,1,1,0
3237.962169,1,0,0,1,1,0,0,0,1
3247.357654,0,1,1,1,0,1,0,0,1
3247.358654,0,0,0,0,0,1,1,0,1
3256.247654,1,1,1,1,1,1,0,1,0
3261.890723,1,0,0,0,0,0,1,1,1
3266.340618,0,0,1,1,0,0,0,1,0
3271.197178,0,1,0,1,0,1,1,1,1
3280.655879,1,1,1,0,0,1,1,1,0
3282.095584,1,1,1,0,0,1,0,1,0
3283.806369,1,1,0,1,1,1,1,1,1
3284.947940,0,0,0,0,1,1,0,0,0
3289.837668,0,1,1,0,1,1,1,1,1
3299.004418,1,0,1,1,0,0,0,0,0
3304.469518,0,0,1,0,0,1,1,0,1
3310.268821,0,0,0,1,0,0,1,0,0
3312.503640,0,1,0,0,0,0,1,0,0
3316.561052,0,0,0,1,1,1,1,0,1
3320.585906,0,0,0,1,1,0,1,0,0
3327.544461,0,1,1,1,0,1,1,0,1
3331.616200,1,0,1,1,1,1,0,0,1
3336.528075,0,0,0,1,0,0,1,1,0
3336.793598,1,0,1,1,1,0,1,0,0
3340.220829,0,0,0,0,1,1,0,0,1
3349.366717,1,1,0,1,0,1,1,1,1
3355.565551,1,0,1,1,0,0,0,0,0
3360.566051,0,0,0,0,1,0,1,1,0
3365.059355,0,1,1,0,0,0,0,1,0
3366.449105,0,0,0,1,0,0,0,0,0
3367.599416,1,1,0,1,0,0,0,1,1
3372.351227,1,0,0,0,0,1,1,0,1
3381.217511,0,0,0,0,1,0,1,1,0
3385.688403,1,0,0,0,1,1,1,1,1
3393.541182,0,1,0,1,1,1,1,1,0
3397.258443,0,1,0,0,1,0,0,0,0
3404.531443,1,0,1,1,0,0,1,1,1
3413.024947,1,0,1,1,1,0,0,0,0
3416.663223,0,1,1,1,0,0,1,0,0
3423.456227,0,0,1,1,0,1,1,0,0
3432.183028,1,1,1,0,0,0,1,1,1
3433.940788,0,1,0,0,1,1,0,0,0
3437.734512,1,0,0,1,1,1,0,1,1
3437.954468,1,0,0,1,0,1,1,0,1
3446.325002,0,1,1,1,1,0,0,1,0
3454.038645,1,0,0,0,1,1,0,1,0
3455.684217,0,1,0,0,0,1,0,0,0
3463.066958,1,1,0,0,0,0,1,1,1
3464.575927,1,0,0,0,0,1,0,0,0
3470.401588,0,1,1,1,1,0,0,0,1
3471.274593,1,0,1,1,0,0,0,1,1
3473.748464,0,0,0,1,0,1,0,0,1
3482.510803,1,0,0,1,0,1,0,1,1
3491.092260,1,0,0,1,0,0,0,1,0
3493.357184,1,1,1,1,0,1,0,0,1
3498.215422,0,0,1,0,0,0,0,0,1
3501.966047,1,0,1,0,1,1,1,1,0
3504.346413,1,1,1,1,1,0,1,1,0
3510.404778,1,0,0,0,0,0,1,0,1
3518.549068,0,0,1,0,0,0,1,1,1
3521.471587,1,1,0,0,0,1,0,0,0
3525.060745,0,1,0,0,1,1,1,0,0
3533.015495,0,0,0,0,0,0,1,0,1
3537.796504,0,1,1,1,1,0,1,0,0
3539.143524,0,1,1,1,0,1,0,0,1
3540.061099,1,0,0,0,1,0,1,0,0
3543.776013,0,0,1,0,0,1,0,0,0
3553.634784,1,0,0,0,1,0,1,1,1
3558.174889,0,0,1,0,1,0,0,1,1
3562.696714,1,0,1,0,0,0,1,1,0
3571.210848,0,0,0,0,0,1,0,0,0
3572.659072,1,1,0,0,1,0,1,0,1
3577.760368,1,0,0,1,0,0,1,1,0
3582.100557,0,0,0,1,0,1,1,1,1
3590.796340,0,1,0,0,0,0,1,0,0
3591.558685,1,1,0,1,1,0,1,1,1
3599.058935,1,0,1,0,0,1,1,1,0
3600.769608,1,0,1,0,0,0,1,0,1
3604.224808,0,0,0,1,1,1,0,0,1
3605.860583,1,0,1,0,0,1,1,1,0
3613.956012,0,0,1,0,0,0,1,0,0
3619.181076,0,1,0,1,1,1,1,0,1
3628.661647,1,1,0,1,0,1,1,0,0
3637.550647,1,0,0,0,0,0,0,1,1
3641.581095,0,0,0,1,0,0,1,0,1
3648.117022,1,1,1,0,1,1,1,1,1
3657.492084,0,0,1,1,1,0,1,0,0
3658.053160,1,0,1,1,1,1,0,0,1
3666.789178,0,1,0,0,1,0,0,0,0
3673.711408,1,0,0,1,0,0,1,0,0
3679.464971,0,0,0,0,1,0,0,1,0
3680.793838,0,1,0,0,0,0,1,1,1
3681.673871,0,1,0,1,1,0,0,0,0
3687.757065,0,1,0,1,1,1,0,0,1
3692.757565,0,0,1,0,0,1,0,0,1
3701.424365,1,0,0,0,0,1,0,1,0
3702.470715,0,0,0,1,0,0,1,0,1
3709.307766,1,1,1,0,0,1,1,1,0
3718.542351,0,1,1,0,0,0,0,1,0
3721.530962,0,1,0,0,1,1,1,0,0
3730.704904,1,0,0,0,1,0,0,1,0
3733.772955,1,0,1,1,0,0,0,1,1
3736.710169,0,0,0,0,0,1,0,0,0
3742.581704,1,1,0,0,1,0,0,1,0
3746.653379,1,0,1,0,1,1,0,1,1
3754.419560,0,0,0,0,0,1,1,1,0
3761.119560,1,1,0,1,1,1,0,0,1
3765.218723,0,0,1,0,1,0,1,0,1
3769.749787,1,1,0,1,1,1,1,1,1
3778.558099,0,0,0,1,1,0,1,1,1
3787.265921,1,1,1,1,0,0,0,0,0
3790.494446,1,0,0,1,0,1,0,0,1
3791.711541,1,0,0,0,1,0,1,0,1
3801.288054,0,1,0,1,1,0,0,0,1
3807.185900,0,0,0,1,0,1,1,0,0
3809.448830,0,0,0,1,0,0,1,1,0
3813.449430,1,0,0,1,1,0,0,0,1
3818.384347,0,0,0,0,1,1,0,1,1
3822.742453,1,1,0,1,0,1,0,1,0
3830.533078,0,0,1,0,0,0,0,1,1
3835.027092,1,1,1,0,0,1,1,0,0
3843.545759,0,0,0,0,1,0,0,0,1
3848.893946,1,1,1,1,1,0,0,0,0
3851.126031,0,1,1,0,1,1,0,1,0
3853.947262,1,0,0,0,1,0,0,0,1
3858.085779,0,0,0,0,0,1,1,1,0
3863.676673,0,1,1,0,0,0,1,0,0
3868.684244,0,0,0,0,1,0,1,1,1
3869.637530,1,1,0,1,0,1,0,0,0
3878.837610,1,1,0,0,0,0,1,1,1
3885.141142,1,0,0,0,0,1,0,1,0
3885.966918,1,0,0,0,1,1,1,0,1
3892.007583,0,0,1,0,0,1,0,0,0
3894.673410,1,1,1,0,0,0,0,1,1
3896.922863,0,1,1,0,0,1,0,1,1
3904.912194,0,0,0,1,0,0,0,0,1
3905.196567,1,0,1,1,0,1,1,1,0
3907.915742,0,0,0,0,0,0,1,0,1
3915.371153,0,1,1,1,1,1,0,1,0
3924.196336,1,1,0,0,0,0,0,0,1
3933.216042,1,0,0,0,1,1,1,1,0
3939.138779,1,1,1,1,0,1,0,0,1
3939.602696,0,0,1,1,1,1,0,0,1
3940.823998,0,1,1,0,0,0,1,1,1
3944.410498,1,0,1,1,1,0,0,0,1
3952.611086,1,1,0,1,0,0,0,1,0
3961.933188,1,1,0,1,0,1,1,0,1
3966.911066,1,0,1,0,1,1,0,0,1
3968.230615,0,1,1,0,0,1,0,1,1
3968.315114,0,1,1,0,1,0,1,1,1
3971.156739,0,0,0,0,0,1,0,0,0
3979.544656,0,1,1,1,0,0,0,0,0
3981.855486,1,0,0,1,0,0,1,0,1
3991.256026,0,1,1,0,1,1,1,0,1
3991.458348,0,0,0,0,0,0,0,1,0
3991.594470,0,0,0,1,1,1,1,1,1
3992.532876,1,0,1,0,1,0,1,1,1
3998.224582,0,1,0,1,0,1,1,0,0
4003.253782,1,1,1,1,1,0,0,0,0
4012.997397,1,0,0,0,1,1,0,1,1
4017.173804,0,0,0,0,1,0,0,1,1
4020.936682,1,1,1,1,0,1,1,1,1
4028.426645,0,0,0,1,1,0,1,1,0
4033.066637,1,0,0,0,0,0,0,0,0
4036.743492,0,1,0,1,1,0,1,0,1
4038.103417,1,1,0,1,0,0,1,0,0
4038.973895,0,0,1,0,0,0,0,0,1
4040.190990,0,0,1,1,1,1,0,1,0
4049.390288,0,0,0,1,1,1,0,1,1
4056.924782,1,1,0,1,0,0,0,1,1
4058.387013,0,1,0,0,1,0,1,0,0
4060.072433,1,0,0,0,0,0,0,1,0
4062.054367,1,1,1,0,1,1,0,1,1
4063.540932,1,1,1,1,1,1,0,1,1
4071.484304,0,0,1,1,0,0,1,0,1
4072.497398,0,0,0,0,1,1,0,1,0
4072.935441,1,0,0,0,0,0,1,0,0
4081.623884,0,1,1,1,0,1,0,0,1
4089.657788,1,0,1,0,1,1,0,1,0
4090.739761,1,1,0,0,1,0,1,0,1
4099.226910,0,0,0,0,0,0,0,0,1
4106.886718,1,1,1,0,0,0,1,0,1
4113.621739,1,1,1,1,0,0,0,0,1
4121.924939,0,0,1,0,1,0,0,1,0
4126.874939,0,0,1,1,0,1,0,0,0
4129.517184,0,1,1,1,0,1,0,0,1
4136.155599,0,1,0,1,1,0,0,1,1
4143.248401,0,1,1,0,0,1,1,0,1
4147.399929,1,0,0,0,0,0,0,0,0
4157.097346,1,0,1,1,0,0,1,0,0
4165.476629,0,1,1,1,1,1,1,0,0
4174.294639,0,1,0,0,0,1,1,0,0
4174.821902,0,1,0,0,0,0,1,0,1
4175.564516,1,0,1,1,0,0,1,1,0
4179.600200,1,0,1,1,1,1,0,0,1
4187.115786,1,1,1,0,1,1,1,0,1
4190.940303,0,1,1,0,1,1,0,1,1
4192.941103,1,0,0,1,1,1,0,1,0
4196.066022,1,1,0,0,1,1,0,0,1
4198.587205,0,1,1,1,0,1,0,0,0
4205.254205,0,1,1,0,1,1,1,0,0
4212.656426,1,1,0,1,0,1,1,0,1
4214.796250,0,1,0,0,1,0,0,1,1
4216.413382,1,1,1,1,0,1,0,1,1
4224.995084,0,0,1,1,1,0,1,0,0
4225.331481,0,0,0,1,0,0,1,1,0
4229.012217,1,1,1,0,1,0,0,1,0
4233.620599,0,1,1,0,1,1,0,1,1
4234.616524,0,0,1,0,1,0,1,1,1
4240.495315,1,0,1,0,1,1,0,0,0
4248.759951,1,1,1,0,1,1,0,0,1
4252.990883,0,1,1,0,0,1,1,0,0
4262.128470,1,1,1,0,1,1,1,1,1
4266.414755,1,1,1,1,1,1,0,1,0
4274.347599,0,1,0,0,0,0,0,1,0
4280.684599,0,0,0,1,1,1,1,0,1
4284.558188,1,0,0,0,0,1,1,0,1
4287.473044,1,0,1,0,0,0,0,0,0
4292.425625,0,1,0,0,1,0,1,1,1
4300.912015,1,0,1,1,0,1,0,0,1
4300.913015,1,0,1,0,1,0,1,0,1
4306.082038,0,0,0,0,1,0,0,1,0
4311.335912,0,0,0,0,0,1,1,0,1
4317.677741,1,0,1,1,0,0,1,0,0
4319.965386,0,0,1,1,1,1,1,0,1
4327.351786,0,1,1,1,1,1,1,0,1
4332.084217,0,0,1,1,1,0,0,0,0
4336.624058,1,1,0,1,1,0,1,1,1
4343.449772,0,0,1,0,0,0,1,1,0
4351.158980,0,0,0,0,1,1,1,0,0
4359.559140,0,0,0,0,0,0,0,1,0
4369.532476,0,1,1,1,0,1,0,1,0
4372.371476,0,1,1,1,1,1,0,0,1
4375.480779,1,1,1,1,1,1,0,0,1
4376.650816,0,0,1,1,1,1,0,1,1
4380.252019,0,0,1,0,0,0,0,0,0
4387.480868,0,1,0,1,1,1,0,0,0
4390.481568,1,0,1,1,1,0,0,1,0
4399.585329,1,1,0,0,0,1,1,1,0
4407.653438,1,1,1,0,0,0,0,1,0
4416.142879,1,1,0,0,0,0,1,0,1
4420.373063,1,0,0,1,0,1,1,0,0
4421.944668,0,0,0,1,1,0,0,1,0
4430.937648,0,0,0,0,0,1,0,0,1
4438.449858,1,1,1,0,1,1,1,1,0
4448.159752,0,1,1,0,1,1,0,1,0
4452.683495,0,0,0,0,1,0,1,1,1
4457.152439,0,1,1,0,1,1,0,1,0
4461.545523,0,1,0,1,0,0,1,1,0
4461.927768,1,0,1,0,0,1,1,1,1
4462.798246,1,1,0,1,0,1,0,1,0
4467.229697,0,0,1,1,0,1,0,1,1
4475.714697,0,0,1,1,0,1,0,0,1
4484.228902,0,0,1,1,0,1,0,0,0
4489.666040,1,0,0,1,1,1,0,1,1
4491.414177,1,1,0,0,0,0,0,0,0
4496.183383,0,1,1,0,1,1,1,0,1
4502.930120,0,0,1,1,0,0,0,1,1
4507.546043,1,1,0,1,0,1,0,0,1
4509.341735,1,0,0,1,0,0,1,1,0
4514.342235,0,1,0,0,0,0,0,0,0
4517.050388,0,1,1,0,1,1,0,0,1
4520.472099,0,0,0,0,0,1,1,0,0
4525.159099,1,0,0,1,1,0,0,1,0
4532.514103,0,1,0,1,0,0,0,0,1
4533.851002,0,1,1,0,0,0,0,0,0
4534.434064,1,0,1,1,0,0,1,0,1
4537.440899,1,0,0,0,0,0,1,0,1
4541.263506,0,1,1,0,0,0,1,0,0
4543.272502,0,0,1,1,0,1,1,1,0
4552.268885,0,0,0,0,0,1,1,0,0
4552.318900,1,1,0,1,1,1,0,0,0
4559.967591,1,0,1,1,0,0,0,0,1
4564.631733,1,0,0,0,1,1,1,1,1
4570.971192,0,0,1,1,1,1,1,0,1
4573.549254,0,0,1,1,1,1,1,0,1
4579.979990,1,0,0,1,0,0,1,1,1
4584.110371,0,0,1,0,1,0,0,0,0
4591.543783,1,0,1,1,1,1,0,1,0
4593.811998,1,0,0,0,0,1,1,0,1
4595.507524,1,1,0,0,0,0,0,0,0
4605.034758,1,1,0,1,1,1,0,1,0
4613.787526,1,0,0,1,1,1,0,0,1
4617.499495,1,0,0,1,1,1,1,0,1
4619.855815,1,1,1,1,0,1,1,0,1
4625.313750,0,0,0,1,1,1,0,0,1
4632.845643,1,1,1,0,0,0,1,1,1
4634.523690,0,1,1,1,0,0,1,1,1
4638.920386,0,0,0,1,1,0,0,1,0
4642.946028,1,0,0,1,1,0,0,0,0
4643.845815,0,0,1,0,1,1,0,0,1
4649.336099,0,1,1,1,1,0,1,1,0
4658.309850,1,0,0,0,0,0,0,1,0
4658.517127,0,1,1,0,0,1,1,0,0
4668.368627,1,0,1,0,1,1,1,0,1
4669.024323,0,0,0,1,0,1,0,1,1
4674.176323,0,1,0,0,0,1,1,0,0
4680.042259,1,0,0,1,0,0,1,1,0
4688.453270,0,1,0,0,1,1,1,0,1
4690.625307,0,1,0,0,0,0,0,0,0
4698.178086,0,0,0,0,0,1,0,0,0
4702.317428,0,1,0,0,1,1,0,1,0
4709.861878,0,0,1,0,0,0,1,1,1
4712.384365,0,0,1,0,1,0,1,0,1
4714.499063,1,1,0,0,0,1,0,0,0
4719.991938,1,0,0,1,1,1,1,0,0
4721.914916,1,0,0,0,1,0,1,1,0
4726.300093,1,0,1,1,0,0,0,1,0
4733.306150,0,1,1,1,1,1,0,1,0
4740.365268,0,1,1,1,0,0,1,1,0
4745.221750,0,0,0,1,0,1,1,1,1
4747.313450,1,1,1,0,1,1,0,1,1
4753.711325,0,0,0,0,0,0,1,0,0
4755.950544,0,1,1,0,0,1,1,0,1
4760.876425,0,1,0,0,1,1,1,0,1
4767.683551,1,1,0,0,0,0,1,0,0
4769.684351,1,1,0,0,0,1,0,1,0
4778.502461,0,1,0,0,0,1,1,1,1
4780.229996,0,0,1,1,0,0,0,1,0
4787.788380,0,0,1,0,0,1,1,0,1
4789.736617,1,0,0,0,0,0,0,0,0
4798.156019,1,1,0,1,0,0,0,0,0
4802.382538,0,0,0,0,1,1,1,0,0
4805.344972,1,0,1,1,1,0,1,0,0
4806.433178,0,1,1,1,0,1,1,0,1
4810.798002,0,0,0,0,0,0,1,1,1
4817.191057,1,0,1,1,1,0,0,0,1
4823.764264,1,0,0,1,1,1,0,1,0
4830.458035,1,0,1,1,1,1,0,1,0
4839.818775,1,0,1,1,0,0,1,0,1
4846.806730,1,1,0,1,0,1,0,0,0
4848.307580,1,1,0,0,0,1,0,1,0
4855.440610,1,0,0,1,0,1,0,0,1
4861.441010,0,1,1,1,0,0,1,1,1
4864.124669,1,0,0,0,0,1,0,0,1
4867.399535,0,1,1,0,1,0,0,0,0
4870.373211,1,0,0,1,0,1,0,0,1
4876.194239,1,1,1,0,0,0,1,0,1
4885.194339,1,1,0,0,1,0,1,1,1
4890.810162,1,0,0,0,0,0,0,0,1
4895.822538,1,0,0,1,0,0,0,0,0
4901.400137,0,0,0,1,1,0,0,0,1
4908.416896,1,1,0,0,1,0,1,1,1
4916.336567,0,0,0,1,0,0,1,0,1
4925.018018,1,0,0,0,0,1,0,0,1
4925.266612,0,1,1,1,1,0,0,1,0
4934.890306,0,1,1,1,1,1,0,1,1
4939.975543,1,0,0,1,0,1,1,1,1
4940.661833,0,1,1,1,1,0,0,0,0
4947.840101,0,0,0,1,0,1,1,1,0
4950.104763,1,1,0,0,1,0,0,1,1
4957.939487,0,1,0,0,1,1,1,0,1
4960.038179,0,0,0,1,1,1,1,0,0
4963.530355,0,0,1,1,0,0,1,1,0
4972.857106,1,1,0,0,0,1,0,1,1
4982.432370,1,1,0,1,0,1,0,1,0
4990.527798,1,1,1,1,1,0,0,1,0
4993.062041,1,0,1,1,0,0,1,0,1
4999.701721,0,0,0,0,0,0,1,1,0
5003.423279,1,1,1,1,1,0,1,1,0
5011.032214,1,1,1,1,0,1,0,1,1
5011.329794,0,0,0,0,1,1,0,1,1
5017.143546,1,0,1,1,1,1,1,1,0
5017.418492,0,0,0,0,1,0,0,0,1
5020.626068,0,1,1,0,1,0,0,1,0
5029.304771,0,0,0,0,1,0,1,1,1
5036.577771,0,1,0,1,1,1,0,0,1
5037.963411,0,0,1,1,1,1,0,1,0
5038.789244,1,1,1,1,0,1,1,0,1
5041.582362,1,0,0,1,1,0,0,0,0
5049.053030,0,1,1,0,1,1,1,0,1
5052.041846,0,1,0,0,0,1,0,1,1
5058.814321,0,0,0,0,1,1,0,1,1
5061.231746,0,1,1,0,1,0,1,0,0
5068.469591,0,0,1,0,1,1,1,1,1
5073.854668,0,0,1,1,1,1,0,1,0
5074.101042,0,1,1,1,0,0,1,1,0
5081.894757,0,1,1,1,1,1,0,0,0
5085.012493,1,1,1,1,0,1,0,0,1
5087.306842,1,1,0,1,0,1,0,0,0
5088.363292,1,1,1,0,0,0,0,0,1
5094.474792,0,1,1,1,0,0,0,1,1
5099.485600,0,0,0,0,0,0,1,1,1
5104.854484,0,0,0,0,0,1,1,1,1
5105.428993,1,0,1,0,0,1,0,1,1
5111.446105,0,1,0,1,0,0,0,0,0
5120.576626,0,0,1,1,1,1,0,1,1
5127.653485,0,0,1,0,1,1,0,1,0
5128.505463,1,0,1,1,0,0,0,1,0
5131.646393,1,0,0,1,0,1,0,0,1
5133.282917,0,1,0,0,1,1,0,0,0
5137.226441,0,1,0,1,1,0,0,0,0
5137.273626,0,1,0,0,0,1,1,1,1
5140.820984,0,0,1,0,0,0,0,0,0
5142.449728,0,0,1,1,0,1,1,0,0
5146.183688,0,1,0,0,1,0,1,1,1
5152.544346,0,0,1,1,1,0,0,0,0
5161.089946,0,1,1,0,0,0,0,1,1
5166.960489,0,0,0,0,0,1,1,0,0
5173.208825,1,1,1,1,0,0,1,1,1
5182.617975,0,0,1,0,1,1,1,0,1
5191.059689,0,1,0,0,1,0,1,1,1
5192.518877,1,0,1,1,1,0,1,0,0
5202.084137,1,1,1,0,0,1,1,1,0
5203.867137,1,1,1,1,1,1,0,0,1
5211.727712,0,1,0,1,0,1,1,1,1
5220.491605,0,1,1,1,1,1,0,0,0
5229.574123,0,1,1,1,0,1,1,1,0
5234.019123,0,1,0,1,0,0,0,0,0
5241.338979,0,0,0,1,1,0,0,0,0
5245.339579,1,1,0,1,0,0,1,0,1
5251.723869,0,0,0,1,0,1,0,1,0
5254.773345,1,1,1,1,1,1,1,1,1
5263.181719,0,1,1,1,0,1,1,1,0
5270.138546,0,0,0,0,0,1,0,0,0
5273.478764,1,1,0,1,1,0,1,1,1
5280.288505,1,1,1,0,0,0,0,1,1
5289.613726,0,0,0,1,1,0,0,1,0
5290.352026,1,0,0,0,0,1,1,0,1
5299.652321,1,0,1,1,0,0,0,0,1
5305.652721,1,1,1,1,1,1,1,0,0
5312.167416,1,1,1,1,1,1,0,0,0
5317.925416,1,0,1,1,1,1,1,0,0
5327.548885,0,0,0,0,1,0,0,0,0
5327.549885,1,0,1,0,0,1,1,1,1
5337.336231,0,1,0,1,0,1,1,0,1
5341.729315,0,1,1,0,0,0,1,1,1
5342.073418,0,1,0,0,1,1,0,1,1
5345.430404,0,1,0,1,0,1,1,1,1
5353.105056,1,0,1,0,1,0,1,1,1
5355.801569,0,1,1,0,1,0,1,0,1
5356.233148,1,0,1,0,1,1,0,1,0
5362.667979,1,0,0,0,0,0,0,0,0
5367.593453,0,0,1,0,1,1,0,1,0
5374.566117,1,0,0,1,1,0,0,1,1
5377.582522,1,0,0,1,1,1,1,1,1
5381.226569,1,0,1,1,1,1,0,0,0
5383.959787,0,0,1,1,1,0,0,0,0
5387.066359,0,1,1,1,0,1,0,1,1
5390.020993,0,0,0,0,0,1,0,1,0
5396.155259,1,1,0,0,0,1,1,0,1
5402.083502,1,1,0,0,0,1,1,0,1
5409.081594,0,0,1,1,1,1,0,1,0
5411.456094,0,0,0,1,0,0,0,1,1
5412.559469,1,1,0,1,0,0,0,0,0
5415.996022,1,0,0,1,1,0,0,0,0
5425.668952,1,0,0,1,0,0,1,1,0
5426.598821,1,1,1,0,0,0,1,1,1
5434.570039,0,1,0,1,1,1,1,1,1
5436.224866,0,0,1,1,1,0,1,0,1
5438.922413,1,0,1,0,1,0,0,0,1
5441.727867,0,0,0,0,0,0,1,0,0
5449.183134,0,1,1,1,0,1,1,1,1
5456.499964,1,0,0,1,1,1,1,0,1
5459.995541,1,1,1,0,0,1,0,0,1
5464.134059,1,1,0,1,0,0,0,1,1
5468.283580,1,1,1,1,1,0,0,1,1
5475.703193,1,0,1,0,0,0,1,1,1
5484.822452,0,0,0,1,1,1,1,1,1
5492.104277,1,1,1,0,0,1,1,1,0
5499.827277,0,1,0,1,1,1,1,0,0
5505.680823,0,1,0,1,0,1,0,1,0
5508.299587,0,0,0,1,1,0,0,0,1
5508.300587,0,0,1,1,1,0,1,0,0
5508.903652,1,1,1,1,0,0,0,0,0
5516.610067,0,1,0,0,1,0,1,1,1
5525.181639,1,0,0,0,0,1,1,1,1
5525.470676,1,1,0,1,0,1,1,1,0
5526.248297,1,1,0,1,1,1,0,0,1
5529.751772,1,1,0,0,1,1,1,0,0
5539.714322,1,1,0,1,1,0,0,1,1
5541.078822,1,1,1,1,0,1,1,1,1
5549.044394,0,0,0,1,1,1,0,1,0
5555.733467,0,0,1,0,0,1,1,0,0
5558.926138,1,1,0,0,0,0,1,1,0
5560.362401,0,1,1,1,1,1,1,1,1
5562.104118,1,0,0,0,1,0,1,1,1
5564.410552,1,1,1,0,1,0,1,1,1
5569.929631,0,0,0,1,0,0,1,0,0
5577.638194,0,1,1,0,0,1,0,0,0
5585.076172,1,0,0,1,0,0,0,0,1
5590.677470,1,1,1,1,1,1,0,1,0
5599.390046,1,0,1,0,1,1,0,1,1
5603.946867,1,0,1,1,1,0,1,0,0
5608.863200,0,1,0,0,0,1,0,1,1
5611.885705,0,1,1,1,0,0,1,0,0
5611.937397,0,1,0,1,1,1,0,0,0
5620.438618,0,0,0,0,1,1,0,1,1
5623.964906,1,0,0,0,0,1,1,0,1
5629.342418,1,0,1,1,0,0,1,1,0
5631.087429,0,0,1,0,1,0,1,1,1
5636.036388,1,0,0,0,1,0,0,0,1
5638.537138,1,1,0,1,0,0,1,0,0
5642.472171,0,1,1,1,1,1,0,0,0
5648.322677,1,1,1,0,0,1,1,1,0
5651.753890,0,0,0,1,1,1,1,1,0
5661.008243,0,0,0,1,1,0,0,1,0
5665.285301,1,0,0,0,1,1,1,1,0
5670.332745,0,0,0,1,0,0,1,0,0
5670.605211,1,1,0,0,0,0,0,1,1
5674.334651,0,1,0,0,1,1,1,0,0
5681.662505,0,0,0,0,0,1,1,1,1
5686.119581,0,0,1,0,0,1,0,0,0
5690.070525,1,1,0,1,1,0,1,1,1
5692.424230,1,0,1,1,1,1,0,0,0
5693.707154,1,1,1,1,0,0,0,1,0
5701.728185,0,1,0,1,0,0,0,0,1
5710.052118,1,1,1,0,1,0,1,0,1
5713.401766,0,0,0,0,1,1,1,0,0
5721.476205,1,0,1,1,0,1,0,0,1
5730.175522,1,0,0,1,0,1,1,0,0
5730.809174,1,1,0,0,0,0,1,0,0
5737.605490,0,1,0,0,1,0,1,0,0
5742.730977,0,1,0,1,0,0,0,1,1
5746.193170,1,1,1,1,1,0,1,0,1
5747.728670,1,0,1,1,0,0,0,1,0
5752.842795,0,1,1,0,1,0,0,0,0
5759.434511,0,0,1,1,0,0,1,1,0
5764.427402,0,0,0,1,1,1,1,0,1
5764.428402,1,0,0,1,1,0,0,1,0
5768.852036,1,1,0,1,0,1,1,0,0
5773.585709,0,0,1,0,1,1,0,0,1
5778.058534,0,1,1,1,1,1,0,1,0
5784.402512,1,1,0,1,0,1,1,1,0
5785.695249,1,0,0,1,0,0,0,1,1
5785.949744,0,0,0,1,0,0,0,0,1
5790.788970,1,1,0,0,0,1,0,1,1
5791.924472,1,1,0,1,0,1,1,0,0
5797.860878,1,0,0,1,1,1,0,1,0
5798.924272,1,0,1,1,0,1,0,1,1
5802.023164,0,0,1,1,1,0,0,1,0
5803.473295,1,0,0,1,1,1,0,1,1
5808.171681,1,0,0,0,1,1,0,1,0
5816.158459,0,0,1,0,1,0,0,1,0
5825.425708,0,1,1,0,1,0,1,0,0
5828.021043,0,1,0,1,1,1,0,0,1
5832.563668,1,1,1,1,0,1,1,0,0
5834.484579,1,1,1,0,1,1,0,1,1
5841.657276,0,1,0,1,0,1,0,1,0
5845.033734,0,0,0,0,1,0,1,1,1
5852.162227,1,0,1,0,0,0,0,1,0
5853.909084,1,0,1,1,0,0,1,0,1
5861.115246,1,1,0,0,0,0,1,0,0
5865.790334,1,0,1,0,1,0,0,0,1
5871.877113,0,1,1,0,1,0,1,0,0
5878.172509,1,1,0,1,0,1,1,0,1
5884.310080,0,0,0,1,0,1,0,1,0
5886.000171,1,0,0,0,0,0,1,0,1
5886.115838,1,0,0,1,1,0,1,0,0
5894.589886,0,0,0,1,1,0,0,0,0
5899.051559,1,0,0,0,1,0,0,1,0
5899.640735,0,1,1,1,0,0,0,0,0
5903.546010,1,1,0,1,0,0,1,1,1
5908.602060,0,0,1,1,1,0,1,0,0
5913.628133,0,1,0,0,0,0,1,0,0
5921.515668,0,1,1,1,1,0,0,0,1
5927.706525,1,0,1,1,1,0,0,0,1
5932.016544,1,0,1,0,0,0,0,0,1
5934.917862,0,1,0,0,0,1,0,1,0
5938.363095,0,1,1,0,0,1,0,0,1
5940.586095,0,0,0,1,1,1,1,0,0
5948.488744,0,0,1,1,1,0,1,0,0
5953.917772,1,0,1,0,1,1,0,1,0
5954.006869,1,1,0,0,1,1,0,1,1
5958.703052,1,1,1,1,1,1,1,1,1
5968.607823,1,1,0,0,1,1,1,0,0
5969.040047,0,0,1,0,0,0,0,1,0
5974.005585,1,1,0,0,0,1,1,0,1
5982.467278,0,0,0,1,1,1,0,0,0
5992.354929,0,0,0,1,1,0,0,0,1
6000.424620,1,0,0,1,0,0,1,0,1
6009.790356,1,1,1,0,0,1,1,0,1
6011.993516,1,0,1,1,1,1,1,0,1
6019.066980,0,0,1,1,0,1,0,0,1
6024.445593,1,0,0,0,0,0,1,1,0
6026.717723,1,0,1,1,1,1,1,1,0
6032.559723,0,0,1,0,0,1,1,1,1
6034.265470,1,1,1,1,0,1,1,1,0
6039.871097,0,0,0,1,0,1,1,1,1
6043.969248,1,1,1,0,0,0,0,1,1
6049.902491,0,0,1,0,1,0,1,1,1
6052.483878,0,1,1,1,1,1,1,1,1
6061.405919,0,0,1,0,0,0,0,0,1
6062.615902,1,0,1,0,1,1,1,1,0
6066.421399,0,0,0,1,1,0,0,1,0
6072.578367,1,1,0,0,1,0,0,0,1
6074.725892,0,0,1,0,1,1,0,0,1
6080.678678,1,1,0,0,1,0,0,0,1
6084.152888,1,0,0,0,0,0,0,1,1
6086.038092,0,0,1,1,1,0,0,1,0
6088.046125,1,1,0,0,1,1,1,1,1
6094.814404,0,0,1,1,0,0,0,0,0
6099.710748,0,1,1,1,1,1,1,1,0
6106.920594,0,1,0,1,1,1,1,0,1
6116.822948,0,1,1,0,0,1,0,1,0
6125.269431,0,0,1,0,1,1,0,1,1
6132.111852,0,1,1,1,1,1,0,0,0
6138.855767,0,1,0,0,0,0,1,0,0
6146.845918,1,1,1,1,1,1,0,1,1
6149.807252,1,0,0,0,1,1,1,0,1
6151.926782,1,1,0,1,0,0,0,0,0
6157.696436,0,0,1,0,1,1,0,1,0
6166.336572,0,1,1,1,0,0,1,0,0
6174.363526,1,1,1,0,1,0,1,1,0
6180.133179,0,1,0,1,0,1,1,1,0
6184.730876,1,1,0,0,0,0,1,1,1
6190.207519,0,1,0,0,1,0,0,1,0
6195.615026,1,0,0,1,1,0,1,1,1
6204.494297,0,0,1,0,1,0,0,1,0
6207.417760,0,0,0,1,0,0,0,1,1
6217.297580,1,1,0,1,1,1,1,1,0
6218.678765,0,1,0,0,0,1,0,1,0
6219.831483,0,1,0,0,1,1,1,0,1
6226.937035,1,1,0,0,1,1,0,1,1
6234.598559,1,1,0,0,1,0,1,1,1
6242.958852,0,0,0,1,1,1,0,0,1
6246.173816,0,1,1,0,0,1,1,1,0
6250.017227,0,0,0,0,1,1,0,0,1
6255.970364,1,0,1,1,1,0,0,1,1
6262.990864,0,0,0,1,1,0,0,1,0
6269.042214,1,0,1,1,0,1,0,0,1
6271.043014,1,1,0,0,0,0,0,0,0
6273.538197,0,1,0,0,0,0,0,1,0
6275.132049,0,0,1,1,1,0,1,0,1
6276.460502,0,0,1,1,1,0,1,1,1
6282.875384,0,0,0,0,0,1,0,0,0
6284.641765,1,0,1,0,0,0,1,0,1
6285.630321,1,1,0,0,0,0,1,0,0
6286.043651,0,0,0,1,1,0,0,0,0
6286.763449,1,1,1,1,0,1,0,1,1
6293.777636,1,1,0,0,0,0,1,1,1
6296.567029,0,0,1,0,1,0,1,1,1
6298.567829,1,1,1,0,1,0,1,0,1
6301.010981,0,0,1,0,1,1,0,0,0
6307.648088,1,0,0,0,1,1,0,0,1
6312.983283,0,0,1,1,1,1,0,1,0
6320.149843,0,0,1,1,0,1,0,1,1
6328.628868,1,0,1,0,0,1,1,1,1
6333.228564,1,0,1,1,1,0,0,0,1
6342.726606,0,0,1,1,1,1,1,0,1
6345.700282,0,0,1,1,1,1,1,1,0
6346.869996,0,1,1,0,0,1,1,1,0
6355.149738,0,0,1,0,0,1,0,1,0
6355.679591,0,0,0,1,0,1,1,1,0
6357.808796,1,1,0,1,0,1,1,1,1
6358.413763,1,1,1,0,0,0,0,0,1
6364.675996,0,1,0,1,1,0,1,1,1
6372.703508,0,1,1,1,1,1,0,0,0
6381.094473,1,0,1,0,1,0,0,0,1
6383.198267,0,1,1,1,0,1,1,1,1
6390.866345,0,1,1,0,1,0,0,1,1
6400.080397,1,0,1,1,1,0,1,1,0
6401.257750,1,0,1,1,1,1,0,1,1
6403.124645,1,0,0,1,1,1,1,1,0
6412.532599,1,1,1,1,0,0,0,1,0
6422.184807,0,1,1,1,1,0,1,1,0
6428.613736,1,1,1,0,0,0,0,1,1
6432.880573,1,1,0,1,1,0,1,0,1
6439.476658,1,0,0,1,0,1,0,0,0
6448.564799,1,0,0,0,1,1,1,1,1
6453.711864,0,0,0,0,0,1,1,0,1
6459.867122,0,0,1,0,0,1,0,0,0
6466.236716,0,1,0,1,0,1,0,1,1
6473.579639,0,0,0,1,0,0,0,0,0
6477.477308,0,1,0,1,1,1,1,1,1
6485.352521,1,1,1,0,0,0,1,1,1
6492.531750,1,0,0,0,0,0,1,0,1
6493.431941,0,1,0,1,0,1,1,1,0
6497.485167,0,1,1,0,0,1,0,0,1
6498.686047,1,0,1,1,0,1,1,1,0
6503.237490,1,1,0,0,0,1,1,0,1
6511.036572,1,0,1,1,0,1,1,0,0
6518.443491,1,0,1,0,1,1,1,0,1
6524.394905,1,0,0,0,0,1,1,0,1
6525.701896,0,0,1,0,0,0,0,0,1
6527.289191,1,0,1,1,0,1,1,1,1
6532.809192,0,0,0,0,0,0,1,0,1
6532.810192,0,0,1,0,1,1,1,0,0
6539.648217,1,0,1,1,0,1,0,0,0
6544.141280,1,0,1,1,0,0,0,1,1
6544.228691,0,1,1,1,1,1,1,0,1
6553.506541,1,0,0,0,0,1,1,0,1
6563.042819,0,1,1,1,0,0,1,1,1
6571.568219,1,0,1,1,1,1,1,1,1
6579.524225,0,1,1,0,0,0,1,0,0
6579.630005,1,0,0,0,1,0,0,1,0
6589.021546,1,0,0,0,1,1,0,0,1
6593.185503,1,1,1,1,0,0,1,0,0
6595.004503,1,1,1,1,1,1,0,1,0
6600.952045,0,0,0,1,1,1,0,1,0
6607.214323,0,1,0,0,0,0,1,0,0
6613.414255,1,1,1,1,1,0,1,1,1
6615.606817,1,1,0,0,1,0,1,0,0
6622.882538,0,1,0,1,0,1,0,0,0
6628.014604,1,1,1,1,1,0,0,1,1
6635.183930,0,0,1,0,1,0,0,1,1
6642.687686,0,1,1,1,0,0,1,1,1
6647.938161,1,1,1,0,0,1,1,1,0
6651.513762,1,1,0,0,0,0,0,0,1
6660.499877,1,1,1,1,1,0,0,1,0
6661.885354,1,1,0,0,1,1,1,0,1
6667.046610,0,1,0,1,1,1,1,1,1
6671.523697,0,1,0,0,1,0,1,0,1
6672.384092,0,0,1,0,1,0,0,1,0
6681.595641,1,1,1,0,0,1,1,0,0
6681.637620,0,1,0,1,0,1,0,1,1
6682.179838,0,0,1,0,0,1,1,1,0
6684.189718,1,0,1,0,1,1,0,1,0
6689.422753,1,0,1,0,1,1,0,0,0
6694.556734,1,1,0,0,1,1,1,0,0
6698.932297,0,0,0,1,1,0,0,1,0
6705.390984,0,1,0,1,1,1,1,0,0
6710.574765,0,1,0,0,1,1,0,1,0
6717.633883,1,1,0,1,0,1,0,1,0
6725.522657,1,0,1,1,0,1,0,1,0
6735.412778,0,1,0,0,0,1,0,0,1
6742.206750,1,1,0,0,0,0,0,0,1
6748.661650,1,1,0,0,0,0,0,1,0
6752.398387,0,1,1,1,0,0,1,0,0
6759.044608,0,1,1,0,1,1,1,1,1
6763.576405,1,1,0,0,1,1,1,0,1
6763.719234,1,1,0,1,0,0,1,0,1
6771.681222,0,1,0,0,0,1,1,0,0
6771.808108,0,1,0,1,1,1,1,1,0
6775.555328,0,0,1,0,1,1,0,1,1
6775.724177,1,1,0,1,1,1,0,1,1
6783.330348,0,0,1,1,0,0,1,0,0
6786.230467,1,1,0,1,0,0,1,0,1
6789.173990,0,1,1,1,1,0,1,0,0
6794.523012,1,0,0,0,0,1,0,0,1
6795.223243,0,1,1,1,0,1,0,1,1
6802.211199,1,1,0,1,0,1,0,0,0
6802.255799,0,1,1,0,1,1,1,1,0
6803.685228,0,0,0,1,0,1,1,1,1
6807.435853,1,1,1,1,1,1,0,1,0
6807.577684,1,0,0,0,1,1,1,0,1
6808.960835,1,0,1,0,0,1,1,0,1
6810.420022,0,0,1,1,1,1,1,0,1
6813.247965,0,0,0,1,0,1,0,1,0
6817.961710,1,0,1,1,0,0,1,1,0
6820.895750,0,0,1,0,0,1,0,0,0
6825.243254,1,1,1,1,1,0,0,0,0
6828.409076,0,1,0,0,0,1,0,0,0
6829.659951,0,0,0,0,1,1,1,0,1
6834.821725,0,1,1,0,1,0,1,0,0
6837.739100,1,1,1,0,1,1,0,0,1
6842.121382,1,1,0,0,1,1,0,1,0
6847.202088,1,1,1,0,1,0,0,0,0
6849.956191,0,0,1,0,1,0,1,1,1
6850.538295,0,1,0,0,0,1,1,1,1
6859.544606,1,0,0,1,0,1,0,0,1
6869.011062,0,0,0,1,0,1,0,0,1
6872.936401,0,1,0,0,0,1,1,1,1
6882.308259,0,1,0,0,1,1,1,1,1
6889.170848,0,0,0,1,1,1,0,0,1
6893.626727,1,1,0,1,0,1,1,0,0
6899.211784,0,1,0,0,0,1,1,0,0
6901.529479,1,1,0,0,1,0,1,1,1
6902.404481,0,0,0,0,1,0,0,1,1
6903.585566,0,0,0,1,0,0,0,0,1
6905.651577,1,0,0,1,1,0,1,0,0
6912.098361,1,1,0,1,0,1,1,1,1
6921.561829,0,1,1,1,0,0,1,1,0
6928.198344,0,1,0,1,0,0,1,0,1
6928.768498,1,1,0,0,1,0,1,1,1
6930.868054,0,1,1,0,1,1,1,1,0
6930.959270,0,1,0,1,1,0,0,0,1
6936.043095,0,1,1,0,0,1,0,1,0
6943.590510,1,1,0,1,1,1,0,0,1
6951.741205,1,0,1,1,1,0,0,1,1
6953.601174,1,0,1,0,0,1,1,1,1
6960.950837,0,1,0,1,0,0,0,1,0
6966.725759,1,0,1,1,0,0,0,0,1
6971.825455,0,1,1,1,1,1,1,0,0
6974.462330,1,0,0,1,1,1,0,0,0
6978.365379,1,0,1,1,0,0,1,0,1
6981.295534,1,1,0,0,0,0,1,1,0
6984.134960,1,0,1,0,0,1,0,1,1
6993.868462,1,1,0,0,0,0,0,1,0
6994.155450,0,1,0,0,1,0,1,0,0
6996.533513,0,0,1,0,0,1,1,1,1
7003.980577,1,1,0,0,1,1,0,1,1
7010.379539,0,0,1,1,0,1,0,0,1
7014.363543,1,0,1,0,1,0,1,1,1
7014.749120,1,0,0,1,1,0,0,0,1
7021.892263,1,1,0,1,1,0,0,1,0
7024.316097,1,1,1,0,0,0,0,0,0
7032.963919,0,0,0,0,1,0,1,0,1
7034.130648,1,0,1,0,1,1,0,0,0
7039.255691,1,1,1,1,1,0,0,0,1
7047.704122,1,0,0,0,0,0,0,1,0
7053.216199,1,1,0,1,0,1,1,1,1
7059.411798,1,1,0,0,0,1,0,1,0
7068.463916,0,1,1,0,1,0,0,1,1
7071.626993,1,1,1,0,0,1,1,1,0
7074.992143,0,1,0,1,1,1,1,0,0
7076.961450,0,0,1,0,1,0,1,0,0
7081.049632,1,0,1,1,0,1,1,1,0
7090.430036,0,0,0,0,1,0,0,1,0
7099.760247,0,1,1,1,1,0,1,0,1
7100.099479,0,0,0,0,0,0,1,0,0
7105.905142,0,1,0,0,1,0,0,0,1
7106.835536,0,0,1,0,0,0,0,0,0
7110.869513,1,1,0,0,0,1,0,0,0
7119.048659,0,0,0,0,0,1,1,1,0
7123.669450,1,1,0,0,0,0,1,0,1
7127.558950,0,1,1,1,1,1,0,1,1
7131.697467,0,0,0,1,0,0,0,0,1
7138.724792,1,1,0,0,1,0,1,1,0
7145.861116,1,1,0,1,0,1,1,0,0
7151.637570,0,0,0,1,1,0,1,1,1
7153.991276,0,0,1,1,0,1,0,0,1
7158.916407,1,0,1,1,1,0,0,1,1
7162.695530,0,1,0,0,1,1,1,0,0
7165.967808,0,0,1,1,0,0,1,0,1
7173.737162,0,1,0,1,1,0,1,0,0
7178.499591,0,1,1,0,0,1,1,1,0
7185.581126,1,1,1,1,1,0,1,1,1
7194.293701,0,0,0,1,0,0,1,0,1
7203.457665,1,0,0,0,1,0,1,1,0
7211.352612,0,0,1,1,0,1,0,0,1
7214.799869,1,0,1,1,0,0,0,0,0
7220.914544,1,0,1,1,0,1,1,0,0
7223.798138,1,0,1,1,0,1,1,0,0
7225.551800,1,0,0,0,1,1,1,1,1
7229.348828,1,0,1,0,1,0,1,0,1
7238.573043,0,1,1,0,1,0,0,0,0
7238.834604,1,1,0,1,0,0,1,1,0
7248.674620,0,1,1,0,0,1,1,0,0
7257.520889,1,0,1,1,0,0,0,1,1
7263.428634,1,0,1,1,0,1,0,1,0
7269.504026,1,0,1,0,0,1,0,1,1
7273.930448,1,0,1,1,1,0,1,1,1
7276.460839,0,1,1,0,0,1,1,1,1
7284.533658,1,1,1,0,1,0,1,1,1
7293.650212,1,0,1,1,1,0,1,1,1
7293.728574,0,0,0,0,1,0,0,1,1
7302.691495,0,0,0,1,1,1,0,1,1
7310.212752,1,0,0,1,1,0,0,1,1
7310.777798,1,1,0,1,1,0,1,1,1
7317.999685,1,1,1,0,1,0,0,0,0
7326.589168,1,1,0,1,1,1,0,1,1
7329.296083,0,0,1,1,1,1,0,1,1
7337.232797,1,0,0,1,0,0,0,0,1
7343.768858,0,0,1,1,1,1,0,0,1
7350.664243,0,1,0,0,0,1,1,0,1
7356.171651,0,0,0,0,1,0,1,1,1
7365.728346,1,0,1,0,0,1,0,0,1
7370.191516,0,0,0,1,1,0,1,0,1
7376.295311,1,1,0,1,1,1,1,0,0
7377.500834,0,0,0,1,0,1,1,1,1
7386.020838,0,1,1,0,0,1,1,1,0
7393.097080,1,0,1,0,1,1,0,1,0
7401.296107,0,1,0,0,0,0,0,1,0
7408.823236,1,1,0,1,1,0,1,0,0
7410.490736,0,1,1,1,1,0,0,1,1
7415.543314,0,0,0,0,0,0,0,1,1
7417.076003,1,0,0,0,1,0,0,1,1
7419.041719,0,1,0,0,0,0,0,1,1
7424.042219,0,0,1,1,0,0,1,0,1
7427.042919,1,0,1,1,1,1,1,0,0
7429.242280,1,1,0,0,0,0,1,1,1
7435.035624,1,0,0,1,0,0,0,1,1
7441.776690,0,0,1,1,1,1,1,0,0
7449.674272,0,0,1,0,0,0,0,0,0
7451.538555,1,0,0,1,1,1,0,1,1
7460.723363,1,0,0,1,1,0,0,1,1
7462.612586,1,0,0,1,0,1,1,0,1
7470.334333,0,1,1,0,1,0,0,1,1
7479.240692,1,1,0,0,1,1,0,0,0
7481.353964,1,1,1,1,1,0,0,0,1
7485.150744,0,0,0,1,0,1,0,1,0
7489.533872,1,0,1,1,0,1,1,0,0
7490.481379,0,0,1,0,1,0,0,0,0
7495.588252,1,0,0,0,0,1,1,0,0
7503.280790,1,1,0,0,1,1,1,0,0
7505.869766,0,0,1,0,0,1,0,1,0
7510.314766,1,1,1,0,1,1,1,1,0
7519.831917,1,1,1,1,0,0,0,0,1
7523.118593,1,0,1,1,0,0,1,0,1
7531.118793,1,0,1,1,1,1,0,0,1
7536.617251,0,1,1,0,1,1,1,0,0
7539.320683,0,0,0,1,1,0,0,0,1
7548.160578,0,0,1,0,0,1,0,1,1
7550.091210,1,1,0,1,1,1,1,0,1
7555.376735,1,0,1,0,0,1,1,1,0
7559.512960,1,0,0,0,0,0,1,0,1
7560.074652,1,0,0,0,1,1,1,0,1
7562.799885,0,0,1,0,0,1,0,0,1
7563.991957,0,1,1,1,1,0,1,1,0
7566.041363,1,1,1,1,0,0,1,0,0
7569.879189,1,1,1,0,1,1,1,0,1
7573.283838,1,1,1,0,1,0,0,1,1
7580.797600,0,0,1,0,0,0,0,1,0
7588.306119,1,1,0,0,0,1,0,1,1
7596.250575,0,1,0,1,1,0,1,1,0
7604.792674,1,0,0,1,1,1,1,1,0
7613.372698,1,0,1,0,1,1,0,0,0
7618.615109,1,1,0,0,1,0,1,0,1
7626.910734,0,0,0,0,1,0,1,1,0
7636.839057,1,1,0,1,0,0,0,0,0
7639.160644,1,0,1,1,1,0,0,1,0
7646.079966,1,1,0,0,1,1,1,1,0
7653.718806,0,0,1,0,1,1,1,0,1
7655.519982,1,0,1,1,0,0,1,0,1
7664.761511,0,0,1,1,0,1,0,1,0
7668.600511,0,1,0,1,0,1,0,0,1
7677.768801,0,0,0,0,1,1,0,1,0
7683.278022,0,0,1,1,0,1,1,0,0
7688.982310,1,1,1,0,1,1,1,0,1
7692.139141,0,1,0,1,0,1,0,1,1
7695.390971,1,1,0,0,1,1,0,0,1
7699.721435,0,1,0,1,1,0,1,0,0
7707.433004,1,0,0,1,1,1,1,1,1
7711.420316,0,1,0,1,1,0,0,0,0
7717.000104,0,0,0,0,0,0,1,0,1
7725.902652,1,1,1,1,0,1,0,1,1
7731.363229,0,0,1,0,1,1,1,1,1
7736.891627,0,1,1,0,1,0,1,1,0
7745.540125,1,1,1,1,1,1,0,0,0
7749.308605,0,1,1,1,1,0,0,0,0
7750.927091,1,1,1,0,0,1,0,0,1
7757.483979,1,0,1,1,1,0,1,1,0
7765.714130,1,1,1,0,1,0,1,0,0
7770.966898,0,0,1,1,1,1,0,0,0
7779.578148,1,0,0,0,1,0,1,1,1
7786.970436,1,0,0,1,1,0,1,0,0
7790.099865,1,0,0,1,1,1,1,0,0
7798.468449,1,1,0,1,0,0,1,1,0
7805.728510,1,1,1,0,0,0,0,1,0
7806.149888,0,0,1,0,1,0,1,0,0
7813.397296,0,0,1,0,0,0,0,1,0
7813.808308,1,0,1,0,0,1,0,0,1
7814.075177,1,0,0,0,1,1,0,1,1
7823.736228,1,0,1,0,0,0,0,0,0
7826.327728,0,0,1,0,0,0,1,0,1
7836.292458,0,0,1,0,0,0,0,1,1
7837.782671,1,0,1,0,0,1,0,0,1
7847.516426,0,0,0,1,1,0,1,0,0
7856.141047,1,1,0,0,1,0,1,1,0
7859.099951,0,0,0,0,1,0,0,1,0
7862.205334,1,0,0,0,0,0,0,1,0
7867.008559,0,1,1,0,0,0,1,1,0
7871.781200,1,1,1,0,0,0,0,1,1
7879.074047,0,1,0,1,1,0,0,0,1
7886.460200,1,1,0,1,0,0,1,0,0
7896.109358,0,1,1,1,1,0,1,0,1
7898.727708,1,0,1,1,0,0,1,1,0
7904.337903,0,0,0,1,0,1,1,0,1
7914.112022,1,0,0,1,1,1,1,0,0
7923.205377,1,1,1,1,1,0,1,0,0
7923.767725,0,1,0,1,1,1,1,1,0
7927.591872,0,1,1,1,1,1,1,1,0
7929.390672,1,0,1,0,0,1,1,0,0
7929.526037,1,1,1,0,0,0,1,1,1
7938.584371,0,1,0,0,1,1,1,1,0
7947.359197,1,0,1,1,0,0,0,1,1
7954.937294,1,0,1,0,1,0,1,1,0
7955.774864,1,1,0,0,0,0,1,1,0
7962.539893,1,0,1,0,1,1,1,1,1
7963.057696,1,0,0,0,0,0,0,1,0
7971.239696,0,0,1,1,0,0,0,0,0
7979.876775,1,0,0,0,0,1,1,0,0
7984.285936,1,1,1,1,0,1,1,0,0
7992.171088,0,0,0,0,0,0,0,1,0
7999.497198,0,1,1,0,0,0,1,1,0
7999.899049,1,1,1,0,0,0,0,0,1
8001.933744,1,0,1,1,1,0,1,1,1
8009.821279,0,1,0,1,0,0,0,1,0
8015.585592,0,1,1,1,0,1,0,0,1
8015.825862,0,1,0,1,0,1,1,1,1
8020.353773,1,0,0,0,0,1,0,0,1
8026.793397,0,0,1,0,0,1,1,0,0
8034.015897,1,0,0,0,0,1,1,1,0
8036.602845,0,0,0,0,0,1,1,1,0
8040.591542,1,1,0,1,1,1,0,0,0
8047.426720,1,0,1,1,1,0,1,0,0
8049.352762,1,1,0,0,0,1,1,0,1
8059.049344,1,1,0,1,1,0,1,1,0
8066.723995,0,1,1,0,0,0,1,1,1
8069.996273,0,1,1,1,1,1,0,1,1
8072.575962,1,1,1,0,0,0,0,0,0
8079.067812,0,1,1,1,0,0,0,0,1
8084.478107,1,1,0,1,0,1,0,1,1
8085.766404,0,0,1,0,0,0,1,0,1
8089.393708,0,0,1,1,1,0,1,1,0
8099.221311,1,1,1,0,1,0,1,0,1
8104.374021,1,0,0,0,1,1,0,0,1
8114.301035,0,1,1,1,1,0,0,0,1
8115.433370,1,0,1,0,1,0,0,1,1
8119.884356,0,0,0,0,1,0,1,1,1
8125.118477,0,1,0,1,1,0,1,0,1
8132.985357,1,0,1,0,0,1,0,1,1
8134.590475,1,0,1,1,1,1,1,1,1
8141.824794,1,0,0,0,0,0,0,1,1
8143.229162,0,0,0,1,1,1,1,0,0
8147.028581,1,1,1,1,0,1,0,1,0
8154.859307,1,1,0,1,0,1,0,1,0
8157.222456,1,0,1,1,0,1,0,0,0
8163.780177,0,0,1,0,0,0,1,0,0
8169.809986,1,1,0,1,0,1,0,1,1
8172.038742,0,0,0,1,0,1,0,0,1
8180.481646,0,0,0,0,1,0,1,1,0
8183.680707,0,1,0,0,0,1,0,0,0
8186.130957,0,1,0,1,1,1,0,1,1
8191.476250,0,1,0,1,0,1,0,1,0
8192.285993,1,0,0,1,1,1,1,1,0
8196.643962,0,0,1,0,0,1,0,0,0
8199.430943,0,1,1,0,1,1,0,1,0
8205.993787,0,1,1,0,1,0,1,0,1
8213.783360,0,0,1,1,0,0,1,1,0
8217.741183,0,1,1,1,1,1,0,1,1
8226.679837,0,0,1,0,1,0,1,1,1
8235.251408,1,1,0,0,1,0,0,0,0
8242.094542,0,0,0,0,0,0,1,0,0
8247.770651,0,0,1,1,0,0,1,0,0
8256.705511,0,1,0,0,1,0,1,0,0
8263.710886,1,1,1,1,1,1,0,0,0
8263.711886,0,0,1,1,0,1,0,0,1
8268.496156,0,1,0,1,0,0,0,1,0
8277.752429,0,1,0,0,0,0,0,1,0
8282.430647,1,1,1,0,1,0,1,0,1
8283.580601,0,0,1,0,1,0,1,0,1
8289.483558,0,0,1,1,1,0,0,1,1
8294.278267,0,0,1,1,0,0,0,0,1
8304.167903,0,0,1,0,1,1,1,0,0
8306.093593,1,0,1,0,1,0,1,0,1
8310.438986,0,0,0,1,0,0,0,1,0
8318.239206,0,0,1,0,0,1,1,0,0
8320.382849,1,0,1,0,1,1,1,0,0
8328.544277,1,0,0,1,0,1,1,1,1
8330.327800,1,1,1,0,1,0,0,1,0
8338.749010,1,0,1,0,1,1,1,0,0
8342.020827,1,0,1,0,1,1,1,1,0
8349.641547,0,1,0,1,0,0,1,0,1
8354.035700,0,1,1,0,0,0,0,1,0
8360.993933,0,0,1,1,0,0,0,0,0
8366.179600,1,0,1,1,0,1,1,0,0
8371.091700,1,0,0,0,1,1,1,1,0
8380.610649,1,0,1,1,0,0,1,0,1
8387.739399,1,0,0,0,0,0,1,0,1
8388.936978,1,0,0,0,0,1,1,0,0
8389.214767,0,1,1,1,1,0,0,0,1
8396.380229,1,0,1,1,0,1,0,1,0
8398.459544,1,0,0,0,1,0,1,1,1
8402.974655,0,0,1,1,1,1,1,1,0
8410.052650,0,1,0,1,0,0,0,0,0
8418.464478,1,0,1,1,0,1,1,1,0
8424.937860,0,1,1,1,0,1,1,0,1
8431.064904,1,1,1,1,1,0,0,1,1
8437.553220,1,1,0,0,0,1,0,1,1
8444.634178,1,0,1,0,1,1,0,1,0
8453.286351,0,0,0,1,1,0,1,0,1
8460.095543,0,1,1,0,0,1,0,1,1
8467.181549,0,0,0,0,0,1,0,1,0
8475.188012,0,0,0,0,1,0,1,1,1
8477.592617,0,0,1,0,0,0,0,1,0
8487.223044,0,1,0,0,0,0,1,0,1
8488.749316,1,0,1,0,0,1,0,1,1
8494.676028,1,1,0,1,1,1,0,1,1
8497.526572,1,0,1,0,0,0,1,1,0
8499.185943,1,1,1,0,0,1,1,0,0
8509.001686,1,0,1,0,1,1,0,0,1
8515.753799,1,0,1,0,0,0,1,0,0
8516.868711,0,0,1,0,0,0,0,0,0
8521.935090,0,1,1,0,0,0,1,0,0
8528.013511,0,0,0,0,1,1,0,1,0
8535.357029,0,1,1,0,1,1,0,1,1
8538.733710,0,1,0,0,1,0,0,1,1
8540.759824,1,0,0,1,0,1,0,1,0
8547.275024,1,1,0,1,0,1,1,0,1
8548.836953,1,1,0,0,0,0,1,0,0
8555.939807,0,1,0,0,1,1,1,0,1
8560.666073,0,1,0,0,1,1,1,1,1
8567.946098,1,0,0,0,1,1,1,1,1
8574.130690,0,1,1,1,1,0,1,0,0
8581.054075,1,0,0,1,1,1,0,0,1
8586.338562,0,0,0,0,0,1,1,1,1
8590.934478,0,1,0,0,1,1,1,1,0
8600.526022,0,0,0,1,1,0,0,0,0
8610.050863,0,1,0,0,1,0,0,1,1
8614.088497,1,1,1,0,1,1,0,1,0
8618.704420,0,0,1,0,1,1,1,0,0
8623.653730,1,1,1,0,1,0,0,1,0
8625.326589,1,0,1,1,0,1,1,1,0
8628.325556,0,0,1,1,1,1,1,0,0
8634.702730,1,0,1,0,0,1,0,0,0
8638.703330,0,0,1,0,0,0,0,1,0
8645.651992,0,1,0,1,1,0,0,0,1
8647.398849,1,0,1,1,1,0,1,0,0
8656.379214,0,0,1,1,1,1,1,1,0
8663.202798,1,0,0,0,0,0,0,1,0
8663.404581,1,0,1,0,0,0,1,0,1
8670.138432,0,1,1,0,1,0,0,0,1
8676.476247,0,1,1,0,0,1,0,1,1
8676.835955,0,0,1,0,1,1,0,0,1
8682.140673,1,1,0,1,0,1,1,0,1
8687.684597,0,1,1,1,1,1,1,1,1
8689.244965,0,1,0,0,1,1,0,1,1
8694.699965,1,0,1,1,0,1,1,0,0
8695.332178,0,0,0,1,1,1,1,0,1
8702.157893,1,0,0,0,0,0,0,1,1
8707.328588,1,0,0,0,1,1,0,0,1
8709.802226,0,1,0,1,0,0,0,0,0
8712.967129,1,0,1,0,0,1,1,0,0
8721.161754,0,1,0,0,0,1,0,0,1
8721.487106,1,0,0,0,0,0,0,1,0
8728.077661,1,0,0,1,1,0,0,0,0
8728.078661,0,1,1,1,0,0,0,1,0
8736.815630,1,0,1,1,0,1,0,1,0
8739.368927,0,0,0,1,1,1,0,1,0
8744.880598,0,0,1,1,0,0,1,1,1
8745.242867,1,0,1,0,0,1,1,0,1
8749.910067,1,1,0,0,1,0,0,1,0
8758.576867,0,0,1,1,0,0,1,1,0
8765.153480,1,1,0,1,1,0,1,1,1
8769.496151,1,0,1,0,1,1,0,1,0
8770.869563,1,0,0,0,0,1,0,0,0
8780.088730,1,1,0,0,1,0,0,1,1
8782.378330,1,0,1,0,0,1,1,1,0
8784.620485,1,0,1,1,1,1,0,1,1
8790.594398,0,1,1,0,0,0,0,0,1
8793.214183,0,1,1,0,1,1,0,1,0
8795.725392,0,1,1,1,0,0,0,1,1
8798.285120,0,1,1,0,1,1,0,1,0
8806.595428,0,0,0,0,1,0,0,1,0
8807.043084,0,1,0,1,1,0,1,0,1
8814.243364,0,0,0,1,0,0,1,1,0
8816.461964,0,0,1,1,0,1,1,0,0
8823.980786,1,1,0,0,1,0,0,0,1
8825.844717,1,1,1,0,1,0,0,0,0
8833.805448,1,1,0,0,0,1,0,1,0
8834.324914,1,0,1,1,0,0,1,1,0
8836.922340,0,0,1,1,1,0,1,0,0
8839.161922,0,0,1,1,1,0,0,0,0
8842.965820,1,0,1,1,1,0,0,0,0
8843.619676,1,0,0,1,0,1,0,0,0
8850.938380,0,1,1,0,1,0,0,0,1
8857.015606,1,1,0,1,0,1,0,0,1
8865.295661,0,1,0,1,0,1,0,1,1
8870.222094,1,1,1,0,1,0,1,0,0
8875.265570,1,1,0,0,0,0,1,0,1
8879.274434,1,1,1,0,1,0,1,0,1
8881.295881,0,1,1,1,0,1,1,0,1
8891.051189,0,0,0,0,0,1,1,1,0
8900.948106,1,1,0,0,0,1,0,1,0
8901.978415,1,0,0,0,1,0,0,1,0
8906.300749,0,0,1,0,0,0,1,0,0
8913.323948,1,0,1,1,0,0,0,0,1
8917.894383,0,0,1,0,0,1,0,0,1
8918.679619,1,1,1,1,0,1,0,1,0
8927.243298,1,0,0,1,1,1,1,0,1
8928.266923,1,0,1,1,1,1,1,0,0
8935.158914,1,1,1,0,1,1,1,1,0
8944.756477,0,1,1,0,1,0,0,0,1
8948.923727,1,0,1,0,1,0,1,0,1
8955.336642,0,0,0,0,0,0,1,1,1
8959.400527,0,0,1,0,1,1,0,0,1
8963.522736,0,0,1,1,0,1,0,0,1
8969.523136,1,1,0,1,0,1,0,0,1
8974.228635,1,0,1,0,1,1,0,0,1
8975.217611,0,1,1,1,0,0,1,0,0
8975.937493,1,1,1,0,0,0,0,1,0
8980.019450,1,0,0,0,1,1,1,0,0
8984.565450,1,0,0,0,1,1,1,0,0
8993.431110,0,0,1,0,0,1,1,1,0
9001.739206,0,1,0,0,1,1,1,0,0
9006.886750,0,1,1,0,1,0,1,1,1
9015.802202,0,1,1,0,1,1,0,1,1
9024.752485,1,0,0,1,1,0,1,1,1
9025.153445,1,1,0,1,0,0,0,0,1
9030.703023,1,0,1,1,1,0,0,1,0
9033.030692,0,1,0,0,0,1,1,1,1
9034.464133,0,1,0,1,0,0,0,1,0
9041.648450,0,1,0,0,1,1,0,1,1
9043.228239,1,1,1,1,1,1,1,1,0
9051.666972,0,0,0,0,0,1,1,1,1
9057.799164,0,0,0,1,0,1,1,0,1
9062.773351,0,0,0,1,0,0,1,0,1
9069.810260,0,0,0,0,0,1,0,0,0
9075.076556,0,0,0,0,0,1,1,0,1
9081.057541,1,1,0,1,0,0,1,1,0
9083.366002,0,1,1,1,1,1,0,0,0
9086.927532,1,1,0,0,1,0,0,0,1
9087.061172,0,0,1,0,1,1,0,1,1
9094.162439,0,1,1,0,1,1,0,1,1
9101.621256,0,0,1,0,1,0,0,0,0
9104.857227,0,0,0,0,1,1,1,1,1
9111.741775,0,1,0,1,1,0,1,0,1
9119.085791,0,1,1,0,0,0,0,1,0
9119.405230,1,1,0,1,0,0,1,1,0
9125.037066,1,0,1,1,1,1,1,1,1
9132.393263,0,1,1,1,0,1,1,1,0
9135.919922,0,0,0,1,0,1,0,1,1
9140.781547,0,0,1,0,0,1,0,1,1
9143.407822,1,0,0,1,0,0,0,0,1
9145.491947,0,1,1,0,0,1,0,1,0
9146.257202,1,1,1,1,0,1,1,0,1
9148.464964,1,0,1,1,1,0,1,1,0
9151.647464,1,1,1,1,0,0,0,1,1
9159.279280,1,1,0,1,1,1,0,1,1
9163.565566,1,1,1,1,1,0,0,0,0
9164.048445,0,0,1,0,1,0,1,0,0
9171.740984,0,0,1,1,1,0,0,0,0
9175.925239,0,0,1,0,1,1,1,1,0
9180.783909,0,1,1,0,1,0,0,1,1
9182.949801,1,0,1,0,1,0,0,0,0
9191.154614,1,0,0,1,0,1,1,1,1
9198.574227,1,1,1,0,1,0,1,0,0
9199.249317,1,1,0,1,1,0,1,0,0
9206.379126,0,0,0,0,0,1,0,0,1
9211.062437,0,1,1,0,0,0,0,0,1
9215.465329,0,0,0,0,1,0,0,1,0
9225.347970,1,1,1,0,1,1,1,1,1
9229.396184,1,0,1,1,0,0,1,1,0
9237.978415,1,0,0,1,1,0,0,1,1
9245.259389,1,1,1,0,1,0,1,1,0
9247.260189,1,0,1,1,1,0,1,1,1
9251.750536,0,0,1,0,0,0,1,0,0
9253.734371,0,0,0,0,0,0,1,1,0
9259.068889,1,0,1,1,0,1,1,1,0
9264.179788,1,1,1,0,0,1,0,0,1
9267.894243,0,0,1,1,1,0,1,1,1
9277.633172,0,1,0,1,0,0,1,0,0
9282.437737,0,0,1,0,0,0,0,0,0
9289.683915,1,0,1,1,1,0,1,1,0
9290.207385,1,1,0,1,1,1,1,1,0
9295.668832,0,0,0,1,0,0,1,1,0
9300.038132,1,0,0,1,0,0,1,1,1
9306.883367,0,1,1,1,0,1,0,1,0
9315.593174,1,0,0,0,0,0,1,0,1
9323.558677,0,1,1,1,0,0,0,0,1
9328.585742,0,0,1,0,1,1,1,0,0
9338.195873,1,0,0,0,0,0,0,0,0
9340.096450,0,0,1,1,1,1,0,0,1
9347.570929,0,0,1,0,1,1,1,0,1
9355.218918,1,1,0,1,0,1,0,0,1
9357.104098,1,0,1,0,1,0,1,0,1
9364.065186,1,0,0,1,1,1,0,0,1
9370.549556,0,1,0,1,0,0,0,0,1
9377.663597,0,0,0,1,0,1,1,1,0
9385.067172,0,0,1,0,0,1,1,1,1
9393.716596,1,0,1,0,0,0,0,0,1
9397.760096,1,0,0,0,1,0,1,0,0
9397.859447,1,1,1,0,0,0,0,0,0
9398.200356,1,1,0,1,1,1,0,1,1
9407.141193,0,1,0,1,0,1,1,0,0
9410.924321,1,1,1,1,0,0,1,0,0
9416.644593,1,0,0,0,1,0,0,0,0
9425.863760,0,1,1,1,1,1,1,0,1
9427.757044,0,1,0,1,1,0,0,1,0
9434.637887,0,0,1,0,0,0,0,1,1
9439.027095,0,1,1,1,1,0,1,1,0
9447.472372,0,1,0,1,1,0,1,1,0
9450.171870,0,0,1,0,0,1,0,1,1
9453.247355,1,0,0,1,1,0,0,0,1
9458.429184,0,0,0,0,0,1,1,1,1
9462.449153,0,0,1,1,0,0,0,0,1
9468.664484,0,1,0,0,1,0,1,0,1
9470.183851,1,1,0,0,1,1,1,1,0
9474.395642,1,1,0,0,1,1,0,1,1
9474.900426,0,1,1,1,1,0,0,1,1
9477.605946,0,0,1,1,0,1,1,1,0
9478.157350,1,1,0,0,0,1,0,1,0
9485.376312,1,1,0,0,1,0,1,1,0
9486.809753,1,0,1,1,0,0,1,1,1
9493.259812,1,0,1,0,0,1,0,1,0
9499.653104,1,0,1,1,1,0,1,0,1
9507.539679,1,0,1,1,0,1,1,1,0
9513.989200,1,1,0,1,1,0,1,1,0
9515.512890,1,1,0,1,0,1,0,0,1
9521.532896,0,0,1,1,1,0,0,1,1
9529.005216,1,0,0,0,0,0,0,0,0
9537.957286,1,1,1,0,0,0,1,0,1
9546.427802,1,0,1,1,0,0,0,0,1
9554.916325,0,0,0,1,0,1,0,0,1
9559.644575,0,0,1,1,1,0,0,1,0
9560.186874,1,0,0,0,0,1,0,0,0
9569.848447,1,0,0,1,1,1,0,0,0
9574.348997,1,1,1,0,0,0,1,1,0
9580.695995,1,1,0,0,1,1,1,0,0
9582.500859,0,0,1,0,1,1,1,1,0
9588.290753,0,0,1,1,1,1,0,1,0
9588.451854,1,0,1,0,1,0,0,0,1
9593.528418,0,0,1,0,0,0,1,1,1
9593.865519,1,0,0,0,0,1,1,0,1
9600.283288,0,1,1,1,1,1,1,0,0
9609.003654,1,0,0,1,1,0,1,0,1
9610.375754,1,0,1,1,1,0,0,0,1
9616.620671,0,0,1,0,0,1,1,1,0
9623.442798,0,0,0,0,1,0,0,0,0
9626.796846,0,1,0,1,0,1,1,0,1
9635.090430,1,0,1,1,1,0,0,0,0
9637.026168,0,0,0,0,0,1,0,1,0
9640.479203,1,0,0,0,1,0,0,0,1
9641.746893,0,1,0,1,1,0,0,1,1
9645.426281,0,0,0,1,1,1,1,1,0
9653.964163,0,0,1,1,0,0,0,1,0
9654.297080,1,1,1,1,0,1,0,0,1
9657.666388,0,0,0,1,0,0,0,1,0
9664.312940,0,0,0,0,0,0,0,0,1
9670.979940,1,0,1,0,1,1,0,0,1
9671.867376,1,1,1,0,0,1,1,1,1
9675.312848,1,0,1,0,0,0,1,0,1
9678.686192,1,1,1,0,0,1,1,0,1
9685.460708,1,0,1,0,0,0,1,1,0
9693.013823,0,0,0,0,0,0,1,0,0
9694.089984,0,0,1,0,0,1,0,0,1
9703.636091,1,1,1,1,1,0,0,1,0
9704.813444,1,1,0,0,0,0,0,0,0
9709.064890,0,1,0,0,1,1,0,1,1
9710.463388,0,1,1,1,1,1,1,1,0
9711.740856,0,0,1,1,0,0,1,0,1
9716.397037,0,1,0,1,1,0,0,1,0
9721.116180,0,0,1,1,0,0,0,0,1
9723.329459,1,1,1,0,0,1,1,1,1
9731.733424,1,0,0,1,0,0,1,0,0
9735.488202,1,0,0,1,1,1,1,0,1
9744.696335,1,1,1,0,1,1,1,0,0
9753.678255,1,0,0,1,1,0,1,1,0
9754.035132,1,0,0,1,0,1,1,1,0
9758.610260,0,0,0,0,1,0,0,1,1
9761.548971,1,0,1,1,1,0,1,1,1
9768.274259,1,0,1,1,0,0,1,1,0
9777.274359,0,1,1,0,0,0,1,0,1
9783.636330,0,1,0,1,0,1,0,0,1
9785.559407,0,1,0,1,0,0,0,0,0
9786.302203,0,0,0,0,0,0,1,0,0
9786.303203,1,0,0,1,0,0,1,1,0
9794.718854,1,0,1,0,0,1,0,1,0
9802.674449,0,0,0,0,1,1,1,0,1
9809.495280,0,0,1,0,1,0,0,0,1
9815.582627,1,1,0,1,1,0,1,0,1
9821.183067,1,0,1,0,0,1,0,0,0
9824.798866,0,1,1,0,0,1,1,1,1
9834.387627,0,0,0,1,1,0,1,0,0
9836.442802,0,0,0,1,0,0,1,1,1
9843.571188,1,0,1,1,1,0,1,1,0
9847.442769,0,1,1,1,1,0,0,1,1
9854.680807,1,0,1,1,0,0,1,0,0
9858.363979,0,1,0,0,1,1,0,0,0
9859.609752,1,0,0,0,1,0,1,0,0
9864.225675,0,0,0,1,0,1,0,1,1
9868.542353,0,0,0,0,1,1,1,0,0
9870.967353,0,1,1,1,0,1,1,0,0
9873.951594,0,1,0,1,1,1,1,0,0
9879.442439,1,1,1,1,1,0,0,1,1
9882.170439,0,0,1,0,1,0,0,1,1
9886.284952,1,1,0,1,0,0,0,0,1
9894.464716,0,1,0,1,0,1,1,1,0
9904.278068,1,1,0,0,0,0,1,0,0
9910.116421,1,1,1,1,1,0,1,1,1
9917.677641,0,1,1,0,0,1,1,1,1
9923.731957,0,0,1,0,1,1,1,1,1
9926.641757,1,1,0,1,1,0,1,1,1
9926.670227,0,0,0,1,1,1,1,1,1
9932.106118,1,0,0,1,0,0,1,0,1
9935.090808,0,0,1,1,0,1,0,0,1
9936.734837,0,1,0,0,1,1,1,1,0
9937.434990,1,1,0,0,0,0,0,1,0
9940.456836,1,1,0,1,0,1,1,0,1
9950.396691,0,1,1,1,1,1,1,1,0
9953.907369,1,0,1,0,0,0,0,0,0
9961.918931,1,1,1,0,1,0,0,0,1
9966.283131,1,0,1,0,1,1,0,0,1
9972.916533,1,1,0,1,0,1,1,1,1
9973.397485,0,0,0,0,0,1,0,1,1
9975.317333,1,0,0,1,1,0,1,0,1
9977.609771,0,1,1,1,0,0,0,0,0
9984.715323,0,1,1,0,1,1,0,1,1
9986.911226,0,0,1,1,1,0,1,1,0
9994.301633,0,0,0,0,1,0,0,1,0
9997.782677,1,1,0,1,0,1,0,0,1
