t,finish1,finish2,finish3,release1,release2,release3,start1,start2,start3
0.192308,1,1,0,1,1,0,1,1,0
4.021845,1,0,1,1,1,1,1,0,1
9.577845,0,0,0,0,0,1,0,1,0
17.948379,1,0,0,1,0,1,1,0,1
27.584779,1,0,0,1,1,1,1,0,1
36.148752,1,0,0,1,0,1,1,0,0
38.991573,0,0,0,0,1,0,0,0,1
48.584326,0,0,1,1,1,0,0,1,0
53.468558,1,0,0,1,1,0,1,0,0
55.788167,0,1,0,1,0,0,0,0,1
63.331703,1,0,1,1,1,1,1,0,1
64.223703,1,0,1,1,1,0,1,0,0
69.208819,0,1,0,0,0,1,1,1,1
73.014264,0,0,0,0,0,0,1,1,0
81.514414,0,0,1,1,0,1,0,1,0
90.991739,0,1,0,1,0,0,0,0,0
93.545675,1,0,1,1,1,0,0,1,0
100.791852,1,1,0,0,0,0,0,0,0
103.838111,0,0,0,1,1,0,0,0,1
107.317024,1,1,0,0,0,1,1,1,0
112.292485,0,1,0,1,1,0,0,0,1
120.247235,1,0,0,1,0,1,1,1,1
125.173558,0,0,1,0,1,0,0,0,0
130.669058,1,0,0,0,0,1,1,0,0
135.713998,0,1,0,1,0,0,1,1,1
136.062789,1,0,0,0,1,1,1,0,0
137.233885,0,1,0,1,1,0,1,0,1
138.396500,1,0,0,1,1,1,1,1,0
140.482312,1,0,1,0,0,1,1,1,0
145.466736,0,0,0,1,0,0,0,0,0
149.659236,0,0,1,0,0,0,1,1,1
157.448573,1,1,0,0,0,0,1,1,1
165.968458,1,0,1,0,1,1,0,1,1
167.677208,1,0,1,1,1,1,0,1,0
175.121226,1,0,0,0,0,0,0,1,1
175.823910,1,0,0,0,1,1,1,1,0
185.790801,1,1,0,1,1,1,1,1,1
195.589356,0,0,1,1,0,0,0,0,0
196.140989,0,1,1,0,0,0,0,0,0
199.456875,1,1,0,0,1,0,1,1,1
208.516375,0,1,1,1,1,0,0,0,0
210.719119,0,0,0,1,0,0,0,0,0
217.635056,0,1,1,1,0,1,1,0,0
219.350171,0,0,0,1,1,0,1,1,0
221.031443,0,1,1,1,1,1,1,1,0
221.571064,0,1,0,0,0,0,0,1,1
224.010844,1,0,1,1,0,1,1,0,0
229.899106,1,0,0,1,1,0,1,1,1
238.175140,0,0,0,0,1,1,0,0,1
239.668320,1,0,1,0,0,1,1,0,0
244.385830,1,1,0,1,1,1,1,1,1
248.103990,1,0,1,1,1,0,1,1,1
248.588813,0,1,0,1,0,1,0,0,0
249.383899,1,1,0,1,0,1,0,1,1
253.715174,1,0,1,1,0,1,0,0,1
259.349414,1,0,0,1,1,1,1,1,0
268.106394,1,1,1,0,1,1,1,1,1
271.447440,1,0,1,0,1,0,1,0,0
275.404089,0,1,0,1,1,1,0,1,0
282.976170,0,1,0,1,1,0,1,1,1
284.771863,1,0,1,1,1,1,0,0,1
292.113518,1,1,0,1,0,1,0,1,1
300.863643,0,1,0,0,0,1,1,1,0
306.404630,0,1,1,1,0,1,1,0,0
309.869850,0,0,1,1,1,0,0,1,1
313.880350,1,0,1,0,1,0,1,0,1
317.250318,0,1,1,0,1,1,0,1,1
326.088237,1,0,1,1,0,0,0,0,0
328.091762,1,0,0,0,0,1,0,1,1
328.589473,0,1,1,1,1,0,0,1,0
333.356351,0,0,0,1,0,1,1,0,0
333.418507,1,0,0,1,1,0,1,1,1
335.919257,1,1,1,0,0,1,0,0,1
345.700984,0,1,0,1,0,0,1,0,0
354.763577,0,1,0,1,0,1,0,0,1
355.240054,1,0,0,1,1,1,0,1,1
363.591203,0,1,1,1,1,1,1,1,0
372.170025,0,0,1,0,1,1,1,1,1
379.133679,1,1,0,0,1,1,1,0,1
382.570677,0,1,0,1,0,0,1,0,0
384.155519,1,0,0,0,1,0,0,1,1
391.978614,1,1,0,0,0,0,0,0,1
398.358798,1,1,1,0,1,0,1,1,0
405.376142,0,0,1,1,0,0,1,1,1
413.495988,0,0,0,1,0,1,0,0,1
417.663238,0,0,1,0,1,0,1,1,1
424.665775,1,1,1,0,0,1,0,0,1
428.669565,0,1,0,0,1,1,1,0,0
437.031797,1,1,1,0,0,0,1,1,1
442.558561,1,1,1,0,1,0,1,0,0
446.799137,0,0,0,0,1,0,0,1,0
446.863222,0,0,1,1,0,1,1,0,1
456.385701,0,0,1,1,0,1,1,1,1
458.196475,1,1,0,1,1,1,1,0,1
459.973947,0,0,1,0,0,1,0,0,1
463.833482,1,0,1,1,1,1,1,1,0
464.675185,1,1,1,0,1,0,1,0,1
468.825430,0,1,0,1,0,1,1,1,1
475.898893,1,1,0,0,1,0,0,0,0
477.899693,1,0,0,1,0,1,0,1,0
480.900393,0,0,0,0,0,0,1,0,0
486.577682,0,1,0,0,1,0,1,0,1
493.939569,1,1,0,1,1,1,0,0,1
503.546859,0,0,0,1,0,1,0,1,1
504.303597,1,1,1,0,1,1,0,1,1
510.141118,0,0,1,0,0,1,1,1,1
519.346218,1,0,0,0,0,1,0,0,0
520.239986,0,1,1,1,1,1,0,1,1
524.309980,0,0,0,0,0,0,0,1,0
526.063185,1,0,0,0,0,0,0,0,0
535.025365,0,1,1,1,1,0,0,0,1
540.948850,1,0,0,0,1,1,0,1,0
549.266775,1,1,1,1,0,0,0,0,0
556.709779,1,0,1,0,0,1,1,0,0
560.974156,0,0,1,1,0,0,0,0,1
567.707816,0,1,1,1,1,0,1,0,0
577.122394,0,1,0,1,0,0,0,0,0
583.335925,0,0,0,0,1,0,1,1,1
584.671608,0,0,0,0,0,1,0,1,1
593.704969,0,1,1,0,0,1,1,1,0
598.569344,1,1,1,0,1,0,0,0,1
601.632321,0,1,1,0,0,1,0,1,0
608.047774,1,0,0,1,1,0,1,1,1
616.096750,0,0,1,0,0,1,0,0,1
622.494885,0,0,0,1,0,1,1,0,0
628.931272,0,0,1,0,0,0,1,0,1
631.120782,1,0,1,0,1,0,0,0,0
633.690868,1,1,0,1,0,0,0,1,0
642.665330,0,1,1,0,1,1,0,0,1
649.571798,1,1,0,1,1,1,1,1,0
658.667933,0,0,1,1,0,0,1,1,0
662.879038,1,0,0,0,0,0,0,0,1
665.656672,1,0,1,1,1,0,0,1,0
668.678038,1,1,0,0,0,1,0,0,1
675.698445,0,0,1,1,1,1,1,1,0
684.270017,1,0,1,0,0,1,1,0,0
688.664517,1,0,1,1,1,0,0,0,1
689.718043,0,0,0,0,0,0,1,0,1
698.149572,1,1,1,0,1,1,1,1,1
706.706715,0,0,0,1,0,1,0,1,1
708.852139,1,0,0,0,1,1,1,1,1
709.532166,1,1,1,0,0,0,0,0,0
718.124307,1,0,1,1,1,1,1,1,1
723.531270,1,1,0,0,0,1,1,0,1
726.928709,0,1,0,0,1,1,0,1,1
731.648863,0,1,0,0,0,0,1,0,0
732.899738,0,1,0,1,1,1,0,0,0
741.369690,1,0,1,0,1,0,1,0,0
750.116128,1,1,1,1,1,1,0,1,0
754.998530,1,0,0,1,1,1,0,1,0
760.922850,0,1,1,1,0,1,0,0,0
764.884703,0,0,0,0,0,1,0,1,1
767.532497,0,0,1,0,0,0,1,0,1
771.834954,0,0,1,0,0,0,0,1,0
781.440904,0,0,0,1,0,1,1,0,1
781.696116,1,0,0,0,0,0,1,0,1
789.664906,0,1,0,0,0,0,0,0,0
797.937330,0,0,1,0,1,1,1,0,1
798.838483,1,1,0,1,1,1,0,0,1
800.167475,1,1,1,1,1,0,0,0,1
809.980578,0,0,1,1,0,1,1,0,1
811.927692,0,1,1,0,1,1,0,0,0
814.933442,1,0,0,0,0,1,0,0,0
824.326026,0,0,0,0,1,0,1,0,0
831.267509,1,1,1,0,0,0,0,1,0
834.167378,1,1,1,1,0,0,0,0,0
838.086905,0,1,1,0,1,1,0,0,1
838.087905,0,1,1,1,0,0,0,1,0
842.024682,0,0,1,0,1,0,0,0,0
850.969511,1,1,0,0,1,1,1,0,1
852.073849,1,1,0,1,0,1,1,0,0
856.076742,0,1,1,0,0,0,0,1,1
864.613474,0,1,0,0,0,1,1,0,0
866.742466,1,1,0,1,1,1,1,1,1
870.994912,0,0,0,0,0,1,1,1,1
875.019414,1,1,1,1,0,1,1,0,1
875.561984,1,1,0,1,0,1,1,1,1
879.474748,0,0,0,1,1,1,1,1,1
880.841074,1,0,1,0,1,1,0,0,0
881.976829,1,1,1,0,0,0,0,0,0
888.836402,0,0,1,0,0,0,0,0,1
888.963972,1,0,0,0,1,0,0,1,1
898.421390,1,1,0,1,0,0,1,1,1
907.012135,0,0,0,1,1,1,1,1,0
907.418251,0,0,0,1,0,1,0,0,0
916.561194,0,1,1,1,1,1,1,0,0
920.341578,1,0,0,1,1,0,1,0,0
927.046196,1,1,0,0,1,0,0,0,0
935.299245,0,0,0,0,0,0,1,1,1
940.142418,1,1,0,0,1,1,0,0,1
944.882208,1,0,0,0,1,0,0,0,1
950.411755,0,1,0,0,1,0,0,1,0
957.887498,0,0,0,1,0,1,0,1,0
963.154244,1,0,1,0,0,1,1,0,1
969.895460,0,1,0,0,1,0,0,0,1
974.441460,0,1,0,1,1,0,1,1,1
978.000244,0,0,0,1,1,1,0,0,1
985.542156,1,0,0,0,1,0,1,0,0
986.853598,1,0,1,1,0,0,0,1,0
991.949717,0,0,1,1,0,0,0,1,0
997.473855,1,1,0,1,1,0,1,1,1
1000.474555,0,0,0,0,1,0,1,1,1
1005.006076,1,0,0,1,1,1,1,1,1
1013.663125,1,1,0,1,1,1,0,1,0
1020.760189,0,0,1,0,0,1,1,1,1
1030.666007,1,0,0,0,0,1,1,0,0
1033.806228,0,0,0,0,1,0,0,1,1
1037.890421,1,0,0,1,1,0,0,0,0
1041.263177,0,0,0,0,0,0,1,1,0
1050.423366,1,1,1,0,0,0,0,1,0
1058.273043,0,1,1,1,1,0,0,1,1
1059.111169,1,0,0,0,0,0,1,0,0
1065.310926,0,0,0,1,1,0,0,0,0
1073.947426,1,0,0,0,1,0,1,1,0
1077.027703,1,1,1,1,1,1,1,0,0
1079.412806,0,1,1,1,0,0,1,1,0
1089.103558,1,1,0,1,1,1,0,1,0
1095.783427,0,0,1,1,0,0,0,0,0
1097.607162,1,1,0,1,0,1,1,0,1
1106.400625,0,1,1,0,0,1,1,1,0
1112.527594,0,1,0,0,1,1,1,0,1
1112.835312,1,0,0,1,0,1,1,0,1
1117.923523,0,1,1,0,0,1,0,1,0
1123.699455,0,0,1,0,1,0,0,1,1
1125.540034,1,0,1,1,0,1,1,1,1
1125.914131,0,1,1,0,1,1,0,0,1
1133.969881,1,1,1,0,0,1,0,1,0
1142.925682,0,1,1,1,1,1,0,0,0
1143.206552,1,1,0,0,0,1,1,0,1
1144.517962,0,1,0,1,1,0,0,0,1
1147.151896,1,0,1,0,1,1,1,1,1
1150.400831,1,0,1,1,0,1,0,1,0
1156.460969,1,0,1,1,0,1,1,0,1
1156.969261,1,1,1,0,0,0,1,1,1
1158.227278,0,1,1,0,1,0,0,0,0
1159.583059,1,1,1,1,1,0,1,0,1
1166.289737,0,0,1,1,1,1,0,0,1
1169.610133,0,1,0,0,0,0,1,0,1
1178.418917,0,0,1,1,1,0,0,1,1
1180.259596,0,0,1,0,0,1,0,0,1
1187.193701,1,1,1,1,0,0,1,1,1
1189.818438,0,1,0,0,0,1,0,0,0
1190.754597,1,0,1,1,1,1,0,1,1
1196.964826,0,1,0,0,1,1,1,1,0
1199.465576,1,1,1,0,1,1,0,0,1
1202.776430,0,1,0,1,0,1,1,1,1
1203.858403,1,0,0,0,0,1,0,1,1
1206.081403,0,1,1,1,0,0,0,1,1
1207.254535,0,0,1,1,0,1,0,0,1
1209.276609,0,1,0,1,0,1,1,1,0
1219.013909,0,1,1,1,1,1,1,1,1
1223.471288,0,1,1,1,0,0,0,0,0
1227.729438,1,0,1,1,0,1,0,0,1
1232.466035,0,1,0,1,0,0,1,1,0
1238.525542,1,0,1,1,1,1,0,0,0
1243.409775,1,1,0,1,1,0,1,0,0
1253.148021,0,1,1,1,0,0,1,0,1
1260.880590,1,0,1,1,1,0,1,1,0
1262.131465,1,0,1,0,1,0,1,0,1
1266.041165,0,1,0,0,1,1,1,1,0
1271.896345,1,1,0,0,1,0,1,1,0
1274.336125,0,0,0,1,0,1,0,0,1
1281.432605,1,1,1,0,0,0,1,1,1
1291.029714,1,0,0,1,0,1,1,0,1
1292.255944,0,1,1,0,1,0,0,0,0
1292.256944,0,0,0,1,0,1,1,1,0
1301.788636,1,1,1,1,1,0,1,0,1
1308.259578,1,1,0,0,1,1,0,1,1
1313.260078,0,0,1,1,1,1,0,1,1
1316.460758,1,1,0,0,0,1,0,1,1
1323.822133,0,1,0,0,1,0,1,0,0
1328.335110,1,1,1,1,1,1,0,1,1
1333.817795,1,0,1,1,1,1,0,0,0
1341.559617,1,0,0,0,0,0,0,0,1
1347.850311,0,1,1,0,0,1,1,1,0
1349.597861,1,1,1,1,0,0,1,1,1
1351.191622,1,0,0,1,0,1,0,1,1
1358.700582,1,0,1,0,1,1,1,0,1
1364.228860,1,0,1,0,1,0,1,0,1
1366.081527,1,1,1,1,1,0,1,1,0
1373.432627,0,0,1,0,0,0,1,0,0
1382.295755,1,0,0,0,1,1,0,1,1
1389.370448,0,0,0,0,1,0,0,0,0
1390.358553,0,1,1,0,0,1,0,0,0
1398.586885,0,1,0,1,0,0,0,0,1
1399.601000,0,0,0,0,0,0,1,1,0
1399.602000,0,1,1,0,0,1,1,1,0
1406.534577,0,1,0,0,0,1,0,0,1
1412.342689,1,0,0,0,1,0,1,1,1
1417.555668,0,0,0,1,1,1,0,0,1
1425.000591,1,1,1,0,0,0,0,1,0
1426.505108,0,1,1,1,1,0,1,0,0
1430.899112,1,0,0,0,1,0,0,0,0
1433.853033,0,0,0,1,0,1,1,0,1
1437.294700,0,0,0,0,1,1,0,0,0
1440.747735,1,0,0,1,0,0,0,1,1
1450.390628,0,0,0,1,1,1,1,1,1
1453.407631,0,1,0,0,0,1,1,1,1
1459.948641,1,1,0,1,1,1,1,0,1
1467.419482,0,0,1,1,0,1,1,1,1
1474.361369,1,0,1,0,1,1,0,1,0
1483.707127,1,1,1,1,0,1,0,0,1
1484.522525,0,0,0,0,1,0,0,1,1
1485.259844,0,0,1,0,0,1,1,1,0
1490.570735,1,1,1,1,1,1,1,1,0
1490.824685,1,1,1,0,0,0,0,1,0
1494.987949,1,1,1,0,1,0,0,0,1
1503.495363,0,0,1,0,0,0,1,0,0
1513.424948,0,1,0,0,0,0,0,1,0
1521.541078,1,1,0,1,1,0,1,1,1
1531.500651,0,0,1,1,0,0,1,1,0
1535.488180,0,0,0,1,1,1,0,0,1
1537.837847,1,0,1,1,1,1,0,1,0
1545.013702,1,0,1,1,0,1,0,0,0
1552.581806,0,1,1,1,1,1,0,1,0
1557.214696,1,1,0,0,0,0,0,0,1
1563.687011,1,1,1,0,0,1,1,1,1
1571.887404,1,1,0,0,0,1,1,1,1
1576.077174,0,0,0,1,0,0,0,0,0
1577.551504,1,1,1,1,1,1,1,0,1
1585.611400,0,0,0,1,1,1,1,1,0
1592.226196,1,0,0,1,0,0,0,0,1
1598.527242,1,1,0,1,0,1,1,0,1
1607.255329,0,0,0,0,1,1,0,0,1
1614.937125,0,1,0,0,1,0,1,0,1
1619.899654,0,0,0,0,1,0,0,0,1
1627.328483,0,0,0,0,1,0,1,0,0
1630.704145,1,1,1,0,1,1,1,0,1
1636.686488,0,0,0,1,0,0,1,0,0
1646.266076,1,0,1,0,1,0,0,0,0
1649.946598,0,0,1,1,0,1,0,1,0
1656.637577,1,1,1,0,0,0,1,0,1
1658.081731,0,0,0,0,1,1,0,1,1
1663.159147,1,0,0,1,0,1,0,1,0
1664.500114,0,0,0,1,1,0,1,1,1
1670.521732,1,1,0,0,0,0,0,0,0
1676.950661,0,1,0,0,1,0,1,0,0
1682.478967,1,1,0,0,1,1,1,1,1
1685.661467,1,0,1,0,1,1,0,0,1
1686.528127,1,1,0,0,1,0,0,1,0
1692.233766,0,0,1,1,0,0,1,1,0
1699.906955,1,1,1,1,0,1,0,1,1
1701.157830,0,0,1,0,1,0,1,1,0
1710.661191,1,1,0,0,0,0,0,0,0
1711.008577,0,0,0,1,1,1,1,1,1
1713.961662,0,1,1,1,0,1,1,0,1
1716.327735,0,0,1,1,0,0,0,1,0
1721.517610,0,1,0,0,0,1,0,0,1
1725.862744,1,1,0,1,1,0,0,0,0
1734.725832,1,1,0,1,1,1,0,0,1
1736.320298,0,0,0,0,0,0,0,1,0
1737.025835,0,0,1,1,0,1,1,0,0
1739.108538,0,1,0,1,0,1,0,1,1
1742.454724,0,0,0,1,0,0,0,1,0
1743.064359,0,1,0,1,0,0,0,0,0
1746.281598,0,1,0,0,0,0,0,1,0
1753.592473,0,0,0,1,0,1,0,0,0
1759.186973,1,0,1,0,1,1,1,1,0
1763.113200,1,1,0,1,1,0,1,0,0
1767.187867,0,0,1,1,0,1,0,1,0
1774.680534,1,1,0,0,1,1,0,0,0
1774.866245,0,0,1,0,0,1,1,1,1
1781.925362,1,0,0,0,1,0,1,1,0
1791.379732,0,1,0,1,0,1,0,0,0
1794.017454,1,0,1,0,1,1,0,1,1
1796.806637,1,1,0,0,0,0,1,0,0
1801.795510,0,0,1,1,1,0,0,1,1
1805.844363,1,0,0,0,0,0,1,1,0
1813.652515,0,0,1,1,0,1,1,0,1
1816.281651,1,1,0,0,0,0,1,1,1
1818.898877,1,1,1,1,0,1,1,1,1
1823.122939,1,1,0,0,1,1,0,1,0
1832.726427,1,0,0,1,1,0,1,1,1
1839.788577,0,1,1,0,0,0,0,0,1
1848.345422,0,1,0,1,0,0,0,0,0
1858.223483,0,1,1,0,1,0,0,0,1
1867.764813,1,1,1,0,1,1,1,0,1
1868.534967,1,1,1,0,1,1,1,0,1
1874.785342,1,1,1,0,0,0,1,1,1
1880.339911,1,0,0,1,1,1,1,1,0
1883.171051,0,0,0,0,1,0,1,1,0
1891.742623,0,1,0,0,0,0,1,0,0
1899.661721,0,0,1,1,0,0,0,0,1
1900.250094,1,0,1,1,1,1,1,1,1
1900.251094,0,0,1,0,0,0,1,0,0
1904.962202,1,1,0,0,0,1,0,1,0
1906.773366,0,1,0,1,0,1,1,1,1
1909.435598,1,1,0,0,1,1,0,1,1
1911.919902,0,1,1,1,0,1,1,0,1
1919.712676,1,0,1,0,1,0,0,1,1
1920.161217,1,1,1,1,1,0,0,1,0
1928.772467,0,0,0,1,0,1,0,0,1
1935.831585,1,1,1,1,1,0,0,1,1
1944.122354,0,1,1,0,1,1,0,1,0
1953.743081,0,0,0,0,1,1,0,1,1
1959.793633,1,0,1,0,1,1,1,1,0
1962.404435,1,0,0,1,1,0,1,1,0
1963.416570,0,0,1,0,0,0,0,0,0
1973.088734,0,1,1,1,0,0,0,0,1
1982.983481,0,1,1,1,1,0,0,0,1
1983.700742,0,1,1,0,0,0,1,0,0
1992.567381,1,0,0,0,0,0,1,1,0
1999.344563,0,0,1,0,1,1,0,1,0
2003.029405,0,0,0,0,0,1,0,0,1
2011.320446,1,0,0,0,1,1,1,1,1
2013.762903,1,1,1,0,0,1,0,0,0
2013.824872,1,1,1,0,0,0,1,0,1
2020.938755,0,0,1,0,1,1,0,1,0
2026.899611,0,1,0,1,1,1,0,0,0
2028.724076,0,1,1,1,0,1,0,1,0
2037.471301,0,0,0,1,0,0,0,0,0
2043.232594,0,0,1,0,0,1,1,0,1
2048.102155,0,0,1,1,0,0,1,0,0
2053.812461,1,0,0,1,1,1,1,0,0
2061.894414,1,0,0,1,0,1,1,1,1
2063.988227,1,1,1,1,1,1,0,1,1
2065.964339,0,0,0,0,1,1,0,0,0
2072.594770,0,0,1,1,0,1,0,1,0
2074.595570,1,0,0,0,0,0,1,0,0
2081.930301,0,1,1,1,1,1,0,0,1
2083.552761,0,1,0,0,0,0,0,1,1
2091.330761,1,0,1,0,1,1,0,1,0
2100.231394,1,1,0,0,1,1,1,1,0
2108.201683,1,0,1,0,1,1,1,0,1
2110.650769,1,1,0,1,0,1,1,1,0
2117.014769,0,0,1,1,0,0,0,0,0
2123.077339,0,1,0,0,1,0,1,1,0
2123.215311,1,0,0,1,1,1,0,0,1
2132.122087,1,0,1,0,1,0,1,1,1
2138.241878,0,1,0,0,0,0,1,1,1
2147.859564,1,0,1,1,0,1,0,0,1
2155.223464,0,0,1,0,1,1,1,0,1
2163.011964,1,0,1,1,0,0,0,0,0
2171.185354,0,1,1,1,1,1,0,1,0
2176.767191,1,0,1,0,0,0,1,0,1
2183.786864,0,0,0,1,1,1,0,0,1
2188.526885,0,0,1,0,0,0,1,0,0
2189.513702,1,1,1,0,0,1,1,1,1
2190.991065,1,1,1,1,0,1,1,1,1
2196.903076,1,1,0,0,1,0,1,0,0
2206.481040,0,1,0,1,0,1,1,1,1
2209.297292,1,1,0,0,0,1,0,0,1
2212.925381,1,0,1,1,1,1,1,0,0
2217.358927,0,0,1,1,0,1,1,0,0
2222.686192,0,0,0,1,0,1,1,1,0
2224.718052,0,1,1,1,1,0,1,1,0
2226.441813,0,1,1,1,1,1,1,0,0
2235.262233,0,1,0,1,1,1,1,1,0
2241.660109,1,1,0,1,1,0,1,0,1
2241.794429,0,0,1,1,0,1,0,1,0
2248.522029,1,0,1,1,1,1,1,1,0
2256.522229,0,0,0,0,0,0,1,0,0
2263.180022,0,0,0,0,0,0,0,1,1
2270.713077,1,0,1,1,0,0,1,0,0
2277.372234,1,1,0,1,1,0,0,0,1
2283.242445,0,0,1,0,1,1,1,0,0
2285.153366,1,1,0,0,0,0,0,1,1
2289.697059,1,1,1,1,1,0,0,1,1
2290.424730,1,0,0,1,1,1,1,0,0
2291.269528,1,0,1,0,0,1,1,0,0
2296.379009,0,1,0,0,0,1,0,0,0
2301.760533,1,0,0,1,1,0,0,0,0
2311.046319,1,1,0,0,0,1,0,0,1
2316.602319,0,1,1,0,1,1,1,0,0
2321.494134,1,0,1,1,0,0,0,0,1
2322.129991,0,0,1,0,1,1,0,0,1
2327.074941,1,0,0,1,1,1,1,0,0
2334.160947,1,0,0,0,0,1,1,0,1
2334.868398,1,1,1,0,1,1,0,0,0
2342.141398,0,1,0,1,1,1,1,1,1
2351.523930,1,0,0,1,1,1,0,1,1
2353.521430,0,1,1,0,0,1,1,1,0
2359.973398,0,0,1,1,0,1,0,0,1
2368.459005,1,0,0,0,0,1,0,0,0
2372.981612,0,1,0,1,1,0,1,1,0
2377.251526,0,0,1,0,1,0,0,1,1
2377.468515,0,1,0,0,0,1,1,0,1
2383.704185,0,1,0,1,0,1,0,0,0
2384.052977,1,0,1,1,1,0,1,0,0
2384.319437,0,1,0,1,1,1,0,0,1
2392.034473,1,0,0,0,0,0,0,0,1
2396.492699,1,0,0,0,0,0,1,1,1
2405.883280,1,1,1,0,1,0,0,1,0
2409.081929,0,0,1,1,1,0,0,1,1
2410.630636,1,0,1,1,1,1,1,0,0
2418.463670,1,0,1,0,0,1,1,0,0
2422.019870,0,1,1,1,0,0,1,1,0
2425.187220,1,1,0,0,1,0,1,1,0
2428.353041,0,1,0,1,1,1,1,1,1
2431.619021,1,0,1,0,0,1,0,1,0
2438.219361,1,0,1,1,0,0,1,1,1
2444.396899,1,1,0,1,1,1,1,1,1
2449.849099,0,1,0,1,0,1,0,0,0
2452.801711,1,0,0,0,1,1,0,0,0
2458.045348,0,0,1,1,0,1,0,0,1
2458.330008,1,1,0,1,1,1,1,0,0
2458.478922,1,1,0,0,0,1,0,0,0
2458.515006,1,1,1,0,0,1,1,1,1
2463.572319,1,0,1,0,0,0,0,1,0
2463.884572,0,1,1,1,1,0,0,1,0
2470.551572,0,0,1,1,1,1,0,0,0
2477.722481,0,0,1,0,1,0,1,1,1
2478.131165,1,1,0,0,0,0,1,0,1
2482.914296,1,1,1,0,0,0,0,1,0
2484.137230,0,0,0,1,0,0,1,1,0
2491.010179,1,1,1,1,0,1,0,0,0
2491.744638,0,0,1,1,1,0,0,1,1
2493.056258,1,1,0,0,1,1,1,1,1
2493.124366,1,0,1,1,0,1,1,1,1
2501.267408,0,0,0,1,1,0,1,0,1
2504.321201,1,0,0,1,1,1,0,0,0
2506.206933,0,1,0,1,1,1,1,1,0
2515.146968,1,0,1,0,0,1,1,0,1
2516.902509,1,0,1,1,0,1,0,1,0
2526.565465,0,0,1,0,1,0,1,1,0
2532.719695,0,1,1,0,1,0,1,0,1
2539.380407,0,0,0,1,0,0,1,1,0
2548.193360,0,1,0,0,0,0,0,1,0
2550.287174,0,1,0,0,0,0,1,1,0
2555.220295,1,1,1,1,0,0,0,0,1
2562.737322,1,1,1,0,1,1,0,1,1
2570.515322,1,0,0,1,0,0,0,0,1
2579.544290,1,0,1,1,1,1,1,1,0
2589.218590,0,0,0,1,1,0,0,1,1
2591.356218,0,1,0,1,1,1,1,0,0
2599.074700,1,0,0,1,1,0,0,1,1
2603.942561,0,0,1,0,1,1,1,0,0
2604.232340,1,0,1,1,0,0,1,1,1
2612.276014,1,1,0,1,0,1,0,0,1
2614.404461,1,0,0,0,0,1,0,1,1
2619.740498,0,0,1,0,1,0,0,1,0
2624.170503,0,0,1,1,1,0,1,1,0
2630.927584,1,0,1,0,0,0,0,0,1
2632.244242,0,1,0,1,1,0,1,0,0
2638.707181,1,1,0,1,1,0,0,1,0
2644.233012,0,1,0,0,0,0,0,1,1
2644.443781,0,1,0,0,1,0,0,1,0
2652.347813,1,1,0,1,0,1,1,0,1
2653.516580,0,1,1,0,0,1,1,0,0
2659.672624,1,0,1,0,1,1,0,1,1
2666.914926,0,1,1,1,1,1,0,1,0
2674.950837,0,1,0,1,0,0,0,0,0
2680.962909,0,0,1,0,1,1,0,0,1
2684.058838,0,0,0,1,0,1,0,1,0
2692.643050,0,0,1,0,1,1,0,0,0
2701.676907,0,0,0,0,1,1,1,1,1
2703.332671,1,1,1,0,1,0,0,0,0
2710.573384,0,0,0,1,0,0,0,0,1
2711.827820,1,0,1,0,0,0,1,0,0
2711.870138,0,1,1,0,1,0,0,0,1
2716.897958,1,0,0,0,0,1,1,0,1
2719.967958,0,1,1,1,1,0,1,1,0
2721.381154,1,1,1,1,1,0,1,0,1
2724.435284,0,1,0,0,0,0,0,0,0
2732.904429,1,0,0,1,0,0,0,0,1
2736.694524,0,1,1,1,1,0,1,0,0
2738.229898,1,0,1,1,1,1,1,1,0
2745.675087,0,0,0,1,0,0,0,0,1
2752.699194,0,1,0,1,0,0,0,0,0
2760.099454,1,1,0,0,1,0,0,0,1
2766.695160,1,0,1,1,0,1,1,1,0
2771.012605,1,1,0,1,1,0,1,0,1
2780.964763,0,1,1,1,1,1,0,1,0
2785.465313,1,1,1,1,0,0,1,1,0
2786.721477,1,0,1,1,0,1,1,0,0
2791.115977,0,1,1,0,1,1,1,1,1
2800.201992,0,1,0,0,1,0,1,0,1
2807.771042,1,0,0,1,1,0,0,0,0
2814.687238,1,0,0,0,1,0,0,0,1
2824.659731,1,0,1,1,0,1,1,1,0
2825.849136,0,0,1,0,0,0,1,1,0
2833.562072,1,0,1,1,0,0,1,1,1
2836.593796,0,1,0,0,1,1,1,0,1
2838.844571,0,1,1,1,1,0,1,1,1
2838.925776,0,0,1,1,0,0,0,0,1
2841.706767,1,1,0,0,1,0,0,1,0
2846.707267,1,1,1,1,1,1,1,0,0
2854.428517,1,1,1,0,1,1,0,0,0
2855.366923,1,0,0,1,0,0,1,1,0
2856.749603,0,0,1,1,1,0,1,0,1
2866.405798,0,1,0,0,0,1,1,0,0
2874.232720,1,0,0,0,1,0,1,0,1
2878.709956,1,1,1,1,0,1,0,0,1
2880.276149,0,1,0,1,0,0,0,1,1
2881.077069,1,1,1,0,1,0,0,1,1
2883.662557,0,0,1,1,1,1,1,0,0
2889.030474,1,1,0,0,0,1,0,0,1
2898.808274,1,0,1,0,0,0,0,0,1
2908.339571,1,1,1,0,1,1,1,0,0
2918.029524,1,1,0,0,1,0,1,1,1
2923.890052,0,1,1,0,0,1,0,1,1
2933.777450,0,0,1,1,0,1,1,1,1
2941.453739,0,1,1,1,0,0,0,1,1
2949.079731,0,0,0,0,1,0,0,1,1
2956.088577,1,0,1,1,1,0,0,0,0
2957.597547,0,1,1,0,1,1,1,0,1
2958.272482,1,1,0,1,1,0,1,1,1
2962.361250,1,0,0,0,1,0,1,0,1
2965.405424,1,0,1,0,1,1,0,1,1
2967.891312,0,1,1,1,0,0,0,0,1
2969.348269,1,0,0,1,0,1,1,0,0
2976.125321,1,0,0,1,0,0,1,1,0
2981.719369,0,1,0,1,0,0,1,1,1
2985.423702,0,1,0,0,1,0,0,1,0
2990.699988,0,1,0,1,0,0,0,0,1
2997.291808,0,0,1,0,0,1,1,0,1
2999.578293,1,1,0,0,1,1,1,0,0
3004.621892,0,1,1,0,1,1,1,1,1
3010.744260,0,0,0,0,0,0,0,1,0
3011.374127,1,0,0,0,1,1,1,1,0
3011.443380,1,1,0,1,0,1,1,1,0
3011.975300,0,0,0,0,0,1,1,0,0
3020.458918,1,1,1,1,0,0,0,0,1
3027.699079,0,0,0,1,1,1,0,1,1
3037.234009,0,1,0,1,0,0,1,0,0
3041.234609,1,1,1,0,0,0,1,1,0
3041.618179,0,0,0,0,1,0,0,0,1
3051.487644,1,1,0,0,1,0,0,1,0
3053.110901,0,0,1,0,0,0,0,1,0
3061.028283,1,1,0,0,1,1,1,0,1
3063.911878,0,0,1,1,1,1,1,0,0
3071.687276,1,1,0,0,0,1,1,1,0
3079.972119,1,1,1,1,1,0,1,1,1
3087.699619,0,1,1,1,0,1,0,1,1
3092.963982,0,0,0,1,1,1,1,1,0
3098.994155,1,1,1,0,1,0,0,0,0
3101.565179,0,1,1,1,0,0,1,0,0
3107.978912,1,1,1,1,1,0,0,1,1
3110.305261,1,0,0,0,0,0,1,1,1
3112.763642,0,1,1,0,0,0,1,1,1
3114.023640,1,1,0,1,0,0,0,1,1
3115.529866,0,1,1,1,1,1,1,1,1
3116.753372,1,0,1,1,0,1,0,1,0
3122.949404,0,1,1,0,0,1,0,0,0
3123.519453,1,1,0,0,1,0,1,1,1
3131.190919,1,1,0,1,0,1,0,0,0
3133.766129,1,0,0,1,1,1,0,1,1
3141.147036,0,0,1,0,0,0,0,0,0
3142.655938,1,1,1,1,1,0,1,1,1
3143.572735,0,1,1,1,1,1,0,0,0
3145.631848,0,1,1,1,1,0,0,1,1
3146.429228,1,0,1,1,0,1,1,1,0
3149.107380,1,1,0,1,1,1,0,1,0
3155.651604,1,0,1,0,1,0,1,0,0
3161.277042,1,1,1,0,0,1,0,0,0
3166.213446,1,0,1,0,1,1,1,1,1
3170.131045,0,1,1,1,0,1,0,1,1
3177.054429,0,1,1,0,0,0,0,1,1
3177.506089,0,1,0,1,0,1,0,0,1
3184.380224,1,0,0,1,0,0,1,0,1
3193.886446,1,0,0,1,0,0,1,1,1
3199.446890,0,0,0,1,1,0,1,1,1
3209.311362,0,1,0,1,1,0,1,1,1
3216.220762,1,0,0,1,0,1,1,1,0
3218.615139,0,1,0,1,0,1,0,1,1
3227.918094,1,0,1,0,1,1,1,1,0
3232.373477,1,0,1,1,0,1,1,0,1
3236.556449,0,0,0,1,1,0,1,1,1
3238.714096,0,0,0,0,0,0,1,1,0
3248.518037,1,0,1,0,0,1,1,0,0
3252.590180,0,1,1,1,1,0,1,1,1
3253.977523,0,1,0,1,1,1,1,1,0
3260.671273,1,1,1,1,1,0,1,0,0
3266.149867,1,1,0,1,0,0,0,1,1
3269.968667,0,1,0,1,1,1,1,1,0
3277.088069,0,1,0,1,1,1,1,0,1
3277.764107,1,0,1,1,0,0,1,1,0
3278.097024,0,0,0,0,0,0,1,0,1
3284.604550,1,0,1,0,0,1,1,0,0
3290.329443,0,0,1,0,1,1,0,1,1
3291.675052,1,0,0,0,1,1,0,1,0
3293.322819,0,0,1,1,1,0,0,0,0
3297.781205,0,1,1,1,0,0,0,1,1
3300.851205,0,0,1,0,1,1,1,0,0
3308.226883,1,0,1,0,0,0,0,0,0
3309.192416,1,1,1,0,0,0,0,1,0
3318.677117,0,0,1,0,1,1,0,1,0
3326.366424,1,1,1,1,1,0,1,1,0
3331.188370,0,1,1,0,1,0,0,0,0
3331.433248,0,0,1,1,0,0,1,0,0
3335.004283,1,1,1,0,0,1,1,1,0
3339.121591,1,0,1,0,0,0,1,0,0
3339.814829,0,0,1,1,0,1,1,0,0
3342.563302,1,0,0,1,0,0,0,0,0
3342.859548,1,1,1,1,0,1,0,0,0
3349.067793,1,0,0,1,1,1,0,1,1
3355.338436,1,0,1,0,1,1,1,1,1
3362.005436,1,1,1,0,1,0,1,1,0
3370.363809,0,1,1,0,1,1,0,1,1
3377.941371,1,0,1,1,1,0,0,1,1
3383.064809,1,0,0,0,1,0,0,0,1
3387.410924,1,0,0,0,1,1,1,0,0
3389.829265,0,0,1,0,0,1,0,0,1
3392.664627,0,1,0,0,1,0,1,1,0
3402.195924,0,1,1,0,0,0,1,0,0
3410.590734,1,0,1,0,1,1,0,1,1
3415.514318,1,0,0,0,0,1,0,0,1
3420.514818,0,0,0,1,0,0,1,0,0
3423.864614,1,1,1,1,1,0,0,1,1
3427.469650,0,1,0,0,1,1,0,1,0
3436.021519,0,1,0,0,1,0,1,1,0
3436.959925,1,0,0,0,1,1,0,1,1
3441.852522,1,1,0,0,1,0,0,1,0
3442.301063,1,0,1,1,0,1,0,0,1
3445.772506,0,1,0,0,0,1,1,0,1
3454.480710,1,0,0,0,1,1,0,1,0
3456.372277,0,1,1,1,0,0,1,0,1
3466.056103,0,1,1,1,0,1,0,0,1
3471.627974,1,1,0,1,1,1,1,1,1
3475.332308,0,0,1,0,0,1,1,1,1
3481.262947,1,0,0,0,1,0,0,1,0
3485.354447,1,0,0,1,1,0,1,0,1
3493.489682,0,0,0,1,1,0,0,0,0
3500.505231,1,1,0,0,0,1,1,0,1
3509.757006,0,0,0,1,1,0,0,1,0
3512.617890,0,1,1,1,1,1,0,0,1
3518.476147,0,0,1,0,1,0,1,1,1
3520.947178,1,1,0,1,0,1,0,1,0
3529.791514,1,1,0,0,0,0,1,1,0
3539.063739,1,1,0,0,1,0,0,1,1
3545.719811,0,0,0,1,0,1,0,1,1
3554.241971,1,1,1,1,1,1,0,0,0
3563.246737,0,1,0,1,1,0,1,0,0
3566.485508,0,0,1,0,1,0,1,0,0
3571.042504,1,0,0,1,1,1,1,1,1
3580.413995,1,1,0,0,1,1,1,1,1
3581.228868,0,1,0,1,0,0,0,0,1
3584.809462,1,0,1,1,0,0,1,0,1
3587.234462,0,1,1,1,1,1,1,1,1
3593.554830,1,1,0,1,0,0,1,0,1
3596.695910,1,0,1,1,0,0,0,0,0
3604.779435,1,1,1,0,1,0,0,1,1
3612.323540,0,1,0,0,0,1,0,0,0
3615.424667,0,0,0,1,0,1,0,1,0
3619.961141,1,0,0,1,1,0,0,1,0
3622.565056,0,1,1,0,1,0,1,1,0
3631.029560,1,1,1,0,1,1,1,1,1
3633.150884,1,0,1,1,0,0,0,1,1
3642.671571,0,0,0,1,0,0,0,0,1
3643.255529,1,0,1,0,0,0,1,1,1
3647.507116,0,0,1,0,1,0,1,1,0
3649.065164,1,1,0,0,1,1,1,0,1
3655.620130,0,1,1,0,1,0,1,1,1
3661.827406,1,0,0,0,0,0,1,1,0
3663.892082,1,0,1,1,1,0,0,1,0
3668.793034,1,1,0,0,0,0,1,1,1
3669.296561,1,1,1,1,1,1,1,1,0
3669.812974,1,1,1,1,1,1,1,1,0
3672.978706,1,1,0,0,0,1,1,0,1
3681.457119,1,1,0,0,0,0,1,0,1
3682.374608,0,1,1,1,1,1,0,1,0
3691.526992,0,1,1,1,1,0,1,1,0
3695.845742,1,1,1,0,1,0,0,1,0
3699.278602,0,0,0,1,1,0,1,1,0
3701.134255,0,0,1,0,1,0,0,0,1
3706.958102,0,0,0,0,0,1,1,0,0
3711.812418,1,1,0,1,0,0,1,0,0
3719.590418,0,0,1,1,1,1,0,1,1
3729.343529,1,0,0,1,1,1,1,1,1
3736.010529,1,0,1,0,0,0,0,0,1
3738.108777,1,1,1,0,1,0,0,1,0
3741.483300,1,1,1,0,0,1,1,0,1
3746.462343,1,1,0,0,1,0,0,0,0
3749.641319,1,1,1,1,1,1,1,0,0
3750.033160,1,0,0,1,0,0,1,0,1
3753.426678,0,0,0,0,0,0,0,1,0
3754.915132,0,1,0,1,0,1,0,1,0
3755.987454,0,1,1,1,1,0,1,0,0
3762.082735,1,0,1,0,1,0,1,0,1
3769.633180,0,1,0,0,1,0,0,0,1
3773.563829,0,1,1,0,0,0,0,0,0
3775.505666,1,0,0,1,0,0,1,1,1
3781.387775,0,0,1,0,1,1,0,0,1
3787.142298,1,0,0,1,1,1,0,0,0
3790.526293,0,1,0,0,1,1,1,1,0
3792.456034,1,0,0,1,0,1,1,1,0
3802.382512,0,0,1,0,0,0,0,1,1
3810.439578,0,1,1,1,1,0,1,0,0
3812.440378,0,0,1,1,0,0,0,1,1
3815.830870,1,1,0,1,1,0,0,1,1
3816.288903,1,1,1,0,0,1,0,1,1
3824.901945,0,1,1,1,1,0,1,1,1
3833.559797,0,1,0,0,1,0,0,1,1
3837.866785,1,0,0,0,1,1,1,1,1
3841.533107,0,0,0,0,0,0,1,1,0
3850.462655,0,0,0,1,0,1,1,1,0
3855.863572,1,1,0,1,1,0,1,1,0
3856.125984,1,1,1,1,1,0,0,1,1
3857.368471,0,1,0,1,0,0,1,0,0
3867.126364,1,0,0,1,0,1,0,0,1
3870.062851,1,1,0,1,1,1,1,0,0
3876.846389,1,0,1,0,1,1,1,1,0
3879.347139,1,0,1,1,0,1,0,0,0
3879.793245,1,0,0,0,0,0,0,0,1
3888.337191,1,1,1,1,1,0,1,0,0
3895.901381,1,1,1,1,1,1,1,1,0
3905.782061,0,0,1,1,1,1,1,1,1
3911.149936,1,1,1,1,1,0,0,0,1
3918.260131,0,1,1,0,0,0,1,1,1
3923.141428,0,0,1,0,0,1,1,0,1
3928.026997,1,1,0,1,0,0,0,1,0
3928.426439,1,0,0,1,1,1,0,0,1
3937.300546,0,0,0,1,0,1,0,1,0
3939.325884,1,1,1,1,0,1,1,0,0
3945.847971,1,0,1,1,0,1,1,1,0
3955.191973,0,1,1,1,1,1,1,1,0
3962.740356,0,1,0,1,1,0,0,1,1
3969.380851,0,0,0,0,1,0,1,0,0
3970.802033,1,0,1,1,1,1,1,0,0
3971.597474,1,1,1,1,1,0,0,0,0
3975.724045,0,0,1,1,1,0,0,1,0
3977.192789,1,1,1,1,0,1,0,1,0
3979.122379,0,0,0,1,0,1,1,0,0
3980.437989,0,1,0,0,0,1,0,1,0
3980.967026,1,1,0,0,1,0,1,0,1
3987.074969,0,0,1,0,0,1,1,1,0
3993.314539,1,1,0,1,1,1,1,1,1
3994.133909,0,0,0,1,0,1,1,1,1
3998.778994,0,1,1,1,1,1,0,1,0
3999.619071,0,0,1,0,0,1,0,0,0
4002.542856,0,1,0,0,1,1,0,1,1
4003.168793,1,0,1,1,1,1,0,1,0
4003.343387,1,1,1,1,1,0,1,1,0
4013.295545,1,1,0,1,1,0,1,0,1
4021.505001,1,1,0,1,0,1,1,0,0
4023.136827,1,1,0,1,0,0,1,1,1
4024.432662,0,0,1,1,1,0,1,1,0
4028.491227,0,0,0,1,1,1,1,0,1
4028.935868,0,0,1,0,0,1,0,1,1
4034.495136,1,1,1,1,1,1,1,0,0
4042.995286,0,0,1,0,0,0,1,0,1
4052.910549,0,0,1,1,0,1,1,1,0
4061.910649,1,1,1,1,1,0,0,0,0
4062.628877,0,1,1,0,0,1,1,0,1
4069.027480,0,0,0,0,0,1,1,0,1
4078.887634,1,0,0,0,1,0,1,1,1
4084.700470,0,1,1,1,0,1,1,1,0
4088.463064,1,0,0,1,1,1,1,1,1
4094.574564,0,0,1,0,0,1,1,0,0
4098.270846,0,1,1,1,0,0,0,0,1
4102.934841,1,1,1,0,1,0,1,1,1
4104.708391,1,0,0,0,0,0,1,0,1
4105.208233,0,0,0,1,1,1,1,0,1
4109.433233,1,0,0,1,1,0,1,1,1
4115.191233,0,1,1,0,0,0,1,1,1
4122.372042,1,0,1,0,0,0,0,0,1
4129.483442,1,1,1,0,1,1,0,0,0
4135.377893,0,0,0,0,0,0,0,1,0
4141.444637,1,1,0,0,1,1,1,1,1
4147.650144,0,0,0,1,1,1,0,1,1
4151.358639,1,1,1,1,1,1,1,1,0
4155.982670,1,1,1,1,1,1,0,0,0
4164.674899,0,1,1,0,0,1,1,1,1
4164.966568,1,1,0,0,1,1,1,0,0
4171.420411,1,0,1,1,0,1,1,0,1
4175.982553,1,0,0,1,0,1,1,0,1
4180.538653,0,0,1,0,1,0,0,1,1
4186.299446,1,1,0,0,1,1,0,0,1
4190.696046,0,0,0,1,1,0,1,1,0
4199.204188,0,1,0,0,0,0,0,0,1
4201.704938,1,0,0,0,0,0,0,1,1
4206.275214,0,0,1,1,1,0,1,1,0
4214.275414,1,0,1,1,1,0,1,0,1
4218.189066,0,0,1,1,0,0,0,0,1
4227.020028,1,1,0,0,1,1,1,0,0
4233.687028,1,0,1,0,0,0,0,1,0
4234.860110,0,0,1,1,1,1,0,1,1
4241.324085,1,1,1,0,0,0,0,1,1
4248.053735,0,0,1,0,0,1,0,1,1
4251.306837,0,0,0,1,0,1,1,0,1
4257.178218,1,1,0,1,1,1,1,1,0
4261.082794,0,0,0,1,0,0,0,0,1
4263.880125,0,0,1,0,0,0,0,0,0
4264.459102,0,1,1,0,1,1,0,1,0
4267.914302,0,0,0,1,0,1,0,0,1
4270.505716,1,1,1,1,0,0,1,0,0
4270.944048,0,0,0,1,0,1,1,0,1
4273.516220,1,0,0,1,0,0,1,0,1
4282.455318,1,0,1,0,0,0,1,0,1
4290.240092,1,1,1,0,1,1,0,0,0
4291.733148,0,1,0,1,0,1,1,1,0
4299.056386,0,1,1,0,1,0,0,0,1
4299.873277,1,1,0,1,1,0,1,1,0
4300.203111,0,0,0,1,0,0,0,1,1
4303.139141,0,0,0,1,1,0,1,0,1
4311.632442,1,1,1,0,1,1,0,0,1
4315.932078,1,0,0,0,0,1,0,0,0
4323.813084,0,1,1,1,1,1,1,1,0
4325.320344,0,0,1,0,0,0,1,1,1
4331.374993,1,1,1,1,0,1,0,1,0
4336.487357,0,0,0,1,1,1,1,1,0
4337.489955,1,0,1,0,1,0,1,0,0
4342.622021,0,0,1,0,1,0,1,0,0
4349.479478,0,1,0,1,0,1,1,1,1
4351.117945,0,0,0,1,0,1,0,1,0
4356.492557,1,1,1,1,1,1,0,0,1
4356.893517,0,0,1,0,0,0,1,0,1
4358.022038,1,1,0,0,0,0,0,0,1
4364.942545,1,0,1,0,1,0,0,1,1
4365.065633,0,1,1,0,0,1,0,1,0
4366.277543,1,1,0,0,0,1,0,0,1
4367.243838,0,0,1,1,1,0,0,1,0
4375.844801,1,1,0,1,1,0,1,1,0
4377.187439,1,0,1,0,0,1,1,0,1
4384.294871,0,0,1,0,0,0,1,0,0
4387.359022,1,1,0,0,1,1,1,1,1
4390.559702,0,0,0,1,1,1,0,0,1
4399.681927,1,1,1,1,1,0,0,0,1
4403.262295,0,1,0,1,0,0,1,0,1
4407.927008,0,0,1,0,1,0,1,0,0
4415.899433,0,1,0,0,0,1,1,1,1
4419.288329,1,0,1,1,1,1,0,0,0
4421.501174,1,0,0,1,1,1,0,0,0
4427.573990,1,1,0,0,1,0,0,0,1
4430.297231,1,0,0,1,1,1,0,0,1
4437.468245,1,1,1,0,1,0,1,0,1
4447.205114,1,1,0,1,0,0,0,0,0
4455.402968,1,1,1,1,0,0,1,1,0
4458.588284,1,0,0,0,1,0,1,0,0
4467.855185,0,1,0,0,0,0,1,1,0
4474.772489,0,1,0,1,0,0,0,1,0
4475.380409,1,1,0,0,0,1,1,0,0
4483.206713,0,1,1,0,1,1,1,1,0
4489.304664,0,1,1,1,1,1,0,1,1
4493.948057,0,0,0,1,1,1,1,0,0
4496.268911,1,1,1,1,0,1,1,1,0
4500.144204,0,1,0,0,0,1,1,0,1
4507.759121,1,0,0,1,0,0,0,1,0
4511.973536,1,0,0,1,0,1,1,0,0
4514.658952,0,1,1,0,1,1,1,0,0
4516.383918,0,1,0,1,1,1,0,0,0
4525.075959,1,1,0,0,0,0,1,1,0
4525.394001,1,0,1,1,1,1,1,1,1
4526.015323,1,0,0,0,0,0,0,1,1
4531.612778,0,0,0,1,1,1,0,0,1
4532.011748,0,1,1,0,1,0,0,0,0
4541.724892,0,0,0,0,0,0,0,1,0
4543.269597,0,1,1,1,1,1,0,1,1
4546.239244,1,0,1,0,1,0,0,1,1
4546.312570,1,0,0,0,0,1,0,0,0
4547.830006,1,0,1,0,1,1,0,1,0
4552.216532,0,1,1,1,0,1,0,1,0
4553.643009,0,0,1,0,0,1,1,1,1
4560.508994,0,1,0,0,0,0,1,1,0
4569.842394,0,1,0,1,0,0,1,0,0
4572.005340,1,0,0,0,1,0,1,1,0
4576.450340,0,1,0,1,1,0,1,0,0
4577.980868,1,1,0,1,1,1,1,1,0
4582.560849,1,1,1,1,1,1,0,1,0
4587.230434,1,0,1,0,0,0,0,0,0
4593.103862,0,1,0,1,0,0,0,0,0
4602.463683,1,0,0,0,1,1,0,0,1
4605.421376,0,0,0,1,0,1,0,0,0
4614.783481,1,0,0,0,0,0,1,0,0
4619.471513,0,0,0,1,0,1,0,1,0
4619.597055,0,1,0,1,0,1,0,1,1
4625.208779,0,0,0,1,1,1,1,0,0
4634.439626,0,1,1,1,0,0,0,1,1
4642.689801,1,1,0,0,1,1,0,1,1
4648.623222,1,1,1,1,1,1,1,0,1
4657.139185,1,1,0,1,0,0,1,0,0
4662.496792,1,1,1,1,1,0,1,0,1
4663.956940,1,1,1,0,0,0,1,0,1
4667.900844,1,1,1,1,0,0,1,0,0
4674.978381,1,0,1,0,1,0,0,0,1
4679.589309,0,0,1,0,0,1,1,1,0
4687.015427,1,1,1,0,0,1,0,0,1
4691.226532,1,1,0,0,0,1,1,0,1
4693.816372,0,0,1,0,1,1,1,0,1
4697.366800,0,0,0,0,0,1,1,1,1
4703.774155,1,0,0,1,1,1,1,1,1
4711.805440,1,1,0,0,0,1,0,0,1
4717.336433,1,0,0,0,1,1,0,1,0
4717.772173,0,0,0,1,0,0,0,0,1
4722.289855,1,1,0,1,0,0,1,1,0
4723.203542,1,0,1,0,1,1,0,1,1
4723.240902,0,1,1,1,0,1,0,0,0
4732.969436,1,1,0,1,1,0,1,1,0
4736.232916,0,0,1,1,1,1,1,0,1
4740.400166,0,1,0,1,0,0,1,0,1
4746.453776,1,1,1,1,1,1,1,1,1
4756.266570,1,1,1,1,1,0,1,0,1
4765.404587,1,0,0,0,0,0,0,0,0
4769.031287,1,1,0,0,0,1,0,1,1
4774.893770,0,0,1,1,0,0,1,1,0
4775.658582,1,0,0,0,0,1,0,0,1
4781.582335,0,0,1,0,1,1,0,1,0
4785.150341,0,1,0,1,0,0,0,1,1
4791.082951,0,0,1,0,0,1,1,1,0
4794.548951,1,1,1,1,0,0,1,1,0
4798.713171,0,0,1,1,0,1,0,0,1
4808.584979,1,0,0,0,1,1,1,1,1
4811.445653,1,0,0,0,0,1,1,0,1
4821.250687,1,1,1,0,0,1,0,0,1
4830.895955,0,1,0,1,1,0,0,0,0
4834.296366,0,0,0,0,1,0,1,1,0
4842.750129,0,0,1,1,1,1,0,1,1
4848.055861,1,1,1,1,1,1,0,1,1
4856.401615,0,1,1,0,1,1,0,1,0
4859.364725,0,0,1,0,1,0,1,1,1
4864.276951,0,1,0,1,0,0,0,1,1
4874.092920,1,1,1,0,1,0,1,0,1
4879.715547,0,0,0,0,0,1,0,0,0
4889.594680,1,1,0,1,0,0,0,0,0
4890.336347,1,1,1,0,1,0,1,1,0
4899.782031,1,0,0,0,0,1,0,1,1
4908.492762,1,1,1,1,1,0,0,0,1
4912.440735,1,0,0,1,0,0,0,0,0
4920.102439,1,0,0,0,0,0,0,0,1
4924.619117,0,1,0,0,1,1,0,0,1
4934.567575,0,0,1,1,0,1,0,0,0
4936.488758,0,0,0,1,0,0,0,0,0
4937.419152,1,1,1,1,1,0,0,1,0
4943.808838,0,1,1,0,1,0,1,0,1
4950.445946,0,0,0,0,0,1,1,0,0
4955.780431,1,0,1,0,1,0,0,0,0
4959.759055,1,0,1,1,0,0,0,1,1
4969.675171,0,1,1,0,1,1,1,1,0
4971.768985,0,0,0,0,1,0,0,1,0
4971.769985,0,0,0,0,1,0,1,1,0
4978.973655,1,1,0,1,0,0,1,1,1
4987.835557,0,1,1,0,0,0,0,1,1
4997.567944,1,1,0,0,0,1,0,1,1
4999.947561,0,1,1,0,1,1,1,0,0
5004.506062,0,0,1,1,0,1,0,0,1
5013.682614,0,1,1,1,1,0,0,1,0
5019.790386,0,1,0,1,0,1,1,1,1
5026.543048,0,1,1,1,1,0,1,1,1
5030.029704,1,0,0,1,1,0,1,1,1
5032.409107,1,0,0,0,0,0,0,0,1
5034.375300,1,0,0,0,1,1,0,1,1
5044.064596,1,0,0,0,1,0,0,1,1
5053.581184,0,1,1,1,0,1,0,0,1
5059.574851,0,0,1,1,1,0,0,1,1
5067.075101,1,1,0,1,1,1,0,0,0
5070.977056,1,0,1,0,1,1,1,1,0
5079.958290,0,0,1,0,0,0,0,1,1
5082.121236,0,0,1,1,1,0,1,0,0
5084.071726,1,1,0,1,1,0,0,0,1
5089.085630,1,0,1,1,0,0,1,1,1
5095.386000,1,0,0,1,1,1,1,1,0
5102.571996,0,0,0,0,1,0,0,1,0
5108.719690,0,0,1,1,0,1,0,1,0
5116.194245,1,1,0,0,1,0,1,0,1
5123.407237,0,0,0,1,0,0,0,0,1
5130.409826,1,0,1,1,1,1,1,1,1
5130.700652,0,0,0,1,1,0,1,1,1
5134.504088,0,1,1,1,1,0,1,1,1
5143.881313,1,0,0,0,0,0,1,1,0
5151.339454,1,1,0,0,1,0,0,0,0
5157.883010,1,0,1,0,0,1,1,1,1
5166.777678,1,1,1,1,1,1,1,0,1
5168.829213,1,1,1,1,0,1,0,1,1
5170.279343,0,1,0,1,0,0,1,0,1
5176.803128,0,1,1,0,1,0,0,1,1
5182.434335,0,1,0,1,1,0,0,0,0
5189.783997,1,1,0,0,1,1,1,1,0
5194.434128,1,0,0,0,0,0,1,0,1
5199.662618,1,0,0,1,1,1,0,1,0
5207.768534,0,1,1,1,0,0,0,0,0
5210.275550,1,1,1,1,1,0,1,0,1
5216.952711,0,0,1,0,1,1,1,0,0
5221.921367,0,1,0,1,0,1,0,1,1
5224.109648,1,1,0,1,0,0,0,0,1
5225.605826,1,0,1,0,1,1,1,1,1
5225.843769,0,1,0,1,0,1,0,0,0
5230.924820,1,1,1,0,0,0,0,1,0
5236.939043,0,0,0,1,0,0,0,1,1
5238.328793,0,1,0,1,0,0,1,0,0
5241.694637,0,0,1,0,0,1,1,0,0
5250.647123,1,0,1,1,1,1,0,1,0
5257.086648,1,0,1,0,1,0,1,1,0
5263.587954,1,0,1,1,1,1,1,0,0
5264.968126,1,1,1,1,1,1,0,0,1
5273.809253,0,1,0,1,1,1,0,0,0
5274.102963,1,0,1,0,0,0,1,0,1
5276.065863,1,1,0,0,1,1,1,1,1
5279.359217,0,1,1,1,1,1,1,0,0
5286.083682,1,0,1,0,0,1,0,0,1
5286.828409,0,1,0,1,1,0,1,0,0
5288.708202,0,1,1,0,1,1,0,0,0
5291.592350,0,0,0,1,0,0,1,0,0
5300.488856,1,1,0,0,0,0,0,1,0
5306.474921,1,0,0,1,1,1,0,0,0
5308.078432,0,0,1,1,1,0,1,0,1
5314.972430,0,0,0,1,0,0,1,1,1
5319.010505,0,0,1,1,0,0,1,1,1
5320.162905,0,0,1,0,1,1,0,1,1
5320.658042,0,0,0,1,0,0,1,0,0
5321.451503,0,0,1,1,1,1,0,1,1
5325.591700,0,0,1,1,1,0,0,0,0
5326.005502,0,1,0,1,0,0,0,1,0
5326.222308,1,1,1,0,0,1,1,0,0
5335.142551,1,0,0,0,0,1,0,0,1
5338.779551,0,0,1,1,0,1,0,1,1
5344.476951,0,0,1,0,0,1,1,1,1
5349.909934,0,1,1,1,0,0,1,0,0
5357.633947,1,0,0,1,0,1,1,0,0
5366.770579,1,0,1,1,0,0,1,0,0
5367.472696,0,1,0,1,1,1,0,0,1
5375.862370,0,1,0,0,1,0,0,0,1
5383.640370,1,1,0,0,0,1,0,1,0
5389.687277,1,0,1,1,0,1,0,0,0
5393.553139,0,1,0,1,1,1,1,0,1
5394.387389,0,0,1,0,1,1,1,1,0
5401.105666,0,0,0,0,1,1,0,1,0
5407.793575,1,1,0,1,1,1,0,1,0
5413.769587,0,1,0,1,0,1,0,0,1
5413.770587,0,1,0,0,1,0,0,1,1
5416.805966,1,0,1,1,0,1,0,0,0
5425.649057,1,0,1,1,0,0,1,0,1
5426.270520,1,0,0,1,1,1,0,1,0
5434.035449,0,1,1,0,0,0,0,0,1
5440.377572,0,1,1,1,0,0,1,0,0
5441.211822,0,0,1,1,1,0,0,0,0
5443.381555,0,0,1,0,1,0,1,1,1
5448.051140,1,1,0,0,0,0,1,0,1
5454.580899,1,1,1,0,1,1,0,1,1
5459.468288,1,1,0,1,0,0,0,1,1
5464.034049,1,0,0,1,0,0,0,1,1
5473.243805,1,1,1,0,1,1,1,0,0
5479.479000,1,0,1,0,0,0,1,1,1
5480.396180,0,1,0,0,0,0,0,1,0
5488.286299,0,0,1,0,1,1,1,1,1
5497.810768,0,0,0,1,0,1,1,0,0
5501.054687,1,0,0,0,1,0,1,1,0
5508.382778,0,0,0,1,1,0,0,1,0
5509.401640,1,0,0,0,0,1,0,1,1
5516.901890,0,0,1,0,0,0,0,0,1
5522.625523,1,0,1,1,0,1,0,1,0
5532.234500,1,0,1,0,1,1,1,0,0
5537.724566,1,0,0,0,0,1,0,1,1
5547.532277,1,0,0,0,1,1,1,0,1
5555.358582,1,1,0,1,0,0,1,0,1
5562.577170,1,0,1,1,1,0,1,0,1
5571.043990,0,0,1,0,0,1,1,0,0
5576.895798,1,0,1,0,0,1,1,1,0
5581.964011,0,0,1,1,1,1,0,1,1
5588.462599,0,0,1,0,0,1,1,0,1
5597.856599,1,0,1,1,1,0,1,0,0
5600.421445,0,1,1,1,0,0,1,1,1
5602.158798,0,0,1,1,1,0,0,1,0
5608.882530,1,0,0,0,1,1,1,1,0
5616.998660,0,1,0,1,1,0,1,1,0
5626.699118,1,0,1,1,1,1,0,1,0
5636.650263,1,1,1,1,1,1,0,0,1
5645.368340,1,1,1,0,0,1,0,1,0
5651.339966,1,1,0,1,0,1,1,0,0
5653.054756,1,0,0,1,0,0,0,1,0
5659.825079,0,0,0,1,0,0,1,1,1
5669.001191,1,0,0,0,0,0,1,0,1
5669.140906,0,0,0,0,0,0,0,0,1
5677.941026,0,1,1,0,1,1,0,1,1
5682.052112,0,0,1,1,0,0,0,0,1
5691.549650,0,0,1,1,1,0,0,1,1
5694.505410,0,0,1,0,1,0,1,0,0
5703.317074,1,1,1,1,0,1,1,0,0
5708.343056,0,1,0,1,0,0,0,1,0
5710.289807,0,1,1,1,1,0,1,1,1
5719.966005,0,1,0,1,1,1,1,1,1
5728.684082,1,1,1,1,1,0,0,0,0
5734.738289,1,0,0,1,0,0,1,0,0
5738.184637,1,1,1,0,1,1,1,1,0
5746.102440,0,1,0,0,0,1,0,0,1
5754.192519,0,0,1,0,1,1,1,1,1
5764.000844,0,0,1,1,1,1,0,1,1
5769.470048,0,1,1,0,0,1,1,0,1
5772.592484,1,1,1,1,0,0,0,0,0
5777.887072,0,1,1,0,1,0,1,0,0
5781.001795,0,1,0,1,1,1,0,1,1
5784.712951,0,1,0,1,0,1,0,1,0
5789.109116,0,1,0,1,1,1,1,1,0
5794.999937,1,1,1,1,1,0,1,1,1
5803.302859,1,1,1,0,0,0,0,1,1
5803.349938,0,0,0,1,1,0,1,1,0
5811.225394,0,1,1,1,0,0,1,0,1
5816.461602,0,1,1,0,1,1,0,0,1
5816.677499,1,1,0,1,0,1,1,0,0
5820.181798,1,0,0,0,1,0,0,1,0
5822.289557,0,1,1,1,0,1,0,0,1
5823.254125,1,0,1,0,0,1,0,1,1
5826.588125,0,0,0,1,0,1,0,0,1
5833.897687,1,1,1,1,1,1,1,1,0
5834.095389,0,0,1,1,1,1,1,1,0
5839.592528,0,1,1,0,1,0,1,1,0
5844.546736,1,1,0,1,0,0,1,0,0
5850.090892,1,0,0,1,0,1,0,0,1
5857.023017,0,1,0,1,1,1,1,1,1
5858.773486,0,1,0,0,1,1,1,0,1
5861.901209,0,1,1,1,0,0,0,0,1
5868.586934,0,1,1,1,0,1,1,0,0
5873.296052,1,1,0,0,1,0,1,1,0
5877.745426,1,1,1,0,1,0,1,0,1
5878.902497,1,0,1,0,0,0,1,0,0
5881.700922,0,0,0,1,0,0,1,1,1
5884.398281,0,1,0,0,1,0,0,1,1
5886.521162,1,0,0,1,1,0,1,0,0
5896.233233,1,0,1,1,1,1,0,1,0
5900.996881,0,0,0,1,0,0,1,0,1
5907.602725,1,1,0,1,1,0,0,1,1
5908.276303,1,0,0,0,1,0,0,0,1
5909.268328,0,1,0,1,0,1,0,0,1
5910.593778,1,1,1,0,0,0,1,1,0
5920.041070,1,0,1,1,1,0,1,0,0
5922.750962,0,1,0,0,0,1,0,1,0
5924.504488,1,0,0,1,1,1,1,0,1
5929.824105,0,1,0,0,1,1,0,0,1
5939.207728,1,1,1,1,0,0,1,1,1
5946.304793,1,1,0,1,0,0,0,0,1
5954.413090,1,1,0,0,0,1,1,0,1
5963.434167,1,0,1,0,1,1,1,1,0
5965.212767,0,1,0,0,1,0,1,1,0
5969.739499,0,0,0,0,0,1,1,0,0
5978.930954,1,1,1,0,0,0,1,0,0
5979.116836,1,1,0,1,1,1,0,0,0
5981.260479,1,0,0,1,1,0,0,0,0
5987.146400,0,1,1,1,0,1,0,0,0
5995.704236,1,0,0,1,0,1,0,1,0
6003.759986,0,0,0,1,0,1,0,1,0
6004.681610,1,1,1,1,1,1,1,0,0
6011.171113,0,0,0,1,0,0,0,0,1
6016.489501,0,1,0,1,0,0,0,1,1
6017.965763,1,1,0,0,1,1,0,0,1
6021.949938,0,0,0,0,0,0,1,1,0
6024.378135,1,0,1,0,1,1,1,1,0
6030.657837,0,0,0,0,1,0,1,1,1
6039.979333,0,0,1,0,0,0,0,1,1
6045.748987,1,0,0,0,1,1,0,1,0
6053.371603,0,0,1,0,0,0,0,0,1
6059.484796,1,1,1,1,1,1,1,0,0
6067.886377,0,1,0,1,1,0,1,1,1
6073.625200,1,0,0,1,1,0,1,1,0
6074.596977,1,1,1,0,0,1,0,1,1
6076.638589,0,1,1,1,1,0,1,1,0
6077.345401,1,0,1,0,1,1,0,0,1
6086.534223,1,1,0,0,0,1,0,1,1
6094.830793,1,1,1,0,1,1,0,1,0
6101.561278,1,0,1,0,1,0,0,0,1
6105.328136,0,1,0,1,0,1,0,0,0
6108.334970,0,0,1,0,1,1,0,1,0
6108.555728,1,1,1,0,1,1,1,1,1
6115.222728,0,1,1,0,0,0,0,0,0
6117.164711,1,1,1,0,0,0,1,0,1
6124.296392,0,1,0,1,0,1,1,0,1
6129.789962,0,0,1,0,1,0,0,1,1
6133.300815,1,1,1,0,0,0,1,0,1
6136.334960,1,1,1,1,0,0,0,1,1
6143.838427,0,0,1,1,0,0,0,1,0
6146.782953,1,0,0,1,0,0,1,0,1
6152.016590,0,0,0,0,1,0,1,1,1
6160.462619,1,0,0,0,0,0,1,1,1
6160.796919,1,1,1,1,0,1,0,0,1
6162.742169,1,1,1,1,1,1,0,1,1
6167.288169,1,0,1,0,1,0,1,1,0
6171.015212,1,1,1,0,0,1,1,0,0
6173.232572,0,0,0,1,1,1,1,0,1
6174.709934,1,0,0,0,1,0,0,0,0
6180.978056,0,1,1,0,1,1,0,1,0
6185.669235,1,0,1,0,1,1,0,1,0
6193.958879,1,0,0,1,1,0,1,1,1
6201.234694,1,0,1,0,0,1,1,1,0
6203.012227,1,1,0,0,0,0,1,1,0
6209.313826,1,1,1,0,0,1,0,0,0
6216.323471,0,1,1,1,1,0,0,0,1
6218.981863,0,0,1,1,0,0,1,0,0
6228.885098,1,1,0,0,1,0,0,0,0
6234.577837,1,0,0,1,1,0,1,0,1
6244.457124,0,0,0,0,1,1,1,0,0
6250.586544,0,0,0,1,0,0,1,0,0
6256.288466,0,1,0,0,1,1,1,0,1
6263.286222,1,0,1,0,0,0,0,1,0
6263.612633,1,1,0,0,0,1,1,1,0
6265.488446,0,0,0,0,1,0,0,1,0
6273.833832,1,0,1,1,1,1,0,0,1
6282.381463,0,0,0,1,1,0,0,0,0
6287.537986,0,0,1,0,0,0,1,1,0
6288.410642,0,0,1,0,1,0,0,1,1
6298.385069,0,1,1,0,0,1,1,1,0
6306.956641,1,0,0,0,1,1,0,1,0
6310.960262,0,1,0,0,0,0,1,0,0
6314.510907,1,1,1,1,1,1,0,0,1
6317.754237,0,1,1,0,1,1,1,0,1
6321.055641,1,0,1,0,1,0,1,1,1
6330.487796,1,0,0,0,0,0,1,1,0
6339.081687,1,0,0,1,1,0,0,0,1
6341.460072,0,0,0,1,1,1,1,0,1
6341.670475,1,0,1,0,1,1,1,1,1
6350.261717,0,0,0,0,0,1,1,1,0
6351.757133,1,1,0,0,0,1,0,0,1
6358.138150,1,1,1,1,1,1,0,0,0
6366.330639,0,1,0,1,1,1,0,1,1
6374.563261,0,1,0,1,0,0,1,0,1
6377.842622,1,0,1,1,1,1,1,0,1
6384.983882,1,0,1,1,1,1,1,0,1
6392.889752,1,0,1,0,1,0,1,1,0
6396.415580,1,0,1,1,1,1,1,0,1
6396.821656,1,1,1,1,1,0,1,0,0
6397.036203,0,0,1,0,0,1,0,1,0
6402.507394,0,1,0,0,1,0,1,1,0
6411.538224,1,0,1,1,1,1,1,0,0
6414.510355,1,0,0,1,1,0,1,0,0
6420.911394,1,1,0,1,0,0,0,1,1
6428.514829,1,0,1,0,0,1,1,1,0
6429.243029,1,0,0,1,1,0,0,1,1
6435.803140,0,1,0,0,1,1,1,0,1
6443.628700,0,0,1,1,1,0,1,1,1
6447.040817,0,1,0,1,0,1,1,0,1
6451.804977,0,0,0,1,1,0,1,1,1
6460.944568,0,0,1,1,0,1,0,0,0
6469.563754,0,0,0,0,1,0,0,0,1
6474.627538,1,0,0,0,1,0,1,0,1
6481.225389,1,0,0,1,0,1,1,1,0
6487.696330,1,0,0,1,0,1,0,0,1
6489.659398,0,0,0,0,1,0,1,0,1
6491.468437,0,1,0,0,0,0,0,1,0
6498.212948,1,0,1,0,1,1,0,0,1
6504.801061,1,0,1,0,1,1,1,0,1
6508.272429,1,0,1,0,0,1,1,0,1
6511.926910,1,1,0,0,1,0,1,1,1
6517.262083,1,0,1,1,1,1,1,0,1
6518.683994,0,0,1,0,1,1,1,1,1
6527.689941,1,1,0,1,1,1,0,1,1
6533.506686,1,1,0,1,1,1,1,0,0
6538.537764,1,0,1,0,1,1,0,1,1
6542.783354,0,1,1,0,1,0,1,1,0
6551.537232,1,1,1,0,0,1,1,0,1
6556.787187,1,0,1,1,0,1,1,1,1
6557.779936,0,1,0,1,1,1,1,1,0
6561.938029,1,1,1,0,1,1,0,0,1
6568.234696,0,0,0,1,1,0,1,1,1
6570.047238,1,0,0,1,0,1,1,1,1
6576.172287,1,1,1,0,0,0,0,0,1
6585.445087,0,1,0,0,1,0,0,1,1
6594.161571,0,0,1,0,0,1,0,0,1
6598.493426,1,0,1,1,1,1,0,1,0
6605.846632,1,0,0,1,1,1,1,1,0
6614.193905,1,1,1,0,1,0,1,1,1
6620.389712,1,1,1,1,0,1,0,0,1
6622.079506,0,0,1,1,0,0,1,1,1
6630.023637,0,0,1,1,0,1,0,1,0
6634.103727,1,0,0,0,0,0,1,1,0
6638.913099,1,1,0,1,1,0,0,1,0
6642.134453,1,1,1,0,0,1,1,0,1
6647.778453,0,1,1,1,1,1,1,1,1
6657.099713,0,0,0,0,1,1,0,0,1
6660.058750,0,1,0,1,0,1,1,1,1
6660.944015,1,0,0,1,1,1,1,0,1
6665.944515,1,1,1,1,1,1,1,0,1
6671.801573,0,0,1,1,1,1,1,0,1
6674.318451,1,0,0,0,1,1,0,0,0
6681.217495,1,1,0,0,1,1,1,1,1
6690.144728,1,0,1,1,1,1,0,1,1
6693.478728,1,0,0,1,1,0,0,0,0
6698.166759,0,1,0,0,0,0,0,0,0
6701.726725,1,1,1,0,1,0,0,0,1
6703.727525,1,1,1,1,1,1,1,1,1
6703.740977,1,0,1,0,0,1,1,1,1
6707.485192,0,0,0,0,1,0,0,1,1
6710.100701,1,0,1,0,1,1,1,1,0
6719.686070,1,1,1,1,0,1,0,1,1
6727.030335,1,0,1,1,1,1,1,1,1
6736.080710,1,1,1,1,0,0,1,0,0
6741.535710,0,1,0,0,0,0,0,1,0
6745.592613,0,0,0,0,1,0,1,1,1
6754.047823,1,1,1,1,0,1,0,0,1
6758.105621,1,1,0,1,0,1,1,0,1
6758.353233,0,1,1,1,0,1,1,1,0
6766.080733,0,0,0,0,1,1,1,0,1
6774.965603,0,1,0,1,1,1,0,0,0
6775.805094,0,1,0,1,1,1,1,1,1
6783.214048,1,0,1,0,0,1,1,1,0
6791.547548,1,0,0,0,0,1,0,1,0
6798.648614,0,0,0,1,1,1,0,1,1
6805.776560,0,0,1,0,0,0,1,1,0
6813.897960,0,0,0,1,0,1,1,1,1
6816.870922,1,0,0,1,0,1,0,1,0
6820.445094,0,1,1,1,1,1,1,0,0
6829.318446,0,1,0,1,1,0,0,0,1
6830.722021,0,0,0,0,1,0,0,1,1
6832.556171,1,1,1,0,0,1,1,0,1
6838.824585,1,0,0,0,0,1,0,1,0
6844.388535,1,1,0,1,0,1,1,1,1
6845.577321,0,0,1,1,1,1,0,1,1
6850.623971,0,0,0,1,0,1,1,0,0
6855.530141,0,1,1,1,1,1,0,0,0
6855.531141,0,0,0,0,0,1,1,0,1
6865.028498,1,0,1,1,1,1,0,1,0
6870.406319,1,1,0,1,0,0,0,0,0
6874.996232,1,0,1,0,1,0,1,1,1
6883.032958,1,1,1,1,0,0,0,0,1
6884.838288,0,1,1,0,1,0,1,1,1
6886.388802,1,1,0,0,1,0,1,1,1
6891.204136,0,1,0,0,0,1,0,0,0
6899.474451,1,0,0,0,1,1,1,0,1
6906.040328,1,0,1,0,0,0,0,0,0
6906.261724,1,0,1,1,1,0,1,1,0
6915.563191,0,1,1,0,0,0,0,0,0
6924.595546,0,0,0,0,0,1,1,1,0
6930.498395,1,0,0,0,0,1,0,0,1
6936.950362,0,0,0,0,1,0,1,1,1
6941.124173,1,1,1,1,0,1,1,1,1
6948.363159,1,0,0,1,0,0,0,0,1
6954.940078,0,0,1,1,1,0,0,0,1
6961.406912,1,0,1,0,0,0,0,1,1
6962.822561,0,1,0,1,1,0,0,1,0
6967.565023,0,1,0,0,1,0,0,1,0
6977.080741,1,0,0,1,1,0,0,0,0
6986.078094,0,0,0,0,1,0,1,1,0
6989.876528,1,1,1,0,0,0,1,1,1
6992.997906,1,1,1,0,1,0,0,1,1
6994.243125,0,1,1,0,0,1,0,1,1
7002.258708,1,1,0,1,1,0,1,0,0
7003.274367,1,1,1,0,0,0,0,0,0
7009.687063,0,0,1,0,1,0,0,1,0
7018.899263,1,1,0,1,1,1,1,1,0
7022.016516,0,0,0,1,0,1,0,0,0
7028.125553,0,0,0,0,0,0,0,1,1
7028.126553,0,0,1,0,1,1,0,1,0
7031.650294,0,1,1,0,1,1,1,1,1
7034.013517,0,0,1,1,1,0,0,0,1
7042.076389,1,0,1,0,0,1,1,1,0
7050.917626,1,0,1,1,1,1,0,0,0
7056.680762,0,1,1,0,0,0,0,0,1
7061.011226,1,1,0,0,0,1,1,1,0
7065.967638,1,1,1,0,0,1,1,1,0
7075.719436,1,1,1,1,0,0,1,0,0
7079.703191,0,1,0,0,0,0,0,1,0
7087.549318,1,1,0,0,1,1,1,1,0
7091.211924,1,1,0,1,0,1,1,1,0
7095.551432,1,1,1,0,1,0,1,1,0
7103.209229,0,1,0,0,1,0,1,0,1
7108.470748,1,1,0,0,0,1,1,1,1
7112.164189,0,0,1,1,0,0,0,0,1
7113.218948,0,0,0,1,1,0,1,0,1
7115.071614,0,1,0,0,0,1,0,0,0
7117.799614,0,0,0,0,0,1,1,0,1
7126.849814,1,1,1,1,0,1,1,0,0
7131.571991,0,0,1,1,0,0,0,1,1
7138.617204,0,1,0,1,1,0,0,1,0
7146.984034,0,0,1,1,1,0,1,0,1
7154.464286,0,0,0,0,0,1,1,1,0
7157.703955,0,1,0,1,1,0,1,1,1
7161.791893,1,1,1,1,1,0,1,0,1
7166.806397,0,1,0,1,0,0,1,1,0
7172.689162,1,1,1,0,0,1,0,1,1
7174.867159,0,1,1,1,0,1,0,0,0
7175.024394,1,0,1,1,1,1,0,0,0
7175.354579,0,0,0,0,1,0,1,0,0
7176.256110,1,1,0,1,1,1,1,0,1
7178.405655,1,1,0,1,0,0,0,0,1
7181.544944,1,1,0,0,1,1,1,0,0
7189.661724,1,1,1,0,1,1,0,0,0
7198.799741,1,1,1,0,0,1,1,1,1
7203.789581,1,1,0,1,0,1,0,0,0
7210.967283,0,1,1,0,1,1,1,0,1
7213.593841,0,1,1,1,0,1,0,1,0
7222.332933,0,0,1,1,0,1,1,1,0
7226.339744,1,0,1,1,0,0,1,1,0
7234.400138,1,1,0,1,0,1,1,0,0
7239.730489,0,1,0,0,0,1,1,0,1
7243.411121,0,1,1,0,1,1,0,1,0
7248.674062,0,0,0,1,0,0,0,1,0
7249.184926,1,1,1,0,1,1,1,1,0
7251.260817,1,1,1,0,1,1,0,1,0
7252.069597,1,0,0,1,0,1,1,1,0
7261.658115,1,0,0,1,0,1,0,1,0
7268.234545,0,0,0,0,0,0,1,1,0
7274.476055,1,0,0,0,1,1,0,1,1
7283.263062,0,0,0,1,0,1,1,1,1
7285.568990,1,1,0,0,0,1,1,0,0
7288.485230,0,1,1,1,1,0,1,1,0
7292.050230,1,0,1,1,1,0,1,0,0
7292.476488,0,1,0,1,1,0,0,1,1
7293.262972,1,1,1,1,1,1,0,0,1
7295.653438,0,1,0,1,0,1,1,1,1
7300.001138,1,0,1,1,1,1,1,1,1
7308.890138,0,1,0,1,1,1,0,0,1
7314.419996,0,1,0,0,1,0,1,0,1
7319.714585,0,1,1,1,1,0,0,0,1
7319.776928,0,0,1,1,0,0,1,0,0
7325.591300,0,1,0,1,1,1,0,1,0
7331.873154,1,1,0,0,1,1,1,1,1
7337.721522,1,1,0,0,0,0,1,0,0
7342.722022,1,0,0,0,1,0,1,1,1
7349.104777,1,0,0,0,0,0,1,0,1
7352.463650,1,1,1,0,0,0,0,0,0
7355.227325,1,1,1,0,0,0,0,1,0
7363.610325,0,0,1,1,1,1,1,0,0
7368.610825,1,0,1,1,0,0,0,1,0
7373.477239,1,1,0,0,0,1,0,0,0
7374.589239,1,1,0,1,0,1,1,1,1
7383.094543,1,1,0,1,0,0,1,0,0
7383.559414,1,1,0,0,0,1,0,1,0
7384.433636,1,1,1,1,0,1,1,1,1
7388.868716,0,1,0,0,1,1,1,0,1
7397.499131,1,1,0,0,1,1,0,1,1
7407.217469,1,0,0,1,1,1,1,0,1
7408.187417,1,0,0,1,0,1,0,1,1
7418.111205,0,0,0,1,0,1,1,0,1
7422.226901,0,1,1,0,1,1,1,1,0
7423.985967,1,1,0,1,0,0,1,0,1
7428.607078,0,0,1,1,1,1,0,0,1
7434.886077,0,1,0,0,1,1,0,1,1
7442.546766,0,0,0,0,0,0,0,1,1
7448.891596,1,0,1,0,1,0,0,0,1
7458.729112,1,1,0,0,0,0,0,0,1
7467.018053,1,0,0,0,0,1,0,1,0
7467.435678,0,0,0,1,0,1,0,1,0
7473.769378,1,1,0,0,0,1,1,0,0
7482.962816,1,0,1,0,0,0,0,1,0
7483.074916,1,0,1,1,0,1,1,1,1
7486.932343,1,1,0,1,1,0,1,1,1
7489.521112,1,0,0,0,1,0,0,1,1
7497.919965,1,1,1,1,1,0,1,1,0
7506.952320,0,1,0,0,1,1,0,0,1
7513.955077,0,0,0,0,1,1,1,0,0
7516.320879,0,0,1,1,1,0,1,1,1
7521.854659,1,1,1,0,0,0,0,1,1
7524.223843,1,1,1,1,1,1,0,0,0
7530.661771,1,0,0,0,1,1,1,1,0
7533.225015,1,0,0,1,0,1,1,0,0
7534.144503,0,0,1,1,0,0,1,0,0
7543.036922,1,1,0,1,0,1,0,1,0
7545.842519,0,0,1,0,0,0,1,1,1
7550.641246,0,0,1,1,1,1,1,1,0
7558.465982,0,0,1,1,1,1,0,1,0
7563.055966,0,1,0,1,1,0,0,1,0
7571.757104,1,0,1,0,1,0,0,0,1
7573.930589,0,0,0,0,1,1,0,0,1
7583.293860,1,1,1,0,0,1,0,1,0
7586.314252,0,1,0,0,1,0,0,0,0
7589.172109,0,1,0,0,1,1,0,1,0
7592.506109,0,0,0,0,0,1,0,0,1
7594.597809,0,0,1,0,1,0,1,1,1
7598.697409,0,0,1,0,0,1,1,1,1
7598.718487,0,0,1,1,0,1,0,1,1
7598.856669,1,1,1,1,1,0,1,1,0
7606.693423,1,1,0,1,1,0,0,1,1
7607.684953,1,1,1,1,1,1,0,0,0
7613.967934,1,1,0,1,1,0,1,0,0
7615.284901,0,0,1,0,0,1,1,0,0
7618.320080,1,1,1,0,1,1,1,1,0
7618.908414,1,0,0,1,0,1,1,0,1
7620.964764,0,0,1,1,0,1,0,1,1
7630.611369,0,0,0,1,1,1,1,1,1
7632.813407,1,0,1,1,0,1,0,1,1
7635.240635,1,1,1,1,1,1,1,0,1
7642.818290,1,0,0,1,0,1,1,0,1
7646.116671,1,1,1,0,1,0,0,1,0
7651.578471,1,0,1,0,0,0,1,0,1
7655.543572,1,1,0,0,1,0,1,0,1
7656.576917,1,0,0,0,1,1,1,0,0
7664.394554,0,1,1,1,0,1,0,1,1
7665.452230,0,0,0,1,1,0,0,0,1
7668.786230,0,0,0,1,0,0,1,0,1
7677.833201,1,1,0,1,1,1,0,1,1
7680.247752,1,1,0,1,1,0,1,0,0
7685.147320,0,1,1,1,0,0,0,0,1
7691.364566,0,1,0,1,1,0,1,1,0
7693.929760,0,0,0,1,0,0,1,0,1
7698.759128,1,0,1,0,1,0,0,1,0
7703.979945,0,0,1,0,0,0,1,0,1
7711.866335,1,1,1,0,0,1,0,1,1
7713.982509,1,0,0,0,1,0,0,0,1
7713.983509,0,0,1,0,0,0,0,0,1
7717.897161,0,1,0,1,1,0,1,1,1
7722.796007,0,1,0,0,0,0,0,1,1
7727.796507,1,1,1,1,1,1,1,1,0
7735.127855,1,1,1,1,1,0,1,0,1
7745.106937,0,0,1,0,0,1,1,1,0
7754.436506,1,0,1,1,0,1,1,0,0
7762.583109,0,0,0,1,0,1,0,1,0
7763.660180,0,1,0,1,1,0,1,1,0
7768.970849,0,0,1,1,0,1,1,1,1
7776.988864,1,0,0,0,0,0,1,1,0
7782.989264,0,1,0,0,0,1,0,0,0
7789.034524,0,0,0,0,0,0,0,0,1
7796.108772,0,1,0,0,1,1,0,1,0
7797.656227,1,1,1,1,1,0,1,1,0
7805.629554,0,1,1,0,0,0,1,0,0
7814.939968,0,1,0,1,1,0,0,0,0
7817.546012,0,0,1,1,1,1,1,1,0
7820.407876,0,1,1,1,0,0,1,1,1
7821.053972,0,1,0,1,1,0,1,1,1
7823.759763,0,1,0,1,1,0,1,1,0
7830.116060,1,1,0,0,1,0,0,1,0
7830.402745,1,1,0,0,0,1,1,0,1
7834.776002,1,1,0,0,1,0,0,0,0
7835.676767,1,0,0,1,1,0,0,1,0
7836.857424,0,1,0,1,1,1,0,0,1
7839.228276,0,0,0,0,0,0,1,1,0
7845.310539,1,1,1,0,0,1,0,1,0
7849.587638,0,1,1,0,1,1,0,1,0
7855.306542,0,1,0,1,1,1,1,1,1
7855.790585,0,0,1,0,1,0,0,0,0
7863.951978,0,0,1,1,0,1,1,0,1
7866.169406,0,1,1,1,0,0,1,0,1
7875.861745,0,0,1,0,0,0,0,1,0
7883.283527,0,1,1,0,1,0,1,1,1
7885.874630,0,0,0,0,0,0,1,0,0
7889.208630,0,0,0,1,1,0,1,1,1
7897.542130,0,1,1,1,1,0,0,1,0
7898.300234,1,0,0,0,1,1,1,1,0
7905.115368,1,0,0,1,1,0,1,1,0
7905.419368,1,0,0,1,1,1,0,0,0
7912.101214,1,1,1,0,1,1,1,1,0
7921.574951,1,1,1,0,1,0,0,0,0
7929.602054,0,0,0,0,0,0,0,0,1
7933.293161,1,1,0,0,0,0,0,0,0
7941.071161,0,1,0,0,0,1,0,1,0
7942.074239,0,0,0,1,1,1,1,0,0
7951.857543,1,1,1,1,0,0,0,0,1
7957.582714,0,1,0,1,1,0,1,0,1
7962.473507,1,1,1,0,0,0,1,0,1
7963.858984,1,1,1,0,0,1,0,1,0
7969.616984,0,0,0,1,1,0,0,1,1
7972.379102,1,0,1,1,0,0,1,0,1
7972.417834,0,1,1,0,1,0,1,0,1
7978.573936,0,0,1,0,0,0,0,0,0
7980.775177,0,1,1,1,0,1,0,0,0
7983.263134,0,1,1,1,0,0,1,0,1
7989.881548,0,0,1,0,1,0,0,0,1
7996.690378,1,0,0,0,0,0,0,0,1
8006.614340,0,0,0,0,0,0,0,0,1
8007.345294,0,0,1,0,0,0,1,1,0
8017.333377,0,1,0,0,1,1,0,0,1
8019.806290,1,0,0,1,1,1,1,0,1
8022.248747,1,1,1,1,0,0,1,0,1
8023.216037,1,0,1,0,0,1,0,0,0
8031.525029,0,0,0,0,1,1,0,0,0
8040.960570,1,0,1,1,1,0,1,0,0
8050.094230,0,1,0,1,0,0,0,0,1
8052.830383,1,0,0,0,1,0,1,1,0
8056.119036,1,1,1,1,0,0,0,1,0
8056.561852,1,1,0,1,1,1,0,1,0
8058.297372,1,0,1,1,0,0,0,1,0
8061.821830,1,1,0,1,0,1,1,1,1
8071.644660,0,1,1,1,1,1,1,0,1
8075.426795,0,1,1,0,0,0,1,0,0
8079.492605,0,1,0,0,1,0,0,1,1
8085.230330,1,1,1,0,0,1,1,1,0
8089.267290,1,1,1,1,0,0,0,0,1
8093.521173,1,0,0,0,0,0,1,0,0
8102.564747,1,0,0,0,0,0,1,0,0
8108.625747,0,1,0,1,0,0,1,1,1
8117.659457,0,1,1,1,0,1,1,0,1
8123.431901,0,0,0,1,0,1,1,0,0
8129.591225,0,0,0,1,1,1,0,0,0
8135.446070,1,1,0,1,1,0,0,1,1
8145.280524,1,0,1,0,1,0,0,0,1
8150.892777,0,1,0,1,1,1,0,1,1
8158.723418,0,0,1,1,1,1,0,0,1
8166.120503,1,1,1,1,1,0,1,1,1
8171.425579,0,1,0,0,0,0,1,0,0
8180.530146,0,0,1,1,1,0,1,0,1
8187.382011,1,1,0,1,0,1,0,1,0
8195.670470,1,0,0,0,1,0,0,1,1
8197.473092,0,0,1,0,0,0,1,1,1
8198.488483,1,1,0,1,1,1,1,1,1
8201.544733,0,1,0,1,0,0,0,0,0
8201.815977,1,0,0,0,1,0,1,0,1
8207.890443,0,1,0,1,1,0,1,1,1
8211.868551,0,0,1,0,0,1,1,1,1
8217.767695,0,1,1,1,1,0,1,1,0
8222.780242,1,0,0,0,1,1,0,0,0
8223.231867,1,1,0,0,1,1,1,1,0
8228.110428,0,1,0,1,1,1,0,0,1
8228.993693,1,0,0,0,0,1,0,0,1
8236.471422,1,0,0,0,1,1,0,1,0
8237.066533,0,0,1,1,1,0,1,0,0
8238.872024,1,0,0,1,1,1,1,1,1
8248.125830,1,0,1,0,1,1,1,1,0
8255.591521,0,0,0,1,0,1,0,0,0
8257.663021,1,1,1,1,0,0,0,0,0
8263.288458,1,1,1,0,0,0,0,1,0
8272.210004,1,0,1,0,0,0,0,0,0
8280.168324,0,0,0,1,0,0,0,0,1
8283.072259,1,1,1,1,1,1,0,1,1
8288.044829,0,1,1,1,0,1,0,1,0
8296.544041,1,1,0,0,0,1,0,1,1
8300.202462,0,1,1,0,0,1,1,1,1
8302.598284,1,0,0,1,0,0,1,1,0
8309.043771,0,1,1,1,1,0,1,1,0
8312.506791,0,1,1,1,1,1,0,1,1
8313.245422,1,1,0,1,0,0,0,0,0
8322.232307,0,0,1,1,0,1,1,0,0
8322.896146,1,1,1,1,0,1,1,1,0
8331.616274,1,0,1,1,1,1,1,0,1
8340.494891,1,1,1,0,1,0,0,0,0
8350.310294,1,1,0,1,1,0,0,0,0
8350.499955,1,0,1,0,1,0,0,0,0
8357.089217,0,0,0,1,0,1,1,1,0
8362.361320,1,0,0,0,0,0,1,1,1
8371.187060,0,1,1,0,0,1,1,1,1
8374.356060,1,0,0,0,0,0,0,0,0
8382.188789,0,1,0,1,1,1,1,0,1
8383.189689,1,0,0,1,0,0,0,1,0
8383.285217,0,1,0,1,1,1,0,1,1
8385.186675,0,0,0,1,0,1,1,0,0
8391.542972,1,0,0,1,1,0,0,0,1
8397.597178,0,1,0,1,1,0,0,0,1
8400.077269,0,1,0,0,0,0,0,0,1
8403.557513,1,1,1,1,0,0,0,1,1
8411.557713,0,0,1,0,1,1,1,0,0
8414.653641,1,0,1,1,0,0,1,1,0
8418.188992,0,1,1,1,0,1,1,1,1
8418.814001,1,0,0,1,1,0,0,1,1
8426.361866,0,0,0,0,1,0,1,1,0
8430.523669,1,1,0,1,0,0,0,1,1
8438.160269,0,1,0,0,1,0,0,0,0
8441.064205,0,1,1,0,0,1,0,0,0
8446.569242,0,0,0,0,0,0,0,1,0
8453.365290,0,1,1,0,0,1,1,0,1
8453.543040,1,1,0,1,0,0,1,0,1
8463.198741,1,1,0,1,0,0,1,1,0
8472.205769,1,1,1,0,1,0,0,1,1
8476.721553,1,1,0,0,0,0,1,0,0
8479.144671,1,0,1,0,1,0,1,1,1
8482.844723,0,1,1,0,0,1,1,0,0
8491.306415,0,1,0,1,1,0,1,1,1
8496.306915,1,0,0,1,1,0,1,1,1
8505.216977,0,1,0,0,1,1,0,1,0
8506.772443,1,1,0,0,0,0,0,1,0
8514.917283,1,1,0,0,1,0,0,1,1
8516.034676,0,0,1,0,1,1,1,0,1
8517.495585,0,1,1,1,0,1,0,0,0
8518.754321,0,0,0,1,0,0,0,0,0
8527.060942,0,0,1,1,1,0,0,1,1
8536.526733,1,1,1,0,1,0,1,1,0
8543.749233,0,0,0,1,0,0,1,0,0
8551.279066,1,1,0,1,1,1,1,0,0
8556.565881,0,1,0,1,1,1,1,1,1
8564.806797,1,0,1,1,1,1,0,0,0
8569.055960,0,0,1,0,0,1,1,0,1
8575.839818,0,0,1,0,0,1,0,0,0
8576.831710,1,0,0,1,0,1,1,0,1
8578.593898,0,0,1,1,1,0,1,0,0
8585.111100,0,0,0,1,1,0,0,0,0
8590.733658,0,1,0,0,1,1,0,0,1
8597.553103,0,0,0,0,1,0,1,1,1
8601.680196,0,1,0,0,0,0,1,1,0
8609.533263,1,1,1,0,1,0,0,0,1
8618.003483,0,0,0,1,0,0,0,1,0
8627.823321,0,0,1,1,1,1,0,1,0
8634.907950,0,1,0,0,0,0,0,0,0
8640.405089,1,1,0,1,0,1,0,1,0
8644.152112,1,0,1,1,1,1,0,1,1
8652.902237,0,0,1,1,0,1,0,1,0
8661.262529,0,1,0,0,1,1,1,1,0
8670.018414,1,1,1,1,0,1,1,0,1
8670.395590,0,1,0,0,0,1,0,0,0
8676.598061,0,1,1,1,0,0,0,0,0
8684.712128,0,1,0,0,0,1,0,1,0
8689.039968,0,1,1,1,0,1,1,1,1
8696.990993,0,0,1,1,1,1,0,0,0
8697.104341,0,1,0,0,0,1,0,1,0
8698.875997,1,1,0,0,0,0,1,0,0
8707.161883,0,0,1,0,0,1,1,1,0
8715.378797,1,1,0,1,1,1,1,0,1
8719.563355,0,1,0,0,1,1,0,1,0
8722.993614,0,0,0,0,0,1,0,1,0
8726.370900,1,1,0,1,1,0,0,1,0
8726.501086,0,1,1,1,0,0,1,0,0
8726.965003,0,0,1,0,0,0,1,0,0
8728.265873,1,0,1,1,1,1,0,1,0
8729.800053,1,1,1,0,1,1,1,0,1
8733.247036,1,0,0,0,1,1,0,0,1
8742.501190,0,0,1,0,0,1,1,0,1
8748.629626,1,1,1,1,1,0,1,1,1
8753.311502,0,0,0,1,0,1,0,0,0
8757.822277,0,1,1,0,0,1,1,0,1
8758.977896,1,0,0,0,0,0,0,1,0
8759.303053,1,0,0,1,1,0,1,0,1
8766.675970,1,0,1,0,0,1,0,0,0
8768.651953,0,1,0,0,0,0,1,1,1
8776.507748,0,0,0,0,1,1,0,1,1
8783.889984,1,0,1,1,0,1,1,0,0
8783.958636,1,1,0,1,1,1,1,1,1
8788.813204,1,1,0,0,0,1,1,0,1
8794.621921,1,1,1,1,1,0,0,0,1
8798.487565,1,0,0,1,1,1,0,1,0
8802.777413,0,1,0,0,0,0,0,1,0
8811.278270,0,1,0,0,0,1,1,0,1
8820.428497,0,1,0,1,1,0,1,1,0
8826.733214,0,0,0,1,0,0,1,1,0
8836.591719,1,1,1,1,1,0,0,1,1
8842.433920,1,0,1,1,1,1,0,1,0
8849.340704,1,1,1,0,0,0,1,0,1
8855.264189,0,0,1,0,0,1,0,0,1
8855.979403,1,1,1,0,0,1,0,0,0
8865.562778,0,0,0,1,0,0,0,0,1
8872.139697,0,0,1,1,0,0,1,0,1
8877.673285,1,1,1,0,1,0,0,0,1
8880.388299,1,1,0,0,1,0,0,0,0
8887.756983,0,0,0,1,0,0,1,1,1
8893.336099,0,0,0,1,0,1,0,1,0
8901.604313,1,0,1,0,1,0,0,1,1
8911.224887,1,0,0,0,1,0,0,1,0
8920.636711,0,0,1,0,1,0,0,0,0
8925.924656,0,0,1,0,0,1,0,0,1
8932.788088,1,1,1,1,0,0,1,1,0
8941.294612,0,1,0,1,0,0,1,0,1
8947.770375,1,1,1,1,0,0,1,0,1
8953.281028,0,1,0,0,0,0,0,0,1
8959.438874,0,1,0,1,1,0,0,1,1
8963.846461,1,1,0,0,1,0,0,1,1
8971.886524,1,0,1,1,1,1,0,1,1
8973.605144,0,0,1,0,0,0,1,0,0
8977.762232,1,0,0,0,1,1,1,0,0
8978.361463,1,0,0,0,0,1,0,0,1
8979.299869,0,1,0,0,0,0,1,0,1
8987.676100,1,0,0,0,0,0,1,1,1
8996.767100,1,0,1,0,1,1,0,0,1
8997.835954,0,0,1,1,1,1,1,0,0
9007.661214,1,1,0,1,1,0,1,0,1
9012.498434,0,1,0,1,1,1,0,1,0
9021.702053,1,1,1,0,1,0,1,1,0
9029.880719,0,0,1,1,0,1,1,0,0
9037.636685,0,1,0,1,0,0,1,1,1
9046.012347,1,1,1,0,0,1,1,1,1
9052.084950,0,1,1,1,0,0,1,1,1
9055.539213,0,0,0,0,0,0,0,0,1
9062.274233,1,1,1,0,0,1,0,0,0
9070.411955,1,0,1,1,0,0,1,0,0
9077.675275,1,0,1,1,1,1,1,0,1
9081.504812,0,0,1,0,1,0,0,0,1
9089.161113,0,0,1,0,1,1,1,1,1
9094.374119,1,1,1,1,1,0,0,0,1
9096.839859,1,0,0,0,1,0,0,0,1
9103.499309,1,1,1,0,0,1,0,0,0
9110.860684,0,0,1,1,0,0,0,1,0
9110.861684,0,1,1,0,1,0,0,1,0
9117.577341,0,1,0,0,0,1,1,0,0
9126.767408,1,1,0,0,0,1,1,1,0
9133.069147,0,1,0,0,0,1,0,0,1
9139.399564,1,1,0,1,0,0,0,1,1
9139.446117,0,1,1,0,0,1,1,0,0
9145.027128,1,0,0,1,0,1,0,1,1
9148.681207,0,1,0,0,1,1,1,0,0
9153.242952,1,0,0,0,1,1,0,1,1
9153.320280,1,1,0,0,1,1,1,0,1
9161.683276,0,0,0,1,1,1,1,1,0
9168.748041,0,1,1,0,0,1,1,1,0
9172.149375,1,0,0,0,1,0,0,0,1
9181.499544,0,1,0,0,1,0,0,0,1
9189.801377,0,1,1,1,0,0,1,0,0
9199.477749,1,0,0,1,0,0,1,1,0
9207.335106,0,1,0,1,0,1,1,0,1
9216.181375,0,1,0,0,0,0,1,0,1
9216.256363,1,0,1,0,1,1,1,1,0
9219.944840,1,1,0,0,1,1,0,1,1
9220.804340,0,1,1,0,1,1,0,0,0
9222.312436,1,0,1,0,1,1,1,0,0
9222.577494,0,0,1,0,0,0,1,0,1
9225.515093,1,0,0,1,0,0,1,1,1
9232.124394,0,0,0,0,0,1,1,1,1
9239.417347,1,0,1,0,0,1,1,0,1
9246.617627,1,0,1,1,0,1,0,1,0
9256.107474,1,0,1,0,0,1,0,1,1
9265.690849,0,0,0,0,1,1,1,1,1
9268.677554,0,0,1,1,0,0,1,0,1
9275.639883,1,1,0,1,0,1,0,0,0
9277.025636,0,1,1,0,1,0,0,0,0
9277.831154,0,1,1,0,1,0,1,0,1
9285.316161,0,1,1,1,1,0,1,1,0
9293.557716,1,0,0,1,0,0,0,1,0
9294.250137,1,0,0,1,0,1,1,0,1
9297.473955,0,1,1,1,0,0,0,0,0
9306.593150,1,0,0,1,1,0,1,0,0
9313.813159,1,0,1,0,1,0,0,1,0
9320.029753,1,0,1,1,0,1,1,1,0
9324.531651,1,1,1,1,0,0,0,1,0
9331.247846,1,0,1,1,0,1,0,0,1
9336.774609,0,0,0,0,0,1,1,0,0
9343.561320,1,0,1,1,0,1,0,0,0
9348.481038,1,1,1,0,0,1,0,0,1
9356.589061,1,1,0,0,1,1,1,0,1
9363.945531,0,0,1,0,1,0,0,0,1
9367.755674,1,0,1,0,1,1,1,0,1
9377.654058,0,0,1,0,0,0,0,1,1
9381.641443,1,0,1,1,0,1,1,0,1
9389.622101,0,1,0,0,0,1,0,0,1
9391.277071,1,0,1,0,1,0,1,1,0
9400.286297,0,1,0,0,1,0,1,1,1
9404.992709,0,0,0,0,1,1,0,0,1
9410.154483,0,1,0,0,0,0,0,0,1
9416.393627,0,1,0,0,1,1,0,0,1
9425.001116,1,0,1,1,0,1,0,0,1
9425.736736,1,1,0,0,0,1,1,1,1
9432.069557,1,0,0,1,1,0,1,0,1
9432.424688,0,0,0,1,1,1,0,1,0
9439.434791,0,0,0,1,0,0,0,1,0
9443.130436,0,1,1,0,1,1,0,1,0
9448.021229,1,0,0,0,0,1,1,0,0
9453.782523,1,0,0,1,0,0,1,0,0
9463.207359,1,1,1,1,1,0,0,0,1
9463.443991,0,1,0,1,0,1,0,1,1
9466.664834,0,1,0,0,0,1,0,0,0
9475.555043,0,0,1,0,1,1,0,0,1
9475.664728,0,1,1,0,1,1,1,0,0
9481.317336,0,1,0,1,1,0,1,0,0
9483.369413,1,1,0,1,0,1,0,1,1
9487.257713,0,0,0,0,1,0,1,1,0
9492.545266,0,0,0,1,0,0,1,1,1
9499.940485,0,0,0,1,0,0,0,1,1
9501.998892,1,0,1,1,1,0,0,0,0
9507.570111,1,0,0,1,0,1,0,0,1
9513.881591,1,1,1,1,0,0,1,1,0
9519.892407,1,1,1,0,1,0,1,1,1
9525.938142,1,0,1,1,0,0,0,0,1
9533.345809,1,0,1,1,0,0,1,1,1
9533.934985,1,1,1,1,0,1,0,1,0
9537.120552,1,0,0,0,1,1,0,1,1
9543.362864,0,0,1,0,0,0,1,1,0
9547.301764,0,1,0,1,0,0,1,0,1
9547.695738,1,1,1,0,0,0,0,0,1
9556.802970,1,1,1,1,1,1,1,0,1
9565.234089,0,0,1,1,0,1,1,1,0
9571.626202,0,0,1,1,1,0,0,0,0
9578.534026,1,0,0,0,0,1,1,1,0
9582.789920,0,0,0,0,1,0,0,0,0
9588.838947,0,1,1,0,0,0,0,1,1
9593.499569,1,0,1,0,1,1,1,0,1
9599.584971,1,0,0,0,0,1,1,0,0
9603.624029,1,0,0,0,1,0,1,0,0
9613.234458,0,0,0,0,0,1,0,1,0
9619.611291,1,1,1,0,1,0,0,0,0
9627.425014,0,1,1,0,0,0,0,0,1
9634.466126,0,1,1,0,0,0,0,0,0
9644.344926,1,1,1,1,1,1,0,0,1
9653.153599,1,1,1,1,0,0,0,1,0
9663.068553,1,1,0,1,0,1,0,1,0
9672.195054,0,1,0,1,0,1,0,1,0
9672.196054,0,1,1,0,1,0,0,1,1
9682.072748,0,1,1,0,0,0,0,0,0
9688.170699,1,1,1,1,1,0,1,0,1
9693.938839,1,0,1,0,1,1,0,0,0
9703.526509,1,0,1,0,0,1,1,0,1
9707.336652,1,1,0,1,0,0,1,0,1
9712.114402,0,1,0,1,0,0,1,1,1
9713.338301,1,0,1,1,0,1,1,1,0
9716.204183,0,0,0,0,1,0,1,0,0
9722.287049,1,0,0,1,1,0,1,1,1
9731.547992,1,1,1,0,0,1,0,0,0
9741.370915,1,1,0,0,1,0,0,1,1
9744.584890,0,1,0,0,1,0,1,1,0
9754.119349,0,0,1,1,1,0,0,1,1
9761.063228,1,1,1,0,1,1,0,1,1
9762.781614,0,1,0,1,1,1,1,1,0
9766.961300,1,0,0,0,1,1,0,0,1
9776.935463,0,0,0,0,1,0,1,1,0
9777.317378,0,1,0,0,0,0,0,0,1
9787.011481,1,1,1,1,0,1,0,1,1
9793.868018,0,1,1,0,1,1,1,1,0
9794.237645,0,1,1,0,0,0,1,0,0
9801.502286,0,1,1,1,0,1,1,1,1
9803.692763,0,0,1,1,0,0,0,0,0
9810.539117,0,1,0,0,0,0,1,0,1
9819.842984,1,0,0,0,1,1,1,1,0
9821.653803,0,0,1,0,1,0,0,1,0
9828.975500,1,0,1,0,0,1,0,0,1
9834.499126,1,1,0,0,1,1,0,0,0
9843.510853,1,1,1,0,0,1,0,0,1
9844.649464,1,1,1,1,1,0,0,0,1
9844.650464,1,1,1,0,1,1,1,1,1
9852.309235,1,1,1,0,0,0,1,0,0
9855.663074,1,1,0,1,0,1,1,0,0
9857.948614,0,0,0,1,1,0,0,1,0
9867.317233,0,1,0,1,1,0,0,0,0
9867.318233,1,0,1,0,1,0,1,0,0
9872.478138,1,0,0,1,1,1,0,1,1
9874.596573,0,0,0,1,0,1,0,0,0
9881.375086,0,0,0,0,0,1,1,1,0
9881.429786,0,1,0,0,1,0,1,1,1
9890.020462,1,1,1,0,0,1,1,1,0
9890.698685,0,1,1,0,0,1,0,1,0
9895.209370,1,0,0,1,0,0,0,0,1
9904.453301,0,0,0,0,1,1,1,1,0
9914.242680,0,1,0,1,1,1,0,1,0
9915.842159,0,0,1,1,1,1,1,0,0
9922.830412,0,1,0,1,1,0,1,0,0
9926.152466,0,0,1,1,1,1,0,1,0
9926.897728,0,1,0,0,1,0,1,0,1
9930.065078,0,1,1,0,1,1,1,1,0
9931.395911,1,1,0,1,1,1,0,0,1
9932.931530,0,1,1,0,0,1,1,1,0
9936.244956,1,1,0,0,1,1,0,0,1
9939.762088,1,1,0,1,0,1,0,1,1
9947.978641,1,0,0,0,0,1,0,0,1
9951.010587,0,1,0,1,0,1,0,0,0
9951.913891,0,0,1,1,0,0,0,1,1
9960.293001,1,1,0,0,1,1,0,1,1
9969.948208,0,1,0,1,0,0,0,1,1
9970.590327,0,0,0,1,0,0,1,0,1
9976.760483,1,1,0,1,0,0,0,0,0
9983.990873,0,0,0,0,0,0,1,0,1
9990.468958,0,0,1,1,1,0,0,1,0
