t,finish1,finish2,finish3,release1,release2,release3,start1,start2,start3
5.988456,1,0,0,1,0,1,1,0,0
10.170856,0,1,0,1,1,0,0,1,1
10.575856,1,0,0,1,0,1,1,0,1
18.794988,0,0,0,0,1,1,0,0,0
24.138591,0,1,1,0,0,1,0,1,0
28.563233,1,0,1,0,1,0,1,0,0
32.355520,0,0,0,0,0,1,0,1,0
34.780520,1,1,0,1,1,1,1,0,0
41.429267,1,0,0,1,1,0,1,1,1
49.085004,1,0,1,1,0,1,1,1,1
58.668379,0,0,1,1,0,1,1,0,1
62.133851,0,0,0,0,1,1,0,0,0
62.183746,1,0,1,1,0,0,1,0,1
71.837040,1,0,1,1,1,1,0,0,0
78.743010,0,1,0,0,0,0,1,1,1
86.595154,1,1,0,0,0,0,0,0,0
87.048370,0,0,0,1,0,1,1,0,1
91.169328,0,1,1,0,1,0,0,0,1
97.563132,1,0,1,0,1,1,0,1,1
105.237415,0,0,1,1,1,0,0,1,0
114.595162,0,0,1,0,0,1,0,0,1
117.074753,0,0,1,1,0,0,1,1,0
126.571659,0,0,1,1,0,1,1,1,1
127.454505,0,1,0,0,0,0,1,0,1
129.070464,1,0,1,0,0,0,0,0,0
132.234413,0,0,1,0,1,1,0,1,1
135.343210,0,1,0,1,0,0,1,0,0
138.750809,0,0,0,1,0,0,0,0,1
147.639809,1,1,1,0,0,1,0,0,0
155.658526,0,0,0,1,1,0,1,0,1
160.809090,0,0,1,0,0,1,0,0,0
162.269611,1,0,0,1,1,1,1,0,1
166.921309,1,1,0,0,0,1,0,1,1
168.024239,1,1,0,1,1,1,0,1,0
173.200874,1,1,0,1,0,0,0,1,1
180.900547,0,1,0,0,1,0,1,1,1
185.770089,0,1,1,0,1,1,1,0,0
193.215760,1,0,0,0,1,0,1,0,1
201.720582,1,1,1,1,0,0,0,0,0
206.866481,1,0,1,0,0,1,0,0,0
214.159652,1,0,0,0,1,1,1,1,1
214.185039,0,1,1,1,1,1,1,0,1
217.973539,1,0,1,0,1,0,0,1,0
226.842339,1,0,0,1,0,0,1,1,0
233.886834,0,0,1,1,0,1,1,1,0
235.492151,1,1,0,0,1,0,0,0,0
241.833097,0,1,1,1,0,0,0,0,1
243.602093,0,1,1,0,0,0,1,1,0
249.888178,1,1,1,1,1,0,1,1,1
258.668788,1,0,1,1,1,1,1,1,1
259.493235,1,0,0,0,0,0,0,0,0
261.036634,0,0,0,1,0,0,0,0,0
264.943709,0,0,1,0,1,1,1,1,1
271.324859,0,1,0,1,1,1,0,0,0
276.165558,1,1,0,0,0,1,0,1,0
283.907315,0,1,0,1,1,0,1,1,1
287.546395,1,0,0,0,0,1,1,0,0
292.132428,0,1,0,1,0,0,0,0,0
293.245617,1,0,0,0,0,0,0,0,0
294.118464,0,1,1,0,0,0,0,0,1
301.345462,0,0,1,1,0,1,0,0,0
310.749854,0,0,1,1,1,0,1,1,1
320.176555,0,1,0,1,1,0,0,1,0
324.612596,1,0,0,1,1,0,1,1,0
331.032707,0,0,0,1,1,1,1,1,1
340.072538,1,1,1,1,0,1,0,1,0
348.093040,0,0,0,0,1,1,0,0,1
352.382551,1,0,0,1,0,0,0,1,0
356.498308,0,0,0,1,1,0,0,0,0
358.880022,1,0,0,1,0,1,1,0,1
367.407397,0,0,1,0,0,0,1,0,1
371.506348,1,0,0,0,1,0,1,0,0
380.580514,0,1,1,0,1,1,1,1,0
383.313254,0,1,0,0,0,0,0,0,0
387.610120,1,0,0,1,0,1,1,1,1
393.693845,1,0,1,0,1,1,0,1,1
395.705226,0,0,0,0,0,0,1,1,0
396.298760,0,1,0,0,1,0,0,0,1
401.163404,0,0,0,0,0,0,0,1,0
409.738037,1,1,0,1,1,1,1,1,0
414.826248,0,1,0,1,0,0,1,0,1
421.050584,0,1,1,1,0,0,0,0,0
428.453441,0,0,0,1,0,0,0,0,0
430.433409,1,1,1,1,0,1,0,0,0
438.115459,0,1,0,1,1,1,0,1,0
438.830674,1,0,1,0,1,1,1,0,1
446.896905,0,1,0,0,0,1,1,1,1
447.570914,1,1,1,0,0,0,0,0,1
451.125776,1,0,0,0,0,1,1,0,0
454.413775,0,0,0,1,0,0,1,0,0
456.979360,1,0,0,0,0,0,0,0,1
457.522941,0,0,0,1,1,1,1,1,0
466.112503,0,0,1,0,1,0,0,0,1
467.040005,0,1,1,0,0,0,0,1,1
469.914280,1,0,1,0,1,0,1,1,1
470.154777,0,0,0,1,1,0,1,1,0
475.539854,1,0,0,1,0,1,0,0,0
484.482558,0,0,0,1,1,0,0,1,1
490.677629,1,0,1,1,1,1,0,0,1
499.392961,0,1,1,0,0,1,1,0,1
503.593541,0,1,1,1,0,1,0,1,1
512.607093,1,1,0,1,1,0,1,0,0
513.527118,0,1,1,0,0,1,1,1,1
519.732514,1,1,0,1,0,1,0,0,0
519.733514,0,1,1,0,1,0,0,1,1
526.791355,0,0,0,1,0,1,0,0,1
532.157384,1,1,1,0,0,1,0,0,1
541.032910,1,1,0,0,0,1,0,0,1
549.087292,0,0,0,0,1,1,0,0,0
553.882333,0,1,0,1,0,0,1,1,1
555.023903,0,0,1,0,1,1,1,1,1
556.518260,1,1,1,1,1,1,1,1,1
561.713709,1,1,0,0,1,1,1,1,1
568.960362,1,1,1,0,1,1,1,0,0
569.196909,0,0,1,1,0,0,1,1,1
572.928879,1,0,0,0,1,1,1,0,1
573.227007,0,0,0,0,0,1,0,1,1
575.930440,1,0,0,0,1,1,0,0,0
579.889377,1,0,0,1,1,1,1,0,0
587.757238,0,0,0,0,0,1,1,1,1
592.010444,1,0,0,1,1,1,1,1,1
598.492880,1,0,0,0,1,0,1,0,0
603.469228,1,1,1,0,0,1,0,1,0
610.096072,0,0,0,1,0,1,1,0,1
610.305384,0,0,1,0,1,1,0,0,0
611.118486,1,0,1,1,0,1,1,1,0
613.913324,0,0,0,1,1,1,0,0,1
614.895358,0,0,0,0,0,0,1,0,1
619.848243,1,1,1,1,1,0,0,1,0
624.210178,1,0,1,0,1,0,0,1,1
628.168873,0,1,1,0,0,0,0,1,1
628.494095,1,1,1,0,1,0,0,0,0
635.799888,0,0,0,0,0,1,0,1,1
644.066728,1,1,0,0,1,0,0,1,0
648.733928,1,1,0,1,0,1,0,0,1
653.405514,0,1,0,0,1,0,0,0,0
663.009514,1,0,0,1,1,0,1,1,0
669.892103,0,1,0,1,0,1,1,0,1
675.439215,1,0,0,1,1,1,1,0,0
681.193607,1,0,0,1,0,0,1,1,0
681.680761,0,1,1,0,1,0,0,1,0
690.262139,0,0,1,0,0,0,1,1,0
691.748346,0,0,1,1,0,1,1,1,1
695.423519,1,0,1,0,0,0,0,0,0
698.099735,0,1,1,1,1,0,0,0,0
700.147314,1,0,0,0,1,1,1,1,0
708.352012,0,0,0,1,0,1,0,0,1
716.813704,1,1,1,0,1,1,1,1,1
719.167410,0,0,1,1,0,1,0,0,1
723.345538,0,0,0,0,0,1,0,1,1
732.741406,1,1,1,1,1,1,1,0,1
740.104633,0,0,0,1,0,0,1,0,0
744.105233,1,0,1,0,1,1,1,1,1
748.700059,1,0,1,0,0,0,0,0,0
753.322274,1,0,0,1,0,1,0,1,1
753.815532,0,1,1,1,0,0,0,0,1
759.239187,1,0,0,1,0,0,1,0,1
766.982844,1,0,0,0,0,1,0,0,1
767.708071,0,1,0,0,0,1,1,0,0
774.767188,0,1,0,1,1,0,0,1,0
783.714662,0,1,0,1,1,1,0,0,0
788.245596,0,1,0,1,1,0,1,0,0
797.111115,1,1,0,1,0,1,0,1,1
801.965288,1,1,1,0,0,1,1,1,1
811.947746,1,1,1,0,1,0,1,0,0
813.920380,1,0,0,1,0,1,0,1,1
818.678969,1,0,1,1,0,1,1,0,0
821.176598,0,0,1,1,1,1,1,1,0
826.515818,0,0,0,1,1,0,0,1,1
826.516818,0,0,1,1,1,1,0,1,0
832.723034,0,1,0,1,1,1,0,0,0
837.930375,0,1,1,0,0,0,0,1,0
842.996658,1,0,1,1,1,1,1,1,0
851.392858,0,1,0,1,0,1,0,0,0
857.149380,0,0,1,1,1,1,1,1,0
861.528154,1,0,1,1,1,0,0,0,1
861.669985,1,0,0,1,1,1,1,0,0
869.433367,0,0,0,1,0,1,1,1,0
871.114639,1,0,0,1,1,0,1,0,0
876.475605,1,1,0,1,0,0,0,1,1
886.207037,1,1,1,1,1,0,1,0,1
888.527331,1,1,0,1,1,1,0,0,1
898.304388,0,1,0,0,1,1,1,0,0
907.077844,1,0,1,1,1,0,0,0,1
916.789737,0,1,1,0,0,1,1,1,1
920.924939,1,0,1,1,0,1,1,1,0
921.640154,0,0,0,0,1,1,1,1,1
927.252975,1,1,0,0,1,1,0,1,0
930.485975,1,0,0,1,0,0,0,1,1
931.339162,0,0,1,1,0,0,1,1,0
940.724189,1,1,1,1,0,1,1,1,0
946.996964,1,1,0,1,0,0,0,0,1
950.237076,0,0,1,0,1,0,1,0,0
951.422168,1,1,1,1,1,1,1,1,1
957.100567,0,0,1,1,0,1,1,1,0
963.428146,0,1,0,1,1,1,1,1,0
969.506969,0,0,0,1,0,0,0,0,1
969.988883,0,1,0,0,0,0,1,0,0
973.014492,0,0,0,0,1,1,0,1,0
979.656619,1,0,0,1,1,0,1,1,0
986.562695,1,1,1,1,1,1,1,0,0
992.539428,1,0,1,0,0,0,1,1,0
993.249492,1,1,1,1,1,1,0,1,0
1003.023951,0,1,0,0,1,1,1,0,0
1003.091463,1,1,0,1,1,1,1,0,0
1008.290882,0,1,0,0,0,1,1,1,1
1010.596947,0,1,0,1,0,1,1,1,1
1020.040381,1,1,1,1,1,0,0,1,1
1023.450131,1,1,0,1,1,1,1,1,1
1028.980420,1,1,1,0,0,1,1,0,0
1030.434379,1,1,1,1,1,1,0,1,0
1034.718752,0,0,0,1,1,0,0,1,1
1036.562218,1,0,0,1,0,0,0,0,1
1045.753476,1,1,0,0,0,1,0,0,1
1055.309076,0,1,0,0,1,0,1,0,1
1062.053587,0,1,1,0,1,0,0,1,0
1071.779224,1,0,1,0,0,0,0,1,0
1072.161139,1,1,0,0,1,1,1,1,1
1077.683653,0,1,0,0,1,0,0,0,1
1078.867479,1,0,0,0,1,0,0,1,1
1080.947045,1,0,0,0,0,1,0,0,0
1087.614045,0,1,0,0,0,1,1,0,0
1096.007780,1,1,0,0,1,1,0,1,1
1105.219606,0,1,0,0,0,1,0,0,0
1110.286358,0,0,1,0,1,0,1,1,0
1119.575529,1,0,0,0,0,0,1,1,0
1120.325918,0,1,0,1,0,0,0,0,1
1120.654396,1,1,1,1,0,0,1,0,1
1129.370673,1,1,0,0,0,0,1,0,1
1132.300673,0,1,1,0,0,0,1,0,1
1134.142686,0,1,0,0,1,0,0,1,1
1143.944030,0,1,0,0,0,1,0,0,1
1153.298215,0,1,1,0,1,1,0,0,0
1157.482581,0,1,0,0,1,1,1,1,1
1158.807436,1,0,0,0,1,0,1,1,1
1167.050855,1,1,1,1,0,1,0,0,0
1170.696227,1,1,1,1,0,1,0,0,0
1177.640977,0,1,0,1,1,0,1,1,1
1185.794639,0,0,1,0,1,0,1,1,0
1194.314302,1,1,0,1,1,1,1,1,0
1202.340625,0,1,0,1,0,1,0,1,0
1207.774965,1,1,0,0,1,0,1,0,0
1217.124624,0,0,0,1,0,1,1,0,0
1225.159755,1,0,0,0,0,1,1,1,0
1229.918900,1,0,0,1,1,0,1,0,0
1234.260415,0,1,1,0,1,0,0,0,0
1236.878233,0,0,0,1,0,1,1,0,0
1244.173468,1,0,0,1,0,0,0,1,1
1244.888682,1,1,1,0,0,1,0,1,0
1247.389432,0,0,1,1,1,1,0,1,0
1255.201512,1,1,0,1,1,0,1,1,1
1257.497955,0,1,0,1,1,0,0,1,0
1263.887205,1,1,1,1,0,1,0,0,1
1268.270553,0,0,0,1,1,1,0,0,1
1271.974886,1,1,1,1,0,1,1,0,0
1276.806321,0,0,1,1,1,1,1,1,1
1284.184361,1,1,1,0,1,1,0,0,1
1287.646553,1,0,1,1,1,0,0,0,1
1288.229037,0,0,1,1,0,1,1,1,1
1289.282564,1,0,1,0,1,1,1,0,0
1296.568549,0,0,1,1,0,1,0,0,0
1304.015613,0,1,1,1,0,0,1,1,1
1307.349613,0,0,1,0,0,0,1,1,1
1316.125246,0,0,0,0,0,1,0,1,0
1317.820066,1,1,0,0,1,1,1,0,0
1326.785049,0,1,1,0,0,0,0,0,1
1334.217738,0,1,0,1,0,0,0,0,1
1339.339438,1,1,1,0,0,0,0,1,0
1345.716319,0,1,0,1,1,0,1,1,1
1346.066681,1,1,1,1,0,1,1,0,0
1353.239378,1,0,1,1,0,0,1,0,1
1356.723739,0,0,1,0,1,0,0,1,0
1364.698625,1,0,0,0,1,1,1,0,1
1369.439212,0,1,1,0,0,1,0,1,1
1379.359220,0,1,0,0,0,0,0,0,0
1382.732664,1,1,1,1,0,1,0,0,0
1384.422837,0,0,1,0,0,0,0,0,1
1391.164235,0,0,0,1,1,0,0,0,1
1399.259663,1,0,0,1,1,0,0,0,1
1408.992131,1,1,0,0,0,1,1,1,0
1417.957038,1,0,1,0,1,1,1,0,0
1418.142352,1,0,0,0,1,0,1,1,1
1427.666209,1,1,1,0,0,1,0,0,1
1431.108599,1,0,1,1,1,1,1,1,1
1432.239116,0,1,1,0,1,1,0,0,0
1440.483912,0,0,0,1,0,0,0,0,1
1441.637394,0,1,1,0,1,0,1,1,0
1448.433238,1,0,0,0,0,1,1,1,1
1452.583823,0,1,1,0,0,1,1,1,0
1453.182590,0,1,1,0,0,1,0,1,0
1455.049197,1,1,1,1,1,1,0,1,0
1461.640447,1,1,1,0,0,0,0,0,0
1469.096842,0,0,0,0,1,1,0,1,1
1469.313767,0,0,1,0,0,1,0,0,0
1470.460027,0,1,0,1,1,0,0,0,1
1472.004990,0,0,1,1,1,0,1,0,1
1474.368482,1,0,1,0,0,1,0,0,0
1483.974821,1,1,1,0,0,0,1,1,0
1484.333780,1,0,1,1,1,0,0,0,0
1486.152780,1,0,1,0,0,0,1,1,1
1486.820380,0,0,0,1,0,0,1,1,0
1488.097849,0,1,1,0,1,1,0,1,1
1495.710028,1,0,0,1,0,0,1,0,1
1496.455634,0,0,1,0,1,0,1,0,1
1505.869026,0,1,0,0,0,0,0,0,1
1509.258576,0,1,0,1,1,0,1,1,0
1515.225009,1,0,1,1,1,0,1,1,1
1523.392199,1,0,1,0,1,0,0,0,0
1532.281199,0,0,0,1,0,1,1,1,0
1535.406886,1,1,1,0,0,1,1,1,1
1537.503805,1,0,0,0,1,0,1,1,1
1540.741769,0,1,0,1,0,1,0,0,0
1548.625377,1,0,1,1,0,0,1,0,1
1553.191438,1,0,1,1,0,0,0,0,0
1553.519719,1,1,1,1,1,0,0,1,1
1555.917740,1,1,0,1,1,0,0,1,0
1561.548549,1,1,1,1,1,0,1,1,1
1567.164091,1,0,0,0,1,0,1,1,1
1574.517891,0,1,0,0,1,1,0,1,0
1580.034310,1,0,1,0,1,0,1,0,0
1588.411096,1,1,1,1,0,0,1,0,1
1590.760615,1,1,0,0,0,0,1,1,1
1599.713789,0,0,0,1,1,1,1,1,1
1608.993140,0,0,0,1,1,1,0,0,1
1613.518687,1,1,1,0,0,0,0,1,0
1619.055239,1,0,0,0,1,1,1,1,0
1627.171556,1,0,0,1,1,0,1,1,1
1627.727123,1,1,0,0,0,1,1,0,1
1631.969480,0,0,0,0,0,1,0,0,0
1635.733545,1,1,1,1,1,1,1,0,1
1639.798654,1,0,1,0,1,0,1,0,0
1647.672001,0,0,1,0,0,1,1,1,1
1650.056626,0,0,0,1,1,0,0,0,1
1654.704539,1,0,0,1,0,0,0,0,1
1663.849362,0,0,0,0,1,1,1,0,1
1668.181870,1,1,0,0,0,1,1,0,0
1674.493714,1,1,0,0,1,1,1,1,0
1679.055662,0,1,0,0,1,0,0,1,1
1688.814595,1,1,1,0,0,0,0,1,1
1697.426774,0,0,1,0,1,1,0,0,1
1700.024917,1,0,0,1,0,1,1,0,1
1705.050968,1,1,0,1,0,1,1,1,1
1711.562945,0,1,0,1,1,0,0,0,1
1719.503350,0,0,1,0,1,1,0,0,0
1727.561580,0,0,1,1,0,1,0,1,1
1733.009952,1,0,1,1,0,1,1,1,0
1736.998408,0,1,0,1,0,1,1,1,1
1742.203348,1,1,0,1,1,0,0,0,0
1751.587393,1,1,1,0,0,0,1,0,1
1758.287070,0,1,0,1,0,0,0,0,1
1767.660626,1,1,0,0,1,0,1,0,0
1769.081939,1,0,1,1,0,1,1,0,0
1772.551543,0,1,1,0,1,1,1,1,1
1778.482984,1,0,0,1,0,0,0,0,0
1781.354360,1,1,0,1,1,1,1,0,0
1784.023206,0,0,0,1,1,1,0,0,1
1788.670980,1,0,1,1,1,0,1,1,0
1789.520380,1,0,0,1,1,1,1,1,1
1789.688774,0,1,1,0,0,0,0,1,1
1793.244066,1,1,1,1,0,0,1,1,1
1803.155186,0,1,0,0,0,1,1,1,1
1809.511272,1,1,0,1,0,0,0,1,0
1817.292354,0,0,1,0,0,1,1,0,0
1817.410989,0,0,1,1,0,1,0,0,1
1824.874151,0,1,0,1,1,1,0,0,1
1829.496537,0,1,1,1,0,1,0,1,1
1830.697417,1,0,0,0,0,1,0,0,0
1832.718417,1,0,0,1,1,1,1,1,1
1838.014204,0,1,0,1,0,1,1,0,0
1839.734777,0,1,1,1,0,0,1,1,1
1847.871210,0,1,1,1,0,1,1,0,1
1851.468065,1,0,0,0,1,1,0,0,0
1858.187636,1,1,0,0,0,1,0,1,1
1865.148724,0,1,0,0,1,1,1,1,1
1872.667960,0,1,1,1,1,0,0,1,0
1881.720686,1,0,0,1,1,1,1,1,1
1884.372584,0,1,1,0,0,0,1,0,1
1887.350559,1,0,1,1,1,0,1,0,0
1895.866332,1,0,1,0,0,0,0,1,1
1903.884074,0,1,0,0,1,1,1,0,0
1913.307591,0,0,0,1,1,1,1,0,0
1914.629597,1,1,0,0,0,0,1,1,1
1919.298027,1,0,0,1,1,1,0,0,0
1922.315674,1,0,1,0,0,0,1,0,1
1931.746111,0,1,1,1,0,1,1,1,1
1937.004909,0,1,0,1,0,0,1,1,1
1944.148052,0,1,1,1,1,1,1,1,0
1952.167481,0,0,1,1,1,0,1,0,0
1960.783004,1,0,0,1,1,0,0,0,1
1969.710556,0,0,0,1,1,1,1,0,1
1976.938978,0,0,0,0,1,0,1,0,0
1980.696697,0,0,1,1,0,1,0,0,0
1989.509601,1,1,1,1,0,0,0,1,1
1994.190584,0,0,0,0,0,1,0,1,0
2002.366286,1,1,0,0,1,0,0,0,1
2004.652173,1,0,1,0,1,1,1,1,1
2012.645372,1,1,1,1,1,0,0,0,0
2015.051698,1,0,0,0,1,1,0,1,0
2023.131890,1,0,1,1,0,1,0,1,0
2030.007203,1,1,1,0,1,0,1,1,1
2031.966340,0,0,0,1,1,1,1,0,0
2034.744080,1,1,1,0,0,0,1,1,1
2038.606233,0,1,1,0,1,1,1,1,1
2043.708763,1,1,1,0,0,0,0,1,0
2045.959538,1,1,0,1,1,1,0,0,1
2052.686839,0,0,1,0,0,1,0,1,0
2053.937714,1,1,1,1,0,0,1,0,0
2059.603172,1,1,0,1,1,0,0,0,0
2061.449226,0,0,0,1,1,0,1,1,1
2068.528006,1,1,1,0,0,0,1,0,0
2075.978261,1,1,0,1,1,1,1,1,1
2076.934073,0,1,0,1,1,0,0,1,1
2079.769954,1,0,1,0,1,0,1,0,0
2084.542261,1,0,0,0,0,0,1,0,1
2084.564468,0,0,0,0,1,1,1,1,1
2091.116537,0,1,0,1,1,0,1,1,1
2092.908741,0,1,0,1,0,1,1,0,0
2093.713785,1,0,0,0,1,1,1,0,1
2093.882992,1,0,0,0,1,0,0,1,0
2102.960007,1,1,1,0,0,0,0,0,1
2105.888471,1,1,0,1,0,0,0,1,1
2113.296138,1,1,1,0,0,1,1,1,0
2120.083246,0,1,1,0,0,1,0,1,1
2128.406943,1,0,1,1,0,1,1,1,1
2129.277421,1,0,1,0,0,1,0,0,0
2130.831495,0,1,0,1,0,1,0,0,1
2135.887391,0,1,0,0,1,0,0,1,0
2136.553792,0,0,0,1,1,1,0,0,0
2136.908292,0,0,0,0,0,1,1,1,1
2146.484714,0,0,1,1,1,1,0,1,1
2154.919081,0,1,1,0,1,1,1,1,0
2163.597098,0,1,1,1,1,0,1,0,0
2164.967009,0,0,1,0,0,1,0,0,1
2172.939151,0,0,1,0,0,1,0,0,1
2174.787025,1,1,1,1,1,1,1,1,1
2179.565872,1,0,0,0,0,0,1,0,1
2181.566672,1,0,0,1,0,1,1,1,1
2189.044800,1,1,1,1,0,0,1,1,0
2189.840323,0,1,0,0,1,1,0,1,1
2190.265523,1,0,1,1,1,0,1,0,0
2193.142401,0,0,0,1,1,0,1,1,1
2195.226526,0,1,1,1,0,1,1,0,1
2199.365043,1,1,0,1,1,0,1,0,0
2204.726764,0,1,1,1,0,0,0,0,0
2209.900580,0,1,1,0,0,0,1,1,1
2219.131426,0,0,0,1,1,0,1,0,0
2222.097909,1,0,0,1,0,0,0,1,1
2228.279049,1,1,0,1,1,1,1,1,0
2233.665011,1,0,0,1,1,0,0,1,1
2238.767541,0,1,1,1,0,1,1,0,0
2243.862118,1,0,0,0,1,1,1,1,0
2248.623435,0,0,0,1,0,1,1,0,1
2250.302589,1,1,0,1,0,1,0,1,0
2257.034099,0,0,1,0,1,0,1,1,1
2266.656778,0,0,0,0,1,1,0,0,1
2276.161472,1,0,0,0,0,1,1,0,0
2282.243368,0,1,0,1,1,1,1,1,0
2285.346467,1,1,1,1,1,1,0,0,0
2286.264312,1,1,1,1,1,0,0,1,1
2292.716280,1,0,1,0,1,1,1,1,1
2299.270297,0,1,1,1,1,0,0,1,1
2304.350154,0,1,0,1,0,0,1,1,0
2309.150674,0,0,0,0,1,0,0,0,1
2316.384284,0,1,0,1,0,0,0,0,0
2322.766225,1,0,0,0,1,0,1,0,0
2323.723304,0,0,1,1,0,0,1,1,0
2325.895140,0,1,0,0,0,1,1,1,0
2333.926027,1,1,0,0,1,1,0,0,1
2336.679227,1,0,1,1,0,1,0,0,0
2337.161702,1,0,0,0,0,1,1,0,1
2338.557912,0,0,1,1,1,1,0,1,0
2339.232419,1,0,1,1,1,0,1,1,0
2339.804483,0,1,1,1,0,0,0,0,0
2342.542998,1,0,0,1,0,0,0,0,1
2346.143638,0,0,1,1,1,1,1,1,0
2351.858353,1,1,1,0,0,0,0,1,1
2357.158823,0,1,0,1,0,0,0,0,0
2363.905723,0,0,0,1,0,1,1,0,1
2366.981282,1,0,1,1,0,0,1,1,0
2368.832843,1,0,1,0,1,0,0,0,0
2372.219619,0,1,1,1,0,1,0,1,0
2377.654858,1,0,0,1,0,1,0,0,0
2382.503175,0,0,1,0,0,1,1,0,1
2389.462242,0,1,1,0,0,1,1,0,1
2399.266183,0,0,0,1,0,1,1,0,0
2400.100433,1,0,1,1,1,1,1,0,1
2400.305495,1,0,1,0,1,0,0,0,1
2404.098115,1,0,1,1,1,1,1,0,0
2404.304977,0,0,1,1,1,0,0,0,0
2409.305477,0,1,1,1,0,0,0,1,0
2412.639477,1,0,1,0,0,0,1,0,1
2415.606282,0,0,0,1,0,1,1,0,0
2416.834596,1,0,1,0,1,0,0,0,1
2425.608722,1,1,1,0,0,0,1,1,0
2429.336622,0,1,0,0,1,1,0,1,0
2429.968400,1,1,1,1,1,0,1,0,1
2438.235769,0,0,1,1,0,0,0,0,1
2444.216070,0,1,0,0,0,1,0,0,1
2452.574444,1,1,0,0,1,1,0,0,1
2457.405149,1,0,1,0,1,1,1,1,0
2467.182949,1,1,1,0,1,0,0,1,1
2470.973044,1,0,0,1,0,1,0,0,0
2474.355630,1,0,1,0,1,0,0,0,0
2483.120397,0,1,0,0,0,1,1,0,1
2489.831689,1,0,0,0,0,1,0,0,0
2490.847258,1,1,1,1,1,0,1,1,0
2494.901503,0,0,1,1,0,0,0,0,0
2497.026643,1,0,1,0,0,1,0,1,0
2502.048662,1,1,1,1,1,0,1,1,1
2509.394060,1,1,0,0,1,0,0,1,0
2518.720727,0,1,1,1,1,0,1,1,1
2524.019362,1,0,1,0,0,1,1,0,1
2530.690503,1,1,0,1,1,0,0,1,1
2531.029022,0,1,1,1,1,0,1,0,1
2535.700286,1,0,0,1,0,0,1,1,0
2537.864884,1,1,0,0,0,0,0,1,1
2543.828437,0,1,0,0,0,1,1,1,1
2545.942158,1,0,0,0,1,1,1,0,1
2546.165358,1,1,1,1,0,1,0,1,1
2555.563200,0,1,0,1,0,0,1,0,0
2556.737387,0,0,1,1,0,0,1,0,1
2559.127528,0,1,1,0,0,0,1,1,1
2568.493983,0,0,1,1,0,0,1,0,1
2568.774285,0,0,0,1,0,1,1,0,1
2576.463405,1,0,1,1,1,1,1,0,1
2580.921790,1,1,0,1,1,1,1,1,1
2584.426865,1,0,0,0,1,0,1,0,1
2586.262001,0,0,0,0,0,0,0,1,1
2591.325431,1,1,1,1,1,0,1,0,1
2595.471400,0,0,1,1,1,1,0,1,0
2604.640187,0,1,1,0,1,0,0,1,0
2606.203531,1,0,1,0,1,1,1,0,0
2606.940654,1,1,0,1,1,1,1,1,0
2612.475081,1,0,1,0,1,0,0,0,1
2614.346064,0,0,0,1,0,1,1,1,1
2619.380667,0,0,1,1,0,1,0,0,1
2627.340055,0,1,0,0,0,0,1,1,0
2631.967841,0,0,0,1,0,0,1,0,1
2631.968841,0,1,1,1,1,0,0,0,0
2634.982092,0,0,0,1,0,0,0,1,0
2639.242870,1,1,1,0,1,0,0,0,0
2648.148797,1,1,1,1,0,0,1,1,0
2652.653851,0,0,1,1,1,1,0,1,0
2655.025475,1,1,0,1,1,1,1,0,1
2660.740189,0,0,1,1,0,1,0,0,0
2667.540509,1,0,1,1,1,1,1,0,1
2672.177409,1,0,1,0,1,0,0,1,1
2678.198215,1,1,1,0,1,0,1,1,0
2683.047754,1,0,1,1,1,1,0,1,1
2684.527100,1,0,0,0,1,1,0,1,1
2693.712624,1,1,1,0,1,0,0,1,0
2696.094338,1,0,1,1,1,0,0,0,0
2702.979895,0,1,1,0,0,1,0,0,1
2712.039129,0,1,1,0,0,1,1,0,1
2717.897149,0,1,1,1,0,0,1,0,0
2721.187293,1,0,0,1,0,0,0,1,1
2724.535066,0,1,1,0,1,0,0,0,1
2731.292147,1,1,0,1,1,0,1,0,1
2731.451861,1,1,0,0,0,1,0,1,1
2737.584971,0,0,1,1,0,1,0,0,1
2744.839734,0,1,1,0,1,1,1,1,1
2750.343328,1,1,0,1,1,0,0,1,0
2753.247264,0,1,1,1,0,0,1,1,0
2753.311349,1,0,0,0,0,0,0,1,0
2759.523849,1,0,0,1,0,0,0,1,0
2766.686762,1,0,0,0,1,1,0,1,0
2775.317390,0,1,0,1,0,0,0,1,1
2778.407512,0,1,1,0,1,1,0,0,0
2785.491137,0,1,0,1,1,1,1,1,1
2790.011459,0,0,0,1,1,1,1,0,0
2792.703099,0,1,0,1,1,1,0,0,1
2802.336894,0,0,1,1,1,0,0,0,1
2804.951788,1,1,1,0,0,1,0,1,1
2812.391490,1,0,1,1,0,0,1,1,1
2816.670413,0,1,0,1,0,1,1,1,1
2819.243557,0,0,0,0,1,1,1,0,1
2828.151102,0,1,1,0,1,1,0,0,0
2834.881831,0,1,1,1,0,1,1,1,1
2839.852465,0,0,0,1,0,0,1,1,1
2846.269936,0,0,0,1,1,1,0,1,1
2853.218722,1,1,0,0,0,1,0,0,1
2860.514447,1,0,0,0,0,1,1,0,1
2865.958451,0,1,0,0,0,1,1,1,1
2869.492666,1,1,1,0,1,1,0,0,0
2875.743041,1,0,0,1,0,0,1,0,1
2884.230110,0,0,0,0,1,1,1,1,1
2889.230610,1,1,1,0,0,1,0,1,0
2891.432795,0,0,1,0,1,1,0,0,1
2892.531951,1,1,0,0,0,1,0,0,1
2901.873709,1,0,0,1,1,0,0,0,0
2903.743681,1,1,1,1,1,1,1,1,1
2905.966681,0,1,1,1,1,0,1,0,1
2913.505389,1,0,0,1,0,0,1,0,0
2916.195606,1,0,0,0,0,1,1,1,1
2924.835448,1,0,0,1,0,1,1,0,0
2928.041649,1,0,0,1,1,1,0,0,1
2928.787256,0,0,1,0,0,1,0,1,0
2934.204381,1,0,0,0,1,1,1,0,1
2943.941249,1,1,1,1,1,1,0,1,0
2948.240065,1,1,1,1,1,0,1,1,1
2955.643360,0,0,1,0,0,0,0,0,1
2964.616740,1,0,0,0,1,0,1,1,1
2965.640655,1,0,0,1,0,0,0,1,0
2973.287949,0,0,1,1,0,0,0,0,0
2979.924649,1,1,1,0,0,1,0,0,0
2980.577530,1,1,1,0,1,0,1,0,1
2983.933285,0,1,1,1,0,0,1,0,0
2992.032067,1,1,1,0,1,0,1,0,0
3001.830622,0,0,1,0,1,1,1,1,1
3002.919596,1,1,0,0,0,1,1,0,0
3009.419946,1,1,1,1,0,1,0,1,1
3011.635010,0,1,0,0,1,0,1,1,1
3013.120578,0,0,0,1,1,1,0,1,0
3022.142816,1,0,0,1,1,0,1,1,0
3031.176145,1,0,1,0,1,1,1,0,1
3036.467690,1,0,1,1,1,0,0,0,0
3041.816992,1,1,1,0,1,0,0,1,1
3051.586836,0,0,1,1,0,1,0,1,0
3054.898764,1,0,0,1,1,1,1,0,0
3059.626564,1,1,0,0,0,0,0,1,1
3059.686295,0,0,0,0,0,1,1,0,1
3062.227087,1,0,0,1,0,1,1,0,0
3062.817033,1,1,0,1,1,0,0,0,1
3065.833604,1,0,0,0,1,0,1,0,0
3074.787590,0,0,0,1,0,0,0,0,0
3080.783491,0,1,0,1,0,1,0,1,1
3083.284241,0,1,1,1,0,1,0,1,0
3090.442420,0,1,1,1,1,1,1,1,0
3097.988504,0,0,0,0,0,1,0,1,0
3099.791126,0,0,1,1,0,1,0,1,0
3104.742289,1,0,0,1,1,1,0,0,0
3105.288689,0,0,0,0,0,0,0,1,1
3111.584193,0,0,0,1,0,0,1,1,0
3111.740216,0,1,1,0,1,1,0,1,1
3120.428394,1,1,1,0,1,1,1,1,0
3120.429394,1,0,0,0,1,0,1,0,0
3127.013069,0,0,1,1,0,1,0,1,1
3131.129413,0,1,0,0,0,1,1,0,1
3136.378507,0,1,0,0,0,1,1,1,0
3136.821639,0,1,0,0,0,0,1,0,1
3140.891198,1,0,1,0,1,0,1,0,0
3142.506072,0,0,1,1,1,1,0,1,1
3149.119783,0,0,1,0,0,0,0,0,0
3157.603750,0,0,0,1,0,1,1,1,0
3166.647126,1,0,1,0,0,0,1,0,0
3166.673155,0,0,0,0,0,1,1,0,1
3172.368949,0,1,0,0,0,1,0,1,1
3173.542574,1,0,0,1,0,1,0,1,0
3180.590053,1,0,0,1,1,1,1,0,1
3182.969194,1,0,1,0,1,1,0,0,0
3183.710861,0,0,1,1,1,0,1,0,1
3189.006116,1,0,0,1,0,0,0,0,1
3194.563341,0,0,1,1,1,0,1,0,1
3203.687516,0,1,1,0,1,1,1,1,0
3212.206182,1,0,1,0,0,1,0,0,0
3214.345697,0,1,1,0,0,0,1,1,1
3215.661189,1,1,1,0,1,0,0,0,1
3220.160625,1,0,1,1,0,1,1,0,1
3221.000251,1,0,1,0,1,1,1,1,0
3228.793387,1,1,1,0,0,1,1,1,0
3235.775580,1,1,0,0,1,0,1,1,1
3238.276330,0,1,0,1,0,1,0,0,1
3247.227484,0,1,1,0,1,0,1,1,0
3250.655252,1,0,1,0,0,0,0,1,1
3254.822502,0,0,0,0,1,0,1,0,0
3263.671102,0,0,0,0,1,1,0,1,0
3266.785563,1,0,1,0,0,1,1,1,1
3276.118963,0,0,0,1,1,0,1,0,0
3279.617963,1,1,0,0,1,1,0,1,1
3285.301153,1,1,0,0,0,0,0,1,0
3288.999896,1,0,0,0,1,1,0,1,1
3292.983549,0,0,1,1,0,0,0,0,1
3294.698663,1,0,1,1,0,1,1,0,1
3302.704044,1,1,1,0,1,0,0,0,0
3311.851287,1,1,1,0,0,1,0,0,1
3316.783470,0,1,0,0,1,0,0,0,0
3322.051433,0,1,0,1,0,0,0,0,1
3328.265851,0,1,0,1,1,0,1,0,1
3329.980965,1,1,1,0,0,1,0,0,1
3334.339328,1,1,0,0,0,1,1,0,0
3342.863572,1,1,1,1,0,0,1,0,0
3343.847132,1,1,1,0,0,1,1,1,1
3352.142101,1,0,0,1,0,1,1,0,0
3356.595486,1,1,0,0,0,0,1,1,1
3362.359320,1,1,0,0,0,0,1,1,0
3367.908153,1,0,0,0,0,0,1,1,0
3371.908753,1,1,1,1,1,0,1,1,1
3376.974558,1,0,0,0,0,1,0,1,1
3379.201976,1,1,1,0,0,1,0,1,0
3386.888954,0,0,1,1,1,0,1,0,0
3392.343954,1,0,1,0,0,0,0,0,0
3395.501101,0,0,0,0,1,0,0,1,0
3397.957996,0,1,0,1,1,0,0,0,0
3399.902689,1,0,1,0,1,0,1,1,0
3404.025016,0,0,0,1,1,0,1,1,0
3404.218305,1,1,0,0,1,0,0,0,1
3407.070259,0,1,1,1,0,0,0,1,1
3407.523021,0,0,1,1,1,1,1,1,1
3414.284067,0,1,1,0,0,0,1,0,0
3415.189036,1,1,1,0,1,1,0,1,0
3419.322956,0,0,0,1,0,0,1,0,1
3427.910054,0,0,1,0,1,0,0,0,1
3430.210475,0,1,1,0,1,0,0,1,1
3437.751705,0,1,0,1,0,0,1,1,0
3443.237389,0,0,0,1,1,0,0,0,1
3452.992252,1,1,1,0,1,1,0,1,0
3457.310001,1,1,0,0,0,0,0,0,0
3457.856401,0,1,0,0,0,0,0,0,1
3465.846798,0,0,1,0,0,0,1,0,0
3472.031058,0,1,1,1,0,1,0,1,0
3472.453330,1,0,1,1,0,1,1,1,1
3474.835044,0,1,1,1,1,0,0,1,1
3478.379646,1,0,0,1,0,1,1,0,0
3483.897335,1,1,0,1,1,1,1,0,0
3486.816283,0,0,1,0,1,0,1,0,0
3491.998362,0,0,1,1,0,1,1,0,1
3498.756678,1,0,0,1,0,1,0,0,0
3502.523535,0,1,0,0,1,0,0,0,0
3511.653215,0,0,1,0,1,0,1,0,0
3520.000488,0,0,0,0,0,0,1,1,0
3529.353304,1,1,1,1,1,0,0,1,1
3535.312612,1,0,0,0,1,0,0,1,0
3543.433101,0,0,1,0,1,0,0,1,0
3546.600451,1,1,1,0,0,0,0,1,0
3553.913015,0,0,1,0,0,1,1,0,0
3555.704881,0,0,0,1,0,0,0,1,1
3558.163736,0,1,0,0,0,1,1,1,1
3567.116720,1,1,0,1,1,1,0,1,1
3572.547153,0,0,0,1,1,0,0,0,1
3577.243816,1,1,1,0,0,0,0,0,0
3577.628111,1,1,1,0,1,1,0,0,1
3586.674793,0,1,1,1,0,1,1,1,0
3595.382187,1,0,1,0,0,0,1,1,1
3599.565461,0,1,1,1,1,1,1,1,0
3609.480724,0,0,1,1,1,0,0,0,0
3612.466500,0,1,1,1,0,1,0,1,1
3613.100348,0,0,0,1,1,0,1,1,1
3616.921389,0,0,1,1,0,1,1,1,1
3619.407520,0,0,0,1,0,0,0,0,1
3620.532004,0,1,0,0,1,1,0,0,0
3622.051257,0,0,1,1,1,0,1,1,1
3631.637673,0,0,1,0,1,1,1,0,0
3639.112961,1,1,1,1,0,1,1,1,1
3647.811464,1,0,0,0,0,0,1,0,0
3650.100848,0,0,1,1,1,0,1,0,1
3653.247138,1,0,0,0,1,0,0,0,0
3654.942884,1,1,0,1,1,0,1,1,0
3664.503368,0,0,1,1,1,1,0,1,0
3672.003618,1,1,1,0,1,1,1,0,1
3677.554910,0,1,0,0,0,0,0,0,0
3685.095609,0,1,1,0,1,0,1,1,0
3689.889944,1,0,0,0,0,0,1,1,1
3696.308987,0,1,1,1,1,1,1,1,0
3699.485345,0,1,0,1,1,0,1,0,1
3702.815558,1,0,0,1,1,0,1,0,0
3704.688517,0,1,1,0,0,1,0,0,1
3709.776727,1,1,0,1,0,1,1,1,0
3714.652862,0,0,1,1,0,0,0,0,0
3720.289662,1,0,1,0,1,1,0,1,0
3730.229517,1,1,1,0,1,1,0,0,0
3738.563017,1,1,1,0,1,0,1,0,1
3739.217798,1,1,0,0,1,1,0,1,0
3741.823580,0,1,0,0,1,1,0,1,0
3748.669533,1,0,1,1,0,0,1,0,0
3748.866591,0,1,1,1,0,1,0,1,1
3753.018370,1,0,0,1,1,0,0,0,0
3753.019370,1,1,1,0,1,0,1,0,0
3760.179897,0,1,0,1,1,1,1,1,0
3763.472060,0,0,1,1,0,1,0,1,0
3773.380606,1,0,0,1,0,0,0,0,1
3781.481654,1,1,1,1,0,1,1,0,0
3791.071859,0,0,0,0,1,0,1,0,1
3799.660710,0,1,1,1,1,1,0,1,0
3806.061070,1,1,0,0,0,0,0,1,0
3815.454513,1,0,0,0,0,0,1,1,0
3824.769267,0,1,1,0,0,1,1,1,0
3831.594510,0,1,0,1,0,1,1,0,1
3841.094560,1,0,0,0,1,0,1,0,1
3842.981162,1,1,0,0,1,1,0,1,1
3843.783969,0,1,1,1,1,1,1,1,0
3849.588700,1,1,0,0,1,1,0,1,1
3850.929667,1,0,1,0,0,0,0,0,1
3857.800209,0,0,0,1,1,1,0,0,0
3867.638935,1,1,1,1,0,0,1,0,1
3873.561329,0,0,1,1,1,1,0,1,1
3877.399154,0,1,1,0,1,1,1,1,0
3883.895231,0,0,1,0,1,1,0,0,1
3886.220158,1,0,0,0,0,1,1,0,1
3894.088202,1,1,1,1,1,1,1,1,1
3898.233606,1,0,0,0,1,1,0,0,1
3898.234606,1,1,1,1,1,0,0,0,1
3899.296106,1,0,0,0,0,0,0,0,1
3906.965305,1,1,1,1,0,1,0,1,1
3915.450305,0,0,1,1,1,1,1,0,0
3920.481857,0,0,0,1,1,0,1,1,1
3928.676193,0,1,1,0,0,0,0,0,1
3938.439249,0,1,1,0,0,1,1,1,1
3943.601024,1,1,1,0,1,0,1,0,0
3945.497938,0,1,1,1,0,1,1,1,1
3946.473715,1,0,0,1,0,1,1,1,0
3956.105388,1,0,1,1,1,0,1,1,1
3956.478519,0,0,0,1,0,0,0,0,0
3962.147332,1,1,0,1,0,1,0,1,0
3969.619140,0,0,1,0,1,0,0,0,1
3971.611091,1,1,1,0,1,0,1,0,1
3979.338591,0,1,1,0,0,0,1,0,0
3984.179942,0,1,0,1,1,1,0,0,0
3984.433017,0,1,0,0,0,0,0,1,0
3992.402451,0,0,0,1,0,1,1,1,0
3996.966674,1,1,0,1,1,1,1,0,0
4006.805585,1,1,1,0,1,0,1,0,1
4015.647806,0,1,0,1,0,0,1,1,0
4020.478512,1,1,0,1,1,1,0,1,1
4028.742023,0,0,1,0,0,0,0,1,0
4037.271912,1,0,1,0,0,0,0,0,0
4041.607079,0,0,0,0,0,0,0,0,1
4046.594457,0,0,1,0,1,0,0,1,0
4046.595457,1,0,0,0,0,1,0,0,0
4048.290502,0,1,0,1,0,0,0,1,0
4051.204124,0,0,0,1,1,1,0,1,1
4058.041650,0,0,1,1,1,1,0,0,1
4067.502488,1,0,1,0,1,1,1,1,0
4073.186810,1,0,0,1,1,0,0,0,1
4078.643614,0,1,1,0,1,0,0,1,0
4080.008870,0,0,1,0,0,1,1,0,0
4083.815315,1,1,1,0,1,0,0,0,1
4088.047866,0,1,0,1,1,1,1,0,1
4093.782030,1,1,0,0,0,1,1,1,0
4100.925173,0,0,0,0,1,1,1,0,1
4108.977315,0,0,0,0,0,0,0,1,0
4112.855479,1,0,0,0,1,1,1,1,0
4115.294831,1,1,0,0,1,0,0,0,1
4121.480257,1,0,1,0,0,0,0,0,1
4125.223276,1,1,1,1,1,1,0,1,1
4132.536978,1,1,1,1,1,0,1,0,0
4136.393525,1,1,1,1,0,0,1,1,1
4137.804640,1,1,0,0,0,0,0,0,1
4146.640963,0,0,1,0,1,1,0,1,0
4148.817671,1,1,1,1,1,0,1,1,0
4157.391727,1,0,1,0,0,1,0,0,1
4163.755727,0,0,0,0,1,0,0,1,1
4164.699162,1,0,0,0,0,0,0,1,0
4165.728390,0,0,0,1,0,1,0,1,1
4165.847531,1,0,1,1,1,0,1,1,0
4174.609063,0,0,0,1,1,1,0,1,1
4182.816139,1,1,1,0,0,1,0,1,1
4182.990132,0,0,1,0,1,0,1,1,1
4186.027004,1,0,1,1,0,1,0,1,0
4193.575459,1,1,0,0,0,1,1,0,1
4198.575959,0,0,0,1,1,0,0,1,0
4207.289679,0,1,1,0,0,1,0,1,1
4210.686566,0,0,0,1,0,0,1,1,1
4218.885799,1,0,0,0,1,1,1,1,1
4227.691888,0,0,1,1,1,0,0,1,0
4230.675381,1,1,0,0,0,0,1,0,1
4232.210881,0,0,0,0,1,0,1,1,1
4232.763350,1,0,0,0,0,1,1,1,0
4238.219606,1,1,0,1,1,1,0,0,0
4242.777791,0,1,1,0,0,0,1,1,1
4245.635648,1,1,1,1,1,1,0,0,0
4247.053510,1,0,0,0,1,0,0,0,0
4251.308583,0,1,0,0,1,0,1,1,1
4257.142333,1,0,1,0,0,0,0,1,1
4263.099022,0,0,1,1,0,0,1,0,0
4271.648891,1,1,1,1,0,0,0,0,0
4275.087047,0,1,1,0,1,1,0,0,1
4279.004064,0,0,1,1,0,1,0,1,1
4286.487153,1,1,0,1,0,1,1,1,1
4288.092271,0,0,0,1,0,1,1,0,1
4290.842996,0,1,0,0,1,0,0,1,0
4299.940751,1,0,0,0,0,1,1,0,0
4303.247375,1,0,1,0,1,0,0,1,0
4305.812824,0,1,0,0,0,0,1,1,0
4309.146824,0,0,1,1,1,0,0,0,1
4309.407279,0,1,0,1,0,1,1,1,1
4310.398933,0,0,0,0,0,1,1,0,1
4319.026522,0,1,1,1,0,1,0,1,1
4328.023080,0,0,1,1,1,1,0,1,1
4333.991653,1,0,0,1,0,1,0,0,0
4341.235102,0,0,0,0,0,0,1,1,0
4342.740968,1,0,0,1,1,0,1,0,0
4347.938742,1,0,0,1,0,0,0,0,1
4355.614595,1,0,0,1,1,1,1,0,1
4360.217986,1,0,0,1,1,0,0,1,0
4367.982714,1,0,0,0,0,0,0,0,0
4369.266309,0,1,0,1,1,0,0,1,0
4370.100559,0,1,0,0,0,1,1,0,0
4373.983789,0,0,1,1,1,1,0,1,1
4383.790260,0,0,0,1,0,0,0,0,0
4390.457260,0,0,0,0,1,1,1,0,0
4398.377696,1,1,1,0,0,1,1,0,1
4400.660625,1,1,0,0,0,0,0,1,0
4404.657019,1,1,1,1,0,1,0,0,0
4411.170938,0,1,0,0,1,0,1,1,0
4420.904298,1,0,0,0,0,1,0,1,1
4427.616956,0,1,0,1,0,0,1,1,1
4433.620349,1,0,1,1,0,1,1,0,1
4439.158351,0,1,0,1,1,1,1,0,0
4441.018669,0,0,1,1,1,1,0,0,0
4445.397762,0,1,0,0,1,0,1,0,0
4455.046596,0,0,0,1,1,1,0,0,1
4460.815044,0,1,1,0,0,1,1,0,1
4464.637467,1,1,1,1,1,1,0,0,0
4467.763155,1,1,1,1,0,0,0,0,1
4467.833753,0,1,1,0,1,1,0,0,0
4472.025678,1,1,0,1,0,1,0,1,0
4475.609653,0,1,0,0,0,1,1,0,0
4481.603085,0,0,1,0,1,0,0,1,0
4485.506921,1,1,0,0,1,1,1,1,1
4493.627676,1,1,1,1,0,1,1,1,1
4500.646608,1,1,1,0,0,1,0,1,1
4504.250189,1,1,0,1,0,0,1,0,1
4509.656053,1,1,1,0,1,1,1,1,1
4519.574761,1,1,0,1,1,1,0,1,0
4524.556812,0,0,0,0,0,1,0,0,0
4531.638185,1,1,0,0,1,0,1,1,0
4538.853849,1,1,1,1,0,0,1,1,1
4546.829882,0,1,0,1,0,1,1,0,1
4554.167882,1,1,1,0,0,0,1,0,1
4559.962876,0,1,1,0,0,1,0,0,0
4563.263546,0,0,0,1,1,1,1,1,0
4572.120803,1,1,0,1,0,0,1,0,1
4574.978660,0,0,0,1,0,0,0,1,0
4575.429615,0,1,0,0,1,1,1,0,0
4578.011002,0,1,0,1,0,0,0,0,0
4587.691034,0,0,1,0,0,1,1,0,1
4589.883933,1,0,0,0,1,1,0,0,1
4594.476086,1,1,1,1,0,1,0,0,1
4602.078665,0,0,1,0,0,0,1,0,0
4603.963534,1,1,1,0,1,0,0,0,0
4610.944173,1,0,0,0,1,1,0,1,0
4616.026632,1,0,0,0,0,0,0,0,0
4616.412209,1,1,0,0,1,0,1,0,1
4626.156421,0,1,1,1,0,1,0,0,0
4627.251061,0,1,0,0,1,1,1,1,1
4634.651549,1,0,1,1,1,1,0,1,0
4639.060226,1,0,1,0,0,0,1,1,0
4640.889000,1,1,0,0,1,0,1,0,1
4648.917366,1,0,1,1,1,1,1,1,1
4649.136924,0,0,1,1,0,1,0,0,1
4651.591128,0,1,0,1,1,1,0,0,1
4658.489702,0,0,1,1,0,1,0,1,1
4665.399102,0,1,1,0,1,1,1,0,1
4665.891124,0,1,0,1,1,0,1,0,0
4672.707922,1,0,1,1,0,1,0,1,0
4675.893163,0,0,0,1,1,0,0,1,1
4678.036806,0,0,1,1,0,0,1,1,0
4685.912018,1,0,1,0,1,1,1,0,1
4695.534698,1,0,1,1,0,0,0,1,0
4698.112016,1,0,0,0,0,0,1,1,0
4699.191491,0,0,0,0,1,1,1,1,1
4702.376886,0,1,0,1,0,1,1,0,0
4703.534583,1,0,0,1,0,1,0,1,0
4704.730798,1,0,1,0,1,1,0,0,0
4714.030232,0,1,0,1,1,1,0,1,0
4714.888989,1,0,1,1,0,1,1,0,0
4716.658818,1,1,0,0,1,0,1,1,1
4719.814463,1,1,1,1,1,1,0,0,1
4724.335559,1,0,0,0,0,0,1,0,0
4727.735521,0,0,0,1,1,0,1,1,1
4732.673397,1,1,1,0,1,0,0,0,0
4733.390743,0,0,0,1,1,0,0,1,0
4738.775820,0,0,1,0,0,0,1,1,1
4742.258096,1,1,0,0,1,1,1,1,0
4748.658456,0,1,0,0,1,0,1,1,0
4753.975084,0,1,1,0,0,1,0,0,1
4762.631549,1,1,0,1,0,1,0,1,0
4767.989156,1,1,0,0,0,1,0,0,1
4771.709664,0,0,1,0,0,1,0,0,0
4780.031979,0,1,0,0,1,0,1,0,0
4785.127708,0,0,0,1,1,0,0,0,1
4794.689338,0,1,1,0,0,0,0,1,1
4799.422375,1,1,0,1,1,0,0,1,0
4801.748724,1,1,0,0,0,0,1,1,1
4803.657930,0,1,1,0,0,0,0,0,0
4807.532888,0,1,0,0,1,0,0,0,0
4814.077452,1,0,1,0,1,1,1,1,0
4818.381175,1,0,1,0,0,0,1,1,0
4827.537886,0,0,1,1,0,1,1,1,1
4829.632172,1,0,1,0,1,1,0,0,1
4831.530793,1,0,0,0,0,0,1,0,1
4840.419793,0,0,0,1,1,0,1,0,1
4841.893038,0,1,1,1,1,1,1,0,1
4851.308191,0,0,0,1,1,1,0,1,1
4851.668437,0,1,1,1,1,0,1,0,1
4857.085562,0,0,0,1,0,0,1,1,1
4865.162677,1,0,1,0,1,1,0,0,0
4875.134825,1,1,0,0,0,1,1,1,0
4879.193715,1,0,0,1,0,1,1,0,1
4880.001809,1,0,1,1,0,1,0,1,1
4885.307443,1,1,1,1,0,0,1,0,1
4886.651592,0,0,0,1,0,0,1,0,0
4888.449172,0,0,0,0,1,0,1,1,1
4896.074642,1,0,1,1,1,0,0,1,0
4903.816803,0,0,1,0,1,0,0,0,0
4910.302303,0,1,1,0,1,1,0,0,0
4914.302903,1,1,0,1,0,1,0,1,1
4914.801091,0,1,1,1,1,0,1,0,1
4918.226406,1,0,1,0,1,0,1,1,1
4927.471764,0,1,1,0,0,1,1,1,1
4929.326998,0,1,0,1,1,1,0,0,0
4933.613284,1,0,1,0,0,0,1,1,0
4942.832112,1,1,1,1,0,0,1,0,1
4948.699872,0,0,1,0,1,1,0,1,0
4954.909929,0,1,1,1,1,0,0,1,0
4961.100786,1,0,1,0,1,0,1,1,0
4970.152605,1,1,1,0,1,1,0,1,1
4970.993857,1,0,0,1,1,0,1,1,1
4971.498239,1,0,0,1,1,0,1,0,1
4979.298239,1,0,0,1,0,0,1,1,1
4980.866814,0,0,0,0,1,1,0,1,0
4982.513507,0,0,0,0,1,0,0,0,1
4987.365507,1,0,1,1,1,1,1,0,0
4987.838900,1,0,1,1,1,1,0,1,0
4991.942054,0,0,0,1,1,0,1,1,0
4996.991093,1,1,0,0,0,1,1,0,0
5002.769524,1,0,0,1,0,0,0,1,1
5006.731008,0,1,0,0,1,0,0,0,0
5016.642521,1,0,1,0,0,1,1,0,1
5023.514872,0,1,0,1,1,0,1,0,1
5024.793604,0,1,1,1,0,0,1,1,0
5026.659554,1,1,1,1,0,1,0,0,1
5029.314010,1,1,0,0,1,0,0,0,0
5035.879774,1,0,0,0,1,1,1,0,1
5037.991116,0,0,0,1,1,0,0,1,0
5037.992116,0,0,0,0,0,0,1,1,0
5047.821485,0,1,1,0,0,0,0,1,0
5052.392735,1,1,0,1,1,1,0,0,0
5054.749055,0,1,0,0,1,1,1,0,0
5063.988897,1,0,1,1,0,0,0,0,1
5064.834883,1,0,1,0,1,1,1,0,1
5067.259883,1,1,0,1,1,1,1,0,0
5072.665748,1,0,1,1,0,0,1,1,0
5073.699033,0,0,1,0,1,1,0,1,1
5081.299776,0,1,0,1,0,1,0,1,1
5088.102980,1,1,0,1,0,1,1,1,1
5088.305167,0,1,0,0,1,0,1,1,1
5092.001450,0,0,1,1,0,0,1,0,1
5100.980895,0,0,1,1,0,0,0,1,1
5108.891552,1,0,1,1,0,1,0,0,0
5118.549534,1,1,1,1,1,1,1,1,0
5120.585031,1,1,1,0,0,0,1,0,1
5123.857687,0,1,1,1,1,0,1,0,1
5126.449102,0,0,1,0,1,1,1,0,0
5130.355961,0,1,0,1,0,0,0,0,0
5135.165918,0,1,0,1,0,1,0,1,1
5139.552444,1,0,1,1,0,0,0,1,1
5144.598811,1,0,1,0,0,1,0,0,0
5151.856139,0,1,1,0,0,0,0,0,0
5159.392970,1,1,0,1,0,1,1,0,1
5166.421982,1,0,1,0,1,0,0,1,1
5169.201995,1,1,1,1,0,0,0,1,1
5173.257889,0,0,1,1,1,1,0,1,0
5173.403802,1,1,1,1,0,0,0,1,0
5179.844836,0,0,1,0,0,0,1,1,0
5182.324755,1,0,1,0,0,0,0,0,1
5191.179831,1,0,0,0,0,0,1,1,1
5195.581799,1,0,0,1,1,1,1,0,0
5197.379660,0,0,1,1,1,0,0,1,1
5204.174852,0,0,0,1,0,0,0,0,0
5204.494423,1,1,0,1,0,0,1,0,0
5213.083775,0,0,1,1,1,1,1,1,0
5216.311119,1,0,1,0,0,1,1,1,0
5222.978119,1,1,1,0,0,0,1,1,0
5232.955998,1,1,0,0,1,0,1,1,0
5241.797213,1,0,0,0,0,0,0,0,1
5245.778921,0,0,1,0,1,1,0,1,1
5250.552171,0,0,0,1,0,0,0,1,0
5258.742828,1,1,1,0,0,1,1,0,0
5265.168247,0,1,0,1,0,1,1,0,0
5266.564457,0,0,0,0,0,1,1,1,1
5274.541442,1,0,0,0,1,1,0,1,1
5277.399299,0,1,0,0,0,1,0,0,0
5277.984182,0,0,1,0,1,1,0,1,0
5284.329484,0,1,0,0,0,1,1,0,1
5289.017516,0,1,0,0,1,1,0,0,0
5295.711073,0,1,0,1,1,1,1,0,1
5298.530583,0,1,1,0,1,0,1,1,1
5305.512017,0,1,0,1,0,0,1,1,0
5311.262442,1,0,1,1,1,1,0,1,0
5316.969538,1,1,1,1,1,1,0,0,0
5323.284842,0,1,0,0,0,0,0,1,0
5329.951842,0,1,0,1,0,1,1,1,1
5332.452592,0,0,1,0,1,1,0,0,1
5338.623707,0,0,0,0,0,1,1,1,0
5344.641421,1,0,1,0,0,0,0,0,0
5350.852326,1,1,1,1,1,0,0,0,1
5353.808696,0,0,1,0,1,1,0,1,0
5363.314363,0,1,0,0,1,1,1,1,0
5371.310887,1,0,0,1,1,1,1,1,1
5372.919913,0,1,0,1,0,0,1,0,1
5380.705370,0,1,0,0,0,0,0,0,1
5382.322247,1,1,0,0,0,0,0,0,0
5391.951913,1,1,0,1,1,1,1,0,1
5400.761556,0,0,0,1,0,0,1,0,1
5406.641750,1,1,1,0,0,1,1,0,0
5412.379881,1,0,0,1,0,0,1,0,0
5414.555527,1,1,0,0,0,0,0,1,1
5422.413961,0,1,1,1,1,1,1,0,0
5425.577436,1,1,1,1,0,0,0,0,0
5435.466643,0,1,1,1,1,1,0,1,1
5438.399287,1,1,1,0,0,0,0,0,0
5442.582313,1,0,0,1,1,1,0,1,1
5448.703983,0,0,0,1,0,0,1,1,0
5454.176699,0,0,0,0,0,1,1,0,1
5460.785383,0,0,1,1,0,1,1,1,1
5461.165782,1,0,1,1,1,0,0,1,0
5462.946265,0,0,0,1,0,0,1,0,0
5467.230656,0,0,0,0,0,1,0,1,1
5471.086992,1,1,1,0,1,1,1,1,0
5474.611449,1,0,0,1,0,1,1,0,0
5478.621007,0,0,1,0,0,0,1,0,1
5482.432367,0,1,1,0,1,0,1,0,0
5482.501542,0,0,1,1,0,0,1,1,1
5484.386412,1,1,1,1,0,1,0,0,1
5490.277559,0,1,0,1,1,0,1,1,0
5492.549837,0,1,1,0,1,1,1,0,0
5496.978966,0,1,0,1,0,0,1,0,1
5503.060439,0,1,1,1,1,0,0,1,1
5509.918759,0,0,1,1,0,1,0,0,0
5517.330783,0,1,1,0,0,0,1,0,0
5521.229079,0,1,1,0,1,0,0,1,1
5528.882375,1,1,0,1,0,1,0,1,1
5531.451336,1,1,1,0,1,0,0,0,1
5533.785071,1,0,0,1,1,0,0,0,1
5536.872182,0,0,1,0,0,0,0,0,0
5545.435862,1,1,1,1,0,0,1,0,0
5551.639945,1,1,1,0,1,0,0,1,1
5558.050561,1,0,1,1,1,0,0,1,0
5563.917988,0,0,1,0,1,0,0,1,1
5567.696388,1,0,0,0,0,1,0,0,0
5572.074262,1,0,0,1,0,0,0,1,1
5581.214620,0,1,1,1,0,1,0,1,0
5582.932928,0,1,0,1,1,0,1,0,1
5591.628710,1,0,1,1,0,0,1,1,1
5594.337773,0,0,0,0,1,1,0,0,1
5603.741016,1,1,0,0,0,0,1,1,0
5604.881503,0,0,0,1,0,1,0,0,0
5606.967602,0,0,1,1,0,1,1,0,0
5614.347175,0,0,0,0,0,0,1,0,0
5616.453227,0,1,0,0,1,0,1,0,0
5623.953477,0,0,0,0,0,0,0,0,1
5629.306740,1,1,1,0,1,1,1,1,0
5629.307740,0,0,0,1,0,1,0,0,1
5634.321092,1,0,1,1,1,0,1,0,1
5636.703287,1,0,1,0,1,0,1,0,1
5644.692418,0,0,0,1,1,0,0,0,0
5651.760380,1,1,0,0,0,1,0,1,0
5660.404584,0,0,0,1,0,0,0,0,0
5666.531097,1,1,1,0,1,1,1,1,0
5672.403510,1,1,0,1,1,0,1,1,0
5673.119653,1,1,1,0,1,1,0,1,1
5675.189412,1,0,1,0,1,1,1,0,1
5683.815280,1,1,0,0,1,1,1,1,1
5692.815380,1,1,0,0,1,0,1,0,0
5701.746305,0,0,0,1,1,1,0,0,0
5704.553716,1,0,1,1,0,1,0,1,0
5707.819695,1,0,0,0,0,0,1,0,0
5716.569820,0,1,0,1,0,0,1,1,1
5718.019951,0,1,0,1,1,1,1,0,1
5722.558312,1,0,1,0,1,0,0,0,1
5731.455256,0,0,0,1,1,1,0,0,0
5739.004908,1,0,1,1,1,0,1,1,1
5742.338908,1,0,0,1,1,1,1,0,1
5751.178310,1,1,1,1,0,0,1,0,0
5751.766077,1,0,1,0,0,1,1,1,1
5754.080896,0,0,0,1,1,0,0,1,0
5762.171996,0,1,0,1,0,0,0,0,1
5763.711303,1,1,1,1,0,1,1,0,1
5770.792341,1,0,1,1,0,1,1,0,0
5780.145224,0,1,0,1,0,0,0,0,1
5782.466979,0,1,0,1,0,0,0,0,1
5792.315019,1,0,1,0,1,1,1,0,0
5795.130720,1,0,1,0,0,0,1,1,0
5795.781655,0,0,1,0,0,1,0,1,0
5796.291769,0,0,0,0,1,0,0,0,0
5803.485032,1,1,1,0,0,1,0,1,0
5808.300366,1,0,0,1,1,0,1,1,0
5809.276878,1,1,1,1,1,0,1,1,1
5818.987052,0,1,1,1,1,0,0,1,1
5823.316172,0,1,0,0,0,1,0,1,1
5828.649008,1,0,1,0,1,1,0,0,1
5829.721330,1,1,0,0,1,0,1,1,1
5835.548815,1,0,1,0,1,1,0,0,1
5844.790808,0,0,0,0,0,1,0,0,0
5846.415807,1,0,1,0,1,0,1,1,0
5851.198937,0,0,0,0,1,0,1,1,0
5856.449412,1,0,0,0,0,0,1,1,0
5859.983392,1,1,1,1,1,1,1,1,0
5867.400132,0,1,1,1,0,0,1,0,1
5871.567382,1,1,1,0,1,1,1,1,1
5874.937908,0,1,1,1,0,1,1,0,0
5883.160011,0,0,1,1,0,0,0,1,1
5889.887611,1,0,0,1,1,1,1,0,0
5894.236445,0,1,0,1,1,1,1,1,0
5900.903445,0,0,1,0,1,1,0,1,1
5905.236310,1,0,1,1,1,0,1,0,0
5912.277422,1,0,0,1,0,1,0,0,0
5912.992636,1,0,0,0,1,1,0,0,0
5918.312253,0,1,1,1,1,0,1,0,0
5920.650682,0,1,0,0,1,0,1,0,0
5930.124419,0,1,1,1,0,1,1,1,0
5932.125219,1,0,1,1,1,0,0,1,0
5935.978812,1,0,1,0,0,1,0,0,0
5945.946764,0,0,0,1,0,1,1,1,1
5951.240675,1,1,0,1,1,1,0,1,1
5952.615164,1,1,1,0,0,1,0,0,0
5954.000641,0,0,0,1,1,1,1,1,0
5963.790136,1,0,1,1,0,1,1,1,1
5969.834487,1,1,0,0,0,0,0,0,0
5971.692940,0,1,0,0,0,1,1,1,0
5976.071185,0,1,1,0,0,1,1,0,0
5978.489526,1,0,1,0,1,1,0,0,1
5987.653562,0,0,0,0,0,1,1,0,1
5996.884408,1,0,0,1,0,0,1,0,1
5997.620159,0,1,1,0,0,1,0,1,1
6001.312546,0,1,0,1,1,0,0,0,1
6008.224619,0,1,0,1,0,0,0,0,1
6015.018328,0,0,1,1,0,0,0,1,1
6017.618722,0,0,1,1,0,1,1,0,1
6025.009054,0,0,1,1,0,1,1,1,1
6033.488544,1,0,0,1,1,1,1,0,0
6038.727116,1,0,0,0,0,0,1,0,1
6044.699741,1,1,0,0,1,0,0,0,1
6049.741109,0,0,0,0,1,1,1,1,0
6055.034620,0,0,0,0,0,1,1,0,1
6062.052746,0,0,0,0,1,0,0,1,1
6065.771967,1,1,1,0,1,0,0,1,1
6069.596114,0,1,0,1,0,0,0,1,0
6079.392053,1,1,1,0,1,1,0,0,1
6088.091874,1,1,1,1,1,0,0,1,0
6093.495018,1,1,1,1,0,0,1,0,0
6098.392435,1,1,1,0,1,0,1,1,0
6105.163976,0,1,1,1,1,1,1,0,1
6107.578528,1,1,0,0,1,1,0,1,0
6110.073993,0,1,1,1,0,0,0,0,0
6117.670918,0,0,0,1,0,1,1,1,0
6125.752871,0,0,0,1,1,0,1,0,0
6133.646600,0,0,0,1,0,1,0,1,0
6138.246547,0,0,1,1,0,1,0,1,1
6145.518522,1,1,0,0,1,1,0,1,1
6151.551783,1,1,1,0,1,0,0,0,1
6158.643420,0,1,0,1,0,0,1,0,1
6163.254589,1,1,0,1,0,1,0,1,1
6163.494976,0,0,0,1,0,1,1,1,0
6170.943302,1,1,1,1,1,1,0,0,0
6178.426997,1,0,1,0,0,0,0,1,1
6184.181808,0,0,0,0,1,0,1,1,0
6189.273208,0,0,1,0,1,0,0,1,0
6192.977541,1,1,1,1,1,0,1,1,0
6199.398354,0,0,1,1,0,0,0,1,0
6201.391418,0,0,0,1,1,0,0,1,1
6206.773559,1,1,1,0,1,0,0,0,0
6215.773659,0,1,0,0,0,0,0,0,1
6220.333890,1,0,0,0,1,1,1,0,1
6225.176035,1,1,0,1,1,1,1,1,0
6225.819428,0,1,1,0,0,0,0,1,0
6228.039051,1,1,0,1,1,0,1,1,0
6236.800108,1,1,0,1,0,1,0,1,1
6238.988390,1,0,0,0,1,0,1,1,0
6242.831201,0,1,0,0,0,0,1,0,1
6248.291265,0,0,0,1,1,1,1,0,1
6257.781882,1,0,0,0,1,0,0,1,1
6263.811265,0,1,0,0,0,0,1,1,0
6270.200515,1,0,0,1,0,1,1,1,0
6275.878030,1,1,0,0,1,0,1,0,0
6284.683028,1,1,1,1,0,0,1,1,1
6293.752888,1,1,0,0,0,1,1,0,1
6302.948818,0,1,1,0,1,1,1,0,0
6311.078038,0,0,1,1,1,0,1,1,0
6316.203080,1,1,0,1,1,1,0,0,0
6317.682591,0,0,0,0,0,1,0,0,1
6322.437474,0,1,1,0,1,1,1,1,0
6326.963161,0,0,0,1,1,1,1,0,1
6334.563401,0,0,1,1,0,1,1,0,0
6337.861943,0,1,1,0,0,0,1,0,1
6345.151371,1,0,1,0,1,1,0,1,0
6354.237177,1,0,0,1,0,0,0,1,1
6363.274472,1,0,0,0,0,0,0,0,1
6370.796088,0,0,0,1,0,1,0,1,1
6372.150590,1,0,1,0,1,0,1,1,0
6373.325715,1,1,1,0,1,1,0,1,1
6382.407999,0,0,0,1,0,1,0,1,1
6388.756190,1,1,1,1,1,0,0,1,0
6396.198306,1,0,1,0,0,1,0,0,0
6398.027482,1,0,1,0,0,1,1,1,1
6403.845823,0,1,0,0,0,0,1,0,1
6407.993390,0,0,1,1,1,0,0,0,0
6409.365221,1,1,0,0,1,1,1,0,1
6412.211006,0,1,1,1,0,0,1,0,0
6419.164173,0,1,0,0,1,0,0,0,0
6427.735745,0,1,1,0,1,0,0,0,1
6434.320245,1,1,0,1,1,0,1,1,0
6440.913877,0,1,1,1,1,0,0,0,1
6448.229258,1,0,0,0,1,1,0,0,1
6452.333191,0,0,1,0,0,1,1,1,1
6456.388903,1,0,1,1,0,0,1,0,0
6463.654951,0,0,1,1,0,0,0,0,0
6469.455371,0,1,0,1,1,0,0,1,0
6475.261782,1,1,0,1,0,1,0,0,0
6483.569644,1,1,1,1,0,0,1,1,0
6485.246777,0,1,0,1,1,0,1,0,1
6493.411077,1,0,0,0,1,0,0,1,1
6495.752779,0,0,1,0,0,0,0,0,1
6497.660916,0,0,0,0,0,1,0,1,1
6498.002196,1,1,0,0,1,0,1,0,1
6504.834410,0,0,1,0,1,0,0,1,0
6507.751785,1,1,0,1,0,0,0,1,1
6512.752285,1,1,0,0,0,0,0,0,1
6518.733290,1,1,0,0,1,0,1,1,0
6525.996287,1,1,1,0,1,0,0,1,0
6528.138099,1,1,0,1,0,1,0,1,1
6529.785126,0,1,0,1,0,0,0,0,0
6539.327156,0,0,0,0,0,1,1,1,1
6541.959472,0,0,1,1,1,0,1,1,1
6544.588608,1,0,0,0,1,0,1,1,1
6550.309560,1,1,0,1,0,0,1,1,0
6556.369180,1,1,0,1,1,0,0,1,0
6557.800217,1,1,0,1,0,1,0,0,0
6560.865426,0,1,1,1,1,1,0,0,0
6570.141517,1,0,0,1,0,1,0,0,1
6579.593786,0,0,1,1,1,1,0,0,1
6585.132151,1,1,1,0,1,1,1,0,0
6594.021151,1,0,0,0,1,1,0,1,0
6603.307936,1,0,0,1,1,0,1,0,1
6612.456373,0,1,0,0,0,0,0,1,1
6617.706848,0,1,1,0,0,1,1,0,1
6621.273065,1,1,0,1,1,0,1,0,0
6625.946495,0,1,1,0,1,1,0,1,0
6629.536879,1,1,1,0,0,1,0,0,1
6637.537079,0,1,1,0,1,1,0,0,0
6640.999843,0,0,0,1,1,1,0,0,1
6648.187022,0,1,1,0,1,0,1,0,1
6653.021487,1,0,1,1,0,1,0,0,1
6660.952729,1,0,0,1,0,1,1,0,1
6662.149781,1,0,1,1,1,0,1,1,0
6663.095569,0,1,0,1,0,0,1,1,1
6667.257443,1,1,1,1,0,1,0,1,0
6670.556126,0,0,0,1,0,1,1,1,1
6678.969329,1,0,1,1,0,0,0,1,0
6684.650920,1,0,1,0,1,0,1,1,1
6686.861644,0,0,0,0,0,0,1,1,1
6690.371329,1,1,1,0,1,0,1,1,0
6699.426541,1,1,0,0,1,1,1,1,0
6703.845362,1,1,1,0,1,0,1,0,1
6708.185550,1,1,0,0,0,0,1,0,1
6717.823268,1,1,1,1,1,0,0,1,1
6722.783878,0,1,1,1,0,1,0,0,0
6731.512266,0,1,0,0,0,0,1,1,1
6735.322409,1,1,0,0,1,1,0,1,0
6736.904089,1,0,0,1,1,0,0,0,1
6745.697313,0,1,1,1,1,0,1,0,0
6749.975663,1,1,1,0,0,0,0,1,0
6757.018443,1,0,0,0,0,1,1,1,1
6757.890227,0,0,0,0,0,1,1,1,0
6763.405079,0,0,1,1,0,0,0,0,0
6768.043858,1,0,1,1,1,1,1,1,1
6775.213952,0,1,0,1,1,1,1,0,0
6777.877521,0,1,1,0,0,0,0,0,0
6777.956638,0,0,0,0,1,0,1,0,1
6778.061794,0,1,1,1,0,0,0,0,0
6780.700368,0,1,1,1,1,0,0,0,0
6781.821130,1,1,1,1,0,1,1,0,0
6790.282823,0,1,0,1,0,0,1,1,0
6792.314869,1,1,0,1,1,1,0,1,1
6792.326507,1,0,1,1,0,0,0,1,0
6796.365564,0,0,1,0,1,0,1,0,1
6799.401975,1,0,1,1,1,0,0,0,0
6806.220475,0,1,0,0,0,1,0,1,0
6808.052794,1,0,1,1,0,0,1,0,1
6813.773561,0,0,1,0,1,0,0,1,1
6818.440761,0,1,0,0,1,0,0,1,0
6823.168561,0,0,0,1,1,1,0,0,1
6831.935012,1,0,1,0,1,1,1,0,0
6841.346836,0,0,1,0,1,0,0,0,1
6850.440333,0,1,1,0,0,1,1,0,1
6857.442155,0,1,0,0,1,0,1,1,0
6865.100047,0,1,1,1,0,0,1,0,0
6874.191047,0,0,0,0,1,1,1,1,1
6880.370766,1,1,1,1,1,1,1,1,0
6881.615253,1,0,1,0,1,1,1,1,0
6883.591056,0,1,1,1,1,1,0,1,1
6893.002879,0,1,1,0,1,1,1,1,0
6896.682757,1,0,0,1,0,1,1,0,0
6898.596831,0,0,1,1,0,1,1,1,0
6900.440650,0,1,0,0,1,1,1,0,0
6909.439023,1,0,1,0,1,0,1,0,1
6913.562417,0,0,0,1,0,1,0,0,1
6917.184454,0,0,1,0,1,0,0,1,0
6925.981450,1,0,1,1,0,0,1,0,1
6926.423084,1,1,0,1,1,0,1,0,1
6930.830423,1,1,0,1,1,0,0,1,1
6935.096399,1,0,1,0,0,1,0,1,1
6945.062883,0,1,1,0,0,0,1,0,0
6948.927726,1,0,1,1,1,0,0,1,1
6954.354805,0,1,0,0,1,1,1,1,0
6958.951618,1,1,1,0,0,0,0,1,0
6966.308204,1,1,1,0,1,0,0,1,0
6970.058829,0,1,1,0,1,1,0,1,0
6976.843681,0,1,0,0,0,0,1,1,0
6984.895824,1,0,0,0,0,0,0,1,0
6993.714124,0,0,1,0,1,1,0,0,0
6995.372478,0,1,1,0,0,0,0,1,0
7003.974121,1,0,1,1,1,0,0,1,1
7007.750145,1,0,1,0,0,0,1,0,1
7010.692027,1,1,0,0,1,0,1,0,1
7015.909897,0,0,1,1,0,0,1,0,0
7016.040543,0,0,1,1,0,0,1,0,0
7025.071315,0,0,1,1,1,1,0,0,1
7027.223999,0,1,0,1,0,0,1,0,1
7028.485035,1,1,1,0,1,0,1,1,0
7032.833427,1,1,1,1,1,1,0,1,1
7036.163392,1,1,1,1,0,0,0,0,0
7045.950647,0,0,1,0,0,1,1,0,1
7052.720517,1,0,1,1,0,1,0,1,1
7052.764187,1,1,1,1,1,0,0,0,0
7061.461796,1,1,1,1,0,1,0,0,1
7071.162041,1,0,0,1,1,1,1,1,0
7074.433742,1,0,1,1,1,1,1,0,0
7077.528772,0,0,1,0,1,0,0,0,0
7079.292681,1,0,1,1,1,0,1,1,1
7084.274732,0,0,0,1,0,0,1,1,0
7086.967771,0,0,1,0,0,1,0,0,0
7091.916906,1,1,1,1,1,1,1,1,0
7092.940248,0,1,1,1,1,1,1,1,0
7099.948082,0,0,0,1,1,1,0,0,1
7109.594857,1,1,1,0,0,0,1,1,0
7112.367857,0,0,1,1,0,1,0,1,0
7114.819062,0,0,1,1,1,0,1,1,0
7119.503308,0,0,1,1,0,0,0,1,1
7123.425055,1,1,1,1,1,0,1,0,1
7126.844244,0,1,1,0,0,0,0,0,1
7132.594133,1,1,0,1,1,0,0,1,1
7134.316480,1,0,1,0,1,0,0,0,1
7143.996410,1,0,0,1,1,0,1,0,0
7147.928415,0,1,1,1,0,1,1,0,0
7152.439215,0,1,0,1,1,1,1,1,0
7161.421040,1,1,1,0,0,1,0,0,1
7170.432671,0,0,1,1,0,0,1,1,1
7179.425020,0,0,1,1,0,0,1,1,1
7186.603664,1,1,0,0,0,1,1,0,1
7195.482700,1,0,1,1,0,1,1,0,0
7202.252254,1,1,0,0,1,0,0,1,1
7203.201211,0,1,0,0,0,1,1,1,0
7208.256761,1,0,0,1,0,1,0,0,1
7216.915431,1,0,0,1,1,1,1,0,0
7222.027031,1,0,1,1,0,0,0,0,0
7228.363734,1,1,0,0,1,1,1,1,0
7234.775243,1,1,1,0,1,0,1,0,1
7240.448752,0,1,1,0,1,1,1,0,1
7243.737712,0,1,1,0,1,0,0,1,1
7250.905377,1,1,0,0,1,1,1,0,0
7257.969624,0,1,1,0,0,1,1,1,1
7267.258233,0,0,0,1,0,1,1,1,0
7273.567013,1,0,1,0,0,0,0,0,0
7282.769547,1,1,0,1,0,0,1,0,0
7287.453623,0,0,0,1,0,0,1,1,1
7292.643608,1,1,0,0,1,1,0,0,0
7301.448509,1,1,0,1,0,0,0,1,1
7304.714948,1,0,1,0,0,1,1,1,0
7313.124556,1,1,0,0,0,0,1,0,0
7320.426240,1,0,1,0,1,0,0,0,0
7328.283597,0,1,0,0,0,1,0,0,0
7331.617597,1,0,0,0,1,1,0,0,1
7339.596333,0,0,1,0,0,0,0,1,0
7347.474198,1,1,0,1,1,1,1,0,1
7350.856303,0,1,1,1,1,0,0,0,0
7357.477589,0,0,1,1,0,0,0,0,1
7366.992789,1,0,0,1,0,0,1,0,1
7375.235776,0,1,1,0,0,0,1,1,1
7380.674828,0,0,0,1,0,1,0,0,1
7383.207022,0,0,1,0,0,0,0,1,0
7387.322260,0,1,0,0,1,1,0,1,0
7396.356448,0,1,1,1,1,1,1,1,1
7404.619033,1,0,0,0,1,0,1,1,1
7411.481373,1,1,1,1,0,0,1,0,0
7420.124482,1,1,0,1,0,1,1,0,1
7426.235329,0,1,1,1,0,0,1,1,1
7426.528077,0,1,0,1,0,1,0,1,0
7432.091660,0,1,1,1,1,0,0,1,1
7438.935477,0,0,1,1,0,1,1,0,0
7441.436227,1,1,1,1,0,0,1,1,1
7450.483942,0,1,1,1,0,0,1,1,0
7452.926558,0,1,0,0,0,0,1,1,0
7458.198349,0,0,1,0,1,1,1,1,1
7462.873211,1,0,0,1,0,0,1,1,0
7466.128858,1,0,0,1,0,1,0,0,0
7466.381934,1,0,0,1,0,1,1,0,0
7466.736302,1,0,1,1,0,0,1,0,1
7470.465742,1,0,0,1,0,1,0,0,0
7473.633379,1,1,0,0,0,0,0,0,0
7482.589458,1,0,1,1,0,1,1,1,1
7484.656367,1,0,0,1,0,0,1,1,0
7490.100748,1,1,0,0,1,1,0,1,0
7491.417988,0,1,1,0,1,1,0,0,1
7492.243082,0,1,1,0,1,0,1,1,1
7496.110882,1,0,0,1,0,1,1,1,1
7496.111882,1,1,1,1,0,1,1,0,1
7501.685658,1,1,0,1,0,1,1,0,0
7511.397226,1,0,0,1,0,1,0,0,0
7519.914962,1,0,0,0,0,0,0,1,1
7521.480823,1,1,0,1,0,0,0,0,1
7531.023805,1,0,0,0,1,1,1,0,0
7535.486056,0,1,0,1,0,0,1,1,1
7538.574983,0,0,0,1,0,1,1,0,1
7543.608592,1,1,1,0,1,0,0,1,0
7552.032395,0,1,0,0,1,0,1,0,0
7555.525109,0,0,0,0,1,1,0,1,0
7564.592802,1,1,0,1,1,1,0,0,1
7570.908959,0,0,0,1,1,0,1,1,0
7577.151440,0,1,1,1,0,0,0,1,1
7577.745602,1,0,1,1,1,0,1,1,1
7583.651183,0,1,1,1,0,0,1,0,1
7584.256718,0,1,0,0,0,1,0,0,1
7586.014299,0,0,1,0,0,1,1,1,1
7593.704243,0,1,0,0,1,1,1,0,1
7596.564918,0,1,0,0,1,1,1,1,0
7606.071498,0,0,0,0,0,1,0,1,1
7615.353007,1,0,1,0,1,0,1,1,1
7624.728767,1,0,1,1,1,1,0,0,1
7626.114244,1,0,1,1,0,0,0,0,0
7629.580244,0,0,1,1,1,0,0,0,0
7629.681938,0,0,0,0,1,1,0,1,0
7635.500538,0,1,1,0,0,1,1,1,0
7642.129447,1,0,0,0,0,1,0,1,1
7645.440812,0,0,0,1,1,0,0,0,0
7647.583125,1,1,0,0,1,0,0,1,0
7653.435243,1,0,1,0,1,0,0,1,1
7655.636023,1,0,0,0,0,1,0,0,0
7660.873568,1,0,1,1,1,1,0,1,0
7668.522810,1,0,1,1,0,1,0,1,0
7672.513436,1,1,1,0,1,1,0,0,0
7682.482670,1,0,0,0,1,0,1,0,0
7691.149470,0,1,1,0,0,1,1,0,1
7693.529794,0,1,1,1,0,0,1,0,1
7703.163698,0,0,1,0,0,1,1,0,0
7711.301536,0,0,0,0,0,1,0,0,0
7719.685844,1,1,1,0,1,1,1,1,1
7720.605527,1,0,1,0,1,1,0,1,0
7723.961896,0,1,0,1,1,0,0,1,0
7727.876243,0,1,1,1,0,1,1,0,0
7733.192120,1,1,0,1,0,1,1,0,1
7740.506674,1,0,1,0,1,1,1,0,0
7745.174954,0,0,0,0,0,1,0,0,0
7748.021384,1,0,0,1,1,0,0,1,1
7754.179465,1,0,1,0,0,0,0,0,0
7754.180465,1,1,0,0,1,0,0,0,1
7756.432896,1,0,0,1,1,1,0,1,0
7765.783610,0,0,0,1,0,0,1,1,1
7766.343876,1,0,0,0,1,0,0,1,0
7771.080654,0,0,1,1,0,0,0,1,1
7777.879841,1,1,1,0,0,0,1,0,0
7780.810780,1,1,0,1,0,1,0,0,1
7787.477780,1,0,0,1,0,0,0,1,0
7794.609102,1,0,0,1,0,0,1,0,1
7795.923964,0,0,1,0,0,1,1,0,1
7805.886089,0,1,1,0,0,1,0,0,0
7814.506480,1,1,0,0,0,0,0,1,0
7815.536258,0,0,1,1,1,1,0,0,0
7824.442275,1,1,1,1,0,1,0,1,0
7824.984888,1,1,0,1,0,1,1,0,0
7828.895363,0,1,0,1,1,1,0,0,0
7830.705227,1,0,0,1,0,0,1,0,0
7839.447868,1,0,0,1,1,1,1,0,0
7847.010537,0,0,0,1,0,0,1,1,0
7849.661875,0,1,0,0,0,1,0,0,0
7850.773875,1,0,0,1,0,0,1,0,1
7856.250517,0,0,0,0,1,1,1,1,1
7861.238824,1,1,1,1,0,1,1,0,0
7871.152127,0,1,1,1,1,1,0,0,1
7876.152627,1,1,1,1,1,0,1,0,0
7878.941328,1,0,0,1,1,0,1,0,0
7882.760472,0,1,0,1,1,1,0,1,1
7888.002883,0,1,0,0,1,1,0,1,1
7892.349313,0,1,0,0,1,0,1,1,1
7893.128013,0,0,0,1,1,1,1,0,1
7902.405652,1,0,1,0,1,1,1,0,1
7907.144854,1,0,0,1,0,0,1,1,1
7910.615656,1,1,1,0,0,0,0,0,0
7914.952957,1,0,1,0,1,1,1,1,1
7920.629065,0,0,1,1,1,0,0,1,1
7928.623093,0,0,0,0,1,1,1,0,0
7937.737895,1,0,0,1,0,1,1,0,1
7941.021009,1,1,0,0,0,0,1,0,1
7946.275034,1,0,1,0,1,1,1,0,0
7953.444738,1,0,0,0,1,0,0,1,1
7957.759032,1,1,0,0,1,1,0,1,1
7966.805124,0,1,1,1,1,1,0,1,0
7974.452419,1,1,1,0,1,1,1,0,0
7977.124161,1,0,0,1,1,0,0,0,1
7979.280334,0,0,1,1,1,1,0,0,0
7980.355993,0,1,1,0,0,0,1,0,0
7984.282039,0,0,0,0,1,0,0,0,1
7988.501367,1,0,1,1,1,1,0,0,0
7996.001617,1,0,1,0,0,1,0,1,0
7997.876753,1,1,1,0,0,0,1,1,1
8006.768583,0,1,1,0,0,0,1,1,0
8013.768883,0,1,0,0,0,1,0,0,0
8017.516921,0,0,1,0,0,0,1,0,0
8024.989701,0,1,1,0,0,0,0,1,0
8028.030500,1,0,0,1,1,1,1,1,0
8031.800187,1,0,1,0,0,1,0,0,1
8031.801187,0,0,0,0,1,0,0,0,1
8037.612003,0,1,0,1,1,0,0,1,0
8037.911316,1,1,0,1,1,1,1,1,0
8039.801723,1,0,1,0,0,0,0,0,1
8047.124230,0,1,1,0,1,1,0,0,0
8048.196552,0,1,0,1,1,0,1,1,1
8052.857035,0,0,0,1,1,0,0,0,0
8058.534551,0,0,1,0,0,1,0,1,1
8061.392408,0,0,0,0,0,0,0,1,1
8065.233604,1,0,1,0,1,1,1,0,1
8074.988530,0,0,1,1,1,0,0,0,0
8081.796078,0,1,0,0,1,0,0,0,0
8085.796678,0,1,1,0,0,1,1,1,0
8093.424611,0,0,1,1,0,1,0,1,1
8103.177722,0,0,0,1,1,1,1,1,1
8109.453957,1,0,0,0,0,1,0,1,1
8110.605527,1,1,0,1,1,1,1,1,0
8113.207164,1,1,0,1,1,0,0,0,0
8122.173204,0,1,0,0,0,1,1,1,0
8126.249704,0,1,1,1,0,0,0,0,0
8127.957850,0,1,1,0,1,0,1,0,1
8137.294409,0,1,0,0,1,0,0,0,1
8144.827124,1,0,1,0,0,1,1,0,0
8149.843134,0,1,0,1,0,0,1,0,1
8153.169489,0,0,1,1,1,0,1,1,1
8159.072588,0,1,0,0,1,1,1,1,1
8166.535304,0,1,1,1,1,1,0,0,1
8169.594822,1,0,1,0,0,0,0,0,0
8174.189458,0,1,1,0,0,0,0,1,0
8175.444688,0,0,0,0,0,1,0,0,0
8181.079112,0,0,1,0,0,1,0,1,0
8181.178527,1,0,1,1,0,1,1,1,1
8182.260500,1,1,0,1,1,0,1,0,0
8189.513522,0,1,0,1,1,0,1,0,0
8193.609351,1,0,0,1,1,0,0,0,0
8194.125763,0,0,0,0,1,0,1,0,0
8195.944763,0,0,1,1,1,1,1,0,1
8204.764420,1,1,1,1,1,0,1,1,1
8213.017251,1,0,1,1,1,1,1,1,1
8213.436328,1,1,0,0,0,1,1,0,1
8216.858038,0,1,1,1,0,1,1,1,1
8220.756953,0,0,0,0,0,0,0,1,1
8221.740656,1,1,0,1,0,0,1,0,0
8222.259963,0,0,1,0,1,1,0,0,0
8228.735811,0,0,0,0,1,0,1,0,1
8236.127376,1,0,1,0,1,0,1,0,1
8237.370152,1,0,0,0,1,1,0,1,1
8243.938440,0,0,0,0,0,1,0,0,0
8251.270682,0,1,1,0,0,0,1,0,0
8253.250919,0,1,0,1,1,1,1,1,0
8253.451613,0,0,0,1,0,0,0,1,0
8253.494982,0,1,1,0,1,1,1,1,0
8260.299425,1,1,1,1,0,1,0,0,1
8267.721905,0,1,1,1,0,1,0,1,1
8268.189180,1,1,0,0,0,1,1,1,0
8275.402573,1,0,0,1,1,1,0,0,1
8278.281334,0,0,0,0,1,1,0,0,1
8283.900329,1,1,1,0,1,1,1,1,0
8293.742865,0,1,0,0,0,0,1,1,0
8294.208934,1,0,1,0,1,0,0,0,1
8299.092487,1,0,0,0,0,0,0,0,1
8301.634669,1,0,0,1,0,0,0,0,1
8311.209875,1,0,1,1,0,1,0,0,1
8320.781347,0,0,1,1,1,1,0,0,1
8330.238879,0,0,1,0,0,0,1,1,1
8336.600629,0,1,0,0,0,0,0,0,0
8345.417951,0,0,1,1,1,1,1,1,0
8351.668326,0,1,0,0,1,0,1,0,0
8358.092597,1,0,1,1,0,0,0,1,1
8366.723686,1,0,1,0,0,0,1,0,0
8375.448154,1,0,0,0,1,0,0,1,1
8382.215073,0,0,0,0,1,1,0,1,1
8385.765206,0,0,1,1,1,0,1,1,1
8393.439857,1,1,1,1,1,1,0,1,1
8394.321051,0,1,0,0,0,1,1,1,1
8400.275943,0,0,0,0,1,1,1,0,1
8406.764464,0,1,0,1,1,0,1,0,0
8408.710702,0,1,0,0,1,0,0,0,0
8410.752314,0,0,0,0,0,1,0,1,0
8416.871124,1,0,0,0,0,0,0,0,0
8418.575531,0,0,0,1,1,0,1,0,1
8422.742781,1,1,0,0,0,1,0,1,0
8427.888897,0,0,1,1,1,0,0,0,1
8428.669040,0,0,0,0,0,1,1,1,0
8430.790081,1,0,1,0,1,1,0,1,0
8431.731906,0,1,0,1,1,1,1,1,1
8435.846419,1,1,1,0,0,0,0,1,1
8437.831953,0,0,0,1,0,1,1,1,1
8440.194195,1,0,1,0,0,0,0,1,1
8442.600969,0,1,0,1,0,0,0,0,0
8448.092873,0,0,0,1,0,1,1,1,0
8452.872156,1,0,0,0,1,1,0,1,0
8459.300170,1,1,0,0,1,1,1,1,1
8464.434477,1,1,0,1,0,0,1,0,1
8468.662696,1,0,1,1,1,1,0,1,0
8475.097564,0,0,1,1,1,1,1,0,0
8482.411266,1,0,1,0,1,0,0,0,0
8482.430413,1,0,0,0,1,0,1,1,1
8488.405730,1,0,0,0,1,1,0,0,0
8488.483942,0,0,0,1,1,1,0,0,0
8496.473274,1,1,0,1,1,1,0,0,1
8501.760295,0,1,0,0,1,0,1,0,0
8507.232446,0,0,0,0,0,0,0,0,1
8508.347291,0,1,1,0,0,1,0,0,1
8518.249261,0,1,1,0,0,0,0,0,1
8521.306559,1,0,1,1,1,0,1,0,1
8530.473309,1,0,0,1,1,1,1,0,0
8531.320184,0,0,1,1,0,1,1,0,1
8538.861753,0,0,1,0,0,1,0,0,1
8546.861953,1,1,1,0,0,0,0,1,1
8547.053410,0,1,1,0,1,0,0,0,1
8555.404090,0,1,0,0,0,0,1,0,1
8559.017632,1,1,0,0,1,1,0,0,1
8567.978775,1,1,0,1,1,1,0,1,0
8572.924032,1,0,0,1,1,1,0,1,0
8580.053949,0,0,1,1,1,0,1,0,1
8586.971253,1,1,0,1,1,0,1,0,1
8589.814196,0,1,1,1,0,0,1,1,1
8590.769085,0,1,1,0,0,1,1,1,0
8592.644897,0,0,1,0,1,0,1,1,1
8599.547381,1,0,1,0,0,0,0,1,1
8603.958371,0,1,0,1,0,1,0,1,0
8605.580830,0,1,0,1,1,0,0,0,0
8613.550730,0,1,1,0,0,1,0,0,0
8617.261767,0,1,0,1,1,0,0,0,0
8621.022807,1,1,0,0,0,0,1,1,1
8625.785236,1,0,0,0,1,1,0,0,1
8632.051273,0,0,0,0,1,0,0,0,0
8641.074755,1,1,0,0,0,0,1,1,1
8647.410200,0,1,0,0,1,0,0,1,1
8653.069863,1,1,0,1,0,0,0,1,1
8653.599511,1,0,0,0,1,1,1,1,0
8656.129127,0,1,1,1,1,1,1,0,1
8657.745507,0,1,0,1,0,1,0,1,1
8664.341592,1,0,0,0,1,1,0,0,0
8673.271203,0,1,1,0,0,0,1,0,1
8681.572344,1,1,1,1,1,0,0,1,0
8684.003380,0,0,1,1,1,1,0,0,0
8687.041710,1,0,0,0,0,0,0,0,0
8690.506845,1,1,0,1,0,0,1,1,0
8699.885854,0,0,1,0,1,1,1,0,0
8702.637625,1,0,1,0,1,1,0,0,0
8711.910228,1,0,0,0,1,0,1,1,1
8717.358444,1,0,1,0,0,1,0,0,0
8724.277671,0,0,0,1,0,1,0,0,1
8728.369718,0,1,1,1,0,1,1,1,0
8728.446142,1,1,1,1,1,0,1,0,0
8733.504551,1,0,1,1,0,0,1,1,1
8737.115809,0,1,0,1,1,1,1,1,1
8739.746468,0,1,0,0,1,0,1,0,0
8744.247018,1,0,1,0,1,0,0,0,1
8751.401774,1,0,0,1,0,1,1,1,1
8760.131828,1,0,0,0,1,1,1,0,1
8760.255098,1,1,1,1,0,0,0,0,1
8762.608804,1,0,0,1,0,0,1,0,1
8771.703545,0,0,1,0,1,1,1,0,1
8780.615991,0,0,0,1,0,1,0,1,0
8787.743938,0,1,0,1,1,0,1,0,1
8795.906339,1,0,0,1,1,0,0,1,1
8804.098682,0,0,1,1,1,0,0,1,1
8805.064775,1,0,1,0,0,0,0,0,0
8808.613808,0,1,1,0,1,1,0,0,0
8818.253019,0,1,0,1,0,0,0,0,1
8825.408476,0,0,1,0,0,0,0,1,0
8830.389966,0,1,1,1,0,0,0,0,0
8834.825113,0,0,1,1,1,1,0,0,0
8835.364336,1,0,1,0,1,0,1,0,0
8839.064388,0,0,0,0,1,1,1,1,1
8845.564738,1,0,1,1,0,0,0,1,0
8849.651202,1,1,0,0,0,0,1,1,0
8850.813265,0,1,1,0,1,0,1,0,0
8858.160734,1,1,1,0,0,1,0,1,0
8862.425377,1,1,0,0,0,0,0,1,1
8867.108449,0,0,1,0,1,1,0,0,1
8868.099226,1,1,1,1,0,0,1,0,1
8868.705104,0,1,1,0,1,1,0,1,0
8870.352998,0,0,1,0,0,0,0,1,0
8870.703613,0,0,1,0,0,1,0,0,0
8873.579644,1,0,0,0,1,1,0,0,0
8883.078076,1,1,0,0,0,1,1,1,1
8892.837136,1,0,1,1,0,0,0,0,0
8893.597864,0,0,1,0,1,0,1,0,0
8894.468342,0,0,0,1,0,0,0,1,1
8895.395974,0,0,1,0,1,0,1,0,0
8903.434144,1,1,0,1,1,1,1,1,0
8908.020224,0,0,0,1,1,1,0,1,0
8909.055603,0,1,1,1,0,0,1,1,1
8910.335014,1,0,1,1,1,1,0,1,0
8913.390102,0,0,0,0,0,0,1,1,1
8917.701521,0,1,1,1,1,1,1,1,1
8917.789469,0,0,0,1,1,1,1,1,1
8921.970653,1,0,1,0,0,1,0,1,0
8926.512684,1,0,1,1,1,1,1,1,1
8932.233832,0,1,0,1,0,0,0,1,1
8936.107277,1,0,0,1,0,1,0,1,0
8940.685360,1,1,0,0,1,0,0,0,0
8947.208886,1,1,0,1,1,0,0,0,1
8950.821465,1,1,0,0,1,1,0,0,0
8958.386721,1,0,0,1,1,0,0,1,0
8958.973142,0,0,0,1,0,1,0,1,1
8960.479368,0,1,0,1,1,1,1,1,0
8968.193882,0,0,0,1,1,1,0,1,1
8976.132233,0,0,1,0,1,0,1,0,0
8978.355233,0,1,0,1,1,0,0,1,0
8978.629057,1,1,0,0,1,1,0,0,1
8987.136669,1,0,1,1,1,1,0,1,1
8990.262356,0,1,0,1,1,1,1,0,1
8997.271389,1,0,0,0,1,1,0,1,1
9000.300076,1,0,0,1,0,1,1,1,1
9002.651718,0,0,0,1,0,0,1,1,1
9004.081147,1,1,1,1,0,0,0,0,1
9012.030454,0,0,1,0,0,1,0,1,0
9017.424289,1,0,0,0,0,1,1,0,0
9019.530342,1,1,1,1,0,1,1,1,0
9026.126955,1,0,1,0,0,1,0,1,0
9035.971415,1,0,1,0,1,0,1,1,1
9040.089651,0,1,0,1,0,1,0,0,1
9049.752606,1,1,1,0,0,0,1,1,1
9057.904606,1,1,1,1,0,1,1,0,0
9064.571606,1,0,0,0,1,0,1,0,1
9065.182301,1,1,0,1,1,0,1,0,1
9069.320818,1,0,0,1,1,0,1,1,1
9072.560931,0,0,1,1,0,0,0,0,1
9076.699448,0,0,0,0,1,0,0,0,0
9080.822843,0,1,0,1,0,0,1,0,1
9081.296523,1,0,1,0,1,0,1,1,0
9084.808949,0,0,1,1,0,1,1,0,1
9088.554821,1,1,0,1,1,0,0,0,0
9092.480663,0,0,0,1,1,1,1,0,0
9099.722318,0,1,0,1,0,0,0,0,1
9100.736832,0,1,0,1,0,0,0,0,1
9103.281319,0,1,1,1,1,1,0,0,1
9105.063518,0,0,0,0,0,0,0,1,0
9107.447404,1,1,0,0,1,1,0,0,1
9112.417232,1,0,1,1,0,0,0,0,0
9121.643116,0,1,1,0,0,0,1,0,0
9126.203660,0,0,0,1,0,0,1,0,0
9127.540310,1,1,1,0,0,1,1,0,0
9136.522531,1,0,1,1,1,1,1,0,1
9143.333660,1,0,1,0,0,0,1,0,0
9149.267677,1,0,1,0,1,0,0,0,1
9153.568765,1,0,1,0,1,0,1,0,1
9159.691602,1,0,1,0,1,0,1,1,0
9161.547838,0,0,1,0,0,0,1,0,0
9168.909213,0,1,1,1,0,1,1,0,0
9176.335468,1,1,0,1,0,1,0,1,0
9184.358092,0,0,1,1,0,1,0,0,1
9187.175266,1,1,1,1,1,0,1,1,0
9189.913580,1,0,1,1,0,0,0,1,1
9197.783209,0,1,1,1,0,1,0,1,0
9206.333774,0,0,1,0,1,1,1,1,0
9216.197502,0,1,1,1,0,0,1,0,1
9221.554003,0,1,0,0,0,1,1,1,1
9229.619150,1,1,1,1,0,0,0,1,1
9234.452302,1,0,1,0,0,0,1,0,1
9237.750335,1,1,0,1,1,0,0,0,1
9245.983663,0,0,0,1,0,0,0,1,1
9254.857770,1,0,1,0,1,0,1,0,1
9255.627924,1,1,1,1,1,1,1,1,1
9257.680001,1,1,0,0,0,0,1,1,0
9260.458501,1,0,0,1,1,1,0,0,1
9266.176060,0,1,0,1,1,0,0,1,0
9273.646669,0,0,0,1,1,1,1,0,1
9279.948185,1,1,0,1,1,0,0,0,0
9280.358980,0,1,0,1,0,1,1,0,1
9280.875026,1,0,1,1,1,1,0,1,1
9285.077286,0,1,0,0,1,0,0,0,0
9290.296344,1,1,1,0,0,1,1,1,1
9293.076894,1,1,0,0,0,0,1,1,0
9300.677134,0,1,0,1,0,1,0,0,1
9304.076554,0,1,1,1,1,0,1,1,0
9313.932238,0,1,0,0,0,0,0,1,0
9320.889065,0,0,1,0,1,0,1,0,0
9323.382262,0,0,1,0,0,0,1,0,0
9331.541956,1,0,0,0,0,1,0,0,0
9337.834193,0,1,1,1,0,0,0,0,1
9345.100091,0,0,1,0,1,1,1,0,0
9351.493309,1,0,0,1,1,1,0,1,1
9356.149928,0,0,1,1,1,0,1,0,1
9364.785542,1,1,0,0,0,1,1,0,0
9371.772743,0,1,1,1,0,0,0,1,0
9372.418040,1,1,1,1,1,1,1,1,1
9382.384710,1,1,0,1,0,0,1,1,1
9388.431617,0,1,1,1,0,0,1,1,0
9395.887427,1,0,1,0,0,1,0,1,1
9402.891252,1,1,1,0,0,1,1,1,0
9403.471904,0,0,0,0,1,1,0,0,0
9410.031388,1,1,0,1,1,0,1,1,1
9416.740578,0,0,1,1,1,0,0,0,0
9416.741578,1,1,1,0,0,0,1,0,0
9418.537553,0,1,0,1,0,1,0,0,0
9423.407061,0,1,1,0,1,1,1,0,1
9427.041332,1,1,1,0,0,0,1,1,1
9435.154196,0,0,1,1,0,0,1,0,0
9442.377856,1,1,1,0,1,1,1,1,0
9446.426709,1,0,0,0,1,0,0,0,0
9449.385159,0,0,0,0,1,1,1,1,0
9456.553759,1,1,0,1,1,1,1,1,0
9465.333643,0,0,0,0,1,1,1,1,0
9475.184405,0,0,0,1,0,1,0,1,0
9478.137490,1,0,0,0,0,0,1,1,1
9479.738330,1,1,1,1,0,0,1,0,1
9482.301058,0,1,1,1,0,1,1,0,0
9485.252582,1,0,0,0,1,0,1,1,0
9490.404582,0,1,1,1,0,1,1,0,0
9490.801023,0,1,0,1,1,0,0,0,0
9499.943503,1,0,0,1,1,1,0,0,1
9500.994773,1,1,0,0,1,0,0,1,1
9502.491276,0,1,1,0,1,1,0,1,0
9506.101383,1,0,0,1,0,0,1,0,0
9508.334938,0,1,1,1,0,1,0,1,1
9511.563962,0,1,1,0,0,0,1,0,1
9512.928462,1,0,0,0,0,1,0,1,1
9514.778017,1,0,0,1,1,0,0,1,0
9521.730193,0,0,0,0,1,0,0,1,0
9531.007189,0,0,1,0,1,1,0,1,0
9540.916495,0,0,0,1,1,0,1,0,0
9544.667120,1,1,0,0,0,1,0,0,0
9547.459302,0,0,0,1,0,1,0,0,0
9551.281759,1,1,0,0,1,0,1,0,0
9560.856269,0,1,1,1,0,1,0,1,0
9566.044612,0,0,0,0,1,1,0,1,1
9570.339131,0,0,0,0,1,0,1,1,1
9575.004429,1,0,1,1,0,0,0,0,0
9577.923102,0,1,0,1,0,1,0,1,1
9582.626662,0,1,0,0,0,0,0,1,0
9582.673112,0,1,1,1,1,0,0,0,1
9583.250977,0,1,0,1,1,0,0,0,1
9586.191597,0,0,0,1,1,1,1,0,0
9591.395329,0,0,1,0,0,0,1,0,0
9595.965544,1,0,0,1,0,1,1,0,1
9598.753322,1,1,1,0,1,1,0,0,0
9606.109142,1,1,0,0,0,1,0,1,1
9607.245886,0,0,0,0,0,0,0,1,0
9609.910554,1,1,0,0,0,1,0,1,0
9615.108774,0,0,0,1,1,0,0,1,1
9618.238713,0,0,1,0,0,1,1,0,1
9620.077969,1,1,0,1,1,0,0,0,1
9628.529941,1,0,0,1,0,0,1,1,0
9635.273436,1,1,1,1,1,1,1,1,0
9641.752661,1,0,0,0,0,1,0,0,1
9650.583547,1,0,1,1,1,1,0,1,0
9660.364675,1,1,1,1,0,0,0,0,0
9668.671109,0,1,0,0,0,0,1,0,1
9672.030169,0,1,1,1,1,0,0,1,0
9674.969608,1,0,1,1,0,0,1,0,1
9684.592706,1,1,1,1,1,0,0,0,1
9686.778673,0,0,0,1,1,0,1,0,1
9693.496064,1,0,0,0,1,1,0,1,0
9698.646249,1,1,0,1,0,1,0,0,1
9702.268509,0,1,0,1,1,0,0,1,1
9708.588138,1,1,1,1,1,0,1,0,1
9714.992697,0,0,0,1,1,0,0,0,1
9718.326697,0,1,0,1,1,0,0,1,1
9721.124912,1,1,0,1,0,1,1,1,1
9725.681012,0,0,1,1,0,1,0,1,0
9727.458150,1,1,0,0,0,0,0,0,1
9735.093441,1,1,0,1,1,1,1,1,1
9741.942005,1,0,0,1,1,0,1,1,1
9747.254046,0,1,1,1,0,1,0,0,1
9748.213034,0,0,0,0,0,1,1,0,1
9756.298332,1,0,0,0,0,1,0,0,0
9765.929948,0,0,0,1,1,0,0,0,1
9774.134011,0,0,0,1,1,0,1,0,1
9775.777849,0,1,1,1,0,1,1,1,1
9782.766281,1,0,0,0,1,1,0,0,1
9789.479757,0,0,1,0,0,1,0,1,0
9793.396715,1,1,0,0,1,0,0,0,1
9801.425081,1,0,0,0,0,0,1,1,0
9804.478407,1,0,1,0,1,1,1,0,1
9807.025819,0,0,1,1,0,0,1,1,0
9813.002453,0,0,1,0,0,0,1,0,0
9815.615485,1,0,0,1,1,1,1,0,0
9818.069070,0,1,1,1,0,0,0,1,0
9825.693070,1,1,1,1,0,1,0,0,1
9833.121898,1,0,1,0,0,1,1,1,1
9841.104809,1,0,0,1,0,0,1,0,1
9844.473425,1,1,0,1,0,1,1,1,1
9851.807025,0,0,0,1,0,1,0,0,0
9854.900986,0,1,0,1,1,0,1,0,0
9859.352213,1,0,1,0,1,0,1,0,1
9866.862502,0,0,0,1,0,0,0,1,0
9871.260226,1,0,0,0,1,0,1,0,0
9873.300237,1,0,1,0,0,1,0,1,1
9873.793416,0,1,1,0,1,1,0,0,1
9883.779233,1,1,0,1,0,1,0,0,1
9885.877815,0,0,0,1,1,0,0,1,0
9890.833677,1,1,0,0,1,1,1,0,0
9897.388995,0,1,0,1,0,1,1,1,1
9902.389495,0,1,1,1,0,0,0,1,1
9912.066611,1,0,0,0,0,1,1,0,0
9919.587184,0,1,0,1,1,0,0,0,0
9920.640710,0,0,0,1,1,0,1,0,1
9920.797945,1,1,0,1,0,1,0,1,0
9925.140312,0,0,1,1,0,0,0,0,1
9926.536521,1,0,0,1,1,1,0,1,1
9930.502412,1,0,0,0,0,1,1,0,0
9936.249672,1,1,1,1,1,1,1,0,0
9943.239502,1,0,1,0,0,0,1,0,1
9951.963034,1,0,1,1,1,1,1,1,1
9955.184051,1,0,1,1,0,0,1,0,1
9963.697211,0,1,1,1,0,1,1,1,0
9966.979934,1,1,0,1,1,0,0,0,1
9976.119805,1,0,1,0,1,1,1,0,1
9981.267916,0,1,1,1,0,1,0,1,1
9989.178572,0,1,1,1,0,0,1,1,0
9993.706992,1,1,1,0,0,0,0,1,0
9994.574957,0,0,0,1,0,1,0,0,0
