t,finish1,finish2,finish3,release1,release2,release3,start1,start2,start3
9.708879,1,0,0,1,1,1,1,1,0
15.709279,1,1,1,1,1,1,1,0,1
20.141391,0,1,0,1,0,1,1,1,1
23.204729,1,0,0,1,1,1,0,1,0
23.265035,0,1,0,0,0,0,1,0,0
29.172180,1,1,1,1,1,0,1,1,0
31.127008,1,0,0,0,1,0,0,0,0
39.648283,1,0,0,1,1,0,1,0,0
44.975383,0,0,0,1,0,0,1,0,1
52.053039,1,0,1,1,1,0,1,0,1
54.467591,0,0,0,1,0,1,0,1,1
62.677230,1,1,0,0,0,0,0,0,0
70.277470,0,0,1,1,1,1,0,1,0
78.342179,1,1,0,0,0,1,1,0,1
79.324390,0,0,1,0,1,1,1,1,0
81.441655,0,0,1,1,0,1,1,1,0
85.429986,1,1,1,1,0,1,0,1,1
86.682724,1,0,0,0,0,1,1,0,0
90.122294,0,0,0,1,1,0,0,1,0
91.405217,0,0,1,0,1,1,1,1,1
91.406217,1,1,0,1,0,1,1,0,1
95.980403,0,0,0,1,1,0,0,1,1
104.394024,1,1,1,0,1,0,1,0,1
107.665137,0,1,0,1,0,0,1,1,0
113.274272,1,0,1,1,1,0,0,1,0
122.321986,1,0,1,0,0,0,1,0,0
123.230399,1,1,0,1,0,0,0,0,0
123.707542,0,1,1,1,1,0,0,0,1
131.619701,1,1,0,0,0,1,1,1,1
133.903530,0,1,1,0,0,1,1,0,0
135.904330,0,0,0,1,0,1,0,0,0
136.958829,0,1,1,0,1,0,1,1,1
140.981899,1,0,1,0,0,0,0,0,1
148.408317,1,1,0,0,1,1,0,0,1
150.203396,0,0,0,0,0,0,0,1,0
160.020408,1,0,0,1,0,0,1,0,0
165.560422,0,1,1,1,1,1,0,0,1
170.215428,1,0,1,1,1,0,0,0,1
178.310857,0,1,1,0,1,1,0,1,0
186.904479,1,0,1,1,1,1,1,1,1
187.426704,1,1,0,1,1,0,1,1,1
195.532620,0,1,0,1,1,1,1,0,1
203.665194,0,0,1,0,0,1,0,0,0
206.861364,1,1,0,1,1,1,0,1,0
210.748767,1,1,0,0,1,0,1,1,0
214.891833,1,0,0,1,1,1,1,1,1
222.993289,0,1,1,0,0,0,0,1,0
224.384743,1,0,0,0,1,1,1,1,0
232.983609,0,0,1,0,0,0,0,1,0
238.868215,1,0,0,1,1,1,1,0,0
248.367588,0,1,1,0,0,0,1,1,1
257.591949,0,0,0,1,0,1,1,0,0
266.319349,1,1,0,1,0,1,0,0,0
274.387724,0,0,1,0,0,1,1,0,1
282.298648,0,1,1,1,1,1,0,0,1
283.181912,0,0,1,1,0,1,1,1,1
291.009390,0,1,1,0,0,1,1,0,1
291.192743,1,0,0,0,1,0,0,1,0
293.876401,0,0,0,1,0,0,0,1,0
302.641003,1,1,0,0,0,1,1,0,1
312.224378,1,0,1,1,1,1,0,0,0
316.886566,0,0,0,1,1,1,0,0,0
324.204619,1,1,0,0,1,1,1,0,1
327.978575,1,0,1,0,0,0,1,1,0
328.462987,0,0,0,1,1,0,0,0,1
334.675487,1,0,1,1,0,1,0,1,1
340.896795,0,1,1,0,0,1,1,1,1
342.215906,1,1,1,0,0,1,0,0,0
350.264881,0,1,1,0,0,0,1,0,1
357.560749,0,0,1,1,1,0,0,0,1
361.386153,1,0,0,0,0,0,1,0,1
369.933419,0,1,1,1,0,0,1,1,1
375.214265,0,1,0,1,1,0,1,1,0
382.848754,0,1,1,0,0,0,0,0,1
382.901031,0,0,1,0,0,1,0,0,1
388.828404,0,0,1,1,0,1,1,0,0
398.777258,1,1,1,1,1,0,0,1,1
400.842898,0,0,1,0,1,1,0,1,1
409.807244,1,1,0,0,0,0,1,0,1
410.563176,1,1,0,1,1,1,0,1,1
416.563576,1,0,1,1,0,0,1,0,0
426.103573,1,0,1,0,0,1,1,0,1
431.104073,1,0,1,0,0,0,0,1,0
439.478220,0,0,1,0,1,0,0,1,1
448.609959,0,0,0,0,1,0,0,1,0
449.745349,0,0,0,1,0,1,0,0,0
457.830647,0,1,1,0,1,1,0,1,1
464.261321,1,1,0,1,1,0,0,0,0
469.247618,1,0,0,0,1,0,1,0,1
476.409667,1,1,0,0,0,0,1,1,0
482.538188,1,1,0,1,0,1,0,0,1
489.340127,1,0,1,0,0,1,1,1,1
498.462166,0,0,0,0,0,1,0,0,1
508.145853,0,0,0,0,1,1,0,0,0
516.376434,0,0,1,1,0,1,1,1,0
521.185277,0,0,0,1,1,1,1,1,1
526.045604,1,1,0,0,1,1,0,1,1
532.960807,0,1,0,1,0,1,1,0,1
539.803859,0,1,0,1,0,0,0,0,0
548.778836,1,0,1,0,0,1,0,0,1
557.438014,1,0,1,0,0,0,0,0,0
563.160227,1,1,0,0,0,0,1,0,1
569.959108,0,1,1,1,1,0,1,1,1
576.992372,0,0,1,0,1,1,0,0,1
578.351261,0,1,0,0,0,0,0,1,0
581.360345,1,1,1,1,1,1,1,0,0
587.548845,1,1,1,1,0,1,0,1,1
593.511690,0,0,1,0,1,1,1,0,1
602.797476,1,0,0,1,1,0,1,0,1
610.500409,0,1,0,1,0,0,0,1,0
616.998343,0,1,1,0,0,0,1,1,0
619.570515,0,0,1,1,1,0,0,1,0
621.329059,1,1,1,1,1,1,1,0,0
622.001524,1,1,1,0,1,1,1,1,0
625.844246,1,0,0,1,0,0,1,0,1
629.732445,0,0,0,1,0,0,1,0,0
636.223251,0,0,1,1,1,0,0,1,1
637.690771,0,0,0,0,1,1,1,0,0
641.463233,0,0,0,0,0,1,0,1,0
647.325716,0,0,0,0,0,1,0,1,0
651.293779,0,0,0,0,1,0,0,1,1
654.257445,1,1,0,1,0,1,0,0,0
656.276592,0,0,1,0,0,0,0,0,1
659.850130,0,1,1,1,0,1,1,0,0
664.918929,0,1,0,1,0,0,1,0,0
666.467394,0,0,1,0,1,1,0,0,0
676.227083,1,1,1,1,1,0,1,1,0
678.485922,0,0,0,0,0,1,0,1,1
683.775147,1,1,0,1,1,1,0,0,0
691.467685,0,1,0,0,0,1,1,1,0
697.055888,0,1,0,0,0,1,1,0,1
703.742610,0,0,1,1,0,0,1,0,0
712.548700,1,0,1,1,0,0,0,0,1
713.978128,1,0,1,0,1,1,0,1,1
722.439820,0,1,1,1,0,1,1,0,1
727.440320,1,0,1,0,0,1,1,0,0
734.144405,0,0,1,1,0,1,1,0,1
740.250212,0,0,0,1,1,0,0,1,1
742.140594,0,1,1,1,0,0,0,0,0
743.173237,0,0,0,0,1,1,0,0,1
751.863844,1,0,1,1,0,0,0,1,1
759.949973,0,0,0,0,1,1,1,1,1
768.678170,1,0,1,1,1,1,0,0,0
768.739496,0,1,1,1,0,1,1,0,1
769.033660,0,1,0,0,0,1,1,1,0
770.613450,1,0,0,1,1,0,1,1,0
775.095076,0,1,0,1,0,1,1,0,0
784.852969,1,0,1,1,0,1,0,0,1
789.624135,1,1,1,1,1,1,1,1,0
797.075751,0,1,0,1,0,0,1,0,0
798.427968,1,0,0,0,1,0,0,1,0
804.515315,0,0,1,0,0,1,0,0,1
807.517201,0,1,1,1,1,1,0,1,1
808.232416,0,1,0,1,0,1,0,0,1
808.308195,1,0,1,0,1,0,1,0,0
811.484553,0,1,0,1,0,0,1,1,0
812.794189,1,0,1,1,0,1,1,0,1
819.316276,1,0,1,0,1,1,0,0,1
824.698682,0,0,0,0,0,1,0,1,0
828.270754,0,1,1,0,0,1,1,0,1
829.462111,0,0,1,0,1,1,1,0,1
837.155463,1,0,0,1,1,0,0,1,1
842.938198,0,1,0,0,0,0,1,0,0
846.949492,1,0,1,0,1,0,0,1,1
851.676708,1,1,1,0,1,1,0,0,0
858.222508,0,0,0,0,0,0,0,0,1
863.223008,0,0,0,0,0,1,1,1,1
866.557008,0,0,1,0,0,1,0,0,0
873.496089,1,0,0,0,1,0,0,0,1
876.830089,1,1,1,0,1,1,1,1,1
883.215993,1,1,0,0,0,0,0,1,1
891.838580,0,1,0,1,0,0,0,1,0
898.964174,0,1,0,1,1,1,0,0,1
908.073459,1,0,1,1,1,0,1,1,0
914.288220,1,0,1,1,0,0,1,1,1
923.563217,0,1,0,1,1,1,0,1,0
925.255345,1,1,1,0,1,0,0,1,0
929.985602,0,1,1,1,0,0,0,0,0
930.362908,0,0,1,1,0,0,1,0,0
935.137867,0,0,1,0,0,1,1,0,1
938.676975,1,1,1,0,1,1,1,0,1
938.878758,1,0,0,1,0,1,1,0,0
945.060614,0,0,1,0,1,0,1,1,1
945.097325,1,0,0,0,0,1,1,0,0
952.216494,0,1,0,1,1,0,1,1,0
959.634742,0,1,1,0,0,1,0,0,1
960.995606,0,1,0,1,0,1,1,1,0
965.996106,1,0,0,1,1,1,1,0,0
969.865332,0,0,0,0,0,0,0,0,1
975.196681,1,1,0,1,1,1,1,1,0
984.507837,1,0,1,1,0,0,1,0,1
987.750103,1,0,1,1,1,0,0,0,1
996.205542,1,1,1,1,1,1,0,1,0
1000.588127,1,0,0,0,1,1,0,0,0
1010.342250,1,1,0,1,0,1,0,1,1
1012.009750,1,0,0,0,1,1,0,1,0
1016.207221,1,1,0,0,0,0,0,0,1
1024.987463,1,0,1,0,1,0,0,0,0
1032.438050,0,1,0,1,1,1,0,1,1
1034.447878,1,1,1,0,1,0,0,1,1
1043.159663,0,1,0,0,0,1,1,1,0
1045.184270,0,0,1,1,1,0,0,0,0
1049.176807,0,0,1,0,0,1,1,0,0
1052.906005,0,0,1,0,0,0,0,1,1
1053.155882,0,1,0,1,1,0,0,0,1
1059.593020,1,1,1,0,0,1,1,1,0
1066.828224,1,0,0,1,1,0,0,0,0
1069.770106,0,1,0,1,0,0,0,1,0
1070.077824,0,0,0,1,0,0,1,1,1
1076.679726,0,1,1,0,1,0,0,1,1
1079.286451,1,1,1,0,0,0,0,1,0
1084.661506,1,0,1,0,1,0,1,1,1
1091.749176,1,1,0,0,0,1,1,0,1
1094.628501,1,1,1,0,1,0,0,1,1
1094.882452,0,1,0,1,1,1,0,1,0
1095.120115,0,1,1,0,0,1,1,0,0
1101.234961,1,0,0,1,1,0,1,0,1
1110.589031,1,1,0,0,0,1,1,1,1
1119.705870,0,1,1,0,1,1,0,1,1
1126.024230,0,1,0,1,1,1,0,1,1
1133.650808,0,0,0,0,0,1,0,0,1
1140.852174,1,0,0,1,1,1,1,1,1
1146.589653,1,0,0,0,1,1,0,1,0
1150.775017,0,1,1,0,0,1,0,0,1
1157.818202,0,1,0,1,0,0,0,0,0
1160.016434,0,0,1,1,0,1,1,0,1
1162.962759,1,0,1,0,0,0,1,0,0
1163.870645,1,0,1,1,1,0,0,0,1
1169.599440,1,1,0,1,0,1,0,1,1
1171.014986,0,1,0,0,1,0,0,1,1
1179.521052,0,0,0,1,1,1,1,0,1
1183.715181,1,1,0,0,1,0,1,1,0
1183.920242,1,0,0,1,0,0,0,1,0
1191.777600,0,1,1,0,1,1,1,0,0
1197.793522,1,1,0,0,1,0,0,1,0
1203.867461,0,1,1,0,0,1,1,1,0
1209.212755,1,0,1,1,0,0,1,0,1
1214.741457,0,0,0,0,0,0,1,0,1
1223.327457,1,1,0,1,1,1,1,1,1
1224.626733,0,0,1,1,1,1,1,0,1
1224.823026,1,1,1,0,0,0,0,1,1
1224.874782,0,1,0,0,1,0,1,1,1
1231.788918,1,1,1,1,1,1,0,1,1
1240.534142,1,0,1,0,1,0,1,1,0
1242.684050,1,1,1,1,1,0,0,0,0
1246.313006,1,0,0,0,0,0,1,0,1
1251.735150,0,0,1,1,1,0,1,1,0
1252.757175,1,1,1,1,1,1,0,1,0
1253.408005,1,1,0,0,0,1,1,1,0
1253.933386,0,1,1,0,0,0,1,0,1
1259.317284,1,0,1,1,0,0,1,0,0
1260.379126,1,0,0,0,1,0,0,1,0
1269.573345,0,0,1,1,1,1,0,0,0
1277.780696,0,1,0,0,1,0,0,1,1
1281.797915,0,0,0,1,0,1,0,0,0
1283.823252,1,0,0,0,0,1,1,0,0
1289.376888,0,1,1,0,1,0,0,0,1
1294.940246,0,1,1,1,0,1,1,1,1
1298.200179,1,0,1,0,1,1,1,0,1
1301.190702,0,0,0,0,0,1,0,0,0
1310.854497,0,0,1,1,0,0,0,0,0
1311.835791,1,1,0,0,0,1,0,1,0
1312.391059,1,0,0,0,1,1,0,0,0
1316.744565,1,1,1,1,0,1,1,1,1
1319.413568,1,0,1,0,0,1,1,0,0
1324.370968,1,0,1,1,1,1,1,1,1
1332.963272,1,0,0,1,0,0,0,1,0
1341.258897,1,0,0,1,0,1,0,0,1
1345.296530,1,0,0,1,0,1,1,0,1
1347.266445,1,0,1,1,1,1,1,1,0
1347.517420,1,0,1,0,1,1,1,0,1
1349.091297,0,1,1,1,1,1,1,0,0
1352.095798,1,0,1,0,0,1,0,0,0
1359.610840,1,0,1,0,0,0,1,0,1
1360.674234,0,0,1,1,1,1,0,1,1
1360.675234,1,0,1,0,0,0,1,0,1
1366.014282,0,0,0,1,1,0,1,0,1
1366.818585,0,1,0,1,1,0,0,1,1
1369.546585,0,0,1,0,0,1,0,1,1
1376.068672,1,0,0,0,1,0,1,0,0
1384.193127,0,1,0,1,1,1,0,1,0
1393.435006,0,0,0,0,1,0,0,1,0
1395.054891,0,0,1,1,1,1,0,0,0
1401.733424,0,0,1,1,1,0,0,1,1
1404.342859,0,0,0,0,0,1,0,1,0
1405.975495,0,1,0,0,1,1,1,0,1
1407.491495,1,0,1,1,1,1,1,0,1
1417.416503,1,1,0,1,0,0,0,1,0
1423.893948,1,1,1,0,0,0,0,0,1
1429.339948,1,0,0,1,0,0,1,1,1
1438.419462,1,1,0,1,0,1,1,1,0
1441.947507,0,1,0,1,1,0,1,1,0
1445.073194,1,1,0,1,1,1,0,0,1
1445.145109,0,1,1,0,1,1,0,1,1
1450.155628,0,0,1,0,1,1,0,1,1
1458.753555,1,0,0,1,1,1,1,0,1
1465.734585,1,0,1,0,0,1,1,0,1
1475.448119,0,0,0,1,0,0,1,0,0
1481.240619,0,1,1,0,1,0,1,0,0
1485.241219,0,0,0,0,1,0,0,0,1
1490.868738,1,1,0,0,1,1,0,1,1
1495.012880,1,1,0,0,1,1,0,0,0
1497.051591,0,1,1,0,0,0,1,1,1
1500.792790,1,1,1,0,0,1,0,1,0
1508.478971,0,0,0,0,1,0,1,1,0
1515.950192,0,0,0,0,0,1,0,0,0
1519.058989,1,1,0,1,0,1,1,0,0
1519.556394,0,0,0,1,0,1,0,1,0
1522.405210,1,0,0,1,0,1,1,1,0
1527.619538,0,1,1,0,1,1,0,1,1
1531.828871,0,0,0,0,0,1,1,0,0
1541.557581,1,1,0,0,1,1,0,0,1
1550.162371,1,1,1,1,1,0,0,1,1
1559.038564,1,0,0,1,0,1,1,1,0
1564.953676,0,0,0,0,1,1,1,0,0
1572.858140,0,0,1,1,1,0,0,1,1
1582.380046,0,0,0,1,0,0,0,0,0
1582.753102,1,0,0,1,1,0,1,0,1
1589.238302,0,1,1,1,0,0,1,1,0
1590.371785,1,0,1,1,0,1,1,1,1
1595.275396,0,0,1,0,1,1,1,1,0
1601.425717,1,1,0,1,1,0,1,0,0
1603.627323,1,1,0,0,1,1,0,0,0
1612.371843,1,0,1,0,1,1,1,1,1
1621.140495,0,0,0,1,0,1,0,0,0
1622.455987,0,0,0,1,0,0,1,1,1
1630.121128,0,1,1,0,0,0,0,1,0
1630.926068,1,0,0,0,1,0,0,1,1
1639.894921,1,0,0,0,0,1,1,0,0
1640.658000,0,0,0,1,0,1,0,0,1
1642.138852,1,1,1,1,0,0,0,0,0
1644.827755,0,1,1,0,1,1,1,1,1
1649.338108,1,0,0,0,0,1,1,1,1
1650.738322,1,1,1,1,0,0,1,0,1
1651.308660,1,1,1,1,0,1,1,0,0
1658.285469,0,0,1,0,1,0,0,0,0
1659.844102,1,1,0,1,0,1,0,1,0
1667.465230,0,1,0,1,0,0,1,0,1
1669.581403,1,1,1,0,0,0,0,1,0
1677.013354,1,0,1,1,1,0,1,0,0
1683.740340,0,0,0,1,1,1,0,0,0
1690.335773,0,0,1,0,1,0,0,1,0
1691.204993,0,0,0,1,0,0,1,1,1
1691.488223,1,1,0,1,1,0,0,0,1
1691.920834,1,1,0,0,1,1,1,1,0
1696.796347,1,0,1,1,1,1,1,0,0
1699.163602,0,1,1,0,1,1,0,1,0
1704.219042,0,0,1,1,0,1,0,1,1
1708.003447,0,1,1,0,0,0,0,0,0
1714.674603,0,1,0,1,1,0,1,0,0
1718.946009,0,1,0,1,1,0,1,1,0
1720.239656,0,1,0,1,0,1,0,0,1
1726.031865,1,0,1,1,1,1,0,0,0
1734.164171,1,0,1,1,1,0,0,0,0
1738.115824,0,0,1,0,0,1,0,1,0
1740.863585,1,0,0,0,0,0,1,1,1
1744.428797,0,0,1,1,1,1,1,0,1
1749.400836,1,0,1,1,0,1,0,1,1
1753.658836,0,1,0,1,1,1,0,0,0
1757.279932,0,1,0,0,0,0,1,0,0
1758.166260,0,1,1,1,0,0,0,0,0
1767.931909,1,0,1,0,1,0,1,0,1
1773.292733,1,1,1,0,1,1,1,1,0
1783.118837,0,1,0,0,0,0,0,1,1
1789.037613,1,1,0,0,0,1,0,1,1
1793.549440,1,1,1,0,0,1,1,0,1
1801.385206,1,1,1,1,0,1,1,1,0
1805.714721,0,0,1,0,1,0,1,0,0
1813.105128,0,0,1,1,1,0,1,1,1
1819.895573,0,1,0,1,1,1,1,0,0
1824.198468,0,1,0,1,0,0,0,1,1
1824.199468,0,1,0,1,0,0,1,1,1
1831.915746,0,0,1,0,0,0,0,1,0
1839.608284,0,1,1,0,0,1,0,1,0
1842.014107,1,1,0,1,1,1,1,0,1
1843.964199,1,1,1,0,1,0,1,0,1
1847.050737,1,0,0,0,0,0,1,0,1
1848.568614,1,0,0,0,1,1,0,1,0
1851.972690,0,0,1,1,0,0,0,1,1
1858.995459,0,0,1,0,0,0,0,0,0
1863.946459,0,1,1,1,0,0,1,0,0
1864.659045,1,0,0,0,0,1,0,1,1
1865.945630,0,0,0,1,1,0,0,1,1
1867.668513,1,1,1,1,0,0,1,0,1
1873.249259,1,0,1,1,1,1,1,1,1
1877.266682,1,0,0,0,0,0,0,1,1
1883.267082,1,1,1,1,0,0,1,0,0
1887.883005,0,0,1,0,1,1,0,1,1
1888.264919,0,1,1,0,0,0,0,0,1
1891.740475,0,0,0,0,1,0,0,0,1
1892.384843,0,0,1,1,0,1,0,1,1
1893.431034,1,1,0,1,1,0,0,0,1
1901.025813,1,1,1,1,1,0,0,0,0
1903.759459,0,1,0,0,1,1,1,1,1
1906.900456,0,0,0,1,0,1,0,0,0
1908.769038,0,0,0,0,0,1,0,0,1
1914.101070,1,1,0,1,1,0,0,1,1
1920.613047,1,1,0,1,0,0,0,0,1
1928.920589,1,0,1,1,1,0,1,1,1
1932.242935,0,1,0,1,0,1,1,0,1
1937.069707,1,0,1,0,1,1,1,1,0
1944.982374,1,0,0,1,1,1,0,1,1
1946.692437,0,1,1,0,1,0,1,1,0
1949.576584,1,0,1,0,0,0,0,1,0
1949.685876,0,0,0,1,0,0,1,1,1
1951.786980,1,1,1,1,0,0,0,0,1
1953.447565,0,1,1,1,0,0,1,0,0
1961.324932,0,1,0,1,1,1,0,1,1
1970.938066,1,1,1,0,0,0,0,0,0
1979.271566,1,0,0,0,1,0,1,1,1
1980.545166,0,0,0,0,0,1,0,0,0
1983.546974,0,1,0,0,1,0,0,0,0
1987.047624,0,0,0,0,1,0,1,0,0
1993.611213,1,0,1,1,1,1,0,0,1
1994.040581,0,0,0,1,0,1,0,1,0
1995.769518,0,1,0,1,0,0,0,1,0
1997.992518,0,0,1,0,1,1,1,1,0
2005.525233,0,0,0,1,0,0,1,1,0
2014.110740,1,1,1,0,1,1,1,1,1
2022.734731,1,1,0,0,1,1,0,0,1
2027.431159,1,0,1,1,1,1,0,0,1
2032.946875,0,1,1,1,0,1,0,1,1
2042.413595,1,0,1,0,1,0,1,1,0
2048.304716,0,1,0,0,0,1,0,1,0
2052.520981,0,1,0,0,0,1,0,0,0
2057.950886,1,1,0,0,0,1,1,0,0
2058.139092,0,0,1,0,1,0,1,1,1
2062.383570,1,1,0,0,1,1,1,0,0
2064.460175,1,1,0,0,0,0,0,1,1
2067.877667,0,0,1,0,1,1,1,0,1
2071.504366,0,1,0,0,0,1,1,0,0
2080.579603,0,0,0,0,0,1,1,1,0
2082.994155,0,1,0,1,0,0,0,0,1
2084.410108,1,1,0,0,1,0,0,0,0
2085.291440,0,1,1,1,0,1,1,0,0
2092.103353,1,0,0,1,0,1,1,1,1
2092.551044,1,1,0,0,1,0,1,0,0
2095.835298,1,1,0,0,1,1,1,0,1
2103.689171,0,1,1,0,1,1,1,1,1
2112.776219,1,1,1,1,0,1,0,1,1
2119.310231,1,0,0,0,1,0,1,1,1
2120.601425,0,0,1,1,0,1,1,1,0
2127.686425,0,0,1,0,0,0,1,0,0
2136.706131,1,1,1,1,1,1,0,1,1
2141.587026,1,1,0,0,1,1,1,1,0
2148.871248,1,1,1,1,1,0,1,0,0
2151.008533,1,1,1,0,0,1,1,1,1
2156.843513,0,0,0,1,1,1,1,1,1
2157.284030,0,1,1,1,1,1,0,0,1
2162.857721,1,1,0,0,1,1,1,1,1
2166.816886,1,0,1,1,0,0,1,0,0
2170.750207,1,0,1,0,0,1,0,0,0
2170.831628,0,1,1,0,0,1,0,0,0
2177.689085,1,0,1,1,0,0,1,1,0
2186.560932,0,1,0,1,1,0,1,1,1
2186.761605,0,1,0,0,1,1,0,0,1
2196.259372,0,1,0,0,1,0,0,1,0
2196.338286,1,0,1,1,1,0,1,1,0
2202.976122,0,0,0,1,0,1,0,1,1
2205.422921,1,0,1,1,1,1,1,1,1
2210.004359,1,1,1,0,1,1,0,1,1
2215.707759,1,1,0,1,0,1,1,0,1
2221.741410,0,0,0,0,1,0,1,0,0
2229.179938,1,1,1,0,1,1,0,0,0
2235.381617,1,0,1,1,1,1,0,0,0
2239.574505,1,0,1,1,0,0,1,1,0
2240.866103,1,0,0,1,0,0,0,0,1
2247.191257,0,0,0,0,1,1,1,1,1
2248.830803,1,0,0,0,0,1,1,1,1
2253.145097,0,1,1,1,0,1,0,0,1
2256.346291,1,0,1,0,1,1,1,0,0
2264.608941,1,1,0,1,1,1,0,1,1
2269.212422,1,0,1,1,0,0,1,1,1
2278.883114,0,1,1,0,1,0,1,0,1
2282.682017,0,0,0,1,1,0,0,0,0
2286.122390,1,0,0,0,0,1,1,1,0
2291.744947,1,1,0,1,0,0,1,1,1
2295.970877,1,1,0,1,1,1,1,1,1
2302.495154,0,0,0,1,1,0,0,0,0
2304.483297,1,1,1,0,0,1,0,0,0
2314.388068,0,1,0,0,0,0,0,0,0
2316.475816,0,0,1,0,1,1,1,0,1
2325.786678,0,0,1,1,1,1,0,0,1
2329.932563,1,0,1,1,0,1,0,0,1
2339.851270,0,1,1,1,0,0,0,0,0
2343.846749,0,0,0,0,0,0,1,1,0
2352.992404,0,1,0,1,1,0,0,0,0
2356.510222,0,1,0,0,0,0,0,1,1
2361.958439,1,0,0,1,1,1,0,1,1
2365.366253,0,0,1,1,0,1,0,1,1
2369.355539,1,1,1,1,0,1,1,0,0
2378.190753,0,1,1,0,1,1,1,1,1
2380.426257,1,1,0,0,1,0,0,0,0
2381.146363,0,0,0,0,1,0,1,0,0
2383.773966,1,0,1,1,0,1,1,1,0
2389.743361,1,1,0,0,1,0,0,0,1
2390.191601,1,0,1,1,1,1,0,1,0
2397.622090,0,1,1,1,0,1,0,0,0
2400.645562,1,1,1,0,0,1,1,0,0
2406.666721,0,0,1,0,1,0,0,1,0
2406.841014,1,1,0,1,1,0,1,0,0
2414.637378,0,0,0,1,1,1,1,0,1
2418.322220,0,1,0,1,0,1,1,1,1
2427.968389,1,0,1,1,1,1,1,0,0
2429.026497,1,1,1,0,1,0,1,1,0
2431.813197,0,0,1,1,0,0,0,0,1
2439.849715,1,1,0,0,1,0,1,0,0
2444.030625,0,1,0,0,0,0,1,1,0
2451.459022,1,1,0,0,0,0,1,0,1
2455.329691,0,1,0,1,0,0,0,1,0
2462.008284,1,1,0,1,0,1,0,0,1
2462.974853,1,0,1,1,1,0,1,0,1
2463.086953,0,1,0,1,1,0,1,1,0
2471.737881,0,0,1,1,1,1,0,0,1
2475.263281,0,1,1,1,0,0,1,1,0
2479.467545,1,0,1,0,0,1,1,0,0
2486.520979,1,1,1,1,0,1,1,1,0
2486.969162,1,0,1,0,0,1,1,1,1
2487.314955,1,0,1,1,0,1,0,0,0
2488.188351,0,1,0,0,1,1,1,1,1
2496.515514,1,1,0,1,1,1,0,1,1
2497.068183,0,0,1,1,1,1,0,1,1
2499.870322,1,1,0,0,0,0,0,0,0
2503.533807,1,0,1,0,1,1,1,1,1
2504.729906,1,1,0,0,1,0,0,1,1
2507.851769,0,0,0,1,0,1,0,0,0
2516.845953,1,1,0,0,0,0,0,1,1
2524.563302,1,1,1,1,1,1,0,1,0
2531.391813,0,0,1,0,1,0,0,0,1
2537.372845,0,0,1,1,1,0,1,0,0
2546.743537,1,1,0,0,0,1,1,1,0
2556.440537,1,0,1,0,1,1,0,1,0
2565.589559,0,1,0,0,0,0,0,1,1
2566.011228,0,0,1,0,1,1,1,0,0
2574.900228,0,1,1,1,1,0,1,0,1
2581.888107,0,0,0,1,1,0,0,1,0
2584.623528,1,1,0,1,0,1,0,1,1
2587.957528,0,1,1,1,1,1,1,1,0
2597.811823,1,0,0,0,1,1,0,0,1
2601.276850,0,1,1,0,0,0,1,0,1
2611.029197,1,1,1,0,1,1,1,0,1
2616.247066,1,0,0,0,1,1,0,1,0
2616.925505,1,1,1,0,1,1,0,1,0
2620.723835,1,1,1,1,0,1,1,0,0
2627.319088,0,1,0,0,0,0,1,0,0
2631.161167,0,0,1,1,0,0,1,1,0
2638.544606,1,1,1,1,0,1,1,1,0
2641.357243,1,1,1,1,1,1,1,0,0
2649.115579,1,0,1,1,0,0,1,0,1
2650.002854,0,0,0,1,1,0,0,0,0
2653.836018,0,1,0,0,0,1,0,1,1
2655.987579,1,1,0,0,0,0,0,1,1
2656.055239,1,0,1,1,0,1,1,1,0
2661.343607,1,1,1,0,0,1,1,0,1
2664.998356,0,0,1,1,1,0,0,1,0
2669.082281,0,1,1,1,0,1,1,1,1
2674.017683,1,1,0,1,0,0,0,1,0
2676.508394,0,0,0,0,0,0,1,0,1
2682.331908,0,0,1,1,0,0,1,1,1
2685.066447,1,0,1,1,1,0,0,0,1
2686.643866,0,0,1,0,1,0,0,0,1
2690.919248,1,1,1,0,1,1,1,1,0
2695.700915,1,0,1,1,0,0,1,1,1
2699.613330,0,1,1,1,0,0,1,0,1
2701.635034,1,1,1,1,1,0,0,1,1
2709.839478,1,0,0,0,1,1,1,1,1
2712.515488,1,0,0,0,1,0,1,0,1
2720.713199,1,0,0,1,1,1,1,1,0
2721.114580,1,0,0,0,0,1,0,0,1
2721.115580,1,1,0,1,1,1,0,1,1
2721.191761,1,1,0,0,0,1,1,1,1
2729.870870,0,1,1,1,1,0,1,0,1
2730.046984,1,1,0,0,1,0,0,1,1
2731.794288,0,1,0,1,0,1,0,0,0
2734.295038,0,0,1,0,1,1,1,0,0
2739.689017,0,1,0,1,0,0,0,0,1
2743.342346,0,0,1,0,0,1,0,1,0
2745.448399,1,0,1,0,0,0,1,1,1
2746.141294,0,0,0,0,1,1,1,1,1
2748.356443,0,1,0,1,0,0,0,1,0
2748.820260,0,0,1,1,0,0,0,0,0
2752.641224,0,0,0,0,1,1,0,1,1
2759.427260,1,0,0,0,1,0,1,1,0
2763.479377,1,0,1,1,0,0,1,0,0
2773.248735,0,0,1,0,1,0,1,1,1
2781.545202,0,1,0,1,1,1,0,1,1
2789.888224,0,1,1,1,0,1,0,0,1
2794.478929,1,0,0,0,0,1,1,0,1
2801.067782,0,1,0,1,1,0,1,0,0
2805.336190,1,1,1,1,1,1,0,0,1
2805.968935,1,1,1,1,0,1,0,0,1
2811.155257,0,0,0,1,0,1,1,0,0
2813.062499,0,0,1,1,1,0,0,0,0
2814.334558,1,0,1,0,1,1,1,1,0
2822.980774,0,0,1,0,1,1,1,0,1
2827.481324,0,1,1,0,0,1,0,1,0
2828.285242,0,0,0,1,0,0,0,0,0
2830.312418,0,0,0,0,1,0,1,0,0
2832.524736,0,1,0,1,0,0,1,0,1
2835.912897,1,1,1,1,1,1,0,1,1
2836.186597,1,0,0,1,0,0,1,1,1
2841.998293,1,1,0,1,1,0,1,1,1
2847.854563,0,0,1,0,0,0,1,0,0
2857.741580,1,1,1,0,0,0,1,0,0
2867.319087,0,1,0,1,1,0,1,1,1
2870.019817,1,1,0,0,1,1,1,1,1
2878.329536,1,0,1,0,0,1,1,0,1
2880.141166,1,1,0,1,0,1,0,0,0
2881.980547,0,0,0,1,1,0,1,0,1
2889.266332,1,1,0,1,0,0,1,0,0
2897.608801,0,0,0,0,0,0,1,1,0
2900.090173,1,1,0,0,0,1,0,0,0
2905.500468,1,1,0,1,0,1,1,0,0
2912.680238,0,1,0,1,1,0,1,1,1
2914.389750,0,1,1,1,0,1,1,1,0
2922.436821,0,1,1,1,1,0,0,1,1
2929.590130,1,0,0,1,1,1,1,1,0
2934.441144,1,1,1,1,1,1,1,1,1
2943.564519,1,0,1,0,0,1,0,0,0
2944.116815,1,0,0,1,0,0,1,0,1
2945.016602,0,1,1,0,0,0,0,1,0
2949.580252,1,1,1,0,0,1,0,1,1
2953.265094,1,0,0,0,1,0,0,0,1
2953.266094,1,0,0,1,1,1,0,0,0
2961.060432,0,1,1,0,1,1,0,0,1
2968.320322,0,1,0,1,1,0,0,1,1
2974.486508,0,0,0,1,0,0,1,1,0
2975.137095,0,0,1,0,0,0,0,0,1
2984.399464,1,0,0,1,0,0,0,1,1
2986.054975,1,0,0,0,0,0,0,1,0
2986.524678,0,1,1,1,1,1,0,0,0
2986.702456,0,1,1,1,1,0,1,0,1
2992.143471,0,0,1,1,0,0,0,0,1
2993.901053,1,1,1,0,1,1,1,1,1
3003.399172,1,1,1,0,1,0,0,1,0
3011.768347,1,1,0,1,0,1,0,0,0
3014.428655,1,0,1,0,1,0,0,0,1
3020.095755,0,0,0,1,1,1,1,1,0
3024.115401,0,1,1,1,0,0,1,1,0
3029.738842,1,0,0,1,1,1,0,0,1
3031.004083,0,0,0,1,1,0,1,1,1
3040.243290,0,1,0,1,0,0,1,1,0
3044.036118,0,1,1,1,0,0,0,0,1
3049.369918,0,0,0,1,1,1,1,1,1
3057.529953,1,0,0,0,0,1,0,0,1
3057.925651,1,1,1,1,0,0,0,1,0
3065.358340,0,0,0,1,1,1,1,0,0
3070.029820,0,1,0,1,1,1,0,0,1
3079.357436,0,1,0,0,0,1,1,1,0
3088.677617,1,1,1,1,1,1,1,0,1
3090.847075,1,0,0,0,0,1,1,1,0
3095.726677,0,1,1,0,1,0,0,0,1
3103.498126,0,0,1,0,0,0,0,0,1
3110.194261,1,0,1,1,0,0,0,1,1
3114.170767,1,1,1,0,0,0,0,0,1
3118.413767,1,0,0,1,0,0,0,0,1
3125.395201,1,1,0,0,1,0,0,1,1
3132.034881,0,0,0,1,0,0,1,0,0
3135.347238,0,0,1,0,1,1,1,1,1
3136.082110,0,0,1,0,0,0,0,0,0
3136.769316,1,1,0,1,1,1,1,0,0
3139.290064,0,0,1,1,1,1,0,1,1
3147.384004,0,1,1,1,0,1,0,0,1
3154.108470,0,0,1,1,1,0,0,0,1
3164.055142,1,0,1,1,1,1,1,1,1
3166.891152,1,0,1,1,0,1,0,0,0
3169.205088,1,1,1,1,1,0,1,1,0
3178.845042,0,0,0,1,0,1,1,0,0
3187.152298,0,0,0,1,1,0,0,0,0
3192.206556,0,1,0,1,0,0,1,1,0
3199.076434,1,0,0,0,1,1,0,0,0
3202.158112,0,1,1,0,0,0,1,0,0
3207.158612,1,1,0,1,0,1,0,1,0
3211.508492,0,0,0,0,0,1,1,1,1
3215.328319,0,0,1,1,0,0,0,1,1
3222.815536,1,0,0,0,0,1,0,0,1
3226.371227,1,0,0,1,0,1,0,0,1
3231.123524,1,1,0,1,0,0,1,1,1
3235.159209,0,1,0,1,1,0,1,0,0
3239.326459,0,1,0,1,0,1,1,1,0
3242.913198,1,1,0,0,1,1,1,1,0
3244.648202,0,0,1,0,1,0,0,0,1
3251.475744,0,1,0,0,1,0,1,0,0
3260.336257,0,0,0,1,1,1,0,0,1
3262.266076,1,0,0,1,1,0,0,1,1
3267.876272,1,1,1,1,0,0,0,0,1
3272.359582,1,0,0,1,1,1,1,0,0
3274.076582,0,0,0,0,1,1,0,1,1
3279.842771,0,0,1,0,1,1,0,0,0
3283.588570,1,0,0,0,0,0,1,1,1
3290.778825,1,0,0,1,1,1,0,1,0
3297.223625,0,1,0,0,1,0,1,1,0
3303.608679,1,1,1,0,1,1,1,1,0
3307.698777,0,0,1,0,0,1,1,0,1
3308.102759,0,1,0,0,0,1,0,0,0
3317.292029,0,1,0,0,1,1,1,1,1
3326.083359,1,1,0,0,0,0,1,1,1
3330.072931,1,1,1,1,0,0,0,0,1
3339.765094,1,0,1,0,1,1,1,0,0
3344.550891,1,1,1,1,1,1,1,1,1
3345.779839,1,1,1,1,1,1,1,0,0
3351.186423,0,0,1,0,0,0,1,0,1
3359.287879,0,0,0,1,1,0,1,1,1
3368.081828,0,1,1,1,1,1,0,0,0
3377.904068,1,0,1,0,0,1,0,0,1
3383.960497,1,0,0,1,1,0,0,1,0
3390.818667,0,0,0,1,0,0,1,0,0
3397.059644,0,0,0,1,0,0,1,1,0
3402.294496,0,1,0,0,1,0,1,0,1
3409.512819,0,0,1,1,0,1,0,1,0
3415.069964,0,0,0,1,0,0,0,0,1
3421.349406,1,1,0,0,0,1,0,1,0
3425.238906,1,1,0,0,0,0,0,1,0
3433.853821,0,1,0,1,0,1,0,0,1
3435.369821,0,1,1,1,1,0,0,0,0
3441.674538,0,1,1,1,0,0,1,1,1
3443.827743,1,0,1,1,1,0,1,1,1
3453.544752,0,0,0,0,0,0,0,0,1
3454.066534,0,0,1,1,1,0,1,1,1
3460.114833,0,0,1,0,1,1,1,1,1
3461.061086,1,1,1,0,1,0,0,0,0
3462.318574,0,0,0,1,0,1,0,0,1
3472.242012,1,0,0,0,1,1,0,0,1
3474.309919,0,0,1,1,0,1,1,1,1
3476.596405,1,1,0,1,0,0,0,1,0
3484.213664,0,1,0,1,0,1,0,0,1
3487.127668,1,0,0,1,1,1,0,0,0
3490.589860,1,1,1,1,1,0,0,0,0
3492.636110,1,1,1,0,1,0,0,1,1
3500.623394,0,0,1,0,1,0,0,1,1
3510.483814,1,1,0,0,0,1,1,1,1
3518.945507,0,0,0,1,0,1,0,1,0
3518.946507,1,0,1,0,0,1,1,1,0
3527.071694,1,1,1,0,0,0,0,1,1
3531.559425,0,0,1,1,0,0,0,0,1
3532.550892,1,0,1,1,0,1,1,0,0
3541.190141,0,1,0,1,0,1,1,1,0
3546.119219,1,0,1,1,1,0,0,0,1
3554.237385,0,1,1,1,1,0,0,1,0
3563.192889,0,1,0,0,1,0,0,1,1
3569.916380,1,1,1,0,1,1,1,1,1
3573.697490,1,0,0,0,1,0,0,1,1
3578.364690,1,1,0,0,1,1,0,0,1
3581.291665,1,1,1,0,1,1,1,0,0
3583.818951,0,0,1,1,0,1,1,1,1
3589.608846,0,1,0,1,0,0,1,0,1
3596.072614,0,0,0,1,1,1,1,0,0
3597.235726,1,1,1,1,1,1,0,0,1
3602.530314,1,1,0,0,1,1,0,0,0
3607.186021,0,1,0,1,1,0,1,1,0
3610.545054,0,1,1,1,0,0,1,1,1
3615.832759,1,1,1,1,1,0,0,1,0
3616.224345,0,0,0,1,0,0,1,1,1
3625.452119,1,1,0,0,0,0,1,1,0
3631.490251,1,1,1,0,1,1,0,1,1
3638.902037,1,0,0,0,0,0,0,0,0
3647.415375,1,0,0,1,0,1,0,0,0
3648.898910,0,1,1,1,0,0,1,1,1
3651.167725,0,1,1,1,1,1,1,0,1
3657.160083,1,1,0,1,1,1,0,0,0
3661.100781,1,1,1,1,0,1,0,1,0
3667.340016,0,1,1,0,1,0,1,1,0
3669.884316,0,0,0,0,1,0,0,1,1
3669.948269,1,1,1,0,1,1,0,0,0
3678.130269,0,1,0,0,0,0,1,1,0
3682.784649,0,1,0,1,0,0,0,1,0
3691.803153,0,1,1,0,0,1,0,1,1
3693.644676,0,0,0,0,1,0,1,1,1
3694.259112,1,1,1,0,0,1,1,0,1
3700.554174,1,0,0,0,0,0,0,0,0
3702.882983,1,0,0,1,0,0,0,0,1
3704.379435,1,0,1,1,0,0,0,1,1
3711.879685,0,1,1,0,1,1,1,1,0
3715.062185,1,1,1,0,0,0,1,0,0
3722.145810,0,0,1,1,1,0,0,1,1
3726.254507,1,1,1,0,1,1,0,1,1
3733.716593,0,0,0,0,0,0,0,0,1
3739.956751,1,1,0,1,1,0,1,1,0
3741.207626,0,0,0,1,1,1,1,1,0
3744.864175,1,1,0,1,1,1,1,1,1
3745.554761,0,1,1,0,1,1,1,1,0
3754.710159,1,0,0,1,0,1,1,0,1
3755.556144,1,1,1,0,1,0,1,0,1
3755.731884,0,0,0,0,1,1,0,0,0
3765.030462,0,0,1,0,1,0,0,1,1
3766.348534,1,0,1,0,0,0,0,0,1
3771.511411,0,1,0,1,1,1,1,1,1
3772.126385,1,0,1,1,1,1,0,0,0
3779.708419,0,0,0,0,0,1,1,0,1
3784.736179,1,1,1,1,0,0,0,1,1
3785.184289,1,1,0,1,0,0,0,0,0
3794.725424,0,0,1,1,0,1,1,1,1
3796.414996,0,0,1,0,0,0,0,0,1
3805.107038,1,1,1,1,1,1,1,0,1
3806.324730,1,1,1,0,1,1,0,0,1
3811.860345,1,0,0,0,1,1,1,0,0
3813.454592,0,0,0,0,1,0,1,0,0
3816.716136,1,1,0,1,0,0,1,1,0
3824.151071,1,0,1,1,0,0,1,0,0
3833.618437,1,1,0,1,1,1,1,1,1
3838.164437,1,0,1,1,0,1,0,0,0
3845.064985,0,0,0,1,0,0,1,1,0
3846.124702,0,0,1,1,1,0,0,0,1
3847.211736,1,0,0,1,1,1,0,1,0
3851.788801,0,1,0,0,1,1,1,0,0
3855.061533,0,0,0,0,1,1,1,0,0
3860.838920,0,1,0,0,0,0,1,1,0
3867.393572,0,0,1,0,0,1,1,0,0
3868.968489,0,1,0,1,0,0,0,1,1
3870.548278,0,1,0,1,0,0,0,0,0
3870.549278,0,1,1,1,0,1,1,1,0
3874.255217,0,1,0,0,1,0,0,1,0
3874.481758,0,0,1,1,0,0,1,1,0
3875.937639,1,1,1,1,1,0,0,0,1
3881.872828,0,0,0,0,0,1,0,1,0
3884.133730,1,1,1,1,0,1,0,0,1
3890.394266,0,0,1,0,0,0,0,1,0
3893.973589,0,0,0,0,1,0,1,0,1
3898.487943,1,0,1,0,1,0,1,0,1
3907.077647,0,0,1,1,0,1,0,0,1
3908.351247,0,0,1,1,0,0,1,0,1
3917.592702,0,0,1,1,0,0,1,1,1
3918.118978,0,0,1,1,0,0,0,1,1
3924.723364,1,0,1,1,0,1,0,1,0
3926.256358,0,1,0,0,0,1,0,0,1
3933.959291,1,1,0,0,1,0,1,0,1
3933.991537,1,0,1,0,0,0,1,0,0
3941.244287,0,0,0,0,1,0,0,0,1
3944.732593,1,0,1,1,0,0,1,0,0
3947.660130,0,1,1,0,1,1,1,1,1
3950.222857,1,1,0,0,0,0,1,1,1
3951.558129,0,1,0,0,0,1,0,1,0
3958.796500,1,0,1,1,1,0,0,1,1
3965.982791,0,0,1,1,0,1,1,0,0
3967.933281,1,1,1,1,0,0,1,0,1
3968.091393,1,0,0,0,1,1,1,0,0
3974.175927,1,1,0,0,0,0,0,0,0
3982.271355,1,1,1,1,1,0,1,1,1
3984.126474,0,1,1,0,0,0,0,1,1
3985.431692,1,1,1,1,0,0,0,0,0
3987.059035,0,1,0,0,1,0,1,1,0
3990.024340,1,1,1,0,1,0,1,1,0
3992.964115,0,1,1,1,1,1,0,1,0
3993.745524,1,1,1,1,1,0,1,1,1
4001.870064,1,0,1,1,1,1,0,0,0
4008.704048,1,1,1,1,1,0,1,1,0
4015.423301,1,1,0,0,1,1,1,1,1
4022.953962,1,0,1,1,0,0,1,0,1
4025.817345,0,0,1,1,1,0,1,0,0
4026.737172,1,0,1,0,0,0,1,0,0
4027.480409,1,0,1,1,0,1,1,1,1
4029.783811,0,1,1,1,0,0,0,0,0
4035.617561,0,1,0,1,0,1,1,1,1
4039.903846,0,0,1,0,1,0,0,1,0
4046.905942,0,1,0,1,0,1,1,0,1
4056.542709,0,0,0,1,0,1,1,0,0
4058.738611,1,0,0,1,0,0,1,0,0
4064.407247,0,0,0,1,1,1,1,1,1
4066.340827,1,1,0,1,1,1,0,0,0
4074.597132,0,0,1,1,0,0,1,0,1
4082.606381,1,1,1,0,0,0,0,1,0
4089.521909,1,0,1,0,1,0,0,1,0
4089.920220,1,0,1,0,1,0,1,0,0
4096.020425,0,0,1,0,1,0,0,1,0
4105.956329,0,1,1,1,0,0,0,0,0
4106.643717,0,0,1,0,1,0,0,0,0
4113.904265,1,0,0,1,1,0,0,0,1
4121.830550,1,0,0,0,0,1,0,0,1
4123.831350,1,0,1,0,1,1,0,1,0
4132.246288,1,0,1,0,1,0,1,1,0
4136.592092,1,1,0,0,1,1,0,1,1
4144.554143,1,0,1,1,1,0,0,1,1
4152.410180,1,0,0,1,0,1,1,1,0
4160.558513,1,0,0,0,1,1,1,0,0
4170.252422,0,0,0,1,0,0,1,1,0
4170.614041,1,0,1,0,0,0,0,1,1
4180.079335,0,1,0,1,1,0,1,0,0
4189.105650,0,0,1,0,1,0,0,0,1
4193.689525,1,0,1,1,1,0,0,1,0
4197.536294,0,1,1,1,1,1,0,1,0
4202.216161,1,0,0,1,1,1,0,0,1
4205.948131,0,0,1,0,0,1,1,1,1
4212.539381,1,1,1,1,0,1,0,0,1
4212.795389,1,0,0,1,0,0,1,0,0
4221.794401,1,0,0,1,0,0,0,0,1
4230.507401,0,0,0,0,1,1,0,1,1
4236.937964,1,0,0,1,0,1,0,0,1
4244.917441,0,0,1,0,1,0,1,1,0
4251.831330,0,1,0,1,1,1,1,1,1
4257.981541,0,1,1,0,1,0,1,1,0
4262.639285,1,1,1,0,1,1,1,0,1
4269.142702,1,1,1,1,1,1,1,1,0
4274.143202,0,0,0,0,0,1,0,1,0
4281.435140,1,1,0,0,1,1,1,0,0
4285.329760,0,0,1,1,0,0,0,1,0
4286.498526,1,1,0,0,0,0,1,0,1
4296.290214,0,0,1,0,1,1,0,0,1
4301.441676,1,1,0,1,0,1,0,1,0
4309.179997,0,0,1,0,1,0,1,1,1
4313.526554,0,1,0,0,0,1,1,0,1
4315.976747,0,1,0,1,0,1,0,1,0
4324.344257,0,0,0,1,1,1,1,0,1
4328.714423,0,1,0,1,0,0,1,0,0
4336.040074,1,0,1,0,1,1,0,1,0
4338.132701,1,0,0,1,0,0,1,1,1
4344.103620,1,0,0,1,0,0,1,0,0
4353.727089,1,1,0,1,1,0,0,0,1
4361.884863,1,0,0,1,0,1,0,1,1
4371.320760,1,1,0,0,0,1,0,1,1
4377.901747,1,0,1,0,1,0,1,1,1
4385.583139,1,1,1,0,0,1,0,1,0
4390.971054,1,0,1,1,1,0,0,0,0
4392.393055,1,1,1,0,0,1,1,0,1
4393.440462,1,0,1,0,0,1,1,1,1
4402.848138,0,0,1,0,1,0,1,1,1
4408.208079,1,0,1,0,0,1,1,0,0
4409.754666,1,0,0,1,1,0,0,1,1
4411.432918,1,0,1,1,1,1,1,1,1
4417.668926,1,0,0,0,1,0,1,1,1
4419.317123,0,0,1,1,1,1,0,1,0
4426.752538,0,1,0,0,1,0,0,0,1
4427.503463,1,0,1,1,1,0,1,0,0
4429.828792,0,1,1,1,1,1,1,1,1
4438.684948,1,0,0,1,1,1,0,0,0
4441.470479,1,0,0,0,1,0,1,1,0
4446.441570,0,1,0,0,1,0,0,0,1
4455.861918,0,0,1,1,1,1,1,0,0
4462.916561,0,1,0,0,1,0,0,0,0
4471.711324,0,1,0,0,0,1,0,1,0
4476.213978,1,0,1,1,0,0,1,0,1
4482.923984,0,1,1,0,0,0,1,1,1
4484.882717,0,1,0,0,0,1,1,0,1
4485.268294,1,0,0,1,0,0,0,0,0
4491.985864,0,1,0,0,1,1,1,1,1
4494.603424,1,0,0,1,0,1,1,1,1
4499.043392,0,1,0,0,0,1,1,1,0
4505.741458,0,1,0,1,1,0,0,1,1
4508.341377,0,1,1,1,0,1,1,1,0
4516.665691,0,1,1,0,1,1,0,1,0
4524.123231,1,0,1,0,0,0,0,0,1
4527.952769,0,0,1,1,1,0,1,1,1
4528.833681,1,0,1,0,0,1,0,1,0
4533.773946,0,1,0,0,1,0,1,0,1
4543.554723,0,1,0,1,0,0,1,0,0
4544.609602,0,0,0,0,0,1,0,1,0
4550.237876,1,1,0,0,0,1,0,0,0
4559.173655,0,1,0,0,0,0,0,0,1
4565.343393,1,1,1,0,1,1,0,1,1
4572.370717,1,0,1,0,0,0,0,0,1
4573.268549,1,0,0,1,1,1,1,1,1
4582.418293,1,1,0,1,1,1,0,0,1
4591.061840,0,1,1,0,1,1,0,1,1
4592.590465,1,0,1,1,0,0,0,1,0
4594.188938,1,1,0,1,1,1,1,0,1
4597.484628,1,1,0,0,1,0,1,0,0
4607.411286,0,1,1,1,0,0,0,0,0
4615.703739,0,0,1,1,1,1,1,1,1
4620.830580,1,1,0,0,0,0,1,1,0
4623.589925,0,0,0,1,0,1,0,0,0
4631.531698,1,1,0,1,1,1,0,1,1
4632.676998,1,0,1,0,1,0,1,0,0
4632.828076,1,0,1,1,1,1,1,0,1
4637.680443,1,1,0,1,0,1,1,0,0
4643.441847,0,1,1,0,1,1,0,1,1
4648.635130,1,1,1,0,1,0,0,0,0
4652.208423,0,1,0,0,0,0,1,1,1
4653.493698,0,0,0,1,1,1,0,0,1
4659.771442,0,1,1,1,1,1,1,0,0
4661.147124,0,0,0,0,1,1,0,1,1
4663.696889,1,1,1,0,1,1,0,1,1
4666.947564,0,0,0,0,0,0,1,1,0
4675.906375,1,1,1,0,0,1,0,1,0
4680.621930,0,1,1,0,0,0,1,0,1
4687.896674,0,0,1,1,1,0,1,1,0
4695.476916,1,0,0,0,1,0,1,1,0
4699.574623,1,0,0,0,1,1,1,1,1
4701.111050,1,0,1,1,0,0,1,1,1
4704.505927,1,0,1,0,1,0,1,1,0
4707.339262,1,0,1,1,0,0,0,0,1
4707.825650,0,0,1,0,0,1,0,1,1
4709.524594,1,0,0,0,1,0,1,1,0
4710.027826,0,0,1,1,1,1,1,1,0
4710.542959,1,1,1,0,1,1,1,1,0
4719.728791,1,1,1,0,0,1,1,0,1
4721.815144,1,1,0,1,1,1,0,1,0
4725.511427,1,1,0,0,0,0,1,0,1
4726.416093,1,1,1,1,0,1,1,1,0
4729.065834,0,0,1,0,0,1,0,0,1
4735.732834,1,0,1,0,0,1,1,0,0
4737.679276,0,0,0,0,1,1,1,0,1
4746.856313,0,0,0,1,0,0,1,1,1
4747.729021,1,0,1,1,1,0,1,1,0
4755.440093,1,1,0,1,1,1,1,0,1
4761.204619,0,0,1,0,1,1,1,0,1
4765.065124,1,1,0,1,0,0,1,0,1
4768.954624,0,0,0,0,0,0,0,1,0
4772.794166,1,1,0,1,1,1,1,1,0
4782.127566,1,1,1,1,1,1,1,0,1
4790.709986,0,0,1,0,0,0,0,1,1
4799.171678,0,0,0,0,1,1,0,0,0
4804.716555,1,1,0,0,0,1,1,1,0
4813.426361,0,1,1,0,1,1,1,1,1
4819.508842,0,1,1,1,0,0,1,1,1
4824.984155,1,0,0,0,0,1,0,0,0
4828.162803,1,0,0,1,1,1,1,0,0
4828.340869,1,0,1,1,0,1,0,0,1
4832.070310,0,0,1,1,0,1,1,0,0
4839.098348,0,0,1,1,0,1,0,0,1
4844.482054,0,0,1,1,0,0,1,1,0
4848.187284,0,1,0,1,0,1,1,0,1
4856.358763,1,1,0,0,1,0,1,0,1
4860.845176,0,1,1,1,1,0,1,1,1
4861.383435,0,0,1,0,0,1,1,0,0
4862.784529,0,1,0,0,1,0,0,1,1
4871.547539,0,1,1,0,1,0,1,1,0
4872.322798,0,1,0,0,1,0,1,1,1
4873.546977,0,1,1,1,1,1,1,0,0
4874.000030,0,1,1,1,1,0,0,1,1
4879.137359,1,0,1,0,0,1,0,1,0
4884.522436,1,1,0,0,0,0,0,1,0
4891.315860,0,0,0,0,1,0,1,1,0
4899.135461,1,0,1,1,1,1,0,1,1
4902.597654,0,1,1,0,1,0,0,1,0
4903.507654,1,1,0,1,1,1,0,0,1
4909.117031,0,1,0,1,1,0,1,0,0
4916.863288,1,0,1,1,0,0,0,0,1
4920.140008,0,0,1,0,0,0,0,1,0
4926.682243,1,1,1,1,1,0,1,1,0
4929.099359,1,0,0,0,1,1,0,1,0
4929.536905,1,0,1,0,1,0,0,1,0
4930.312476,0,1,1,1,1,1,1,1,1
4936.158662,0,1,0,1,0,1,1,0,0
4937.126644,0,1,0,1,0,0,1,1,1
4942.375988,1,0,1,1,1,0,0,1,0
4945.684928,1,0,0,0,1,1,1,1,1
4953.945175,1,0,1,1,1,0,1,0,1
4958.376766,1,0,0,1,0,0,0,0,1
4961.675756,0,0,1,1,1,0,0,1,1
4963.346454,1,1,0,1,1,0,0,0,0
4967.543463,0,1,1,0,0,1,0,0,0
4976.409556,1,0,1,1,0,1,0,0,0
4983.086875,1,0,1,0,0,0,1,1,0
4987.740625,0,0,0,0,1,0,0,0,1
4995.470737,1,0,0,1,1,1,1,0,0
5000.698487,0,1,1,0,1,1,0,0,1
5006.154782,1,0,0,1,0,1,1,1,0
5008.958532,0,1,1,0,0,1,0,1,1
5011.125618,1,0,0,1,1,0,1,1,0
5013.515759,0,1,0,0,1,0,0,1,1
5019.291583,0,0,0,1,0,0,1,1,0
5021.877746,0,1,0,1,0,0,0,0,0
5030.514246,1,1,1,1,1,0,1,0,0
5040.143912,0,1,1,1,0,0,1,1,1
5044.725028,1,1,1,0,0,1,1,1,0
5051.114278,1,1,1,0,1,1,1,0,0
5055.600811,1,1,1,1,1,1,1,1,1
5059.601411,0,0,1,1,1,0,0,0,0
5059.602411,1,0,1,1,1,1,1,1,1
5061.400297,0,0,1,1,0,1,1,0,0
5069.809547,1,1,0,0,0,0,0,1,1
5074.400778,0,1,0,1,1,0,0,1,0
5078.740967,1,1,1,1,0,1,0,0,0
5085.869353,0,0,1,1,1,1,1,1,0
5091.557517,1,1,1,0,1,0,1,0,0
5097.318309,0,0,0,0,0,1,0,1,0
5101.592386,1,0,0,1,1,1,0,1,1
5101.655109,0,1,1,0,0,1,1,1,0
5110.821859,0,1,0,0,0,0,0,0,1
5112.560137,0,1,0,1,0,1,1,0,1
5118.120925,1,0,1,1,1,1,0,1,0
5120.621675,1,0,1,0,1,0,1,1,1
5121.483156,1,1,0,0,0,1,1,0,1
5126.637574,1,1,0,0,1,1,1,0,1
5130.670780,1,1,1,0,0,1,1,1,0
5137.442531,0,1,1,1,1,1,1,1,1
5139.949610,0,1,0,0,1,1,0,1,0
5141.300168,0,0,0,1,0,1,1,0,0
5150.730605,1,0,0,1,1,0,1,1,1
5154.280016,0,1,0,0,0,0,1,0,1
5155.418343,1,1,1,1,1,0,0,1,0
5164.133919,1,0,1,1,0,1,1,0,0
5169.056301,1,0,0,0,0,0,1,0,1
5178.957789,1,0,1,0,0,0,0,0,0
5178.969801,1,1,1,1,1,1,1,0,1
5185.489486,0,1,1,1,1,0,0,0,1
5194.144793,0,0,1,0,0,1,1,1,1
5199.702216,0,1,0,0,0,1,1,1,1
5204.554801,0,1,0,0,1,1,1,1,1
5207.972545,1,1,0,0,1,1,1,0,1
5210.440971,1,0,1,0,1,0,0,1,1
5220.305849,0,1,1,0,0,1,1,0,1
5229.925922,0,0,0,1,1,1,0,0,1
5237.563953,0,1,1,0,0,1,0,0,1
5244.728416,1,0,1,0,0,0,0,0,1
5248.179297,0,1,1,1,1,0,1,1,0
5256.892604,0,0,0,0,0,0,0,1,1
5259.155283,1,0,1,1,1,1,1,0,0
5267.348056,1,1,1,0,1,0,0,1,1
5270.759311,0,1,1,0,0,0,1,0,0
5277.887878,1,0,0,0,0,0,0,1,1
5285.062074,1,1,1,0,0,0,1,0,0
5294.514183,1,1,0,1,0,1,0,1,1
5302.101726,1,1,0,0,1,0,1,0,1
5311.786797,0,0,1,0,0,0,1,0,0
5316.439073,1,0,1,1,1,1,0,0,1
5322.644272,0,0,0,0,0,1,1,1,0
5327.165368,1,0,0,1,0,0,0,1,1
5336.103830,0,1,0,0,1,1,0,0,0
5341.929163,0,0,1,1,1,1,0,1,0
5349.194676,1,1,1,0,1,0,0,0,0
5354.275259,0,0,1,0,0,1,0,1,1
5362.647515,0,1,0,1,1,1,0,1,0
5369.144760,1,1,0,1,1,0,0,0,1
5378.375606,0,0,0,0,0,0,1,0,1
5384.081025,1,1,1,1,1,0,0,0,1
5388.725360,1,1,1,0,0,0,1,0,1
5388.933152,1,0,1,0,1,1,0,0,1
5393.502983,1,0,1,0,0,1,0,1,1
5397.026724,1,1,1,0,1,0,1,0,0
5400.947862,1,0,0,1,1,1,0,0,1
5410.848862,1,1,1,0,1,1,1,0,0
5419.229086,0,1,1,0,0,1,0,0,0
5420.973333,0,1,1,1,1,0,0,1,0
5429.741062,0,1,1,1,0,1,0,0,0
5430.539855,1,1,0,0,1,1,1,1,1
5432.885753,1,1,1,1,1,0,0,0,0
5437.264846,0,0,0,0,0,1,1,1,1
5439.848135,0,1,0,0,1,0,1,0,1
5449.820964,1,0,1,1,1,0,1,1,1
5457.495615,0,1,1,1,0,1,1,0,1
5463.002017,1,1,0,1,0,1,0,1,1
5468.152436,0,0,0,1,1,0,1,1,1
5475.944068,1,1,0,1,0,0,1,0,0
5482.575278,1,1,1,0,0,0,0,1,1
5488.405811,0,1,0,1,1,1,1,0,0
5488.789182,0,1,0,1,0,1,1,0,1
5495.577824,1,0,1,0,0,0,1,1,0
5498.607367,1,1,0,0,1,1,0,0,0
5504.036396,1,1,1,0,1,0,0,0,0
5509.714484,1,1,0,0,0,1,0,1,1
5516.982199,0,0,0,0,0,0,1,1,1
5522.078088,0,0,1,0,1,1,1,1,1
5525.250917,1,0,1,0,0,1,1,0,1
5533.068539,0,1,0,0,1,1,0,0,0
5537.077853,0,0,0,0,0,0,1,0,1
5542.096145,1,1,0,1,0,0,1,1,1
5551.662515,0,1,0,1,0,0,1,1,0
5552.730075,0,0,1,1,1,1,0,1,1
5557.569301,0,1,0,0,0,1,1,0,0
5565.676442,0,0,0,0,1,0,0,0,1
5571.666776,1,0,1,1,1,1,0,0,1
5579.624225,1,1,0,1,1,1,1,0,0
5584.568802,0,0,1,1,1,1,0,1,0
5589.697085,0,1,1,1,1,1,1,1,0
5593.154115,1,0,1,0,0,1,0,0,1
5595.781784,0,0,1,0,1,0,1,0,1
5603.432621,1,0,0,1,0,0,1,1,0
5607.179408,1,0,0,1,0,0,1,1,0
5614.036865,0,0,1,0,0,1,0,1,1
5615.436327,1,0,0,1,1,1,1,0,0
5621.350714,1,1,0,0,1,0,1,0,1
5623.185785,1,0,1,1,1,0,0,1,0
5624.928183,0,0,0,0,0,1,1,1,0
5633.194486,1,0,0,1,0,1,1,1,1
5635.814272,0,1,1,0,0,1,0,0,0
5641.668345,0,0,1,0,0,0,0,0,0
5645.481059,0,0,1,1,1,0,1,1,1
5649.120438,0,1,1,1,1,1,1,0,0
5649.521398,0,1,1,1,0,1,1,1,0
5652.855398,1,0,0,1,0,0,0,1,0
5657.595508,1,0,1,0,1,1,0,0,1
5662.477095,0,1,1,1,1,1,1,0,0
5668.945980,1,1,1,0,0,1,0,1,0
5668.946980,0,1,0,0,0,1,1,0,1
5672.122265,1,1,0,1,1,1,1,1,0
5675.749846,1,0,0,1,1,1,0,1,0
5679.219333,0,0,1,0,0,1,0,1,1
5683.298475,1,1,0,1,1,1,0,0,0
5688.973754,0,0,0,0,1,1,1,1,1
5693.334873,0,1,1,0,0,0,1,0,0
5696.460561,1,1,1,1,1,0,0,1,0
5704.688212,0,0,1,0,1,0,0,0,1
5714.489279,1,0,1,1,0,0,1,0,1
5716.438508,1,0,1,1,1,0,1,0,1
5723.618278,0,1,0,1,1,1,0,1,0
5726.440154,1,1,1,1,0,1,0,1,0
5735.082824,0,0,0,1,0,1,0,0,0
5736.988395,1,0,1,0,0,1,0,1,0
5742.756145,0,0,0,0,1,1,1,1,0
5749.190325,1,1,1,1,1,1,0,1,0
5756.090044,0,1,0,0,1,1,0,0,1
5757.131783,1,1,1,0,1,1,1,0,1
5758.809897,1,1,1,0,0,1,1,0,1
5765.685210,0,0,1,0,0,0,1,1,0
5774.447589,0,0,1,1,1,0,1,1,0
5780.143383,1,0,0,0,1,1,1,0,1
5788.325383,1,0,1,1,0,1,0,1,0
5791.114566,1,1,1,0,1,0,0,1,0
5796.151827,1,0,1,1,0,0,1,1,1
5803.944089,1,1,1,1,0,1,0,0,1
5809.718570,0,0,0,1,0,0,0,1,1
5819.418171,0,1,1,1,1,1,1,0,0
5823.966909,0,1,0,0,0,1,0,0,0
5827.646112,0,0,0,1,1,0,1,0,1
5827.785348,1,1,1,0,1,1,1,1,1
5835.014982,0,1,1,1,1,0,0,1,1
5839.850664,0,0,1,0,0,1,1,1,1
5840.565878,1,0,0,1,0,1,0,1,1
5850.243330,0,0,0,1,1,1,0,0,0
5859.858753,1,1,0,1,0,1,1,1,0
5866.852342,1,1,0,1,0,1,1,1,0
5872.362995,0,0,1,0,0,1,1,1,1
5879.173659,0,0,0,1,1,1,1,1,0
5885.362507,0,0,0,1,0,1,1,0,1
5892.755318,0,0,1,1,0,1,1,0,1
5900.193074,0,0,0,1,1,1,1,1,1
5902.710205,0,1,1,1,0,1,1,0,0
5907.737157,1,0,1,1,0,1,0,1,1
5910.740279,1,1,1,0,0,1,0,1,1
5918.313957,0,0,1,0,1,0,1,0,0
5919.579586,1,0,0,1,0,0,1,0,1
5928.375854,0,0,0,1,0,1,0,0,0
5933.626329,1,0,0,1,1,1,0,0,1
5937.513580,0,0,0,0,1,1,0,0,0
5944.666999,1,1,0,1,1,1,0,1,0
5950.283876,0,1,0,1,1,1,0,1,1
5952.193661,0,0,1,0,0,1,0,0,1
5954.292100,1,0,0,0,0,0,1,1,1
5961.106197,1,0,1,0,0,1,0,0,1
5964.527908,0,1,1,0,1,0,1,1,1
5972.900164,1,0,0,0,0,0,0,1,0
5982.794167,0,0,0,1,0,1,0,0,1
5988.338091,1,1,0,1,0,1,0,1,0
5992.956414,0,1,1,1,0,1,0,0,0
6001.106379,1,1,1,0,1,1,1,1,1
6002.667916,0,1,1,1,1,0,0,0,1
6011.682099,0,0,0,0,0,1,0,0,0
6018.046099,0,0,1,1,0,0,1,0,1
6018.660637,1,1,1,0,0,0,0,1,1
6025.620400,1,1,1,1,1,1,0,1,0
6025.911071,0,0,0,1,1,0,1,1,1
6028.674440,0,1,0,0,1,1,0,1,1
6032.050103,1,0,1,1,1,0,0,0,1
6038.916088,1,1,1,0,1,0,1,1,0
6042.006667,1,0,0,1,0,0,0,0,0
6044.744079,0,0,1,0,1,1,0,1,1
6054.418909,0,1,0,1,0,0,1,0,0
6054.927284,1,0,0,0,1,1,1,1,1
6055.860945,1,0,0,1,1,0,0,0,0
6056.522768,1,0,0,1,0,1,1,1,0
6058.287290,1,1,0,1,0,1,1,0,0
6066.580512,1,1,0,0,1,0,0,1,0
6075.040088,1,1,1,1,0,1,1,0,1
6081.156548,1,1,1,1,1,0,0,0,0
6088.596804,1,1,0,0,0,0,0,0,0
6098.155672,0,0,0,1,0,0,1,1,1
6104.239149,0,0,0,0,0,0,1,1,1
6111.822330,1,0,0,1,0,0,1,0,0
6112.381933,1,1,1,1,1,1,1,0,0
6119.185531,1,0,0,1,1,0,0,1,0
6121.150159,0,0,1,0,0,0,1,1,0
6126.466690,1,0,0,0,1,0,1,1,1
6128.654060,0,1,1,0,1,1,1,0,1
6129.909172,1,1,0,1,1,1,1,0,1
6139.172547,1,1,1,1,1,0,1,1,0
6146.514428,0,1,1,1,1,1,0,0,0
6154.824456,1,0,0,0,1,0,1,1,1
6162.324706,1,1,1,0,1,0,1,1,1
6164.931962,0,1,0,0,1,0,1,1,0
6172.370234,0,1,0,0,0,1,1,0,1
6174.981912,0,1,0,0,1,0,0,0,0
6176.152607,0,1,0,0,1,0,1,0,1
6185.411132,1,1,0,1,1,1,1,1,1
6192.633632,1,1,1,1,0,0,1,0,1
6194.634432,0,1,1,0,0,0,0,0,1
6200.742829,0,1,1,1,0,0,1,0,1
6201.880079,0,0,1,0,0,0,0,0,0
6203.530549,0,0,0,0,0,1,1,0,1
6203.531549,1,0,1,1,1,1,0,1,0
6208.075242,0,0,0,0,0,1,0,1,0
6210.445286,0,0,0,0,0,1,0,1,0
6216.445686,0,0,0,1,1,1,0,0,0
6220.471328,0,1,1,1,0,0,0,0,0
6228.422353,0,0,1,1,0,0,1,0,1
6231.163978,0,0,1,1,1,0,0,0,0
6233.047907,1,0,0,1,1,1,1,1,1
6241.763631,0,0,1,1,0,0,1,0,1
6248.782334,1,1,1,1,1,1,1,0,0
6255.159868,1,0,0,1,1,0,0,1,0
6258.160568,0,0,0,1,0,1,1,0,1
6260.661318,1,0,0,1,0,1,1,1,0
6266.459491,1,1,0,0,1,0,0,1,0
6268.590278,1,1,1,0,1,0,1,0,0
6276.535689,1,1,0,0,0,0,0,1,1
6277.975939,0,0,0,0,1,1,0,0,0
6283.606628,1,1,0,1,0,0,1,0,0
6288.115374,1,1,1,0,1,1,1,0,0
6292.820306,0,0,1,1,1,1,0,1,0
6299.885565,0,0,1,1,0,1,1,0,0
6308.996765,0,1,0,1,0,1,0,0,0
6309.489807,0,0,1,0,0,0,1,0,1
6315.211389,1,1,1,0,0,1,1,1,1
6316.731993,0,0,1,1,1,1,0,1,1
6319.872214,0,0,0,0,1,0,0,1,0
6328.965328,0,1,1,1,0,1,1,1,0
6333.227584,1,1,1,0,1,0,1,0,0
6336.241982,0,1,1,0,0,0,1,0,1
6343.980303,1,1,0,0,1,1,0,1,1
6350.549684,1,0,0,1,1,0,1,1,0
6357.321224,0,1,0,1,0,1,0,0,1
6360.477727,1,0,1,0,1,0,0,0,1
6361.597037,1,0,1,0,1,0,1,1,1
6367.158705,1,1,1,1,0,1,1,0,1
6375.463959,0,1,0,0,1,1,0,1,1
6382.263221,1,0,0,1,0,1,0,1,1
6385.818553,0,1,0,1,1,0,0,0,0
6387.644101,0,0,0,1,0,1,0,0,0
6390.188706,1,1,0,1,1,0,0,1,0
6399.727379,1,0,1,0,0,0,0,0,0
6403.130685,0,1,1,0,1,0,1,0,1
6410.066475,1,0,0,0,1,0,1,0,0
6414.579785,1,0,1,0,0,0,0,0,1
6423.005139,0,0,1,0,1,0,0,0,0
6426.720054,1,1,0,0,0,1,1,1,1
6428.165150,0,1,1,0,1,1,0,1,1
6433.620150,1,0,1,0,1,0,0,0,1
6436.256266,0,0,0,0,0,0,1,1,0
6442.960197,1,1,1,0,1,1,1,0,0
6446.607241,1,1,1,0,1,0,0,0,0
6451.568985,1,0,1,0,1,1,0,1,0
6457.541394,1,0,1,0,0,1,1,0,0
6462.395710,0,0,0,1,1,0,1,1,0
6462.396710,0,0,1,1,0,1,1,1,1
6470.464750,1,1,0,0,0,0,0,1,1
6474.094526,0,1,1,0,0,1,1,0,0
6474.095526,0,0,0,0,1,0,1,1,1
6475.933077,1,1,0,0,0,1,0,1,0
6476.877379,1,0,0,1,1,1,1,1,1
6477.082904,1,0,0,1,1,0,0,0,0
6485.969271,0,1,0,1,1,1,1,0,1
6495.060271,0,0,0,0,0,1,1,0,0
6503.064672,0,1,0,1,0,1,0,0,1
6503.897075,1,0,0,1,1,0,0,0,1
6511.369855,1,0,1,1,0,0,1,1,0
6517.022464,0,0,0,1,0,0,0,0,0
6519.697326,1,0,0,0,1,0,0,0,1
6526.272668,1,1,0,1,0,1,1,0,0
6531.833278,1,1,0,0,1,1,1,0,0
6537.422945,1,0,0,0,0,0,1,1,0
6544.811417,1,1,0,1,0,0,0,1,1
6548.700917,0,0,1,0,0,0,0,1,0
6552.230976,1,1,0,0,0,1,0,1,1
6558.512212,0,0,1,1,1,0,1,0,0
6561.790396,1,1,1,1,0,1,0,1,1
6566.327980,0,0,0,0,0,0,0,1,1
6574.937141,1,1,0,1,0,0,1,1,1
6578.847900,1,0,0,0,1,0,0,0,1
6583.569806,1,1,1,1,0,1,1,1,1
6591.562838,0,0,1,0,0,1,0,0,0
6601.187876,0,0,0,0,1,1,0,1,0
6604.602475,1,1,0,1,0,1,1,0,1
6613.000903,0,0,0,1,1,0,0,0,1
6622.723153,1,1,1,0,1,0,0,1,0
6628.921713,0,1,0,1,0,0,0,0,1
6632.665655,1,1,1,1,0,1,0,1,1
6635.529804,1,0,1,0,1,0,1,0,0
6641.055462,1,1,0,0,1,0,0,1,0
6647.795876,0,1,1,1,1,0,0,0,1
6655.906031,0,0,0,0,1,0,1,0,0
6664.036470,0,0,1,1,1,1,1,0,0
6673.782123,1,1,1,1,1,1,0,0,1
6676.308912,0,1,1,0,0,1,1,0,1
6684.942142,0,0,1,1,1,0,0,0,1
6689.375689,1,1,1,1,0,1,0,0,1
6690.683979,1,1,0,0,1,1,0,0,0
6698.277969,1,0,0,1,0,0,0,0,1
6700.775567,0,1,1,0,0,1,0,0,0
6702.145478,0,1,1,1,0,0,0,0,0
6702.979728,0,1,0,0,0,0,1,1,0
6705.216401,1,0,0,1,1,1,1,0,1
6709.861607,1,0,0,0,0,1,0,1,1
6717.486845,1,1,1,0,1,1,0,1,0
6724.364551,1,1,1,0,1,1,1,0,0
6728.933622,0,1,1,1,0,0,1,0,0
6735.383682,0,1,1,0,0,1,1,1,1
6745.144315,1,0,0,1,0,1,0,0,0
6755.060407,1,1,1,0,0,0,0,0,0
6759.356558,1,0,1,0,1,1,1,0,1
6761.660821,0,1,0,1,0,0,0,0,1
6764.413707,1,0,0,1,0,1,1,0,0
6773.259976,1,1,1,0,0,0,0,1,0
6783.040218,1,0,0,0,1,1,0,0,0
6791.304543,0,1,1,0,0,0,0,0,0
6794.023294,0,0,0,1,0,0,1,0,1
6795.724804,0,0,1,0,1,1,1,1,1
6795.725804,1,1,0,0,0,0,1,0,1
6802.791735,1,0,0,1,1,1,0,0,1
6810.192252,0,1,0,1,0,0,1,1,1
6819.531768,1,1,0,0,1,1,1,1,1
6819.953658,0,0,1,0,0,1,0,0,0
6822.754378,1,1,1,1,1,1,1,0,1
6825.603578,0,0,1,0,1,1,0,1,1
6832.015775,1,0,1,0,0,0,1,0,1
6837.127375,0,0,1,0,0,1,0,0,0
6841.715931,1,0,1,0,1,0,0,0,0
6845.686571,0,1,1,0,1,1,1,1,1
6855.271028,1,0,0,1,0,0,1,0,1
6860.743584,0,0,1,0,0,1,1,0,1
6870.455843,1,0,0,1,1,1,1,0,0
6871.921750,0,1,1,0,0,1,0,1,1
6877.267043,1,1,0,1,1,1,0,0,1
6879.877952,0,0,0,1,0,1,1,1,0
6888.734155,0,1,0,1,0,0,1,1,1
6897.299872,1,0,0,1,0,1,1,0,0
6897.848763,0,0,1,1,1,0,1,1,0
6905.182363,0,0,1,1,0,0,0,0,1
6909.851770,1,1,0,1,0,1,1,1,1
6917.528059,0,0,0,1,1,0,0,1,0
6921.734987,1,1,0,0,1,1,0,1,1
6926.723724,1,1,1,0,1,1,1,1,1
6928.668974,0,0,1,0,1,1,0,1,1
6930.373839,1,0,0,1,0,1,1,0,0
6939.928339,1,0,0,0,0,1,0,0,0
6946.346322,1,0,1,0,1,0,0,1,0
6949.852659,0,1,0,1,1,1,0,1,0
6951.988149,1,0,1,1,1,0,0,1,0
6957.689113,1,1,0,0,1,1,0,0,1
6963.662770,1,1,1,0,0,1,0,1,1
6967.367103,0,0,1,1,0,1,0,0,0
6968.523051,1,1,1,0,1,0,1,0,0
6975.994568,1,1,0,1,1,0,0,1,0
6977.844123,0,0,0,0,1,1,0,0,0
6979.370945,0,0,1,0,0,1,1,0,1
6983.569477,0,1,0,1,0,1,1,0,0
6989.088793,1,0,1,1,1,1,1,0,1
6991.311793,1,0,1,1,1,0,1,0,0
6999.444834,1,0,1,1,1,0,1,1,1
6999.474733,1,0,0,1,1,1,0,1,0
7008.279884,0,0,1,0,0,1,1,0,0
7015.247301,0,1,1,1,1,1,1,0,1
7022.138071,0,1,0,1,0,0,1,1,0
7023.529525,0,0,0,1,0,1,1,0,0
7032.259811,0,1,0,0,1,1,0,1,0
7035.035762,0,0,1,1,0,1,0,1,1
7044.300204,1,1,1,1,1,1,0,0,0
7045.729632,1,1,0,0,1,0,0,0,1
7050.313507,1,0,1,1,0,0,0,0,1
7059.566456,0,0,1,1,1,1,1,1,1
7060.623688,0,0,0,0,0,0,1,1,0
7068.374974,0,0,1,0,0,0,1,0,0
7074.375374,0,1,1,1,0,1,0,0,1
7080.734840,1,0,0,0,1,1,0,0,1
7088.323577,0,0,0,1,1,1,1,1,1
7096.218524,1,0,0,0,0,0,1,1,1
7101.651080,0,0,1,1,0,1,1,0,0
7104.421034,1,0,1,1,0,0,0,1,1
7110.276427,0,1,0,0,0,1,0,1,0
7117.968965,0,1,0,1,0,1,0,0,1
7121.432762,1,1,1,0,0,1,0,0,1
7125.640461,1,0,0,0,0,0,1,0,0
7126.324050,0,0,1,1,0,1,0,0,0
7127.918640,0,0,0,0,0,0,0,1,1
7128.421262,1,1,0,0,0,1,1,0,0
7137.382405,0,1,1,0,1,0,1,0,0
7138.789514,0,1,0,0,0,1,1,0,1
7139.669161,0,0,0,0,0,0,1,1,0
7139.828875,1,1,1,0,0,1,1,1,1
7141.733300,0,0,0,0,1,0,1,1,0
7148.384725,1,1,0,0,0,1,1,1,1
7157.159622,1,0,1,0,0,1,1,1,0
7164.638384,0,0,1,0,1,1,1,1,1
7167.454352,1,0,0,1,1,1,1,0,0
7173.905724,0,1,1,0,0,0,0,1,1
7182.326934,1,0,0,0,1,0,0,1,0
7188.983420,0,1,1,0,1,0,1,0,1
7194.774439,1,0,0,1,0,1,1,1,0
7197.067629,0,1,1,1,0,0,0,1,1
7199.554361,1,0,1,0,0,0,0,1,0
7207.654099,0,0,1,0,1,0,0,0,0
7210.023283,0,1,1,1,1,1,1,0,1
7215.023783,1,0,0,1,1,0,0,0,0
7220.449772,0,0,0,1,0,1,1,0,1
7227.385563,1,0,1,1,0,1,0,1,1
7232.750610,0,0,0,0,0,1,1,1,0
7237.923506,1,1,0,1,0,0,0,1,0
7243.526356,1,0,0,1,0,1,1,0,0
7250.186397,0,1,0,1,0,0,0,0,0
7257.788263,1,0,0,1,1,0,1,0,1
7265.619630,1,1,1,1,0,1,0,1,0
7272.231539,1,0,1,1,1,0,1,1,1
7280.907630,0,1,0,0,1,0,0,0,0
7290.096023,1,0,1,0,0,0,0,0,0
7299.900415,0,0,1,0,1,1,0,0,1
7307.380091,0,1,1,1,0,1,1,1,1
7311.751515,1,1,1,0,0,0,0,1,0
7313.210372,1,0,0,0,0,1,1,0,1
7322.065112,0,0,0,1,1,1,0,1,0
7327.884928,1,0,0,1,1,0,0,1,0
7337.304834,0,1,0,0,1,1,1,1,1
7345.592042,0,0,1,0,0,0,1,1,1
7347.286421,0,0,0,1,0,1,0,0,1
7349.582646,1,0,1,0,0,1,0,0,1
7351.060134,1,0,1,0,0,1,0,0,1
7352.853407,0,0,1,0,1,1,0,0,1
7362.068602,1,1,0,1,1,0,0,1,1
7362.368080,1,0,0,0,0,0,0,1,0
7363.940351,1,0,0,0,1,1,0,0,1
7365.683601,0,0,0,1,1,1,1,0,1
7370.516912,1,0,1,0,1,0,1,0,1
7370.763663,1,0,1,1,0,1,0,0,0
7376.828573,0,1,1,1,0,0,0,1,0
7382.564293,0,1,1,1,1,0,1,0,0
7392.493462,0,0,0,1,0,1,1,1,0
7397.835995,0,1,0,1,1,0,0,1,1
7399.374155,0,0,1,0,1,1,0,1,0
7405.449313,0,1,0,0,1,1,1,0,0
7407.871946,0,1,0,0,0,1,1,0,0
7411.486292,1,1,0,0,0,1,0,0,0
7415.846975,1,1,1,1,0,1,1,0,1
7417.063043,0,1,0,0,1,1,0,1,0
7425.249001,0,0,1,1,0,0,0,0,1
7432.496375,1,1,1,0,0,0,0,0,0
7437.993121,1,0,0,0,1,0,0,1,0
7439.338525,1,1,0,0,1,1,0,1,0
7444.894525,0,1,0,0,1,1,0,0,1
7450.871938,1,1,1,1,1,0,0,0,0
7456.346618,0,0,0,1,1,0,1,0,0
7459.602870,1,0,0,0,1,0,0,1,1
7465.521646,0,0,0,1,1,0,1,1,1
7468.789890,1,0,0,0,1,1,1,0,1
7476.469680,1,0,1,0,0,0,1,1,0
7480.732549,1,1,1,1,0,1,1,0,0
7486.521084,1,1,1,1,0,1,1,0,0
7486.895673,0,0,0,1,1,0,1,1,1
7495.439936,0,0,1,1,1,1,0,0,0
7496.943133,0,1,1,0,0,1,1,0,1
7504.483880,1,0,1,0,1,1,0,0,1
7509.662598,1,0,0,0,0,1,1,0,1
7513.241440,0,0,1,0,1,0,0,1,1
7521.374960,0,0,0,1,0,1,1,0,0
7523.683421,0,1,1,0,0,1,0,1,0
7528.432484,1,1,0,1,0,0,1,0,0
7532.460859,0,0,0,1,1,1,1,0,1
7541.586461,0,1,0,0,0,1,1,1,0
7542.301675,0,1,0,1,1,0,1,1,1
7546.994514,0,0,0,1,0,1,0,1,0
7548.166283,0,1,0,0,0,0,0,1,0
7552.874983,0,0,0,0,1,1,1,0,1
7557.095935,1,0,1,1,1,1,1,0,1
7566.538140,0,0,1,1,1,1,1,0,1
7573.739377,0,0,0,1,0,1,0,1,0
7576.477464,0,0,1,0,1,0,0,1,1
7580.379993,0,1,0,0,0,0,1,0,1
7581.835393,0,0,0,0,0,0,1,0,0
7589.397964,0,0,1,0,1,1,0,1,0
7593.553009,0,0,0,0,1,0,1,1,0
7600.940658,0,1,1,0,1,1,1,0,1
7601.892018,0,0,1,0,0,0,0,1,0
7605.522438,1,0,1,1,1,0,0,0,1
7611.777147,1,0,1,0,1,0,1,1,0
7612.063380,1,0,0,1,0,1,0,1,1
7613.378118,0,1,1,0,1,1,0,1,0
7614.490118,1,0,1,0,1,1,0,0,1
7620.796220,0,1,1,1,0,0,1,1,0
7624.674383,1,1,0,1,1,0,0,0,0
7629.674883,0,1,1,1,1,0,0,1,1
7637.459069,0,0,1,1,0,1,1,0,0
7643.753486,1,0,0,1,0,0,0,0,0
7644.472236,0,0,0,0,0,1,1,1,1
7653.708192,0,0,0,1,1,0,1,0,0
7657.415488,0,0,1,1,0,0,1,0,1
7660.814586,0,0,1,0,0,0,1,0,0
7668.693586,1,1,1,0,1,1,0,0,0
7674.946486,0,1,0,0,0,1,1,1,0
7679.946986,1,1,1,1,0,1,0,1,0
7689.906667,1,1,0,1,0,0,1,0,0
7690.300485,0,0,0,1,1,1,1,1,1
7698.019160,1,1,1,1,0,0,0,1,0
7704.761421,0,1,1,1,1,1,0,0,1
7714.529784,1,1,0,1,1,1,0,1,0
7716.983622,1,1,1,0,1,1,1,1,0
7724.627398,1,0,1,0,0,0,1,1,1
7730.683570,0,1,1,0,1,1,0,0,0
7740.545079,1,0,1,1,1,0,0,1,1
7741.042410,1,1,0,0,1,1,1,1,1
7741.193998,1,1,1,1,0,0,0,1,1
7746.635630,1,1,1,1,0,1,1,1,0
7748.883880,0,1,1,0,1,1,0,1,1
7750.926561,0,1,1,1,1,1,0,0,0
7759.884112,0,1,0,0,0,0,0,1,1
7761.703112,0,1,1,1,1,1,0,0,1
7771.193954,1,1,0,1,1,0,0,1,1
7776.194454,0,0,1,1,1,1,1,0,1
7780.015296,0,0,0,0,1,1,1,1,0
7786.938681,0,1,0,0,0,1,0,1,1
7792.663746,1,0,1,0,1,0,0,1,0
7800.701917,0,1,1,0,1,1,0,1,0
7802.947590,0,1,0,0,0,1,0,0,1
7808.687661,1,1,1,0,0,0,1,0,0
7817.619586,1,0,0,0,0,0,1,1,0
7824.621961,1,0,1,1,0,1,0,0,0
7826.663116,0,1,1,0,1,1,0,1,0
7836.387108,1,0,0,1,1,0,0,0,0
7836.526556,0,0,0,1,0,0,0,0,0
7843.588074,0,0,0,1,0,1,0,1,0
7850.659796,0,1,1,1,0,0,1,0,1
7852.775969,1,0,1,0,0,1,1,1,1
7856.354593,0,0,0,0,0,0,0,0,1
7866.116521,1,1,1,1,0,1,0,1,1
7867.844621,1,0,1,0,0,1,1,1,0
7870.109105,0,0,0,0,1,1,0,1,1
7870.372088,1,0,0,0,1,0,0,1,0
7872.625115,0,0,1,1,1,0,1,1,1
7880.791296,0,1,1,1,1,0,1,1,1
7885.442254,0,1,0,0,0,0,0,0,0
7886.039686,0,1,1,1,0,1,0,0,0
7888.428507,0,1,0,0,1,0,0,1,1
7891.920067,0,1,1,0,0,0,1,1,1
7895.753126,0,0,1,1,1,1,1,1,1
7896.706411,1,0,0,1,1,1,1,1,1
7904.862624,1,1,1,1,0,1,0,1,1
7913.878107,1,1,1,1,1,0,0,0,1
7917.538986,1,0,1,1,0,0,0,1,1
7926.650186,0,0,1,0,0,0,1,0,1
7932.212557,1,1,0,1,0,0,1,1,1
7932.741715,1,0,0,1,1,1,1,0,1
7936.669448,1,0,0,0,0,1,0,0,0
7940.098135,0,1,1,1,1,0,1,0,1
7942.537455,0,0,1,1,1,1,0,0,1
7951.267741,1,1,1,0,0,1,0,0,0
7960.048350,1,1,0,1,1,1,0,1,1
7966.035418,0,0,0,1,0,0,0,1,0
7966.457088,1,1,0,0,1,1,0,1,0
7967.659086,0,1,0,0,0,1,1,0,1
7969.730884,1,1,1,0,0,1,1,1,1
7978.569121,0,1,1,0,1,0,0,1,0
7982.048034,0,0,0,0,0,0,0,1,1
7991.675730,1,0,1,1,1,0,0,0,1
8000.633844,0,0,0,1,0,0,0,1,1
8010.355687,1,0,0,1,1,1,0,1,1
8018.837621,1,1,0,1,0,1,1,1,0
8022.324758,1,0,1,0,0,1,1,1,1
8022.437747,0,0,0,1,0,1,1,0,0
8029.985401,0,0,0,0,1,0,0,0,0
8038.027925,0,1,1,1,0,0,0,0,0
8038.991717,1,0,1,1,1,0,0,0,1
8045.218829,0,1,1,1,1,1,0,1,1
8054.408099,0,0,0,1,1,0,0,1,0
8062.408299,0,0,0,0,0,0,1,1,0
8064.576265,1,0,0,1,1,0,1,1,0
8069.009811,1,0,0,1,0,1,1,0,0
8070.858728,1,0,0,1,0,1,0,1,0
8070.859728,0,0,0,1,0,0,0,0,0
8076.729188,1,1,0,1,0,1,1,0,0
8077.866206,0,0,0,0,0,0,0,0,1
8082.548819,1,0,1,1,0,1,0,0,0
8092.100588,1,1,1,1,1,1,0,1,1
8101.470278,0,1,1,0,1,0,0,0,1
8106.948991,0,1,0,0,0,0,0,1,0
8115.137092,1,0,1,1,0,1,1,0,1
8116.005435,0,1,0,1,0,1,1,1,1
8125.749707,0,1,1,0,1,0,1,1,0
8129.621287,1,1,0,1,0,1,0,0,0
8137.674114,0,1,1,1,1,1,0,1,0
8145.594995,1,0,1,1,0,0,0,0,0
8146.212555,1,1,0,1,0,1,1,1,1
8148.739993,1,0,0,1,0,1,0,1,1
8153.786025,1,0,0,0,1,0,1,0,0
8158.394408,0,1,1,1,1,1,1,1,0
8164.695798,1,0,0,1,0,1,1,0,0
8165.163722,1,0,1,1,0,1,1,1,1
8171.554887,0,0,1,1,1,1,0,1,0
8177.320674,1,1,0,1,1,1,0,1,0
8180.553674,0,1,0,0,0,0,0,0,1
8183.772743,1,0,0,0,0,1,0,0,0
8185.743243,0,0,1,1,1,0,1,0,1
8189.522601,0,0,1,1,0,0,0,1,0
8193.535175,1,0,1,0,1,1,0,0,1
8202.820961,0,0,0,0,1,0,0,1,0
8211.805678,1,0,1,0,0,0,1,0,0
8213.203434,1,1,0,1,1,1,0,0,0
8214.461065,1,0,0,1,1,0,1,1,0
8216.955792,0,1,1,0,0,0,0,0,0
8225.283003,0,0,1,0,1,1,1,1,1
8233.397794,0,0,1,0,0,0,1,0,0
8239.761794,0,1,0,0,1,0,1,1,0
8248.707212,0,1,0,1,1,0,0,0,1
8252.128923,1,1,0,1,1,0,1,1,0
8253.635035,1,1,0,0,1,1,1,0,0
8263.437524,1,0,0,1,0,1,1,1,1
8272.038700,1,0,0,1,0,1,0,1,0
8280.851319,0,1,0,1,1,0,1,1,0
8282.481786,0,0,0,0,1,1,0,1,0
8284.193307,0,1,1,1,1,0,1,0,1
8291.466307,0,1,1,0,1,0,1,0,0
8292.059840,0,0,1,0,0,1,1,1,1
8293.670848,0,1,1,1,1,0,0,0,1
8295.796282,1,1,0,0,0,1,0,1,0
8303.796482,1,0,0,0,1,1,0,1,0
8307.891032,1,0,1,0,0,1,0,0,1
8314.329744,0,0,0,0,1,1,1,1,0
8322.202298,1,0,0,0,1,0,0,1,1
8331.346768,1,0,1,0,1,1,1,0,1
8333.737466,0,0,0,1,0,0,1,0,1
8337.299754,0,0,1,0,1,1,1,1,1
8340.896651,0,0,1,0,0,1,0,0,1
8349.423481,1,1,0,0,0,1,1,0,0
8358.514481,0,1,0,0,0,1,0,0,1
8367.696883,0,1,1,0,0,1,1,1,0
8370.969323,0,0,0,0,0,1,1,1,1
8370.994652,0,0,0,1,0,1,0,1,0
8379.563323,0,0,1,0,0,1,1,0,1
8382.679589,0,0,1,0,0,1,1,1,0
8391.666897,0,1,1,0,0,1,1,1,1
8395.861026,0,0,0,1,0,0,1,0,1
8405.673252,0,0,1,1,1,1,0,1,1
8413.737961,1,0,1,0,0,1,0,0,1
8419.823009,1,0,0,0,1,1,1,1,1
8428.156509,1,0,1,0,0,1,0,0,1
8435.413101,1,0,0,1,0,1,0,0,0
8437.256022,1,0,1,0,0,1,1,0,0
8442.885294,0,0,0,0,0,1,1,1,0
8443.641204,0,1,0,0,1,0,0,0,0
8451.967642,1,0,0,0,1,0,1,0,1
8453.355558,1,1,1,0,0,1,1,1,1
8453.670180,0,1,0,1,1,1,0,1,0
8454.312141,0,0,0,0,1,0,0,1,1
8455.866705,1,0,0,1,1,0,1,0,0
8456.773126,1,1,0,0,0,1,1,1,0
8463.406374,1,1,0,1,1,0,0,0,0
8468.590031,1,0,1,1,1,0,0,1,0
8470.480243,0,0,1,0,1,0,1,0,0
8479.007522,1,1,1,1,1,0,0,0,0
8481.186953,0,1,0,0,0,0,0,0,0
8483.038730,1,1,1,0,1,1,1,1,0
8491.248699,0,0,0,1,0,0,0,1,0
8499.915499,0,1,0,0,0,0,0,0,1
8503.555188,1,1,0,0,1,0,1,1,1
8508.239514,0,0,1,1,1,0,1,0,1
8511.945501,1,1,1,1,1,0,0,1,1
8516.918379,1,1,0,0,0,0,0,0,0
8519.686960,0,1,1,0,1,0,0,1,1
8519.969622,1,1,1,0,0,1,0,1,1
8527.698134,0,1,0,0,0,1,0,1,0
8535.938310,1,1,0,0,1,1,1,1,0
8543.226212,0,1,1,1,1,0,0,1,0
8552.821566,0,0,0,1,0,0,0,0,0
8556.370599,0,1,1,1,1,1,0,1,0
8563.307718,0,0,1,1,0,0,0,0,1
8570.395586,0,0,1,1,0,1,1,0,0
8572.001363,1,1,0,0,0,0,1,0,1
8578.092358,1,0,1,0,0,1,0,1,0
8585.465503,1,1,1,0,0,0,1,1,1
8588.546552,1,0,1,0,1,1,0,1,0
8596.105324,1,1,0,0,0,0,1,0,0
8600.595671,1,1,0,1,0,1,1,0,0
8609.197210,1,1,1,0,1,1,0,1,0
8613.428556,0,0,1,1,1,0,1,0,1
8619.666796,0,0,1,0,1,1,1,0,1
8625.011117,0,1,0,0,0,1,1,1,0
8631.952417,1,1,0,1,0,0,0,1,1
8637.670385,0,0,0,1,1,0,0,0,1
8640.857762,0,1,1,1,0,1,0,0,0
8647.428502,1,1,0,1,0,0,0,0,0
8649.945073,1,1,0,0,0,0,1,1,1
8657.879788,1,1,1,0,1,0,0,1,0
8658.944755,0,1,1,1,1,1,1,1,1
8663.096601,1,1,1,1,0,1,0,0,1
8668.709605,0,1,1,0,0,0,0,0,1
8674.312986,1,1,1,0,1,0,0,1,0
8674.972982,1,0,0,1,1,0,0,0,1
8678.060921,0,1,0,1,0,1,0,1,0
8679.686759,1,0,0,0,1,0,1,0,0
8686.270811,1,0,0,0,1,0,1,0,0
8689.265664,0,0,0,1,0,0,1,1,1
8694.080468,0,1,0,0,0,0,1,0,0
8700.619276,0,1,0,0,1,0,1,1,1
8706.065276,0,1,1,0,0,1,0,1,0
8708.104533,0,0,1,1,1,0,1,1,0
8713.797033,0,1,0,0,1,0,1,0,0
8716.553662,0,0,0,1,0,0,0,1,1
8721.108013,0,0,1,1,1,0,0,1,0
8728.691898,1,1,0,0,1,0,1,0,0
8737.580898,1,1,0,0,0,0,1,1,1
8742.806600,0,1,0,0,0,1,0,0,1
8747.335449,1,1,0,1,1,1,0,0,0
8753.033159,1,0,1,0,0,0,1,0,1
8753.463435,0,0,0,0,0,1,0,1,1
8757.996001,1,0,1,0,1,0,1,0,0
8758.176498,0,1,0,0,1,1,0,0,1
8758.885642,1,1,1,1,1,1,1,0,1
8760.306316,0,0,1,0,1,1,0,0,1
8762.958566,1,1,1,0,0,0,1,1,1
8767.454965,1,1,0,0,0,1,1,1,1
8769.700638,1,1,0,1,0,1,1,0,1
8770.087452,1,0,1,1,1,0,1,0,0
8777.959727,1,0,1,1,0,1,1,1,1
8785.033846,1,0,0,1,1,1,0,1,0
8785.538392,1,0,1,1,1,1,1,0,1
8794.777842,0,1,1,0,0,1,1,1,1
8803.272616,1,1,1,1,1,0,0,1,1
8811.532594,1,0,0,1,0,1,0,1,1
8814.961416,1,1,0,1,1,0,0,0,1
8824.329001,1,0,1,1,1,1,0,0,0
8829.010384,1,0,1,1,0,1,0,1,1
8838.410240,0,0,1,1,1,0,1,1,1
8845.198074,0,0,0,0,1,0,1,0,0
8849.950372,0,1,0,1,1,0,1,0,0
8853.667815,1,0,1,0,0,1,0,0,0
8854.511427,1,0,0,0,1,1,1,0,1
8863.887747,0,0,1,1,1,0,0,1,1
8868.888247,1,0,1,1,0,0,0,0,1
8875.603986,1,1,1,1,1,0,0,1,1
8878.962051,0,0,1,1,1,0,0,0,1
8886.670613,0,0,0,1,1,0,1,0,0
8893.244599,1,1,1,0,0,0,0,1,1
8899.620161,0,0,0,0,1,0,1,1,0
8902.583827,1,0,0,1,1,0,1,1,1
8910.688592,1,1,0,1,1,1,0,1,1
8912.476647,0,1,1,0,1,1,1,0,0
8920.005763,0,1,1,1,1,0,0,1,0
8923.006463,1,0,0,1,1,0,1,1,0
8924.488796,1,0,0,0,0,0,0,0,0
8925.725305,0,0,0,1,0,1,1,1,0
8930.497333,1,1,0,1,1,0,1,0,1
8940.047047,1,0,0,1,1,1,1,0,0
8947.250716,1,0,0,1,1,0,0,0,0
8948.479031,0,0,1,1,1,1,1,0,1
8956.661031,0,0,0,1,1,1,0,1,1
8963.181295,0,1,0,1,0,0,0,1,1
8967.392400,0,1,1,1,0,1,0,1,1
8968.439807,0,1,0,0,0,1,1,0,0
8970.532905,0,1,0,0,1,0,0,0,0
8979.068555,0,0,1,0,0,0,1,1,0
8985.099780,1,1,0,0,1,0,1,1,0
8985.935189,1,0,1,0,1,1,1,0,0
8989.830536,1,1,1,1,1,0,1,0,1
8990.540278,0,0,0,0,1,1,1,1,0
8993.540978,1,1,1,0,0,0,0,0,0
8995.593055,1,1,0,1,1,0,0,0,0
9001.578111,1,0,1,0,1,0,1,1,1
9008.292725,1,0,0,0,0,0,0,0,0
9008.693685,1,0,0,1,0,1,1,0,0
9017.297599,0,0,0,1,0,0,1,0,0
9018.670554,0,0,0,0,0,1,1,0,1
9026.943280,1,1,0,1,1,1,1,1,1
9033.307280,0,1,0,1,0,1,1,1,1
9039.436699,1,0,0,1,0,1,1,1,0
9048.822007,0,0,0,1,1,0,1,0,0
9048.949044,1,0,0,1,0,1,0,1,0
9054.019522,0,0,0,0,1,0,0,0,0
9062.356402,0,1,1,1,0,1,1,1,0
9062.660402,1,0,0,1,0,0,1,1,0
9062.852223,1,0,0,0,1,0,1,1,1
9063.360272,1,1,0,1,1,1,0,1,0
9067.548616,0,1,1,0,1,1,0,1,1
9069.120341,0,1,1,1,0,0,1,1,0
9069.508042,0,0,1,1,1,1,0,0,1
9071.991864,1,1,1,1,1,0,0,1,1
9073.262578,0,0,0,0,1,0,1,0,1
9083.054987,1,0,1,0,0,1,0,1,0
9090.685432,0,1,0,1,0,0,1,0,0
9097.571819,0,1,0,1,1,1,1,0,1
9105.973618,0,0,0,1,1,1,0,1,1
9110.537920,1,1,1,1,0,1,0,0,0
9118.653740,1,0,1,1,1,0,1,1,1
9121.489103,0,0,0,1,0,1,0,0,0
9127.889889,0,1,0,1,1,1,1,1,1
9132.706050,0,1,1,0,1,1,1,0,0
9139.634192,0,1,1,1,0,1,1,1,0
9143.000709,1,0,1,0,0,1,0,1,1
9147.140777,1,0,1,1,1,1,1,0,0
9152.237254,0,1,1,0,1,1,0,1,1
9153.388824,0,1,0,0,0,1,0,1,1
9154.399432,1,0,1,1,0,0,0,0,1
9162.463005,0,0,0,0,0,0,1,0,1
9168.836080,1,1,0,0,1,0,1,1,1
9171.333511,0,1,1,0,0,0,0,0,0
9171.653319,0,1,1,0,1,1,1,1,0
9181.515316,0,0,0,1,0,1,0,0,0
9185.395238,0,0,0,1,0,1,1,0,1
9192.975958,0,0,1,0,0,1,1,1,1
9200.983338,1,0,0,0,0,0,1,1,0
9206.505583,1,1,0,0,0,0,0,1,1
9209.360280,1,0,0,0,1,1,0,0,1
9214.109968,1,1,1,1,0,0,0,1,1
9214.557851,1,0,0,0,0,0,1,0,0
9223.486991,0,1,1,0,1,1,0,1,1
9227.212647,1,1,1,1,1,1,1,1,1
9230.807038,0,1,0,0,1,0,1,1,0
9233.200437,0,1,0,0,1,0,0,1,1
9237.072017,1,1,0,1,0,1,1,1,0
9237.073017,0,1,1,0,0,1,1,0,1
9245.057346,0,1,0,1,0,0,0,1,1
9250.066695,1,0,0,1,0,0,0,1,0
9254.712899,1,1,0,1,0,0,0,0,0
9263.308173,1,1,1,0,1,0,1,1,0
9270.392304,0,0,1,1,1,0,0,1,0
9274.267916,1,1,1,0,0,0,1,1,0
9274.912742,0,1,1,1,1,0,0,0,1
9275.636896,1,0,0,0,1,0,1,1,1
9280.092089,0,1,1,0,1,0,1,0,0
9287.798930,1,0,1,0,1,1,0,0,1
9292.703592,0,1,1,1,0,1,0,1,0
9295.267010,1,0,0,1,0,1,0,0,0
9298.216433,1,1,1,0,1,0,0,1,1
9301.161301,1,1,1,1,0,1,0,0,0
9302.330474,0,0,1,1,0,0,0,1,0
9306.913576,0,0,1,0,0,1,0,0,0
9307.292789,1,0,1,0,1,0,1,0,0
9312.266410,0,0,1,0,1,0,0,1,1
9313.555941,1,1,0,0,1,1,0,1,0
9315.622933,0,0,1,0,0,0,1,0,1
9316.781711,1,1,1,1,1,1,1,0,0
9325.954634,0,1,1,1,1,0,0,1,1
9332.250086,0,0,0,1,1,0,0,0,0
9338.445393,0,0,0,1,0,0,1,0,0
9341.427839,1,1,0,1,0,1,1,0,0
9342.100201,0,1,1,1,1,1,1,0,1
9344.687869,1,0,0,0,1,0,1,0,1
9348.898974,0,1,0,0,1,0,1,0,1
9356.699194,1,0,0,0,0,0,0,1,0
9363.525708,0,0,0,0,1,0,0,0,1
9368.922993,0,0,1,0,0,1,0,1,1
9373.038414,1,1,1,1,0,0,1,0,0
9375.996108,1,1,0,1,0,0,1,0,1
9379.933366,0,0,1,0,1,1,0,0,0
9382.310197,1,1,1,1,0,0,1,0,1
9382.499148,0,0,0,0,1,1,0,1,1
9386.761146,1,1,1,1,0,1,1,0,1
9388.159065,0,0,0,0,1,1,0,1,1
9397.136440,0,0,1,0,1,1,0,1,1
9406.980854,0,0,0,0,0,1,0,1,1
9413.064331,1,0,1,0,1,1,1,0,1
9415.404429,1,1,1,0,1,1,1,1,0
9415.865909,1,0,0,0,1,0,1,1,1
9423.148448,1,0,0,0,1,0,1,0,0
9427.031047,1,0,0,1,1,0,1,1,0
9430.425993,0,1,1,0,0,0,0,1,0
9434.691273,1,1,0,1,0,1,1,1,1
9434.943925,1,0,1,1,0,0,0,1,0
9437.502809,0,0,0,0,0,0,0,1,1
9447.107592,1,1,0,1,0,1,1,0,1
9450.029648,0,1,1,0,0,0,1,1,1
9450.417706,1,0,1,1,1,0,1,1,0
9454.578182,1,0,1,1,1,0,1,0,0
9457.162346,0,0,1,0,1,1,1,1,0
9461.752440,1,1,1,1,0,1,0,1,1
9467.835781,0,1,1,1,0,0,1,1,0
9469.045326,0,1,0,1,0,1,1,1,0
9478.352874,0,1,1,0,0,1,0,0,0
9484.658750,0,0,1,0,1,1,1,0,1
9488.254896,1,0,1,0,0,1,1,0,0
9492.453007,0,1,1,1,1,0,1,1,0
9494.601031,1,0,1,1,0,0,1,0,0
9503.194137,1,0,1,1,0,0,1,1,0
9503.289467,1,1,1,0,1,0,0,0,1
9503.825820,1,0,1,0,0,0,0,1,0
9507.878612,1,0,0,0,1,0,0,1,0
9513.629037,0,0,0,1,0,0,1,0,0
9521.559905,0,1,0,1,0,0,0,1,0
9521.834850,1,0,0,1,0,1,0,1,0
9521.835850,1,0,0,1,0,0,0,0,1
9522.145870,0,1,0,0,1,1,1,0,0
9529.960903,1,0,1,1,0,1,0,1,1
9535.808043,1,0,0,0,0,0,1,0,1
9537.699265,0,1,1,0,1,1,1,1,0
9543.380931,1,0,0,1,1,0,1,0,1
9546.501619,0,1,1,1,0,1,0,1,1
9556.105282,0,0,0,1,1,0,1,1,0
9562.723268,1,0,0,1,0,0,0,0,1
9572.399639,1,0,1,0,1,0,0,0,1
9581.963953,1,0,1,1,1,1,1,1,1
9587.242203,1,1,1,0,1,0,1,0,0
9588.739441,0,1,1,1,1,0,0,1,0
9589.707423,0,0,0,0,1,0,0,0,0
9596.943880,0,0,0,0,0,1,1,1,0
9602.950440,1,0,0,0,0,1,1,0,1
9609.264977,1,1,1,0,0,1,0,1,1
9615.943087,0,1,0,0,0,1,0,0,0
9616.196587,0,0,1,0,0,1,0,1,0
9621.697587,0,0,1,0,1,1,0,1,0
9629.990440,1,0,0,1,1,1,0,0,1
9632.434292,1,0,0,0,1,1,1,1,1
9637.105312,1,1,0,1,1,0,0,1,0
9640.707847,1,1,1,0,1,1,0,0,1
9647.026958,0,1,1,0,1,1,0,1,0
9656.272317,1,0,1,0,0,0,1,0,0
9662.500764,0,0,1,1,0,0,0,1,1
9665.950695,1,0,0,1,1,1,0,0,1
9668.180043,0,0,0,0,0,1,1,1,1
9677.923384,1,1,0,0,1,1,1,0,0
9681.756337,1,1,0,1,1,0,0,0,1
9681.879524,0,1,1,0,0,1,1,1,0
9685.435460,1,0,1,1,1,0,0,0,1
9687.563907,0,0,0,1,0,0,1,0,1
9692.364427,1,1,0,1,1,1,1,1,0
9695.293062,0,1,0,0,0,1,0,0,1
9696.207676,1,1,0,1,1,0,0,1,1
9697.888615,0,0,1,1,1,0,1,0,1
9706.509443,1,1,1,0,0,0,0,0,1
9711.989825,1,1,0,1,0,0,0,1,0
9717.694480,0,0,0,1,0,0,0,1,0
9727.311243,1,1,0,0,0,0,1,1,1
9733.039826,0,1,1,1,1,0,0,0,1
9741.332076,0,0,1,0,0,1,1,1,0
9742.825982,1,1,0,0,0,0,1,1,1
9750.432085,1,0,0,0,1,0,1,0,0
9754.014287,0,0,0,1,1,0,1,1,0
9755.378787,1,0,1,1,0,1,1,1,1
9762.686748,1,0,1,1,1,0,0,0,0
9763.843702,1,1,1,0,1,1,1,1,1
9769.350645,0,1,1,1,1,1,1,0,0
9776.160645,1,0,1,0,0,0,0,0,1
9783.022178,1,1,1,0,0,0,1,0,1
9786.475077,0,0,0,0,1,0,0,0,1
9796.423268,0,1,0,1,0,0,0,1,1
9800.803996,0,1,0,1,1,0,0,0,0
9808.381878,0,0,1,1,0,0,0,1,1
9810.447568,0,0,1,0,1,1,1,1,0
9814.733854,0,1,1,1,1,0,0,1,1
9824.239279,0,0,0,0,1,0,1,1,1
9824.525965,1,1,1,1,1,1,0,1,0
9831.526265,1,0,1,0,0,1,1,1,1
9839.826211,0,0,1,1,0,0,1,1,0
9839.827211,1,1,1,0,1,1,1,0,0
9845.723144,1,0,1,0,1,0,1,1,1
9849.454108,0,0,0,0,1,0,0,1,1
9859.130400,1,0,0,1,0,0,0,0,0
9866.138573,0,0,0,1,1,1,0,0,0
9868.164687,1,0,1,1,0,0,1,1,0
9874.175448,1,1,1,1,0,0,0,1,0
9876.588998,0,1,1,1,1,0,0,1,0
9883.438628,0,0,0,0,1,0,0,1,1
9884.520601,0,1,1,0,0,0,1,0,0
9894.305238,0,1,0,0,1,1,0,0,0
9897.173208,0,0,0,0,1,1,1,0,0
9905.209934,0,1,1,1,0,0,0,1,1
9907.635299,0,0,0,0,1,1,1,1,0
9912.235143,0,1,1,0,0,1,0,0,1
9917.511206,1,0,0,0,1,0,1,1,0
9921.717667,1,1,0,0,1,0,0,0,1
9925.884917,0,1,0,1,0,1,0,1,1
9928.299469,0,1,0,1,1,0,0,1,1
9930.280304,1,1,1,0,1,1,1,1,0
9933.698229,0,0,1,0,0,0,1,1,0
9933.857664,0,0,0,1,0,0,0,0,1
9936.380025,0,1,1,0,0,1,0,0,0
9937.299852,1,0,0,1,1,0,1,0,1
9938.818727,1,1,1,1,1,0,0,1,0
9942.473208,1,1,0,1,1,1,1,0,0
9952.229330,1,1,1,1,0,1,0,1,0
9958.849386,1,1,1,0,1,0,0,1,1
9965.123217,1,1,0,0,1,1,1,0,0
9972.435314,1,0,0,0,1,1,0,1,0
9979.935564,0,1,0,1,1,1,1,1,0
9987.921060,0,0,0,1,0,0,1,0,0
9989.064802,0,0,1,0,0,0,1,0,0
9991.725635,0,1,0,1,0,0,1,0,0
9992.602123,1,0,0,1,1,0,0,1,1
9995.562827,1,0,1,0,1,1,0,1,0
