t,finish1,finish2,finish3,release1,release2,release3,start1,start2,start3
2.859025,1,0,1,1,1,1,1,1,1
3.526625,1,0,1,1,1,1,1,1,1
6.754253,0,0,1,0,0,1,0,0,1
11.388936,1,0,0,1,0,0,1,0,0
12.723136,0,1,1,1,1,1,0,1,1
13.593614,1,0,1,1,1,1,1,0,1
17.981592,1,1,0,1,1,1,1,1,1
24.909610,0,1,0,0,0,0,0,1,0
32.381647,0,1,1,1,0,0,0,0,0
33.294320,0,0,0,1,0,1,1,0,1
39.792725,1,1,0,0,1,1,0,1,0
44.454184,1,0,1,1,1,0,1,1,0
51.121184,1,1,0,1,0,1,1,0,1
60.129066,0,0,1,1,0,0,0,0,0
65.272409,1,1,0,1,1,0,1,1,0
73.185661,0,1,0,0,1,1,0,1,0
82.131549,0,0,0,0,0,0,0,0,1
84.217334,0,0,1,1,0,0,1,0,1
94.032167,1,1,0,1,0,0,0,0,0
95.622904,0,0,1,1,1,0,1,1,0
102.470415,1,1,0,1,1,0,0,0,0
104.595745,1,1,0,1,1,0,1,1,0
113.532021,0,0,1,0,0,1,1,0,1
119.297370,0,1,0,1,0,1,1,1,0
126.074735,1,0,1,1,0,1,0,0,1
132.380447,0,0,0,1,1,0,1,1,0
134.642528,0,0,1,1,0,0,0,0,1
142.724115,1,1,0,0,0,1,1,0,1
147.397423,0,0,0,0,1,0,1,1,0
154.540566,1,1,0,1,1,0,1,0,0
160.741662,1,0,1,1,1,0,0,1,0
161.445133,0,0,0,0,0,1,1,1,1
169.399883,0,1,1,0,0,0,0,0,0
173.400483,1,0,1,1,1,1,1,1,1
174.555214,1,1,0,1,1,1,0,0,1
175.111714,0,1,1,1,0,1,0,1,0
179.062319,1,0,0,0,0,0,0,0,1
181.108203,1,0,1,1,1,1,1,0,1
187.877234,0,0,0,1,1,1,1,0,0
190.323404,1,0,0,1,0,1,0,0,0
196.447645,1,0,0,0,1,1,1,1,1
203.204001,0,1,1,0,0,1,0,1,1
209.119529,0,0,0,0,1,1,0,1,0
214.262872,0,1,1,0,0,0,0,0,1
214.476617,1,1,1,1,0,1,0,1,1
214.593884,0,0,1,0,1,1,0,1,1
216.746568,0,0,1,1,0,1,0,0,0
216.901398,1,1,1,0,1,1,1,1,0
220.380311,0,1,1,0,0,1,1,0,1
230.009978,1,1,1,0,0,1,1,0,1
234.360676,1,1,0,1,0,1,1,0,0
234.446774,0,0,1,1,0,0,0,0,1
234.928075,0,0,0,1,1,0,1,0,0
238.333642,1,1,0,1,1,0,0,1,1
245.797453,0,0,0,0,1,0,1,0,0
250.735792,0,1,0,0,0,0,0,1,0
254.458642,0,0,0,1,0,0,1,1,1
263.065483,1,1,0,0,0,0,1,0,0
264.763065,0,1,1,0,1,0,1,1,0
265.264015,1,0,1,0,0,0,0,0,1
267.200305,1,0,1,1,0,1,0,0,0
271.658288,0,1,1,1,1,0,0,1,1
271.711366,1,0,1,1,0,0,0,0,1
272.330966,1,0,0,0,1,1,1,1,0
273.606348,0,0,0,1,1,0,1,1,1
280.989787,0,1,0,0,1,0,1,0,0
285.181985,1,1,0,1,1,1,1,1,1
288.332601,1,1,1,1,0,0,1,0,0
290.906515,1,0,1,0,1,1,0,0,1
295.047853,0,0,1,1,0,0,0,0,0
297.203520,1,0,0,1,0,1,1,0,1
305.058963,1,1,1,1,1,1,0,1,1
310.477923,0,1,0,0,0,0,1,1,0
317.014582,0,0,1,1,0,0,1,0,0
326.944903,1,0,0,1,0,0,1,0,0
335.748441,1,0,0,1,1,1,0,0,0
335.837928,1,0,0,1,1,1,1,1,0
339.814908,0,0,0,1,0,1,1,0,1
342.125069,1,0,0,1,1,1,1,0,0
346.849523,1,1,0,1,1,0,0,1,0
353.402380,0,1,0,0,0,0,0,1,1
354.467103,0,1,1,0,0,0,1,0,1
361.750184,0,0,1,1,0,0,1,1,0
370.347886,0,1,0,1,0,0,0,0,0
378.935813,1,0,0,0,0,1,0,0,1
387.177902,0,0,1,0,1,1,0,0,1
393.531208,0,0,1,1,1,0,1,0,0
395.637260,1,0,0,1,0,0,0,1,1
395.806311,1,0,1,1,0,1,1,1,0
395.884374,0,1,0,0,1,1,0,1,1
402.016448,0,1,0,1,0,1,0,0,1
410.517305,1,0,1,0,1,0,0,0,1
412.605639,0,1,0,1,1,1,0,1,0
416.240684,0,0,0,0,0,1,1,0,0
417.427384,0,0,0,0,1,1,1,1,1
422.048861,0,1,1,0,0,0,0,0,0
430.943089,1,0,1,0,1,0,1,0,1
434.826862,1,0,0,1,1,1,0,0,0
438.568569,1,1,1,1,1,0,0,1,0
439.373612,1,1,0,0,0,1,0,0,1
447.612425,0,0,1,1,1,1,1,0,0
454.874109,1,0,0,1,0,1,0,1,1
459.330109,1,0,0,1,1,1,1,0,0
465.262719,0,1,1,0,1,1,0,1,1
472.620341,1,0,1,0,1,1,1,1,0
479.140411,0,0,0,0,0,0,0,1,0
483.286379,0,1,0,1,0,0,0,1,0
488.580967,1,0,1,1,1,0,0,1,1
491.001550,0,1,0,1,0,0,1,0,1
493.129477,1,1,1,0,0,0,1,0,0
497.407336,0,1,0,0,0,0,1,0,1
499.331220,1,1,1,1,1,0,1,1,1
501.767401,0,0,1,1,0,0,0,1,1
502.826689,1,1,1,0,1,1,0,0,0
504.173709,1,1,0,1,1,0,0,0,1
504.851111,0,0,1,1,0,0,1,0,0
509.232204,0,1,1,0,1,0,1,1,0
509.971386,1,0,0,1,1,1,1,1,1
515.903270,1,0,0,1,0,0,0,1,0
523.893786,1,0,1,0,0,1,0,1,0
526.441701,0,1,1,1,0,1,0,1,0
534.507289,1,0,0,1,0,0,1,0,1
538.075400,0,1,0,1,0,0,1,1,1
545.149883,0,0,1,0,1,0,1,1,0
553.124769,1,1,1,1,1,1,0,0,1
555.110645,1,0,0,0,1,1,1,1,1
555.214728,0,0,1,0,1,1,0,0,0
558.132103,1,0,1,0,0,0,0,1,1
559.723158,0,1,1,0,1,0,0,1,0
560.560122,0,0,0,1,0,1,0,0,0
564.205336,0,0,1,0,0,0,0,1,1
572.806299,0,0,0,1,0,1,0,0,0
574.711870,0,0,0,0,0,0,0,0,1
578.355629,1,1,1,1,1,0,1,1,0
587.486150,1,0,0,1,1,0,1,0,0
595.057822,1,0,0,0,0,1,1,1,0
598.808447,1,0,0,0,1,0,1,1,0
607.292082,0,1,0,1,1,1,0,0,0
609.620435,0,0,1,0,1,1,1,0,1
609.660342,1,0,1,0,0,1,1,1,1
609.972837,0,1,1,0,1,1,1,1,1
611.478112,1,0,0,0,1,0,1,0,0
618.962234,0,0,0,0,0,0,1,0,0
619.272482,1,0,0,0,0,0,1,0,0
626.211563,1,0,0,1,0,0,0,0,1
631.459434,0,1,1,1,0,0,0,1,0
637.250501,1,0,0,1,0,0,0,0,1
640.509735,0,1,1,1,0,1,0,0,0
648.386395,1,1,1,0,0,1,1,0,1
651.310180,1,1,0,1,1,1,1,0,1
654.109971,0,1,0,0,1,0,1,0,0
663.192631,0,0,0,1,0,1,1,0,0
668.353715,1,1,1,0,0,0,1,0,0
676.091371,0,0,0,1,1,1,0,1,0
680.145084,0,0,0,0,1,0,1,1,1
680.146084,1,0,1,1,0,1,0,1,0
688.575315,0,0,0,0,0,0,1,0,1
693.849760,0,0,1,0,0,0,0,1,1
702.871597,0,0,0,1,0,0,1,1,1
711.520380,1,0,0,1,1,1,0,1,1
715.771515,0,0,1,1,1,1,0,1,1
724.758958,0,1,1,1,0,0,1,0,0
732.447753,1,1,1,1,1,1,0,1,0
738.055336,0,1,0,0,1,1,0,0,1
743.197140,1,1,0,1,1,0,0,0,1
748.125184,0,0,0,0,0,1,0,0,1
752.968749,1,1,1,0,1,1,1,1,1
754.763765,1,0,0,0,1,0,0,0,0
757.123019,0,0,1,0,1,0,1,0,0
759.123819,1,0,1,0,0,1,0,1,0
764.476665,0,0,1,1,0,1,0,1,1
767.277385,0,1,0,0,0,1,1,0,1
770.680899,0,1,1,0,1,1,1,0,0
775.409597,0,1,1,1,0,0,0,1,0
785.255173,1,0,1,0,0,0,1,0,1
793.102922,0,0,0,1,0,0,0,1,0
794.011474,0,1,1,1,0,0,1,1,0
800.483643,0,0,1,1,1,0,1,1,1
801.421149,1,0,1,0,1,1,0,0,1
801.422149,0,0,0,1,0,1,1,0,1
803.387238,0,1,1,1,0,0,0,1,0
805.066642,0,1,1,0,1,1,0,1,1
805.511283,0,1,0,0,0,1,1,0,1
807.802131,1,1,0,1,0,1,0,0,1
815.733372,0,1,1,1,0,0,0,0,0
816.304263,0,1,0,0,1,0,0,1,0
825.304363,1,1,1,1,1,1,1,0,1
835.085087,0,1,0,0,0,0,1,0,0
838.580664,0,1,1,1,0,1,0,1,0
848.040178,1,1,1,1,0,0,0,0,1
851.667053,1,1,0,0,1,0,1,1,0
857.905747,1,1,1,1,1,1,1,1,1
858.727177,1,1,0,0,1,1,0,0,1
868.574521,1,1,1,1,1,0,1,0,0
873.941711,1,1,0,0,1,1,1,0,1
879.271196,0,1,1,0,1,1,0,1,1
879.272196,0,0,0,1,0,1,1,1,0
888.393623,0,0,0,0,0,1,0,1,0
889.853704,1,1,0,0,0,1,0,0,1
893.116322,1,1,0,0,1,1,1,0,0
902.786494,0,0,0,1,1,1,0,0,1
905.076547,1,1,1,0,1,1,1,1,0
905.997455,1,0,0,0,1,1,0,0,0
915.828553,1,0,0,0,1,0,0,1,0
925.749353,1,0,1,1,0,0,0,1,0
926.268820,0,1,1,1,0,1,0,1,0
928.318795,1,1,0,0,1,0,0,1,0
934.935513,1,1,0,0,1,1,1,1,1
943.028862,0,1,1,0,0,1,0,0,1
944.696362,1,0,1,0,0,1,1,1,1
948.788769,0,1,0,1,0,1,0,0,0
955.221107,1,1,0,1,0,1,0,1,1
964.791043,0,1,1,1,0,0,1,0,0
973.327774,1,0,0,0,0,0,0,0,1
979.472974,1,1,1,1,1,1,1,1,1
981.892919,0,0,0,1,1,1,1,0,1
984.309784,1,1,1,1,0,0,1,1,0
987.539628,1,0,0,0,1,0,0,1,1
996.896014,0,1,1,1,0,1,0,0,1
998.627965,1,1,1,0,1,0,1,1,0
1005.411503,0,0,0,0,1,0,0,0,0
1013.251550,0,1,0,0,1,1,1,1,0
1014.887901,1,0,1,1,0,1,0,0,1
1019.802037,0,1,1,0,1,1,1,1,1
1021.388245,0,1,1,0,0,0,0,1,1
1026.278092,0,0,0,1,1,1,0,1,0
1035.833438,0,0,0,1,1,0,0,1,0
1036.000811,1,1,1,1,0,0,1,0,0
1042.472635,0,1,1,1,1,1,0,0,1
1049.887224,1,0,1,0,1,1,0,1,1
1054.601711,0,1,1,1,0,1,1,1,1
1057.904562,1,0,1,0,1,0,0,0,0
1059.483294,0,1,1,0,0,0,0,0,1
1067.268750,0,0,0,0,0,0,0,1,0
1069.724050,0,1,0,0,0,1,1,0,1
1076.227598,1,0,1,1,1,0,0,0,1
1085.767874,1,1,0,1,0,0,1,1,1
1086.255801,0,0,1,1,1,0,1,0,0
1089.005530,0,0,0,0,0,1,0,1,1
1093.029117,1,1,1,1,0,0,1,0,1
1097.550213,0,1,0,1,1,0,0,1,1
1102.401676,1,1,0,0,1,1,1,1,0
1102.732832,1,0,1,0,1,0,1,0,0
1104.215165,1,0,1,0,0,1,0,0,1
1107.032518,0,1,1,0,0,0,1,1,1
1110.847570,1,1,1,0,1,1,1,1,0
1113.348320,1,0,1,0,1,1,1,0,1
1113.711978,1,1,1,1,1,1,1,1,1
1121.625000,1,0,1,1,1,0,1,0,1
1125.083599,1,0,0,0,1,1,1,0,1
1126.877076,0,0,1,0,1,0,0,0,0
1129.052799,0,0,1,1,0,1,0,0,0
1129.217717,1,0,1,1,0,1,0,0,1
1137.137180,0,0,1,0,1,0,1,0,1
1142.052152,1,0,0,0,1,1,1,1,1
1145.543369,0,0,0,1,0,1,1,1,1
1153.755353,1,1,1,0,0,0,0,1,1
1155.381807,1,0,1,1,1,0,1,0,0
1157.224728,1,0,1,0,0,0,0,1,0
1166.984577,0,1,0,1,0,1,0,0,1
1169.287752,1,1,0,0,0,0,1,0,0
1174.222642,0,1,0,1,0,0,1,0,0
1176.398749,1,0,0,0,1,1,1,0,1
1177.853170,0,0,0,1,0,0,1,1,0
1187.519341,0,1,0,0,0,0,1,1,0
1195.019591,0,1,0,1,1,1,0,0,0
1197.820876,1,1,1,1,0,0,0,1,1
1199.675523,0,0,0,1,0,1,1,1,1
1201.746754,1,0,1,0,0,1,1,1,0
1207.324119,1,1,1,0,1,0,0,0,1
1211.807430,1,0,0,0,0,1,1,1,0
1220.676395,0,0,1,1,1,0,1,0,1
1223.190513,0,1,0,1,1,1,1,1,0
1231.440025,0,1,1,0,1,1,1,0,0
1232.324329,0,1,1,1,1,0,0,1,0
1237.242645,1,1,0,0,0,1,0,0,1
1245.545845,0,0,0,0,0,0,1,1,1
1253.694178,1,0,1,1,0,1,1,1,1
1260.753296,0,1,0,1,1,0,0,0,0
1263.281316,1,1,1,1,0,1,1,0,0
1269.948316,0,0,0,0,1,1,1,1,1
1270.533809,1,0,1,0,1,0,0,1,1
1278.069343,1,1,0,1,0,0,0,0,0
1285.263084,1,0,1,1,1,1,1,1,0
1289.333445,1,0,1,1,0,1,1,1,0
1296.000445,0,1,0,1,1,0,0,1,1
1297.694680,1,1,1,0,1,1,0,1,1
1304.290002,0,1,0,1,1,0,0,1,0
1307.577059,1,0,1,0,1,1,0,1,0
1313.103179,0,0,1,1,1,1,1,0,1
1320.549086,1,0,0,1,1,1,1,0,0
1327.748959,0,0,1,1,0,0,1,0,1
1330.366777,0,1,1,0,1,1,1,0,1
1336.933644,0,0,1,1,0,1,1,1,1
1337.103546,0,0,1,0,0,1,1,1,1
1339.431046,1,0,0,0,0,1,0,0,0
1346.554070,1,0,1,1,1,0,1,1,1
1347.790241,0,1,0,1,0,0,1,0,1
1348.362612,1,1,0,0,1,0,0,0,1
1355.684309,0,1,1,1,1,0,0,1,1
1360.684809,1,1,0,1,0,0,0,1,0
1366.796309,0,0,1,1,1,1,1,0,1
1373.806064,1,0,1,0,0,1,0,0,0
1375.705608,0,0,0,0,0,1,1,0,0
1379.736056,0,1,1,1,0,1,0,0,1
1384.386273,1,1,1,1,0,1,1,0,1
1389.329439,0,1,0,1,0,0,1,0,1
1389.408434,0,0,0,1,0,0,1,1,0
1389.444766,0,0,1,0,1,0,0,0,0
1397.986579,0,0,0,0,1,1,1,0,1
1403.639188,1,0,0,1,0,0,0,1,0
1410.323524,0,0,0,1,1,1,1,0,1
1415.750882,1,1,0,1,0,0,1,0,1
1423.645830,0,1,0,0,0,0,1,1,0
1427.604767,1,0,1,0,1,1,1,1,0
1428.514767,0,0,1,0,1,0,0,0,1
1434.010844,1,1,0,1,0,1,0,0,0
1436.815942,0,1,0,0,1,1,0,0,0
1446.255488,1,0,0,0,0,0,1,1,1
1448.315106,0,1,1,1,0,0,1,0,1
1451.815756,0,1,0,1,0,1,1,0,1
1461.280477,1,1,1,0,0,1,0,1,1
1469.007977,1,1,1,1,0,1,0,1,1
1473.744477,1,1,1,1,0,1,0,1,0
1481.307746,0,0,1,1,0,0,0,0,0
1483.836087,1,0,1,0,1,0,1,0,1
1489.895531,1,0,1,1,1,1,1,0,1
1498.837703,1,0,0,0,1,0,1,0,0
1499.600751,0,0,1,0,1,1,1,0,0
1505.397488,1,1,1,0,0,0,1,1,0
1510.720536,0,0,0,1,0,1,1,0,1
1512.770765,0,1,1,0,0,0,0,1,0
1514.868934,0,0,1,1,0,1,1,0,0
1522.712286,0,0,0,0,0,1,0,0,0
1528.501205,1,1,1,0,1,0,0,1,1
1535.894830,1,0,1,0,0,0,0,1,1
1542.798516,0,0,0,1,0,0,1,1,1
1544.262252,0,1,0,0,1,1,1,1,1
1544.263252,1,0,1,0,0,0,0,0,0
1554.095554,1,1,0,1,1,1,0,0,1
1563.704179,1,1,1,0,0,0,1,1,0
1565.344359,1,1,0,0,1,1,0,1,0
1570.725049,1,1,1,1,1,0,1,1,1
1578.356865,1,1,1,1,1,1,0,0,0
1586.845905,0,0,0,1,0,1,0,0,1
1588.186640,0,0,1,1,1,1,1,1,1
1589.684089,0,0,0,0,0,1,1,1,0
1596.184439,0,0,0,1,1,1,1,0,1
1598.410418,0,0,1,0,0,0,0,0,0
1604.812805,0,0,1,1,0,0,1,1,0
1611.847584,1,0,0,0,1,0,1,1,1
1615.740812,1,0,0,0,0,0,1,0,0
1617.929093,0,1,0,1,1,1,0,0,1
1619.523154,1,1,0,1,1,1,0,0,0
1622.681733,1,0,0,0,1,0,0,1,1
1630.261884,0,1,0,0,0,0,1,1,1
1635.921439,1,1,0,1,1,1,0,1,1
1644.254939,0,1,0,0,1,1,1,0,1
1647.750214,1,1,1,0,1,1,0,0,0
1648.079539,1,0,1,0,1,0,0,1,1
1650.200671,1,1,0,0,1,0,1,1,0
1657.284296,1,1,1,1,1,0,1,1,0
1666.833330,1,1,0,1,0,1,1,0,1
1671.149688,1,1,0,1,1,1,1,0,0
1677.030651,0,1,1,1,1,1,1,1,1
1686.109084,1,0,0,0,1,1,0,0,1
1687.359959,0,0,0,1,0,1,0,0,1
1690.887457,0,1,1,1,0,1,0,1,1
1695.887957,1,1,0,1,0,0,0,1,1
1705.060972,0,1,1,0,0,1,1,1,1
1711.456317,0,1,1,1,1,1,1,1,1
1714.497013,1,0,1,0,1,1,1,0,0
1724.427895,0,1,0,1,0,0,1,1,0
1728.490420,0,1,0,0,0,0,1,1,0
1733.335804,1,0,0,1,1,0,0,1,0
1738.660013,1,0,0,1,1,0,1,1,1
1740.616600,0,1,0,1,1,0,0,1,0
1742.424400,1,1,0,0,0,0,0,1,0
1750.896487,0,0,0,0,1,1,1,1,1
1757.001294,1,0,1,0,1,1,0,0,1
1764.360807,1,0,0,0,1,1,1,0,0
1770.528174,1,0,0,0,1,0,0,1,0
1777.656120,1,1,0,0,1,0,0,1,1
1777.761277,0,0,0,1,0,1,1,0,1
1783.402738,0,0,1,0,1,0,0,1,0
1783.779729,0,0,0,0,0,0,1,0,0
1787.304527,1,1,0,0,0,1,0,0,0
1791.570451,1,1,1,1,1,1,1,1,0
1795.737701,1,1,1,1,1,1,0,1,0
1805.003647,1,0,1,1,1,1,1,1,1
1811.135182,0,1,0,1,1,0,1,1,0
1815.401731,0,1,1,1,0,0,0,1,0
1825.007433,0,0,0,1,1,1,0,0,1
1830.550663,1,0,0,1,1,0,1,0,1
1837.050511,1,1,0,1,1,0,0,0,0
1846.842199,1,0,0,1,1,0,1,0,1
1848.842999,0,1,1,0,0,1,0,0,0
1853.139415,0,0,0,1,0,0,1,0,0
1860.336227,1,0,1,0,1,0,1,1,1
1866.983027,1,0,0,1,1,0,1,0,1
1867.354361,1,0,1,1,0,1,1,1,1
1873.231966,0,1,1,0,0,1,0,0,0
1875.606269,0,0,0,0,0,1,0,1,1
1885.041810,0,0,0,0,0,1,0,0,1
1886.855377,0,1,1,0,0,1,1,0,0
1896.145066,0,1,0,1,1,0,1,1,0
1903.131669,0,0,1,1,0,0,1,0,1
1908.132169,0,0,0,1,0,1,1,1,1
1908.989726,1,1,0,1,1,0,0,0,1
1917.464680,1,1,1,1,1,0,0,0,0
1927.128932,0,0,1,1,0,0,1,1,0
1929.032856,0,1,1,1,0,1,1,0,0
1935.364694,1,1,1,1,0,0,1,1,0
1943.120450,1,1,1,1,0,1,1,1,1
1949.699740,1,0,0,0,0,1,0,0,1
1958.427140,0,0,1,1,1,0,1,1,0
1966.928773,1,0,1,1,0,1,1,0,0
1968.727494,1,1,0,1,0,1,1,1,1
1974.870121,1,0,0,0,1,0,0,1,1
1981.838750,1,0,0,1,1,1,1,1,1
1989.512650,1,1,1,0,1,1,0,1,1
1989.513650,0,0,0,0,0,0,1,0,1
1992.366518,0,0,0,1,1,0,0,0,0
1998.414948,1,1,1,0,0,1,0,0,1
1999.693847,1,0,1,0,1,1,1,0,1
2003.495729,0,1,1,1,1,0,0,1,0
2006.134502,0,1,1,1,1,1,1,0,1
2010.833827,0,1,1,0,0,1,0,1,0
2013.488125,1,0,1,1,1,1,0,0,1
2016.817807,0,0,1,1,1,1,1,1,0
2023.298245,1,1,0,1,0,1,0,1,1
2023.586423,1,0,1,0,1,0,1,1,0
2025.039980,0,0,0,1,0,0,0,1,0
2027.973477,1,0,0,1,0,1,1,0,0
2030.040386,1,0,0,0,0,1,1,1,1
2039.161813,0,1,1,0,1,0,0,0,0
2045.178043,0,1,0,1,1,1,1,1,0
2053.599253,0,0,1,1,1,1,1,0,0
2055.714207,0,0,1,0,0,1,0,1,0
2057.249445,0,1,1,1,1,1,1,0,0
2061.473507,0,1,0,1,0,1,1,1,0
2069.553463,1,0,0,0,0,0,0,0,0
2078.517531,0,0,1,1,0,0,1,1,1
2084.072115,1,0,0,0,0,0,0,1,1
2090.886903,1,1,1,1,1,0,0,0,0
2092.187298,0,0,0,1,1,1,0,0,1
2092.726862,1,0,1,1,1,1,0,1,1
2097.527382,0,0,0,0,1,1,1,0,0
2105.141833,1,1,1,0,0,1,1,1,1
2113.406470,1,0,1,0,1,1,1,0,1
2113.550517,1,0,0,0,1,1,0,1,1
2115.537134,0,1,1,0,0,1,0,1,0
2123.037384,1,1,0,0,1,1,1,1,0
2125.930657,1,0,0,0,0,0,1,1,1
2134.114773,0,1,1,0,0,0,0,0,1
2137.772651,1,1,1,0,0,0,0,0,0
2141.314964,1,0,1,0,0,1,0,1,0
2148.760306,1,1,1,1,1,1,1,1,0
2149.996049,0,0,1,0,1,1,1,1,1
2153.826453,0,1,0,0,1,0,0,0,1
2163.270953,1,1,1,1,0,1,0,0,1
2165.945483,0,0,1,1,0,1,1,0,1
2175.181923,0,1,1,0,1,1,1,0,0
2181.837995,0,0,0,1,0,0,1,1,1
2190.086758,1,0,1,0,1,0,1,1,1
2194.499081,0,1,1,1,0,1,1,1,1
2201.380320,1,0,1,1,1,0,0,1,1
2206.219546,1,1,1,0,0,0,1,0,1
2215.443762,1,1,1,0,1,0,0,0,1
2224.810732,0,0,1,0,1,0,0,0,0
2229.936219,1,1,1,1,1,1,0,0,0
2234.890852,1,0,1,1,1,1,1,1,1
2235.619935,0,1,1,1,0,1,0,1,1
2242.763077,1,1,0,0,1,0,0,0,1
2252.243129,0,0,1,1,1,1,1,1,0
2259.166514,0,1,0,1,1,1,1,1,0
2263.732275,1,0,1,1,1,0,1,1,0
2272.325865,1,1,1,0,1,1,0,1,0
2277.479933,0,1,0,0,0,1,1,1,0
2280.269325,1,0,0,1,1,0,1,1,1
2286.026426,1,1,1,1,1,1,1,1,1
2289.739926,0,0,1,1,0,1,1,0,0
2294.455901,1,0,1,1,1,1,1,0,1
2296.657010,1,1,1,0,0,1,0,1,1
2304.271927,1,0,1,0,1,1,0,1,0
2307.335121,1,0,1,1,0,1,1,1,1
2307.748598,1,1,0,1,0,1,0,0,1
2309.923773,0,0,1,1,1,0,1,1,1
2313.841230,1,0,0,1,0,0,0,1,1
2320.651894,0,0,0,1,1,0,1,1,1
2327.813636,1,0,1,0,1,1,0,1,1
2328.223686,0,1,1,0,1,1,1,1,1
2334.935727,1,0,1,1,1,0,1,0,0
2341.395990,0,1,1,1,0,1,0,0,1
2351.358541,0,1,1,1,0,1,0,1,0
2360.543172,0,1,0,0,1,1,1,0,0
2367.856365,0,0,0,0,0,0,1,0,0
2376.895363,0,0,0,1,0,1,1,1,1
2377.171061,1,0,0,0,0,0,1,0,0
2380.046773,0,1,0,1,0,0,1,0,1
2389.933790,1,1,0,0,0,0,1,0,1
2391.834042,0,0,1,0,0,0,0,0,1
2393.286802,0,1,0,0,1,1,1,0,1
2397.333832,1,1,0,1,0,0,0,1,0
2403.048546,1,1,0,0,1,0,0,1,1
2408.066071,0,1,0,0,0,1,1,0,1
2413.826132,1,1,0,1,0,1,0,0,1
2414.122851,0,1,1,0,0,1,0,0,0
2414.889081,0,1,1,0,1,0,0,1,0
2417.134754,1,0,1,1,1,1,0,1,0
2423.346898,0,0,0,1,1,1,1,1,0
2430.392409,0,0,0,1,1,0,1,0,0
2438.037695,1,0,1,0,0,1,0,1,0
2446.701622,0,0,1,0,1,1,1,1,0
2450.959622,1,1,0,0,1,1,1,0,1
2458.586763,1,1,1,0,0,0,1,1,0
2458.817828,1,0,0,0,0,0,0,0,0
2463.379183,0,0,1,1,1,1,0,0,1
2470.018947,0,0,0,1,1,1,1,0,0
2476.903317,1,0,0,1,0,1,1,0,0
2477.358817,1,0,1,1,1,1,0,0,1
2480.880970,1,1,1,1,1,0,0,0,1
2483.588664,1,1,1,0,0,1,0,0,0
2488.973741,1,1,0,1,0,1,1,1,0
2497.326574,0,1,1,1,0,1,0,1,0
2498.842574,0,1,0,0,0,1,0,0,1
2504.957044,1,0,1,0,0,0,0,1,1
2505.320630,0,1,0,1,1,1,0,0,0
2513.460351,0,1,1,1,0,1,1,1,1
2514.847351,1,1,1,0,1,0,0,0,1
2515.140801,0,1,0,0,0,0,0,0,1
2516.641651,1,0,1,1,0,1,0,0,1
2525.217582,0,1,0,1,0,1,1,0,0
2526.057659,0,1,0,0,1,1,0,0,1
2533.223296,1,0,0,0,1,1,1,0,1
2537.554572,1,0,0,0,1,0,1,1,1
2544.340608,1,0,0,1,0,1,0,1,1
2549.620583,0,1,0,0,1,0,1,0,0
2555.664668,1,1,1,0,1,0,0,0,0
2561.735857,1,1,0,1,0,0,0,0,1
2562.812699,1,0,0,1,1,0,0,0,1
2567.135387,0,0,0,1,0,1,0,1,0
2573.042477,1,0,1,1,0,1,0,0,1
2580.036408,1,1,0,1,0,0,0,1,0
2589.150177,0,0,1,1,0,0,0,0,0
2597.353624,0,1,1,1,1,1,1,0,1
2599.947984,1,1,0,1,0,1,1,1,0
2605.412490,0,1,1,0,0,1,0,1,0
2611.170490,0,1,0,0,1,0,1,1,0
2620.974431,1,0,1,1,1,0,1,0,0
2625.423385,0,1,0,0,0,0,0,0,1
2634.397847,1,0,0,1,1,1,1,0,1
2643.852447,0,0,0,1,1,1,0,1,1
2650.867670,0,0,1,0,1,0,1,1,0
2652.064203,1,1,1,1,0,1,0,1,1
2652.393039,0,1,1,1,1,0,1,0,0
2654.760058,1,0,1,1,1,0,0,0,1
2659.482808,1,0,1,0,1,0,1,0,0
2665.333223,1,1,1,1,1,0,1,0,1
2667.993889,0,1,1,0,0,0,0,0,1
2670.802180,0,1,0,0,1,0,1,1,1
2671.593441,0,1,0,1,0,0,1,0,0
2678.698161,1,0,1,1,0,1,0,0,0
2680.933370,1,1,1,0,0,1,1,0,0
2685.369244,0,1,1,0,1,1,0,1,1
2692.993108,0,0,0,1,0,0,1,1,1
2694.421070,0,0,1,0,1,1,1,0,0
2701.401982,1,1,0,0,1,0,0,0,0
2702.518462,0,0,0,0,1,0,1,0,1
2705.579500,0,0,0,0,1,0,1,1,1
2710.367118,1,1,0,1,1,0,0,0,0
2718.318477,0,0,1,0,0,1,1,0,1
2721.826235,1,0,0,1,1,0,0,1,1
2731.205607,1,1,1,0,1,0,1,0,0
2738.747175,1,1,0,1,0,0,1,1,0
2739.272141,0,1,1,0,1,0,0,1,0
2747.832891,0,0,0,1,0,1,0,0,0
2751.710621,1,0,0,0,1,0,1,0,0
2751.811500,1,0,1,0,1,0,1,0,0
2752.827747,1,1,1,1,0,0,0,1,0
2757.842866,1,0,1,0,1,0,0,1,1
2766.717978,0,0,0,1,0,0,1,0,1
2766.879928,0,1,1,1,1,0,0,1,0
2767.784792,1,1,0,0,0,1,0,0,1
2777.632909,1,1,1,1,1,0,1,1,0
2778.245764,0,1,0,0,1,1,0,1,0
2779.563631,0,0,1,1,0,0,1,1,0
2785.090394,1,1,1,0,1,0,0,1,0
2790.148067,1,1,1,0,0,1,1,1,0
2792.771354,0,1,0,0,1,0,1,0,0
2801.134971,1,0,0,1,1,1,1,0,1
2802.322519,1,0,1,0,1,1,1,0,0
2803.730786,1,0,1,1,1,0,0,1,1
2812.538852,1,1,0,1,0,1,1,1,1
2814.304382,0,1,0,0,0,0,1,0,0
2821.407097,1,0,1,0,0,1,0,1,0
2826.407597,1,1,0,0,1,1,1,1,0
2832.821950,1,0,0,1,1,0,0,0,1
2840.541476,0,1,1,0,1,0,0,0,1
2848.965329,1,1,1,1,1,0,0,1,1
2851.974593,0,0,1,0,1,1,1,1,1
2860.311580,1,1,0,1,1,1,0,1,0
2866.972145,1,0,0,0,1,1,0,0,1
2869.230984,1,1,1,0,0,0,1,0,0
2877.559763,1,0,0,1,1,0,1,1,0
2885.252302,0,1,0,0,0,1,1,1,1
2892.668019,1,1,0,1,1,1,0,0,0
2898.862321,0,0,0,0,0,1,0,1,0
2903.887944,0,1,1,0,0,0,1,0,1
2907.221944,1,0,0,0,0,1,1,0,0
2916.745802,0,1,0,0,1,0,1,1,1
2923.648766,0,0,1,1,1,0,1,0,0
2926.479672,1,0,0,0,0,0,1,0,1
2927.810019,0,0,1,0,0,0,0,0,0
2935.621048,0,0,1,0,0,1,0,0,1
2941.351812,0,0,1,0,1,0,1,0,0
2945.095128,1,0,0,0,1,1,0,1,1
2945.363959,0,0,0,1,0,1,0,0,1
2946.389246,0,0,1,1,0,1,0,0,0
2949.080243,0,1,0,0,0,1,1,1,0
2950.469993,1,0,1,1,1,1,1,0,0
2950.841326,1,0,0,0,1,0,0,0,0
2951.395035,1,1,1,1,1,0,1,0,0
2958.524951,1,0,0,1,1,1,0,1,0
2967.261274,1,0,0,1,0,1,1,1,0
2970.361379,1,0,0,1,0,1,0,0,0
2972.049556,1,1,0,0,1,0,1,0,0
2979.848283,1,1,1,0,0,0,0,1,1
2987.555519,0,0,0,0,0,0,0,1,0
2988.692769,0,1,0,0,0,1,1,1,1
2989.208259,1,1,0,0,0,1,1,0,0
2993.103194,0,1,1,0,1,1,0,1,0
2998.909625,1,1,0,0,0,0,0,0,0
3002.536833,1,0,0,0,0,0,0,1,1
3003.470382,1,1,0,1,1,0,0,1,1
3009.096488,1,0,0,1,1,1,0,0,1
3014.798672,0,1,1,0,1,0,1,0,0
3017.656529,1,0,0,0,0,1,1,1,0
3018.001006,1,0,0,1,0,0,0,0,1
3023.873655,0,1,0,0,0,0,1,0,0
3027.932502,1,0,0,1,0,1,0,0,1
3030.618626,0,0,1,1,0,0,1,0,0
3039.872669,0,1,1,1,1,0,0,1,1
3043.487015,1,1,0,1,0,0,1,1,0
3050.667072,1,0,0,1,1,0,1,1,1
3056.393790,1,1,0,0,0,1,0,0,1
3058.220955,1,1,0,1,0,1,0,1,1
3059.961948,1,1,0,0,1,1,0,1,1
3064.721830,0,0,1,0,1,0,1,0,0
3073.789168,1,1,1,1,1,1,0,1,0
3077.314921,0,1,1,1,0,0,1,1,1
3078.228030,0,0,1,1,1,1,0,0,0
3080.671182,1,0,1,1,0,1,0,0,1
3083.849707,0,0,1,1,0,0,1,1,1
3084.717287,0,0,0,0,0,1,1,0,0
3085.370396,0,1,1,0,1,0,1,1,0
3094.724627,1,0,0,1,0,1,0,0,1
3099.912746,0,0,1,1,0,1,0,1,1
3101.035033,0,0,1,0,1,0,1,1,1
3105.688496,1,0,0,0,1,0,0,1,1
3114.097746,0,1,1,0,0,1,1,0,1
3119.459035,0,0,1,1,1,0,0,1,1
3123.204154,0,0,0,0,1,1,1,0,0
3127.061911,1,1,1,1,1,1,0,0,0
3135.669232,0,1,1,0,1,0,0,0,0
3140.393164,1,1,0,0,0,1,0,0,1
3143.511499,1,0,1,0,1,0,0,0,1
3147.541947,1,0,1,0,1,0,0,1,1
3154.746018,1,0,0,0,0,0,1,0,0
3156.927651,0,0,1,0,1,1,1,1,1
3166.533990,0,1,1,1,1,0,1,0,0
3170.194754,0,1,0,1,1,0,1,0,0
3178.784107,0,1,1,1,0,0,1,1,0
3187.627281,1,0,0,0,0,0,1,1,0
3194.023153,1,1,1,0,0,1,0,0,1
3198.998146,0,1,1,0,1,1,1,1,1
3200.938538,1,1,1,1,1,1,1,1,1
3206.344403,1,0,0,0,1,0,1,1,1
3208.609113,1,1,0,1,0,0,0,0,1
3211.252125,1,1,1,1,0,0,1,1,0
3218.916902,1,1,1,0,1,0,1,1,1
3225.923781,0,1,1,1,0,1,1,1,1
3229.059965,0,0,1,1,1,0,1,0,1
3229.936454,1,0,0,1,0,1,0,1,1
3237.223377,0,0,0,1,0,0,1,0,1
3243.393115,0,1,0,0,1,1,1,0,0
3251.903293,1,0,0,1,1,1,0,0,0
3257.819380,1,1,1,0,1,0,0,0,0
3265.231403,0,0,0,0,1,0,0,0,1
3269.511451,1,0,0,1,1,1,0,1,0
3271.023554,1,1,1,1,1,0,1,1,0
3277.923526,1,0,1,0,0,1,1,0,1
3283.703876,0,0,1,1,1,0,0,0,1
3283.969166,1,1,1,1,0,1,1,0,0
3292.787466,1,0,0,1,1,0,0,1,1
3294.557377,1,0,0,0,0,1,1,1,0
3299.431839,0,0,0,0,1,0,0,0,1
3301.543110,0,1,0,0,0,0,1,1,0
3308.833703,1,0,1,0,0,1,0,0,1
3315.014134,0,0,1,1,1,0,0,0,1
3319.751502,0,1,0,1,0,1,0,1,1
3329.398756,1,1,1,0,1,0,1,1,0
3331.459735,1,0,1,0,0,0,1,1,0
3337.057190,1,1,1,0,1,0,1,1,0
3346.357779,1,0,1,1,0,1,0,1,0
3349.934272,0,0,1,0,0,1,0,0,0
3350.490772,1,1,0,1,0,0,1,0,1
3350.812596,1,0,0,0,1,0,1,0,0
3355.214865,0,0,0,1,0,1,0,0,0
3365.022577,1,0,0,0,1,0,1,1,0
3369.223857,0,0,1,1,1,1,0,1,1
3369.590205,1,0,1,1,0,1,0,1,1
3377.798269,0,1,1,0,0,1,0,1,1
3382.798769,0,1,0,1,0,1,0,1,1
3387.821689,0,0,1,0,0,1,0,0,0
3396.223136,0,0,0,1,0,0,1,0,0
3400.087386,0,0,1,0,1,1,1,1,0
3402.378012,0,0,0,0,0,1,0,1,0
3409.619091,1,1,1,0,0,1,0,1,1
3413.283846,1,0,0,0,1,1,0,1,1
3418.634199,0,0,1,1,1,1,0,1,1
3422.006290,0,0,0,1,1,1,0,0,0
3425.885229,1,0,1,0,1,1,1,1,1
3432.310648,1,1,1,0,1,0,1,1,1
3437.059777,0,1,1,1,0,1,1,0,1
3442.786555,0,1,1,1,0,0,1,0,0
3449.252547,0,0,1,0,1,0,1,1,1
3456.874144,1,0,1,0,0,0,1,1,1
3461.798894,1,0,0,1,1,0,1,0,0
3471.012456,0,1,0,0,0,0,0,0,0
3472.640412,1,0,0,1,0,1,0,1,0
3477.051929,1,0,0,0,1,0,1,0,1
3479.301099,1,1,1,0,1,0,0,1,0
3488.085004,0,0,1,1,0,1,0,1,0
3491.916864,0,1,0,0,1,0,0,1,1
3500.197134,1,1,0,1,0,0,0,1,1
3503.623291,1,0,0,1,1,0,1,1,1
3511.492920,0,1,1,1,0,0,1,1,0
3519.410866,1,1,1,1,1,0,0,1,1
3523.855866,1,1,0,1,0,0,1,1,0
3524.856766,1,0,1,0,1,0,1,1,0
3531.782868,1,1,1,0,1,0,1,0,1
3532.447702,0,0,0,0,0,1,1,0,0
3538.707857,0,1,0,0,0,0,0,0,1
3544.200410,0,1,0,1,0,0,0,0,1
3545.458860,1,0,0,0,1,1,0,0,1
3554.563427,0,0,1,1,0,1,0,1,1
3558.698962,0,0,1,1,0,1,1,0,0
3564.512188,1,1,1,1,1,0,0,1,0
3567.643127,0,0,0,0,1,1,0,1,0
3573.852657,0,0,1,1,1,0,0,0,1
3580.461591,1,1,0,0,0,0,1,1,1
3588.224052,0,1,0,1,0,0,0,1,0
3590.703437,1,0,0,1,1,0,1,0,0
3597.795361,1,1,0,0,0,0,1,1,0
3600.796061,0,1,0,0,0,0,1,0,0
3601.520673,0,0,0,1,0,0,0,1,1
3609.426641,0,1,0,1,1,1,1,0,1
3615.093741,0,0,0,1,1,0,0,0,0
3615.438622,0,1,1,1,1,0,0,1,0
3619.163946,0,1,0,1,1,1,0,1,1
3624.389143,0,1,0,1,1,0,1,1,0
3630.416251,1,1,0,1,0,0,0,0,0
3635.680842,1,0,1,1,1,1,0,1,0
3640.693418,1,0,0,1,1,0,0,1,1
3647.206028,0,0,0,1,0,1,1,0,0
3648.491085,0,1,1,1,1,1,0,0,0
3652.043026,1,1,0,0,0,1,1,1,0
3653.845466,0,1,0,0,1,1,0,1,0
3655.163699,0,0,1,1,0,1,0,0,1
3656.739542,1,1,1,0,0,0,1,0,0
3666.378132,1,1,1,1,1,1,1,0,1
3666.657989,0,1,0,1,1,1,1,1,1
3675.673239,0,1,1,1,1,1,1,0,0
3685.580655,1,0,0,0,1,0,1,0,0
3693.194530,0,0,0,0,1,1,0,1,0
3698.685779,1,0,1,1,0,0,0,0,1
3707.888757,1,1,1,0,0,1,1,0,0
3713.570482,1,0,0,0,0,0,0,1,1
3714.124706,1,1,0,0,1,1,1,1,0
3717.429210,1,1,1,1,1,1,0,1,1
3720.981767,0,0,1,1,0,1,0,0,1
3721.003642,1,1,1,0,1,1,1,1,1
3727.166337,0,1,1,0,0,1,1,0,0
3728.206031,1,1,1,1,0,1,1,1,1
3736.887482,1,1,0,0,0,0,0,0,0
3745.646110,1,0,0,1,0,0,1,0,0
3746.335213,0,0,0,0,0,1,1,1,0
3750.257389,1,0,0,1,1,1,1,1,0
3752.244413,1,1,1,0,1,1,1,1,0
3760.026590,0,0,0,0,0,0,1,0,0
3768.427210,0,1,1,0,1,1,0,1,0
3768.536895,0,1,0,0,1,1,0,0,0
3776.237805,0,0,0,0,0,0,1,0,1
3783.648136,0,0,1,0,1,1,1,0,0
3791.376701,1,0,0,1,0,0,0,1,1
3794.507822,1,0,1,0,1,1,1,0,1
3804.494648,1,0,1,0,1,1,0,1,0
3812.866904,0,1,0,0,1,0,0,0,1
3818.633457,1,0,0,1,1,1,1,0,0
3820.444469,0,0,0,0,0,1,0,1,0
3823.698445,0,0,1,1,1,1,0,0,1
3823.826821,0,1,0,1,1,0,1,0,0
3828.150996,0,1,1,0,0,1,1,1,1
3829.232969,0,0,1,1,0,1,1,0,0
3837.696567,1,0,0,1,1,1,0,1,0
3845.396184,0,1,1,0,1,1,0,0,1
3850.808407,1,1,0,0,1,0,1,0,1
3858.551490,0,1,1,1,1,1,0,0,1
3865.381076,1,1,0,0,1,0,0,1,0
3866.021281,0,1,0,0,0,0,0,0,0
3869.649369,1,1,0,0,1,1,1,0,0
3876.620182,0,1,1,0,0,1,0,1,0
3882.020642,1,1,0,1,0,1,1,0,1
3891.961824,1,1,0,1,1,0,1,0,0
3897.395117,0,0,1,0,0,1,0,1,0
3906.061917,0,1,0,1,0,1,0,1,0
3908.643304,1,0,0,1,0,1,1,0,0
3914.191452,1,0,0,1,0,1,0,0,1
3917.021543,1,0,1,0,0,0,1,0,0
3923.644572,0,1,0,0,0,0,0,0,1
3926.518848,0,1,1,0,1,1,1,0,0
3932.319268,0,0,0,1,0,1,1,0,1
3934.020098,0,0,0,1,1,0,1,0,1
3935.862405,0,0,1,0,0,1,0,1,1
3938.127987,1,1,0,1,1,1,0,0,0
3942.234537,0,1,0,1,0,0,1,1,0
3943.161370,0,1,0,0,0,0,0,0,1
3953.029457,0,1,0,1,1,1,1,1,1
3954.323163,0,0,1,1,0,1,1,1,1
3957.338937,1,0,0,0,1,0,0,0,0
3967.208231,1,1,0,1,1,1,0,0,1
3970.088762,1,1,0,1,1,0,1,0,0
3978.279773,0,1,1,1,1,1,0,0,1
3982.478466,1,0,0,0,0,1,0,1,1
3991.367466,1,0,1,0,0,0,1,0,0
3996.283229,1,1,1,1,0,0,0,0,0
4006.230741,1,0,1,0,0,0,1,1,1
4010.266945,0,0,1,1,0,0,0,0,0
4014.699202,0,0,0,0,0,0,1,1,0
4021.390180,0,1,0,0,1,1,0,0,1
4029.769463,0,1,1,0,1,1,1,0,0
4038.721292,0,1,0,1,0,1,0,1,1
4047.998631,0,0,0,0,0,1,1,1,0
4051.918158,0,0,1,1,0,0,0,1,1
4054.693074,0,0,1,1,0,0,1,1,1
4056.801972,1,1,1,0,0,1,0,0,1
4056.802972,0,0,0,1,1,0,0,0,0
4064.879628,0,0,0,0,0,1,0,1,1
4066.429768,1,1,1,1,1,1,1,0,1
4068.372322,1,0,0,0,1,1,1,1,0
4075.518485,0,0,0,0,0,0,1,0,1
4081.011893,0,0,0,0,1,0,1,0,1
4083.082014,1,0,1,0,0,1,0,1,0
4091.017704,1,1,1,0,0,1,0,1,0
4098.642575,0,0,1,1,1,1,0,0,0
4103.148619,0,0,1,0,1,0,0,0,1
4112.398694,0,0,1,0,0,0,0,1,0
4120.998834,1,1,1,1,0,1,0,1,1
4127.109280,0,1,1,1,1,1,1,0,1
4133.418272,1,0,1,1,0,1,1,1,0
4137.067032,0,1,1,1,0,1,0,0,0
4140.669645,0,0,1,1,0,1,1,0,1
4147.557597,1,1,1,1,0,0,1,0,1
4150.303421,1,1,1,1,0,1,1,0,1
4153.179133,1,0,0,1,0,1,0,1,0
4157.940090,1,1,0,1,1,1,0,1,1
4167.264916,1,1,1,0,1,0,1,1,1
4173.440597,1,0,1,0,1,1,1,1,1
4174.969990,1,0,0,0,0,1,1,0,0
4178.327797,0,1,0,1,1,1,1,1,0
4186.030729,1,1,0,1,1,1,0,1,0
4188.016825,0,0,0,1,0,1,0,1,0
4194.998259,0,0,0,0,1,0,1,0,1
4198.577100,1,1,0,0,1,0,0,0,0
4198.998226,0,0,1,1,1,1,1,0,1
4205.051252,1,1,0,1,0,1,1,0,1
4213.801377,0,0,1,0,0,0,1,1,0
4215.161567,0,0,1,1,1,1,1,0,0
4219.993098,1,0,1,0,1,0,1,0,0
4220.642682,0,0,0,0,0,1,0,1,0
4227.407711,1,1,1,1,1,0,0,0,1
4227.765818,0,0,1,0,0,1,0,0,1
4231.730386,1,1,1,0,1,1,0,0,1
4239.981927,1,0,1,1,1,1,1,1,0
4242.877374,0,0,0,1,0,1,1,1,1
4248.272026,1,1,0,1,0,0,0,1,0
4250.705215,1,0,1,0,1,0,0,1,1
4255.142187,1,0,1,1,0,0,0,1,1
4255.953917,1,0,1,1,0,1,0,0,1
4258.774635,0,1,1,0,1,1,0,1,0
4263.845749,1,1,0,1,0,1,0,1,0
4266.560233,0,0,0,1,1,1,0,1,1
4272.707012,0,1,0,0,0,0,1,1,1
4276.761059,1,0,0,0,0,1,1,0,0
4286.150092,0,1,0,1,1,1,0,1,1
4293.876480,0,0,1,0,0,0,1,1,1
4294.808318,1,1,0,1,1,0,1,0,0
4296.804162,0,1,1,0,1,1,1,0,1
4301.165382,1,0,1,0,1,1,0,1,1
4305.323575,0,1,0,1,0,0,1,0,1
4312.028594,0,1,1,0,0,1,1,0,0
4321.690916,1,1,0,1,0,0,0,0,0
4328.388494,1,1,0,1,1,1,1,1,1
4334.341632,1,0,1,1,0,0,1,0,1
4335.535495,1,0,0,0,1,0,1,0,1
4342.345465,1,0,0,0,1,1,1,0,0
4343.683379,1,0,1,0,1,0,0,1,1
4345.165712,1,0,1,1,1,0,0,0,0
4351.465848,0,0,0,0,0,1,0,1,0
4356.189994,1,1,0,1,0,0,0,1,0
4361.707684,1,1,0,1,1,0,1,0,1
4368.176028,1,0,1,0,0,1,0,0,0
4373.676478,1,0,1,1,0,0,0,1,0
4381.224252,0,1,1,0,1,1,1,0,1
4384.624001,0,1,1,0,0,0,1,1,0
4390.227889,0,1,1,0,0,0,0,0,1
4395.777467,0,1,0,1,0,0,1,0,1
4398.216386,0,0,0,1,0,1,0,0,0
4406.642469,1,1,1,0,0,1,1,1,0
4408.961118,1,1,0,0,1,0,1,1,1
4415.390047,0,1,0,1,1,0,1,1,0
4420.845047,1,0,0,0,0,1,0,0,0
4421.938217,0,0,1,1,1,0,0,1,1
4430.201548,0,1,0,0,1,1,1,1,0
4431.487864,1,0,1,0,0,1,0,1,0
4436.401549,1,1,0,0,1,1,0,1,0
4442.064904,1,0,0,0,1,0,1,1,0
4449.957835,1,1,0,1,1,0,1,0,0
4451.003747,1,1,0,0,1,0,0,0,0
4455.230046,0,0,0,1,1,1,0,0,0
4459.884483,1,1,0,1,0,0,0,1,0
4466.634808,0,0,0,1,0,1,1,0,1
4466.753030,1,1,1,0,0,0,1,0,0
4468.309430,0,1,1,0,0,1,0,0,0
4471.993494,1,0,1,1,0,0,1,1,0
4473.025781,1,1,0,1,1,0,0,0,1
4474.088127,0,1,0,0,0,0,0,1,0
4480.718899,1,0,1,1,0,1,1,0,1
4482.984481,0,0,0,0,1,0,0,1,1
4490.381270,1,1,1,1,1,1,1,0,1
4497.161637,0,0,0,1,0,0,0,0,1
4506.150244,0,1,0,1,1,0,0,0,0
4513.822317,0,0,1,0,0,1,0,1,1
4522.907376,1,0,0,1,0,1,1,1,1
4523.595003,1,0,0,1,0,1,1,0,1
4530.382421,0,0,0,1,1,0,0,0,1
4537.175887,1,1,0,0,0,0,1,1,1
4540.428680,0,1,1,0,1,1,1,1,1
4543.300680,1,0,1,0,0,0,1,1,0
4545.806998,1,1,0,0,0,0,0,0,0
4546.690964,0,1,1,0,0,1,0,0,0
4548.768434,0,0,1,0,1,1,1,0,1
4550.194228,1,1,1,0,0,1,1,0,1
4556.166637,1,1,0,0,0,0,0,1,0
4556.528257,1,1,1,0,0,0,1,1,1
4565.924779,0,1,0,1,0,1,0,1,1
4575.274580,1,0,0,0,1,1,1,0,0
4580.960437,1,0,0,0,1,0,1,0,0
4583.205488,0,1,0,1,0,1,0,1,1
4584.183402,0,0,1,1,0,1,0,1,1
4589.990273,0,1,0,0,1,1,0,0,1
4595.775902,0,0,1,0,0,1,1,1,1
4598.458198,0,0,1,0,1,0,0,1,0
4600.011838,0,0,1,0,1,1,0,1,1
4606.776867,1,0,0,0,0,1,1,0,0
4610.709098,0,1,0,1,1,0,1,0,0
4612.559025,1,1,0,1,0,1,0,1,0
4614.128496,1,0,0,0,0,1,0,0,0
4622.319632,0,1,0,1,1,1,1,0,0
4626.745575,1,1,0,1,0,0,0,0,1
4636.637801,0,1,0,1,0,1,0,0,0
4646.449850,0,1,0,1,1,1,1,1,0
4655.161635,0,1,1,0,0,1,0,0,0
4659.547224,0,1,0,0,1,0,1,1,1
4660.663424,0,1,1,1,1,0,0,1,1
4662.296914,1,0,1,1,1,0,1,1,1
4668.708316,0,1,1,1,0,1,0,1,0
4677.459941,0,0,1,1,0,1,0,0,0
4680.215383,1,0,0,0,0,0,1,0,1
4683.664314,0,1,1,1,0,1,1,0,1
4690.402608,1,0,0,0,1,0,0,0,0
4695.864600,1,1,1,0,1,0,0,1,1
4704.508353,1,1,1,0,1,0,1,1,0
4708.310519,0,1,0,0,1,1,1,1,1
4710.251124,0,0,1,1,0,1,0,0,0
4717.296364,0,1,0,1,0,1,0,1,0
4721.518125,0,0,1,1,0,1,1,0,1
4730.386899,0,0,1,1,1,1,0,1,1
4735.387399,0,1,0,0,1,0,0,0,1
4739.177494,1,1,1,0,0,1,0,1,1
4739.405314,1,0,0,1,1,1,0,0,0
4743.901989,0,0,0,1,0,0,0,0,1
4747.118353,0,1,1,1,1,1,0,1,1
4754.015215,1,1,0,0,0,0,0,1,0
4757.043436,1,0,0,1,1,0,1,0,1
4761.008325,0,0,1,0,0,0,0,1,0
4769.573229,0,1,0,1,1,1,0,0,0
4778.214339,0,0,0,1,1,1,1,1,0
4784.790645,1,0,1,1,0,0,1,0,1
4785.532312,0,1,1,1,1,0,1,1,0
4789.085588,1,1,1,1,0,1,1,0,1
4794.586038,1,0,0,0,1,0,1,0,0
4794.708116,0,1,1,1,0,1,1,1,1
4802.196593,1,1,1,0,0,0,0,1,1
4807.826282,0,0,0,0,0,0,0,1,1
4811.435483,1,0,1,1,1,0,0,1,1
4819.839761,1,1,0,0,1,1,0,1,1
4821.565735,0,0,1,0,0,0,1,1,0
4824.972389,0,0,0,1,0,1,1,0,0
4834.716004,0,1,0,1,1,1,1,1,0
4839.540052,1,1,1,0,0,0,0,1,1
4844.283618,0,0,0,0,0,1,1,0,1
4844.284618,0,0,0,0,1,0,1,1,0
4850.388067,0,1,1,0,0,0,1,1,1
4857.556492,0,1,0,1,1,0,0,1,0
4863.639109,1,1,1,1,0,1,0,1,0
4866.224120,0,1,1,1,1,1,1,1,1
4870.149571,0,1,0,1,1,1,0,0,0
4879.136600,0,0,0,1,1,1,0,1,1
4886.400653,0,1,1,0,1,0,0,1,1
4892.409283,1,0,1,1,1,0,0,1,0
4893.820398,0,1,0,1,0,1,1,1,1
4900.778786,1,0,0,1,0,1,1,1,0
4909.437603,1,1,0,0,1,0,1,0,0
4917.687778,0,0,0,0,0,0,0,0,1
4920.313516,1,0,0,0,1,1,0,0,0
4926.980516,0,0,0,1,1,1,1,0,0
4936.657967,0,0,0,1,1,1,0,0,0
4941.441669,1,1,1,0,1,0,0,0,0
4943.631951,0,0,0,0,0,1,0,0,1
4946.448689,1,0,0,0,1,1,1,0,1
4955.670028,1,0,0,1,1,0,1,1,0
4957.890610,1,0,0,0,1,0,0,1,0
4964.053784,0,1,0,0,1,1,1,1,0
4972.681373,0,0,0,1,0,1,0,0,1
4972.938757,1,0,0,1,0,1,1,1,0
4973.228746,0,0,0,1,1,1,0,0,0
4973.861491,0,0,0,0,0,0,1,1,1
4976.653799,0,0,0,0,1,0,0,0,1
4981.124316,1,0,0,1,1,0,0,1,1
4985.588930,0,1,1,0,0,0,1,1,1
4987.476189,1,0,0,1,0,0,1,1,1
4992.476689,0,0,0,1,1,0,0,0,1
4996.034459,0,1,0,1,1,0,1,1,0
5001.415038,1,1,1,0,0,1,0,0,0
5002.462011,1,0,0,1,0,1,1,1,0
5007.637932,1,1,0,0,0,0,0,0,0
5017.040976,0,0,0,0,0,1,0,0,1
5026.339644,1,0,1,1,1,1,0,0,1
5033.117744,1,1,0,1,0,0,1,1,1
5038.644038,0,1,0,1,0,0,1,0,0
5039.306029,1,1,0,1,0,0,0,0,0
5039.449027,1,1,1,1,1,0,1,1,0
5043.863288,1,0,0,0,0,0,0,0,0
5048.139722,0,1,0,0,0,1,0,0,0
5057.851685,0,0,1,1,1,0,0,1,1
5057.998125,0,0,1,0,0,1,0,1,0
5066.573397,0,0,0,0,1,1,0,1,1
5071.716740,1,1,1,1,1,0,0,0,0
5079.856461,1,1,1,1,0,0,1,1,1
5082.842237,1,0,0,1,0,0,1,1,1
5083.319380,1,1,1,0,1,1,1,1,0
5085.924460,0,1,1,1,0,0,0,1,1
5088.839076,0,0,0,0,0,0,1,0,1
5098.283576,1,1,1,1,0,1,0,0,0
5101.851582,0,1,1,1,0,1,1,1,0
5107.280610,1,0,1,1,1,1,1,0,1
5107.327060,1,0,0,1,1,1,1,1,0
5116.438260,1,0,1,1,0,0,1,1,0
5117.506227,1,1,1,1,1,0,1,1,1
5118.747148,0,1,0,0,0,1,0,0,1
5126.321355,0,0,0,1,0,0,1,1,1
5127.787177,1,0,1,0,1,0,0,0,1
5137.303355,0,0,1,1,0,0,1,0,1
5140.079641,1,0,0,1,0,1,1,1,0
5143.346211,1,1,0,0,1,1,1,0,0
5150.596486,1,0,0,1,0,0,0,0,0
5154.578988,0,1,1,0,0,1,0,1,1
5162.536182,0,1,0,0,1,0,1,0,1
5163.446182,1,1,0,0,1,1,1,0,1
5171.201508,0,1,1,1,0,0,0,0,0
5176.118334,1,0,1,0,1,0,0,1,1
5177.852667,0,1,1,0,1,1,1,1,1
5186.683953,1,1,0,1,0,0,1,0,0
5191.567798,1,1,1,1,0,1,1,1,1
5200.207109,0,0,0,0,0,1,0,0,1
5204.734191,1,0,0,0,1,1,0,1,1
5206.596707,0,0,1,0,0,1,1,1,0
5213.146760,1,1,0,1,0,1,0,1,0
5221.851925,0,0,0,0,1,1,1,1,0
5229.568917,0,1,1,1,0,1,0,0,0
5238.205417,1,0,0,0,0,0,1,1,0
5246.952021,0,1,1,0,1,1,1,1,1
5247.471701,1,0,1,0,1,1,0,0,1
5248.846190,0,1,1,1,1,0,0,1,1
5253.677788,0,0,0,1,1,1,1,1,0
5255.178061,1,1,1,1,1,0,1,0,0
5257.392432,1,1,1,1,1,1,0,1,1
5258.504432,0,1,0,0,1,0,1,1,1
5260.708954,0,1,0,0,0,1,1,1,1
5269.160722,1,0,1,1,0,1,1,1,1
5273.959222,0,0,0,0,1,0,1,0,0
5274.963663,1,1,0,0,0,1,1,1,1
5278.297663,0,0,0,1,0,1,0,0,1
5280.014833,1,1,0,0,1,1,0,1,0
5280.667109,0,1,0,0,0,1,1,1,1
5281.929753,0,0,0,0,1,0,0,0,1
5288.378706,1,0,0,1,1,0,1,1,0
5293.638920,1,1,1,0,0,0,1,1,1
5302.630847,1,1,0,1,1,1,1,0,0
5303.006486,1,0,0,0,0,1,0,1,1
5303.894379,0,1,1,0,0,0,0,0,0
5309.938731,1,0,0,0,0,1,1,0,1
5311.967830,1,1,1,1,1,0,1,0,0
5319.709991,0,0,1,0,0,0,1,0,1
5326.385418,0,0,1,0,0,1,0,0,0
5332.385818,0,0,0,1,1,1,1,1,0
5334.868215,0,0,1,1,1,0,0,0,1
5336.264424,1,0,1,1,0,0,1,0,0
5339.593703,0,1,1,0,0,1,1,1,0
5341.276149,0,1,0,1,1,1,0,0,1
5343.381576,1,1,0,1,1,0,0,0,1
5346.160076,0,1,1,0,1,0,0,0,0
5347.282176,0,0,1,0,1,0,0,1,0
5353.175444,1,1,1,0,1,0,0,0,0
5353.351629,0,1,1,0,0,1,0,0,1
5363.234681,0,1,1,1,1,1,0,1,1
5366.149368,1,0,1,0,1,0,0,1,1
5366.907868,1,1,1,1,1,0,0,1,1
5374.415200,1,0,1,0,0,0,1,0,0
5374.487988,1,1,0,0,0,1,0,0,1
5376.132312,1,1,1,1,0,0,0,0,0
5385.133819,0,1,1,1,0,0,0,1,0
5394.035663,1,1,0,0,0,0,0,1,1
5398.824063,0,0,1,0,1,1,0,1,1
5406.819373,1,0,0,1,1,1,0,0,1
5414.295354,1,0,0,1,1,0,1,1,0
5415.876000,0,0,1,1,1,0,1,0,1
5423.639525,1,0,0,0,0,0,0,1,1
5425.811562,0,1,1,1,1,0,0,1,0
5432.037105,1,1,1,1,0,0,1,1,0
5434.814070,1,1,0,0,0,0,1,0,1
5436.861197,0,0,0,0,1,1,0,1,0
5443.784582,0,0,0,0,1,0,0,0,1
5448.533199,0,0,1,0,1,1,0,1,1
5450.450866,0,1,1,1,0,1,0,1,1
5459.546923,1,1,1,0,1,1,1,0,0
5469.405428,1,1,1,1,0,1,1,0,0
5474.167258,0,1,0,0,0,0,0,0,1
5479.801498,1,1,1,1,1,0,1,1,0
5481.034903,1,1,0,1,1,0,1,1,1
5486.184773,0,0,1,1,1,0,0,1,1
5489.136298,0,1,1,1,1,0,0,0,1
5497.308650,0,0,1,0,0,1,0,0,1
5499.438470,0,1,0,1,1,1,1,0,0
5507.506979,1,0,1,1,1,1,0,1,1
5515.425450,0,0,1,0,0,1,1,1,0
5522.195004,0,0,0,0,1,1,1,0,0
5530.324442,0,0,1,0,1,1,1,1,0
5530.795779,0,1,1,1,0,0,0,1,1
5532.202888,1,1,1,1,0,0,1,1,0
5536.030220,1,0,0,1,1,0,1,0,1
5542.995181,0,1,1,0,1,0,0,1,1
5548.639181,1,1,0,0,1,1,0,1,0
5555.139531,1,0,1,0,1,1,1,1,1
5558.382991,1,1,1,1,0,0,0,1,1
5563.157323,1,1,0,1,0,1,1,0,0
5572.456756,0,1,1,0,0,1,1,1,0
5573.280770,0,1,0,1,0,0,0,1,1
5576.138627,1,0,0,1,1,0,1,1,0
5577.228949,0,0,0,0,0,1,1,1,0
5584.282650,1,1,0,0,0,0,0,1,0
5587.014806,0,0,1,1,0,0,0,0,0
5592.135381,0,0,0,1,1,1,0,1,0
5600.477516,1,0,0,1,1,0,1,1,1
5603.846600,1,0,1,0,1,0,1,0,1
5604.882764,1,1,1,1,0,0,0,0,0
5613.202604,1,1,1,1,0,1,0,0,1
5621.354304,1,1,0,1,0,0,1,1,1
5626.030671,1,0,1,1,1,0,1,1,0
5631.706779,1,1,0,0,1,0,1,0,0
5635.937267,0,0,1,0,1,0,1,0,1
5637.531938,0,1,1,1,0,0,1,1,1
5645.679224,1,0,0,1,0,0,0,0,1
5653.074728,0,0,1,0,0,1,1,0,0
5658.578533,1,1,0,0,0,1,0,1,0
5667.299591,0,1,0,1,1,0,0,0,0
5668.046215,0,1,1,0,1,1,1,1,0
5670.047015,1,0,1,1,0,1,1,1,1
5670.612061,0,0,1,0,0,0,0,0,0
5677.424549,0,1,0,1,1,1,0,1,1
5680.091949,1,0,0,1,0,1,1,0,1
5689.746615,0,0,1,0,1,0,0,0,0
5689.747615,0,0,1,1,0,1,0,1,0
5690.812934,1,1,1,0,0,1,1,0,0
5692.918986,1,0,1,0,0,0,1,0,1
5694.953681,1,0,0,0,0,1,0,0,1
5703.111760,1,0,0,0,1,0,0,1,1
5711.664537,0,1,1,0,1,0,1,1,0
5713.325450,1,1,1,0,0,1,0,0,0
5713.396865,0,1,0,0,0,1,0,0,0
5718.769999,0,1,0,0,1,0,1,0,0
5718.937649,1,0,0,1,1,1,1,0,1
5721.635008,0,1,1,1,1,1,1,1,1
5724.809160,0,0,1,1,0,0,1,1,1
5728.317463,1,0,1,0,0,1,1,0,1
5729.270748,1,0,1,1,1,0,1,1,0
5732.388029,0,1,1,0,1,0,0,1,1
5739.913585,1,1,0,1,0,1,1,0,0
5745.111806,0,0,1,0,0,1,1,0,1
5750.190018,1,0,0,1,0,0,0,0,0
5755.497065,0,1,1,1,0,0,1,0,0
5756.956252,0,0,1,1,1,1,0,1,0
5760.313891,0,1,0,1,0,0,0,1,1
5767.853404,1,0,0,0,1,0,1,0,0
5774.847169,0,1,0,0,0,1,1,0,0
5781.453637,0,0,0,1,0,1,0,1,1
5791.100731,0,0,0,0,0,1,1,0,1
5800.316138,1,1,0,1,1,0,1,0,0
5801.571766,0,1,1,0,1,1,1,1,1
5809.847800,1,0,1,0,0,0,1,0,1
5814.769301,1,0,0,1,0,0,1,1,1
5819.400063,0,1,1,0,1,0,0,1,1
5823.921159,1,1,1,1,0,1,1,0,1
5832.844571,1,1,0,0,1,1,0,1,0
5840.890092,1,1,1,0,0,1,1,0,0
5840.948393,1,0,1,0,1,0,1,1,1
5847.820667,0,1,1,1,1,0,0,0,0
5851.480680,0,0,1,0,1,1,0,0,0
5855.048574,0,1,1,0,0,1,0,0,1
5856.716074,1,1,0,1,0,0,1,0,1
5863.475019,1,0,1,0,1,0,0,0,0
5871.382205,0,1,1,0,1,1,0,1,1
5873.431998,1,1,1,0,1,0,1,1,1
5881.109396,0,0,1,0,0,0,1,1,1
5886.015241,1,1,1,0,0,1,0,0,1
5895.830927,1,0,0,1,1,0,1,0,1
5903.920404,1,1,1,0,0,0,1,0,0
5911.885907,0,1,0,0,1,0,1,1,1
5919.329245,0,0,1,0,0,0,0,0,1
5925.043960,1,1,0,0,0,0,0,0,1
5933.700993,1,1,1,1,0,0,0,0,0
5943.664299,1,0,0,1,1,1,0,0,0
5948.802400,1,1,1,0,0,1,0,1,1
5957.815656,0,0,1,0,1,0,0,1,0
5963.822107,1,0,0,0,0,0,0,0,1
5966.550107,1,1,0,0,1,1,1,1,1
5968.696726,0,0,1,0,1,1,1,1,1
5974.465523,1,0,1,0,0,1,0,1,1
5979.050515,0,0,1,1,1,0,0,0,1
5986.730747,0,1,0,0,0,1,0,1,0
5992.884978,1,0,0,0,1,1,1,1,1
5997.680757,1,0,1,1,0,0,1,0,1
5997.796469,1,1,0,1,0,1,0,1,0
5999.606579,0,0,0,1,1,1,1,0,1
6006.469637,1,0,0,0,1,0,1,0,1
6008.843281,0,1,0,1,0,1,1,1,0
6010.352809,1,0,1,1,1,1,1,0,0
6013.294691,0,1,0,1,1,1,1,1,1
6019.136691,1,0,0,0,0,0,0,1,1
6020.491367,0,1,1,1,0,0,1,1,0
6021.228900,1,1,1,1,0,0,0,1,1
6027.217674,1,1,1,0,0,0,1,0,1
6029.945674,1,0,0,0,1,0,0,0,1
6037.803031,0,0,1,0,1,1,0,0,0
6040.017693,1,0,1,1,1,0,1,0,1
6043.294228,0,1,1,1,0,0,1,0,0
6047.264061,0,0,0,0,1,0,0,1,0
6052.987760,0,1,1,1,1,0,1,0,0
6055.760760,0,1,1,1,0,1,1,1,0
6063.356819,0,0,1,0,1,1,0,0,0
6069.939439,0,1,0,1,0,1,0,1,0
6078.330689,0,1,0,1,0,0,0,0,1
6087.421689,1,1,1,0,1,1,1,0,1
6089.731982,0,1,0,0,1,1,0,0,1
6090.036749,1,0,0,0,0,1,0,1,0
6096.196553,1,0,1,0,1,0,1,1,1
6105.399458,1,1,0,1,1,1,0,1,0
6107.745052,0,1,1,1,1,0,0,0,0
6108.551982,0,1,0,0,0,0,1,1,1
6114.725758,0,0,1,1,0,0,1,1,0
6123.235156,1,0,0,0,0,0,1,0,0
6128.611558,0,1,0,0,1,1,0,0,0
6135.141006,0,0,0,1,0,1,1,1,1
6144.356771,1,1,1,1,1,0,1,1,1
6145.659228,1,1,1,1,0,1,0,1,1
6153.159478,1,0,1,0,0,1,1,0,0
6159.723924,1,1,1,1,0,0,0,0,0
6166.458530,0,0,0,1,1,0,1,1,1
6171.684472,1,1,1,0,1,1,0,0,0
6173.874602,1,1,1,1,0,0,0,1,1
6182.006657,0,0,1,1,1,1,1,0,1
6185.562857,1,0,0,0,1,1,1,0,1
6194.360446,1,0,0,0,1,0,1,0,0
6196.326766,0,1,0,1,0,1,1,1,0
6197.960936,0,0,0,1,1,1,1,1,0
6200.872536,0,0,0,1,1,1,1,1,0
6203.536078,1,0,1,0,1,1,1,1,0
6204.507606,0,0,1,1,1,0,1,0,1
6210.242299,1,1,0,0,1,0,1,1,1
6211.302016,0,0,1,1,1,0,1,0,0
6216.064445,1,1,1,1,1,1,1,0,0
6221.514002,0,0,1,1,1,0,1,0,1
6227.306089,1,1,0,1,1,0,0,1,1
6230.294212,1,0,1,1,1,0,1,0,1
6233.236094,0,0,1,1,0,0,1,0,0
6234.123705,1,1,0,0,0,1,0,0,1
6242.120621,1,0,1,1,0,1,0,0,1
6243.781482,1,1,0,1,1,0,0,1,0
6244.132023,0,0,1,1,1,0,0,0,0
6246.599443,0,0,1,0,0,1,1,1,1
6255.553523,1,0,0,0,0,1,0,0,0
6259.497631,0,0,1,1,0,0,1,0,1
6261.067102,0,0,1,1,0,0,0,1,1
6270.153653,1,0,0,1,0,1,0,0,0
6279.671903,1,1,0,0,1,0,0,0,1
6283.758516,1,0,1,1,0,1,0,0,0
6293.039633,0,1,0,0,0,1,0,0,1
6297.072488,0,1,1,1,1,1,0,1,0
6303.600613,0,0,0,0,1,1,1,1,0
6306.033802,1,0,0,0,1,1,0,1,1
6314.912838,0,0,0,1,1,0,1,1,0
6317.006055,0,1,1,0,1,0,1,0,0
6326.800737,1,1,1,0,0,1,0,0,0
6328.112147,0,0,1,0,0,1,1,1,1
6329.281254,0,0,1,0,1,1,1,0,1
6335.649050,1,0,0,0,1,0,0,0,1
6338.326550,0,0,0,0,1,1,1,0,1
6347.992554,1,1,0,0,0,1,0,0,1
6351.312506,0,1,0,0,1,0,1,1,0
6360.746524,0,1,0,0,1,0,0,1,1
6361.116615,0,1,1,0,0,0,0,0,1
6365.839365,0,0,1,0,0,1,0,1,0
6371.487282,1,1,0,1,0,0,0,0,1
6381.124781,0,0,0,1,1,1,1,1,0
6383.251382,1,1,0,0,1,0,1,0,1
6391.399715,1,1,0,1,0,0,0,1,1
6397.421618,1,1,1,0,0,1,1,0,0
6403.444961,0,1,1,0,1,1,1,1,1
6410.290514,1,0,1,1,1,0,1,1,0
6418.541810,0,0,0,0,1,0,1,1,0
6422.196291,1,1,1,1,0,1,1,0,1
6432.088443,1,1,1,1,1,0,0,1,0
6441.881567,0,0,0,0,0,0,1,1,0
6451.214967,0,1,1,1,1,0,0,1,1
6458.720015,0,0,1,1,0,1,1,1,1
6460.752062,1,0,1,0,1,1,0,0,0
6468.279903,1,0,0,1,1,0,1,0,0
6468.774681,0,0,1,1,1,0,1,0,0
6475.718383,0,0,0,0,1,1,0,0,0
6478.085559,0,0,0,1,1,0,1,0,1
6487.779359,1,0,0,0,1,1,1,0,0
6496.121494,1,1,0,0,1,0,0,0,1
6503.942486,0,1,1,1,1,0,1,1,0
6506.677389,1,0,0,1,0,0,1,1,1
6516.156269,0,0,0,1,0,1,1,1,1
6516.972002,0,0,0,0,1,0,0,1,0
6523.538471,1,1,0,1,0,1,1,1,0
6525.205971,1,1,0,1,1,0,1,0,1
6533.108355,0,1,1,1,0,1,1,0,0
6540.840393,1,0,1,1,1,0,1,1,0
6544.701007,0,0,1,1,1,1,1,1,1
6545.870886,1,1,0,0,1,1,0,0,0
6545.887082,0,0,0,1,0,1,1,0,0
6553.096034,0,1,1,1,0,0,0,1,1
6553.456786,0,0,0,1,0,1,0,1,0
6555.457586,1,0,1,0,0,0,0,1,0
6558.980501,0,1,0,0,1,1,0,0,1
6566.070575,0,1,1,1,0,1,0,0,1
6570.225888,0,0,0,1,0,0,1,0,0
6572.969976,0,1,1,0,0,1,0,1,0
6578.970376,0,1,1,0,0,0,1,1,0
6587.901566,0,0,0,0,0,0,1,0,0
6591.951544,1,1,1,1,0,0,0,0,0
6595.798313,0,0,0,0,0,1,0,1,0
6597.002896,0,0,0,1,1,0,1,1,1
6601.192803,0,0,0,0,0,0,1,1,0
6606.923340,0,0,0,1,0,1,1,0,1
6606.992361,1,0,1,1,1,0,0,0,1
6614.051479,0,1,1,1,0,0,1,1,1
6618.084333,1,0,1,0,1,0,1,1,0
6627.446099,1,0,0,0,0,0,1,1,0
6635.147647,0,1,1,1,0,1,0,1,1
6637.317444,1,1,1,1,1,0,0,0,0
6639.857873,1,1,1,1,0,1,0,1,0
6641.951980,0,1,1,1,0,1,1,1,0
6650.365600,1,0,0,1,1,1,1,1,0
6658.429976,1,1,1,1,1,0,0,1,0
6667.163869,1,1,0,1,0,0,1,0,0
6677.033163,0,1,0,1,1,0,1,1,1
6682.605034,1,0,0,0,0,0,1,1,1
6684.925802,0,0,1,0,0,1,1,0,1
6688.788023,0,1,0,1,1,0,1,0,1
6698.690946,0,0,0,1,0,1,1,1,0
6704.829793,0,1,1,1,0,1,0,1,1
6707.964170,1,1,1,0,0,0,0,1,0
6708.234751,1,0,0,1,1,0,1,0,0
6711.917693,1,0,0,1,0,0,0,0,0
6714.126133,0,0,0,0,1,1,0,0,0
6721.824205,0,1,1,0,1,1,1,0,1
6725.184950,0,0,0,1,1,1,1,1,0
6731.070317,0,1,1,1,1,1,0,0,0
6735.073726,1,1,1,1,0,1,0,0,0
6736.997610,0,1,0,0,1,1,1,1,0
6738.130137,1,1,0,0,0,1,0,1,0
6742.165821,0,0,0,1,0,1,1,0,0
6748.106077,1,1,0,1,0,0,1,0,1
6748.556710,0,1,0,0,0,1,1,0,1
6753.412219,0,0,0,0,0,0,0,1,0
6762.999890,0,1,1,1,1,0,1,1,0
6764.087737,0,0,1,0,1,1,0,1,0
6764.691087,1,1,1,0,0,1,0,1,1
6769.534057,0,0,0,1,0,1,1,0,0
6777.672771,1,1,1,1,1,1,0,0,0
6780.646447,0,1,0,1,0,1,0,0,0
6788.446667,1,1,1,0,0,0,1,1,0
6797.388457,1,1,0,1,0,0,0,1,0
6800.732588,1,1,1,1,1,1,0,1,1
6808.752588,1,0,0,1,1,0,0,1,1
6815.478220,1,1,0,1,1,0,0,1,1
6818.907449,1,1,1,1,0,0,1,0,1
6828.037970,1,0,1,1,0,0,0,1,0
6835.275601,1,1,0,1,0,1,1,1,0
6839.804719,0,0,0,1,0,1,0,1,1
6849.045867,1,1,0,0,1,1,0,0,1
6851.275746,0,0,1,1,0,0,0,0,0
6852.597109,0,1,1,0,0,1,1,1,1
6857.115975,1,1,1,1,1,1,0,0,0
6858.030721,1,0,1,0,1,1,1,0,0
6862.742789,0,0,0,0,1,0,1,1,0
6869.256455,0,1,0,0,1,0,0,1,0
6875.398145,0,0,1,1,1,0,0,1,0
6877.393626,1,0,0,0,1,0,0,0,0
6883.598385,0,1,1,0,0,0,0,1,0
6886.849060,0,0,1,0,1,0,1,1,1
6896.530465,1,1,0,1,0,1,0,1,0
6902.568597,0,0,0,0,1,1,0,0,0
6909.103034,0,0,1,1,0,1,1,1,1
6917.405787,0,1,0,0,1,0,0,0,0
6923.013703,0,1,1,0,1,1,1,1,1
6927.907831,1,0,0,1,0,1,0,0,0
6936.864889,1,0,1,0,0,0,0,0,1
6945.927482,1,1,0,1,1,1,1,0,0
6954.147631,0,0,1,0,1,0,0,0,0
6956.991858,0,0,1,1,0,1,0,0,0
6958.059418,1,0,0,1,1,1,0,0,1
6958.610363,1,0,1,1,1,1,1,0,0
6960.091700,1,0,1,1,0,0,1,1,1
6967.611328,0,1,0,0,1,1,0,1,1
6975.676038,0,1,0,0,0,0,0,0,0
6983.208418,1,0,1,0,1,0,1,0,1
6992.682784,1,0,1,0,1,1,1,0,1
6997.954574,1,0,0,0,1,1,1,1,0
6999.674152,1,0,0,0,0,0,0,0,1
7008.183787,1,1,1,1,1,0,1,0,1
7014.541655,1,0,1,1,0,1,0,1,1
7024.454200,1,1,0,0,1,0,1,1,1
7028.838498,1,1,0,1,1,1,0,0,0
7037.552218,1,0,1,0,1,0,1,1,0
7040.839109,0,1,0,1,1,1,1,0,0
7049.280013,0,1,0,1,0,0,1,0,0
7056.911435,1,1,0,1,1,0,0,1,0
7058.493672,0,1,1,1,1,1,1,1,1
7062.234135,0,1,0,0,1,0,1,0,1
7069.108499,0,1,0,0,0,1,1,0,0
7078.136374,0,0,0,0,0,1,1,1,1
7079.274631,0,0,0,1,0,1,1,1,1
7086.385343,0,1,0,0,0,0,0,0,1
7094.952695,0,1,0,0,0,0,0,0,0
7102.333909,1,0,0,0,1,1,0,0,0
7104.338287,1,0,0,1,0,1,0,0,0
7110.054441,0,0,0,1,0,0,1,1,1
7110.364934,1,1,1,1,1,0,0,1,0
7110.865884,1,0,1,1,0,0,0,1,1
7115.529231,1,0,0,0,0,0,1,1,1
7117.248272,1,0,1,1,1,0,1,1,0
7122.436253,0,1,1,0,0,1,1,1,1
7123.627610,1,1,0,1,0,1,0,1,0
7125.721424,0,0,1,1,0,1,0,0,0
7134.483979,1,1,0,1,1,0,0,0,0
7137.234704,0,0,0,0,0,1,0,0,1
7142.607068,1,0,1,1,1,1,1,1,1
7149.186357,1,0,0,1,0,1,0,0,1
7157.483402,1,1,0,1,1,1,0,0,0
7164.242136,1,1,0,1,1,0,1,0,0
7170.481318,0,1,0,1,1,0,0,1,0
7177.670355,0,0,0,1,0,0,0,1,0
7177.757926,0,1,1,1,1,1,1,1,1
7183.647908,1,0,0,1,0,1,1,1,1
7191.619385,1,0,0,0,0,0,0,0,0
7194.098770,0,0,1,0,0,0,0,1,1
7195.408432,1,0,1,1,0,0,1,1,1
7202.486019,1,1,0,0,0,0,1,0,0
7202.950549,1,0,1,0,0,0,0,1,0
7208.249145,0,0,0,1,0,1,0,1,0
7212.433937,0,0,0,0,0,1,1,1,1
7215.598307,0,0,1,0,0,1,0,0,1
7215.599307,0,1,1,0,1,1,1,1,0
7219.147511,0,1,0,0,1,0,0,0,0
7226.757239,1,0,0,0,1,1,1,0,1
7234.088014,1,0,1,1,1,0,1,1,1
7234.773877,1,1,1,0,0,0,0,1,1
7240.636360,0,0,1,0,1,0,1,1,1
7246.995420,1,1,1,0,0,0,0,1,0
7254.099368,0,1,1,0,0,0,1,0,0
7255.468155,1,1,0,1,1,0,0,1,0
7258.079027,0,0,1,1,1,0,1,1,0
7259.504080,0,1,0,0,1,0,1,0,0
7266.066104,1,1,1,0,0,0,0,1,1
7272.460744,0,0,1,1,1,0,1,1,1
7281.020559,1,1,1,1,1,1,1,1,1
7281.305374,0,1,0,1,1,1,0,1,0
7287.106398,0,1,1,0,1,0,1,0,1
7289.514327,0,0,0,0,0,0,1,0,1
7293.144308,1,1,0,1,0,1,1,0,0
7293.317705,1,1,0,1,1,1,1,1,1
7303.146781,0,1,0,1,0,0,1,0,0
7309.754264,0,0,0,1,1,0,0,0,0
7319.406472,0,1,1,1,0,0,1,0,0
7328.140223,0,1,0,0,1,0,0,1,0
7333.675077,1,0,1,0,0,1,0,0,0
7334.421344,1,1,1,0,0,1,1,0,1
7342.941900,0,1,0,1,1,0,1,0,0
7343.414792,0,0,0,0,1,0,0,0,1
7351.239752,0,0,0,1,1,1,0,0,0
7361.073287,0,1,0,0,1,0,0,1,0
7365.792429,1,1,1,1,1,1,0,0,1
7370.690059,1,1,1,1,0,0,1,0,0
7376.290499,0,0,0,0,0,1,1,0,0
7385.975735,0,1,1,0,0,0,0,1,1
7395.647899,0,1,1,0,0,0,1,1,0
7402.955861,0,1,1,1,0,1,1,0,0
7411.045720,1,1,0,1,1,0,1,1,1
7420.333261,0,1,1,1,0,1,1,0,0
7423.360985,1,1,0,0,1,1,1,1,0
7433.045830,0,1,1,1,0,0,0,0,0
7434.997855,0,0,0,1,1,0,0,0,1
7438.614565,1,0,1,1,1,0,0,0,1
7444.019012,0,1,0,0,0,1,1,1,1
7451.191708,1,0,0,0,1,0,0,1,1
7458.190925,1,0,1,0,1,1,1,1,0
7463.831960,0,0,1,0,0,0,0,1,0
7472.324758,1,0,0,1,0,0,1,0,0
7479.325058,0,0,1,1,1,1,0,1,0
7483.001839,0,0,0,1,0,1,1,1,0
7489.195991,1,1,1,1,0,0,1,0,1
7494.666529,1,0,1,0,0,1,1,1,0
7495.989619,1,1,0,0,1,1,0,0,0
7503.924609,1,1,1,1,1,0,0,1,0
7504.455357,1,0,0,1,0,0,1,1,0
7505.974610,1,0,1,1,1,0,0,1,1
7513.567974,1,1,0,0,1,1,0,1,0
7520.805092,1,1,1,1,1,1,1,1,0
7527.791695,1,0,0,0,0,1,1,0,0
7532.661160,0,1,0,0,0,0,1,0,1
7536.874446,0,1,0,0,0,1,0,1,0
7540.201961,0,0,1,1,1,0,1,1,0
7540.912636,1,0,0,0,1,0,1,1,0
7543.253608,1,0,0,1,0,1,0,0,0
7550.558404,1,0,0,1,0,0,1,1,0
7553.756243,0,1,0,1,1,1,1,0,0
7558.856511,0,1,0,0,0,0,1,1,1
7565.412179,1,1,0,1,1,1,1,0,1
7573.236162,0,1,0,1,0,1,1,1,1
7580.968783,0,1,0,1,1,0,1,1,1
7587.438139,1,1,1,0,0,1,0,0,1
7587.439139,1,0,0,0,1,0,1,0,1
7595.531973,0,0,1,0,1,1,0,1,1
7598.637237,0,0,0,0,1,1,0,0,1
7602.637837,0,1,1,1,1,0,1,0,0
7610.011288,0,1,1,0,1,1,1,0,0
7612.660672,1,1,1,0,0,0,0,1,1
7620.556761,0,1,0,0,0,0,1,1,1
7624.510854,0,1,0,0,1,0,1,1,0
7630.238463,1,0,1,1,1,0,0,0,1
7635.516713,0,1,1,1,0,0,0,0,1
7643.871716,1,1,1,1,1,1,1,1,1
7647.532061,0,0,1,1,0,0,0,0,1
7649.879283,1,1,1,1,1,0,0,0,0
7651.546783,1,1,0,1,1,0,0,1,1
7653.244188,0,0,1,0,0,1,0,0,1
7653.920965,1,1,1,1,0,1,1,0,0
7659.801205,0,0,0,1,0,1,0,1,1
7669.604719,0,1,0,1,0,1,1,0,0
7678.147721,0,0,0,1,0,0,1,1,1
7683.187743,1,0,1,0,0,0,1,0,0
7684.567916,0,0,0,0,0,0,1,1,0
7684.568916,1,0,1,1,1,1,1,0,1
7689.946262,1,1,1,0,0,0,0,0,0
7696.983596,1,0,0,1,0,1,1,1,1
7703.764022,0,0,1,1,0,1,1,1,1
7712.545870,1,1,1,1,1,0,0,0,0
7717.267472,1,0,1,0,0,1,0,1,0
7718.080891,1,1,0,0,1,1,0,1,1
7724.375379,0,1,0,0,0,1,0,0,0
7729.775839,0,0,0,0,1,1,1,1,0
7732.308232,0,1,1,1,1,1,1,0,0
7739.458517,1,1,1,0,0,1,0,0,1
7743.316999,1,1,0,0,1,0,0,1,1
7744.422757,1,1,0,0,0,1,0,0,0
7752.860414,0,1,1,1,0,1,1,0,0
7760.599455,0,0,0,0,1,0,0,0,0
7761.878417,0,1,0,1,0,0,0,0,0
7761.943513,0,1,0,1,0,1,0,1,0
7768.307513,1,1,0,0,0,0,1,0,0
7775.571468,1,1,0,1,1,0,0,0,1
7785.266032,1,0,0,0,0,1,0,0,0
7794.080105,1,1,1,1,0,1,0,1,1
7796.408663,1,1,1,0,0,0,0,0,1
7800.343245,0,1,1,0,0,0,1,0,0
7806.059692,1,0,0,0,1,0,1,1,1
7813.457213,0,1,1,1,0,0,0,0,1
7815.957963,0,0,0,0,1,1,0,1,0
7820.405754,1,0,1,1,0,1,1,1,0
7825.450386,0,0,1,1,1,0,1,1,1
7827.028464,1,0,1,0,0,0,1,0,1
7828.801439,0,1,0,1,0,0,0,0,1
7836.875286,1,0,1,0,0,0,1,0,0
7844.331578,1,1,1,1,1,0,1,1,1
7854.003069,1,0,0,0,1,0,0,0,1
7862.103817,1,1,0,1,0,0,1,1,0
7864.128906,0,1,1,0,0,0,1,0,0
7870.109700,1,1,0,1,1,1,0,1,1
7879.667978,1,0,1,1,1,1,0,1,1
7887.700961,1,1,0,0,1,0,0,1,1
7895.840682,0,1,1,0,0,1,1,0,0
7903.122644,0,0,0,0,1,1,0,0,1
7908.526527,1,1,0,0,1,1,1,0,1
7913.778143,1,0,1,0,1,1,0,1,1
7915.797721,0,1,0,0,1,0,1,1,0
7920.184247,0,0,1,0,0,1,1,0,0
7925.060166,1,0,1,0,1,0,1,1,0
7928.645713,1,0,0,0,1,1,0,1,1
7936.620993,0,0,0,0,0,0,0,1,0
7939.522938,1,1,1,0,0,1,1,1,1
7941.093548,1,1,0,1,1,1,0,1,1
7947.760548,1,1,0,1,1,1,1,0,1
7956.555849,1,1,1,0,0,1,0,0,0
7959.336494,1,0,0,1,0,1,1,1,0
7968.384208,0,1,1,0,1,1,0,0,0
7969.876476,0,1,0,1,0,0,0,1,0
7970.518612,1,1,0,0,1,0,0,1,1
7972.602737,1,1,1,0,0,1,0,0,1
7972.718011,1,1,0,1,1,1,1,1,1
7981.786732,0,0,1,1,1,1,1,0,1
7982.180951,1,0,0,1,0,0,1,1,0
7987.421350,0,1,1,0,1,0,0,0,0
7996.474530,0,1,0,0,0,1,0,1,0
8003.221843,0,0,0,0,1,1,1,0,0
8004.639166,0,0,1,0,1,1,0,0,1
8007.168649,1,0,0,1,0,1,1,1,0
8011.323369,1,0,1,1,0,0,0,1,0
8013.995334,0,0,0,0,1,0,0,0,0
8016.360770,1,1,1,1,0,0,0,1,1
8024.177081,0,1,0,0,1,0,1,1,0
8027.304916,1,0,0,1,1,0,1,1,0
8036.859826,1,1,1,0,1,0,0,0,1
8042.123457,1,1,0,1,1,1,1,0,0
8042.294375,0,1,1,0,1,1,0,0,0
8042.410748,0,1,0,1,1,0,0,1,1
8043.038317,0,0,0,0,0,0,0,1,1
8050.907011,0,1,0,0,0,0,0,1,0
8054.950817,1,0,0,1,0,0,0,0,1
8055.459094,1,0,0,1,1,1,1,0,0
8055.692629,0,1,0,0,0,1,1,1,1
8060.460594,0,1,0,0,0,1,0,0,1
8066.241902,1,1,0,0,0,0,1,1,1
8066.402537,1,0,1,1,0,0,1,0,0
8073.596127,0,0,1,1,0,1,1,0,0
8080.011367,0,1,1,1,1,1,0,1,0
8085.076238,0,1,0,1,0,1,0,0,1
8085.506238,1,1,1,0,1,1,0,1,0
8095.397553,1,0,0,1,1,1,0,1,0
8097.578335,0,1,0,1,1,1,1,1,1
8101.807768,0,1,1,0,1,0,0,0,0
8110.861219,1,1,1,1,0,0,1,1,0
8114.779823,0,1,1,1,1,0,1,1,0
8115.299639,1,0,0,1,1,0,1,1,1
8115.929147,0,1,1,1,1,1,1,0,0
8118.232947,0,1,1,0,0,1,1,1,0
8127.633360,1,0,1,1,1,1,0,0,1
8131.057931,0,1,1,0,1,1,0,1,1
8139.058131,0,0,1,0,0,0,1,1,1
8144.131510,1,1,0,0,1,0,1,0,0
8149.312172,1,0,1,1,1,0,1,1,1
8151.246103,0,1,0,0,1,0,0,0,0
8160.402437,1,1,0,0,0,1,0,1,0
8165.141425,0,0,1,1,1,0,1,0,1
8175.112102,1,0,1,1,1,1,1,0,0
8182.516208,0,1,0,1,1,1,1,1,0
8186.992951,1,0,1,0,0,0,0,0,0
8190.623481,1,0,1,1,0,1,0,1,1
8191.467955,1,1,1,1,1,0,0,0,0
8195.511104,0,1,1,1,1,1,1,1,0
8196.150338,0,0,0,1,0,1,0,0,0
8199.471216,1,1,0,0,0,1,0,1,1
8208.159872,1,1,0,1,0,0,0,1,0
8211.194276,1,0,0,1,1,0,1,0,1
8212.895511,0,1,0,0,1,0,1,1,1
8214.651970,1,0,0,0,1,0,0,0,0
8215.456910,0,1,0,1,0,1,1,1,1
8215.932399,1,1,1,1,1,0,0,1,1
8220.193843,1,1,0,1,1,0,0,1,0
8220.602965,0,0,1,0,0,0,1,1,0
8229.411189,1,0,1,0,0,1,0,0,0
8238.179221,1,1,1,0,0,1,1,0,0
8242.221775,0,0,0,0,1,1,1,1,1
8248.948160,0,0,0,1,1,0,0,0,0
8253.705239,1,0,0,1,1,1,1,0,1
8254.797941,1,0,1,0,0,0,1,0,1
8258.849169,0,1,0,0,1,0,1,1,0
8258.921252,0,1,1,0,0,0,0,0,0
8263.133952,1,1,1,0,1,0,1,1,1
8271.987570,1,0,1,0,0,0,1,1,1
8279.926372,1,1,1,0,1,1,0,1,1
8283.530615,1,0,0,1,1,1,0,1,1
8287.923941,1,1,1,0,1,0,0,0,1
8289.681176,1,0,1,0,0,0,0,0,1
8291.518150,1,1,1,0,0,0,0,1,1
8297.192564,0,1,1,1,1,0,0,0,1
8297.193564,0,0,1,1,0,1,0,1,0
8300.502423,0,1,0,0,0,0,1,0,0
8308.815661,0,0,0,0,0,1,1,0,0
8311.387833,0,0,0,0,1,1,1,0,1
8320.407539,1,1,1,1,0,0,0,1,1
8321.065288,1,1,1,1,0,0,1,1,1
8329.942211,1,0,0,0,1,0,1,1,0
8338.843031,1,0,0,1,1,1,0,0,0
8348.509731,1,1,1,1,0,0,0,1,1
8356.578593,0,1,0,0,0,0,0,0,1
8361.616873,1,0,1,0,1,0,1,0,1
8370.832638,1,1,1,1,0,1,0,1,0
8376.812421,1,1,0,0,0,0,0,1,0
8386.012501,1,1,1,1,1,1,1,1,1
8391.173127,0,0,0,1,1,0,0,1,0
8398.293834,1,1,1,1,1,0,1,0,0
8404.797251,1,0,0,1,0,0,0,0,0
8409.081832,0,1,1,1,1,1,0,1,1
8410.157105,0,0,1,0,1,1,0,0,1
8412.488288,1,0,1,0,1,0,1,0,0
8414.189406,0,1,0,1,1,1,1,1,1
8414.190406,1,1,1,0,1,1,0,1,1
8416.503878,1,1,0,1,1,1,1,1,1
8426.457371,1,1,1,1,1,0,0,1,0
8432.856541,1,0,0,1,1,0,0,0,1
8435.845748,1,0,0,0,1,1,1,1,1
8440.866246,1,0,0,0,1,0,0,0,1
8443.738754,1,1,1,0,0,0,0,1,1
8447.114992,0,1,0,1,1,1,1,0,1
8450.206592,0,0,1,1,1,0,0,1,0
8458.810938,0,0,0,1,0,0,0,0,1
8459.041939,1,1,1,0,1,0,1,0,0
8462.270687,0,0,0,0,0,1,0,1,1
8466.738833,1,1,0,1,1,0,1,0,1
8469.910247,0,0,0,0,0,1,0,0,0
8475.720722,1,1,1,0,0,1,0,1,0
8481.399388,0,0,1,0,1,0,1,1,0
8487.039824,0,0,1,0,1,1,1,1,1
8494.799611,0,1,0,1,1,0,1,1,0
8500.180867,1,1,0,1,1,1,1,1,1
8508.893117,1,0,0,0,1,0,1,0,1
8516.917332,0,0,0,0,0,1,1,1,0
8517.418282,0,0,0,0,0,0,1,1,1
8524.154458,0,0,0,1,0,0,1,1,1
8525.495274,0,1,1,0,1,1,0,0,1
8526.874515,0,1,0,1,0,0,0,1,0
8532.752214,1,0,1,1,0,1,0,1,1
8533.801497,0,1,1,1,1,1,0,0,1
8539.319186,1,1,0,1,1,1,1,1,1
8548.323270,1,0,1,1,0,0,0,1,0
8555.159950,1,1,0,0,0,1,1,1,1
8557.500753,1,0,0,1,1,0,0,1,0
8558.129789,0,0,0,0,0,1,1,0,1
8567.862555,1,0,0,1,0,1,0,1,0
8574.384642,0,0,0,1,1,0,1,0,1
8579.294242,1,1,0,1,0,0,0,0,1
8580.475679,1,0,0,1,1,1,1,0,1
8581.089645,0,1,0,0,1,1,1,1,1
8584.079477,0,0,0,0,0,0,1,0,1
8591.222619,1,1,0,0,1,1,0,0,1
8598.135972,1,1,1,0,1,1,0,1,0
8607.804879,0,1,1,1,1,1,0,0,1
8616.090765,0,1,0,0,0,0,1,0,1
8621.577702,0,1,0,1,0,1,1,1,0
8622.106054,0,1,0,1,0,1,1,1,1
8628.089835,0,0,0,1,1,0,0,0,0
8632.555177,0,0,1,1,0,0,1,1,0
8642.165308,1,1,1,1,0,0,0,0,0
8646.329461,1,1,0,0,0,1,1,1,1
8653.246867,1,1,0,0,0,1,0,0,1
8657.685780,1,0,1,0,1,1,0,1,1
8661.642428,0,1,1,0,0,1,1,0,0
8663.392224,0,0,1,1,0,0,0,0,0
8667.678510,1,0,0,1,0,0,0,1,1
8669.064507,0,1,0,0,1,0,0,1,1
8674.408110,0,0,1,1,1,0,0,0,0
8675.927518,0,0,0,0,1,0,1,1,0
8676.496227,0,1,1,0,0,1,0,0,0
8677.253454,0,1,1,1,0,1,0,1,0
8685.741977,1,1,0,0,0,0,1,0,0
8690.260673,1,0,0,1,0,0,1,0,1
8693.761323,1,1,0,0,1,1,0,0,1
8696.301336,0,0,1,1,0,0,0,1,1
8700.087575,1,1,1,0,1,0,1,0,1
8700.581946,1,1,1,1,1,0,1,1,0
8708.188821,0,1,1,1,0,1,0,0,1
8708.189821,1,0,0,0,1,1,0,0,0
8715.936217,0,0,0,1,0,0,0,0,0
8716.554439,1,0,0,1,0,1,0,1,0
8721.443839,1,0,1,0,0,0,0,1,0
8721.579961,1,1,1,0,1,0,0,1,0
8724.934039,0,1,1,0,0,0,1,0,1
8734.278367,0,1,1,0,0,0,1,0,1
8743.098361,0,0,0,1,1,0,0,1,1
8749.850098,0,0,1,0,1,0,0,1,1
8751.671903,1,1,0,1,0,0,1,0,0
8752.920379,0,0,0,0,1,0,0,1,1
8758.254179,1,1,1,0,1,1,1,0,1
8766.825751,1,1,0,0,1,0,0,1,1
8770.943986,1,1,1,1,0,0,1,1,0
8772.267168,0,0,0,1,1,1,1,1,1
8773.975314,0,0,0,0,1,0,0,0,0
8782.078214,1,0,0,1,1,1,1,0,1
8790.788021,0,0,0,0,1,1,1,0,0
8794.693186,1,1,0,0,0,1,1,1,0
8797.188695,0,1,0,0,1,1,0,1,1
8798.300695,1,0,0,0,0,1,0,0,1
8804.432632,0,0,0,1,0,0,0,1,1
8806.933382,0,1,1,1,0,0,0,1,0
8815.254610,1,0,1,0,0,0,1,0,1
8823.734661,1,1,1,1,1,0,0,0,1
8831.579705,1,0,1,1,1,1,0,1,1
8838.392523,1,1,1,1,0,0,1,0,0
8843.194532,0,0,1,1,0,0,0,1,0
8850.849490,0,0,0,1,0,1,1,0,0
8857.165648,0,1,0,1,1,1,1,0,0
8866.673086,0,1,0,0,1,0,0,1,0
8872.169720,0,0,1,0,0,0,1,1,1
8877.160079,0,0,1,0,1,1,0,0,1
8882.483127,0,1,0,1,1,1,0,1,0
8884.094453,1,0,1,0,1,0,1,1,1
8888.636665,0,1,1,1,0,1,0,1,0
8896.724414,0,1,0,1,0,1,1,0,1
8905.949772,0,1,1,0,0,1,1,0,1
8910.928248,1,0,0,0,0,1,1,0,1
8911.100380,1,0,1,1,1,1,0,1,1
8917.516509,1,0,0,1,0,1,0,0,0
8921.622560,1,1,0,0,0,0,0,0,1
8923.542723,1,1,1,0,1,0,1,1,0
8930.799094,0,1,0,0,1,1,0,0,1
8940.606343,1,0,0,0,1,1,0,1,1
8950.189718,0,0,0,1,0,0,1,0,1
8958.890544,0,0,1,1,1,1,1,1,0
8967.604365,1,1,1,0,1,0,0,1,1
8969.814966,1,1,0,1,0,1,0,1,1
8974.019138,1,1,0,1,1,1,0,1,1
8977.965322,0,1,1,1,0,0,0,0,1
8979.099213,0,1,1,0,0,0,0,0,1
8981.912432,1,1,0,0,1,1,1,0,1
8987.159544,0,0,1,0,1,0,1,0,1
8990.893504,0,0,0,0,0,0,1,0,0
8993.425897,0,1,0,1,0,0,1,1,1
9000.142892,0,1,1,0,0,0,0,1,1
9003.523345,1,0,1,1,1,1,1,1,1
9005.334199,1,0,1,0,1,1,0,0,1
9007.715914,1,1,1,1,0,0,0,1,0
9011.854431,1,1,0,0,1,0,1,0,1
9018.904334,1,0,1,0,0,1,0,1,0
9026.922966,0,1,0,1,1,0,1,0,0
9030.199500,1,1,0,1,1,0,0,1,0
9039.439246,1,1,1,0,0,1,1,1,1
9049.325621,1,0,1,0,1,0,1,0,0
9050.724786,0,1,0,1,0,1,1,1,0
9055.781575,1,0,0,1,1,1,0,1,1
9058.009427,0,1,1,0,1,0,0,0,1
9064.880905,0,0,0,0,0,1,1,0,0
9071.988037,1,0,0,1,1,0,0,0,1
9075.322037,0,0,0,1,0,1,0,1,0
9079.813606,0,0,0,1,0,0,1,0,0
9085.416883,1,0,0,0,0,0,0,0,0
9086.062979,0,0,0,0,0,1,0,1,1
9094.858281,1,0,0,1,1,0,1,0,1
9099.716676,1,1,0,0,1,1,1,1,1
9100.081521,0,0,1,0,1,1,1,1,0
9103.298416,1,1,1,0,0,1,1,1,1
9105.446706,0,0,0,1,0,1,1,0,1
9111.943120,0,1,0,0,1,0,0,0,1
9114.987294,0,0,0,0,1,0,1,0,1
9117.687211,0,0,1,1,0,1,1,1,1
9126.549884,0,1,1,1,0,1,0,0,0
9127.979312,0,0,1,1,1,1,1,0,0
9134.743484,0,1,1,0,1,1,0,0,0
9138.462422,1,0,0,1,0,0,0,1,1
9144.056083,1,1,1,1,0,0,0,0,1
9151.380731,0,1,0,0,1,1,1,1,0
9153.772796,1,0,1,1,0,0,1,1,0
9154.171883,1,0,1,1,0,0,0,0,0
9160.184186,1,1,0,1,1,1,0,0,1
9168.438830,0,1,0,1,1,1,0,1,1
9177.078501,1,1,0,0,0,1,1,0,0
9179.576650,0,0,0,1,0,1,0,1,1
9181.291764,1,1,1,1,1,0,0,0,0
9189.096567,1,1,1,0,1,1,1,1,0
9191.441083,1,0,1,1,1,0,1,1,1
9193.773962,0,0,0,0,0,1,1,0,1
9199.403265,0,0,1,0,1,1,0,1,0
9203.684413,1,1,0,0,1,0,1,1,0
9211.633662,1,0,1,0,1,1,0,0,1
9216.621695,0,1,1,1,1,1,0,0,0
9217.289295,1,0,0,0,0,1,0,1,0
9223.561512,0,0,0,0,1,1,0,1,1
9227.632618,0,1,0,0,1,1,1,0,0
9233.562229,1,0,1,1,1,1,0,0,0
9238.062779,0,1,1,1,1,0,0,1,1
9244.079437,0,1,1,1,1,1,0,0,1
9250.008416,0,0,1,1,0,1,0,0,1
9251.924971,1,0,1,1,1,1,1,1,1
9258.887301,1,1,1,1,1,0,1,1,0
9262.271801,0,0,1,1,1,0,0,0,1
9262.272801,0,1,1,1,0,0,1,0,1
9267.306410,1,0,0,1,0,1,0,1,0
9276.621765,1,1,1,1,0,1,1,0,0
9281.077076,0,0,0,1,1,1,1,0,0
9282.988454,0,1,1,0,0,0,0,1,0
9288.407906,0,1,0,0,0,1,0,0,1
9296.804618,1,0,0,0,0,0,0,0,0
9305.895618,1,1,1,1,1,1,1,1,0
9307.214754,1,0,1,1,0,0,1,0,1
9312.307837,1,0,1,1,1,0,1,0,0
9316.975037,1,0,1,1,0,0,1,1,0
9321.593344,0,0,0,1,1,1,0,0,1
9324.306624,0,1,0,1,1,1,1,0,0
9325.005581,0,0,1,1,0,0,1,0,1
9334.939010,1,1,1,1,1,0,0,1,0
9341.695486,0,0,0,0,1,0,0,0,1
9350.866076,0,1,1,0,0,0,1,1,1
9357.540252,1,0,0,0,1,0,0,1,1
9359.945299,1,1,0,0,1,0,1,1,1
9365.987362,1,1,1,0,0,1,1,0,0
9368.704306,1,0,1,0,1,1,1,1,1
9372.006606,0,0,1,1,0,1,1,0,0
9373.696179,0,0,0,0,1,1,1,0,1
9374.721922,1,0,0,0,0,0,1,1,0
9383.068861,1,0,1,1,0,1,0,0,1
9384.339575,0,1,0,0,0,0,0,0,0
9394.273792,1,0,0,1,1,0,0,1,1
9401.368239,1,1,1,0,0,1,1,1,1
9404.467290,0,0,1,0,1,0,0,0,0
9411.681191,0,1,0,1,1,0,0,1,1
9416.098789,0,1,0,0,1,0,0,0,1
9419.204925,1,0,0,0,0,0,0,1,1
9427.855367,1,0,1,0,1,0,1,1,0
9430.856067,0,1,0,1,0,0,1,0,0
9434.830179,0,1,0,1,0,1,1,0,0
9440.218876,1,1,0,0,0,0,1,0,0
9446.440548,1,1,0,0,1,0,1,1,1
9446.455711,1,1,1,1,1,0,1,1,0
9454.288672,1,1,0,1,0,1,1,1,1
9455.600625,1,1,0,1,1,1,0,1,1
9462.948052,0,1,1,0,1,1,0,1,0
9468.631024,1,0,0,0,1,1,1,1,1
9472.751213,0,0,1,0,1,0,1,0,0
9479.244101,1,0,0,1,1,0,0,0,0
9487.254592,1,1,1,0,1,1,1,1,0
9489.845185,1,0,0,1,0,1,1,1,0
9491.091926,1,0,1,1,1,1,1,0,0
9494.643972,1,1,0,1,1,0,0,1,0
9504.165932,0,1,1,0,0,0,1,0,0
9510.959642,1,0,0,1,0,0,0,1,0
9512.368483,0,1,0,0,1,0,1,1,0
9518.080231,0,0,1,0,1,1,1,0,0
9518.828144,0,1,1,1,0,1,1,0,1
9525.978035,1,1,1,1,0,0,1,1,1
9534.644835,0,0,1,0,1,0,0,0,1
9543.525156,1,0,1,1,0,0,0,0,0
9543.939094,1,0,1,0,0,1,1,0,1
9551.809489,1,0,0,1,0,0,0,1,1
9556.874177,1,1,0,0,1,1,1,1,0
9556.909187,0,1,1,0,0,0,0,1,0
9561.161730,1,1,1,0,0,1,0,1,0
9566.044721,1,1,0,0,0,1,1,0,0
9569.428841,1,1,0,0,1,1,1,0,0
9576.827750,0,0,1,1,1,1,1,0,1
9577.597904,1,0,0,1,0,0,0,1,0
9581.287855,1,1,0,1,0,0,1,0,0
9587.964790,1,0,1,1,1,0,1,1,1
9597.859537,0,1,1,0,0,0,1,1,0
9606.859637,0,0,0,0,1,1,0,0,0
9609.536426,0,0,1,0,1,0,0,0,1
9616.454027,0,1,1,0,1,1,0,0,1
9626.226777,1,0,1,0,1,1,0,0,1
9635.583984,0,1,0,0,0,1,0,1,1
9635.984944,0,1,0,1,1,1,1,1,0
9640.114630,1,1,1,0,0,1,1,1,1
9645.481202,0,1,0,0,1,1,1,1,1
9648.693560,0,0,1,0,1,1,0,1,0
9649.021800,1,0,0,1,1,0,0,1,0
9652.625059,1,0,0,1,0,1,1,0,1
9658.458809,1,1,0,1,1,0,1,0,0
9658.459809,1,1,0,0,1,1,0,1,0
9660.281680,0,0,1,0,0,0,1,1,1
9661.438751,1,0,1,0,0,0,1,0,1
9667.595487,1,1,1,0,1,1,0,1,0
9672.960382,0,0,1,0,0,0,0,0,0
9680.387391,1,1,0,1,1,1,1,0,0
9684.614919,1,1,1,1,0,0,1,1,0
9690.831513,1,1,1,1,0,1,1,1,0
9691.729859,0,1,0,0,0,1,0,0,1
9692.802181,0,1,1,0,1,0,0,1,1
9700.848948,0,1,1,0,1,0,1,1,1
9701.196067,1,0,1,1,0,0,0,1,1
9703.124709,1,1,0,1,0,0,1,1,0
9711.572070,0,0,0,0,1,0,1,0,0
9713.997070,0,0,1,1,0,1,1,0,0
9718.946380,1,0,0,1,0,0,0,1,0
9725.620020,1,1,0,1,0,1,1,1,1
9732.105334,1,1,1,1,0,0,1,1,0
9733.983940,0,1,1,1,1,0,1,0,1
9737.317940,1,1,0,0,0,1,0,1,0
9738.257665,1,1,1,0,1,1,1,0,0
9741.345313,0,0,1,0,1,0,0,1,1
9744.116736,0,1,0,0,0,1,0,0,1
9746.125732,0,1,1,1,0,0,1,1,0
9755.426714,0,0,1,0,0,1,0,1,0
9759.409617,1,1,1,0,0,0,1,0,1
9759.666728,0,0,1,1,1,1,0,1,1
9764.348604,0,1,0,0,0,1,1,0,1
9766.441085,1,0,0,1,0,1,0,0,1
9771.243716,1,0,0,1,0,1,0,0,0
9779.667862,1,0,0,0,1,1,0,1,1
9787.827945,0,0,1,1,1,0,0,0,0
9796.708923,0,1,0,1,0,0,0,1,0
9797.435803,0,0,0,0,0,0,1,1,0
9802.464872,1,0,0,1,0,0,1,1,0
9808.230001,0,1,1,0,1,0,0,0,0
9816.093285,0,1,0,1,1,0,0,0,0
9824.354329,0,1,1,0,0,1,0,0,0
9825.533459,0,1,0,0,1,0,0,1,0
9832.560783,0,0,1,0,1,1,1,1,0
9837.726102,1,1,0,0,0,1,1,1,1
9846.999171,1,0,1,1,0,0,1,1,0
9847.000171,0,0,0,1,1,1,0,0,0
9850.133991,1,0,0,0,1,1,0,0,0
9858.329660,1,1,0,0,1,0,0,1,0
9859.844023,0,0,0,1,0,0,1,1,0
9863.835449,0,0,0,0,1,0,0,1,1
9872.096493,1,1,1,0,0,0,1,1,0
9873.712238,0,1,0,0,1,0,1,1,1
9876.292690,1,1,0,1,1,1,0,1,1
9878.083904,0,1,1,1,1,1,1,1,1
9880.404260,0,0,1,1,0,1,0,0,1
9890.131250,1,0,1,1,0,1,1,0,0
9894.149443,1,1,0,1,1,0,1,0,1
9898.610335,0,1,1,1,1,1,1,0,1
9898.684245,1,1,0,0,1,0,1,0,1
9901.450925,0,0,0,0,0,0,1,0,1
9910.661058,1,1,0,0,0,1,1,1,1
9915.349090,0,0,0,1,1,0,1,1,0
9916.889593,0,1,1,1,0,1,0,0,0
9919.183942,0,0,1,0,0,0,0,1,0
9924.750423,0,0,0,1,0,0,0,1,0
9934.662584,1,0,1,0,0,1,0,0,0
9938.454616,1,1,0,0,1,0,0,0,1
9938.580604,0,0,1,1,1,1,0,0,1
9941.800460,1,1,0,1,1,0,1,1,0
9951.259973,1,0,0,1,1,1,1,1,0
9954.660999,0,1,0,1,1,1,1,0,0
9959.148354,1,1,1,0,1,0,0,0,0
9964.044698,0,1,1,0,0,0,0,0,0
9970.026694,1,0,1,0,1,0,1,1,0
9972.731352,1,1,1,1,1,0,1,1,0
9974.287752,0,0,0,0,0,1,0,1,1
9979.288252,0,0,1,1,0,1,1,0,1
9983.564358,0,0,1,0,1,0,0,0,0
9992.587357,1,0,0,1,0,1,0,0,1
9999.755128,0,1,1,0,1,0,0,0,0
