t,finish1,finish2,finish3,release1,release2,release3,start1,start2,start3
5.900709,1,0,0,1,1,1,1,1,0
14.663839,1,0,0,1,1,0,1,1,1
14.821073,0,0,1,0,0,1,0,0,0
17.369665,0,1,1,1,0,0,1,0,1
19.609090,1,1,0,1,1,0,1,1,0
25.976275,1,0,0,1,1,1,0,0,1
26.786018,0,1,0,1,0,1,0,0,0
34.738030,0,0,0,0,0,0,1,0,0
36.922720,1,0,0,1,0,0,0,1,0
44.026074,0,0,0,0,1,0,0,1,0
52.705451,1,1,0,1,0,1,1,0,0
59.684476,0,1,1,1,1,0,1,1,1
60.861829,1,0,0,1,1,0,1,1,1
67.583469,1,1,0,0,1,1,0,0,1
69.456428,0,0,0,1,0,1,1,0,0
73.677653,1,1,0,1,0,0,1,0,1
83.407410,0,0,0,0,1,1,0,0,0
93.082899,0,0,1,0,0,0,0,1,1
97.257656,1,1,0,0,1,0,1,0,0
104.064333,0,1,0,1,0,1,0,1,0
104.724608,1,1,0,0,0,1,1,1,0
110.598037,0,0,0,1,0,1,0,0,0
120.351351,1,1,0,1,1,1,1,1,0
120.352351,1,1,1,0,1,1,1,1,1
121.554644,0,0,0,1,1,1,0,0,1
128.272085,1,0,1,0,1,1,1,0,1
130.600322,0,0,0,0,0,0,1,1,0
131.133379,1,0,0,1,1,0,0,0,0
135.339673,0,0,1,0,0,0,0,1,0
138.949888,0,1,0,1,0,0,1,0,0
143.421162,1,1,0,0,0,0,1,0,0
148.563009,0,0,1,1,1,0,0,1,1
156.611985,0,1,1,0,0,0,0,1,1
166.547056,1,0,1,0,0,0,0,0,1
166.548056,0,1,0,1,1,1,0,1,0
174.979585,0,0,1,0,0,0,0,0,1
179.980085,1,1,0,0,1,0,1,0,0
180.320035,1,1,1,0,0,0,0,1,1
185.308881,0,0,0,0,0,1,0,0,0
189.256854,0,1,0,1,1,1,0,1,0
193.433261,0,0,1,0,0,0,0,0,0
201.950807,1,0,1,0,1,0,1,0,1
206.712423,0,0,1,0,0,0,0,0,1
209.413984,0,1,0,1,0,1,0,1,1
211.044568,1,1,1,0,1,1,1,1,0
215.783948,1,0,0,1,1,1,1,1,0
223.747952,0,1,0,0,0,1,1,0,1
232.373090,0,0,1,1,0,0,0,0,0
237.976978,0,0,1,1,0,0,1,0,1
246.782718,1,0,0,1,0,1,1,0,1
254.255498,0,0,0,0,1,0,0,1,1
260.123836,0,1,0,0,0,1,0,0,0
262.537559,1,0,0,0,1,1,1,1,1
265.204959,0,1,0,1,0,1,0,0,0
272.139228,1,0,0,0,0,0,0,0,1
273.952128,0,0,0,0,1,1,0,1,1
277.486806,1,0,1,0,1,1,0,1,0
284.554309,1,1,0,0,1,1,1,1,1
288.033222,0,0,0,1,0,1,1,0,1
296.827312,1,1,0,0,0,1,0,0,1
298.271206,0,1,0,1,1,1,0,0,0
302.339596,0,0,0,0,0,0,1,1,1
309.964418,1,0,0,0,0,1,0,0,0
314.162950,0,1,1,1,1,1,1,0,1
316.663700,1,1,0,1,0,1,1,1,1
324.163950,1,0,0,0,1,1,0,1,1
333.442154,0,0,0,0,1,1,0,0,0
339.096084,0,1,1,1,0,1,1,1,1
347.045007,1,1,1,1,1,1,0,1,0
349.935627,0,1,1,0,0,0,1,0,0
350.435617,1,1,0,0,1,0,0,1,0
360.075756,0,0,1,1,0,1,0,0,1
366.439756,0,0,1,0,0,1,0,0,0
375.053884,0,0,1,1,0,0,1,0,1
382.281650,1,0,1,1,1,0,0,0,1
391.874650,0,0,0,1,0,1,0,0,0
396.714816,1,0,0,1,0,1,1,1,0
399.219313,1,1,0,0,0,0,1,0,0
407.325284,0,0,0,0,1,1,1,1,0
412.284636,0,0,0,0,1,0,0,1,1
414.678136,1,0,1,1,0,1,1,0,1
419.957578,0,0,1,1,0,0,1,0,0
423.231908,0,0,0,0,1,0,0,0,0
426.609763,1,0,0,1,1,0,0,0,0
429.602590,1,0,0,1,1,0,0,1,0
432.180255,1,0,0,1,0,0,1,0,0
439.342701,0,0,1,0,1,1,1,0,1
442.854800,1,0,0,0,1,1,0,1,1
451.565867,0,0,0,0,0,0,1,1,0
457.929867,0,1,0,0,0,1,1,1,0
458.251348,1,1,0,1,1,1,1,0,0
461.524748,1,0,1,1,0,1,0,1,1
466.108623,1,0,1,1,0,1,1,0,0
470.654623,0,1,0,1,0,1,1,0,1
477.723881,1,0,0,0,0,0,0,1,0
481.800637,1,0,1,0,0,1,0,0,1
483.816742,0,0,0,0,0,1,0,0,1
491.816942,0,1,0,0,1,1,1,0,0
494.091164,1,0,1,0,0,1,0,1,1
495.290783,0,0,1,1,0,0,1,0,0
499.646186,1,0,1,1,1,0,0,0,1
504.930569,0,0,0,0,0,1,0,1,1
511.798352,0,0,1,0,1,1,1,1,1
518.889552,0,1,1,1,0,0,1,0,0
526.147891,1,1,0,1,1,0,1,0,1
526.378753,1,0,1,0,1,0,0,1,0
531.011497,1,1,0,1,0,1,1,0,0
540.251073,0,0,1,1,1,1,1,0,0
543.141395,1,0,1,0,0,0,0,0,1
548.609360,0,1,0,1,1,1,1,1,1
556.234597,1,1,0,1,1,1,1,1,0
556.960913,1,0,1,1,1,0,1,1,0
564.486671,1,0,0,0,1,0,0,1,0
567.977686,0,1,1,1,0,0,0,0,0
575.799686,1,1,0,1,1,1,0,0,0
585.661578,0,0,1,0,0,1,0,1,0
586.402728,0,0,0,0,1,1,0,1,0
587.653603,0,0,1,1,0,0,0,1,0
595.591953,1,0,1,0,1,0,1,1,0
595.913154,1,1,1,1,0,1,1,1,1
598.595274,0,1,0,0,1,0,1,1,0
598.596274,0,1,1,1,1,0,1,0,0
603.166065,1,0,0,1,1,0,1,0,0
608.506233,1,0,0,1,0,0,1,0,1
611.722460,0,1,1,0,0,0,1,0,1
613.581912,0,1,0,0,1,1,0,0,1
623.421928,1,1,1,1,1,0,1,0,1
628.456908,0,1,0,1,1,1,0,0,0
634.206278,1,1,0,0,1,0,1,1,1
639.416547,1,0,0,0,1,1,0,1,0
642.340332,0,0,0,1,0,0,1,0,1
645.795144,1,0,0,1,1,1,0,1,0
654.626430,1,0,0,1,1,1,1,1,0
658.835870,1,0,1,0,0,0,1,1,0
661.617340,0,1,0,1,1,1,0,0,1
670.173970,0,0,0,1,0,0,0,1,1
671.591722,1,1,0,0,1,1,1,0,0
680.822568,0,1,0,0,0,0,1,1,1
681.376577,1,1,1,1,0,0,1,0,1
682.596967,0,1,0,0,1,1,0,1,1
684.217124,0,1,0,0,0,1,0,0,1
693.118749,0,1,1,1,0,0,0,0,0
695.332413,1,1,0,0,0,1,1,0,0
695.449008,0,0,1,0,0,1,0,0,0
700.761977,1,1,1,0,0,1,0,0,1
705.143982,0,1,0,1,1,1,1,1,1
714.998224,1,1,0,0,1,1,0,1,1
719.564424,0,1,0,1,1,1,0,1,1
719.730697,1,0,1,1,1,0,1,0,0
722.108720,1,1,1,1,0,1,0,1,0
725.792479,1,0,1,0,1,0,0,1,0
727.793279,0,1,0,1,0,1,1,0,0
733.245040,1,0,1,0,1,1,1,1,1
734.465431,0,1,1,1,1,0,1,1,1
739.528925,0,0,1,0,0,0,0,1,1
742.290386,0,1,0,1,0,0,0,1,1
750.375959,1,1,0,0,1,1,1,1,0
759.570670,1,0,0,1,0,1,1,0,1
759.571670,0,0,1,1,0,0,0,1,0
761.624867,0,1,0,0,0,1,1,1,1
763.535061,1,0,1,0,1,1,1,1,1
766.611411,1,0,0,0,0,0,0,0,0
770.152109,0,0,1,0,1,0,0,1,0
771.733928,1,0,1,1,1,1,0,1,0
779.582553,0,1,0,0,1,0,0,0,0
784.148314,1,1,1,1,0,0,1,0,1
791.487290,1,0,1,0,0,1,0,1,1
800.739701,1,1,1,1,1,1,1,1,0
804.430289,1,1,0,1,0,0,1,0,0
807.416497,0,1,1,1,1,0,0,0,1
816.330569,0,0,1,0,0,0,0,1,0
817.357108,0,0,1,0,1,0,1,0,0
824.024108,1,1,1,1,1,0,0,0,1
824.214363,0,1,0,1,1,1,0,0,0
831.160220,1,1,0,1,0,0,1,0,0
838.997316,0,1,0,0,0,0,1,1,1
840.113069,0,0,1,1,1,1,0,0,0
847.985622,0,1,1,0,0,0,1,0,1
852.064136,1,0,1,1,0,0,1,0,0
852.959784,1,1,1,0,1,1,1,1,0
860.130609,1,0,0,1,0,0,0,1,1
862.214734,1,0,1,0,0,1,1,1,0
863.031979,0,0,1,0,0,1,1,1,1
863.744115,1,0,1,0,0,1,0,0,0
872.532115,0,0,1,1,1,1,0,1,0
878.511433,0,0,1,0,1,0,0,1,0
884.364307,1,0,0,1,1,1,1,0,1
886.285644,0,0,0,1,0,1,1,1,1
887.200630,1,0,1,1,1,0,0,1,1
889.303692,1,0,1,0,1,0,0,1,1
891.187528,0,0,0,1,1,1,1,1,0
895.300595,1,1,0,1,1,1,0,0,1
901.401229,0,0,1,1,0,1,0,0,1
901.512920,0,1,0,1,0,0,0,1,1
906.840730,0,0,0,0,0,0,1,0,0
907.001203,1,0,1,1,0,1,0,0,1
912.229529,0,1,0,0,1,1,0,1,0
914.201346,0,0,1,1,1,1,0,1,0
915.661427,0,0,1,1,0,1,0,0,0
923.788599,1,0,1,0,1,1,1,0,1
926.519056,1,0,0,1,0,0,1,0,0
929.319776,1,1,0,0,1,1,1,1,0
938.425556,0,1,0,0,0,0,0,1,1
944.429932,0,1,0,0,1,0,1,0,1
946.698746,1,1,1,1,1,1,0,1,1
954.046359,0,1,0,0,0,0,0,0,0
955.532767,0,0,1,0,0,1,1,1,1
962.457806,0,0,1,1,0,0,0,0,0
971.215258,1,0,0,0,1,0,1,1,0
979.422878,1,1,0,1,0,0,1,0,1
979.759978,0,1,1,0,1,0,0,0,1
984.469680,1,0,0,1,0,0,1,0,1
991.728274,1,0,1,0,0,0,1,0,0
992.316172,0,0,0,0,1,1,0,1,0
993.928581,0,1,0,0,0,0,0,0,1
1003.422523,0,1,0,1,1,1,1,1,1
1003.849768,1,0,1,0,1,1,1,1,1
1003.965043,1,0,1,0,0,0,0,1,1
1009.060148,1,0,1,0,1,1,1,0,0
1017.574058,0,0,1,0,0,1,1,0,1
1019.431466,1,1,0,1,0,0,0,1,0
1021.654466,1,0,1,0,0,1,1,0,0
1025.042882,1,1,1,0,1,0,0,1,0
1025.943497,0,0,0,1,0,1,1,0,0
1031.492597,0,0,1,1,1,0,1,1,0
1034.041235,0,1,0,1,0,1,0,0,0
1039.292851,0,0,1,1,1,1,1,0,1
1042.882114,1,0,0,0,1,0,0,0,1
1044.724015,1,0,0,0,1,0,1,0,1
1047.310963,0,0,0,1,1,0,0,0,1
1055.499404,0,1,0,0,0,1,0,0,0
1064.309046,0,0,0,0,0,1,1,0,0
1066.936366,1,1,0,0,0,0,0,0,1
1071.405004,0,0,0,1,1,1,0,1,1
1079.254998,1,0,1,0,0,0,1,1,1
1086.874769,0,0,0,0,0,1,0,0,1
1087.834905,1,1,1,0,0,0,0,1,0
1093.511494,1,1,1,1,0,0,0,1,1
1103.005798,1,0,1,0,0,1,1,1,0
1106.166975,0,0,1,1,1,0,0,1,0
1109.128052,0,0,1,1,1,0,0,1,1
1116.590993,0,1,0,0,1,0,0,0,1
1116.932095,0,1,0,0,1,0,0,0,1
1125.094441,1,0,1,0,1,0,1,0,0
1130.153301,0,1,1,1,0,1,0,1,1
1130.273336,1,0,0,0,0,1,1,0,0
1139.477822,0,1,0,1,0,1,0,0,1
1146.491108,1,1,0,1,1,0,1,0,0
1153.299463,1,1,1,0,1,1,1,0,1
1161.787268,1,1,1,1,0,0,1,1,1
1163.364137,0,1,1,0,1,0,0,1,1
1167.938323,0,0,1,1,0,1,0,1,0
1171.688948,1,1,0,0,1,1,1,1,1
1173.093959,1,0,0,1,0,0,1,1,0
1178.315676,0,1,1,1,0,0,0,0,0
1183.642777,0,0,1,0,0,0,0,0,1
1189.274905,1,1,1,0,0,0,1,0,1
1194.710144,0,0,0,1,1,1,1,0,1
1202.762287,0,0,1,1,0,1,0,1,0
1204.763087,0,1,1,0,0,1,1,0,1
1213.261471,0,1,1,0,1,1,0,1,1
1218.916426,0,1,1,0,1,1,1,0,0
1222.705867,0,1,0,1,0,0,1,1,1
1231.223931,1,0,1,0,0,1,0,1,1
1235.677610,0,0,1,1,1,0,0,0,0
1236.270656,1,0,0,1,1,1,1,0,1
1239.135953,0,0,0,0,0,1,0,1,1
1242.642520,1,0,0,0,0,0,0,0,0
1245.548257,0,0,0,1,1,1,0,0,0
1253.388473,1,0,0,1,0,0,0,1,1
1259.446706,1,0,1,1,1,1,1,1,0
1268.550778,1,0,1,0,0,0,1,0,1
1277.193920,1,0,0,0,1,1,0,0,0
1279.861320,0,0,0,0,0,0,1,0,1
1280.986061,0,0,0,1,0,1,0,1,0
1289.133099,0,1,1,1,0,0,1,1,1
1296.100995,0,1,1,0,1,1,0,0,0
1302.940498,0,1,1,1,0,1,1,1,0
1306.797445,1,0,1,1,0,0,1,0,0
1306.978202,1,0,1,0,1,1,1,1,1
1308.478501,1,1,0,0,0,1,1,0,1
1311.054351,0,1,0,0,1,1,0,0,1
1317.762754,0,1,0,0,1,0,0,1,1
1319.445002,1,1,0,1,0,1,1,1,0
1324.114796,0,1,0,1,0,1,0,0,0
1328.479766,0,1,1,0,0,1,1,0,1
1329.954766,0,0,1,1,1,0,1,0,1
1334.739977,0,0,1,1,0,1,0,0,1
1338.112733,0,0,0,0,0,0,0,1,0
1343.927966,0,0,0,1,0,0,0,0,1
1351.162285,1,0,1,0,0,1,0,0,0
1359.135177,0,1,0,1,1,0,0,0,0
1363.857016,0,1,1,1,0,1,0,0,0
1369.176633,1,0,0,1,0,1,1,0,1
1373.566633,1,1,1,1,0,0,0,1,1
1376.837148,0,1,0,1,0,1,1,0,0
1383.522872,0,1,1,1,0,1,0,0,1
1388.200824,0,0,1,0,1,0,0,1,0
1395.720098,1,0,1,0,1,1,1,1,1
1401.125454,1,0,0,1,1,0,1,0,1
1410.182152,1,0,0,1,1,0,0,0,1
1412.242443,0,0,0,0,0,0,0,1,0
1419.180249,0,0,1,1,1,1,1,1,0
1419.481519,1,0,1,1,1,0,1,1,0
1421.863233,0,0,0,1,1,0,0,0,0
1427.961185,1,0,1,1,1,0,0,1,1
1432.991911,0,0,1,0,0,0,1,0,0
1435.325537,1,0,0,1,1,1,1,1,0
1439.826087,0,0,1,0,0,1,1,1,1
1440.042450,1,0,0,0,0,0,1,0,1
1446.402038,0,1,1,1,0,0,1,0,0
1453.073530,0,0,1,0,1,0,0,0,0
1454.623670,1,0,1,1,1,1,1,0,1
1454.624670,1,1,1,1,0,1,0,1,0
1463.387116,1,1,1,0,0,1,1,0,0
1468.350139,0,0,1,1,1,0,0,1,0
1470.430577,0,0,0,1,1,0,0,0,0
1471.615669,1,0,0,0,1,1,1,0,0
1475.172214,1,1,1,0,0,0,1,1,1
1482.322336,1,0,0,0,0,1,1,0,0
1483.002555,1,1,0,1,0,1,0,0,0
1487.696128,0,1,1,0,1,0,0,0,1
1489.222950,0,1,1,0,1,0,1,1,1
1491.479363,0,1,0,0,1,1,0,1,0
1500.425484,1,1,0,0,1,1,1,1,1
1501.907818,1,1,1,1,0,1,1,1,1
1503.903263,1,0,1,1,1,0,1,1,0
1505.433820,0,0,0,1,1,0,0,1,1
1513.184045,0,0,0,1,0,0,1,1,0
1514.607667,0,0,0,1,0,1,1,1,1
1524.117150,1,1,0,0,0,0,0,1,1
1528.290068,0,1,1,0,1,0,0,0,1
1536.718797,1,1,0,0,0,1,1,0,1
1545.984925,0,0,1,1,1,1,1,1,0
1555.882790,0,1,1,0,0,0,0,0,0
1565.598266,0,1,1,0,0,1,0,1,1
1567.686969,1,1,1,1,1,0,1,0,0
1571.423228,0,1,0,1,0,0,0,0,1
1577.858685,0,1,1,0,0,1,0,0,0
1585.622813,0,0,1,0,0,0,1,1,1
1589.003105,1,1,0,1,0,0,1,0,0
1597.158629,1,1,1,0,1,1,0,1,0
1601.005398,1,1,1,1,1,0,0,0,0
1606.134404,0,1,0,0,0,0,0,1,0
1609.271933,0,0,1,1,0,1,1,0,0
1615.626812,1,0,1,0,1,0,0,1,1
1620.739994,0,1,0,0,1,1,0,1,1
1629.656769,0,0,1,0,0,0,0,0,0
1631.038662,1,1,1,0,1,0,0,0,1
1638.382493,0,0,1,0,0,1,0,1,0
1644.164524,1,0,1,1,1,0,1,0,0
1651.956953,1,0,0,1,0,1,1,0,0
1660.432442,1,0,1,0,1,1,1,0,1
1663.041877,0,1,0,0,0,1,0,1,0
1671.193187,1,1,1,0,0,0,0,1,1
1678.394725,1,1,1,1,1,0,0,1,1
1680.873353,1,1,0,1,1,1,0,1,1
1685.339315,1,1,1,0,1,0,1,0,1
1690.289110,0,1,0,0,1,1,1,0,0
1692.972134,1,1,0,0,0,0,1,1,1
1696.130713,1,0,1,0,0,1,0,0,0
1698.474336,0,1,0,1,0,1,0,1,0
1706.936028,1,0,0,0,0,0,1,0,0
1716.826149,1,1,1,1,1,1,0,0,0
1726.087968,1,1,0,1,1,0,1,0,0
1734.823726,0,0,1,0,1,0,1,1,1
1736.200250,0,1,0,0,0,1,0,1,0
1742.735684,1,0,1,0,0,1,1,0,0
1750.748703,0,1,0,1,0,1,0,0,1
1756.055295,1,0,1,1,0,1,1,0,1
1765.764627,0,0,1,0,1,1,1,1,0
1767.783895,1,0,1,1,1,1,0,1,1
1768.796029,1,0,0,0,1,0,1,1,1
1772.764692,0,0,0,0,1,0,0,0,0
1779.152150,0,1,0,1,0,0,1,1,1
1788.807356,0,0,1,0,0,0,1,0,1
1797.027349,0,0,1,1,1,0,0,1,0
1798.466801,1,0,0,1,1,1,0,1,0
1804.924987,1,1,1,0,1,1,0,0,0
1813.789243,1,0,0,0,1,1,1,0,0
1816.156419,0,1,1,1,0,1,0,0,1
1818.540287,1,0,1,0,0,0,0,1,1
1824.446947,1,1,0,0,0,0,1,1,1
1825.668297,1,1,0,0,0,1,1,0,0
1833.689548,0,0,1,1,1,0,1,1,1
1843.116506,0,1,0,1,0,1,0,0,0
1848.456140,0,1,0,0,0,1,0,1,0
1851.153500,1,0,0,1,1,1,1,0,0
1857.415001,0,0,0,1,0,1,1,1,0
1861.854641,1,0,1,0,1,1,0,1,0
1866.046641,0,0,1,1,1,1,1,0,1
1866.637597,1,1,1,1,1,1,1,0,1
1869.118969,1,0,1,0,1,1,1,0,1
1873.494531,1,1,0,1,1,1,0,0,1
1878.114446,1,0,1,1,1,0,1,0,1
1880.955298,1,1,0,0,0,1,0,0,0
1887.700150,0,1,0,0,1,0,0,1,0
1896.185150,0,0,0,1,1,0,0,0,0
1903.372931,0,0,1,0,1,1,0,0,1
1904.869844,0,1,0,0,0,1,0,1,1
1912.722496,0,0,1,1,0,1,1,0,0
1914.554299,1,0,0,1,0,0,1,1,0
1921.630404,0,1,1,0,1,0,0,1,0
1928.448904,0,0,0,1,0,0,0,0,1
1935.135510,0,1,1,1,1,0,0,0,1
1942.883260,1,0,1,1,0,0,0,0,0
1946.447796,0,0,0,1,1,0,0,0,1
1955.968802,0,0,0,1,0,1,1,1,1
1964.433007,0,0,0,1,0,1,1,0,0
1969.901203,1,0,1,0,1,0,0,0,0
1971.024539,1,0,0,0,1,1,0,1,0
1977.216871,1,0,1,0,0,0,0,0,1
1987.071724,1,1,0,0,0,1,1,1,1
1990.832678,0,0,1,0,0,1,0,0,1
1994.145847,0,0,0,1,1,1,0,0,0
2003.493738,0,0,0,0,1,0,1,0,1
2004.730046,0,1,1,1,0,1,0,0,0
2014.400182,1,0,1,1,0,0,1,0,1
2018.270142,0,0,0,0,1,1,0,1,0
2022.270742,0,0,1,0,0,1,1,1,1
2029.762778,1,0,0,0,0,0,1,0,1
2039.227117,1,0,1,0,0,0,1,0,1
2048.370060,1,1,0,1,0,1,1,0,0
2053.524730,0,0,1,0,1,0,0,1,0
2054.087967,0,0,1,0,1,0,0,1,1
2060.552021,0,1,1,1,1,0,1,1,0
2069.595595,0,0,0,1,0,0,0,0,0
2069.770591,0,0,1,1,0,1,0,1,0
2070.653046,1,0,0,1,0,1,1,0,0
2079.961526,1,0,0,0,1,0,0,1,1
2082.089973,0,0,1,1,1,0,0,0,0
2083.777551,1,1,0,1,1,0,0,1,0
2090.031613,1,0,0,0,0,1,1,0,0
2099.521860,0,0,0,0,0,1,0,0,1
2102.860206,1,1,1,1,0,0,1,1,0
2104.481923,0,0,1,1,0,0,0,0,1
2108.249755,1,1,0,0,1,0,1,0,0
2117.643162,0,0,1,1,1,0,0,0,1
2123.374721,1,0,1,1,0,0,0,1,1
2127.283654,0,0,0,0,0,1,1,1,1
2129.997254,0,1,0,0,1,0,0,0,1
2136.235254,1,0,1,1,1,1,1,0,0
2144.454261,1,0,0,1,1,1,1,1,1
2145.690432,0,0,0,0,1,1,1,0,0
2146.659077,1,1,0,1,1,0,1,0,0
2153.904723,1,0,0,0,0,0,1,1,1
2163.277723,1,1,0,0,0,0,0,1,0
2163.278723,0,1,1,1,1,1,1,0,0
2168.056315,0,1,1,1,1,0,0,0,0
2174.628087,0,0,0,0,0,0,1,0,0
2175.348859,0,0,0,0,0,1,0,1,1
2183.584329,1,0,0,1,0,0,0,1,1
2188.321698,1,0,0,1,1,1,0,1,0
2192.766698,1,1,1,0,1,1,0,1,0
2194.886023,1,0,1,1,0,1,1,0,0
2195.253399,0,1,0,1,0,1,0,1,1
2200.327062,0,0,0,0,1,0,0,1,1
2206.661834,1,1,1,0,0,1,1,1,1
2208.344909,1,1,1,0,1,0,1,1,1
2212.388714,0,0,0,0,1,1,1,1,0
2215.722714,0,0,0,1,1,1,0,1,1
2223.377024,0,1,1,0,0,1,0,1,1
2228.377524,1,1,0,1,1,0,1,0,0
2236.514150,1,0,0,0,0,0,1,0,0
2242.770031,0,0,1,0,0,0,1,1,0
2245.107840,1,1,0,1,0,1,1,0,0
2248.290340,0,1,0,1,1,1,1,0,1
2248.813027,0,0,0,1,1,1,0,1,1
2250.066698,1,0,1,1,1,0,1,0,0
2251.013394,1,0,0,0,1,0,0,0,1
2253.065471,0,1,1,1,0,0,0,0,0
2262.172188,0,1,0,1,0,1,1,1,0
2265.242649,1,0,0,0,1,0,0,1,1
2267.904779,1,1,0,0,1,1,1,1,1
2276.860616,1,1,0,1,1,0,0,0,0
2286.613727,0,1,1,1,0,1,0,0,1
2290.019736,0,1,1,1,0,1,1,0,0
2296.413540,1,1,1,1,0,1,0,1,0
2306.113570,0,1,1,0,0,1,0,0,0
2306.135754,1,0,1,1,0,0,1,1,1
2311.505069,1,1,1,0,1,1,0,0,0
2315.495032,0,0,0,1,0,1,0,0,0
2323.201684,0,1,1,0,1,1,0,0,0
2323.202684,0,1,0,0,0,1,0,0,1
2327.013926,0,1,1,1,0,0,1,1,1
2334.269103,1,1,0,0,0,1,1,1,0
2337.992169,1,1,1,0,1,1,0,0,1
2340.769802,0,1,1,1,0,0,0,1,0
2350.605345,0,0,1,0,1,0,0,0,1
2352.209958,0,0,1,1,1,1,0,0,0
2361.552129,1,1,1,0,0,0,1,0,1
2369.096678,0,0,0,0,0,0,1,1,1
2371.436154,0,0,1,1,0,0,1,0,0
2380.368553,0,1,0,0,0,1,0,1,0
2382.421586,0,0,1,0,1,1,1,0,1
2389.080457,0,1,1,1,0,0,1,0,1
2391.196049,1,1,0,0,1,1,1,1,0
2399.455810,0,1,1,1,0,1,0,0,1
2400.380118,0,0,0,0,0,0,0,1,0
2408.851608,1,0,1,0,0,1,1,1,1
2412.098437,1,0,1,0,1,0,0,0,1
2416.080146,0,1,0,0,1,0,0,0,0
2422.991450,1,1,0,0,0,0,0,1,0
2430.540082,0,1,0,1,1,1,1,0,1
2433.212655,0,0,0,0,0,0,0,0,1
2441.802138,0,1,0,1,0,1,0,0,1
2444.445360,0,1,0,0,0,0,0,0,1
2446.238089,1,1,1,1,0,0,1,0,0
2456.186759,1,1,0,1,0,1,1,1,1
2461.913682,1,1,1,0,0,1,0,1,0
2467.590390,0,1,1,1,0,0,1,0,0
2477.226222,0,1,1,0,1,1,0,0,0
2480.457668,0,1,0,0,0,0,1,1,0
2485.724808,1,1,1,1,0,1,1,1,1
2494.508714,1,0,0,1,1,1,0,0,1
2501.302138,0,1,0,1,1,1,0,1,0
2502.203669,1,0,0,0,0,1,1,0,1
2504.552659,0,0,1,1,0,0,0,0,1
2511.690626,0,1,0,1,1,1,1,0,1
2512.367234,0,1,1,1,1,1,1,1,1
2515.464371,1,0,1,0,1,1,1,1,0
2523.545058,0,1,1,0,1,0,1,1,1
2530.991797,0,1,1,1,0,1,1,1,0
2531.086121,1,0,1,0,0,0,0,1,1
2533.208121,1,0,1,0,0,0,0,1,0
2535.928147,1,1,1,1,0,1,0,1,1
2545.181953,0,0,0,1,1,1,1,0,1
2552.368382,0,0,1,1,1,0,0,0,1
2553.480382,1,0,0,0,0,0,0,0,1
2553.493300,0,1,1,0,1,0,0,0,0
2554.304453,0,0,1,1,1,0,0,0,1
2561.429135,1,1,1,1,1,1,1,0,0
2566.542938,1,1,0,0,0,1,0,0,1
2573.350868,1,1,0,1,0,1,1,0,1
2582.569962,0,1,0,1,1,1,1,0,0
2590.396266,0,0,0,1,1,1,0,0,0
2591.656399,0,1,0,0,0,1,1,1,0
2600.811797,1,0,1,0,0,1,1,0,1
2603.960630,0,1,1,1,1,1,0,1,0
2610.987555,1,0,1,1,0,1,1,1,1
2620.553693,0,1,0,0,0,1,1,1,0
2625.884349,1,0,0,0,0,0,1,1,0
2632.057298,0,1,1,1,0,0,0,0,0
2632.058298,0,1,1,1,1,1,1,1,0
2639.123438,0,1,0,0,1,0,1,1,1
2647.211403,1,0,1,1,1,0,1,0,0
2653.652620,1,0,0,1,1,1,1,0,1
2663.354513,1,1,0,0,0,0,1,1,0
2666.578082,0,1,0,1,0,0,1,1,1
2669.262899,1,0,1,1,0,0,0,1,1
2675.198789,1,1,1,0,0,1,0,1,0
2677.282011,1,1,0,1,0,0,1,1,1
2677.970653,1,0,1,0,0,1,1,0,0
2686.150107,1,1,1,0,0,1,1,0,0
2694.064223,0,1,0,1,1,0,0,1,0
2699.392875,0,1,1,0,0,0,1,0,1
2704.463544,1,0,0,0,1,0,0,0,1
2712.356731,1,1,1,0,0,0,0,1,0
2717.284775,1,0,1,1,0,1,1,0,1
2717.469805,1,1,0,0,1,1,1,0,1
2725.137425,0,1,0,1,0,0,0,1,0
2733.549013,0,0,0,0,1,0,1,1,0
2734.039474,1,1,1,1,1,1,1,1,1
2734.645329,0,1,1,0,0,1,0,1,1
2740.237518,0,1,1,1,1,1,1,0,1
2744.453388,0,1,0,0,1,0,0,1,1
2751.022769,1,0,1,1,1,1,1,0,1
2756.219755,1,0,1,1,0,0,1,1,1
2763.148390,1,0,1,1,0,1,1,0,1
2769.694697,1,0,0,0,0,1,1,0,1
2779.584990,1,1,1,0,0,1,1,0,0
2782.777635,0,1,1,1,0,1,0,1,0
2788.608912,1,0,0,1,1,1,1,1,1
2793.903501,0,1,0,0,0,1,1,1,0
2798.811985,0,0,0,0,1,1,0,1,0
2806.864289,1,0,1,0,0,1,0,0,0
2815.535028,1,1,0,0,0,1,0,0,1
2821.129528,1,0,0,1,0,1,0,0,1
2828.907528,0,1,1,0,1,1,0,1,0
2833.388849,1,0,0,0,0,0,1,0,0
2841.265448,0,1,0,0,1,1,1,1,0
2848.545132,0,1,1,1,1,1,1,1,0
2850.642696,0,1,1,1,1,0,1,0,0
2857.994312,0,0,0,1,1,1,0,0,1
2866.623733,1,0,0,0,1,0,0,0,1
2873.868591,0,1,0,0,0,0,1,1,0
2874.450178,1,0,1,0,0,0,0,1,1
2882.215378,0,1,1,0,0,1,1,1,0
2884.329262,0,1,1,1,1,0,1,0,0
2884.927217,1,0,0,1,1,1,0,0,0
2891.745717,1,1,0,0,0,1,0,1,1
2893.365315,1,0,1,0,1,0,0,0,1
2899.171681,0,0,0,0,0,0,1,1,0
2901.092864,0,1,0,1,1,0,1,0,1
2910.312399,0,1,0,1,0,0,1,1,0
2913.005437,0,1,1,1,0,1,0,1,1
2914.391841,1,0,0,0,0,1,0,0,0
2922.804698,1,1,0,1,1,1,1,1,1
2928.385877,0,0,0,0,1,1,0,1,1
2929.009221,0,0,0,0,1,0,1,1,1
2932.777960,0,0,0,1,0,0,0,0,1
2933.523330,1,0,1,1,1,0,1,0,0
2943.290795,1,1,1,1,0,0,1,0,1
2944.958295,0,0,0,1,0,0,0,0,1
2952.887074,0,0,0,0,0,1,0,0,1
2957.130074,0,1,1,0,0,0,1,0,1
2961.921826,1,0,1,0,0,0,1,1,1
2962.329290,1,1,1,1,1,1,0,0,0
2963.951749,1,1,0,0,1,1,0,1,0
2967.211917,0,0,1,1,0,1,0,0,0
2974.672488,1,0,0,1,0,0,1,1,1
2979.837048,0,0,1,0,1,0,1,1,0
2986.033081,0,0,0,1,0,0,1,0,0
2992.404751,1,1,1,0,1,0,0,1,0
2997.405251,0,1,1,0,0,1,0,0,0
2999.018993,1,0,0,1,1,0,0,0,1
3002.831088,1,1,0,1,0,1,1,0,0
3004.162516,1,0,0,1,0,0,0,1,1
3012.811845,1,0,0,1,0,0,1,0,0
3021.315557,1,0,0,1,0,1,0,0,0
3024.964841,1,1,1,1,0,1,0,0,1
3033.451732,1,0,0,0,0,0,0,0,0
3040.492386,1,0,1,1,0,1,1,0,1
3049.641408,0,0,1,0,1,0,0,1,0
3059.320011,1,0,0,0,1,1,0,1,0
3060.359043,1,1,1,1,1,0,0,1,0
3066.912579,0,0,1,1,1,1,1,1,0
3073.744579,1,1,0,1,0,0,1,0,0
3077.327851,0,1,1,0,1,1,1,0,0
3082.119246,0,1,0,0,1,1,1,0,0
3084.566485,1,1,1,0,0,1,0,1,0
3093.588805,0,0,0,1,0,0,0,0,1
3103.010631,0,0,0,1,1,1,1,1,0
3104.070349,0,1,1,0,0,0,0,0,0
3104.241400,1,0,0,0,1,1,1,0,1
3112.054119,1,0,0,0,1,1,0,1,1
3120.742774,1,0,0,1,1,0,1,1,1
3130.511265,0,0,1,1,1,1,1,1,0
3131.650941,1,0,1,0,1,1,1,0,1
3137.940469,1,1,0,1,1,0,0,1,0
3138.437287,1,0,0,0,1,1,1,1,0
3143.274599,1,1,1,0,1,1,0,0,0
3146.455942,0,1,0,0,1,1,0,0,1
3152.682734,0,1,1,0,0,1,0,1,1
3156.247872,1,1,0,1,0,0,0,1,0
3158.273006,0,1,0,0,0,0,1,0,0
3161.303193,0,0,0,1,0,0,1,0,0
3166.665976,1,0,0,0,1,1,1,1,1
3173.903522,0,0,1,1,0,1,0,0,0
3178.904022,0,0,0,0,0,1,0,0,0
3186.708080,1,0,0,1,1,1,1,0,1
3192.842651,0,0,0,1,0,1,0,1,0
3192.843651,1,0,0,1,0,1,1,0,0
3201.310958,0,1,1,1,1,0,0,1,1
3210.475029,1,1,0,0,1,1,1,1,1
3216.132206,1,1,1,0,1,0,0,1,0
3223.715293,1,1,1,1,1,1,1,0,0
3232.745781,1,0,0,0,0,0,0,1,0
3235.449213,1,0,0,1,1,0,1,1,0
3243.815091,0,0,1,1,1,0,0,1,1
3247.085726,0,0,1,1,1,0,0,0,1
3250.909873,0,0,0,0,1,0,1,0,1
3256.891288,0,1,0,1,0,1,0,1,1
3263.883988,0,1,1,0,1,1,0,0,0
3267.474373,1,1,1,1,0,0,1,0,1
3270.767875,1,0,0,0,0,0,1,1,0
3273.135305,1,1,1,1,0,1,1,0,0
3275.569051,0,1,0,1,1,1,1,0,0
3283.590413,0,0,1,1,0,1,0,0,1
3290.460532,0,1,1,0,0,1,1,0,1
3298.872708,0,0,1,0,0,1,0,1,1
3305.859676,1,1,0,1,1,0,1,1,1
3309.882013,0,1,1,0,1,0,1,1,1
3310.830785,0,1,0,0,0,1,1,1,0
3317.973928,1,0,1,1,0,0,1,1,0
3326.205037,0,0,0,1,0,1,1,0,1
3328.734520,0,1,0,0,1,0,1,1,0
3331.728851,1,0,1,0,1,1,0,0,0
3340.873081,1,1,0,1,1,1,1,0,1
3348.063546,0,0,1,0,0,0,1,1,0
3353.115061,1,0,0,1,0,1,0,0,1
3360.057516,1,0,1,1,1,1,0,0,0
3364.828813,0,0,0,1,1,0,0,1,1
3367.392581,0,1,0,1,1,1,0,1,0
3374.518304,1,0,0,0,1,0,1,1,0
3384.063804,0,0,1,1,1,1,0,1,1
3384.223978,1,0,1,0,1,0,1,1,0
3393.466478,1,1,0,1,1,1,1,0,0
3400.598840,1,1,0,1,0,1,1,1,0
3408.667703,1,0,1,0,0,0,0,0,0
3411.309495,0,0,1,1,1,0,1,1,1
3417.563168,1,1,1,1,0,1,0,0,1
3425.255707,1,0,1,1,1,0,1,0,1
3426.094212,0,1,1,0,0,0,1,0,1
3428.568083,0,1,1,1,0,1,0,0,0
3428.644264,1,0,0,1,1,0,1,1,1
3433.609556,0,0,1,1,0,1,1,0,1
3437.838321,0,0,1,0,1,0,0,1,1
3446.563939,0,1,0,1,0,1,1,1,1
3452.833662,0,0,1,1,1,1,0,0,1
3455.873227,1,0,1,0,1,0,1,0,1
3462.474552,0,0,0,1,0,1,0,1,1
3463.231290,1,1,1,0,0,0,0,1,1
3468.322303,0,1,1,1,1,1,0,0,1
3477.317619,0,1,1,1,1,1,0,1,1
3477.340547,1,0,0,1,0,1,1,0,0
3478.920336,0,1,0,0,0,1,1,0,1
3482.072772,1,1,0,0,1,0,1,1,0
3483.184772,0,0,1,0,0,0,0,0,1
3488.429150,1,1,0,0,1,0,0,0,0
3496.967943,1,0,1,1,0,1,1,0,1
3506.498676,1,0,1,1,1,0,0,0,0
3509.832676,1,0,0,0,1,1,0,0,1
3516.795480,0,0,1,1,1,1,0,0,1
3519.999285,0,1,0,0,1,0,0,1,0
3528.470026,0,0,0,1,1,1,1,1,1
3535.408364,1,1,0,0,0,0,0,1,1
3538.348829,1,0,0,1,1,1,0,1,1
3541.034745,1,0,1,0,1,0,0,0,0
3549.604333,1,1,0,1,0,1,0,0,1
3558.836000,1,0,1,0,1,0,0,1,0
3564.214613,1,1,1,1,1,1,0,0,0
3569.074282,0,0,1,1,0,0,0,0,1
3572.287082,0,1,1,0,1,0,1,1,0
3579.450065,0,1,1,0,1,0,0,0,1
3581.971474,1,1,1,0,1,0,0,1,0
3586.461386,0,0,0,1,1,1,0,1,0
3591.165863,1,1,0,0,0,1,1,0,0
3592.745653,1,0,1,0,0,0,1,0,0
3593.714298,0,0,0,0,1,0,1,0,0
3600.410031,1,1,1,0,1,0,0,1,1
3607.910281,1,1,1,1,0,1,0,0,1
3612.345620,0,0,0,0,0,0,0,1,0
3613.095208,0,1,0,1,0,1,0,0,1
3616.959458,1,0,1,1,0,0,0,1,1
3617.486721,0,1,1,0,0,1,0,0,0
3618.644418,0,0,1,1,0,0,0,0,0
3622.838547,0,1,0,1,1,1,0,0,0
3628.559905,1,1,0,1,0,0,1,0,1
3631.118431,0,0,0,1,0,1,0,1,1
3636.185591,1,1,0,0,0,0,1,1,0
3641.889266,0,0,1,0,1,1,1,1,1
3644.282053,0,0,0,1,1,1,1,0,1
3653.362085,1,1,1,1,0,1,1,1,0
3661.785120,1,1,1,1,1,0,1,0,1
3666.907957,0,1,0,1,1,1,0,1,1
3669.265043,1,1,0,1,1,1,1,0,0
3670.407427,1,0,0,1,0,0,1,0,0
3675.549364,1,0,0,1,1,1,1,1,0
3684.993864,1,0,0,1,0,0,0,1,1
3692.666511,0,1,1,0,0,0,1,1,0
3701.144029,1,1,1,0,1,0,0,1,1
3708.108435,0,0,0,0,0,1,1,0,0
3710.771040,1,0,1,0,1,0,0,1,0
3718.792386,0,1,1,0,1,1,0,0,1
3722.935828,0,1,1,1,0,0,0,0,1
3730.659633,0,0,1,0,1,0,0,1,1
3739.213037,0,0,1,0,0,0,1,0,1
3748.313422,1,1,0,0,1,0,1,0,0
3754.826376,1,1,1,1,0,1,1,0,1
3755.584876,1,1,0,0,1,1,0,1,1
3764.349044,1,0,1,1,0,0,0,1,1
3768.971804,1,1,0,1,1,1,1,1,0
3769.075358,1,1,0,1,0,0,1,1,0
3771.393200,0,0,0,0,0,1,1,1,0
3774.476764,1,1,0,0,0,0,0,0,1
3780.256003,1,0,1,1,1,1,1,0,0
3781.493992,1,1,0,0,1,1,1,1,0
3788.160992,0,0,0,0,1,0,1,0,0
3792.067484,0,0,0,1,0,1,1,1,0
3794.262142,1,0,0,0,1,1,1,1,1
3798.519473,1,1,0,0,0,1,0,0,0
3798.583758,1,0,1,1,1,1,1,0,1
3805.894114,1,0,1,0,0,0,1,1,1
3812.144489,0,1,0,0,0,1,0,0,1
3820.168950,0,1,0,1,0,1,0,0,0
3824.754858,1,1,0,1,1,1,0,1,0
3826.168075,0,0,0,1,1,0,0,1,0
3833.140854,0,0,1,1,1,0,0,0,0
3835.678914,0,1,0,0,0,0,0,1,0
3844.673989,1,0,1,1,1,1,1,0,1
3853.755446,0,1,0,0,1,1,1,1,1
3863.061071,1,0,0,0,0,0,0,1,0
3870.011731,1,1,0,1,1,0,1,1,0
3878.619713,1,1,0,0,0,1,1,1,0
3879.748885,0,0,1,1,1,1,0,1,1
3886.344970,0,0,0,1,0,1,1,1,0
3886.970907,1,1,1,1,0,0,1,1,1
3894.329356,0,1,0,1,1,1,1,1,1
3900.431441,1,0,0,1,0,1,1,0,1
3902.151019,0,1,1,1,1,0,0,1,1
3911.501084,1,1,1,0,1,0,1,1,1
3914.032569,0,0,0,0,1,1,1,0,0
3918.862907,1,0,0,0,1,1,0,0,1
3922.532372,1,1,0,0,1,1,1,0,1
3927.182767,1,0,1,1,1,1,1,1,0
3936.331203,1,1,1,1,1,1,1,0,0
3936.605899,0,0,1,0,0,0,0,1,1
3941.169180,0,0,1,1,1,0,0,1,0
3942.177274,1,1,1,1,1,1,1,1,1
3950.326193,0,1,0,0,1,1,1,0,1
3954.561252,1,1,0,0,0,0,0,1,1
3963.053865,1,1,1,0,0,1,0,0,0
3972.768920,0,1,1,1,0,0,1,1,1
3981.116543,0,1,0,0,1,1,0,1,0
3987.307400,0,1,0,1,1,1,1,1,1
3994.124535,0,0,1,0,1,0,0,1,0
4003.794582,1,1,0,0,0,1,0,0,1
4006.926110,0,0,0,1,0,1,0,1,0
4011.606445,0,1,1,1,0,1,1,1,1
4013.617358,0,1,0,1,1,0,1,1,0
4019.485632,1,1,1,1,1,1,0,0,0
4023.631834,0,1,1,0,1,0,1,0,0
4028.539751,1,1,0,0,1,0,1,0,1
4035.552498,1,1,0,1,1,1,0,0,0
4039.604266,0,0,0,1,1,1,1,1,0
4048.830704,1,0,0,1,0,0,1,1,1
4056.934342,1,0,0,1,0,1,0,0,0
4062.550544,0,0,0,1,0,1,1,0,0
4065.667959,0,0,1,0,0,0,0,1,0
4067.113259,0,1,1,1,0,1,1,0,1
4072.805780,1,1,0,1,0,0,1,0,1
4077.474342,0,1,0,0,0,1,0,0,0
4080.270094,1,1,0,1,1,0,1,1,0
4081.477407,1,0,0,1,1,1,1,1,1
4086.630953,1,0,0,0,0,1,1,1,0
4092.062445,0,1,1,1,0,1,0,0,0
4102.047995,0,1,0,1,1,0,1,0,0
4107.931983,1,1,1,0,0,0,1,0,0
4116.317070,1,1,1,1,1,0,0,1,1
4117.821679,1,0,1,0,1,1,1,0,1
4124.488679,1,0,0,0,1,1,0,0,0
4129.044197,0,1,1,1,1,1,1,0,1
4129.413161,0,0,0,0,1,1,0,1,1
4135.945370,1,1,0,1,0,1,0,0,1
4142.303943,1,0,1,1,1,0,1,1,0
4145.381559,0,1,1,1,1,1,1,1,0
4149.757121,0,1,1,0,0,1,1,0,1
4155.934978,1,0,0,1,1,0,0,0,1
4159.935578,0,1,1,0,0,1,0,1,0
4168.332685,0,0,1,1,1,1,1,1,0
4173.151916,0,0,1,1,1,0,0,0,1
4175.961951,0,1,0,1,0,1,1,1,0
4182.223668,1,1,0,0,1,0,0,0,1
4186.951822,0,0,0,0,0,0,1,1,1
4193.632316,0,1,1,1,1,1,0,1,1
4194.682935,1,1,1,0,1,1,0,1,1
4195.875735,1,1,1,0,1,0,0,0,1
4205.351977,1,0,0,1,0,0,1,0,0
4213.609032,1,0,1,0,0,1,0,1,1
4214.208974,0,0,0,0,0,0,0,1,0
4223.855351,1,0,1,1,0,1,0,0,1
4224.159351,0,0,0,1,1,0,1,0,0
4226.536093,1,1,0,0,1,0,0,0,0
4229.806405,1,1,1,1,0,1,0,0,0
4236.523151,0,0,1,0,1,1,1,0,0
4238.826079,0,0,0,1,1,1,0,0,0
4247.789768,0,0,1,1,1,1,1,1,0
4255.602487,1,1,0,1,1,1,0,0,0
4260.179716,0,0,1,1,1,1,0,1,1
4263.566204,0,0,1,0,0,1,0,0,1
4270.505286,1,1,0,1,0,1,1,1,1
4277.435719,0,0,0,1,1,1,1,1,0
4283.514543,1,0,0,0,1,0,0,1,0
4283.704203,1,1,1,1,0,1,0,1,0
4287.701875,1,1,0,1,0,0,1,1,1
4290.507473,1,0,0,0,0,1,0,0,1
4298.327596,0,0,1,1,0,0,1,1,1
4306.494446,1,1,1,1,0,0,0,1,0
4313.767446,0,0,0,0,1,0,1,0,0
4321.654981,0,0,0,1,1,0,0,1,0
4325.732496,1,1,1,0,1,1,0,1,1
4330.840899,0,1,1,1,0,1,0,0,0
4333.053954,0,1,0,0,1,0,0,0,0
4338.472074,1,1,0,1,1,1,0,1,0
4340.495599,1,0,0,1,0,1,1,1,0
4341.607599,1,0,0,1,0,1,1,0,0
4345.174457,0,1,0,1,1,0,0,1,1
4352.684358,0,1,1,1,1,0,1,1,0
4354.571962,1,0,1,0,0,1,0,0,0
4363.854085,0,0,1,1,1,0,1,1,0
4373.780563,0,1,0,1,1,0,0,0,0
4375.629627,1,1,0,0,0,1,0,0,0
4378.861687,0,0,0,1,1,0,1,1,0
4382.801687,1,1,1,1,0,1,1,1,0
4385.507896,1,0,0,1,0,1,1,0,0
4391.512352,0,1,1,0,1,1,0,0,0
4398.512652,0,1,1,1,1,0,0,1,0
4404.274920,1,1,1,1,0,0,1,0,1
4412.330670,1,0,1,1,1,0,0,1,0
4416.988122,0,0,0,0,0,0,1,0,1
4420.895313,0,1,0,1,1,0,0,0,1
4430.181099,1,0,0,1,1,1,1,0,1
4438.738386,1,0,1,1,1,1,0,1,0
4441.994330,0,0,0,0,0,0,1,1,0
4451.776011,1,1,1,1,0,1,1,1,1
4458.659731,1,0,0,1,1,1,1,1,1
4465.951944,0,1,0,0,1,0,1,1,0
4474.318584,0,0,1,0,0,1,1,1,1
4477.332982,1,0,0,0,1,1,0,0,1
4486.859571,1,0,0,0,1,1,0,1,1
4489.180781,1,0,0,0,1,1,0,0,0
4498.568326,0,1,1,0,0,0,1,1,1
4499.239115,1,0,1,0,0,0,1,1,1
4505.239515,1,0,0,1,0,0,1,0,0
4505.914605,0,1,1,0,0,1,0,0,0
4513.275573,1,0,1,1,1,1,0,1,1
4513.966712,0,0,1,0,0,1,1,0,1
4514.319583,0,0,1,0,1,0,0,1,1
4518.356582,0,0,1,1,1,1,1,0,1
4524.221658,1,0,1,1,0,0,1,1,1
4524.760637,1,1,1,1,1,0,0,0,1
4532.212815,0,0,0,0,0,0,1,0,1
4534.677337,0,0,0,0,0,0,1,1,1
4540.912807,0,0,1,1,1,0,0,0,0
4548.888087,1,0,0,0,0,0,1,1,0
4551.031730,1,0,1,1,0,1,1,0,0
4560.670942,1,1,0,1,1,1,1,0,0
4562.191127,1,1,0,1,0,1,0,0,0
4564.691877,1,1,0,1,1,0,1,0,1
4566.254690,1,0,0,1,0,1,0,1,0
4568.322150,1,1,0,0,0,1,1,0,1
4575.202257,1,1,0,1,0,0,1,1,0
4584.202357,0,1,0,1,1,1,0,1,0
4589.642456,0,0,0,1,1,0,1,1,1
4597.044108,1,0,0,1,0,1,0,0,0
4599.068252,1,0,0,0,1,1,1,1,0
4608.282422,1,0,0,1,0,0,1,0,0
4609.452342,1,0,0,0,0,0,1,0,1
4615.084358,0,0,1,0,1,0,1,0,0
4619.238788,1,0,1,0,0,0,1,0,0
4627.185422,1,0,0,0,0,0,1,1,0
4628.066931,0,1,1,1,0,0,1,1,1
4637.829425,0,0,0,1,0,1,0,1,1
4645.820280,0,1,1,1,0,1,0,0,1
4647.874646,0,1,0,1,1,1,0,0,0
4655.263058,0,0,0,1,1,1,1,1,0
4661.300750,0,0,0,1,1,1,1,0,1
4671.022614,1,1,0,1,0,0,1,1,0
4673.826364,0,0,0,1,0,0,1,1,1
4680.162214,1,0,1,0,0,0,0,1,0
4688.006741,0,0,1,0,0,0,1,0,0
4692.007341,1,1,1,1,1,0,0,1,1
4701.278732,0,1,1,1,0,1,0,1,0
4701.681701,0,1,1,0,0,1,0,1,0
4703.565425,0,0,0,0,1,0,0,0,0
4705.475325,0,1,1,0,1,1,1,0,0
4709.423298,1,0,0,1,0,0,1,0,1
4719.127761,1,1,0,1,0,1,1,1,0
4728.039635,0,0,0,1,0,0,1,1,0
4729.790460,0,0,1,0,1,0,1,1,0
4739.540485,1,1,0,1,0,1,0,0,0
4746.903037,0,1,0,1,1,1,1,1,0
4750.103717,1,0,1,1,1,0,0,0,1
4754.000879,1,0,0,1,1,1,0,0,1
4763.848803,1,1,0,1,0,1,0,1,1
4764.149360,0,0,0,1,1,0,0,1,0
4766.955360,0,0,1,0,1,0,0,1,0
4772.718495,1,1,0,1,1,0,1,1,1
4778.043037,1,1,1,0,0,0,0,0,0
4785.372849,0,0,1,1,1,0,0,1,1
4786.870050,0,0,0,1,1,1,1,0,1
4794.218382,0,1,0,1,0,1,1,0,1
4803.492024,0,1,0,0,0,1,1,1,0
4807.463216,1,0,0,0,0,0,0,0,1
4815.984490,0,1,0,1,0,1,0,0,1
4825.191887,0,0,0,1,0,0,1,1,1
4828.860642,1,1,1,0,1,1,1,0,0
4832.286587,1,0,0,0,1,0,0,1,1
4838.953587,1,0,1,0,0,1,1,1,0
4845.069491,0,0,0,0,0,0,0,1,1
4848.542366,1,0,1,1,1,0,0,1,0
4849.226310,1,0,1,1,1,1,1,0,1
4850.043555,0,1,0,0,0,1,1,0,0
4850.882566,1,0,0,0,1,0,0,0,0
4855.298399,1,1,1,1,0,0,0,0,1
4857.323736,1,0,0,0,1,0,1,1,1
4858.373321,0,0,1,0,0,0,0,0,1
4858.933032,1,0,0,0,1,0,0,0,1
4860.671310,1,1,1,0,1,0,1,1,1
4861.035402,1,0,0,0,0,1,1,0,1
4867.329251,0,1,1,0,0,0,1,0,1
4868.260390,0,0,0,0,1,0,0,1,0
4872.848560,0,1,1,0,0,1,1,0,1
4878.524668,1,1,1,1,0,0,1,1,0
4883.338465,1,0,1,1,1,1,1,0,0
4883.964403,0,0,0,0,0,1,0,0,1
4888.672724,1,1,1,0,1,0,0,1,1
4890.119363,0,1,0,0,1,0,0,0,0
4893.160260,0,0,0,0,1,1,0,1,1
4900.760911,1,1,0,1,1,0,1,0,0
4909.352602,1,0,1,1,0,1,1,0,1
4915.186352,0,1,0,1,1,0,1,0,0
4920.917773,1,1,1,0,0,1,1,1,0
4924.763216,0,1,0,1,1,0,0,1,1
4926.038598,0,0,0,0,0,0,0,1,0
4932.274068,1,0,1,1,0,1,0,0,0
4940.566922,0,1,1,1,1,1,1,0,0
4944.745223,0,0,0,1,1,0,0,0,1
4945.154345,0,0,1,0,1,1,1,0,1
4945.452713,1,0,0,1,0,0,1,1,0
4951.493255,0,0,1,0,1,0,0,1,1
4958.520157,1,0,1,0,0,0,0,1,1
4959.430157,1,0,0,0,1,1,0,1,1
4969.221119,0,1,1,0,1,0,0,1,0
4976.494119,1,1,0,1,0,0,1,0,1
4982.208833,1,0,1,1,0,1,0,1,1
4991.961944,0,1,1,0,0,0,1,1,0
4997.736176,1,0,1,0,1,1,1,0,0
5007.201061,1,0,0,0,1,1,0,1,1
5013.041933,1,0,0,0,1,1,0,1,1
5021.059373,1,0,0,1,0,1,1,0,1
5030.624634,1,0,0,1,0,1,0,1,1
5031.961906,0,0,0,1,0,1,0,1,0
5032.057236,0,0,0,1,0,0,0,0,0
5039.483850,0,0,0,1,1,1,1,0,0
5040.796194,1,1,0,1,0,1,1,1,0
5041.472232,0,1,1,0,1,1,1,0,1
5046.129255,1,0,0,1,0,0,1,1,0
5047.484039,0,0,0,0,0,1,0,0,1
5055.804817,1,1,1,1,1,0,0,1,0
5061.084477,0,1,0,1,1,0,1,0,0
5065.593453,1,0,1,1,1,0,0,0,0
5072.319445,0,1,0,1,1,1,1,0,0
5080.430233,1,1,1,0,1,0,1,1,1
5084.240375,1,1,0,0,0,0,1,1,0
5089.547704,1,1,0,0,1,0,0,0,1
5099.164967,1,0,1,0,0,1,0,0,1
5106.349715,0,1,1,0,1,0,0,0,0
5107.501042,0,0,0,1,1,1,1,0,1
5113.245515,1,0,0,1,0,0,1,1,1
5119.520398,1,0,0,0,1,0,1,1,0
5125.698609,1,1,0,0,0,1,0,1,0
5131.180542,0,0,1,0,1,1,0,0,1
5140.787323,1,1,1,0,0,0,1,1,1
5146.357714,0,0,0,1,0,1,0,1,1
5151.573339,1,1,0,0,0,0,1,1,1
5153.590712,0,1,0,0,1,0,1,1,1
5153.700991,0,0,0,1,0,1,0,0,1
5154.700559,1,0,0,1,1,0,0,0,1
5164.480317,0,0,0,0,1,1,0,1,1
5168.356898,0,0,0,1,1,1,0,0,1
5176.279955,1,1,1,1,1,1,1,1,1
5185.058311,0,0,1,0,1,1,0,0,1
5190.863328,0,0,1,1,0,0,1,0,0
5198.656976,1,0,1,1,1,1,0,1,1
5206.708246,1,1,1,1,1,1,1,0,1
5208.249271,1,1,1,0,0,0,0,0,0
5209.300526,0,1,1,0,0,0,1,1,0
5212.237941,1,0,0,1,1,1,0,1,1
5216.058435,0,0,0,1,1,1,0,1,0
5216.782439,1,1,0,0,1,0,1,0,1
5225.411296,0,1,1,0,1,0,0,1,0
5230.906954,0,0,1,1,0,0,1,1,0
5231.297525,1,0,1,1,1,1,0,0,0
5240.027811,0,0,0,1,0,0,0,1,0
5247.349257,1,0,0,0,1,1,1,1,1
5248.439257,0,0,0,0,0,0,1,0,1
5251.195399,0,1,0,1,0,1,0,1,1
5253.276999,0,1,1,1,0,1,0,0,0
5253.486602,0,0,0,1,0,0,0,0,0
5256.128847,1,1,0,1,1,0,0,1,0
5263.871008,0,0,1,0,1,0,1,0,0
5273.240273,1,1,1,0,1,1,0,1,0
5279.325002,0,0,0,1,0,0,1,0,1
5280.844237,0,1,0,1,1,1,1,1,0
5285.844737,0,1,1,1,0,0,0,0,1
5289.218416,1,1,0,1,1,1,1,1,1
5294.774416,0,1,0,1,0,0,0,1,1
5298.108416,1,0,0,0,0,0,1,0,1
5306.063532,1,1,0,1,0,0,0,1,1
5310.541696,1,0,0,0,1,0,1,0,0
5318.719656,1,0,1,1,1,1,0,1,0
5318.947334,0,0,0,1,1,1,1,1,0
5325.463519,1,1,0,0,1,0,0,1,0
5332.993025,0,0,1,1,0,1,1,1,1
5340.558486,0,0,0,0,0,0,0,1,0
5343.910799,1,1,1,1,1,0,1,1,0
5352.021505,1,1,1,0,0,1,1,0,0
5361.362787,0,0,1,0,1,0,0,0,1
5361.583948,1,0,1,0,1,1,0,1,0
5366.179084,0,1,1,1,1,1,0,0,1
5367.905527,0,0,0,0,1,0,0,0,1
5370.406277,0,1,1,1,0,1,1,0,0
5378.626270,1,0,1,0,1,1,1,0,1
5380.984507,1,0,0,0,1,1,0,1,1
5383.770038,0,1,1,1,1,1,0,0,0
5386.899560,1,1,1,0,0,0,1,1,1
5392.258280,1,1,1,0,1,0,1,1,0
5397.647962,0,0,1,0,1,1,0,0,1
5397.674149,0,1,1,1,0,1,0,1,1
5398.508399,1,0,1,1,1,1,1,1,1
5404.471535,1,0,0,1,0,1,1,0,0
5406.241795,0,1,0,0,1,0,0,0,0
5407.659320,0,1,0,0,0,0,0,0,0
5408.528778,0,0,0,1,0,1,0,0,1
5412.653077,0,0,1,1,0,1,0,1,1
5412.794908,1,1,0,0,0,0,1,0,1
5418.800064,1,1,0,1,0,0,1,0,0
5418.995849,0,1,0,0,1,0,1,0,1
5420.332186,0,1,0,1,0,0,1,1,1
5425.063896,1,0,0,0,1,0,1,0,0
5428.495925,1,0,1,1,0,1,1,1,0
5433.153717,0,0,1,1,0,1,0,1,1
5440.968401,0,1,1,0,0,1,0,1,0
5450.887764,1,0,1,1,1,0,0,1,1
5453.762849,0,1,0,1,1,1,0,1,1
5458.378772,1,1,0,0,0,0,1,1,1
5466.316721,0,1,0,0,0,0,1,0,0
5470.612029,1,1,1,1,0,1,0,1,0
5479.519573,1,1,0,0,1,0,0,1,1
5488.693968,1,0,1,0,1,0,1,1,1
5492.694568,0,0,1,1,0,1,0,1,0
5495.695268,0,1,1,1,1,0,1,0,0
5496.417199,1,0,0,0,1,1,0,0,0
5504.260552,0,0,1,0,1,0,1,0,1
5512.878248,1,1,1,0,0,0,0,0,0
5519.943759,1,1,1,0,0,1,1,1,1
5525.539608,0,1,0,1,1,1,1,1,1
5528.371714,0,1,1,0,1,0,1,1,0
5533.285267,0,1,0,1,0,1,0,1,0
5534.987523,1,0,0,0,1,1,0,1,0
5540.064939,1,1,1,0,0,0,1,0,1
5545.445010,1,1,1,1,0,0,0,1,1
5547.806885,0,1,0,1,1,1,0,1,1
5551.699388,0,1,0,1,1,0,1,0,1
5554.491437,0,0,1,1,1,0,0,1,0
5560.133695,1,0,0,0,1,1,0,1,0
5564.082520,0,0,1,0,0,1,1,0,1
5567.621628,1,1,0,0,1,1,0,1,1
5569.004918,0,1,0,0,0,0,1,0,1
5572.139663,1,1,0,1,1,0,0,1,0
5581.858001,1,0,0,1,0,0,1,0,1
5585.800212,0,1,1,1,0,1,1,0,1
5586.130294,0,0,0,0,1,1,1,1,0
5594.520698,1,0,1,1,0,1,1,1,1
5595.581443,0,1,0,0,1,0,1,0,0
5601.860885,0,0,0,1,0,0,0,0,0
5605.093606,1,0,0,0,0,1,1,1,1
5612.824560,1,1,0,0,1,1,1,0,0
5616.452485,1,0,1,1,0,0,0,0,0
5623.234416,1,0,1,0,1,0,1,1,0
5625.343467,1,0,0,1,1,1,1,0,1
5628.892500,0,0,1,1,0,1,1,1,1
5633.492343,1,1,0,1,0,0,1,1,0
5640.473037,0,0,1,0,1,0,1,0,1
5647.737885,1,1,0,1,1,0,0,1,1
5648.410754,0,1,1,1,0,0,1,1,0
5657.107514,1,1,1,1,0,0,0,0,0
5664.004376,1,0,0,0,1,0,1,0,0
5668.767641,0,0,1,1,1,1,0,0,0
5677.909141,1,1,0,1,0,1,1,0,1
5683.127011,0,0,1,0,1,1,0,1,0
5691.630562,1,0,0,1,0,1,1,0,1
5696.836521,0,1,0,0,0,1,0,0,1
5698.087396,0,0,1,1,1,1,0,0,0
5707.245375,1,0,0,0,1,0,0,0,0
5708.739183,0,0,0,1,1,1,1,0,0
5716.965167,0,1,1,1,0,1,0,0,0
5726.109088,0,0,0,1,0,1,1,0,0
5727.895624,0,1,1,0,0,1,1,0,1
5733.699041,1,1,0,1,0,1,1,1,0
5741.854566,0,0,1,0,0,1,1,0,1
5744.594145,0,1,1,1,1,1,1,0,0
5749.673007,0,1,1,0,0,1,0,1,0
5752.387491,1,1,1,0,0,0,0,0,0
5757.059076,1,1,1,0,1,1,0,1,1
5760.182440,1,0,1,0,0,0,1,0,1
5765.882352,0,1,0,1,0,1,1,1,0
5768.323955,1,0,0,0,1,1,0,0,0
5771.868753,0,1,1,0,0,1,1,1,0
5776.747808,1,0,1,0,1,0,0,1,1
5782.687858,0,0,1,1,1,1,1,0,0
5785.428968,0,0,0,1,0,0,1,0,1
5789.324927,0,0,1,0,1,0,1,1,0
5795.373227,0,1,0,1,0,1,1,1,0
5797.547922,0,1,0,0,0,0,0,1,1
5806.462987,0,1,0,1,1,1,0,0,1
5813.713262,0,0,0,1,0,0,1,0,1
5817.840833,1,1,1,0,1,1,0,1,1
5821.416895,1,1,1,0,1,0,1,1,0
5825.605293,0,1,1,1,0,1,0,1,0
5828.703329,1,1,0,1,1,0,0,1,1
5835.586757,1,0,1,0,0,0,0,1,0
5842.760185,0,1,0,0,0,1,1,1,0
5846.417536,1,0,1,0,1,0,0,1,0
5854.255590,0,0,0,1,0,0,0,0,1
5857.613525,1,1,1,1,0,0,1,0,0
5866.835998,0,1,1,1,1,0,1,1,1
5868.517939,0,1,1,0,0,1,1,0,0
5872.106620,0,0,1,0,1,0,1,1,0
5881.418548,0,0,0,0,0,0,1,0,0
5883.179372,1,0,1,0,1,1,1,1,1
5886.402272,1,1,1,0,0,1,0,1,0
5891.721212,0,0,1,0,0,0,0,1,1
5896.904620,0,1,0,0,1,1,1,1,1
5900.976010,0,0,1,0,0,0,0,1,0
5909.630853,1,1,1,1,1,0,0,1,1
5918.915876,0,1,0,0,0,0,0,0,1
5922.432314,1,1,1,1,0,1,0,1,0
5926.854890,1,0,0,1,0,1,0,0,0
5933.609601,0,0,1,1,0,0,0,0,0
5939.083886,0,1,1,0,0,1,1,1,0
5948.375479,1,1,1,0,1,1,1,1,0
5949.005347,1,1,1,0,0,0,1,0,0
5951.863204,1,1,0,0,0,0,1,0,1
5957.921600,0,0,1,0,1,0,0,1,0
5961.938762,1,1,1,1,0,0,0,0,0
5964.675163,1,1,0,1,1,1,0,0,0
5968.176780,1,0,1,0,0,0,0,1,1
5977.766373,1,1,1,0,1,0,1,0,1
5987.479704,1,1,1,0,1,1,1,1,0
5989.219224,1,0,1,1,0,0,1,1,0
5998.269952,0,1,0,1,0,1,0,1,0
5998.766161,1,0,1,0,0,0,1,1,1
6003.638102,1,1,0,1,1,0,1,0,1
6011.899145,1,1,1,1,1,1,1,0,0
6016.786143,0,1,1,1,1,0,0,1,1
6021.183255,0,0,1,1,0,0,0,1,0
6031.141593,1,1,0,1,0,1,1,1,1
6032.615314,0,1,0,1,1,1,0,1,0
6037.482296,0,0,0,0,1,1,1,1,0
6039.315656,1,1,1,1,1,0,0,1,0
6042.037903,1,1,1,1,0,1,0,0,0
6043.329913,1,1,1,0,1,1,1,1,0
6051.575452,1,0,1,0,0,0,1,0,0
6061.273025,1,0,0,1,0,1,1,0,0
6061.538764,0,0,1,1,1,0,1,0,1
6071.315573,1,0,1,1,0,0,1,1,1
6075.497084,0,0,0,0,1,1,1,1,1
6082.598823,0,1,1,1,1,1,0,0,1
6087.408394,1,1,0,1,1,0,1,1,1
6096.491147,0,1,0,0,0,1,0,0,1
6101.118550,0,1,0,0,0,0,0,0,0
6102.931092,0,0,0,0,0,1,0,0,1
6107.083723,1,1,1,1,1,1,1,1,1
6109.803553,1,1,0,0,1,0,0,1,0
6116.218793,0,0,0,1,1,1,1,0,0
6117.247087,1,1,1,1,1,1,1,1,1
6125.438167,1,1,1,0,1,1,1,1,0
6133.580245,1,1,1,0,1,0,1,1,0
6140.743649,1,1,0,0,1,1,1,0,0
6148.973826,1,0,0,0,1,0,0,0,1
6149.356144,0,1,1,1,1,1,1,0,1
6157.974345,0,0,1,0,1,1,0,1,0
6162.081025,0,0,0,1,0,0,0,0,0
6169.666981,1,0,1,0,1,0,0,1,0
6171.526032,1,1,0,1,1,1,0,0,0
6175.685909,1,1,1,0,1,0,1,0,1
6175.686909,0,1,0,1,1,0,1,0,1
6182.384698,1,1,0,0,0,0,0,1,0
6183.785558,1,1,0,1,0,1,0,1,1
6183.852602,1,0,1,0,0,0,1,1,1
6191.706475,0,1,0,1,1,1,1,1,1
6192.408964,0,0,0,0,1,1,0,0,0
6195.753785,1,0,1,1,0,0,1,1,0
6205.312653,1,0,0,0,0,0,0,1,1
6205.465922,0,1,1,1,0,1,0,1,0
6212.283600,0,0,0,1,0,0,1,1,1
6219.249923,0,0,1,0,1,0,1,1,1
6227.313609,0,1,1,1,0,1,0,0,0
6235.261308,1,1,0,0,1,0,0,1,0
6242.229884,1,0,0,0,1,1,1,0,0
6251.196232,1,1,0,0,1,0,1,0,0
6255.214687,1,1,1,1,0,0,1,0,1
6257.390310,1,0,1,0,0,0,0,0,1
6261.499007,0,1,0,1,0,1,0,0,0
6262.670103,0,0,0,1,0,0,0,0,0
6272.518603,0,1,0,1,1,0,0,1,1
6280.211141,0,1,1,0,0,0,1,1,0
6286.150176,1,0,1,0,1,0,1,1,0
6287.911204,1,0,1,1,1,1,1,0,0
6288.203614,0,0,0,1,0,0,0,0,0
6290.009989,1,1,1,1,1,1,0,1,1
6297.054483,1,1,1,0,1,1,1,1,0
6306.613351,1,0,1,0,0,0,1,0,1
6312.144933,0,0,0,0,1,0,1,1,1
6317.433866,0,1,1,1,1,1,1,1,1
6321.564888,0,1,1,1,0,0,1,1,0
6327.755745,0,1,1,1,0,0,0,1,1
6332.524689,0,0,0,0,1,1,0,1,1
6340.791529,1,0,1,0,1,0,1,0,1
6348.028364,1,1,0,0,0,0,0,1,1
6354.129550,0,0,1,0,1,0,0,1,0
6356.374123,0,0,1,0,0,1,1,0,1
6363.124448,1,0,1,1,0,0,1,1,1
6371.827649,1,0,1,1,1,0,0,0,0
6375.369498,1,1,0,1,0,1,1,0,1
6383.477795,0,0,1,0,0,0,0,0,1
6384.131193,0,1,0,1,1,1,1,0,0
6389.131693,0,1,1,1,1,1,0,1,0
6397.018503,0,1,1,1,1,1,1,0,1
6399.527239,1,1,1,1,0,1,1,0,1
6408.416239,0,0,0,1,0,0,0,1,1
6417.581867,0,1,0,1,0,0,1,0,1
6424.700382,0,0,0,0,0,0,0,0,1
6432.656142,1,0,0,1,0,0,0,1,0
6438.903961,0,0,0,1,1,1,0,0,0
6448.652940,1,1,0,0,1,0,1,0,0
6448.698380,0,1,0,1,0,1,0,0,0
6455.672367,0,0,1,1,0,1,1,1,1
6460.931200,1,0,1,0,1,0,1,0,0
6470.587148,1,0,1,0,0,0,0,1,0
6476.664237,0,1,1,1,1,0,1,0,1
6483.297227,0,1,0,1,0,0,0,1,1
6485.048052,1,1,0,0,0,1,0,1,0
6488.664509,0,1,1,1,0,1,0,1,1
6493.492613,0,0,1,0,0,1,0,1,1
6497.339382,0,0,1,1,1,0,1,0,1
6505.486565,0,0,0,1,1,0,0,1,0
6507.343335,1,1,0,0,0,1,0,0,0
6508.505510,1,0,0,1,0,1,1,1,0
6514.187304,0,1,0,1,1,1,1,0,0
6515.138779,1,0,0,1,1,1,0,1,0
6523.311194,1,0,0,1,1,0,1,0,1
6531.870660,0,1,1,1,0,1,0,0,1
6537.502033,0,0,1,1,1,1,1,1,1
6538.132561,0,1,1,0,1,0,1,0,1
6538.133561,0,0,0,0,0,1,1,1,0
6544.063518,1,0,1,1,0,0,1,1,0
6553.594429,1,0,1,0,0,0,0,1,1
6554.364583,1,1,1,1,1,1,0,1,0
6558.036714,1,1,0,0,1,1,0,0,1
6559.180456,1,0,0,0,1,1,0,0,1
6568.588934,1,0,0,1,0,1,0,1,0
6574.214372,1,0,1,1,1,1,0,0,0
6575.764192,1,0,1,0,1,0,1,0,0
6584.553045,0,1,1,1,1,1,0,0,1
6588.669856,1,1,1,1,0,1,1,1,1
6598.187724,0,0,1,0,0,1,0,1,0
6600.736679,0,0,1,0,1,0,0,0,0
6602.360763,0,1,1,1,0,0,1,0,1
6609.437327,0,0,0,1,0,0,0,1,0
6611.208983,1,1,1,0,1,0,1,1,0
6611.634183,1,1,0,1,0,1,0,0,1
6615.219730,0,0,1,1,0,0,0,0,1
6615.430408,0,1,1,1,1,0,0,1,0
6616.285360,0,1,1,0,1,1,1,0,1
6621.109162,1,0,0,1,0,1,1,1,0
6626.965432,1,0,1,0,0,1,0,1,1
6636.309760,1,0,1,0,1,0,0,0,1
6642.751834,0,0,1,1,1,0,1,1,1
6647.374133,0,0,0,1,0,1,1,1,1
6656.284748,1,0,1,1,0,1,1,1,1
6666.106194,0,1,0,0,1,0,1,0,1
6669.290209,1,0,1,1,1,1,1,1,1
6673.912261,0,1,0,0,1,0,0,1,0
6681.156631,0,1,1,0,1,0,1,0,1
6684.778764,1,0,0,1,0,0,0,1,1
6694.746088,1,1,0,0,0,1,1,1,1
6694.764387,1,1,0,1,0,1,0,0,1
6702.559883,1,1,0,0,0,1,1,0,1
6710.252422,0,1,1,0,1,1,0,1,0
6713.147250,0,1,1,0,1,0,0,1,1
6715.083540,1,1,0,0,0,0,0,0,0
6715.531146,1,1,1,0,1,0,0,0,0
6716.911318,1,1,0,0,1,0,1,0,0
6721.966043,1,1,0,0,0,0,1,1,0
6727.795606,1,1,0,0,0,1,0,0,0
6731.649879,0,1,0,0,0,1,1,0,1
6738.175650,1,0,0,1,0,0,0,0,1
6743.503093,1,1,1,1,0,1,0,1,1
6745.512349,0,0,1,1,0,0,0,0,0
6753.723054,1,0,1,1,1,0,1,1,1
6761.551472,0,1,0,0,1,1,1,0,0
6769.902152,1,0,0,1,0,0,0,1,0
6775.075049,1,0,0,0,1,0,1,1,1
6780.620049,1,0,1,1,1,0,1,1,0
6790.033901,1,0,1,1,1,0,0,1,1
6796.422095,0,1,0,0,1,1,1,0,0
6797.144853,1,1,1,0,0,0,1,0,1
6801.895378,0,1,1,1,1,0,1,0,1
6811.661168,0,0,1,1,1,0,1,0,1
6817.358568,1,0,1,0,0,0,0,1,1
6821.702329,0,1,1,1,0,0,0,0,0
6824.647949,1,1,1,1,1,1,0,1,0
6828.413706,1,0,1,1,0,1,0,0,1
6829.217095,0,0,0,0,1,1,0,1,1
6829.262338,0,0,0,0,0,0,0,1,1
6833.859893,0,1,1,0,1,0,1,0,1
6842.074358,1,0,0,0,0,0,0,0,1
6851.347878,1,0,0,1,0,0,0,0,0
6860.500137,0,1,0,1,1,1,1,1,0
6861.410137,0,0,1,0,0,1,0,1,0
6867.426059,0,1,0,1,1,1,1,1,1
6874.554229,1,0,1,1,0,0,0,0,0
6880.499652,1,0,0,0,1,1,1,0,1
6883.250377,0,0,0,1,0,0,0,0,1
6887.128540,1,0,1,1,1,1,0,0,0
6894.294095,0,1,1,1,1,0,1,1,1
6894.726618,1,0,0,1,1,1,0,1,1
6901.020877,0,0,1,1,0,1,1,1,0
6907.871841,1,1,0,1,1,0,1,0,0
6909.771386,1,1,0,0,0,1,1,1,1
6914.014386,0,0,0,1,1,0,1,1,0
6917.674693,0,1,0,0,0,1,0,0,1
6925.669617,0,0,1,0,0,1,0,0,0
6928.747232,1,0,1,0,0,0,0,1,0
6937.061010,1,0,0,1,0,1,1,1,0
6942.061510,0,1,0,0,1,1,1,1,1
6943.238863,1,0,0,0,0,1,1,0,1
6946.612075,1,0,0,0,0,1,0,0,1
6949.207340,1,1,0,0,1,0,1,0,0
6949.671256,1,1,0,0,1,0,0,1,0
6956.577395,0,1,0,1,1,0,0,0,1
6963.048337,0,1,1,0,0,0,0,1,1
6969.965504,1,0,0,0,1,0,1,0,0
6975.816259,0,1,0,0,1,0,0,0,0
6980.768532,0,0,0,0,0,0,0,1,0
6982.515390,1,0,1,0,1,1,1,1,0
6987.409517,1,0,0,1,0,0,1,0,0
6989.993682,0,0,0,1,1,1,1,0,1
6996.778367,1,0,1,0,0,1,0,1,1
7000.507985,0,0,0,0,1,0,0,0,0
7004.356118,1,1,1,0,0,1,1,0,1
7010.669953,0,0,1,1,1,1,0,0,1
7012.346976,0,1,1,0,0,0,1,0,1
7021.154787,0,1,1,0,1,1,0,1,0
7022.055697,1,0,0,0,0,1,0,1,0
7026.393926,0,1,1,0,0,1,0,0,1
7031.224540,0,1,1,1,1,1,1,1,1
7037.406094,1,1,0,1,0,1,1,1,0
7038.327718,0,0,0,0,0,0,0,0,1
7046.882079,0,1,0,0,1,0,0,0,1
7047.174530,0,0,0,1,0,0,1,0,1
7053.990135,0,0,1,0,1,1,0,1,0
7056.780112,1,1,0,0,1,0,0,1,0
7063.458354,0,1,1,1,1,0,1,0,0
7072.048238,0,0,0,0,0,0,0,1,1
7072.292040,0,1,0,1,1,1,0,0,1
7081.529652,1,1,0,1,1,0,1,0,1
7081.530652,1,0,1,1,0,0,0,1,0
7084.819914,0,0,1,1,0,0,0,1,1
7090.267524,0,0,1,0,0,1,0,0,0
7093.852640,1,0,0,1,1,0,0,0,0
7100.103015,1,0,0,0,0,0,1,1,1
7108.456121,1,0,0,1,0,0,1,1,1
7118.393628,0,1,1,1,1,1,0,1,1
7124.201607,0,1,1,0,1,0,1,1,1
7129.241166,0,1,1,0,0,1,0,1,0
7134.846125,1,0,1,0,1,1,0,0,0
7137.288134,0,0,1,0,0,0,0,0,1
7137.630009,0,1,0,0,1,0,0,0,0
7143.656047,0,0,0,0,0,0,0,1,0
7150.306568,0,0,1,1,1,1,1,0,0
7150.441783,1,1,1,1,1,0,1,0,1
7152.526532,1,0,1,1,0,0,1,1,1
7152.917986,1,1,1,1,0,0,1,1,1
7160.752137,1,1,0,1,0,0,0,0,0
7164.182873,1,0,1,0,1,1,1,0,1
7173.907671,0,1,0,0,0,1,0,0,0
7177.810720,0,1,0,0,0,0,0,1,0
7181.512257,0,0,0,0,0,0,1,0,0
7182.024041,1,1,0,0,0,0,1,1,0
7191.886124,0,0,1,0,1,0,0,1,1
7194.880173,0,0,1,1,0,1,0,0,1
7200.594887,1,1,1,0,0,0,0,0,1
7202.573711,1,0,0,0,1,0,1,1,1
7209.178412,1,1,1,1,1,1,1,0,1
7216.611381,0,1,0,0,1,1,0,1,0
7220.958451,1,1,1,1,0,1,1,1,1
7230.948442,0,1,1,0,1,0,0,0,0
7236.687999,0,1,1,1,0,1,0,0,1
7241.036390,0,0,1,0,1,0,1,0,1
7244.233921,1,0,0,1,1,1,1,0,0
7253.688521,1,0,0,0,1,0,0,1,0
7260.032712,0,1,1,0,0,1,1,1,0
7268.599522,1,1,1,1,0,0,0,1,1
7276.000663,1,1,1,0,0,0,1,1,1
7282.591913,0,0,1,1,1,0,1,1,0
7291.548176,0,0,1,1,1,0,0,0,0
7298.705165,1,0,0,1,1,0,1,1,0
7299.009165,0,0,1,1,1,0,0,0,1
7304.336508,0,0,0,0,0,1,0,1,0
7314.215553,0,1,1,1,0,1,0,1,0
7323.533803,1,1,0,0,1,1,0,1,0
7326.034553,0,0,0,1,0,1,0,1,1
7330.001927,0,1,1,0,0,0,0,0,1
7332.611361,0,0,1,0,1,1,0,0,1
7333.455651,0,0,1,0,0,0,0,1,0
7342.993913,0,0,1,0,1,0,1,1,0
7352.498913,1,0,0,0,0,0,1,0,1
7358.729449,1,0,0,0,0,1,1,0,1
7367.816842,0,0,1,1,1,0,1,1,1
7373.038559,0,1,1,1,1,0,1,1,0
7382.887567,0,1,0,1,1,1,0,1,1
7390.489433,0,1,0,0,0,1,0,0,1
7399.673188,0,1,1,1,0,1,1,0,0
7404.599069,1,0,1,0,0,0,0,0,1
7409.558477,1,1,1,0,1,0,1,1,1
7415.740677,1,1,1,0,1,1,0,0,0
7419.803771,1,0,0,0,1,0,1,0,0
7428.794575,1,1,1,0,0,1,1,1,1
7438.683011,0,0,0,1,0,1,1,1,1
7439.433044,0,0,0,0,0,0,1,0,1
7443.979044,0,0,1,0,1,0,0,1,1
7446.836901,1,1,1,1,1,1,0,1,1
7449.177667,0,1,1,0,0,1,0,0,0
7450.518402,1,0,1,1,1,0,0,1,0
7456.935427,1,0,0,1,1,0,1,1,0
7459.251119,0,0,0,0,1,0,0,0,1
7462.080784,1,0,1,0,1,1,0,0,0
7465.199752,1,1,0,1,1,0,1,1,1
7472.569108,0,1,1,0,0,0,0,1,1
7480.223859,1,1,1,1,0,0,1,0,1
7482.605573,0,1,0,0,1,1,1,1,0
7488.355485,1,0,0,0,1,1,0,0,0
7488.527117,0,0,0,1,0,0,1,0,0
7494.448975,1,1,1,1,1,1,1,0,0
7498.867522,0,0,0,0,0,0,0,0,1
7505.174198,1,0,1,1,1,0,1,0,0
7512.188631,1,0,0,1,1,0,1,0,0
7515.372108,0,1,1,1,0,1,0,1,0
7523.562765,1,1,0,0,1,0,0,1,1
7531.082139,0,1,0,0,0,1,0,1,1
7532.886672,1,1,1,0,1,1,1,1,1
7537.846080,0,0,1,0,0,0,1,0,0
7540.176944,1,1,0,1,0,1,0,0,0
7540.409776,0,1,1,1,1,1,0,0,0
7548.310304,1,0,0,0,1,0,0,1,0
7548.638955,1,1,1,0,0,1,1,1,0
7549.702025,1,0,0,1,1,0,1,0,1
7550.261261,0,1,0,1,1,1,1,1,1
7556.687951,0,1,1,1,0,1,0,1,1
7565.200164,1,1,1,1,1,0,0,0,0
7573.798435,1,1,1,0,1,0,1,0,1
7583.313252,1,1,0,0,1,0,1,0,1
7584.819478,1,1,0,1,0,1,1,0,0
7591.811648,0,0,0,1,1,0,1,1,0
7594.348722,1,0,0,0,1,0,0,0,0
7599.019182,1,1,1,0,0,0,1,0,0
7607.397722,0,1,0,0,1,1,1,0,0
7610.148447,0,0,0,1,0,1,1,1,0
7614.975554,0,0,0,0,0,1,1,1,0
7623.518301,1,1,0,0,0,1,1,0,0
7624.349627,1,1,1,0,1,1,0,1,0
7632.290407,1,1,0,1,0,1,1,1,0
7633.957907,1,1,1,1,0,0,0,0,1
7643.476672,1,0,1,1,1,1,1,0,0
7649.021672,1,0,0,1,1,1,1,1,0
7652.543914,1,0,1,1,1,1,0,0,0
7660.496587,1,0,0,1,0,1,1,0,1
7669.142043,0,1,0,0,1,1,0,1,1
7670.385693,1,0,1,1,0,1,1,0,0
7680.330934,0,0,0,1,0,0,0,0,1
7687.135705,0,1,1,1,1,0,0,1,0
7688.634813,1,0,0,1,1,1,1,0,1
7693.491557,1,0,1,0,0,1,1,1,0
7698.358737,0,0,1,1,1,1,1,0,1
7699.222517,0,1,1,0,1,0,1,1,1
7704.169259,0,1,0,0,1,0,1,0,1
7707.466284,1,0,1,1,1,0,1,0,1
7713.428683,1,1,0,0,1,0,1,0,1
7715.301154,0,1,0,0,0,0,0,1,1
7720.156663,0,1,1,1,1,0,1,0,1
7728.446689,1,0,0,0,0,0,1,1,0
7733.799952,0,1,1,1,1,1,1,0,0
7742.261644,0,0,1,0,0,1,0,0,1
7751.726621,1,1,0,0,1,1,1,0,0
7758.765607,1,1,0,1,0,1,1,0,0
7767.047029,0,1,0,0,0,0,1,0,1
7773.832513,0,0,0,1,0,1,0,0,0
7783.231069,0,1,0,1,1,0,0,1,1
7792.118936,0,1,1,1,0,0,1,1,0
7797.059982,0,0,0,1,0,0,1,0,0
7802.180470,1,0,0,1,1,0,1,1,1
7810.693015,0,0,0,1,0,0,1,1,0
7814.501327,1,0,0,0,0,1,1,1,0
7817.973221,0,0,1,0,0,1,1,0,0
7826.652074,1,1,0,1,1,0,0,0,0
7829.479795,1,0,1,1,0,0,0,1,0
7834.644313,1,1,0,0,0,1,1,0,1
7842.228102,1,1,0,1,1,1,0,1,1
7851.994480,1,1,0,0,1,0,0,1,1
7857.506040,1,1,0,1,0,1,1,1,1
7863.090898,1,1,1,0,0,0,1,1,1
7872.656159,1,0,1,1,0,1,0,1,0
7877.082945,1,1,0,1,1,1,0,0,0
7886.046088,0,1,1,0,0,1,0,1,1
7891.028003,0,1,0,0,1,1,1,0,1
7894.296968,1,1,1,0,1,1,1,1,0
7903.178659,0,1,0,1,1,1,1,0,1
7906.120542,1,0,0,0,1,0,0,1,0
7907.563940,1,1,1,0,1,0,1,0,1
7909.007459,0,0,0,1,0,0,1,1,1
7917.634103,1,0,0,1,0,0,0,1,0
7922.978249,0,0,0,1,0,0,1,0,1
7930.546060,0,1,0,0,1,0,1,1,0
7934.238998,1,0,1,1,1,1,1,1,0
7938.621582,0,0,0,0,1,1,0,1,0
7945.455232,0,0,0,0,0,1,0,0,0
7945.492461,0,1,0,0,1,0,0,0,0
7950.459705,0,0,0,0,1,0,1,1,0
7954.559394,0,0,1,1,0,1,1,0,1
7963.491831,1,0,0,1,0,1,1,0,1
7971.229614,0,0,0,0,0,0,0,1,1
7978.729864,1,1,1,1,1,0,0,0,0
7982.455982,1,1,1,1,1,1,0,0,1
7986.293683,0,0,1,1,1,1,1,0,0
7988.023542,0,1,1,0,0,1,0,1,0
7991.420704,1,1,1,1,0,0,0,0,1
7995.327370,1,0,0,0,0,0,1,1,0
8003.816010,1,1,1,1,0,0,0,1,0
8005.521385,1,0,1,0,1,0,0,1,1
8008.241281,0,1,1,1,0,0,1,1,0
8014.958307,0,0,1,0,0,0,0,0,1
8024.818986,1,0,1,1,0,0,1,1,1
8028.470936,0,0,0,0,1,1,1,0,1
8036.581493,0,1,1,1,1,1,1,1,1
8043.176037,0,0,0,1,1,0,0,0,1
8043.522226,1,0,1,1,0,1,0,1,1
8044.294538,0,1,0,1,0,0,0,0,0
8045.309929,0,1,0,1,1,1,1,0,0
8048.907407,0,0,0,1,0,0,1,1,1
8057.604167,0,1,1,0,1,1,0,0,0
8059.196745,1,0,1,0,0,0,0,1,1
8064.845021,1,1,0,0,1,1,1,1,0
8069.555298,1,0,1,1,0,1,1,1,1
8069.607444,0,1,0,0,1,1,0,1,0
8072.953564,1,1,1,0,0,1,1,0,0
8082.450017,0,0,0,0,1,0,0,1,0
8092.337554,0,1,1,1,0,0,1,1,0
8092.786438,0,1,0,0,0,1,1,0,1
8095.784080,1,1,1,0,0,1,1,0,1
8101.721593,0,1,0,1,1,1,1,1,1
8102.251819,0,1,1,0,0,0,0,0,1
8112.222540,0,0,0,0,0,0,0,1,0
8117.111262,0,0,0,1,1,1,1,0,1
8121.960262,0,0,0,1,1,1,1,1,1
8127.605142,1,1,1,1,1,0,1,1,0
8128.402203,1,1,1,0,1,1,1,0,1
8134.932230,0,0,1,0,0,0,1,1,0
8135.691448,0,1,0,0,0,1,1,0,1
8143.268783,1,1,0,1,0,1,1,1,1
8145.135927,1,0,0,0,0,0,1,0,1
8152.512427,1,0,0,1,0,0,1,0,0
8158.340182,0,1,0,1,1,0,0,1,1
8166.166486,1,1,1,0,1,1,0,1,0
8168.456414,1,0,1,1,0,1,0,1,1
8171.949788,0,1,1,0,1,0,1,1,1
8173.754928,1,0,1,1,0,1,1,1,1
8181.194436,1,0,0,0,0,1,1,1,1
8190.107589,1,0,1,1,1,1,0,0,1
8194.483151,0,1,1,0,0,0,0,1,0
8198.097235,0,1,1,0,0,1,0,0,1
8207.415077,0,0,0,0,1,0,0,1,0
8210.749077,1,0,0,0,1,1,0,0,1
8212.438505,1,1,0,0,1,0,0,1,0
8217.591017,0,1,0,0,0,0,1,0,1
8221.640318,1,0,0,1,0,1,0,0,0
8230.159697,1,0,0,1,1,0,0,1,0
8234.309084,0,1,1,0,1,0,1,0,1
8240.227336,0,1,1,0,0,0,1,1,1
8246.260273,0,1,1,0,1,0,0,0,0
8246.583821,0,1,1,1,0,1,0,1,1
8253.809905,0,0,1,1,0,1,1,0,0
8260.023989,0,1,1,1,0,0,0,0,0
8265.987453,1,1,1,1,1,0,0,1,0
8272.896853,1,1,0,0,1,1,0,0,1
8275.799862,1,0,1,0,0,0,0,0,0
8280.193047,1,1,0,0,1,0,0,1,1
8280.458838,0,0,1,0,1,0,1,1,0
8286.238246,1,0,0,1,1,1,0,1,1
8294.900993,1,1,1,0,0,1,0,1,1
8299.654370,0,1,0,0,1,1,1,0,0
8302.798259,1,1,1,1,1,1,1,1,0
8309.684046,1,0,1,1,1,1,0,1,1
8317.283156,0,1,0,0,0,0,1,1,1
8326.205039,0,0,1,1,0,0,0,0,0
8335.819226,1,0,1,1,0,0,1,0,0
8343.472043,0,0,0,1,0,0,0,0,1
8347.547839,0,0,1,0,0,0,0,0,0
8347.895807,0,1,1,1,0,0,0,1,1
8357.421338,0,1,0,0,1,0,0,1,1
8360.528945,1,0,0,0,1,0,1,0,0
8362.769305,1,0,0,1,0,1,1,0,0
8366.490006,1,1,0,1,1,1,0,0,0
8374.969123,0,1,0,1,1,0,0,0,1
8383.427427,0,1,1,1,0,1,0,1,0
8384.436284,1,0,1,0,0,1,1,0,1
8385.518257,1,0,0,1,0,1,1,1,1
8391.095258,1,0,1,0,0,0,0,1,1
8393.190290,1,1,0,0,0,1,1,0,1
8397.593182,1,1,1,1,0,1,0,0,0
8402.222169,0,1,0,0,0,0,1,0,1
8409.475733,1,1,1,0,1,1,1,1,0
8415.965189,1,0,0,1,1,0,0,0,0
8419.238589,0,1,1,1,0,0,0,1,1
8424.067063,0,1,0,1,0,0,0,0,0
8426.643056,0,1,1,1,0,1,1,0,1
8427.484680,0,0,1,1,0,1,1,0,0
8430.748512,0,1,1,0,0,0,1,0,0
8434.235402,1,0,1,1,1,0,0,0,0
8438.124902,1,0,1,0,1,0,0,0,1
8447.947404,0,1,1,0,1,1,0,1,0
8452.456624,1,0,1,1,0,1,0,0,1
8460.596345,1,1,0,1,1,0,0,1,1
8465.275776,1,1,0,0,1,1,1,0,1
8471.660977,0,0,0,0,1,1,0,1,0
8478.286893,1,0,1,1,1,1,1,1,0
8488.221023,0,1,0,0,1,1,1,1,0
8489.639792,0,1,1,0,1,1,1,0,1
8491.916593,0,1,0,1,0,0,0,0,1
8494.007416,0,0,0,1,0,0,1,0,0
8495.109009,1,0,1,0,1,1,1,0,0
8497.164941,0,1,0,1,1,1,0,1,0
8507.033375,1,1,1,0,1,1,1,1,0
8514.152308,0,0,1,1,1,1,1,0,1
8514.213908,0,1,0,1,1,1,1,0,0
8516.889059,1,0,1,0,1,0,1,1,0
8519.617059,1,0,1,0,1,1,0,0,0
8524.646796,1,0,1,1,1,1,0,0,0
8533.702767,0,0,0,1,1,0,1,0,0
8541.922430,1,0,1,1,1,1,1,0,1
8542.865364,1,1,1,1,1,1,0,0,0
8545.362528,0,1,0,0,0,0,0,1,1
8552.635528,1,0,1,1,0,0,1,1,1
8555.211845,1,1,1,1,0,1,1,1,1
8559.612405,1,0,1,1,0,0,0,1,1
8560.659052,0,0,1,0,1,1,1,1,1
8563.117433,0,1,1,0,0,1,1,0,0
8571.982795,0,1,1,0,0,0,0,1,1
8580.430922,1,0,0,1,0,0,1,1,0
8584.523140,0,1,1,1,0,0,1,1,1
8586.259504,1,1,0,1,0,0,1,1,0
8588.066220,1,1,1,0,0,1,0,0,0
8595.670010,1,0,0,1,1,0,1,0,0
8600.196873,1,1,0,1,0,1,0,1,0
8602.953230,0,1,1,1,0,1,0,0,1
8609.212265,1,0,1,1,0,0,0,0,0
8609.797757,0,1,0,1,0,0,1,1,1
8610.332558,1,0,1,1,1,1,0,1,0
8616.965548,1,0,1,0,0,0,1,1,0
8623.577457,0,0,0,1,1,1,0,1,1
8624.169531,0,1,0,0,1,1,0,0,0
8624.530495,1,0,0,1,0,1,0,0,0
8624.531495,0,1,0,0,1,1,0,1,0
8627.561805,1,1,0,1,1,1,1,0,0
8631.978421,0,1,1,1,1,0,0,1,1
8634.739562,1,1,0,0,0,0,1,1,0
8640.229580,0,1,0,0,0,0,0,0,0
8643.322058,1,1,0,1,0,0,1,1,0
8652.506689,0,0,1,1,1,1,0,0,1
8654.877394,0,0,0,1,0,1,1,0,1
8662.716593,1,1,0,1,1,1,0,1,1
8663.922547,0,1,1,1,1,1,0,1,1
8670.975473,0,1,0,0,1,1,1,0,1
8675.764268,0,1,1,0,0,1,0,0,1
8676.826761,0,1,0,1,1,0,0,0,1
8681.579761,0,1,0,1,0,1,0,1,1
8683.059903,0,1,0,0,1,1,1,0,0
8688.393703,0,0,1,0,1,0,1,0,1
8691.021558,1,0,1,1,1,0,0,1,0
8692.837324,1,1,1,0,1,1,0,0,0
8697.980666,1,1,1,1,1,0,0,1,0
8702.108238,0,1,1,1,1,1,1,1,0
8709.923990,1,1,1,1,1,1,0,0,1
8713.862420,1,1,1,1,0,0,1,0,1
8717.169968,0,0,0,0,1,0,0,1,0
8720.766409,0,1,1,0,0,0,0,0,1
8730.640793,1,0,0,0,1,1,1,0,0
8731.475043,1,0,0,1,1,0,0,1,1
8741.185217,1,1,1,1,0,0,1,1,0
8749.892333,0,1,0,0,1,1,0,1,1
8752.614954,1,1,0,0,1,0,1,1,1
8759.015314,0,1,0,0,0,1,0,0,0
8767.694692,0,0,0,1,0,0,0,0,1
8768.532110,0,0,1,1,0,0,1,1,0
8772.997566,1,0,1,0,1,1,1,1,0
8778.984722,0,0,0,0,0,0,1,0,0
8784.351039,1,0,1,0,0,0,0,0,1
8794.328210,0,1,0,1,0,0,1,0,0
8798.796849,1,1,1,0,0,0,0,1,1
8803.582806,0,1,1,1,0,0,0,1,0
8810.225208,0,1,1,0,0,1,1,0,0
8817.032756,1,1,1,1,0,0,0,1,0
8822.462073,0,1,1,0,0,1,0,0,1
8826.887918,1,1,1,0,1,0,1,0,1
8836.581200,1,1,0,0,0,1,0,1,0
8840.218200,1,1,1,0,1,0,0,1,1
8843.254127,0,0,1,0,1,1,1,1,1
8843.457127,0,1,0,1,1,0,0,0,1
8848.714954,0,0,1,1,1,0,1,1,0
8852.585759,1,1,0,1,1,1,0,0,1
8855.298352,0,0,1,0,1,1,0,1,1
8859.346567,1,1,1,0,1,1,1,1,1
8867.346767,1,0,1,0,1,1,0,1,1
8873.298914,1,0,1,0,1,1,0,1,0
8883.208220,1,0,1,1,0,1,0,1,1
8888.820904,0,1,0,0,1,1,0,1,0
8893.893339,0,0,0,1,0,1,1,1,1
8899.709468,1,0,1,0,1,1,0,1,0
8908.016847,0,0,1,0,0,1,1,1,1
8912.782713,1,0,0,0,1,0,0,1,1
8914.960087,1,0,1,0,1,0,1,1,1
8916.012962,1,1,0,1,1,0,1,0,1
8920.786899,1,1,0,0,1,0,0,0,0
8924.489186,0,0,1,0,0,0,1,0,0
8933.764183,0,1,0,0,0,0,0,1,1
8943.046023,1,1,1,1,1,0,0,1,1
8947.800646,1,1,0,1,1,0,1,0,0
8955.884349,0,1,0,1,0,0,0,1,0
8963.660984,1,0,1,0,0,1,0,1,1
8971.432636,1,0,1,1,0,1,1,0,1
8978.316064,1,1,1,0,0,1,1,1,1
8978.624726,1,1,1,1,0,0,1,1,0
8986.163433,0,0,0,1,1,0,0,1,0
8994.460784,1,1,1,1,0,0,1,0,0
8995.700439,1,0,1,0,0,0,1,1,1
8999.115277,0,0,1,1,0,0,1,0,1
9003.710103,1,0,0,1,1,1,0,1,0
9008.895011,0,1,0,0,1,0,1,1,0
9012.662977,1,1,0,1,1,1,1,1,1
9014.295135,1,0,1,1,1,1,0,1,1
9023.192681,0,1,1,1,1,0,1,1,1
9027.134655,0,0,0,0,1,0,1,1,0
9028.623601,1,1,1,1,1,0,1,0,1
9035.444003,1,1,1,0,0,0,1,1,1
9038.829280,1,0,0,0,0,1,1,0,0
9044.003096,1,0,0,1,1,1,1,0,1
9048.115461,0,1,0,1,0,1,1,1,1
9048.956442,1,1,0,1,0,1,0,0,0
9052.971639,0,1,1,1,1,0,0,0,1
9056.184099,0,1,1,0,0,1,1,0,1
9062.403989,1,1,0,1,0,0,1,1,0
9068.517452,0,0,1,1,1,0,1,1,1
9071.809894,0,1,0,0,1,1,0,1,0
9078.697960,0,1,1,1,1,1,1,0,1
9085.537654,1,1,0,0,0,0,0,0,1
9086.525273,1,1,1,1,1,0,0,0,0
9089.547391,0,1,0,0,1,0,1,0,1
9093.189142,0,0,0,1,1,0,0,0,0
9099.975178,0,1,1,1,0,0,0,1,0
9101.778028,0,1,0,0,0,0,1,1,0
9110.265918,1,1,0,1,0,1,1,1,0
9115.694946,0,1,1,0,1,1,0,0,1
9121.646271,1,1,1,0,0,1,0,0,0
9122.960271,0,0,0,1,0,1,0,1,1
9123.588074,1,1,1,1,1,0,0,1,0
9124.419180,1,1,0,1,1,0,0,1,1
9132.320624,0,1,0,1,0,0,0,0,1
9136.466048,1,1,0,1,0,0,0,1,0
9145.903974,1,0,1,0,1,0,0,0,1
9153.825119,1,0,0,1,1,1,1,0,0
9156.841860,0,0,0,0,0,0,0,1,0
9166.489526,0,1,1,0,0,0,0,0,0
9173.636626,0,1,1,1,0,1,0,1,0
9174.910561,0,0,0,1,0,1,1,0,1
9183.285560,1,1,0,1,1,0,1,0,0
9191.153120,1,1,1,0,0,0,0,0,0
9191.355713,1,0,0,0,0,0,1,0,0
9194.367165,0,0,1,0,0,1,1,1,0
9201.464229,0,1,1,0,1,1,0,1,0
9207.278844,1,0,0,0,1,0,1,0,1
9211.706959,0,0,1,0,0,0,1,1,1
9214.671373,0,1,0,1,1,0,1,0,0
9215.862730,1,0,1,0,1,0,0,0,1
9223.385102,1,1,1,0,0,0,1,1,0
9232.792456,0,1,0,0,1,0,1,0,1
9241.611762,1,1,1,1,0,1,0,0,0
9246.612262,0,0,0,1,1,0,1,1,1
9248.423426,0,0,1,1,0,0,0,1,1
9254.464090,0,0,0,0,0,1,0,0,0
9258.522957,1,0,1,1,1,1,1,0,0
9265.531130,0,1,0,1,0,0,1,1,1
9265.976530,0,0,0,0,1,0,0,0,1
9266.329516,0,1,0,1,0,1,0,1,0
9266.853540,0,0,0,0,0,1,0,1,0
9274.666709,0,1,0,0,1,0,0,0,1
9275.494787,1,1,1,1,1,0,0,1,1
9275.845906,0,1,1,1,1,0,0,1,1
9281.401906,0,1,0,1,0,0,1,0,1
9288.057646,0,1,1,0,0,1,0,0,1
9296.557210,1,0,0,1,0,1,0,0,1
9305.894011,1,0,1,0,0,1,0,1,0
9307.289429,0,0,0,0,1,0,0,1,0
9310.909115,1,0,1,1,1,1,1,1,1
9320.619638,1,1,0,1,1,0,0,0,0
9329.910367,1,1,0,0,0,1,0,1,0
9331.583797,0,1,0,0,1,1,0,1,0
9333.715732,1,0,1,1,1,1,1,0,1
9339.795419,1,1,0,1,1,0,1,0,0
9344.374450,0,1,0,1,0,1,1,1,0
9347.017462,1,1,1,0,1,0,1,1,0
9352.693570,1,0,0,1,1,0,0,0,0
9361.062527,0,1,1,0,1,0,1,0,1
9363.551393,0,1,0,1,0,0,0,1,0
9364.077550,1,1,1,1,0,0,1,1,0
9370.544284,1,1,1,0,0,0,1,1,0
9377.218170,0,0,1,0,1,0,1,1,0
9381.672232,1,0,1,1,1,0,1,0,1
9388.072030,0,1,1,0,0,1,0,0,1
9391.036510,1,1,0,1,0,0,1,0,1
9391.848239,1,1,1,1,1,1,0,1,0
9399.456322,0,0,0,0,1,0,0,0,0
9402.533937,0,1,0,1,0,1,1,0,1
9410.354978,1,0,1,1,0,1,0,1,1
9414.148169,1,1,1,1,0,1,0,0,1
9415.847923,1,1,0,0,0,1,1,0,0
9416.707733,0,0,0,0,1,0,0,1,0
9418.768749,1,0,0,1,1,1,1,1,0
9426.638681,1,0,1,0,0,1,1,0,0
9431.258990,0,0,0,0,1,0,0,1,1
9438.926821,0,0,1,0,0,0,1,1,1
9439.943046,0,1,1,0,0,0,1,0,1
9445.467969,0,1,0,0,1,0,0,1,0
9449.635219,1,1,0,1,1,0,0,1,1
9457.532425,0,0,0,0,1,1,1,1,1
9464.139907,1,1,1,0,0,0,1,0,0
9472.922923,0,0,0,1,1,1,1,1,0
9480.486344,1,1,0,0,1,0,0,1,1
9486.137666,1,0,1,0,1,1,0,0,1
9488.824965,0,0,0,1,1,1,1,1,1
9493.983042,0,1,1,1,0,1,0,1,1
9499.155483,1,1,1,0,1,1,0,1,0
9505.327294,1,0,1,0,1,0,1,1,0
9507.566218,1,0,0,0,1,1,0,1,0
9509.549202,1,1,1,0,0,1,1,0,1
9510.457871,1,0,1,0,0,1,1,0,1
9513.707644,0,0,1,0,1,0,1,0,1
9521.158879,1,0,0,1,1,0,0,0,1
9528.159179,0,1,0,1,1,1,0,1,0
9531.445565,0,0,0,0,0,1,1,1,1
9539.734710,1,1,1,1,0,0,1,1,0
9546.163638,0,1,0,0,1,1,0,1,0
9547.046903,1,0,0,1,0,1,1,0,1
9553.087399,1,1,1,0,1,0,1,1,0
9553.962219,1,0,0,1,1,0,1,1,1
9561.962419,0,0,0,1,0,0,0,0,0
9567.677134,1,1,0,0,1,0,0,0,1
9569.444681,1,0,0,1,1,0,1,1,1
9577.683851,0,1,0,1,0,0,1,1,1
9578.283661,0,0,1,0,1,0,0,0,1
9582.261418,0,0,0,1,0,1,0,1,0
9583.498249,1,1,0,1,0,0,0,0,1
9585.974492,0,1,0,1,0,1,1,0,0
9591.324879,0,0,1,0,1,0,1,1,0
9597.532155,0,0,1,1,0,1,1,0,1
9604.162927,1,1,1,1,1,1,1,1,1
9605.958619,0,1,1,0,0,0,1,0,0
9613.229884,1,1,0,0,0,1,0,0,1
9621.200951,1,1,0,0,0,0,0,0,1
9621.883701,1,0,0,0,0,1,1,0,0
9628.225530,1,1,0,0,1,0,1,0,1
9630.911447,1,1,0,0,0,0,1,0,0
9634.408032,1,0,0,0,0,1,0,1,0
9639.556301,0,1,1,1,1,0,0,1,1
9647.273064,0,0,0,0,1,1,1,1,1
9652.534800,1,1,1,0,1,0,1,0,0
9654.453617,1,1,1,1,0,0,0,0,0
9660.751859,0,1,1,1,0,1,0,0,1
9668.399153,1,0,1,1,1,0,1,1,0
9669.195773,0,0,0,0,0,1,0,1,1
9670.788374,1,1,1,0,1,1,1,1,0
9673.786273,0,0,0,0,1,0,0,1,0
9675.319783,1,1,0,0,1,1,1,1,0
9677.378269,0,1,1,0,0,1,0,0,1
9684.457096,0,0,1,0,0,1,1,0,1
9686.199494,0,1,1,1,1,1,1,0,1
9688.497184,1,1,1,0,1,1,0,1,1
9693.113107,0,1,1,0,0,1,0,0,1
9699.565074,0,1,1,1,1,0,1,0,1
9702.371701,0,0,0,1,0,0,1,0,0
9707.525560,0,1,0,1,0,1,0,0,0
9708.014039,0,0,0,1,0,1,1,0,1
9711.232287,1,0,1,0,1,0,1,0,0
9719.892708,1,1,0,1,1,0,1,0,1
9727.861661,0,0,0,0,1,1,1,1,0
9733.241433,1,1,0,1,1,1,0,1,0
9737.304527,1,1,0,1,1,0,1,1,0
9746.711218,1,0,0,0,1,0,0,0,0
9752.907425,0,1,0,0,0,0,0,0,1
9757.782589,0,1,1,0,0,1,0,0,1
9766.561861,1,1,0,0,1,0,0,1,0
9775.842330,0,1,1,1,0,0,1,1,0
9776.054152,1,1,0,1,0,1,0,1,1
9777.569244,1,1,1,1,0,1,1,1,0
9787.356499,1,0,1,0,0,0,0,0,1
9794.261571,0,1,0,0,0,1,0,1,1
9798.494821,0,0,1,0,0,0,0,1,1
9803.665206,0,1,0,0,1,1,1,0,1
9805.273189,0,1,0,1,0,0,0,1,1
9814.053518,0,0,1,0,1,1,1,1,1
9818.979398,1,0,1,0,0,1,1,0,1
9825.957144,0,1,0,0,1,1,0,0,1
9835.501109,0,1,1,1,0,0,0,1,1
9842.032556,1,1,1,0,1,1,1,1,0
9848.426359,0,0,1,0,1,1,0,1,0
9853.303415,1,1,0,1,1,1,1,1,0
9856.565194,0,1,0,0,0,0,1,0,1
9866.355964,0,0,0,0,0,1,1,0,0
9866.422317,1,0,0,1,1,0,1,1,1
9869.383394,0,1,0,0,0,0,0,0,1
9873.390508,1,0,1,0,1,1,1,1,0
9878.856077,1,1,0,0,1,0,1,1,0
9881.732326,1,0,0,0,1,0,1,1,0
9888.946891,0,0,1,1,0,1,1,0,0
9897.662866,1,0,0,0,1,0,0,0,1
9898.225846,1,0,0,0,0,0,1,1,1
9898.226846,0,0,1,1,1,0,1,1,1
9901.971491,1,0,0,0,0,1,0,0,0
9906.029157,1,0,0,1,1,0,0,0,1
9915.121229,1,1,0,0,1,0,0,1,1
9924.424434,1,1,0,1,0,0,0,1,0
9931.043990,1,1,0,1,0,1,0,0,1
9933.783686,0,0,1,0,1,0,1,1,0
9935.171644,0,0,1,1,0,0,1,0,0
9941.340859,0,1,1,1,0,1,0,0,0
9942.071269,0,1,1,1,0,0,0,0,1
9947.894980,0,1,1,0,0,1,0,0,1
9948.593584,1,0,0,0,1,1,0,0,0
9955.986087,0,0,1,0,0,1,0,1,0
9956.998456,0,1,0,0,1,0,0,0,1
9958.175809,1,1,0,1,0,1,1,0,0
9966.509309,0,1,1,1,1,1,0,1,1
9969.849197,0,0,0,0,1,0,0,1,0
9976.983242,1,1,1,0,1,0,1,1,0
9982.156681,1,0,1,1,1,1,0,0,0
9988.791164,1,1,0,1,0,0,1,0,1
9997.646497,0,0,0,0,1,0,1,1,1
