t,finish1,finish2,finish3,release1,release2,release3,start1,start2,start3
8.674352,1,0,0,1,0,1,1,0,1
11.295282,0,1,0,1,1,0,1,1,0
20.117622,1,0,0,0,1,1,0,0,1
25.861019,1,0,0,1,0,1,1,0,1
30.289344,0,0,1,1,0,1,1,1,0
33.439108,1,0,1,0,1,1,0,0,1
42.824644,0,0,0,1,1,1,1,1,1
45.646218,1,1,1,0,1,0,0,1,1
47.746367,0,0,1,0,0,0,0,0,0
50.266199,1,1,0,1,0,0,1,1,0
59.953730,0,0,0,1,0,0,0,0,0
62.657162,1,1,1,0,1,0,1,0,0
63.883846,0,1,0,0,1,1,0,1,1
71.026989,1,1,1,1,1,1,1,0,0
72.138989,0,0,1,1,0,1,1,0,0
75.782657,0,0,0,1,0,1,0,1,1
79.441827,1,0,1,1,1,1,1,1,1
82.749890,0,0,1,1,0,1,1,1,1
92.574263,1,1,0,1,0,1,0,0,0
93.108259,0,0,1,1,0,1,0,0,0
99.829542,1,1,0,1,0,1,1,0,0
101.015609,0,1,0,0,1,0,1,0,0
109.373437,0,1,0,0,1,0,0,1,1
110.598805,0,1,1,0,0,0,1,1,0
112.293543,0,0,0,0,0,0,0,0,1
114.432414,1,0,0,0,1,1,0,1,1
115.190311,0,1,0,0,0,0,1,0,1
119.006190,1,1,0,0,1,0,0,1,0
122.940662,1,1,0,1,1,1,0,1,1
128.497925,0,0,0,0,0,1,0,0,1
129.832125,1,1,0,0,1,0,1,1,1
131.508350,0,0,0,1,0,0,1,0,0
134.020619,1,0,1,1,0,0,0,0,0
138.487192,0,0,0,0,1,0,0,0,1
141.217201,0,0,1,1,0,0,0,1,0
144.027444,1,1,1,1,1,1,1,1,1
150.370092,0,1,0,0,0,0,1,0,0
153.070546,1,1,1,0,1,1,1,1,0
154.064055,1,0,1,0,0,1,0,0,0
157.266835,1,0,0,0,0,1,0,0,1
164.746078,0,0,0,0,1,1,0,1,0
167.179267,0,0,1,1,0,1,0,0,1
174.593319,0,1,0,0,1,1,1,0,1
175.158365,1,0,1,1,1,1,1,0,1
183.854148,1,1,0,1,0,0,0,1,1
188.699836,0,0,1,1,0,0,1,1,1
195.366836,1,0,0,1,1,1,0,0,1
200.306920,0,0,0,1,1,0,1,0,0
209.135489,1,1,0,0,0,1,0,0,1
209.861363,0,0,1,0,1,1,1,0,0
212.982051,0,0,0,0,0,1,1,0,0
216.080900,1,0,1,1,1,1,0,1,0
222.316909,1,1,1,1,0,1,0,0,1
228.823283,0,1,0,1,1,1,0,1,0
237.861840,0,0,0,0,0,0,1,0,0
246.301713,1,1,1,0,0,1,1,1,0
249.129285,0,1,0,1,1,0,1,1,0
250.754326,1,0,1,0,1,0,1,1,1
254.458660,0,1,1,1,0,0,1,1,0
258.327065,0,0,1,1,0,1,1,0,0
264.898381,1,1,0,1,1,1,1,0,0
265.396091,1,0,1,1,1,1,0,1,1
273.283095,1,0,0,1,1,1,0,0,1
274.155295,1,1,1,1,1,0,1,0,1
277.125998,1,0,0,0,0,0,1,1,0
282.464673,0,1,0,1,0,0,1,1,1
291.026301,0,0,0,1,1,0,0,0,0
294.073541,0,1,0,0,0,0,1,1,0
296.542131,1,0,0,0,1,0,0,0,1
296.703757,1,0,1,1,0,1,0,1,0
302.625862,0,0,0,1,0,1,0,1,0
310.432869,0,1,1,0,0,0,1,0,0
317.189392,1,1,1,0,0,1,0,1,1
326.972023,0,1,1,0,0,0,1,0,1
332.090621,0,1,1,1,0,0,0,0,1
336.684801,0,1,1,1,1,1,1,1,0
344.147176,1,0,1,0,1,0,1,1,1
348.695784,1,0,0,0,1,0,0,0,1
353.044176,1,1,1,0,0,1,1,1,1
357.544726,0,0,1,0,1,0,0,1,1
367.300848,1,0,0,1,1,1,0,1,0
371.982519,1,0,0,0,0,0,0,0,1
373.890929,0,0,0,1,1,0,0,0,1
383.494275,0,1,1,0,0,1,0,1,0
390.341437,1,0,1,0,1,0,0,1,1
392.526519,0,0,1,0,1,1,1,0,1
400.411346,1,0,0,0,0,1,0,1,1
408.676825,0,1,0,1,0,0,1,0,0
412.680195,1,0,0,1,1,1,1,0,1
417.102863,1,0,0,0,0,0,0,0,0
426.068484,0,0,0,1,1,0,0,0,1
435.560060,0,0,0,0,0,1,1,0,0
443.528178,1,1,1,1,0,0,0,0,0
446.098366,0,0,0,1,0,0,0,1,1
447.882404,0,0,1,0,1,0,0,1,0
450.771314,0,1,0,0,1,1,1,1,0
458.585740,1,1,0,0,0,0,1,0,0
464.410334,1,1,1,1,1,1,0,0,0
465.262542,0,0,1,1,1,0,0,1,0
473.304695,1,1,0,1,1,0,1,0,1
475.000441,0,1,1,0,0,0,0,1,0
479.186416,1,0,1,1,1,1,1,1,0
480.825477,0,1,1,1,0,0,1,1,0
484.971896,1,0,0,1,0,1,0,1,0
492.879907,0,1,1,1,1,0,0,0,0
495.572945,1,0,1,1,0,1,1,0,0
500.301228,0,1,0,0,1,0,0,0,1
500.700418,0,0,1,0,0,0,1,1,1
504.634543,0,1,1,1,0,1,1,1,1
506.282437,1,1,1,1,1,0,0,1,0
509.769094,1,1,0,0,1,1,0,0,1
518.979152,1,0,1,0,1,1,1,1,0
520.790670,0,0,1,1,0,0,1,0,1
527.304532,1,1,0,1,1,1,1,0,0
531.237723,0,1,0,0,0,1,0,1,0
532.872547,1,1,0,0,0,0,1,1,1
533.762347,1,1,1,1,1,1,0,0,0
536.066487,0,1,1,0,0,0,0,1,1
539.145440,0,0,1,0,1,1,0,0,1
546.717938,0,0,0,0,0,0,0,1,0
551.389129,1,1,1,1,1,0,1,0,0
553.923209,0,0,0,1,0,1,1,0,1
556.521037,0,0,0,0,0,1,1,1,1
557.815440,1,1,0,1,1,0,1,0,1
558.654345,1,0,0,0,1,0,1,0,1
562.693403,0,1,0,0,0,0,1,0,1
565.877224,0,0,1,1,0,1,0,0,1
567.787509,0,0,1,0,0,1,1,1,0
573.118165,1,1,1,1,0,0,0,0,0
578.571206,1,1,1,1,1,0,1,0,0
578.994409,1,1,0,1,1,1,0,1,0
586.076768,0,0,1,1,0,1,1,0,1
595.542776,1,0,0,1,0,0,1,0,1
598.966252,0,0,1,1,1,1,1,0,1
607.202760,0,1,0,0,1,1,0,1,0
611.739389,1,0,1,1,1,1,0,0,1
619.714275,1,1,1,1,1,0,0,1,1
624.159275,0,1,0,0,0,1,0,1,0
632.990704,1,1,0,0,1,1,0,1,1
639.475904,1,0,0,1,1,1,1,0,0
645.502917,0,0,0,1,0,1,1,0,0
647.153237,0,0,0,1,0,1,0,1,0
652.371106,1,1,1,1,0,1,0,1,1
659.494536,1,0,0,1,1,0,0,1,1
663.060242,1,0,0,0,1,0,1,0,0
672.868218,0,1,1,1,0,1,1,1,1
677.605586,0,0,0,0,0,1,1,1,0
685.561029,0,0,0,1,1,1,0,0,1
693.527961,0,0,1,1,0,0,0,0,1
695.411524,0,0,0,0,0,1,0,0,0
697.789196,0,0,1,0,0,1,0,0,1
699.834809,1,0,1,0,0,0,1,1,1
700.794765,0,1,1,1,0,1,1,1,0
706.003231,1,1,1,0,1,1,1,1,0
711.840424,0,0,0,0,1,1,0,1,1
711.916203,0,0,0,0,0,1,0,0,0
716.699334,1,1,0,1,0,0,1,0,1
725.072990,1,1,1,1,1,1,1,0,1
727.099837,0,1,1,0,0,0,1,1,1
727.197726,0,0,0,1,0,1,0,0,1
732.314494,1,1,1,1,1,0,1,1,0
739.593918,0,1,0,0,0,1,0,0,0
747.261421,0,1,0,1,1,1,1,1,0
749.331179,1,0,0,0,0,0,1,0,1
752.473458,1,1,0,0,1,1,1,0,1
754.832713,0,1,0,0,1,0,0,1,1
755.602068,1,0,1,1,1,0,1,0,1
760.524339,1,0,1,1,0,0,1,0,0
770.412775,1,1,1,0,1,0,0,1,1
775.390652,1,1,0,1,0,0,0,0,0
781.620538,0,0,1,0,0,1,0,0,0
787.555010,0,0,1,1,1,1,1,0,1
793.238261,0,1,0,1,1,1,1,1,0
796.889690,1,0,1,1,1,1,1,0,1
804.068395,1,0,1,0,1,0,0,0,1
813.939376,1,0,1,0,0,0,0,1,0
823.062840,1,0,1,1,0,1,1,0,1
826.342733,0,0,1,0,1,1,0,0,0
832.281284,0,1,0,1,1,1,0,1,1
840.606867,1,0,0,1,1,1,1,0,0
844.240316,1,0,1,0,0,1,0,0,0
852.227939,0,0,1,1,0,0,0,0,1
858.270737,0,1,1,0,1,1,1,0,0
860.579199,0,0,0,0,0,0,1,1,0
861.057099,1,0,0,1,1,1,1,0,0
869.648305,1,0,0,0,1,1,1,1,1
875.707727,1,0,1,0,1,1,0,1,0
885.398479,1,1,0,1,0,1,0,1,1
887.562724,1,0,0,0,1,0,1,0,1
895.012148,0,1,0,1,0,1,1,0,1
897.972852,1,0,1,1,1,1,0,0,0
906.325958,1,1,0,0,0,0,0,1,0
914.755867,0,1,1,1,1,1,0,1,0
915.853531,0,0,0,1,0,1,0,0,0
920.149682,0,0,0,1,0,0,0,0,0
923.587838,0,0,1,1,1,0,0,1,0
928.075311,1,0,0,0,0,1,1,0,1
933.816477,1,0,1,0,1,1,1,1,1
935.283997,1,0,1,1,0,0,0,0,1
940.477316,0,1,1,0,0,1,1,0,0
943.956229,1,1,0,1,1,1,0,0,0
952.061934,0,1,1,1,0,1,1,0,1
960.109004,1,1,0,0,0,0,0,1,0
962.837004,1,0,1,1,1,1,1,0,1
964.754584,0,1,0,0,0,0,0,1,1
969.138707,0,1,1,1,1,0,1,0,1
974.489929,1,0,0,0,0,1,1,0,1
978.648408,1,0,1,0,0,1,0,1,1
988.123769,1,1,0,0,1,0,1,0,0
997.471306,0,0,0,0,0,1,0,1,1
1000.002173,0,1,0,0,1,0,1,1,1
1007.914357,0,0,1,0,1,1,1,0,1
1010.395109,0,1,1,1,1,1,0,0,0
1012.192337,1,1,1,1,1,1,1,1,0
1012.680653,1,1,1,1,0,1,1,1,1
1016.579175,0,0,1,1,0,1,0,1,0
1024.932281,0,0,1,1,1,0,0,1,1
1032.198741,0,0,1,1,0,1,1,1,0
1032.833824,1,1,1,0,1,0,0,0,0
1038.389824,1,0,0,1,1,0,1,1,0
1044.833479,1,0,1,0,1,0,0,0,0
1045.664435,0,1,1,1,1,1,1,0,1
1055.096310,1,1,1,1,1,1,0,0,0
1060.502175,1,1,1,0,0,0,1,1,0
1060.877238,0,1,0,0,1,0,1,0,1
1067.948238,1,1,1,0,1,0,1,1,1
1068.699163,1,0,1,1,0,0,0,1,0
1072.370269,1,0,0,1,0,0,1,0,0
1078.949559,1,0,0,1,1,1,1,1,0
1082.234254,0,1,0,0,0,0,1,0,0
1083.287780,0,0,1,0,0,0,0,1,1
1089.260405,1,1,0,0,0,0,0,0,1
1093.927605,1,0,1,0,1,1,0,1,0
1094.724418,0,1,1,1,0,0,1,1,1
1099.228784,0,1,0,1,1,0,0,0,1
1107.192260,1,0,0,0,0,1,1,1,1
1113.192660,1,1,1,0,1,0,1,0,1
1120.102986,0,0,0,1,1,0,0,0,0
1129.562839,1,1,1,1,0,1,0,0,0
1133.418875,1,0,0,1,1,1,1,0,1
1134.811386,1,0,1,0,0,0,1,1,1
1137.932375,0,1,1,1,0,0,1,0,0
1139.610323,1,0,0,1,0,1,1,1,1
1146.495452,0,1,1,0,1,0,1,0,1
1155.302910,0,0,1,1,1,1,1,0,0
1158.538881,0,0,1,0,1,1,1,0,1
1165.588646,1,0,0,1,1,0,0,0,1
1173.594424,1,0,0,0,0,1,1,1,0
1180.261424,1,1,1,0,1,1,0,1,1
1187.354226,0,0,0,0,1,0,0,1,0
1194.918792,1,1,1,1,1,0,1,0,1
1196.609764,1,0,0,1,1,1,0,0,0
1204.090636,0,1,1,0,0,0,0,1,0
1205.822232,1,1,1,0,1,0,0,1,1
1209.269986,1,0,1,0,0,0,1,0,0
1218.063563,1,0,0,0,1,1,1,0,0
1219.317338,0,0,0,1,1,1,0,0,1
1226.709685,1,1,1,1,0,0,1,1,0
1232.528285,0,1,0,0,1,1,0,1,0
1239.625350,0,1,0,1,1,1,1,0,1
1244.092704,0,0,0,0,0,0,1,0,1
1251.803776,1,0,0,0,0,1,1,1,0
1258.862894,0,1,1,0,0,0,0,0,1
1261.416615,0,1,1,0,0,1,1,1,1
1269.238847,1,0,1,1,0,1,1,0,0
1269.239847,0,1,1,0,0,0,0,1,1
1270.051877,0,0,0,1,0,1,0,0,1
1272.458651,0,0,0,1,1,0,0,0,1
1276.651433,1,0,1,0,0,1,0,1,1
1283.841495,1,0,1,0,0,0,1,0,1
1288.638527,0,1,0,1,0,0,1,1,0
1296.417707,0,0,1,0,1,1,1,0,0
1304.449400,1,0,0,0,0,1,0,1,0
1312.397488,1,0,1,0,1,1,0,1,0
1320.829018,1,1,0,1,1,0,0,1,1
1328.261880,1,0,0,1,1,1,1,0,0
1329.933092,1,0,1,1,0,0,1,1,1
1331.233656,1,0,0,0,0,1,0,1,1
1335.472811,0,1,0,0,0,1,1,1,0
1335.473811,1,0,1,0,0,1,0,0,0
1339.902940,0,1,0,1,1,0,0,1,0
1340.341533,0,0,0,1,1,0,0,0,1
1350.294589,0,1,0,0,0,0,0,1,1
1358.874978,0,0,0,1,0,0,1,0,0
1363.432986,1,1,1,1,1,1,1,1,0
1364.333896,0,0,1,0,1,1,1,1,0
1369.847858,1,0,1,1,0,1,0,0,0
1372.955165,0,0,0,0,1,1,1,0,0
1377.726546,1,0,1,1,1,1,1,1,1
1380.618189,1,0,0,0,1,0,1,1,0
1383.147382,1,1,0,1,0,0,1,0,0
1384.392100,0,0,0,1,0,1,1,0,0
1385.914200,0,1,1,0,1,1,0,1,1
1395.384658,1,0,1,1,1,1,1,1,0
1396.882107,1,0,0,0,1,0,0,0,1
1406.790373,0,1,0,1,0,0,1,1,0
1409.429146,1,1,0,1,0,0,1,0,1
1409.621454,0,1,1,1,0,0,1,1,1
1412.614122,1,1,1,1,0,0,1,0,1
1421.882488,0,0,1,1,1,1,1,1,0
1423.927541,0,0,0,1,1,1,0,0,1
1429.751624,0,0,0,1,0,1,0,0,0
1429.752624,1,1,0,0,1,1,0,0,0
1431.854582,1,0,1,1,1,1,0,0,0
1432.139913,1,0,0,1,1,0,1,0,1
1437.881784,0,1,1,1,1,0,0,0,1
1445.050089,1,0,0,1,1,1,0,0,0
1448.197627,0,0,0,1,1,0,0,0,1
1451.229252,0,0,1,0,0,1,0,1,1
1455.577643,0,0,0,1,1,1,1,0,1
1462.646720,1,0,1,0,0,0,0,1,0
1470.319366,1,0,1,1,0,1,1,0,0
1471.019384,1,1,0,0,1,1,1,0,1
1477.188599,1,1,0,0,0,0,0,0,0
1482.296122,1,1,1,0,0,1,0,0,0
1489.061585,0,0,0,0,1,0,1,0,0
1495.670835,0,1,0,0,1,1,1,1,0
1496.832669,1,0,0,0,1,1,0,0,1
1503.892460,0,0,1,0,0,1,0,1,1
1504.453628,1,0,0,1,0,1,0,1,1
1509.422080,0,0,1,0,0,1,0,1,1
1509.423080,0,0,1,0,1,1,1,1,0
1510.555134,1,1,1,1,1,0,1,0,0
1518.160695,1,1,0,0,1,0,0,0,0
1527.486276,0,1,1,0,0,0,1,0,0
1537.144429,1,0,0,1,1,0,1,1,0
1545.881398,1,0,1,1,1,1,0,1,1
1548.150690,0,0,0,1,0,1,1,1,1
1554.698521,0,1,1,0,0,0,1,0,0
1558.328318,1,0,1,0,1,0,1,1,0
1563.268218,1,0,1,0,1,1,0,1,1
1567.759335,0,1,0,0,1,1,0,0,1
1573.951806,1,0,0,1,0,1,1,0,0
1581.467206,1,0,0,0,1,1,0,0,0
1584.361534,0,1,1,0,0,1,1,0,1
1584.668180,0,0,1,0,0,0,0,1,0
1589.456151,1,1,0,1,1,0,0,0,1
1590.337566,1,1,0,1,1,1,1,0,0
1598.033161,0,0,1,0,0,0,0,1,1
1600.023209,0,1,1,1,0,1,1,0,1
1603.732352,0,1,1,0,0,1,0,1,1
1609.023001,1,1,0,0,0,1,0,0,0
1610.970615,0,1,0,1,0,1,1,0,1
1620.268931,0,0,1,1,1,0,1,1,0
1627.664401,1,1,1,1,1,1,0,1,1
1631.188586,1,1,1,1,0,0,1,1,0
1637.098086,0,1,1,0,0,0,0,1,1
1640.568127,1,1,0,0,0,1,1,0,1
1642.557059,0,0,1,0,1,1,0,1,1
1649.467480,0,1,0,1,1,1,1,0,0
1650.576682,1,0,1,1,0,0,0,0,0
1651.410932,0,1,1,0,1,1,0,1,1
1658.980236,0,0,0,1,1,0,0,1,0
1665.640099,1,1,0,1,1,0,1,0,0
1672.073716,0,1,0,1,0,0,1,1,0
1677.103115,0,1,1,0,0,1,1,1,1
1680.932184,1,1,1,0,0,1,1,1,1
1685.369215,1,1,0,0,1,0,0,1,0
1688.966529,0,1,0,0,1,0,0,0,1
1697.557919,1,1,1,1,0,0,1,1,0
1698.951185,1,0,1,1,0,1,0,0,1
1702.356100,0,1,0,0,1,0,1,1,0
1706.731662,1,0,1,0,0,0,0,0,1
1710.565612,1,1,0,0,1,1,1,0,0
1714.012383,0,0,0,0,1,0,0,0,0
1715.719293,0,0,0,0,1,1,0,0,0
1719.578271,1,0,0,0,0,0,0,1,0
1726.778551,0,1,0,1,0,0,0,0,1
1730.050252,0,1,1,1,1,0,0,0,0
1737.602119,0,1,1,0,0,1,0,0,1
1746.679882,1,0,0,0,1,1,1,0,0
1756.489061,0,0,0,0,1,1,0,1,1
1757.777603,0,1,1,1,0,0,1,0,1
1761.820752,1,0,0,1,1,1,1,1,1
1763.033752,0,1,1,0,1,1,0,1,1
1772.581417,1,0,0,1,1,1,0,0,0
1778.839613,1,1,1,1,1,0,1,0,0
1787.042040,1,0,1,0,0,0,1,1,1
1795.409550,0,1,0,0,0,0,0,1,0
1800.558315,1,0,1,1,0,0,1,0,1
1800.589524,0,0,1,1,0,0,1,1,0
1808.680374,0,0,0,1,0,0,0,0,1
1817.995819,0,1,0,0,0,0,1,0,1
1823.574773,0,0,0,0,0,1,0,1,1
1828.029229,0,1,0,1,0,0,0,0,0
1830.228804,0,0,0,0,1,0,1,1,1
1832.810191,0,1,1,1,0,0,0,1,1
1840.212298,0,0,1,1,0,1,0,0,1
1841.499343,1,0,1,1,1,1,0,0,1
1848.635308,0,0,0,0,0,1,1,1,0
1855.187377,1,0,1,0,0,1,1,0,0
1858.039654,0,0,0,0,0,1,0,1,0
1862.183097,1,1,1,0,1,1,1,0,0
1865.623389,0,1,0,1,1,0,1,0,0
1872.307726,1,1,0,0,1,1,0,1,1
1873.918734,0,1,0,0,1,0,0,0,0
1878.404882,0,1,0,0,0,0,0,1,1
1886.021828,1,1,0,0,1,1,0,0,1
1890.982587,1,1,1,0,1,0,0,1,1
1898.908202,1,1,0,1,1,1,0,1,1
1900.575702,0,0,0,0,0,0,0,0,1
1905.743649,0,1,1,0,0,0,1,1,0
1914.834649,1,0,1,0,1,1,0,1,1
1915.619662,1,1,1,0,0,1,1,0,1
1925.550798,1,0,1,1,1,1,1,0,0
1930.341235,0,0,0,1,0,1,0,0,0
1936.211213,0,0,0,1,0,0,0,1,0
1937.819982,1,0,0,1,0,1,1,1,1
1944.611670,0,1,1,1,1,0,0,1,1
1947.104567,0,0,1,0,0,1,0,0,0
1947.742759,0,0,1,0,0,0,1,0,1
1948.463687,0,1,0,0,0,1,0,0,1
1948.604207,1,1,0,0,1,0,0,1,1
1949.193384,0,0,1,1,0,1,1,0,0
1951.230794,1,1,0,1,0,0,0,0,1
1951.672427,0,0,0,1,1,0,0,0,0
1952.533341,0,0,1,0,1,1,1,0,0
1962.150464,0,0,0,1,0,1,0,1,0
1963.100274,1,0,0,1,1,0,0,0,0
1971.555364,0,1,1,1,0,0,1,1,1
1977.534602,1,0,1,1,1,0,0,0,0
1984.083378,0,0,0,0,0,1,1,1,1
1989.548558,1,0,0,1,1,0,0,0,1
1993.714639,0,0,1,0,0,1,1,1,0
1999.267032,1,0,1,0,0,0,0,1,0
2002.061870,0,0,1,0,1,1,0,0,0
2003.249192,1,0,1,1,0,1,1,1,0
2008.315599,0,0,0,1,0,1,1,1,1
2011.681042,1,0,0,0,1,1,0,1,1
2017.590542,1,1,1,1,0,1,1,0,1
2026.009619,1,1,1,0,1,1,1,1,0
2027.651322,1,0,1,1,0,1,1,1,0
2029.874322,0,1,1,0,1,0,0,0,1
2034.823980,1,1,0,0,0,0,1,1,0
2042.875645,1,1,1,0,1,1,1,1,0
2043.804387,1,1,0,1,0,1,1,0,1
2052.842945,1,1,0,0,0,0,1,1,0
2061.552331,0,0,1,0,1,1,1,1,0
2061.673439,1,0,1,1,1,1,1,1,1
2069.663196,1,1,1,1,0,0,0,0,0
2072.790178,0,0,1,1,0,0,0,1,0
2076.938284,0,0,0,1,0,1,0,0,0
2083.058891,1,1,1,1,1,1,1,0,1
2089.544679,1,0,0,1,1,0,1,0,0
2095.603164,1,0,0,1,1,0,1,1,1
2095.961272,1,0,1,0,0,0,1,1,0
2100.215578,0,0,0,0,1,0,0,1,0
2108.124215,1,0,0,1,1,0,1,0,0
2113.990838,0,0,1,1,0,0,0,1,1
2121.364373,1,0,1,0,0,1,1,1,1
2124.550786,0,1,0,1,0,1,1,1,0
2130.193423,1,0,0,0,0,0,0,1,0
2137.144948,0,1,0,0,0,1,0,0,0
2145.475115,0,0,1,1,1,0,1,1,1
2152.085828,1,0,1,0,0,1,1,1,1
2160.739557,0,0,1,0,1,0,1,0,1
2169.842049,1,1,0,1,1,0,0,0,1
2169.843049,1,1,0,0,1,1,0,0,1
2175.371446,1,1,1,1,1,0,1,0,0
2178.645212,0,1,0,1,1,1,1,1,1
2181.302196,1,0,1,0,0,1,0,0,1
2184.302896,1,0,1,0,1,1,1,1,0
2189.415325,0,1,1,0,1,1,0,0,0
2196.245831,0,1,0,0,0,0,0,0,0
2198.187465,1,0,0,1,0,0,1,1,1
2205.412873,0,0,0,1,0,1,1,1,0
2214.177626,1,0,0,1,0,0,0,1,0
2222.301329,1,0,1,1,0,0,1,0,1
2229.968229,1,0,0,0,0,0,1,0,1
2236.807924,1,0,0,1,0,1,1,1,1
2242.974974,0,1,1,1,1,0,0,0,0
2250.307580,0,0,0,1,1,0,1,1,1
2256.889031,0,0,1,0,1,1,0,1,1
2265.797647,0,1,0,1,1,1,1,1,0
2272.927390,0,1,1,0,0,1,0,1,1
2281.754323,1,1,0,1,1,0,1,1,1
2283.892514,1,0,0,0,0,0,1,0,0
2290.416926,0,0,1,1,1,0,1,0,1
2294.379538,0,1,1,1,1,0,1,1,1
2298.380138,0,0,0,0,0,1,0,0,1
2306.419169,1,0,1,0,0,0,0,0,0
2316.388960,0,0,1,1,1,1,0,1,1
2326.336664,1,0,0,0,1,0,0,1,1
2330.431005,1,1,1,0,1,1,1,0,0
2336.585236,0,1,0,1,0,0,1,0,1
2338.179341,1,0,0,1,0,1,1,1,1
2343.661720,0,1,0,1,0,0,0,0,1
2347.911767,1,1,0,0,1,0,0,1,0
2357.358937,0,1,1,0,0,1,0,1,1
2363.282092,1,1,0,1,0,0,1,1,0
2364.532967,1,1,1,1,1,1,1,1,1
2368.355503,1,1,0,0,0,1,1,0,0
2368.933368,0,0,1,1,1,0,1,1,1
2374.760812,0,0,1,1,1,0,0,1,0
2378.780102,1,0,0,0,1,0,0,0,0
2387.586192,1,1,0,0,0,1,1,1,1
2390.217721,0,1,0,1,1,1,1,0,1
2390.823923,0,0,0,1,0,0,1,0,0
2397.606579,1,0,0,1,1,1,0,0,0
2402.632587,0,1,0,0,0,0,0,1,0
2404.315662,0,1,0,1,0,0,1,0,0
2406.673183,0,1,1,0,1,0,0,0,1
2408.871765,1,0,0,1,0,0,0,0,0
2418.363795,1,1,1,1,1,1,1,0,0
2419.509718,1,0,0,0,1,1,1,0,0
2426.549892,0,1,0,0,1,1,1,0,1
2428.447808,1,1,0,1,1,1,0,1,0
2436.787597,1,1,0,0,1,1,0,0,0
2442.133408,0,1,1,0,0,1,1,0,1
2443.966286,1,0,0,0,1,0,0,0,0
2444.914559,1,0,1,1,0,1,0,1,1
2454.884074,0,0,0,1,1,1,1,1,1
2458.390259,1,0,0,0,0,1,1,1,1
2463.542259,1,1,1,0,0,1,0,1,1
2467.542859,0,1,1,1,1,1,0,1,1
2472.441328,0,1,1,0,0,0,0,0,0
2473.689147,1,1,1,1,1,1,0,1,0
2482.879102,1,0,1,1,1,0,1,0,1
2490.002677,1,0,1,0,0,1,1,0,0
2497.136920,0,1,1,1,1,0,1,1,0
2505.850922,1,1,1,0,0,0,0,1,1
2508.159383,1,1,0,1,1,1,1,0,0
2517.094272,0,1,1,1,0,1,1,0,1
2519.709390,1,0,1,0,1,0,0,0,1
2527.731060,0,0,0,0,0,1,1,1,1
2530.538797,1,0,0,1,1,1,0,1,0
2534.607187,0,0,1,1,1,0,1,0,0
2543.025576,0,1,1,0,0,0,0,1,0
2552.872530,1,0,0,0,1,1,1,0,0
2552.907386,1,1,0,1,1,1,1,0,1
2558.456486,0,0,0,1,0,1,1,0,0
2562.179580,0,1,1,1,0,0,1,0,1
2567.878935,0,1,0,1,1,1,0,1,0
2569.579765,0,0,0,1,1,1,1,1,0
2576.869756,0,1,0,1,0,0,0,1,1
2578.613846,1,0,1,1,0,0,1,0,0
2581.715311,1,1,0,1,0,1,0,0,1
2583.857155,1,1,0,1,1,1,1,0,1
2590.179007,0,0,1,1,0,1,1,0,1
2596.936421,0,0,0,0,0,1,1,1,0
2603.245034,0,0,1,0,0,1,1,0,0
2612.050348,1,0,0,1,1,1,1,0,1
2621.721000,0,0,0,0,1,0,1,0,1
2630.207067,1,1,0,0,0,0,0,0,0
2632.788454,1,0,0,1,1,1,1,1,1
2636.168618,0,1,1,1,1,1,0,1,1
2642.654406,1,0,0,0,0,0,1,0,1
2648.535385,1,0,0,0,1,0,0,1,0
2654.309617,1,1,0,0,1,1,0,1,1
2658.772113,1,0,1,1,1,0,0,1,0
2662.144277,1,0,0,1,1,0,0,0,0
2671.625597,0,0,0,1,1,0,1,1,0
2677.299107,0,0,1,1,1,0,0,1,1
2681.699667,0,0,0,0,1,1,1,0,1
2685.745570,1,0,1,1,1,1,0,1,0
2692.956877,1,0,0,0,1,1,0,1,0
2695.719506,0,0,1,1,1,1,0,0,1
2696.587766,0,0,0,0,0,1,1,1,0
2700.948086,0,0,0,1,1,0,0,1,0
2701.816051,1,0,0,1,0,0,0,1,1
2703.597695,0,0,0,0,1,0,1,0,0
2709.960475,1,0,0,1,0,0,1,0,1
2715.863663,0,0,1,0,0,1,0,1,0
2721.864063,1,1,0,0,0,0,0,1,0
2723.771652,0,1,1,0,1,0,0,0,0
2729.410854,0,0,1,1,0,0,1,0,0
2734.038843,0,1,1,1,0,1,1,0,1
2741.555721,0,0,1,0,1,0,0,0,1
2742.819876,0,1,0,1,1,0,0,1,1
2749.022788,0,1,0,1,0,1,0,0,0
2758.964654,1,1,0,1,0,0,1,0,1
2767.934665,0,0,1,0,0,1,0,0,1
2777.797274,0,1,0,0,1,0,1,0,1
2781.388519,0,1,1,0,0,1,1,1,0
2785.141420,1,1,0,0,0,0,1,1,0
2791.512440,0,0,0,0,1,0,0,0,0
2792.422440,1,1,0,1,1,1,0,0,0
2792.661178,1,0,0,1,1,0,0,0,1
2800.935160,0,1,1,0,0,0,1,1,0
2807.130104,1,0,0,1,0,0,1,0,0
2811.835603,0,0,1,1,1,0,0,1,0
2813.880597,1,0,0,0,0,0,1,1,1
2816.549910,0,0,1,0,1,1,0,1,0
2819.195657,1,0,0,1,0,1,0,0,1
2820.512315,0,0,1,0,1,1,0,0,0
2823.235106,1,0,0,1,0,0,1,1,1
2832.152412,0,0,0,0,1,0,1,1,1
2832.367458,0,0,0,1,0,1,1,0,1
2839.969323,1,1,1,0,1,1,0,0,1
2848.783875,1,1,0,0,0,1,0,0,0
2858.421738,1,0,1,0,1,1,0,1,0
2861.888301,0,0,0,1,1,0,1,0,1
2863.800698,0,1,1,1,0,1,0,1,1
2867.365599,1,0,0,1,1,0,0,0,1
2867.366599,1,0,0,0,0,1,0,1,1
2876.956957,0,0,1,1,1,0,0,1,0
2886.418088,0,1,1,0,0,0,1,1,1
2890.840415,1,0,0,0,1,1,0,1,0
2899.215956,1,1,0,0,1,1,1,0,0
2902.559479,1,0,1,1,0,0,1,1,1
2909.444472,0,0,1,1,1,1,1,1,1
2917.986284,0,1,1,1,0,0,0,1,0
2927.486334,1,1,0,1,0,0,1,0,1
2932.791968,1,1,0,1,1,1,1,0,0
2941.615615,1,0,1,1,0,1,0,0,0
2943.316445,1,1,0,0,0,0,0,0,0
2953.121152,0,1,1,1,0,0,1,1,0
2959.328428,0,0,1,0,0,1,1,0,0
2961.797800,1,0,0,1,0,1,0,1,0
2965.524969,1,0,1,1,0,0,0,0,1
2966.150907,1,0,1,0,0,1,1,0,0
2975.650957,0,1,1,0,1,0,1,0,1
2976.666707,0,0,1,0,1,1,0,0,1
2979.747659,1,0,0,1,1,0,1,1,0
2988.968516,0,0,1,1,1,1,1,0,1
2997.288499,0,0,1,0,1,1,1,1,1
2998.736095,1,0,1,1,0,0,1,1,0
3001.308953,0,0,1,0,1,1,1,1,0
3002.016338,1,1,1,0,0,0,1,1,0
3007.820329,0,0,0,1,1,0,0,0,1
3017.666498,1,0,0,1,1,1,1,0,0
3023.810025,0,1,1,1,1,0,1,0,0
3030.175055,1,1,0,0,0,0,0,1,1
3036.193350,0,0,0,1,0,1,0,1,0
3037.979886,0,0,0,0,1,0,0,1,1
3042.170411,0,1,1,1,1,0,1,0,1
3051.042205,1,1,1,1,0,1,0,0,1
3054.624936,1,1,1,1,0,1,1,0,0
3061.997462,0,1,0,1,0,1,1,0,0
3070.823666,0,1,1,0,1,0,1,0,0
3076.468041,1,0,1,1,1,1,1,0,0
3078.921626,1,0,1,0,1,1,1,1,1
3080.161173,0,1,1,0,1,1,1,0,1
3089.432079,1,0,0,0,0,1,0,0,1
3092.010599,1,0,0,0,0,1,1,1,1
3099.815697,1,1,0,1,0,1,0,0,0
3106.641014,1,1,0,1,1,0,1,1,0
3115.103668,1,0,1,1,0,0,0,1,0
3120.519064,1,0,1,0,1,0,1,0,1
3124.949152,0,0,1,1,0,0,1,1,1
3134.621912,0,0,0,1,1,0,0,0,0
3139.026141,0,0,1,0,0,0,1,0,1
3146.938971,0,1,1,1,1,1,1,1,0
3147.148679,0,1,0,0,1,0,1,0,1
3157.069479,0,0,1,1,0,0,0,1,1
3157.496724,1,1,0,1,0,1,1,0,0
3159.305543,0,1,0,0,0,0,0,0,0
3161.462291,0,0,1,1,1,0,0,0,0
3163.831475,1,0,0,1,0,1,0,0,0
3166.448652,1,1,1,1,1,1,0,1,1
3169.241395,0,1,1,0,1,0,1,0,0
3176.204662,1,0,0,0,1,1,0,1,1
3181.799365,0,1,1,0,0,0,0,1,0
3189.343215,0,1,0,1,0,0,0,1,0
3199.088283,0,1,0,1,1,0,1,0,1
3206.571052,1,1,1,0,0,0,1,1,1
3209.629469,1,1,1,1,1,1,0,1,0
3212.424057,1,0,0,0,0,1,1,0,1
3216.937241,0,0,0,1,1,1,0,1,0
3223.411582,1,1,0,0,0,0,1,1,1
3226.156907,0,1,0,1,1,0,0,1,0
3227.568554,1,0,0,0,0,0,1,0,1
3231.051054,0,1,0,0,1,0,1,0,1
3235.689272,1,1,0,0,1,0,0,1,0
3239.493170,1,0,1,0,0,1,1,0,0
3243.918506,0,1,0,1,1,1,0,0,0
3250.810709,1,0,0,0,1,1,0,1,0
3256.564558,1,1,1,0,1,0,0,0,1
3257.462208,1,0,0,1,1,1,1,1,1
3258.387029,1,0,1,1,1,1,0,1,1
3267.383268,1,1,0,0,0,0,1,1,1
3272.867591,0,1,0,0,0,0,1,1,1
3280.776197,0,1,1,0,0,0,0,0,0
3285.575871,0,0,1,1,1,0,1,1,0
3295.356595,0,1,1,1,1,1,0,0,0
3302.606870,1,1,1,0,0,0,1,0,1
3306.510942,1,0,1,0,0,0,1,0,0
3309.267572,1,1,0,1,0,0,1,1,0
3314.982286,1,1,1,1,1,1,0,0,0
3322.299068,1,0,0,0,0,1,0,0,1
3331.632468,0,1,0,0,0,1,1,1,0
3341.362225,0,1,1,0,1,0,1,0,1
3349.678720,1,0,1,0,1,0,0,0,1
3356.501260,1,1,0,1,0,1,0,0,0
3360.507914,0,0,1,0,0,0,0,1,0
3362.407990,1,1,0,0,1,0,1,1,1
3364.346025,1,1,0,0,1,0,1,1,1
3370.046455,0,0,0,1,0,1,0,1,0
3373.853045,1,0,1,0,0,0,0,1,1
3379.101045,0,1,1,0,0,1,0,1,0
3384.765106,1,1,1,0,0,1,1,0,0
3391.259145,1,1,0,1,1,1,0,0,0
3391.446606,1,0,0,0,1,1,1,1,1
3394.256993,1,0,1,1,1,0,1,0,0
3400.274341,0,1,0,1,0,0,1,0,1
3408.211767,0,0,0,1,1,1,1,1,0
3412.294550,1,0,1,1,1,1,1,0,1
3419.346327,1,0,0,0,0,0,0,1,0
3426.701613,1,0,0,1,0,0,1,0,0
3431.341788,1,0,0,1,1,0,0,1,0
3437.923327,1,1,1,0,1,1,0,0,0
3437.924327,1,1,0,1,1,0,1,0,0
3440.140602,1,0,0,1,0,0,0,0,1
3448.047315,1,1,1,0,1,1,1,1,0
3455.010970,0,0,0,0,1,1,0,0,0
3457.595638,0,1,0,0,1,0,0,1,0
3462.893020,0,1,1,1,1,1,1,0,1
3469.560020,0,1,1,1,1,0,1,0,0
3470.603861,0,1,1,1,0,0,1,0,0
3471.249054,1,1,0,0,1,0,1,1,1
3472.187460,0,1,1,1,0,1,0,0,1
3482.031226,1,0,1,1,1,0,0,1,0
3490.297528,0,0,0,1,1,1,0,0,1
3494.541428,1,1,0,0,1,0,0,0,0
3500.747414,0,0,1,1,0,1,0,1,0
3508.119472,1,0,0,0,1,0,1,0,1
3518.045679,1,1,1,0,1,1,1,1,0
3526.445839,1,1,0,0,1,0,0,1,1
3531.807899,0,1,1,1,1,0,1,1,1
3535.820385,1,1,0,0,1,0,1,0,0
3542.547231,1,0,0,0,1,1,0,0,1
3548.986855,1,1,0,0,1,1,1,0,1
3554.751092,1,1,1,1,0,0,1,1,1
3560.783235,1,1,0,1,0,0,1,0,0
3568.893543,0,1,0,0,0,0,0,1,0
3569.840395,0,1,1,1,0,1,1,0,0
3573.821579,0,1,1,1,1,0,0,1,1
3575.935044,1,0,0,1,0,0,1,1,1
3578.046560,0,0,1,1,0,1,0,0,1
3587.864174,0,1,1,0,0,0,0,0,0
3591.710944,1,0,1,1,0,1,0,0,1
3595.545165,0,1,1,1,1,1,0,1,0
3605.369183,1,1,0,0,0,1,1,1,0
3606.687016,0,1,1,0,0,0,1,1,0
3613.819499,1,0,1,0,0,1,1,1,1
3614.721207,0,1,1,1,1,0,0,0,0
3617.839401,0,1,0,1,0,0,0,0,1
3624.994858,1,0,0,0,1,0,1,0,0
3630.692379,1,0,0,1,1,1,1,1,0
3633.526429,0,0,1,0,0,1,0,1,1
3639.147920,1,1,0,1,1,1,1,0,0
3640.861392,0,1,1,0,0,1,0,1,0
3647.596937,0,0,0,0,1,1,1,1,0
3653.876379,1,0,0,1,0,1,1,0,1
3657.378902,1,0,1,1,0,0,1,0,1
3658.373180,1,1,1,1,0,0,0,1,1
3661.438186,0,1,1,0,1,1,0,0,1
3669.092897,0,0,0,0,0,1,1,0,0
3669.093897,0,1,0,1,1,1,1,1,0
3678.759669,1,0,1,0,1,0,0,1,1
3685.875093,0,0,1,1,1,1,1,0,0
3689.561589,0,0,1,1,0,0,0,1,1
3693.022560,0,0,1,0,0,0,0,1,0
3693.169744,1,0,1,0,0,0,0,0,0
3698.485528,1,1,0,0,0,1,1,0,1
3707.020558,0,0,0,1,1,0,1,1,1
3710.046466,0,0,0,0,0,0,1,1,0
3710.823250,0,0,1,0,0,1,0,0,1
3713.830346,0,0,1,0,0,0,0,1,1
3716.072501,1,0,1,1,0,0,0,0,0
3718.264293,0,0,1,0,1,1,1,1,0
3722.568397,1,0,0,1,1,0,1,0,1
3729.499397,0,1,0,1,0,1,0,1,0
3733.657764,0,1,0,1,1,0,0,0,1
3735.377890,1,1,1,1,0,0,1,0,1
3736.866084,0,0,0,1,0,0,1,0,0
3737.978084,0,1,0,0,1,1,0,0,1
3740.532020,1,1,0,1,1,1,0,0,1
3745.694958,0,0,1,0,0,1,1,1,1
3747.055822,0,0,1,0,0,0,0,0,0
3751.907822,1,0,1,0,1,0,0,0,0
3754.751120,1,1,1,1,1,0,0,1,0
3762.222637,0,1,0,0,1,0,0,0,1
3766.676317,1,1,0,0,1,1,0,0,0
3771.726812,1,0,0,1,0,0,1,1,0
3774.113360,1,1,0,0,1,0,0,1,1
3782.632027,0,0,1,1,1,0,0,1,1
3790.325368,1,0,0,0,1,1,0,0,0
3796.875421,0,0,0,0,1,0,0,0,1
3798.850334,1,0,0,0,1,1,1,0,1
3804.168721,1,0,0,1,0,1,1,1,0
3806.084815,0,0,1,1,0,1,1,0,0
3810.002090,0,0,0,1,0,0,1,1,1
3818.905021,1,1,1,1,0,0,1,1,0
3826.369662,1,0,0,0,0,0,0,1,0
3834.257197,0,1,0,0,0,1,0,1,0
3844.140386,1,0,1,1,1,1,1,0,1
3844.258770,0,0,1,1,1,1,1,1,1
3848.464371,0,1,1,0,1,0,1,0,1
3850.553770,0,0,0,0,0,0,0,1,1
3850.554770,0,1,0,0,1,0,1,0,0
3850.928661,0,1,1,0,0,1,1,0,1
3850.929661,0,1,0,1,0,0,1,1,1
3860.222835,1,1,1,1,1,1,0,1,1
3861.517823,1,1,0,1,1,1,1,0,0
3870.434899,0,1,1,0,0,1,0,0,1
3877.540451,0,0,1,1,1,1,1,0,0
3878.876330,1,1,0,1,1,0,1,0,1
3883.876830,1,0,0,0,1,0,1,1,0
3890.620894,0,1,1,1,0,0,1,0,1
3900.349837,1,1,0,1,0,1,0,0,0
3907.526590,1,1,1,1,0,1,1,0,0
3915.835030,1,1,0,0,1,0,0,1,0
3923.527568,1,1,0,1,1,0,1,1,1
3931.063631,1,1,1,0,0,0,0,1,0
3939.895459,0,1,1,1,0,1,0,0,0
3939.993536,0,0,1,1,1,0,0,1,0
3949.679020,0,0,0,1,0,1,1,1,1
3954.298981,0,1,0,0,0,0,0,1,0
3962.918108,1,1,1,1,0,1,1,0,1
3965.183032,0,1,1,1,1,1,0,1,0
3965.611340,0,1,1,0,1,1,0,1,0
3965.696365,0,0,0,0,0,0,1,1,1
3966.085574,0,1,1,0,1,0,1,0,1
3974.636443,0,1,0,1,0,1,0,0,1
3975.359021,1,0,1,1,0,1,0,1,1
3983.272378,1,1,1,1,1,0,1,1,0
3992.378671,0,1,0,0,0,1,1,0,0
4000.278041,1,0,0,0,0,0,0,1,0
4007.311305,1,0,0,0,0,1,0,1,0
4014.805472,0,0,1,0,1,0,0,1,0
4021.665030,1,1,0,0,0,0,0,1,1
4023.489377,1,1,1,1,0,1,1,0,0
4031.621683,1,1,0,1,0,1,0,0,0
4036.391436,1,0,0,1,1,1,1,0,1
4041.983905,0,1,1,0,1,0,0,0,1
4043.305528,1,1,0,1,1,0,1,1,0
4047.940211,1,0,1,1,0,1,1,1,0
4056.442103,1,1,0,0,1,0,1,1,1
4062.088053,1,0,1,1,0,0,0,1,0
4070.613546,0,1,0,1,1,0,1,1,0
4080.162284,1,1,1,0,0,0,1,0,1
4089.419115,0,0,0,1,1,1,0,0,1
4097.197115,0,0,1,1,0,0,0,1,0
4104.274331,0,0,0,1,0,1,1,0,1
4111.005427,1,1,0,0,1,1,0,1,0
4113.329029,1,1,1,1,1,1,0,0,1
4122.019905,1,1,0,0,1,0,1,1,0
4122.718822,1,1,0,1,1,0,0,1,1
4123.674001,0,0,0,1,0,1,0,1,0
4125.192091,1,0,0,0,0,0,0,0,1
4130.132356,1,1,1,1,1,0,1,0,1
4136.053637,0,0,1,1,0,0,0,0,0
4137.998887,0,1,0,1,0,0,0,0,1
4145.506554,1,0,0,0,0,0,1,1,1
4150.723082,1,1,0,1,0,0,1,0,0
4153.501582,0,1,0,0,1,0,0,1,0
4161.747372,0,1,0,1,0,1,1,0,1
4163.289571,1,0,1,0,0,1,1,0,1
4168.062130,0,0,0,0,1,1,0,1,1
4175.214449,1,0,1,1,0,1,1,1,1
4183.852226,1,0,1,1,1,1,0,1,1
4184.606015,0,0,0,1,0,1,1,0,0
4191.958916,0,1,0,0,1,1,1,0,1
4194.133612,0,0,0,0,1,0,1,0,0
4203.499060,1,1,0,1,0,1,0,1,0
4205.958623,0,1,0,0,1,1,0,0,0
4211.047662,0,0,1,0,1,1,1,1,0
4212.055755,1,0,0,1,0,0,0,1,1
4218.775244,1,1,0,0,0,0,1,0,0
4222.534257,0,0,0,1,1,1,1,1,0
4227.696031,1,0,1,0,1,0,0,1,0
4228.768353,1,1,0,0,1,0,0,0,1
4229.668139,1,0,1,1,0,1,0,1,1
4235.184662,0,0,1,0,1,0,0,1,1
4237.250352,0,1,1,1,1,1,1,0,1
4246.918435,1,0,0,1,1,1,0,1,0
4251.797345,0,0,1,1,0,0,0,1,1
4255.987115,0,1,0,1,1,0,1,0,0
4265.482964,1,0,1,0,1,0,0,1,1
4273.712918,0,1,0,1,1,0,1,1,1
4276.245046,1,1,0,0,0,0,1,0,0
4284.898379,1,0,1,0,0,1,1,0,1
4285.433371,0,0,1,0,0,1,1,0,0
4293.326144,1,0,1,1,0,0,0,0,0
4299.538644,1,1,1,1,0,0,0,0,1
4303.327453,0,1,1,0,1,1,0,1,0
4309.505845,0,0,1,0,1,0,1,0,1
4313.850558,0,0,1,1,0,1,1,0,1
4314.168316,1,1,0,1,0,0,1,1,1
4321.462559,0,0,0,1,0,1,1,0,1
4324.027405,1,1,0,0,1,1,1,0,1
4330.177950,0,0,0,1,0,0,0,0,0
4333.750022,1,1,1,0,0,1,0,0,1
4342.763156,0,0,1,0,1,1,1,1,0
4352.560130,1,1,0,0,0,1,1,1,1
4360.212947,0,1,1,1,1,0,0,0,0
4369.535266,1,0,1,0,0,1,1,0,1
4371.811170,0,0,1,0,1,0,1,1,0
4374.377359,1,1,0,1,1,0,0,1,0
4374.646788,1,0,0,1,0,1,0,1,0
4379.031965,1,1,1,0,0,1,0,0,0
4387.489033,0,0,1,1,0,0,1,1,0
4395.082142,1,0,1,1,0,0,1,1,0
4402.417210,1,0,0,0,1,0,1,0,1
4405.782014,0,1,0,0,1,0,1,0,0
4409.535327,0,1,0,1,1,1,1,0,0
4413.485512,0,1,0,0,0,1,0,1,0
4413.499651,1,0,0,0,0,0,0,1,0
4419.875853,1,0,1,1,0,1,0,0,0
4428.002928,0,1,0,1,1,1,0,1,0
4431.050072,0,0,1,1,0,1,1,1,1
4438.627146,0,0,0,0,0,1,0,1,0
4445.099197,1,1,1,1,0,0,1,0,0
4448.772396,1,1,1,1,0,0,0,1,1
4452.596930,0,1,1,0,0,1,1,0,1
4458.279744,0,0,0,0,0,0,1,1,1
4461.225655,0,1,1,1,0,0,1,1,0
4468.131501,0,0,1,0,0,0,1,0,0
4472.386936,1,1,1,1,0,1,0,0,1
4475.185951,1,0,0,0,1,0,1,0,0
4479.976891,1,1,0,1,1,0,0,1,0
4483.751099,0,1,1,1,0,0,1,1,0
4484.443519,0,1,1,0,1,0,1,1,1
4486.871662,1,0,1,1,1,1,1,0,0
4494.361184,1,1,0,0,0,1,1,1,0
4496.493118,1,1,1,1,0,0,1,1,1
4505.941992,1,1,0,1,0,0,0,1,1
4514.059624,1,0,0,1,1,1,0,0,1
4522.608157,1,1,1,0,0,0,1,0,1
4530.876046,1,1,0,1,0,0,0,0,1
4536.590761,0,0,1,0,0,1,1,1,0
4540.460781,1,1,1,1,0,1,1,1,1
4542.713902,1,0,0,1,0,0,0,0,1
4546.901675,1,0,0,1,0,0,0,0,0
4548.235875,0,0,0,1,1,1,1,0,1
4556.468984,1,0,1,0,1,0,0,0,0
4563.071029,1,0,0,0,0,1,0,0,1
4569.421087,1,1,1,1,1,1,0,1,0
4572.338462,0,1,1,1,0,1,1,1,1
4577.338962,1,1,0,0,1,0,1,1,0
4579.922485,1,0,1,1,1,1,1,1,1
4580.134435,0,1,1,1,1,1,1,0,1
4583.477492,1,0,0,0,1,0,1,0,0
4589.357301,1,1,0,1,1,0,0,1,0
4590.772041,0,0,0,0,0,1,1,1,1
4600.520889,0,1,1,1,1,0,0,1,1
4607.864438,1,0,1,1,1,0,1,1,1
4611.168579,0,1,1,1,0,0,1,1,0
4618.929282,1,0,1,1,0,0,1,1,0
4626.804681,1,1,0,1,1,0,0,1,1
4633.506818,1,0,0,0,1,0,1,1,0
4637.454355,0,1,0,1,0,1,0,0,1
4640.619044,1,0,0,1,0,1,1,0,0
4644.560171,0,1,0,1,0,1,0,0,0
4647.195896,1,0,1,0,0,1,0,1,1
4654.119281,0,1,1,0,1,1,0,0,1
4658.178453,1,0,1,0,1,1,0,0,1
4659.254264,0,1,1,0,0,0,0,0,0
4660.832995,0,1,0,1,1,1,1,1,1
4662.021525,1,1,1,1,0,0,1,1,0
4670.855294,1,0,1,0,1,1,0,1,0
4672.292047,0,1,1,1,0,1,1,1,0
4681.817095,0,1,0,1,1,1,1,1,0
4690.283325,1,1,0,0,0,0,0,0,1
4694.362187,1,0,1,1,0,1,1,0,0
4700.222816,1,1,0,0,0,1,1,0,0
4709.235261,0,1,0,0,0,1,1,1,1
4717.446449,0,0,0,1,1,0,0,1,0
4725.796614,0,1,0,1,0,1,1,0,0
4727.678614,1,0,1,0,0,1,0,1,0
4737.068411,0,0,1,0,1,1,0,0,1
4742.426843,0,0,1,0,0,0,1,1,0
4751.624684,0,1,1,0,0,1,0,1,1
4755.645639,0,0,1,1,1,1,0,1,1
4755.646639,0,1,0,1,0,1,1,1,0
4759.579830,1,1,0,1,0,0,0,1,1
4762.325653,0,0,0,0,0,1,0,1,0
4772.033083,1,0,1,1,0,0,1,0,1
4772.079465,0,1,0,0,0,1,0,1,0
4775.290020,1,0,0,1,0,0,0,0,0
4778.813847,0,0,0,1,0,0,1,1,0
4781.234139,0,1,0,1,1,0,1,0,1
4784.004092,0,0,1,0,1,1,0,1,0
4787.830797,1,0,0,1,1,0,1,0,1
4789.085233,1,1,0,0,0,1,1,0,0
4794.427313,1,0,0,1,1,1,0,0,0
4800.405977,1,1,0,1,0,0,0,1,0
4806.856103,1,0,1,0,1,1,1,1,0
4811.923561,1,1,0,0,1,0,0,1,0
4816.855430,1,1,0,1,1,1,0,1,0
4825.774952,1,0,1,1,1,0,1,0,0
4826.775852,0,1,0,0,1,0,1,1,0
4830.641200,1,0,1,0,1,1,1,0,0
4839.816135,0,0,1,0,1,0,1,1,1
4846.363758,0,1,0,1,1,0,0,0,0
4853.986373,1,0,0,0,1,1,1,1,1
4861.075272,0,1,1,0,1,1,1,1,0
4867.946751,0,1,1,0,0,1,1,1,0
4873.702802,1,0,1,0,0,1,0,1,1
4880.951842,1,0,1,1,0,0,1,0,0
4885.888081,0,1,0,1,1,1,1,0,0
4886.448610,1,0,0,1,0,0,0,1,0
4890.464957,1,1,0,0,1,0,1,0,0
4899.716280,1,1,0,1,0,1,1,0,1
4903.870710,1,1,1,0,0,0,1,1,0
4905.925814,1,1,0,1,0,0,0,0,0
4915.370314,1,1,1,1,1,0,1,1,1
4923.927617,1,1,0,1,0,1,1,1,0
4924.290900,1,0,0,0,1,1,0,0,0
4933.164886,0,0,1,1,1,0,0,1,1
4938.612400,0,1,1,0,1,0,1,1,1
4939.094939,1,1,0,0,1,0,1,0,0
4943.116155,0,1,1,0,1,0,0,1,1
4947.916675,0,0,0,0,1,0,0,1,1
4957.817347,0,1,1,1,0,0,0,0,0
4961.733712,0,0,0,0,1,1,0,1,1
4970.870162,0,0,0,1,1,1,0,1,0
4974.343869,1,1,0,0,0,1,0,0,0
4979.633229,0,0,1,0,0,0,0,0,1
4986.399352,0,1,0,0,1,1,1,0,1
4995.190681,0,1,1,0,1,1,0,0,1
5002.714206,1,1,1,0,0,0,0,0,0
5010.009559,1,1,0,0,1,0,1,1,0
5018.732578,0,0,1,1,1,1,0,1,1
5021.467118,0,1,1,0,0,1,1,1,0
5028.589177,0,1,0,1,0,0,1,1,1
5034.513497,0,0,1,0,1,0,0,1,0
5043.647912,0,0,0,0,1,0,0,1,1
5050.803264,1,1,0,1,0,1,0,0,1
5052.873023,1,1,1,0,1,0,0,1,0
5058.053731,1,0,1,0,0,1,1,0,1
5067.208988,0,0,1,0,1,0,0,1,0
5070.203701,1,0,0,1,1,1,1,0,1
5074.776316,1,1,0,1,0,1,0,0,0
5076.719567,0,0,0,0,1,1,1,0,1
5083.705723,1,1,1,0,1,1,0,1,1
5092.923611,0,0,1,1,0,0,0,0,0
5097.527325,0,0,0,1,1,1,1,0,1
5104.849022,1,1,0,1,1,1,1,0,1
5108.822638,0,1,1,1,1,0,1,1,1
5108.900978,1,0,0,1,0,1,1,1,1
5116.934648,1,1,0,1,0,1,1,0,0
5126.031512,0,1,0,0,0,1,0,0,0
5129.473233,0,0,0,1,1,1,1,0,1
5137.789984,0,1,0,1,1,1,0,1,0
5139.880025,0,1,1,1,1,1,0,0,1
5148.906671,1,0,0,0,1,0,1,1,0
5158.153608,0,0,1,0,1,1,1,1,1
5165.958360,0,0,1,0,1,1,0,0,1
5173.032360,0,0,0,0,0,0,1,0,1
5180.724898,1,0,0,0,1,0,1,1,1
5182.873832,0,1,1,0,1,1,0,1,0
5191.936770,1,1,1,0,0,0,0,0,1
5193.937570,1,1,1,1,1,1,1,0,1
5195.890756,1,1,0,1,0,0,0,0,0
5196.894366,0,0,0,0,1,0,0,0,1
5198.659895,0,0,0,0,0,1,0,0,1
5202.146123,1,1,1,0,1,0,0,1,0
5209.063725,0,0,1,0,1,0,1,1,1
5212.114478,1,0,1,1,0,1,1,0,0
5213.465277,0,0,0,0,1,0,1,0,0
5218.465777,1,0,0,0,0,0,0,0,0
5225.666057,1,0,0,0,0,1,0,1,1
5232.721746,0,0,1,0,0,1,0,1,0
5239.233722,0,0,0,1,0,0,1,0,0
5248.921254,1,0,1,1,1,0,0,0,0
5253.502992,0,1,1,0,1,0,1,1,1
5263.091752,0,0,1,1,1,0,1,1,0
5267.705194,1,1,0,0,1,1,0,0,1
5274.027401,1,0,0,1,1,1,0,0,1
5282.384708,1,1,1,1,1,1,1,1,1
5289.362069,0,0,1,1,0,1,0,0,1
5294.075241,1,1,0,1,1,1,0,0,0
5294.525634,1,0,1,0,0,1,1,1,1
5296.077041,0,1,1,1,0,0,1,0,0
5299.299528,0,0,1,0,1,0,0,0,1
5308.242723,0,1,1,1,1,1,0,1,1
5310.701511,1,0,0,0,1,1,0,1,1
5316.887851,0,0,0,0,0,1,0,1,1
5323.716920,1,0,0,1,1,1,1,1,1
5330.615781,1,1,0,0,0,0,1,1,1
5333.025299,0,0,0,1,1,0,1,0,0
5334.949184,1,0,1,0,0,1,0,1,0
5342.522597,0,0,1,1,1,0,1,1,0
5346.438550,1,1,0,0,0,1,0,1,1
5346.553499,1,0,1,1,0,1,0,0,1
5349.077611,1,1,0,0,1,1,1,0,0
5354.131869,1,0,0,1,0,0,1,0,0
5361.218774,1,1,1,0,0,1,1,0,1
5363.886174,0,0,0,0,1,1,1,1,0
5364.175211,0,0,1,1,0,0,1,0,1
5366.418343,1,0,1,1,0,0,0,0,1
5376.135885,0,1,0,1,1,0,0,0,0
5385.307565,0,1,1,1,0,0,1,0,1
5394.595663,0,1,0,0,1,0,0,0,0
5396.693227,0,1,0,0,1,1,0,1,0
5406.570690,0,0,0,1,1,1,1,0,1
5406.911921,1,1,1,1,1,1,1,0,1
5412.939254,0,1,0,1,1,0,1,0,1
5413.285964,1,1,1,1,1,0,0,0,1
5416.606470,0,1,1,0,0,1,1,1,1
5416.607470,1,0,1,0,1,1,1,1,0
5419.477941,1,1,1,1,0,0,1,1,1
5421.220421,0,1,1,0,0,1,0,0,1
5428.720671,0,1,0,1,1,1,1,0,1
5435.732040,0,1,0,0,1,0,0,0,1
5438.124105,0,0,0,1,1,1,0,1,1
5447.663158,1,1,1,1,0,0,1,0,1
5448.550822,0,0,1,0,0,0,1,1,1
5456.454257,1,1,0,1,1,0,0,1,0
5465.507850,0,0,0,0,1,1,0,0,1
5468.890255,0,1,1,0,1,1,0,1,0
5476.350826,1,0,1,0,1,0,1,0,0
5486.227191,0,1,1,0,0,1,1,0,0
5490.828958,0,1,1,0,1,0,0,0,1
5493.382894,1,1,1,0,1,0,0,1,1
5502.175628,1,1,1,0,1,0,0,0,1
5509.503482,1,1,0,1,0,1,1,1,0
5519.488906,0,1,1,1,0,0,1,0,0
5520.589796,1,1,1,1,1,1,0,1,1
5523.545046,0,1,0,1,0,0,0,1,1
5526.010588,0,0,1,0,1,1,0,1,0
5529.618533,1,0,1,1,1,0,1,0,1
5532.465403,1,1,0,0,1,1,0,1,0
5535.086830,1,0,0,1,1,1,0,0,0
5540.981401,1,1,1,0,0,0,1,1,1
5548.655431,1,0,1,0,1,0,1,1,1
5554.809661,0,1,0,1,0,1,0,1,1
5559.543284,1,0,1,1,1,1,0,0,1
5564.115256,0,0,1,1,1,0,1,1,0
5568.086447,1,0,0,0,1,1,1,1,0
5578.004933,0,1,0,0,1,1,0,1,0
5583.313772,1,1,0,0,1,0,0,1,0
5589.397908,1,0,0,1,1,0,1,1,0
5597.093451,1,1,0,1,1,0,1,0,0
5598.013162,1,0,0,0,1,1,0,0,0
5603.345535,0,1,1,0,1,0,0,1,0
5611.162958,1,1,0,1,0,1,1,0,1
5615.053358,0,1,0,1,1,0,0,1,0
5619.542358,0,1,0,0,1,0,1,0,1
5619.688692,1,1,1,0,0,0,1,1,0
5626.551751,0,1,0,0,0,0,0,1,0
5631.007630,0,0,0,1,0,0,0,1,1
5633.088068,1,0,1,1,1,1,1,0,1
5636.318833,1,0,0,1,0,1,0,1,0
5638.118215,0,1,0,1,1,0,0,0,1
5639.569687,0,1,0,1,1,0,1,0,0
5643.965852,1,1,0,0,1,1,0,1,0
5645.466702,1,1,0,1,1,0,1,1,1
5654.369765,0,0,0,0,0,0,0,0,1
5656.580366,0,0,0,0,0,0,1,1,1
5660.568697,0,0,0,0,1,1,0,0,1
5666.988197,1,1,1,1,1,1,1,1,1
5672.159913,1,1,0,0,0,0,0,1,1
5674.309820,1,1,0,0,1,1,1,0,1
5675.050296,0,0,1,1,1,1,0,0,0
5675.499013,1,1,0,0,1,1,1,0,1
5677.761691,0,0,1,1,0,0,1,1,1
5679.300999,0,1,1,1,0,0,1,0,0
5686.712075,1,1,0,1,1,0,1,1,0
5694.756715,1,0,1,0,0,1,0,1,0
5701.735794,1,0,1,1,0,1,1,0,0
5706.100349,1,0,0,1,0,1,0,0,1
5711.281554,1,0,0,0,0,1,1,1,1
5716.273449,0,1,1,1,1,1,0,0,1
5722.958131,0,0,0,1,1,1,1,0,1
5730.932856,1,0,0,0,0,0,0,0,1
5732.517981,0,0,1,1,0,1,0,1,0
5741.522606,0,1,1,0,1,1,1,1,1
5750.419775,0,1,0,1,0,0,0,0,0
5754.920325,1,0,0,0,0,0,0,1,1
5756.409271,0,1,0,1,1,1,1,0,0
5765.018209,1,0,0,0,1,0,0,0,0
5770.670818,0,1,1,1,0,1,0,1,0
5780.030882,1,1,0,0,1,1,1,0,1
5788.183468,1,1,0,1,1,1,1,1,0
5788.707976,1,0,0,1,0,0,1,1,1
5792.957635,1,1,0,1,1,1,1,0,1
5795.079635,1,0,1,1,0,1,1,0,1
5803.910301,0,1,1,0,1,0,1,1,1
5806.312376,1,0,0,0,0,1,1,0,0
5815.031513,1,0,0,1,0,0,0,0,0
5821.413641,1,1,1,1,0,1,1,1,1
5830.900566,0,0,0,1,1,1,0,0,1
5836.535923,0,0,0,1,1,1,1,0,1
5846.048866,0,1,0,0,0,1,0,0,0
5850.983293,1,0,0,0,1,0,0,0,0
5854.317293,0,1,1,1,0,0,1,0,1
5861.853771,1,0,1,0,0,1,1,0,1
5864.669305,0,0,0,0,0,0,0,1,0
5869.347867,0,1,0,0,0,1,1,0,0
5878.925374,1,1,1,0,0,0,1,1,0
5886.827682,1,0,0,0,0,1,1,0,1
5889.318551,1,0,0,1,0,0,1,1,0
5889.319551,0,0,1,1,0,1,1,1,0
5889.663951,0,1,1,1,0,1,1,0,1
5896.072178,1,1,1,0,0,1,0,0,0
5902.318084,0,0,0,0,1,1,1,1,0
5906.560441,0,0,1,1,1,0,1,0,1
5907.275656,0,1,1,0,1,1,1,1,1
5912.305054,1,0,1,0,1,0,0,0,0
5920.889047,0,0,1,1,1,1,1,0,1
5926.569479,1,1,0,1,0,0,0,0,1
5935.073566,0,1,1,1,0,1,0,0,0
5941.333782,1,1,1,0,1,0,1,1,0
5941.697649,0,1,0,0,1,1,0,0,0
5947.345143,0,1,0,0,0,0,1,0,0
5952.815768,0,0,1,0,1,0,0,0,0
5959.482768,0,0,0,0,0,1,0,1,1
5960.940576,1,1,1,1,1,1,1,0,0
5970.274716,0,1,0,0,1,0,0,1,0
5976.898430,0,0,1,0,1,1,0,0,1
5985.669317,0,0,1,0,0,0,0,1,1
5986.952240,1,0,1,1,0,0,1,0,1
5992.581420,0,1,0,1,0,1,1,0,0
5993.109299,0,0,0,0,0,0,0,1,0
6002.065320,0,1,1,0,0,1,0,1,0
6003.057674,1,0,1,0,0,0,0,0,0
6004.874135,0,0,1,1,0,0,1,0,1
6009.949772,1,0,1,1,1,1,0,0,0
6016.638845,0,0,0,0,0,0,1,1,0
6020.554915,1,0,1,0,0,1,0,1,1
6025.021117,1,1,0,1,1,0,0,1,1
6029.974768,1,1,0,1,0,0,0,0,1
6032.444908,1,0,1,0,1,0,0,1,1
6038.900112,1,1,1,1,1,0,1,1,1
6040.422699,1,0,1,0,0,1,0,1,1
6048.146504,1,0,1,0,1,0,0,0,0
6055.640817,0,0,1,1,0,1,1,1,0
6065.003626,0,0,1,1,0,1,0,0,1
6070.004126,0,0,1,1,0,0,0,1,0
6079.322376,0,0,0,0,0,1,1,0,0
6087.835826,1,0,1,0,1,0,0,1,0
6093.882733,1,1,0,1,0,1,1,0,1
6101.914426,0,0,1,1,0,1,0,1,0
6111.517640,1,0,1,0,0,1,0,1,0
6115.300497,0,1,0,0,0,1,1,0,1
6115.400107,0,0,1,1,1,0,1,1,0
6117.148899,0,0,0,1,0,0,1,1,0
6122.051370,0,0,1,1,1,0,1,1,1
6123.571205,1,0,0,0,1,0,0,1,1
6129.619087,1,1,0,0,0,1,0,0,0
6130.074587,0,0,0,1,1,0,0,1,0
6134.837015,0,0,0,1,0,0,0,0,1
6135.896303,0,1,1,0,1,0,0,1,1
6138.665951,0,1,1,1,0,0,0,0,1
6145.348101,0,0,0,0,0,1,1,0,0
6153.210634,1,0,1,1,1,1,0,0,1
6159.476757,1,1,0,1,0,1,0,0,0
6162.042718,1,0,0,1,1,0,0,1,1
6170.218499,0,0,0,1,1,0,1,0,0
6176.753499,1,1,1,0,0,1,1,1,1
6184.354938,0,1,0,1,1,0,0,0,0
6189.797052,1,0,1,0,0,1,0,1,0
6198.093186,1,1,1,1,1,1,1,1,0
6207.900280,0,0,0,0,1,0,1,1,0
6211.602567,1,0,0,0,0,1,0,0,1
6219.289873,0,1,0,1,1,1,0,0,0
6223.864548,0,0,1,1,0,1,1,1,0
6226.702961,1,0,0,0,0,0,0,0,1
6234.114223,1,0,0,1,1,0,0,0,0
6243.498900,0,1,0,1,0,0,0,1,0
6248.745277,0,1,1,1,1,0,1,0,1
6255.305904,0,1,1,0,1,1,1,1,0
6263.411357,0,0,0,1,1,0,0,1,0
6266.602083,1,1,1,0,1,1,1,1,1
6271.269283,1,1,1,0,0,0,0,1,0
6278.029384,0,0,1,1,1,1,0,1,0
6280.145557,1,1,0,1,0,0,1,0,1
6289.676638,1,1,1,1,0,0,0,1,1
6293.630731,0,1,1,1,0,0,0,0,1
6301.014272,1,0,1,1,1,1,1,0,0
6310.976611,1,0,0,0,1,0,1,0,1
6313.025188,1,1,0,1,0,0,1,0,1
6314.318432,1,1,1,1,0,0,1,1,0
6314.762192,1,1,0,0,1,0,1,0,0
6318.872013,0,1,0,1,0,1,1,1,0
6328.047354,1,1,0,1,0,1,0,0,1
6332.725547,1,0,1,0,0,0,1,1,1
6334.331949,1,0,0,1,0,0,1,0,0
6336.280953,0,1,1,1,0,1,0,0,1
6336.723085,0,1,0,1,1,1,0,0,0
6339.361436,1,0,1,1,1,1,1,1,0
6340.156275,0,0,1,1,0,1,1,0,0
6346.850707,1,0,0,1,0,1,1,1,1
6349.298942,0,0,0,0,1,0,1,1,1
6358.433644,1,0,1,0,1,0,1,1,0
6363.602322,0,0,1,1,1,0,0,1,1
6373.103066,1,1,0,1,0,1,1,1,1
6375.167352,0,0,1,1,1,1,1,0,0
6379.345565,0,1,0,1,1,1,1,0,1
6383.617743,1,0,0,1,0,0,0,1,1
6392.266527,1,1,0,0,1,1,0,0,0
6402.166203,1,0,0,0,0,0,1,1,1
6407.839150,1,1,0,1,1,1,1,1,0
6415.782618,0,1,1,0,1,1,1,0,1
6418.783318,1,1,0,1,1,0,0,0,0
6420.956590,1,0,0,0,0,1,1,1,0
6426.336546,0,0,0,1,0,1,0,1,1
6428.819567,0,0,1,1,1,0,1,1,1
6431.126500,1,0,0,1,1,0,0,0,1
6435.530044,1,0,0,1,1,1,0,1,0
6439.975044,0,0,0,1,1,0,0,1,0
6445.745860,1,0,1,1,1,1,1,1,1
6445.863128,0,0,0,0,1,0,1,1,1
6450.065388,1,0,0,1,1,0,0,1,0
6455.748477,1,0,0,1,0,1,1,1,0
6464.748577,1,0,0,1,0,0,0,1,1
6474.607440,0,0,1,1,1,1,1,1,0
6475.681294,0,1,1,1,0,1,1,0,1
6476.932169,1,0,1,1,1,1,1,0,1
6482.442822,1,1,1,1,1,0,1,0,1
6487.298892,0,0,0,1,1,0,0,1,0
6489.221896,0,0,0,0,1,0,1,1,0
6491.130063,0,0,1,0,0,1,0,1,1
6498.113123,0,1,1,0,0,0,0,0,0
6500.481417,1,0,0,0,1,1,1,1,1
6505.630712,1,0,0,0,1,1,0,1,0
6508.912634,0,1,0,1,0,1,0,1,0
6510.427959,1,0,1,0,1,1,0,1,1
6517.964437,0,1,1,0,1,1,0,0,1
6518.614021,0,0,1,1,1,1,1,1,0
6527.753180,0,1,0,1,1,0,1,1,0
6530.314165,0,0,1,1,0,1,1,1,0
6533.494671,1,0,1,1,0,0,1,0,1
6540.161671,0,1,0,0,1,1,1,1,1
6542.453122,1,1,1,1,1,0,1,1,0
6551.782947,1,1,1,0,0,0,1,0,0
6558.563953,1,0,1,0,1,0,0,1,1
6562.850239,1,1,0,0,1,1,0,0,1
6563.422611,1,0,0,0,0,1,1,1,0
6571.200611,0,1,1,0,1,0,0,1,1
6573.781205,0,0,0,1,1,0,0,1,0
6574.388205,0,0,0,1,1,1,0,1,0
6576.353295,1,0,0,0,0,0,1,0,0
6578.042700,1,0,1,0,1,1,0,0,0
6585.202889,1,1,1,1,0,0,0,1,0
6586.112889,1,0,0,0,0,0,0,1,1
6593.819000,1,1,0,0,0,1,1,0,1
6601.519401,1,0,0,0,0,0,1,1,0
6604.868380,0,0,0,0,1,0,0,0,0
6611.158344,1,0,0,0,1,0,1,1,0
6616.666486,0,1,1,0,1,1,1,0,0
6625.855756,0,0,1,0,1,0,0,1,0
6631.447048,1,1,0,0,1,1,1,1,0
6638.612280,1,0,1,0,1,0,0,1,0
6645.409667,0,0,0,0,1,0,0,1,1
6647.898897,1,1,0,0,0,1,1,1,0
6655.642121,1,0,1,0,1,1,1,0,1
6656.084103,1,1,0,1,1,1,1,1,1
6661.451913,0,0,0,0,0,0,1,1,1
6664.127417,0,1,0,1,1,0,1,0,1
6669.330600,1,0,0,0,0,1,1,0,0
6675.417395,0,1,1,1,0,0,1,0,0
6676.533266,0,1,1,0,1,0,1,1,0
6685.189037,1,0,0,0,0,1,1,1,0
6691.597847,0,0,1,1,1,1,0,1,0
6696.742563,1,0,1,0,0,1,1,1,1
6699.625758,1,0,1,1,0,1,1,1,1
6708.625858,1,1,0,0,0,1,1,0,1
6708.761752,0,0,0,1,0,1,1,1,1
6713.104054,1,0,0,1,0,1,0,1,1
6719.832587,0,1,1,0,0,0,0,1,1
6725.934671,0,1,0,0,0,1,0,1,1
6734.268171,1,1,1,0,1,1,0,1,1
6739.959659,0,1,0,1,0,0,1,0,0
6748.273553,0,0,1,1,1,1,0,1,1
6749.657394,0,1,1,1,0,0,0,0,1
6754.256474,0,1,0,1,1,0,1,0,1
6758.638224,0,1,0,0,0,1,1,0,1
6762.437294,1,0,0,0,1,1,0,0,0
6770.248960,0,1,0,1,0,1,0,1,1
6775.797793,0,0,1,0,1,0,1,0,0
6780.220119,0,1,1,0,1,0,0,1,0
6786.473724,1,0,0,0,0,0,1,0,0
6791.755095,0,0,0,0,1,0,0,0,1
6798.005470,1,0,0,1,1,0,1,0,0
6800.844323,1,1,1,0,0,0,1,0,1
6808.609620,0,1,1,0,0,1,1,0,1
6810.258395,1,0,0,1,0,1,0,1,1
6811.143864,0,0,1,1,0,0,1,1,1
6815.670727,1,1,0,0,1,1,1,1,1
6816.056304,1,0,0,0,0,0,0,1,0
6817.324234,1,1,1,0,1,0,1,1,1
6820.648684,0,1,1,0,1,1,0,0,1
6829.745041,1,0,1,1,0,0,0,1,0
6831.526685,0,0,0,0,1,1,1,0,1
6832.596825,1,0,0,0,1,0,0,0,0
6833.936457,1,1,0,1,1,0,1,0,1
6840.461195,0,0,1,1,1,0,1,1,1
6849.863428,1,0,0,0,1,1,0,1,0
6853.807124,0,0,0,1,1,0,0,1,0
6863.695610,1,1,1,1,0,1,0,0,0
6864.001923,0,0,0,1,0,1,0,0,0
6870.187872,0,0,1,0,0,1,1,1,0
6874.195243,1,1,0,0,0,1,1,1,0
6874.249148,1,0,0,0,1,0,1,1,0
6884.201306,1,1,0,0,0,1,0,1,0
6890.504197,1,0,1,1,0,0,0,1,1
6899.001457,0,0,1,0,0,1,0,0,1
6907.573028,0,1,0,1,1,0,0,0,0
6913.714718,0,1,1,1,1,0,0,1,1
6914.525652,0,0,0,1,0,1,0,1,0
6921.004604,0,1,0,1,0,0,1,1,1
6927.763337,0,0,1,0,0,0,0,1,0
6936.501169,0,1,0,1,1,1,1,0,0
6942.757582,1,0,1,0,1,0,1,0,0
6944.933937,0,0,0,1,0,0,0,0,0
6951.907365,1,0,1,1,0,0,0,0,1
6955.498915,1,0,0,1,1,1,1,0,0
6963.971290,0,1,0,0,1,0,0,1,0
6973.418582,1,1,0,0,1,1,1,1,0
6980.795893,0,0,0,1,0,1,1,1,0
6982.168437,0,0,0,1,0,0,0,1,1
6989.862904,0,0,0,1,1,1,0,1,0
6991.957935,1,0,0,1,0,0,0,1,0
6994.110114,0,0,0,0,0,0,1,0,1
7003.568502,1,0,0,1,1,0,1,1,1
7009.952675,0,1,0,1,1,0,1,0,1
7015.567545,0,0,1,1,1,0,0,0,1
7015.765375,0,1,0,1,0,1,0,0,1
7021.704157,1,1,1,1,0,1,0,0,0
7027.115706,1,0,1,0,0,1,1,0,1
7027.624381,1,1,1,1,1,0,1,1,1
7034.705754,1,0,1,0,0,1,1,0,1
7036.832526,0,0,0,1,1,0,1,0,0
7043.534983,0,0,0,0,0,1,0,1,1
7052.592454,0,1,1,1,1,0,1,1,1
7054.644531,1,0,0,0,1,1,0,1,0
7058.526262,1,1,0,1,0,0,0,0,1
7061.736076,1,1,1,0,0,1,1,1,0
7069.878906,1,0,1,1,0,0,0,1,1
7077.661386,0,1,0,0,0,1,1,0,1
7078.773386,0,0,0,1,1,0,0,0,0
7082.820136,1,0,0,0,0,1,1,1,0
7086.866186,1,1,0,1,1,0,0,0,1
7092.683597,0,0,0,0,1,0,1,1,1
7100.777094,0,1,0,0,1,0,0,0,0
7105.176076,1,0,0,0,0,1,0,0,0
7114.411280,1,0,1,0,0,1,0,0,0
7116.982380,1,1,0,1,1,1,0,1,0
7122.788270,0,1,0,1,0,1,0,0,1
7124.738692,1,1,1,0,0,1,0,1,0
7128.907127,0,1,0,0,0,1,1,0,1
7138.398936,0,1,1,1,0,0,1,0,1
7146.526978,1,0,1,0,1,0,1,0,0
7151.054888,1,0,0,1,0,1,0,0,0
7152.810946,0,0,1,1,0,0,1,0,0
7162.552796,0,0,0,0,0,1,0,1,1
7166.143181,1,1,1,1,0,0,0,1,1
7168.786997,0,1,1,0,0,1,0,0,0
7169.902868,0,0,0,1,1,1,0,0,1
7179.592554,1,1,0,1,0,1,1,1,0
7180.781005,1,0,0,1,0,1,1,1,0
7185.172591,0,0,0,0,1,1,1,0,1
7195.059926,0,1,1,0,0,0,0,1,0
7201.959461,1,0,1,1,0,1,0,1,0
7203.160341,0,1,1,1,1,0,0,1,1
7212.922270,1,0,0,1,1,0,1,1,1
7214.923070,1,1,1,0,1,1,0,1,1
7223.591610,1,0,1,1,0,1,0,0,1
7227.481110,0,0,0,0,0,0,1,1,1
7227.991928,0,0,1,1,1,1,1,0,1
7232.635321,0,0,1,0,0,1,1,0,0
7235.684796,1,0,1,0,0,0,1,1,1
7241.560915,0,1,0,1,1,1,0,1,0
7249.366012,1,1,0,0,0,1,1,1,0
7253.583458,0,1,0,0,1,0,0,1,1
7254.467651,0,1,0,1,1,0,1,1,1
7263.336185,0,0,1,0,0,0,1,0,1
7267.074906,1,0,1,0,0,1,1,0,0
7268.991602,0,1,1,0,1,0,0,1,1
7277.462344,1,0,1,1,0,0,1,0,0
7277.704283,1,1,1,0,0,0,1,0,0
7278.923516,1,1,0,0,0,1,0,1,0
7279.727695,1,0,0,1,1,1,1,0,1
7282.630191,1,1,0,1,1,0,1,0,0
7290.437323,0,1,1,1,1,1,0,0,0
7297.959123,1,0,0,1,0,0,0,0,0
7306.646754,0,1,1,0,1,1,0,1,0
7310.065134,1,1,0,0,1,1,0,1,1
7318.755741,1,0,0,1,1,0,1,1,0
7322.764356,1,1,0,0,1,0,1,1,0
7330.978820,0,1,0,1,1,1,0,0,0
7334.979420,0,1,0,1,1,0,0,0,0
7340.251796,0,1,1,0,0,1,1,0,1
7342.018600,1,0,0,1,1,0,1,1,1
7351.524144,1,0,1,1,0,1,1,1,0
7353.792736,0,1,1,1,1,1,0,1,1
7361.784008,1,0,0,1,1,0,1,1,0
7361.897483,1,1,0,1,0,0,1,0,1
7370.576861,0,0,0,1,1,0,0,1,0
7374.297165,1,1,0,0,0,1,0,0,0
7381.895361,0,0,1,0,1,0,1,0,1
7391.186212,0,0,1,1,0,1,1,1,0
7393.369735,1,1,1,0,1,1,1,1,1
7398.302977,0,0,1,0,1,0,1,0,0
7404.701322,1,0,0,1,0,0,0,0,0
7412.886600,1,0,0,0,0,0,0,1,0
7421.429256,1,1,1,1,1,0,0,1,1
7424.193137,1,1,1,1,0,1,1,1,0
7426.039683,1,0,1,0,0,0,1,0,0
7435.473702,1,1,0,1,1,1,0,0,1
7444.795377,0,1,1,1,1,0,0,1,1
7454.580345,1,0,0,0,0,1,0,1,0
7456.875233,0,0,1,0,0,1,0,0,1
7463.215599,0,0,0,0,1,1,1,1,1
7466.787671,1,0,1,1,1,1,1,0,1
7476.330756,1,0,0,1,1,1,1,0,1
7481.801008,0,0,0,1,1,0,1,1,1
7487.920582,1,1,1,0,1,0,0,1,0
7489.741188,0,1,0,0,0,0,0,1,1
7497.241438,1,1,1,1,0,1,1,1,0
7504.817438,1,1,1,0,0,1,0,0,0
7514.502252,0,1,1,0,1,0,0,0,1
7517.295270,1,1,0,0,0,1,1,0,1
7517.935136,0,0,0,1,0,1,0,0,0
7525.729656,1,0,1,1,1,1,1,1,0
7526.575642,1,1,1,1,1,1,1,0,0
7531.080374,0,0,0,1,0,0,1,1,0
7537.651558,1,0,1,0,1,1,1,1,0
7545.725145,0,1,1,0,0,0,0,0,0
7552.204819,0,1,1,0,0,1,1,0,1
7552.383667,0,0,0,0,1,1,1,0,0
7553.039707,0,0,0,0,0,1,0,1,1
7554.219891,0,0,1,0,0,1,1,0,1
7560.183876,1,0,1,1,0,1,1,0,0
7568.087312,0,0,0,1,0,1,1,1,0
7572.421212,1,0,0,0,0,0,1,1,1
7576.928610,0,0,0,0,1,1,0,0,1
7582.528365,0,0,0,1,0,0,0,1,0
7583.337365,1,1,1,0,1,1,1,0,0
7588.374762,1,0,0,1,1,0,0,1,0
7591.774494,1,0,0,1,0,0,0,0,1
7591.775494,0,1,1,0,0,0,1,0,0
7595.119749,0,0,1,0,1,0,0,0,0
7595.479995,0,1,0,0,1,0,0,0,0
7604.062639,1,1,0,0,1,1,0,1,1
7610.951839,1,1,1,0,1,0,1,0,1
7618.532727,1,1,1,1,0,0,0,1,0
7625.170994,0,0,1,0,0,0,0,0,0
7630.049825,0,1,0,0,1,0,1,1,1
7638.661445,1,1,0,1,0,0,1,0,0
7646.762597,0,1,1,0,1,0,1,1,1
7654.328978,0,1,1,1,0,1,0,0,1
7657.309364,0,1,0,0,0,1,1,0,1
7666.503889,0,0,0,0,1,0,0,0,1
7667.281510,1,1,0,0,1,1,1,1,1
7674.348470,0,0,0,0,1,1,0,1,0
7677.451570,0,1,1,1,1,1,0,0,1
7680.715646,1,0,0,0,0,0,0,1,1
7689.135616,0,0,0,0,1,1,1,1,0
7693.641979,1,0,1,1,0,0,1,1,1
7696.642679,1,0,1,1,0,1,1,1,0
7699.459187,1,1,1,1,1,0,0,0,1
7706.872695,0,0,0,1,0,1,0,0,0
7711.873195,0,1,1,0,0,1,1,1,1
7717.832938,1,1,1,0,0,0,0,0,0
7723.297552,1,0,0,0,0,1,0,0,0
7723.496770,0,0,1,0,1,1,0,1,0
7729.213551,1,0,1,0,1,0,1,0,1
7735.352727,1,1,0,0,0,0,0,1,1
7742.731180,1,0,0,1,1,1,1,1,1
7747.731680,0,0,0,1,1,1,1,1,1
7748.966399,1,1,0,0,1,0,0,0,1
7756.909712,1,1,0,1,0,1,1,0,0
7764.564492,0,1,0,1,1,0,1,0,0
7768.507568,0,1,1,0,0,1,0,1,0
7773.520352,1,1,1,1,0,1,1,1,1
7782.060644,0,1,0,1,0,1,1,0,0
7789.838644,0,1,1,0,1,0,1,0,0
7795.341486,1,1,1,1,0,0,1,0,0
7801.544187,1,1,1,0,1,0,1,1,1
7802.183710,0,1,0,1,0,1,0,0,0
7804.255932,0,1,1,0,0,0,1,1,1
7811.746530,1,1,0,1,0,0,0,0,1
7816.832492,1,1,1,0,0,1,0,1,1
7818.914623,0,1,0,1,0,0,1,0,0
7827.406394,0,0,1,0,0,0,1,0,1
7833.877336,0,0,0,0,0,0,0,1,0
7835.964017,0,0,1,1,0,1,0,1,0
7842.848109,0,0,1,0,0,0,0,0,1
7851.824783,1,1,1,1,1,0,1,1,0
7856.580025,1,1,1,0,1,0,1,1,0
7860.430405,0,0,1,1,1,1,0,1,0
7863.644969,0,1,0,1,1,0,0,0,0
7865.685425,1,1,1,1,0,1,0,1,1
7866.025374,1,0,1,0,1,0,0,0,1
7868.773135,0,0,0,0,1,0,0,1,0
7869.230995,0,0,1,0,1,0,1,0,0
7876.552251,0,1,0,0,0,1,1,1,1
7876.724174,0,1,0,1,0,0,1,1,1
7878.839698,0,1,0,1,0,1,0,1,0
7880.220928,0,1,0,0,0,1,1,1,1
7887.402874,0,0,1,1,1,1,1,1,0
7892.756657,1,1,0,0,0,1,0,0,1
7893.430338,0,1,1,0,0,1,1,0,0
7899.840162,1,1,1,1,0,1,0,1,0
7903.078249,1,1,1,1,0,0,0,1,1
7910.690428,0,0,0,1,0,0,0,1,1
7919.800464,0,1,1,0,1,0,0,1,1
7924.441884,0,0,1,1,0,1,1,1,0
7931.775484,1,0,1,0,1,0,1,0,0
7936.572121,1,1,0,1,1,0,0,0,0
7945.202395,1,0,0,0,1,1,0,0,1
7951.128728,1,1,0,1,0,1,1,0,1
7952.911728,0,1,1,1,0,0,0,1,0
7959.203892,1,1,0,0,1,1,1,1,0
7968.886704,0,0,1,1,0,0,1,0,1
7971.949966,1,0,0,1,1,1,1,1,1
7981.895624,0,0,1,0,0,0,1,1,0
7984.300229,0,0,0,0,1,1,1,0,0
7988.389804,0,1,1,0,1,1,1,0,0
7991.593686,0,1,0,1,1,0,1,0,1
7993.653304,1,1,0,1,1,1,0,1,0
7999.050961,1,1,1,0,0,1,0,0,0
8008.787057,0,1,1,1,1,1,1,0,1
8017.011691,1,1,1,1,1,0,0,0,0
8021.656623,1,0,1,0,0,0,1,1,0
8028.020623,1,1,0,1,1,0,0,0,0
8031.611007,1,1,0,0,0,1,0,1,0
8032.841614,1,0,0,0,1,1,0,1,1
8040.916341,0,0,1,0,1,0,1,0,1
8043.058990,0,1,1,0,0,1,1,1,0
8052.667512,1,1,0,1,1,0,0,1,0
8060.244546,1,1,0,0,1,0,0,1,0
8062.367183,1,0,0,0,1,1,1,0,0
8066.207512,1,0,0,1,1,0,1,1,0
8066.910196,1,0,0,1,1,0,1,0,1
8068.114395,0,0,1,0,1,1,0,1,0
8072.914915,1,0,0,1,1,0,1,1,0
8079.645000,0,1,1,1,0,0,1,0,0
8085.786865,0,1,0,1,1,1,1,0,1
8091.787265,0,1,1,1,0,1,1,0,1
8092.178617,0,1,1,1,1,1,0,0,1
8093.846117,1,1,1,1,0,1,0,1,0
8103.414061,0,0,1,1,1,1,0,1,0
8106.155528,1,0,1,0,1,0,1,0,0
8113.489128,0,0,0,0,0,1,0,1,1
8118.375354,1,1,1,1,1,1,0,1,1
8119.864821,0,0,1,1,0,0,0,0,1
8122.542719,0,0,1,0,1,1,1,0,0
8128.027041,1,0,0,1,1,1,0,1,1
8129.282742,0,0,1,0,1,1,1,0,0
8137.306390,1,1,0,1,0,1,0,1,1
8139.757640,0,0,1,1,0,1,0,1,0
8141.093879,1,0,0,0,1,1,1,0,0
8144.567586,1,0,0,0,0,1,1,1,1
8149.695754,1,0,0,0,1,0,1,1,1
8156.052051,0,1,1,0,0,0,1,1,0
8157.365545,1,1,1,1,1,1,0,1,0
8161.906254,1,0,0,1,0,1,0,0,1
8167.906654,1,1,0,1,1,0,1,1,1
8173.385142,0,0,0,1,0,1,1,1,1
8176.978856,0,0,0,1,1,1,1,1,1
8179.529402,0,0,1,0,1,1,0,1,0
8184.927529,1,0,0,1,0,1,1,1,0
8194.685618,0,1,1,0,1,1,0,1,0
8203.279509,0,0,0,0,0,1,1,1,1
8203.593630,0,1,0,0,1,1,1,1,1
8204.488223,1,0,1,1,0,0,0,1,1
8205.558883,0,0,0,0,1,0,1,1,0
8213.693785,1,0,1,1,1,0,1,0,1
8222.549321,1,0,1,0,1,0,1,0,1
8224.061104,0,0,1,1,0,0,0,0,1
8230.297894,1,1,1,0,1,1,1,1,1
8234.024012,0,0,0,1,0,0,0,1,0
8234.216630,1,0,1,1,0,1,0,0,0
8242.095630,1,0,1,1,1,0,0,1,1
8246.843195,1,1,1,1,1,0,0,1,0
8255.391727,0,0,1,1,1,1,1,0,1
8256.854635,0,0,0,1,0,1,1,1,0
8265.253232,0,1,0,1,0,1,0,0,1
8273.271449,1,1,1,1,1,1,1,0,1
8276.126286,0,1,0,1,1,0,1,1,1
8284.920444,1,0,1,0,0,1,1,0,0
8288.369375,0,0,1,1,1,1,1,0,0
8288.437333,1,0,1,0,0,0,1,1,0
8290.722632,0,0,0,1,0,1,0,0,1
8296.855423,0,1,1,1,1,1,0,0,1
8304.481169,1,0,1,0,1,1,0,1,1
8306.378142,0,0,1,1,0,1,1,1,0
8310.069411,0,1,1,0,1,0,0,1,0
8312.758964,0,1,0,1,1,1,0,0,0
8320.759164,1,1,0,1,0,1,1,1,0
8322.120028,1,0,0,1,0,0,1,1,1
8326.629894,1,0,0,0,0,0,0,0,1
8335.547199,1,0,1,0,0,0,1,1,1
8343.151746,0,1,0,0,0,1,1,0,1
8345.334346,0,0,1,0,0,1,0,0,0
8352.817498,1,1,1,1,1,1,0,1,1
8354.439957,0,1,0,1,0,1,1,1,0
8356.940707,1,1,0,1,0,0,0,1,0
8366.794523,1,0,1,1,1,1,0,0,1
8370.051011,0,1,1,0,0,1,1,0,0
8374.697216,1,0,0,0,1,1,1,1,0
8381.460545,1,1,0,0,1,1,0,0,1
8383.732505,0,0,0,0,1,1,0,1,0
8385.139339,1,1,0,1,1,0,1,0,0
8387.640089,0,1,0,0,1,0,1,1,1
8390.917870,1,0,0,1,0,1,0,1,0
8400.097057,1,0,0,1,1,0,1,1,1
8408.192485,1,0,0,1,1,1,0,0,0
8413.854524,0,1,1,1,0,0,0,1,0
8418.674320,0,0,1,1,0,1,0,1,1
8420.016649,1,0,1,1,1,1,0,0,1
8421.564455,1,1,0,1,0,1,1,1,0
8425.940018,0,0,0,0,1,1,0,1,1
8428.653751,0,1,1,1,1,1,0,1,0
8429.844843,1,0,1,1,1,0,1,1,1
8435.198148,1,1,1,1,0,0,0,0,0
8439.876898,1,1,1,1,1,1,0,0,1
8445.820456,1,1,1,0,0,1,0,0,0
8449.935159,0,1,0,1,0,0,0,1,1
8457.250242,1,0,1,0,0,1,1,1,1
8466.719207,0,1,1,1,0,1,0,1,1
8466.997957,0,0,0,1,1,1,1,0,1
8472.465539,0,0,1,0,0,1,1,1,1
8481.849584,1,1,1,0,0,1,0,0,0
8489.969707,0,0,1,0,0,1,0,1,1
8498.141186,0,0,0,1,1,0,0,1,1
8505.819740,0,0,1,1,1,1,1,0,0
8513.353526,1,1,0,1,0,0,0,1,0
8522.931033,0,0,1,1,0,1,1,1,1
8524.339044,1,1,1,0,0,0,0,0,1
8527.383781,1,1,0,0,1,0,1,0,1
8535.265349,0,1,0,1,0,0,0,1,0
8539.517131,1,1,0,0,0,1,0,1,0
8540.722024,0,1,1,0,1,1,1,0,0
8541.415796,0,0,0,1,0,1,0,1,0
8546.349636,0,0,0,0,1,0,0,0,0
8554.932153,0,0,1,0,1,1,1,0,0
8561.676068,0,1,1,0,0,0,0,1,0
8564.472369,0,1,0,0,0,0,0,1,1
8565.361130,0,1,0,0,0,0,0,0,1
8569.523564,1,1,0,1,1,1,1,1,0
8570.986682,0,1,1,1,1,1,1,1,1
8576.223927,0,0,0,0,0,0,1,0,1
8577.859379,1,0,1,0,1,0,1,1,1
8579.330820,1,0,1,1,1,0,1,1,0
8580.708494,0,1,1,1,1,1,0,1,1
8587.882690,0,0,0,1,1,1,1,1,0
8593.078900,1,0,0,1,1,0,1,0,0
8602.347266,0,0,1,1,1,1,1,0,1
8604.964826,0,0,0,0,1,1,1,1,1
8607.086826,1,1,0,0,1,0,0,1,0
8610.366410,1,1,0,0,1,1,0,0,1
8616.938181,1,0,0,0,1,0,1,1,0
8625.966056,1,1,0,1,0,1,1,0,1
8626.346027,0,0,1,0,0,1,1,0,1
8635.656441,0,0,1,0,0,1,0,1,0
8642.165518,1,1,0,0,0,1,0,1,0
8642.806454,1,1,1,1,1,1,0,0,0
8643.036122,0,1,0,0,0,0,0,1,0
8645.345982,1,0,0,0,1,0,0,1,1
8654.196271,1,0,0,0,1,0,0,0,1
8655.730298,1,0,1,1,1,1,0,0,0
8659.451379,1,0,1,0,0,0,1,1,0
8666.597434,1,1,0,0,0,0,0,0,0
8675.587601,1,1,1,1,0,0,1,0,1
8677.108549,1,0,1,0,0,1,0,0,1
8681.594697,0,0,1,1,1,1,1,1,0
8686.907166,0,1,0,0,0,0,1,1,0
8692.010962,1,0,1,0,1,0,1,0,0
8693.640298,1,0,0,0,1,1,1,1,1
8701.819051,0,0,0,1,1,0,0,0,0
8701.820051,0,0,1,0,1,1,1,1,1
8702.262433,1,0,0,1,0,0,0,1,1
8704.792942,0,1,0,1,0,0,0,1,0
8706.127142,1,1,0,1,0,0,0,1,1
8711.651399,0,1,0,0,1,1,0,0,0
8719.477704,1,1,1,1,0,0,1,0,0
8725.215835,1,0,0,1,1,0,1,0,0
8727.611553,1,0,0,1,1,0,0,1,1
8728.482031,1,1,1,1,0,0,1,0,0
8736.841570,1,0,0,1,1,1,0,1,1
8741.346912,0,1,1,0,1,1,0,0,0
8747.987873,0,1,1,1,0,0,0,1,1
8756.121393,1,0,0,0,1,1,0,1,1
8762.998962,0,0,1,1,0,0,1,0,0
8768.142935,0,0,1,1,1,0,1,0,0
8775.037295,1,1,0,0,0,0,0,1,0
8782.848014,1,1,1,1,0,1,1,1,0
8785.404314,1,1,0,0,0,0,1,1,1
8790.352844,0,0,1,0,0,0,1,0,1
8800.096459,0,1,1,0,1,0,0,1,1
8806.929620,1,0,1,1,0,1,0,0,1
8812.870620,1,1,0,1,1,1,1,1,1
8819.938583,0,1,1,1,1,0,1,0,1
8828.688708,0,0,1,0,1,1,0,1,1
8833.300507,0,1,0,1,1,0,1,1,0
8834.156594,1,0,1,0,1,0,0,0,0
8840.905385,1,0,1,1,1,1,1,0,1
8849.238885,1,0,0,0,0,1,0,0,1
8850.595682,0,0,1,1,1,0,0,1,1
8855.752960,1,0,1,1,1,1,0,1,0
8862.226997,0,0,1,1,1,0,1,0,1
8871.048168,1,1,1,1,0,1,1,0,1
8879.221190,1,0,0,0,1,0,1,1,0
8888.615190,1,1,1,0,1,0,0,0,0
8896.262484,0,1,1,0,0,1,1,1,0
8900.416646,1,1,1,0,0,1,1,0,1
8906.181319,0,1,1,0,0,0,1,0,1
8912.007629,1,1,1,1,0,1,0,0,0
8921.622063,1,0,1,1,0,1,0,0,1
8926.011765,0,1,0,1,1,1,1,0,1
8927.085956,1,1,0,0,0,1,0,1,0
8930.619139,1,1,1,1,0,1,1,1,0
8940.128664,1,0,1,0,0,1,1,1,1
8940.589795,0,0,1,0,0,1,0,1,0
8940.997348,0,1,0,1,1,1,0,1,0
8942.766766,0,1,0,1,1,0,1,1,1
8950.905638,1,0,0,1,0,0,0,0,0
8956.870954,1,0,1,0,1,1,0,0,1
8958.008867,0,0,0,0,0,1,0,1,1
8959.354970,1,1,1,0,0,1,1,1,0
8964.945473,0,0,1,1,1,1,1,0,1
8972.275838,0,0,1,0,0,0,0,0,0
8976.167195,0,0,1,0,1,1,0,1,1
8985.304537,1,0,0,1,1,0,0,0,1
8985.473587,1,1,1,1,1,1,1,1,1
8988.638827,0,0,1,1,1,1,0,1,0
8996.815805,0,1,1,1,1,0,0,0,0
8997.650055,0,0,1,0,0,1,1,1,0
9006.932736,0,0,0,1,0,0,0,1,0
9016.195569,0,1,0,0,1,1,1,1,1
9016.858356,1,0,0,0,1,1,1,0,0
9022.780333,1,1,0,1,1,1,0,1,1
9029.204302,0,1,0,0,1,0,0,0,1
9037.839307,0,0,0,0,0,1,1,1,0
9047.710840,0,0,1,0,1,0,1,0,0
9052.306850,1,1,1,0,1,0,0,0,1
9053.661305,1,0,1,0,1,1,1,1,1
9058.151652,1,1,1,0,0,1,1,0,0
9059.485852,0,0,1,1,1,1,0,1,1
9060.776386,1,0,1,0,1,0,0,0,1
9060.777386,0,0,1,0,0,1,1,1,0
9067.713176,0,1,0,1,0,1,0,1,0
9074.170113,1,0,1,1,0,0,1,1,0
9079.059513,1,0,1,1,0,1,0,0,0
9085.859833,0,1,0,0,1,1,0,0,0
9087.513729,1,0,0,1,1,1,1,1,1
9091.467822,0,1,1,1,1,0,0,1,0
9098.305745,0,1,1,0,1,0,1,0,1
9103.755935,0,0,1,1,0,1,1,1,1
9110.697989,1,0,1,0,0,1,0,0,0
9116.507625,1,0,0,0,1,0,0,0,0
9118.881269,1,1,0,0,0,0,1,0,0
9126.249201,0,0,0,1,1,0,0,0,1
9128.114226,0,1,0,0,1,0,1,0,0
9134.906605,0,0,1,1,0,1,1,1,0
9141.742901,1,0,1,1,0,1,1,1,0
9143.738161,1,1,1,0,0,1,1,0,0
9144.803128,1,1,1,0,0,1,1,1,1
9147.359428,0,1,0,1,0,1,0,0,0
9154.651365,1,1,1,1,1,0,0,0,1
9164.428546,1,0,1,1,1,0,0,0,1
9174.119935,1,0,1,0,0,0,1,1,0
9181.699125,0,1,1,1,1,0,0,1,0
9188.759039,1,1,1,1,1,1,0,1,1
9196.763463,0,0,0,1,1,0,1,1,1
9202.883643,0,0,1,1,0,0,0,1,0
9207.838515,1,1,1,0,0,0,1,1,0
9209.975483,0,1,0,1,0,1,1,0,1
9217.837332,0,1,1,1,0,0,0,0,1
9220.925935,1,1,0,1,0,1,1,1,0
9230.883922,1,1,0,1,1,1,0,1,0
9233.430869,0,0,0,0,0,0,0,1,1
9237.388780,1,0,0,0,1,1,0,0,0
9240.337247,0,1,1,1,0,0,1,0,0
9246.534810,0,1,1,0,1,1,1,0,0
9248.980010,1,0,0,1,1,0,0,1,1
9252.525210,1,0,0,1,1,0,1,1,1
9253.816404,1,1,0,1,0,1,0,1,1
9260.923292,0,0,0,1,1,0,0,0,1
9265.048459,1,1,0,0,1,0,1,0,1
9268.111883,0,1,1,0,0,1,1,1,1
9273.994648,1,0,0,0,0,1,1,0,0
9276.233644,1,1,0,1,0,1,1,1,0
9280.746388,1,1,1,1,1,1,0,1,1
9288.833700,0,0,1,0,0,0,1,0,0
9290.774243,0,1,1,1,0,1,1,0,0
9299.235017,1,1,1,0,1,0,0,0,0
9305.744094,0,1,1,0,1,0,0,0,0
9305.938179,1,1,0,1,0,0,1,1,0
9315.411915,0,1,1,0,1,1,0,0,1
9318.091219,0,1,0,1,0,0,0,1,1
9319.718073,0,0,0,1,1,0,1,1,1
9320.539886,0,0,0,0,0,1,1,0,0
9328.765870,1,1,1,0,0,0,0,1,1
9335.157740,0,1,0,1,0,0,1,0,1
9343.350103,1,0,0,1,1,1,0,0,1
9348.939144,0,0,1,0,1,0,1,1,1
9352.047942,0,0,1,0,0,1,1,1,0
9359.383300,0,0,1,1,1,1,1,0,0
9359.972477,0,0,0,1,1,1,0,1,1
9369.237256,1,0,1,1,1,1,1,0,1
9379.203361,1,1,1,1,1,1,1,0,0
9383.344916,1,0,0,1,0,1,1,0,0
9384.595791,0,0,1,1,1,1,1,0,1
9391.498119,0,0,0,0,1,0,0,0,0
9399.325040,0,1,0,0,0,0,0,0,0
9402.246540,0,0,1,0,0,0,0,1,0
9412.215439,0,0,0,1,0,1,0,0,0
9415.549439,1,1,1,1,0,1,1,0,0
9423.696970,0,0,1,1,1,0,1,0,0
9424.675071,0,0,1,0,1,1,0,0,1
9427.063892,1,1,0,1,0,0,1,0,0
9427.541792,0,1,1,1,0,0,1,0,1
9433.680968,0,0,1,1,1,1,1,0,0
9441.326131,1,1,1,0,1,1,1,1,0
9448.282957,0,0,0,0,1,0,1,0,1
9453.092637,0,0,0,0,0,1,0,1,0
9456.131480,1,1,0,0,1,0,1,0,0
9460.413895,0,1,1,1,0,0,0,0,0
9467.168936,1,1,0,0,1,1,1,0,1
9469.535291,1,1,0,0,1,0,1,1,0
9475.924541,1,1,0,0,0,1,1,1,1
9482.688206,1,1,1,0,0,1,0,1,1
9484.236670,1,1,1,0,1,0,1,0,1
9486.893294,1,1,0,0,1,0,1,0,0
9493.311562,1,0,1,0,1,1,1,1,1
9501.034562,0,0,0,1,1,0,0,1,1
9505.796991,0,0,0,1,1,1,1,0,1
9514.831570,0,0,1,1,0,0,1,1,0
9523.774274,0,0,0,0,0,1,1,0,0
9529.140591,1,1,0,1,0,0,0,1,1
9536.135904,1,1,0,0,0,0,1,1,1
9537.025704,0,0,0,0,0,0,0,1,0
9538.903001,1,1,0,0,0,1,1,0,0
9541.393379,0,1,0,0,0,1,1,1,1
9543.674151,0,0,0,1,0,0,0,1,0
9545.874243,1,1,1,1,1,0,1,0,1
9548.384952,1,0,1,1,1,1,0,1,0
9555.223504,1,1,0,0,1,1,0,0,1
9556.215555,0,0,0,0,1,1,1,0,1
9565.954387,0,1,1,0,0,0,1,1,0
9575.310280,1,1,0,1,0,1,0,0,0
9581.347466,1,0,0,1,1,0,1,1,1
9586.887981,0,0,0,1,1,0,1,0,1
9593.468205,0,0,0,1,0,1,1,0,0
9595.404495,0,1,0,0,1,1,1,0,0
9598.630979,0,1,1,1,0,0,1,1,0
9598.949408,1,0,1,1,1,0,1,0,1
9604.701467,0,1,1,1,1,0,1,1,0
9611.389798,1,0,0,1,0,1,1,0,1
9620.537610,0,1,1,1,1,0,1,0,0
9629.164308,0,1,0,0,0,0,1,1,0
9632.575461,1,1,0,1,1,1,0,0,1
9641.224834,1,0,0,1,1,1,1,0,1
9644.660273,0,0,0,0,0,0,1,0,0
9654.261906,1,0,1,0,1,1,0,1,0
9660.760894,0,0,0,0,0,1,0,1,1
9662.373790,1,0,0,0,0,1,1,1,0
9670.321417,1,0,1,1,1,0,0,0,1
9674.956657,0,1,0,0,0,0,1,1,1
9676.957457,0,0,1,1,0,1,0,1,1
9681.541332,1,1,0,0,0,0,0,1,1
9690.269093,1,0,1,1,0,0,1,1,1
9690.416868,0,0,1,0,0,1,1,0,1
9690.704980,0,1,1,1,1,1,1,1,1
9690.705980,1,1,0,1,0,0,0,1,0
9698.770690,1,1,1,1,1,1,1,0,0
9699.641940,1,0,0,1,1,0,1,0,1
9705.555156,1,0,1,0,1,1,0,1,0
9711.885572,1,1,0,0,0,0,1,1,0
9717.538180,0,1,1,1,1,0,0,1,1
9725.103359,1,0,1,1,0,1,1,0,0
9731.243641,1,0,0,0,1,1,1,1,0
9734.985477,1,0,1,1,0,1,1,0,0
9740.894977,0,0,0,1,0,0,1,0,1
9743.620383,0,0,0,1,0,1,1,1,1
9752.183401,1,1,1,1,1,1,0,0,1
9759.240019,1,1,1,0,1,0,0,1,1
9764.476287,1,1,1,1,1,0,1,0,1
9769.778901,1,1,0,0,1,0,0,0,0
9774.984059,1,0,0,1,0,1,1,1,0
9775.322104,1,0,1,1,1,0,1,1,0
9784.077303,1,1,0,0,0,0,0,1,1
9787.493939,1,1,0,0,0,0,0,0,1
9791.884744,0,1,0,0,0,0,0,0,1
9794.744216,0,0,1,0,1,0,0,0,1
9796.337854,1,0,0,1,1,0,0,0,1
9800.710276,0,1,1,1,1,1,0,0,0
9803.288981,0,1,0,0,1,0,0,0,1
9804.551537,0,0,1,0,1,0,0,0,1
9810.613983,1,1,0,1,1,0,0,0,0
9811.954450,1,1,1,0,0,1,1,1,1
9820.261328,1,0,1,0,1,1,0,1,0
9823.047652,1,1,1,1,0,0,1,1,0
9832.530463,0,1,1,0,1,1,0,0,0
9837.409024,1,1,1,1,1,1,0,1,1
9838.207490,0,0,0,1,0,1,1,1,0
9843.324257,1,0,1,1,1,1,0,1,1
9846.581974,1,0,1,1,1,1,1,1,0
9855.601680,0,0,1,1,0,1,0,0,1
9858.967883,1,1,0,1,0,1,0,1,1
9863.274365,0,1,0,1,1,0,1,0,0
9869.277875,0,1,0,0,1,1,1,1,1
9870.648247,0,1,1,1,0,0,1,1,1
9872.562099,1,1,1,0,1,0,0,0,1
9881.399425,1,1,1,1,0,1,0,1,1
9890.014147,0,0,1,0,1,0,0,0,1
9895.272837,1,0,0,0,0,1,0,1,0
9899.151000,1,1,0,1,1,0,1,1,1
9907.426326,0,1,1,1,1,1,1,0,1
9913.316981,1,0,1,1,1,0,0,0,0
9921.652718,0,0,0,0,0,1,1,1,0
9927.724540,0,0,0,1,0,0,1,1,1
9932.192306,1,1,1,1,1,1,1,0,1
9939.632562,1,1,1,0,1,1,1,1,0
9940.195755,1,0,0,1,0,0,1,1,0
9944.524420,1,0,1,0,0,1,1,0,0
9948.312023,1,0,1,1,0,1,0,0,1
9956.292760,0,1,0,1,1,0,1,0,0
9963.697150,0,0,0,0,0,1,0,1,0
9966.061810,1,1,1,0,0,1,0,0,0
9971.243015,0,1,0,0,1,0,0,1,1
9971.862765,1,0,0,0,0,1,1,0,1
9980.508734,1,1,0,0,1,1,1,1,1
9985.254806,1,1,0,0,1,0,1,1,0
9994.148277,0,1,0,0,0,0,0,0,0
9997.403669,1,0,0,1,1,0,0,0,1
