t,finish1,finish2,finish3,release1,release2,release3,start1,start2,start3
9.379310,1,0,0,1,1,0,1,0,0
11.209915,1,1,0,1,1,1,1,1,1
17.392115,1,1,0,1,1,1,1,1,1
22.480634,1,1,1,1,0,1,1,1,0
31.168265,0,0,0,1,0,0,1,0,1
35.305542,1,0,1,1,0,1,1,0,1
40.059153,1,0,0,1,1,1,1,1,0
45.773868,1,1,1,1,0,0,1,0,1
51.962928,0,1,1,0,1,1,0,1,0
59.668637,1,0,0,1,0,0,0,0,0
64.454105,0,0,0,0,0,0,0,0,1
74.262430,1,0,1,0,1,1,1,0,1
84.178932,0,0,1,1,0,1,1,0,0
90.423439,0,1,1,1,1,0,0,1,0
97.638907,1,1,1,0,1,1,1,1,1
103.826503,1,1,1,1,0,1,1,1,1
108.700204,1,0,0,1,1,1,0,0,0
116.548245,1,0,0,0,1,0,1,1,0
124.580280,0,0,0,0,0,0,0,0,1
133.946734,0,1,0,1,1,0,1,1,0
143.320262,1,1,1,0,1,1,0,0,1
153.157234,0,1,1,1,0,1,1,1,0
159.203655,0,0,1,0,0,1,0,1,1
168.044351,0,0,1,1,1,1,1,0,1
176.586770,1,1,1,1,1,1,1,0,1
182.851679,1,0,0,1,1,1,0,1,1
191.337407,0,1,1,1,1,0,0,0,0
191.571847,1,1,1,1,1,1,0,1,1
194.153234,1,0,0,0,0,0,1,0,0
195.281394,1,1,0,0,0,0,1,1,1
200.329208,1,0,1,1,0,1,1,1,0
203.169430,0,0,1,0,1,1,0,1,1
210.081504,0,0,0,1,1,1,0,1,1
210.703684,0,0,0,0,0,0,1,0,1
217.752811,1,1,0,0,0,1,0,0,1
222.067761,0,1,1,0,0,1,1,0,1
223.763830,0,1,0,1,1,1,0,0,1
232.015753,1,0,1,1,1,1,1,1,0
241.745510,1,0,0,1,0,1,1,1,1
245.601923,0,1,0,1,0,0,1,0,1
247.487008,1,0,1,0,1,1,0,0,0
248.737883,1,0,1,0,1,1,0,0,0
250.630586,0,1,0,0,1,1,1,1,1
255.368874,0,0,1,0,1,0,0,1,1
262.328313,0,0,0,0,0,0,0,1,0
271.066420,1,0,1,0,1,1,0,0,1
272.652167,1,1,0,1,1,1,1,1,1
273.210880,1,0,0,1,1,1,1,0,0
278.425985,0,1,0,1,0,1,0,1,0
283.394368,1,1,0,1,0,0,1,0,0
285.920033,1,1,0,1,0,0,1,1,1
293.639559,1,1,1,0,1,0,1,0,0
301.119263,0,1,0,0,0,0,0,0,0
301.671126,1,0,0,1,0,0,1,1,1
305.188913,0,0,0,0,0,0,0,1,0
308.750163,0,1,0,0,1,0,0,1,1
313.262496,0,0,0,0,0,1,0,1,1
318.262996,1,1,0,1,1,1,1,1,1
318.862739,0,1,0,1,0,1,1,0,1
321.154013,0,1,1,1,1,0,0,0,0
323.977311,0,1,1,1,0,1,0,1,1
332.576436,1,1,1,1,1,0,1,0,0
339.920452,1,1,0,1,0,0,0,1,1
340.008117,1,1,1,0,1,1,1,1,0
343.434700,0,0,0,0,0,1,1,0,1
351.696808,1,1,1,0,1,1,0,1,0
358.359285,0,0,0,0,0,0,1,0,1
362.601347,0,0,1,1,1,0,0,0,1
367.693675,1,0,1,1,0,0,1,1,0
374.082594,1,0,1,0,1,1,0,1,0
380.773781,1,1,0,1,0,0,1,0,1
384.810367,0,0,0,0,1,1,1,1,0
388.108910,1,1,1,1,0,0,1,0,0
396.353360,0,1,1,1,0,0,1,0,1
397.098387,1,1,1,1,1,1,0,1,0
404.298667,0,0,0,1,1,1,0,1,1
406.308395,1,0,1,0,0,1,0,0,0
410.489305,0,0,1,1,0,1,0,0,0
411.456392,1,1,1,0,0,1,1,0,0
416.456892,0,0,0,0,1,0,1,0,1
417.082829,1,0,0,1,1,0,0,1,1
425.292885,0,0,0,0,1,1,1,1,0
432.932010,1,1,1,0,0,1,0,1,1
434.725487,0,1,1,1,1,0,0,0,0
438.608051,0,1,1,0,0,0,1,1,0
439.693280,0,0,1,0,1,0,1,0,0
444.288415,1,1,1,0,1,0,0,1,1
452.066415,1,1,0,1,0,1,0,0,1
454.424903,0,0,1,0,1,1,0,0,1
454.514260,0,0,1,0,1,1,1,1,1
457.154083,1,1,1,1,1,0,0,1,1
465.391439,1,0,1,1,1,1,1,1,0
470.425673,0,0,0,1,0,1,1,0,1
476.955871,1,0,0,0,0,1,1,0,1
484.597616,0,0,0,1,1,1,1,1,1
484.908663,1,1,0,1,0,0,1,0,0
484.977453,1,1,0,1,1,1,1,0,0
491.115899,1,1,0,0,0,0,0,0,0
500.922120,1,0,1,1,1,1,0,0,1
510.357349,0,0,0,0,1,1,1,1,0
520.343345,1,0,0,1,1,1,0,0,1
529.914095,0,1,1,0,0,1,1,0,1
538.089716,1,0,1,1,0,0,0,0,0
546.608926,1,0,1,0,1,1,1,1,0
556.486389,0,1,0,1,0,1,0,0,0
562.202766,0,0,1,0,0,1,1,1,1
568.176323,0,0,0,0,1,0,0,0,0
575.115405,1,1,1,1,1,1,1,1,0
575.462827,0,1,0,1,0,1,1,0,0
578.071791,1,0,0,1,0,0,0,0,0
584.357877,0,0,0,1,0,0,0,1,0
584.477069,0,1,0,1,1,0,0,1,0
592.787097,0,0,1,0,1,1,1,1,0
598.089892,1,1,1,0,1,0,1,1,0
602.664078,1,0,0,0,0,0,0,0,0
607.478953,0,1,0,1,0,0,1,1,1
611.931409,1,0,0,0,1,0,1,0,0
616.051848,1,0,1,0,0,0,0,1,1
620.706760,1,1,0,0,1,1,0,1,1
629.952119,1,1,0,1,0,0,1,1,0
637.394235,0,0,1,0,0,0,0,0,1
642.690957,1,0,0,1,1,0,1,1,1
645.358357,0,1,0,1,0,1,1,1,1
650.847530,0,1,0,1,1,0,0,0,0
656.115860,1,1,0,1,0,1,1,1,1
665.445733,1,1,0,1,1,0,0,1,1
665.812055,1,0,1,0,0,1,1,0,0
671.489055,0,0,1,1,0,1,1,0,0
674.566671,0,1,1,1,1,0,0,1,1
674.893902,0,1,0,1,1,0,1,0,0
677.870795,0,1,0,0,1,0,1,0,1
678.847756,1,1,1,1,1,1,0,0,1
682.986274,1,0,1,0,1,0,0,1,0
688.559472,0,1,0,0,0,1,0,1,1
698.367834,1,0,1,0,1,1,1,0,0
706.665301,1,0,1,0,0,0,0,1,0
711.612331,1,1,0,1,1,1,1,0,1
714.165628,0,1,0,1,0,0,1,1,0
723.883966,0,1,0,0,0,0,0,1,0
728.963198,0,1,0,1,0,0,0,1,1
735.234951,0,0,1,1,1,0,1,1,0
736.211463,0,0,0,0,1,1,0,1,0
740.487398,1,0,1,0,1,0,1,1,1
749.200499,0,1,0,1,0,0,1,1,1
756.054499,1,1,0,0,0,1,1,0,1
757.919719,1,1,0,1,1,0,1,1,1
763.045207,1,0,0,1,0,1,1,0,1
763.572470,1,1,0,1,1,1,0,0,0
770.346126,1,0,1,0,0,0,0,0,1
770.981068,1,1,1,1,0,0,1,0,0
780.485523,1,0,1,1,0,1,0,0,1
787.758523,1,1,0,0,0,1,1,1,0
793.200603,1,1,1,1,1,0,1,0,0
794.718693,1,0,1,0,0,1,1,0,0
796.617313,0,0,1,1,0,0,1,0,1
798.213752,1,1,0,1,1,1,0,1,0
802.152906,1,1,0,0,0,1,1,1,1
803.121071,1,0,1,1,1,1,1,0,0
811.777922,0,0,0,1,1,0,0,1,1
812.555871,0,0,1,1,1,1,0,0,0
815.885209,1,1,0,1,0,1,1,1,0
820.911139,1,1,1,1,0,1,1,0,1
826.444919,0,0,0,1,1,0,0,0,0
833.415421,0,0,0,1,1,0,0,0,1
842.971601,0,1,1,0,1,1,0,1,0
850.051665,1,1,0,1,1,0,1,1,0
850.907637,0,0,1,1,0,0,0,1,0
853.986454,0,1,0,0,0,0,1,0,0
858.151172,0,1,0,1,0,1,1,1,0
867.575386,1,0,1,1,0,1,1,1,1
873.206891,0,1,0,1,1,0,0,1,1
874.453441,0,0,1,0,0,0,1,0,1
880.404551,0,1,1,0,0,0,0,0,1
884.049254,0,0,1,1,0,1,0,0,0
884.450214,1,0,1,1,0,1,1,0,1
886.593857,0,0,1,1,0,1,0,0,1
889.183884,1,0,1,0,1,1,0,0,1
897.942442,1,0,0,1,0,1,0,1,0
907.239216,0,1,1,1,1,0,1,0,0
911.953401,1,0,1,0,1,1,0,0,0
916.513216,1,0,0,1,0,1,0,1,0
925.851517,1,0,0,1,1,0,1,1,1
930.357561,0,1,1,0,0,0,0,1,0
939.616356,0,1,1,1,0,0,1,0,0
948.419396,0,0,0,1,0,0,1,0,0
951.457475,0,1,0,1,1,0,0,1,1
954.632761,1,1,1,1,1,0,1,0,0
957.203434,1,0,0,0,1,0,1,0,1
964.655465,0,1,0,0,0,0,1,1,1
971.310476,1,0,0,1,0,0,1,1,1
979.755556,1,0,0,1,1,1,0,0,0
982.957556,1,0,1,1,1,1,0,1,1
987.936599,0,0,1,0,0,0,0,0,0
993.884373,1,1,1,0,1,1,0,1,1
994.846815,1,0,0,0,0,0,1,1,1
999.286274,0,0,0,0,0,0,1,0,1
1006.854418,1,1,0,1,1,0,1,0,0
1008.198567,0,0,1,1,1,1,1,1,0
1016.352317,1,0,1,1,1,1,1,1,0
1020.541028,0,1,0,1,1,1,0,0,0
1030.252595,0,0,0,0,0,1,1,0,1
1033.088755,0,0,1,1,1,0,1,0,0
1035.873319,1,0,1,1,1,0,1,1,0
1039.574514,1,0,0,1,1,0,0,1,0
1041.478550,1,0,1,0,1,1,1,1,1
1042.177154,1,0,1,1,0,1,0,1,1
1047.177654,1,1,1,1,1,0,0,1,0
1048.400754,0,0,0,0,1,0,0,1,0
1055.754865,1,0,0,1,1,1,1,1,0
1062.528096,0,0,0,0,0,1,1,0,0
1066.623826,1,0,0,0,1,1,0,1,1
1066.747513,0,1,1,1,0,1,0,0,0
1071.532981,1,1,1,0,0,1,0,1,1
1077.190692,0,0,0,0,1,0,1,1,0
1082.863734,1,0,1,1,0,0,0,0,0
1090.597560,0,1,1,1,1,1,1,1,0
1094.771371,0,1,0,0,1,1,0,1,0
1103.998356,1,1,0,0,0,0,0,1,1
1110.064323,1,1,1,0,1,0,1,1,1
1110.453633,1,1,0,0,1,0,1,1,0
1112.624228,0,0,1,0,1,1,1,0,1
1113.674685,0,0,1,1,0,1,1,0,1
1117.705585,1,1,1,1,0,1,0,1,1
1121.493189,1,1,0,1,0,1,1,0,1
1124.166528,1,0,0,0,0,0,1,0,0
1125.401337,0,1,1,1,1,0,0,1,1
1132.963419,0,0,0,0,0,0,0,0,1
1140.131151,0,0,0,1,1,0,0,0,0
1144.785624,0,1,0,1,0,1,0,1,1
1145.543005,1,1,0,0,1,0,1,1,1
1147.041790,0,0,1,0,1,1,1,1,0
1150.692060,1,0,1,1,1,0,0,1,1
1152.025459,0,1,1,1,1,1,1,0,0
1159.984847,0,1,0,1,1,0,1,1,1
1165.908414,1,1,1,0,1,1,1,1,1
1167.928328,1,1,0,1,0,1,0,0,1
1171.204488,0,1,0,1,0,0,0,0,1
1180.075992,0,0,0,0,1,1,1,1,0
1184.472688,0,0,0,0,0,0,0,0,1
1185.352153,1,1,0,1,0,0,1,1,1
1186.859231,0,0,1,1,1,0,0,1,0
1192.576383,0,1,1,1,0,1,1,0,0
1197.882975,0,1,0,1,1,1,1,1,1
1199.913084,1,1,0,0,1,1,0,1,1
1206.225334,1,0,0,1,1,1,0,1,0
1214.548855,1,0,0,1,0,1,1,0,0
1223.063855,0,0,0,0,1,1,1,0,0
1224.011427,1,0,0,0,0,1,0,1,1
1228.211335,0,0,0,1,1,0,1,0,0
1228.901922,0,0,1,0,1,0,1,0,1
1232.560675,1,0,1,1,0,1,1,1,1
1240.554888,0,0,0,0,1,1,0,1,0
1246.325482,1,0,1,1,1,0,1,1,0
1254.146929,1,1,0,0,1,1,1,1,0
1261.528143,0,1,1,1,0,0,1,0,1
1263.125622,1,0,1,1,1,0,0,0,0
1268.051503,1,0,1,1,0,1,1,1,1
1274.798176,0,1,0,0,1,1,0,0,1
1280.816881,1,1,0,1,0,1,0,0,1
1282.388276,0,0,1,0,1,0,0,0,0
1287.430094,1,0,0,1,1,0,0,0,0
1297.360171,1,0,0,0,1,1,1,1,0
1298.575336,1,1,1,0,1,0,0,0,1
1302.073039,0,1,0,1,0,1,1,0,1
1310.184339,1,1,1,0,0,0,0,0,1
1315.788227,1,0,1,1,1,0,0,0,0
1316.037047,1,1,1,1,0,0,0,0,1
1323.322701,0,1,1,1,0,1,0,1,1
1324.551649,1,1,0,0,1,0,1,1,0
1333.699882,1,0,1,0,1,1,1,1,1
1340.674180,1,1,1,0,0,0,1,0,0
1348.990138,1,0,0,1,0,0,1,0,1
1350.021824,0,1,1,0,0,0,1,0,1
1350.631368,0,0,1,1,0,0,1,0,1
1355.411302,1,0,0,0,1,0,1,0,0
1362.832120,1,1,0,1,0,0,0,0,1
1362.833120,1,0,0,0,1,0,0,1,0
1367.407192,0,1,1,1,1,1,1,1,0
1374.019373,1,1,1,1,1,1,0,0,0
1374.667977,0,1,1,0,0,0,0,1,0
1382.254425,1,1,0,0,0,1,1,0,1
1389.830425,1,1,1,0,0,0,1,0,1
1390.545640,1,0,1,0,0,0,1,0,1
1400.421685,0,1,1,1,0,1,0,1,0
1406.140270,0,1,1,1,0,1,0,1,1
1410.799078,0,0,1,0,0,1,0,0,1
1416.763118,0,0,1,0,0,1,0,1,0
1418.623688,1,1,1,0,1,0,1,1,1
1421.565570,1,1,1,1,1,1,1,1,0
1425.534428,0,1,1,0,1,1,1,1,1
1434.444489,1,0,1,0,0,1,1,0,0
1437.725161,1,1,0,1,1,0,1,1,1
1444.767710,0,1,0,1,1,0,0,1,0
1449.406283,1,0,1,1,0,1,0,1,1
1456.073283,0,0,0,1,0,0,0,1,1
1465.793900,0,1,1,1,1,1,1,0,0
1472.553181,0,0,0,1,1,0,0,0,0
1476.392380,0,0,0,0,0,1,0,1,0
1476.844463,0,0,1,1,1,0,0,0,1
1476.845463,1,1,0,1,0,0,1,1,0
1485.403983,1,1,1,1,1,0,0,1,1
1487.115521,1,1,0,0,1,1,1,1,1
1494.476191,0,0,1,0,0,0,0,0,0
1499.825755,0,0,0,1,1,1,1,0,1
1507.326005,0,1,1,0,1,0,0,0,0
1511.627093,1,0,1,0,1,0,0,0,1
1511.941738,0,1,0,1,1,1,0,0,1
1513.982764,0,1,1,0,0,0,1,0,1
1522.670678,0,0,0,0,1,1,1,0,0
1524.640659,0,1,0,0,0,1,0,0,0
1525.773622,0,0,0,0,1,0,1,0,0
1527.857747,0,0,0,1,0,0,1,1,1
1530.531152,1,0,0,0,1,1,1,0,0
1539.430345,1,0,0,1,0,1,1,0,0
1542.324314,1,0,0,1,0,0,1,1,0
1549.082450,1,1,1,0,0,1,1,0,0
1550.544550,1,0,0,1,1,0,1,1,0
1559.635550,0,0,1,1,0,0,1,1,0
1568.772692,0,1,1,1,1,0,1,0,1
1576.799205,1,0,1,1,0,1,0,1,1
1579.900988,0,0,0,0,0,1,1,0,0
1581.341634,0,0,0,0,1,1,1,0,1
1588.921902,0,1,1,0,0,1,0,0,1
1595.760928,1,1,1,1,1,1,1,0,0
1600.873702,1,0,1,1,1,1,1,1,0
1607.344643,1,0,1,1,0,0,0,0,0
1614.764256,1,0,0,1,1,1,0,1,0
1622.816885,1,0,0,0,0,0,0,1,0
1624.525031,1,0,0,0,0,0,0,1,0
1626.092140,0,0,1,0,1,0,1,1,0
1629.812575,0,0,0,0,1,1,1,1,0
1634.363038,0,0,0,1,1,0,0,1,0
1634.923494,1,0,0,1,1,0,0,1,0
1637.450557,1,0,1,0,1,1,1,0,1
1637.739298,0,0,0,0,1,0,0,1,1
1643.295298,0,1,0,0,1,1,1,0,0
1644.347148,1,0,1,1,0,1,0,1,1
1645.784175,1,0,1,0,1,1,0,0,0
1646.737460,0,1,1,1,1,1,1,0,0
1648.846417,0,0,1,1,0,0,0,1,1
1654.874212,1,0,1,0,1,0,0,1,0
1657.067641,1,1,0,0,0,0,0,1,1
1666.457946,0,1,0,0,0,0,1,0,1
1673.454444,1,0,1,1,1,0,1,0,1
1675.408158,1,0,1,1,1,1,0,0,0
1675.409158,1,1,1,1,0,0,1,0,0
1677.755446,1,1,1,0,0,1,0,1,1
1687.496573,1,0,0,1,1,1,0,1,0
1696.347912,0,1,1,0,0,0,0,1,1
1702.653267,1,0,0,0,1,0,1,0,1
1704.860231,0,1,1,1,0,0,1,1,0
1714.252184,0,1,1,0,1,0,1,0,1
1723.529030,0,0,1,1,0,1,0,1,1
1729.803441,0,0,0,1,1,0,1,0,1
1738.643939,0,0,0,0,1,0,1,1,0
1745.413493,1,0,0,1,1,1,0,0,0
1747.355690,1,1,1,1,1,1,0,1,0
1752.864161,0,0,1,1,0,0,0,0,1
1762.734514,0,0,1,0,0,0,0,0,1
1765.182078,1,0,1,1,1,1,1,0,1
1773.648489,1,1,0,0,1,1,0,0,0
1778.163019,1,0,0,1,0,0,1,1,1
1786.253662,1,0,1,0,1,0,1,0,0
1795.210601,1,1,0,1,0,1,0,1,0
1802.400231,0,1,1,0,0,0,0,0,1
1807.038892,1,0,0,1,0,0,1,1,1
1811.202685,1,1,0,0,0,0,1,0,0
1813.478199,0,1,0,0,0,0,0,0,1
1820.869002,0,0,0,1,0,0,1,1,0
1825.718915,1,0,0,1,1,0,0,0,1
1832.258641,0,1,1,1,0,1,0,1,0
1840.074951,0,0,0,1,1,0,1,1,0
1846.249042,0,1,0,0,0,0,1,1,0
1854.304792,1,0,0,0,0,1,0,1,1
1860.980450,1,1,0,1,1,0,0,1,0
1866.166116,1,0,0,0,1,0,1,1,0
1866.893583,1,1,1,1,0,0,1,0,0
1869.885181,0,1,0,0,1,1,1,0,1
1874.792522,0,0,0,1,1,1,1,1,0
1875.367416,0,0,1,0,1,1,0,0,1
1876.358883,1,1,1,1,0,1,1,1,1
1881.059113,1,0,1,0,0,0,1,1,1
1888.559363,1,0,1,0,0,1,0,0,0
1895.360201,0,1,1,0,0,1,0,0,0
1904.863675,1,0,1,1,1,1,0,1,0
1914.030425,1,0,0,1,1,0,1,1,1
1921.952711,1,1,0,1,1,0,1,1,0
1926.937238,0,0,0,1,0,0,0,1,0
1933.332948,0,1,1,0,0,1,0,1,0
1942.264678,0,0,1,1,0,0,1,1,1
1943.315395,0,1,0,0,1,0,1,1,0
1951.191256,1,0,0,1,1,1,0,0,0
1954.049113,1,1,0,1,1,0,0,0,0
1960.265707,0,0,0,1,1,0,0,1,1
1961.579707,0,0,1,1,1,1,0,1,1
1963.580507,1,0,1,0,0,1,1,0,0
1972.899724,0,1,1,1,1,1,0,1,1
1979.700044,0,0,1,0,1,1,1,1,1
1988.800134,0,0,1,0,0,0,0,0,1
1995.748893,1,1,0,0,0,0,1,0,1
1998.823791,1,1,1,0,1,0,0,0,1
2002.201076,0,0,1,0,0,0,1,1,0
2008.006967,0,1,1,1,0,0,1,1,1
2008.880745,0,0,0,0,0,1,0,0,1
2014.518889,0,0,1,1,1,0,0,0,1
2020.188514,1,1,1,1,1,1,1,0,0
2029.570127,0,0,1,0,0,1,1,0,1
2035.166898,0,0,0,1,0,1,0,0,0
2043.832239,1,1,0,1,0,1,0,1,1
2044.228457,1,0,0,0,0,0,1,1,1
2044.229457,1,1,1,1,1,1,0,1,1
2048.358158,1,0,1,1,1,0,0,1,1
2053.558638,0,1,1,0,0,1,1,0,0
2055.644536,0,1,1,1,1,0,1,0,1
2057.195274,0,0,1,0,0,1,1,0,0
2065.146009,0,1,0,1,1,0,0,1,1
2073.711942,0,0,0,0,0,1,1,0,1
2081.619128,1,0,1,1,1,1,1,1,0
2091.203328,1,0,0,0,1,0,1,1,0
2093.749335,1,1,0,1,0,1,0,0,1
2094.762892,0,1,1,1,0,0,0,0,0
2100.352640,1,1,0,0,0,0,1,1,1
2105.442417,0,0,1,1,1,1,1,0,0
2112.278433,1,1,1,1,1,0,0,1,0
2114.779183,0,1,1,1,0,0,0,1,1
2119.906846,1,1,0,0,0,1,1,0,1
2129.202178,0,1,0,1,1,1,1,0,0
2135.067976,1,1,0,0,0,1,1,0,0
2135.451590,1,0,1,1,0,1,1,1,0
2139.186785,1,0,0,1,0,1,1,1,0
2146.107426,1,1,0,1,0,1,0,0,1
2148.646362,0,0,0,1,1,0,0,0,0
2156.093676,1,0,0,1,1,1,0,1,0
2158.041047,1,0,0,0,0,0,1,0,1
2163.751352,0,1,0,0,0,0,0,1,1
2170.813858,1,1,1,0,0,0,1,0,0
2176.224517,0,0,1,0,1,1,0,1,0
2180.177924,1,1,1,1,0,0,0,1,1
2187.124794,1,1,0,1,0,0,0,1,1
2196.397216,1,1,0,0,0,0,1,1,1
2202.908203,0,1,1,0,1,0,1,1,0
2207.050203,1,1,1,0,0,1,0,0,0
2215.800328,0,1,1,0,1,0,0,1,0
2222.441885,1,1,0,0,1,1,1,0,1
2229.245484,0,1,0,1,1,0,1,0,0
2237.102841,1,1,0,0,1,1,1,1,1
2242.002486,1,0,0,1,1,1,1,1,1
2243.700991,1,0,1,0,1,1,0,1,1
2247.051054,0,1,1,0,0,0,1,0,1
2256.959038,0,0,1,0,1,1,1,0,1
2265.812908,1,0,0,1,1,0,1,1,1
2268.731263,1,1,1,0,0,1,0,0,1
2275.642400,0,1,0,0,0,1,1,0,0
2276.332986,1,0,1,0,1,1,0,1,1
2281.679364,1,0,0,0,0,1,1,1,1
2281.992833,0,1,1,0,0,0,1,1,1
2290.082196,1,1,1,1,1,0,1,1,0
2295.739773,1,1,0,1,0,1,1,1,0
2297.590705,1,0,1,0,1,1,0,1,1
2299.080526,0,0,0,1,0,0,1,0,0
2302.276974,1,1,1,1,0,0,1,0,0
2304.747607,0,0,0,1,1,0,0,0,0
2310.572200,0,0,1,1,0,0,1,1,1
2314.222470,0,1,0,0,1,0,1,0,0
2315.102779,1,1,0,1,0,1,1,0,1
2316.216251,1,0,1,0,0,1,1,1,0
2324.456036,0,1,0,0,0,0,1,0,1
2325.369353,0,0,0,0,0,0,1,0,0
2332.506790,0,1,0,1,0,0,1,0,0
2336.973219,1,0,0,1,1,1,1,1,0
2343.202832,1,0,0,0,0,0,1,0,0
2352.252055,1,1,0,1,1,1,1,0,0
2355.218690,0,1,1,0,0,1,0,1,0
2360.383016,0,1,1,0,1,1,0,1,0
2360.488992,0,0,0,1,1,1,0,1,1
2369.894151,1,1,0,0,0,1,1,0,0
2373.418114,0,1,1,1,1,1,0,0,1
2382.254372,1,1,0,1,0,1,1,0,1
2386.698041,0,0,1,0,1,1,0,1,1
2387.173248,1,0,1,0,1,0,0,1,0
2389.952673,0,1,1,0,0,1,0,1,1
2391.855751,0,1,0,1,1,1,1,1,0
2393.834454,0,0,1,1,1,0,1,1,0
2399.359942,1,0,0,0,1,0,1,1,1
2407.990216,0,0,1,0,0,0,0,0,1
2417.458919,0,0,0,1,0,1,1,0,1
2423.246930,0,1,1,1,0,0,0,0,0
2432.455934,1,0,1,0,1,1,0,1,0
2433.706809,0,0,1,1,1,0,1,0,1
2434.464036,0,1,0,0,1,0,0,0,0
2434.637136,1,0,1,1,1,1,1,1,1
2440.168309,0,1,1,1,0,0,0,0,0
2444.657264,1,0,0,1,0,0,1,0,0
2453.921356,0,1,1,0,1,1,0,1,1
2454.715229,0,0,0,1,1,1,0,0,1
2454.904889,0,1,0,1,0,1,0,0,1
2457.609396,1,1,0,0,0,1,1,1,0
2461.246396,1,0,0,0,1,0,0,1,0
2461.768177,1,0,1,0,1,1,1,1,1
2466.074302,0,1,0,1,1,0,0,0,1
2471.971041,0,0,1,0,1,1,1,1,1
2472.143698,1,1,0,1,1,0,1,1,0
2473.745746,0,0,0,0,0,1,0,0,1
2478.287576,1,0,0,1,1,0,1,0,0
2484.712995,1,1,1,0,0,0,0,0,1
2493.069169,1,1,0,0,1,1,1,1,0
2497.679799,1,0,1,1,1,1,0,0,1
2497.943931,1,0,0,1,1,0,0,0,1
2499.425587,1,0,1,1,0,0,0,0,1
2502.161740,0,1,0,0,1,1,1,0,1
2505.495740,0,0,0,1,1,1,1,0,1
2512.241979,0,0,0,1,1,1,1,0,0
2518.564186,1,1,1,0,1,0,0,1,1
2520.475823,0,0,1,0,1,1,0,1,1
2525.757985,0,0,0,1,0,1,0,1,0
2534.916318,0,1,1,0,1,1,1,0,1
2534.917318,1,1,0,0,1,1,1,1,0
2540.655449,0,1,1,0,0,1,1,1,0
2546.739449,1,1,1,1,0,0,0,0,0
2556.095737,0,1,0,0,1,0,0,0,0
2558.448418,0,0,1,1,0,1,1,0,1
2562.675515,0,1,1,0,0,1,0,1,0
2566.158657,1,0,1,0,1,0,0,1,0
2566.948569,0,0,1,1,0,1,0,1,0
2567.759990,0,0,1,0,0,0,0,1,1
2573.802052,1,1,0,1,1,0,1,1,1
2583.126019,0,0,0,0,0,0,0,0,1
2586.168382,1,1,1,1,1,1,1,1,1
2590.714382,0,0,1,0,0,0,0,0,0
2597.311319,1,1,0,1,0,0,0,0,0
2605.868462,1,1,0,0,0,0,0,0,0
2612.535462,0,1,0,0,1,0,1,1,1
2617.413206,1,0,1,0,1,1,1,1,0
2622.111317,1,1,0,0,0,0,1,0,0
2629.451870,1,0,1,0,1,0,0,0,0
2631.608343,0,0,0,0,1,1,1,1,0
2634.353896,0,1,0,0,0,0,0,1,0
2637.441544,1,0,1,1,1,1,0,0,0
2637.984658,0,1,1,1,0,0,0,1,1
2642.360221,1,1,0,0,0,1,1,1,0
2649.970901,0,0,0,1,1,1,1,0,1
2654.984769,1,0,1,1,0,1,0,1,0
2656.762451,0,0,0,1,1,1,0,0,0
2659.314078,1,0,1,1,0,0,0,0,1
2660.706691,1,1,0,0,1,0,0,1,0
2665.394722,0,0,1,0,1,0,1,1,0
2665.799722,0,0,0,0,0,0,0,0,1
2671.045231,0,0,0,1,1,1,0,1,0
2674.835806,0,0,1,1,0,0,0,0,0
2681.442206,1,0,1,1,1,0,1,0,0
2690.640147,0,1,0,1,0,0,1,1,0
2690.676480,1,1,1,1,1,0,0,0,1
2694.182392,0,1,0,0,0,0,0,1,0
2702.525415,1,0,0,1,1,1,0,1,1
2712.184540,1,1,1,1,0,1,0,0,0
2714.356752,1,1,0,1,1,0,1,0,0
2721.690352,0,0,0,0,0,1,1,0,0
2723.208166,0,0,0,1,1,0,0,1,1
2728.782379,1,1,0,1,1,1,0,0,0
2729.486011,1,1,0,1,1,1,1,1,1
2733.678900,1,0,0,0,0,0,0,0,0
2739.837700,0,0,0,1,1,0,0,1,0
2746.294747,0,0,1,0,0,1,0,1,1
2751.874360,1,0,1,1,0,1,1,1,1
2759.404218,1,1,0,0,0,0,1,1,0
2759.818614,1,1,0,0,1,0,0,0,0
2769.554090,0,1,1,1,0,1,1,0,0
2778.035993,0,1,0,1,0,0,0,0,1
2784.639121,1,0,1,1,0,0,1,1,1
2787.586846,1,0,0,1,1,0,1,0,0
2796.101280,1,0,1,1,1,1,0,0,1
2801.083332,1,0,0,0,1,0,0,1,0
2805.922557,0,1,0,1,0,1,1,1,0
2809.951932,1,1,1,0,0,0,1,1,0
2815.386732,0,0,0,0,1,0,0,0,0
2821.562938,1,0,0,0,0,1,0,0,1
2828.632197,0,1,1,1,0,1,0,0,0
2831.563417,0,1,0,1,0,1,0,1,0
2839.589092,0,1,1,0,1,1,0,1,0
2848.486051,0,1,1,1,0,1,1,0,1
2856.216008,0,0,1,1,0,0,0,1,1
2857.860679,0,0,0,0,1,1,1,0,1
2866.484670,0,1,0,1,1,0,0,0,1
2866.485670,0,0,1,0,0,1,0,1,1
2869.085616,1,1,1,1,0,1,0,1,1
2876.615001,0,0,1,1,0,1,1,0,0
2878.709808,1,1,0,0,1,0,0,1,0
2886.022577,1,1,0,1,0,0,1,0,1
2895.655766,1,1,0,1,1,0,1,1,0
2896.140589,0,1,0,0,0,1,1,1,1
2904.102331,1,0,0,1,0,1,1,0,1
2911.460620,0,1,0,1,1,1,1,1,0
2920.719953,0,1,0,0,1,1,1,1,0
2928.214850,1,0,0,1,0,0,1,1,0
2933.438000,0,1,1,1,0,0,1,1,0
2938.393050,1,0,0,1,1,1,1,0,1
2940.204767,0,1,0,1,0,0,1,1,0
2941.915313,0,1,0,0,0,0,1,1,1
2942.471813,1,1,1,0,1,0,1,0,0
2944.202262,0,1,0,1,0,1,1,0,0
2951.881431,1,0,1,1,0,0,0,1,1
2952.952987,0,0,1,1,1,0,0,1,1
2957.099302,1,1,1,0,1,1,0,1,0
2960.348384,1,1,0,0,1,0,1,0,0
2962.961368,1,1,1,1,1,0,0,1,0
2969.109613,1,1,1,1,1,1,1,0,0
2969.110613,1,1,0,1,1,0,1,1,1
2975.505267,0,1,0,1,1,1,1,1,1
2979.505867,0,0,0,1,0,0,0,0,1
2987.682279,0,1,1,0,1,1,0,1,1
2990.984611,1,0,0,0,1,1,0,1,1
2994.896785,1,1,0,0,0,0,0,0,1
3000.754073,0,0,1,1,1,1,1,0,1
3008.149731,0,1,0,0,1,1,0,1,1
3015.649981,1,1,0,1,0,0,0,1,0
3015.876522,1,0,0,1,1,1,0,0,0
3016.729455,0,1,1,1,0,0,0,0,0
3016.730455,0,1,0,0,0,1,0,1,0
3026.648496,1,0,1,0,0,1,0,0,0
3028.476236,1,0,1,1,0,0,0,0,1
3032.728308,0,0,1,0,1,0,0,0,0
3036.250551,0,1,0,0,1,0,1,1,1
3042.516484,1,0,0,1,0,1,0,1,0
3048.188559,0,1,0,0,0,0,1,0,0
3053.601862,0,0,1,1,1,0,0,0,0
3057.143177,0,0,0,1,1,0,1,1,0
3061.306441,1,1,0,0,1,0,0,1,1
3069.980816,1,1,0,1,0,1,0,1,0
3079.071816,0,0,1,0,1,1,1,1,1
3088.582976,0,0,0,0,0,0,1,1,0
3097.467549,1,0,0,1,0,0,1,1,1
3099.577182,1,0,1,0,1,0,1,1,0
3100.934211,1,0,0,1,1,0,1,1,0
3102.851395,1,1,0,1,0,1,0,0,0
3109.748257,1,1,1,0,1,0,0,1,1
3117.245069,1,0,1,0,1,1,1,0,0
3120.020066,0,1,1,1,0,1,0,0,1
3121.270941,1,0,0,0,0,0,1,0,0
3130.268176,1,0,0,0,1,0,1,1,1
3137.270595,0,0,0,0,0,1,1,0,1
3141.589345,0,0,0,0,0,0,0,1,1
3147.463883,0,0,1,0,1,1,0,1,0
3149.055633,1,0,0,1,0,1,1,0,0
3157.111792,1,0,0,1,1,1,1,1,1
3163.203235,1,1,0,0,1,0,0,0,1
3166.134976,0,0,1,0,1,0,1,1,1
3170.834302,1,0,1,0,0,1,0,1,0
3177.916306,0,1,0,0,1,0,1,1,0
3185.378925,0,0,0,0,0,1,0,0,0
3191.476876,0,1,1,1,1,1,0,1,0
3200.990814,0,1,1,0,1,0,0,0,0
3207.461755,1,1,1,1,0,1,1,0,0
3211.795655,1,0,1,1,0,1,0,1,0
3219.253974,0,0,0,0,1,0,1,0,1
3222.412553,0,1,1,1,0,0,0,1,1
3224.022859,0,0,0,0,0,1,0,0,1
3230.248237,0,1,0,0,1,1,1,0,0
3230.464784,1,1,1,1,0,0,0,1,1
3234.087043,1,1,0,1,0,0,0,0,0
3234.412686,0,0,0,1,0,0,0,0,0
3241.252731,1,1,1,0,1,0,1,1,1
3251.049912,1,1,1,0,1,1,0,1,1
3254.979090,1,0,0,0,1,1,1,0,0
3257.359274,0,0,1,0,0,1,0,1,0
3259.570579,0,1,0,0,1,1,0,1,0
3269.162946,0,1,0,1,1,0,1,0,1
3276.015307,0,1,1,0,0,0,0,0,1
3277.167795,0,0,0,1,0,1,1,0,1
3283.623846,1,1,0,1,1,0,1,1,1
3286.799132,1,1,0,1,0,1,0,1,1
3291.483207,1,1,0,0,1,1,0,1,1
3292.333179,0,1,1,0,1,1,0,0,0
3295.872447,0,0,1,0,0,0,0,1,1
3303.820021,0,1,0,0,0,0,1,0,1
3310.036205,1,1,0,0,1,1,1,1,0
3318.893462,1,0,1,1,1,1,0,1,1
3322.155725,1,1,1,0,1,0,1,1,0
3331.662104,1,1,0,0,0,0,1,0,1
3338.075019,0,1,1,1,1,1,1,0,0
3343.299712,0,0,0,1,0,0,0,1,0
3349.338067,1,0,0,0,0,0,0,0,0
3351.689579,0,1,1,1,1,0,0,1,1
3359.289819,0,1,0,0,0,1,0,0,1
3360.572742,1,0,0,1,1,0,1,1,0
3364.370830,0,1,0,1,0,0,1,0,0
3364.371830,0,0,1,0,0,0,0,0,0
3364.433284,1,0,0,0,1,0,0,0,1
3365.168552,0,1,1,0,0,0,0,0,1
3369.286787,1,1,1,0,1,1,1,0,0
3378.942785,1,0,0,0,1,1,1,1,0
3384.524179,1,1,0,0,0,0,1,0,0
3393.123045,0,0,0,1,0,1,1,1,0
3402.705751,1,0,0,1,1,1,1,0,0
3405.229388,0,0,0,1,1,0,1,1,1
3409.272537,1,1,1,0,0,0,1,0,1
3417.884536,0,0,1,0,1,1,1,1,1
3420.633353,1,0,1,0,0,0,1,1,0
3422.755676,1,0,0,1,0,1,0,0,0
3425.593271,1,0,1,1,0,0,1,0,0
3427.594071,0,1,0,1,1,0,1,0,1
3435.982468,0,0,0,0,0,1,0,0,0
3444.315968,1,1,1,0,1,0,1,1,1
3445.939082,0,1,1,1,0,0,0,1,1
3453.082224,1,0,0,0,1,1,0,0,0
3454.996909,1,0,0,1,0,0,0,1,0
3455.189862,0,1,0,1,0,1,1,1,1
3455.347765,0,1,0,1,1,0,1,1,1
3460.611396,1,1,1,0,0,0,0,0,0
3462.097396,1,1,0,0,1,1,1,0,1
3462.098396,0,0,0,0,1,1,0,1,0
3465.977513,0,0,1,1,1,1,0,0,1
3467.382061,0,1,1,0,1,0,1,0,1
3471.034381,1,0,1,0,0,0,1,1,1
3478.765701,0,1,1,1,1,0,1,1,0
3482.394098,1,0,1,0,0,0,0,1,1
3489.697323,0,0,1,0,0,0,0,1,1
3496.063884,0,0,0,1,1,1,0,1,1
3503.349538,1,0,0,0,0,1,0,0,1
3505.825781,0,1,1,1,0,1,1,0,0
3509.312671,0,0,0,1,1,1,1,0,0
3513.984874,1,0,1,1,1,0,1,1,1
3519.086989,0,0,1,0,0,0,0,0,1
3522.240827,1,0,0,0,1,1,0,0,1
3524.526667,1,0,0,1,0,0,1,0,1
3532.981595,0,0,1,1,0,1,0,1,0
3540.881805,1,1,0,0,0,0,1,1,1
3542.488805,1,1,1,0,1,1,0,1,0
3544.555212,0,1,0,0,1,0,0,1,1
3545.778312,0,0,1,1,1,1,1,0,0
3552.008197,1,1,0,1,1,1,1,1,0
3553.061724,0,1,1,0,0,0,0,1,0
3554.527873,1,0,0,1,1,0,1,1,0
3563.927933,1,0,0,1,0,1,0,0,0
3571.124475,1,0,0,0,0,1,0,0,0
3574.900607,0,1,1,1,0,1,0,0,0
3575.755181,0,1,1,1,1,1,1,0,0
3581.947614,1,0,0,0,1,1,0,0,1
3583.859534,1,1,0,1,1,0,1,1,0
3592.638066,0,0,0,0,1,1,1,1,1
3595.799285,1,1,0,1,0,0,1,1,0
3597.167669,0,1,1,0,0,1,1,1,1
3601.180244,1,0,0,0,1,1,1,0,1
3604.672958,1,1,0,1,1,1,1,1,0
3610.925007,0,1,1,0,0,1,0,1,1
3611.860493,1,1,0,1,0,0,1,0,1
3615.642136,1,0,1,1,1,0,1,1,0
3622.850954,1,1,1,1,0,1,0,0,0
3630.351204,1,1,0,0,1,1,1,0,1
3631.869909,1,0,1,0,0,1,0,1,1
3634.597909,1,1,1,1,0,1,0,0,0
3643.053619,1,1,1,1,0,0,1,0,1
3650.118133,0,1,0,0,0,1,1,0,1
3660.077977,0,1,0,1,1,1,1,0,1
3668.354745,0,0,1,1,1,1,0,1,1
3677.949106,0,0,1,1,1,1,0,0,1
3680.989017,1,1,1,1,1,1,1,1,0
3689.240941,0,0,1,0,1,0,0,0,0
3691.379928,1,1,0,1,1,0,0,1,0
3696.859832,1,1,0,1,1,0,1,0,1
3698.417027,0,0,1,0,1,1,0,1,1
3704.119211,0,0,1,0,1,1,0,0,1
3708.262056,1,1,1,1,1,1,1,1,0
3711.403587,0,1,0,1,0,1,0,1,1
3714.123613,0,0,1,1,0,0,0,0,0
3718.795199,1,1,0,1,0,1,0,1,0
3724.616823,1,0,1,0,1,0,1,0,1
3732.987356,0,0,1,1,0,1,1,1,0
3733.591432,1,0,0,0,1,0,0,0,0
3741.542456,1,0,1,0,1,1,1,1,0
3750.334399,0,1,1,0,0,0,0,0,1
3752.567821,1,1,0,1,0,1,1,1,0
3754.830647,0,0,0,1,1,0,0,1,0
3763.812419,0,0,1,1,1,1,1,0,0
3765.395181,1,1,0,0,0,0,0,0,1
3773.092149,1,0,1,1,0,0,1,1,0
3777.053427,1,0,0,0,0,0,1,1,0
3784.513681,1,1,1,1,0,1,1,0,1
3785.104592,0,0,0,0,1,0,1,1,1
3787.871639,1,0,0,1,1,0,1,1,0
3796.580255,1,1,1,0,1,1,0,0,1
3802.128645,1,0,0,1,0,1,1,0,0
3805.517736,1,1,1,1,0,1,1,0,1
3813.484478,0,1,1,0,0,0,1,1,0
3820.413356,0,0,0,0,0,0,1,1,1
3827.189041,0,0,1,0,1,1,0,1,1
3831.638576,0,1,0,1,1,0,0,0,1
3838.570701,1,1,1,1,0,1,1,1,0
3840.430489,0,1,1,0,0,1,1,1,1
3843.638715,1,0,1,0,1,1,0,1,1
3852.857184,0,1,1,1,1,1,0,0,1
3858.234153,1,1,1,1,1,1,0,1,0
3863.506365,1,0,0,1,0,0,0,0,0
3866.045971,1,1,1,0,1,0,1,1,0
3868.956964,0,0,0,1,0,1,1,0,1
3873.321164,0,0,1,0,1,1,0,1,0
3876.379002,1,1,0,1,0,1,0,0,1
3882.723905,0,0,0,1,1,0,1,1,1
3883.241707,1,0,1,1,1,1,0,0,1
3884.948346,0,0,1,0,0,1,0,1,0
3889.092982,0,0,0,1,0,1,1,1,1
3889.988553,0,0,0,0,1,1,0,1,0
3895.434301,1,0,0,1,0,0,1,0,0
3895.885707,0,0,1,0,1,1,0,0,0
3903.593037,1,0,0,1,1,0,1,0,0
3909.812593,0,1,1,1,1,1,0,1,0
3918.873642,0,0,0,0,1,1,1,0,0
3926.883669,1,0,1,0,1,0,0,0,1
3933.285413,1,0,0,0,0,1,0,1,0
3935.781707,0,0,1,0,0,0,1,1,0
3942.899343,1,0,0,1,0,0,0,1,0
3945.264638,0,0,0,1,1,0,0,1,1
3948.479602,0,0,0,1,1,1,1,1,0
3954.386554,1,0,0,1,0,0,0,0,0
3961.771431,0,1,0,0,0,0,0,0,1
3967.073625,0,1,0,0,1,1,1,0,1
3969.217268,0,0,0,1,0,0,1,1,1
3972.729028,1,0,0,1,0,0,0,1,0
3972.770346,0,1,0,0,1,0,1,0,1
3980.151560,0,0,0,0,0,0,1,0,1
3982.012213,1,0,0,1,0,1,1,1,0
3988.665934,0,1,1,0,0,0,1,0,1
3994.190191,0,1,0,0,0,0,0,0,0
3997.428962,0,1,1,1,0,0,0,0,1
3998.972016,1,1,0,0,1,0,0,1,1
4000.333571,0,1,0,1,1,1,1,1,0
4008.188571,1,0,0,1,0,0,0,0,0
4009.288362,0,1,0,1,1,0,0,0,1
4009.800493,1,0,1,1,0,1,0,1,1
4017.269101,0,0,0,1,1,1,0,0,1
4023.944132,1,0,0,0,1,0,1,0,0
4027.876778,0,0,0,1,0,0,0,0,1
4032.440667,1,0,1,1,0,1,0,0,1
4039.627807,0,1,0,1,1,1,0,0,0
4045.466732,0,0,1,0,0,1,0,0,1
4051.811184,1,0,1,0,1,1,1,1,1
4053.701844,1,1,0,0,1,1,0,1,1
4060.330752,1,1,1,1,0,1,1,1,0
4063.574671,0,1,0,1,0,1,1,1,1
4064.018809,1,0,0,1,1,0,0,0,1
4070.825515,0,1,1,1,0,0,0,1,1
4073.262169,0,0,0,0,1,1,0,0,1
4079.715172,1,0,0,0,0,1,1,1,0
4080.358965,0,1,0,0,0,1,1,0,1
4090.319022,1,0,0,0,0,0,1,1,0
4093.234304,1,0,1,1,1,1,1,0,1
4101.352139,0,1,0,1,1,1,0,0,0
4105.418667,1,1,1,0,0,0,1,0,0
4109.984798,1,0,1,1,1,0,0,1,0
4116.627469,0,1,0,0,0,1,1,0,1
4120.824030,0,0,0,0,0,0,1,1,1
4125.478451,0,0,0,1,1,0,0,1,1
4135.200701,1,1,0,1,0,1,1,0,0
4144.445381,1,0,0,0,1,1,0,1,1
4153.468678,1,0,0,0,0,1,0,1,0
4162.150980,1,1,0,1,1,0,1,1,1
4163.580409,0,1,1,0,0,1,0,0,0
4172.211006,1,0,0,1,1,1,1,1,1
4177.888457,0,0,1,1,1,1,1,1,1
4183.444457,1,0,0,1,0,0,1,0,1
4184.569198,1,1,1,0,1,1,1,0,1
4193.505475,0,0,1,1,0,1,1,1,0
4202.219889,0,1,0,0,1,0,0,1,0
4204.402925,1,0,1,0,0,0,1,0,1
4211.890155,1,0,0,1,1,0,1,1,1
4217.515593,1,0,1,1,1,0,1,1,0
4225.567147,1,1,1,0,1,0,0,0,1
4234.801562,0,0,0,1,1,0,0,0,1
4238.428573,0,1,0,0,0,0,0,1,1
4243.507436,1,0,1,0,0,0,1,0,1
4249.698293,0,0,0,0,0,1,0,1,0
4253.703152,0,1,0,0,0,1,1,0,1
4254.733949,0,0,0,1,1,0,1,1,0
4258.560190,0,1,1,1,0,0,1,0,1
4261.692913,0,0,1,0,1,0,1,1,0
4262.819927,0,1,1,1,0,0,0,0,1
4269.754390,0,1,1,0,0,0,0,0,1
4279.242393,0,1,1,0,1,1,0,0,1
4285.257436,1,1,1,0,1,0,0,0,0
4294.632498,1,0,0,0,1,0,0,0,1
4295.163531,1,0,0,0,0,1,0,1,0
4303.568863,0,0,0,0,1,1,0,1,1
4310.133955,1,1,1,1,0,0,1,1,0
4317.079715,0,0,0,0,1,1,0,0,1
4317.638150,0,0,1,1,0,1,1,1,1
4318.917671,1,1,0,1,1,0,0,0,1
4321.712912,1,1,0,0,1,1,1,0,1
4324.474283,1,1,1,0,0,0,0,1,0
4333.193419,1,0,0,1,1,1,1,0,1
4341.560249,1,1,1,1,0,0,1,0,0
4344.520594,0,1,1,0,0,1,1,0,0
4346.070112,0,1,1,0,1,1,0,0,0
4353.669297,1,0,1,1,1,1,0,0,1
4362.955082,0,0,0,0,1,1,0,1,1
4364.486541,1,0,1,1,1,0,1,1,0
4371.678603,1,1,1,1,0,0,1,1,0
4371.982030,0,1,0,0,0,1,1,1,0
4380.804674,1,1,1,0,1,1,0,1,0
4382.352092,1,0,1,1,1,1,0,1,1
4383.852322,1,1,1,1,1,0,1,0,1
4384.144555,1,1,0,1,0,1,1,1,0
4386.097741,0,1,1,0,1,0,0,1,0
4392.198690,1,1,1,0,0,0,1,0,1
4400.643967,0,1,1,0,1,1,1,0,0
4402.913397,1,1,0,1,0,1,1,1,0
4409.718025,0,0,0,1,0,1,1,0,1
4410.888263,0,0,1,0,0,0,0,1,1
4416.857659,1,0,1,0,0,1,0,1,1
4421.945329,1,0,1,0,1,0,0,0,1
4426.611177,1,1,0,1,0,0,1,1,0
4435.791892,0,0,1,0,0,0,0,1,1
4440.112798,0,0,1,1,1,1,0,1,1
4446.625038,0,1,1,0,1,0,1,1,0
4452.173952,0,1,0,1,1,1,0,1,1
4457.923417,1,0,1,0,0,0,1,0,1
4460.673633,1,0,1,1,0,0,1,0,0
4465.248644,1,1,0,1,0,0,1,0,0
4466.394780,1,1,1,0,1,1,0,0,0
4474.394980,0,1,1,0,1,0,0,0,1
4483.184727,1,1,0,1,0,1,1,1,0
4484.034448,0,1,1,1,1,1,1,0,0
4490.107834,0,0,1,1,1,0,0,0,0
4496.517459,0,0,1,1,1,0,1,0,1
4505.227806,1,0,1,1,1,1,0,1,0
4505.305721,0,1,1,0,0,1,1,0,1
4511.903356,1,1,0,1,0,1,0,1,1
4519.559192,0,1,1,1,0,1,1,0,1
4528.065566,0,1,0,1,1,0,0,1,0
4531.048723,1,1,1,1,0,0,0,0,0
4534.120617,0,0,1,1,0,1,1,1,0
4536.238341,1,1,1,1,1,1,0,0,1
4543.206386,1,1,1,1,1,0,0,1,0
4550.238646,0,0,1,0,1,0,1,0,1
4552.528891,1,1,1,1,0,1,0,0,1
4556.324061,0,0,0,1,1,1,0,0,0
4558.351002,0,1,1,1,0,0,0,0,0
4558.408366,1,1,0,1,1,0,1,1,0
4568.216645,0,0,0,0,0,1,1,1,0
4571.771506,1,0,0,1,1,1,1,0,0
4572.929846,0,0,0,0,1,0,1,0,1
4574.500610,0,1,0,0,0,1,1,0,1
4583.888427,1,1,1,1,0,1,0,0,1
4584.299386,0,0,0,1,1,0,1,1,1
4585.669197,1,1,1,1,0,0,1,1,0
4588.186502,1,0,1,1,1,0,1,1,1
4593.410347,1,0,0,0,0,0,0,1,1
4601.500426,0,1,0,1,1,0,0,1,0
4604.883083,1,0,0,1,1,0,0,0,0
4609.734141,1,0,1,0,0,1,1,0,0
4610.884451,0,0,1,1,0,1,0,0,1
4612.147951,1,1,0,0,1,1,1,1,1
4613.643055,0,0,1,1,0,1,0,0,0
4620.443375,1,0,0,0,0,0,0,1,0
4627.213245,0,1,1,1,1,0,1,1,1
4630.992175,0,1,0,1,0,1,1,0,1
4633.616442,0,1,1,0,1,0,0,0,0
4637.860404,1,1,0,1,1,0,1,1,1
4646.406004,1,0,1,1,0,0,0,1,1
4652.690232,1,1,0,1,0,0,1,1,1
4660.774931,1,1,1,1,0,0,1,0,1
4670.321643,1,1,0,0,1,0,0,0,1
4671.260049,0,0,1,1,1,1,0,1,1
4678.703132,0,1,1,1,1,0,1,1,1
4681.219804,0,0,1,0,1,1,1,1,0
4682.225377,0,0,1,1,1,0,1,0,0
4686.077343,0,0,1,0,0,0,0,0,1
4688.223651,1,0,1,1,0,0,1,1,0
4697.497582,1,0,1,1,0,1,1,1,1
4697.858395,1,1,0,0,0,0,1,1,0
4701.388454,1,1,1,0,0,1,0,0,0
4707.343057,1,0,0,0,0,1,1,1,0
4709.474991,1,0,1,1,0,0,1,1,0
4712.125161,1,0,0,1,0,1,0,0,1
4714.625911,1,1,0,1,1,1,1,1,1
4719.930728,0,0,1,1,1,0,1,0,1
4723.784803,0,1,1,1,0,1,1,1,0
4729.230420,1,1,1,0,0,1,1,0,1
4729.280434,1,1,0,1,1,0,1,1,1
4733.266716,1,1,0,0,1,0,0,0,1
4735.527300,0,1,1,1,1,0,0,0,1
4735.640807,1,1,1,0,0,0,1,1,0
4736.346112,1,1,1,0,0,1,0,1,0
4736.610244,0,1,0,0,1,0,1,0,0
4740.413145,1,1,0,0,0,0,1,0,0
4745.994982,0,1,1,1,1,1,1,0,0
4749.365359,0,0,1,0,0,1,0,0,1
4755.115784,0,0,1,0,0,0,1,1,1
4760.656136,0,0,0,1,1,0,1,1,1
4763.544171,0,0,1,1,1,1,1,0,1
4769.636516,1,1,0,1,1,0,0,0,1
4777.282799,1,1,0,1,1,1,0,0,1
4777.479379,1,0,1,0,0,1,1,1,1
4780.305418,1,1,0,0,0,0,0,1,0
4783.548971,1,0,1,0,0,0,0,1,0
4785.121242,0,0,1,1,1,1,0,1,1
4786.139434,1,0,0,1,1,1,0,0,0
4793.008434,0,0,0,1,0,1,0,0,1
4795.259209,0,1,0,1,1,0,1,0,1
4795.758085,1,1,1,0,1,0,1,0,0
4798.936134,1,1,1,0,1,1,0,1,1
4799.249603,0,0,0,1,0,1,1,1,0
4801.870533,1,0,1,1,0,0,1,1,1
4806.416533,1,0,0,1,1,1,1,1,0
4809.086042,0,1,0,0,1,1,0,0,1
4813.009209,0,1,1,1,0,0,0,0,1
4819.484971,0,0,1,1,0,1,1,1,1
4819.818164,1,0,0,1,0,0,1,0,0
4823.716538,1,0,0,1,0,1,1,1,1
4832.730721,1,1,1,1,0,0,0,1,0
4838.402796,1,0,0,0,1,0,0,0,0
4845.452271,1,0,0,1,0,1,1,0,0
4851.678139,1,0,0,0,0,1,1,0,1
4859.330195,1,0,1,0,1,1,0,0,0
4867.569936,0,0,0,0,0,0,0,0,1
4869.914451,0,0,1,1,0,1,1,1,0
4872.581851,0,1,1,0,1,0,1,0,1
4875.006851,1,1,0,0,1,0,1,0,1
4879.339912,1,0,0,0,0,1,1,0,0
4886.806832,0,0,1,0,1,0,1,1,1
4888.267276,1,1,1,0,1,1,0,1,1
4897.092842,1,1,1,0,1,0,1,1,0
4903.288874,0,1,0,1,0,1,0,0,0
4903.883036,0,1,0,0,1,0,0,1,1
4913.655138,0,1,0,1,0,1,1,0,0
4918.751170,1,1,0,0,0,1,0,1,0
4928.676920,0,1,1,1,0,1,1,0,1
4937.877581,1,1,1,0,0,0,1,1,1
4946.589831,1,1,1,0,0,1,1,0,1
4950.176680,1,0,1,0,0,1,1,1,0
4950.854637,0,0,0,0,1,1,0,0,1
4957.376724,1,1,0,0,1,1,1,0,0
4966.817640,1,0,1,1,0,0,1,1,0
4974.094032,0,0,1,1,0,0,0,1,0
4979.549032,0,0,0,1,0,0,0,0,0
4982.846406,0,0,1,0,1,0,1,0,1
4989.366091,0,0,1,0,0,1,0,1,1
4996.885423,1,1,1,0,1,1,0,0,1
5002.824694,1,0,1,1,1,0,0,0,1
5002.891766,0,0,1,0,0,1,0,1,0
5010.246291,0,1,0,0,1,0,1,1,1
5019.126403,1,1,0,0,0,0,0,0,0
5027.361874,0,1,0,1,1,0,0,1,1
5032.082899,0,1,0,1,0,1,0,1,1
5039.207369,0,1,0,0,1,1,1,1,1
5044.950254,1,1,0,0,1,1,1,0,0
5047.663198,1,0,0,1,0,1,0,1,1
5056.000773,1,1,1,1,0,0,0,0,1
5057.606551,1,0,0,1,1,0,1,0,0
5065.106801,1,1,1,1,1,0,1,1,0
5065.391863,0,0,1,0,1,1,0,0,0
5071.916219,0,1,1,0,0,1,0,1,0
5078.384657,0,0,0,0,1,1,1,0,0
5087.333418,1,0,0,0,0,0,1,0,0
5090.588809,0,0,1,1,0,1,1,0,1
5097.221404,0,0,1,1,1,0,1,1,1
5099.068625,1,1,1,0,1,1,1,0,1
5104.464516,1,0,0,1,1,1,0,1,1
5105.348430,1,1,0,1,1,1,1,1,0
5112.777258,0,1,0,1,1,1,1,0,0
5121.127939,1,1,1,1,0,1,0,1,0
5125.262384,0,1,0,0,0,0,0,1,1
5125.929984,0,0,1,0,1,1,1,1,0
5135.559650,1,1,1,0,0,0,1,0,1
5136.626117,0,1,0,0,1,0,0,1,1
5144.914577,0,0,0,0,0,1,0,0,1
5150.540014,1,0,0,0,1,1,1,0,1
5159.604557,1,1,0,1,0,0,0,1,1
5162.696157,1,1,0,1,1,0,0,0,0
5167.822695,0,1,1,0,1,0,0,1,0
5168.349958,1,1,0,1,1,0,1,0,0
5175.733397,0,0,1,1,1,0,0,1,0
5181.333837,0,0,1,1,1,0,0,0,0
5183.826056,0,1,0,0,0,0,1,0,0
5188.610482,0,1,1,0,1,0,1,1,0
5195.384998,0,0,1,1,1,1,1,1,0
5203.564792,1,0,1,1,1,0,1,1,0
5210.433068,0,1,0,1,0,0,0,1,1
5218.013955,1,0,1,1,1,0,0,1,1
5225.273489,0,0,0,0,0,1,0,0,1
5227.420137,0,0,1,0,0,0,0,1,0
5233.817556,0,0,1,0,0,0,0,1,1
5237.402427,0,0,1,0,0,1,0,0,1
5247.139295,1,1,0,1,0,0,1,0,0
5253.309613,1,0,1,1,1,1,1,1,1
5259.954244,1,1,1,1,0,0,1,1,0
5268.949880,0,0,1,0,0,0,0,1,0
5270.278783,1,0,1,1,0,1,0,0,0
5271.436692,0,0,0,0,1,0,0,1,1
5272.665943,0,1,0,1,1,1,0,0,0
5282.259892,0,0,1,1,1,1,1,1,0
5286.834348,0,0,0,0,1,0,1,0,1
5296.489555,1,0,0,1,1,0,0,0,1
5297.858839,1,1,1,1,0,0,1,0,0
5298.906092,1,1,1,0,1,1,0,1,0
5306.865233,0,0,1,0,0,0,0,1,1
5311.780996,1,0,1,0,0,1,1,1,0
5319.729315,1,1,1,1,0,1,1,1,0
5328.918585,0,1,0,0,1,1,0,0,0
5338.752120,0,0,0,0,1,0,1,0,1
5341.021800,1,0,0,0,1,1,1,1,0
5346.597243,0,0,0,0,1,0,0,0,1
5347.296913,0,0,0,1,0,0,1,1,0
5347.888987,1,0,1,0,1,1,1,0,0
5354.612719,1,0,1,1,0,0,0,0,0
5363.396624,0,0,0,0,1,1,0,1,1
5369.615490,1,0,1,1,0,0,0,0,0
5371.254657,1,0,0,0,1,0,1,1,0
5371.944363,0,1,1,0,1,1,1,1,0
5372.169700,0,0,1,1,0,1,1,1,0
5373.188495,1,1,1,0,1,0,0,1,1
5380.155212,0,0,1,0,1,0,1,0,0
5383.504501,1,0,1,0,1,0,0,1,1
5386.623469,1,1,1,0,0,0,0,0,0
5387.238247,1,0,0,0,0,0,1,0,0
5388.587713,0,0,1,0,1,0,1,1,1
5390.972780,1,1,0,1,1,1,0,0,1
5391.019230,0,0,1,1,0,1,1,0,0
5399.953661,0,0,1,1,1,0,1,1,0
5406.016002,1,1,1,1,0,0,1,1,0
5414.154989,1,1,1,0,0,0,1,1,1
5418.009771,1,0,1,0,0,0,0,1,1
5419.977055,1,1,1,0,1,1,0,0,1
5421.505680,1,1,0,0,1,1,0,1,1
5427.619605,0,1,0,0,0,1,1,1,1
5436.264429,0,0,1,1,0,1,1,1,1
5437.569647,0,0,1,0,0,0,0,0,0
5445.069897,0,1,1,1,0,0,0,0,0
5447.155736,0,0,0,0,1,1,1,1,0
5452.127068,1,1,0,1,0,1,0,0,0
5459.974173,0,0,0,1,1,0,1,0,1
5462.479301,0,0,0,0,0,1,1,1,0
5469.709440,1,0,1,1,1,0,0,1,0
5473.043440,1,0,0,0,1,0,0,1,0
5475.007434,1,1,0,0,0,1,0,0,1
5476.301234,0,1,1,1,1,1,1,0,0
5479.101954,1,0,1,0,1,1,1,0,0
5480.857165,0,0,0,1,0,1,1,0,1
5482.554965,0,0,0,0,0,1,0,0,1
5489.022072,0,1,1,1,1,1,0,0,0
5492.462606,0,0,0,1,0,1,1,1,1
5500.615944,1,1,1,0,1,0,0,0,0
5501.596438,1,0,0,0,0,1,1,1,1
5510.848383,0,1,0,1,1,1,0,1,0
5514.294416,1,0,0,1,1,1,0,1,1
5516.532035,1,1,0,1,1,1,0,0,0
5526.157657,0,1,0,0,0,1,0,0,0
5533.485860,1,0,0,1,1,1,1,1,0
5533.876793,1,1,1,1,1,1,0,1,0
5538.147029,1,1,0,1,0,0,0,1,0
5543.231252,0,0,1,1,1,0,1,1,1
5550.437414,0,0,0,1,1,0,1,1,0
5552.286056,1,0,1,1,1,1,0,1,0
5555.101900,0,0,1,0,1,0,0,1,0
5556.625590,1,1,1,1,0,0,1,0,1
5560.134619,1,0,0,0,0,0,0,0,0
5560.662950,0,1,1,0,1,1,0,1,0
5568.163200,0,0,0,0,0,0,0,0,1
5576.328521,1,1,0,1,0,0,1,1,1
5581.424797,0,1,1,0,1,0,1,1,1
5591.203753,1,0,1,1,0,1,1,1,1
5597.519911,0,1,1,1,0,0,1,0,1
5599.363337,0,0,0,1,0,1,0,0,0
5600.176321,1,0,1,1,0,0,1,0,1
5603.813321,1,0,1,0,1,0,0,1,0
5611.438558,1,0,1,1,1,0,1,1,0
5611.937918,0,0,1,0,1,1,0,1,0
5618.600080,1,0,1,1,1,1,1,0,0
5624.374312,1,0,0,0,1,0,0,1,1
5631.397082,1,0,1,1,0,0,0,1,1
5635.919270,0,0,0,1,1,1,1,1,0
5642.379251,0,0,1,0,1,0,1,0,0
5650.013233,1,1,0,0,0,1,1,0,1
5651.217816,0,0,1,1,1,0,0,1,0
5657.440416,1,0,0,1,0,1,0,1,1
5664.297873,0,0,1,0,1,1,1,1,0
5667.902574,1,1,0,1,0,0,0,0,0
5676.163617,1,0,1,0,1,1,1,0,0
5685.039183,0,0,1,0,0,0,0,1,1
5687.525257,0,1,0,1,0,0,1,0,0
5697.109299,1,0,1,1,1,0,1,0,1
5699.770852,1,0,0,0,1,0,0,1,1
5702.607389,0,0,1,0,1,1,1,0,1
5705.816624,0,1,0,1,1,0,0,1,0
5709.204059,0,1,1,0,0,1,0,1,0
5709.205059,1,0,0,1,1,0,0,0,1
5711.655814,0,1,0,1,1,0,1,1,1
5712.502554,1,0,1,1,1,0,0,0,1
5719.419162,1,0,1,0,0,1,0,1,0
5723.705448,1,0,1,1,0,0,1,0,0
5732.231236,0,1,0,0,0,0,1,0,0
5740.475686,1,0,0,0,0,0,0,1,0
5749.225811,0,1,0,0,1,1,0,1,1
5754.307699,0,1,1,1,1,0,1,1,0
5755.519515,0,0,0,1,0,0,1,1,1
5761.741782,1,1,1,0,1,0,1,1,0
5771.067995,0,1,0,1,1,0,1,1,0
5778.940232,0,1,0,1,1,0,0,1,1
5785.714748,1,0,1,0,1,1,0,1,1
5792.086792,1,1,1,1,1,1,0,0,0
5792.269592,0,0,1,0,0,1,0,1,1
5796.157486,1,1,1,1,1,0,0,0,1
5804.596557,0,0,1,0,0,0,1,0,1
5812.725267,1,1,0,1,1,0,0,1,1
5818.855685,0,1,0,0,0,0,0,1,1
5827.475757,0,0,0,1,0,1,0,0,0
5829.328025,0,0,1,0,0,0,0,0,0
5838.426828,0,0,1,0,0,1,1,0,0
5839.308138,1,1,1,1,1,0,1,0,1
5839.975738,1,0,0,1,1,0,1,0,0
5842.442616,0,1,1,1,0,0,0,1,1
5849.966523,1,1,0,0,0,1,1,0,1
5850.452650,1,0,0,0,0,0,0,1,0
5858.237128,0,1,0,1,0,1,1,0,0
5862.519350,0,0,1,1,0,1,0,0,0
5868.810044,0,1,0,0,1,0,0,0,1
5868.922144,0,0,1,0,0,1,1,0,0
5870.585768,0,1,1,0,0,0,1,0,1
5875.086318,0,1,0,0,1,1,1,0,1
5878.275405,1,1,0,0,1,1,0,1,1
5886.469418,1,0,0,1,0,1,1,1,0
5887.782140,0,0,0,1,1,0,0,0,1
5896.952183,1,1,1,0,0,0,1,1,1
5905.205835,0,0,0,0,1,0,0,1,0
5910.377992,0,1,1,0,0,1,0,1,0
5912.862545,1,0,0,1,1,1,1,1,0
5915.071913,0,0,0,1,0,0,1,0,1
5915.265201,1,1,1,0,1,0,1,1,0
5916.587208,1,1,1,1,1,0,1,1,1
5925.848365,1,0,0,1,0,0,0,0,0
5927.862046,0,1,1,1,0,0,0,0,0
5936.333815,0,0,0,1,1,0,1,0,0
5942.167565,1,1,0,0,0,0,1,0,0
5943.017901,0,0,0,0,1,1,1,1,0
5948.763584,0,0,1,0,0,1,1,1,0
5953.822218,1,1,0,0,1,1,0,1,0
5962.532024,1,1,1,1,1,0,1,0,1
5964.084593,1,1,0,1,1,1,0,1,0
5970.193230,1,1,1,0,1,0,1,0,1
5972.117114,1,0,0,1,1,1,0,0,0
5974.714392,1,1,1,0,1,1,0,0,1
5976.370399,1,1,1,0,0,1,0,0,1
5980.617206,0,1,0,0,0,1,1,0,1
5989.826907,0,1,1,1,0,1,1,0,0
5996.028585,0,0,1,0,1,0,0,1,1
6002.645155,1,0,0,1,0,0,0,1,0
6007.806929,1,1,0,1,1,1,1,0,1
6013.839072,0,0,1,0,0,0,0,0,0
6016.916687,0,0,0,1,1,1,1,0,0
6017.868087,0,1,0,0,0,1,1,1,0
6024.912179,1,1,0,0,1,1,0,1,1
6025.635650,1,0,0,0,1,0,0,0,1
6025.694447,1,0,0,0,1,1,1,0,1
6027.745982,0,1,0,1,0,1,1,1,1
6029.068991,0,1,0,0,0,0,0,1,1
6036.535911,1,0,0,0,1,0,0,1,0
6038.092311,1,1,1,1,1,1,1,1,0
6042.512869,0,1,1,0,0,1,1,0,1
6046.072017,1,0,0,0,0,1,0,0,1
6053.229588,0,1,1,0,1,0,0,0,1
6054.374026,1,0,0,0,0,0,0,0,0
6056.874776,1,1,0,1,1,1,0,1,1
6058.208162,0,0,1,1,1,1,1,1,0
6066.649613,0,0,0,1,0,1,0,0,1
6074.881834,0,0,0,0,0,0,0,1,0
6076.526505,0,0,1,0,0,1,1,1,1
6081.805788,0,0,1,1,0,1,0,1,1
6082.428347,0,1,1,0,0,1,0,0,0
6091.578759,0,1,1,0,0,1,0,0,1
6098.070587,1,1,0,1,1,1,1,0,0
6106.548248,0,1,1,1,0,1,1,1,1
6109.589348,1,0,1,1,0,0,0,1,0
6114.711130,0,1,0,1,1,1,0,1,0
6123.417624,0,1,0,0,0,1,1,0,1
6124.763668,1,1,1,1,1,1,1,0,1
6132.789755,1,1,1,1,0,1,0,0,1
6138.665167,1,1,1,1,1,1,0,0,0
6138.961755,1,0,0,0,1,0,1,1,1
6144.416755,0,1,1,0,0,1,0,1,0
6146.295616,1,0,1,1,1,1,1,0,1
6154.575671,0,0,0,0,1,1,0,1,1
6163.391579,0,0,0,1,0,0,1,1,1
6172.903823,0,1,1,1,0,0,1,1,1
6181.007664,0,1,0,0,0,1,0,0,0
6189.227020,0,1,1,1,0,1,1,0,1
6197.530937,1,0,0,0,1,1,0,1,0
6197.957426,1,0,0,1,1,1,1,0,1
6198.187536,0,1,0,0,0,1,0,0,1
6203.278936,1,1,0,1,0,1,1,1,1
6211.385320,0,0,0,1,0,1,1,1,1
6213.570826,1,1,0,1,1,1,0,0,1
6220.971466,0,1,1,1,1,0,1,0,1
6225.180938,1,0,1,0,1,0,0,1,0
6231.634199,1,0,1,0,0,0,0,0,0
6237.453826,1,1,1,0,0,1,0,1,0
6243.302456,1,1,0,1,0,0,1,1,1
6251.276316,1,1,0,0,1,1,0,0,0
6260.536318,1,0,1,1,1,1,1,0,1
6265.950855,0,1,0,0,0,1,1,1,1
6275.455137,1,1,0,0,0,1,0,1,1
6276.141596,0,0,1,1,1,0,1,0,1
6282.304480,0,1,0,0,0,0,0,1,0
6284.421547,0,1,1,0,1,0,1,0,1
6288.633948,0,1,0,0,1,0,0,1,0
6290.355424,0,0,1,0,1,0,0,0,1
6292.147628,0,1,1,1,0,1,1,0,0
6301.185381,1,0,0,1,0,0,1,1,1
6304.986001,1,1,0,1,0,0,1,1,1
6312.724323,1,1,0,0,0,0,0,0,0
6320.131989,0,0,1,0,1,1,0,0,0
6325.082989,1,1,0,0,0,1,0,0,0
6327.842334,0,1,1,0,0,1,0,1,1
6334.332985,0,0,0,0,1,1,1,1,0
6342.458173,0,1,0,1,0,1,0,0,1
6351.815150,0,0,1,1,0,1,0,0,1
6357.759218,0,1,1,0,0,0,0,0,0
6362.759718,0,1,1,1,0,0,1,0,0
6372.425023,1,0,1,1,1,0,1,0,1
6374.900265,1,0,0,1,1,1,1,0,1
6382.177426,1,1,1,0,1,1,1,0,1
6390.140592,0,0,0,1,0,0,1,0,1
6395.404224,0,0,1,1,0,1,0,0,0
6404.051654,0,0,1,0,0,1,0,1,1
6412.714578,0,1,0,1,1,0,0,0,1
6418.362682,0,0,0,1,1,0,0,0,0
6420.730309,1,1,1,0,0,1,1,1,1
6428.991353,0,0,1,1,1,0,1,1,1
6435.578995,0,1,1,1,0,0,1,0,0
6436.563940,1,0,1,0,0,0,1,1,1
6443.326853,1,0,0,1,0,1,0,0,1
6451.253197,1,0,1,1,1,1,0,0,1
6457.442690,1,1,0,1,1,0,1,1,0
6461.493672,0,0,1,0,1,1,0,1,1
6464.396590,0,0,1,1,0,1,1,1,1
6470.302512,0,0,0,0,1,1,1,1,0
6475.777417,1,1,0,1,0,1,1,0,0
6482.667360,1,0,0,0,1,1,0,1,1
6486.239431,0,1,0,1,1,1,1,0,1
6492.698119,0,0,0,1,0,0,0,0,1
6494.274482,1,0,1,0,0,0,1,1,1
6501.663632,1,0,0,0,1,0,0,1,0
6508.108176,1,1,0,1,1,1,0,0,1
6509.023371,1,0,0,0,0,1,1,1,1
6518.230092,0,0,0,1,1,1,0,1,0
6527.831272,1,0,0,0,1,1,0,1,0
6530.347509,1,1,1,1,1,0,0,1,0
6533.860744,1,0,0,1,0,0,1,0,0
6538.715627,1,1,0,1,1,0,0,1,1
6546.572985,1,0,0,1,1,0,1,1,1
6547.976283,0,0,1,1,1,1,1,0,0
6553.117076,0,1,1,1,1,1,0,1,1
6560.845100,1,0,0,0,1,1,1,0,0
6561.712680,1,1,1,0,0,0,1,1,0
6565.998965,1,0,0,0,0,1,0,0,1
6570.364252,0,1,1,1,1,1,1,1,0
6578.002284,1,0,1,1,1,0,1,0,0
6584.979886,0,1,1,1,0,1,1,1,1
6591.482748,0,0,1,1,1,1,1,1,0
6592.091960,1,1,1,0,1,1,0,0,0
6597.763125,0,0,0,1,0,1,0,0,1
6598.067125,1,1,1,1,1,0,1,0,0
6602.332857,1,0,1,0,0,1,1,1,0
6606.933397,1,0,1,1,1,0,0,1,1
6611.197930,1,1,1,0,1,1,1,1,0
6612.544950,0,0,1,1,1,1,0,1,1
6614.088349,0,1,0,0,0,1,1,0,1
6616.477014,1,0,0,0,0,0,1,1,1
6621.136889,0,0,1,0,0,1,0,1,1
6626.637339,0,1,0,1,1,1,1,1,1
6633.149315,1,1,0,0,0,1,1,1,1
6642.155439,0,1,0,0,0,1,0,0,0
6649.249103,1,1,0,0,0,0,0,1,0
6658.653037,1,0,0,1,0,0,1,0,0
6666.247618,0,0,1,1,0,1,0,0,0
6667.557280,0,1,0,0,1,1,1,0,1
6676.158374,1,0,0,1,1,1,0,1,0
6679.001195,1,1,0,0,0,0,0,1,1
6685.043258,0,1,0,1,0,0,0,0,1
6685.730463,0,1,0,1,1,0,1,1,1
6687.764628,1,0,0,1,0,1,0,0,0
6691.939017,1,1,0,1,1,1,1,0,0
6700.139197,1,0,1,0,1,0,1,1,1
6704.487589,0,1,1,1,1,0,0,1,0
6714.370641,1,0,1,0,0,0,0,0,0
6715.916202,1,0,0,0,0,0,1,1,0
6720.940101,0,1,0,0,1,1,0,0,1
6724.092537,1,1,0,0,1,0,1,1,1
6727.204621,0,1,1,1,0,1,1,0,1
6729.888969,0,0,0,1,1,0,0,1,1
6730.750468,1,1,0,0,1,0,1,1,0
6737.334832,1,1,1,0,1,0,0,0,0
6742.335332,1,0,0,1,1,1,1,1,1
6749.879437,1,1,0,0,1,0,0,1,1
6754.849265,0,1,1,0,1,1,0,0,0
6761.286403,0,1,0,1,0,1,1,1,0
6767.125142,0,1,1,1,1,0,1,1,1
6769.528780,0,0,0,1,0,1,1,1,1
6774.566590,1,0,0,0,0,0,0,1,1
6775.053863,1,1,1,0,0,1,1,0,1
6781.307536,1,0,0,0,1,0,0,0,0
6785.418738,1,1,1,0,1,1,1,0,0
6790.660177,0,0,0,0,1,0,1,0,1
6796.630319,1,0,0,0,1,1,0,1,1
6799.204852,0,1,0,1,0,0,1,0,0
6808.878797,0,1,1,1,0,1,0,1,1
6816.728111,0,0,0,1,0,0,0,0,1
6825.078276,1,0,1,1,0,1,0,1,1
6827.668303,1,0,0,0,1,1,1,1,1
6835.024337,1,1,1,1,1,1,0,0,0
6838.114916,0,1,1,1,1,1,0,1,0
6840.807954,0,0,0,0,0,1,0,1,1
6843.098676,1,1,0,1,1,0,1,0,1
6848.508773,0,0,1,1,0,0,1,0,1
6853.150743,0,0,1,0,0,0,1,0,0
6861.988697,0,1,0,0,1,1,1,0,0
6862.556272,0,0,0,1,0,1,0,1,1
6869.631033,1,1,0,0,0,0,0,1,1
6874.631533,0,1,0,1,1,1,1,1,0
6879.182078,1,0,0,1,1,0,0,0,1
6883.182678,1,0,0,1,0,1,1,1,1
6888.847669,1,1,0,0,1,1,1,1,1
6890.524417,0,1,1,0,0,0,1,1,1
6900.449797,0,1,0,0,0,1,0,0,0
6906.720011,1,1,1,0,0,0,0,0,0
6915.667485,0,1,0,1,1,0,0,1,1
6919.662499,1,0,1,1,1,1,1,0,1
6929.592698,0,1,1,0,1,0,1,0,1
6934.803261,1,0,1,0,1,1,1,1,0
6943.064305,0,1,0,0,0,1,0,1,1
6943.445013,1,1,0,1,1,0,1,1,0
6947.308556,1,1,1,0,0,0,1,0,1
6951.514514,0,1,1,1,1,1,1,1,1
6958.510782,0,0,1,1,0,1,0,1,0
6963.277661,1,1,1,1,0,1,1,0,0
6970.599357,1,1,0,0,1,1,0,1,1
6974.322112,1,1,1,0,0,1,0,0,0
6983.334556,0,0,1,1,1,0,1,0,0
6988.709065,0,1,1,1,0,1,0,0,0
6991.201962,1,0,0,1,0,1,0,1,1
6998.478499,0,0,1,1,0,0,1,0,0
7006.409740,1,0,0,1,1,1,1,1,0
7011.578343,1,1,0,0,0,0,0,0,0
7012.901962,0,0,0,0,1,1,0,0,1
7019.721178,0,1,0,0,0,1,0,1,1
7024.709394,0,0,1,0,0,0,0,0,0
7030.320298,1,1,1,0,1,1,0,0,1
7032.803319,1,1,0,0,1,0,0,0,0
7036.117941,0,0,1,0,0,0,1,1,0
7038.933031,1,1,1,1,1,1,0,0,1
7044.906285,0,0,1,1,1,0,1,1,0
7053.032993,1,0,1,1,0,1,0,0,0
7062.190972,0,1,1,0,1,1,1,1,1
7063.915402,1,1,1,0,0,0,1,1,1
7072.927975,1,0,1,0,0,1,0,0,0
7082.322708,0,0,1,0,1,1,1,0,1
7087.902098,0,0,0,0,0,1,0,1,0
7088.923829,0,1,1,1,1,0,1,1,1
7089.331174,1,0,1,1,1,0,1,0,1
7095.511073,0,1,0,1,1,0,1,1,1
7098.200880,1,1,0,1,1,0,0,1,0
7107.367630,1,0,1,1,1,0,1,0,1
7108.403009,0,1,1,1,0,0,0,0,0
7109.821870,1,0,1,0,0,0,1,0,0
7111.762761,0,0,1,0,0,1,1,1,1
7112.595436,1,1,0,0,1,1,0,1,0
7114.262936,1,0,1,1,0,0,0,1,1
7116.115603,1,0,1,0,0,0,0,1,0
7117.676731,0,1,0,0,1,1,0,0,0
7117.813771,0,0,1,1,0,0,0,1,0
7123.159281,0,1,0,0,0,0,1,0,1
7124.199932,0,0,1,0,0,0,0,0,1
7125.146396,1,0,0,1,1,0,1,1,0
7128.073933,0,1,1,0,1,0,0,1,0
7130.861540,0,0,1,0,1,0,0,1,0
7140.507117,1,0,1,0,1,0,1,1,1
7140.508117,1,1,1,1,0,1,1,0,1
7141.484630,0,0,0,0,1,1,0,1,1
7143.549594,1,0,1,0,0,1,1,0,0
7149.858587,1,1,0,0,1,0,0,0,1
7158.498429,1,0,0,0,1,1,1,1,1
7164.661414,0,1,1,1,1,0,1,0,1
7172.507783,1,0,0,0,1,1,0,0,1
7178.054080,0,0,1,1,0,0,0,0,1
7182.832759,1,0,0,1,1,1,1,0,1
7184.373862,0,1,0,1,0,1,0,0,1
7187.915178,0,1,0,0,0,0,1,0,1
7189.092531,1,0,0,0,1,1,0,1,1
7196.781837,1,0,0,1,0,1,1,1,1
7205.598210,1,0,1,1,0,1,1,0,0
7213.805937,1,0,0,1,0,1,1,1,1
7216.833879,0,0,0,1,0,0,1,1,1
7221.389537,0,0,0,0,1,0,1,0,0
7224.168037,0,0,0,0,1,1,1,0,0
7224.929830,1,1,0,1,1,0,0,1,1
7232.669994,1,0,1,0,0,0,0,0,1
7242.135696,0,1,0,1,0,0,0,1,1
7251.255281,0,1,0,1,1,1,0,0,1
7257.112318,1,1,1,1,1,1,0,1,1
7260.945534,1,0,1,0,1,1,1,1,1
7264.884725,0,0,0,0,0,1,0,0,1
7266.990777,0,0,1,0,0,0,0,1,0
7269.053615,0,1,1,1,1,0,0,1,0
7275.878445,0,1,0,0,0,0,1,1,0
7280.189033,0,0,1,0,0,1,1,1,0
7283.403997,1,0,0,1,0,1,1,0,0
7284.784169,1,0,1,0,1,0,1,0,1
7285.330228,1,0,0,0,1,0,0,0,0
7294.639053,0,0,0,0,0,0,0,1,0
7298.656044,1,0,1,0,0,0,0,1,1
7299.680752,1,1,0,0,1,0,1,1,0
7304.267280,0,0,1,1,0,1,0,0,0
7310.669906,0,0,1,1,0,1,1,0,1
7318.130893,1,0,1,0,1,0,0,0,0
7318.131893,1,1,1,1,1,0,1,1,1
7323.179293,0,0,0,0,0,1,1,0,0
7331.305464,0,1,0,1,1,1,1,0,1
7335.851464,0,1,1,0,0,0,1,0,1
7343.834771,1,0,1,1,1,1,1,0,0
7350.288327,1,0,1,0,1,1,1,1,0
7356.177627,1,1,1,0,0,0,1,1,0
7362.279966,1,0,0,0,1,1,0,0,1
7371.325705,0,1,0,1,1,1,1,0,0
7381.180088,0,0,1,0,1,0,1,1,1
7383.470276,1,1,0,0,1,1,0,0,1
7389.175667,1,0,1,1,0,1,1,1,1
7391.132993,1,1,0,1,1,0,1,1,0
7397.107660,0,1,0,0,1,0,1,1,1
7401.723583,1,1,0,1,1,1,1,0,0
7402.215331,1,0,0,1,1,1,1,1,0
7403.049581,1,0,0,1,1,1,1,0,0
7410.095331,1,0,0,0,1,0,1,0,0
7414.774226,1,0,0,0,1,0,1,0,0
7424.300767,1,0,1,1,0,1,1,1,0
7426.471042,1,1,0,1,0,0,0,1,0
7432.068966,1,0,0,1,0,0,1,1,1
7436.671875,0,1,1,1,1,1,1,0,1
7437.633633,0,0,1,0,0,1,1,0,0
7443.261642,0,1,1,0,0,1,0,1,1
7447.156418,0,0,0,1,1,1,0,1,1
7447.242637,0,0,0,1,1,1,0,1,0
7454.117950,1,0,1,1,1,1,1,0,1
7462.190870,0,0,0,1,0,1,1,1,0
7470.745586,0,1,0,0,0,0,0,0,1
7471.583712,0,0,0,1,0,0,0,0,1
7475.697565,0,1,0,0,0,0,0,0,0
7483.427185,1,0,0,1,1,0,0,1,1
7491.381935,0,0,0,0,0,1,0,1,0
7500.528588,1,1,1,1,1,1,0,1,0
7509.716375,1,1,1,1,1,1,0,0,1
7511.730904,1,1,1,1,1,0,0,1,1
7514.240613,1,1,0,0,1,1,0,0,1
7514.746449,0,0,0,1,0,0,0,1,1
7522.206162,1,0,1,1,0,0,0,0,0
7523.054535,0,0,1,0,0,0,0,0,1
7523.431220,1,0,0,0,1,1,1,0,0
7523.553567,0,1,1,1,0,0,0,0,1
7529.948486,1,1,0,0,1,0,1,1,1
7536.846386,0,0,0,1,0,0,0,0,0
7540.588509,0,1,0,0,0,0,1,1,0
7544.151244,1,1,1,1,0,0,0,0,0
7553.280843,0,0,0,0,1,0,0,1,0
7560.060597,1,0,0,0,0,1,1,0,0
7564.994790,1,0,0,0,1,1,1,1,1
7572.016067,0,0,0,0,1,0,1,0,0
7572.811690,1,1,0,0,1,0,1,1,0
7578.048852,1,0,0,1,1,1,0,1,1
7581.696248,0,1,1,1,0,0,1,1,1
7586.902538,1,1,1,1,1,0,1,0,0
7591.512833,0,1,0,0,0,0,1,1,0
7600.817350,1,1,1,1,0,1,1,1,0
7603.838881,1,0,1,1,0,1,1,0,0
7604.600039,0,1,1,0,0,0,0,0,0
7605.015076,0,1,0,1,1,0,0,1,0
7608.957591,0,0,1,0,1,0,0,1,1
7617.802328,0,0,0,0,0,0,0,1,0
7622.480279,0,0,0,0,0,1,1,1,0
7626.446024,1,0,1,0,0,1,0,1,0
7629.022366,1,0,0,1,0,1,0,0,1
7636.131863,1,1,1,1,1,1,0,1,0
7639.005902,1,1,0,1,0,0,1,1,0
7643.921665,1,0,1,0,0,0,1,0,0
7650.588665,0,0,0,1,0,0,1,0,1
7654.448502,1,0,1,0,1,1,1,0,1
7660.086044,1,1,0,0,1,1,1,0,0
7662.956579,0,0,0,1,1,0,1,1,0
7668.206224,0,0,1,1,0,0,1,0,1
7669.284702,1,0,0,1,0,1,1,0,1
7676.177321,0,0,1,0,1,0,1,0,0
7678.317845,1,1,1,1,0,1,0,1,1
7681.808800,0,1,0,0,0,1,0,0,0
7684.809500,0,1,1,0,1,1,0,1,1
7692.502039,0,0,1,0,0,1,0,1,1
7693.808641,0,1,1,1,1,1,0,0,0
7700.612131,1,1,0,0,0,0,0,1,0
7705.236324,1,1,1,0,1,1,0,1,0
7709.905627,1,1,0,1,1,1,1,1,1
7711.514994,1,0,0,0,0,0,0,1,0
7718.846303,0,1,1,1,1,1,1,0,0
7720.154723,0,0,1,0,1,1,0,1,0
7725.155223,0,0,0,0,1,0,1,0,0
7728.756899,0,1,1,1,1,1,0,1,0
7735.128943,1,1,1,0,0,0,0,1,0
7740.276487,1,1,1,1,1,1,1,0,0
7740.315651,1,0,1,1,1,1,1,1,0
7745.787046,1,0,1,0,0,0,0,0,1
7752.856305,1,1,0,1,1,0,1,1,0
7758.339785,1,0,0,0,0,1,1,1,0
7767.040821,0,1,0,0,1,1,0,0,0
7773.773543,0,0,1,1,0,1,0,1,1
7782.125356,1,1,1,1,0,0,1,0,1
7789.104456,1,0,1,1,0,0,1,1,0
7793.235478,1,1,1,0,1,0,1,0,0
7801.475945,0,0,1,0,1,0,0,0,1
7806.129436,1,0,1,1,1,1,1,0,0
7806.130436,1,1,0,0,1,1,1,1,1
7808.333051,0,0,1,1,1,0,1,0,0
7809.001491,1,1,0,1,1,1,1,1,1
7815.668491,0,0,1,1,0,1,0,0,1
7823.035166,0,1,1,0,0,1,0,1,1
7827.659135,1,0,1,0,0,1,0,1,0
7829.802778,1,0,0,0,1,1,1,0,0
7830.794670,0,0,0,1,1,0,0,0,1
7834.188187,0,1,1,0,1,1,1,1,0
7836.434472,1,1,0,0,0,1,1,1,0
7844.772440,0,1,1,1,0,0,1,0,0
7844.859006,1,1,1,0,1,1,0,1,0
7849.499372,0,0,0,0,0,0,1,0,0
7849.706963,1,1,1,0,0,0,0,1,1
7859.361034,1,1,1,0,0,0,1,0,0
7861.474499,1,0,0,0,0,0,1,0,0
7870.400620,1,0,0,1,0,0,1,1,1
7876.439478,1,1,1,1,1,1,1,1,1
7879.243702,0,1,1,1,1,1,1,0,1
7885.010792,1,1,0,1,1,0,1,1,0
7894.033112,0,0,0,0,0,1,0,1,1
7903.115482,1,1,1,1,1,0,1,0,1
7912.797043,1,1,0,1,0,0,1,0,1
7916.280282,1,1,0,0,1,0,0,0,0
7923.868528,1,1,1,1,1,0,1,1,0
7927.983170,1,0,0,1,1,0,0,0,1
7934.768501,0,0,1,1,0,1,0,0,0
7942.832797,1,0,0,0,0,1,1,0,0
7943.423450,1,1,1,0,0,1,1,1,0
7946.332656,1,0,0,0,1,1,1,1,1
7954.166807,1,1,1,0,0,0,1,1,1
7960.444957,0,1,0,1,0,1,1,1,1
7960.622839,1,0,1,0,0,1,0,1,0
7966.699567,0,0,0,1,1,0,1,1,1
7973.521077,1,1,1,0,0,1,0,0,1
7978.982626,0,0,0,1,0,1,0,0,1
7985.205226,0,0,0,0,1,0,1,1,0
7989.194669,0,1,1,1,1,1,0,1,0
7997.505949,0,1,0,1,1,0,0,0,1
8004.608713,1,0,0,1,0,1,1,0,0
8012.934603,1,0,0,0,1,1,0,0,1
8014.792381,1,0,1,0,0,1,1,1,1
8022.535969,0,0,1,0,0,0,0,0,1
8024.621703,1,0,0,1,1,0,1,1,1
8029.005826,0,1,1,1,1,1,1,0,0
8034.494443,1,1,1,0,0,1,1,0,0
8043.725289,1,0,1,0,0,1,0,1,0
8051.910726,1,0,0,1,0,0,1,1,1
8058.244426,0,1,1,1,1,0,0,1,1
8062.706518,0,1,0,0,0,1,1,0,0
8068.764915,1,0,0,1,0,1,0,0,0
8072.309678,0,0,0,0,1,0,0,1,1
8075.765617,0,1,1,1,1,0,0,1,1
8080.440885,1,1,0,0,1,0,1,1,1
8090.399164,1,0,0,1,1,1,1,1,1
8094.148512,1,0,0,0,1,0,1,0,0
8102.929122,0,1,1,1,1,0,0,1,1
8107.778122,0,0,1,1,0,1,0,1,0
8109.080579,1,1,1,0,1,0,1,0,0
8117.820058,0,1,0,1,1,0,0,0,0
8121.265158,0,0,1,0,0,1,0,1,0
8130.009576,0,1,0,1,1,1,0,1,0
8137.522451,1,0,1,1,1,0,1,0,1
8145.392338,1,1,0,0,0,1,1,0,1
8147.031290,0,0,0,0,0,0,1,1,0
8156.252286,0,0,0,0,1,0,1,1,1
8162.919286,1,1,1,0,0,1,0,0,0
8164.395548,1,0,1,1,1,0,0,1,1
8171.480308,1,1,1,1,1,1,1,1,0
8179.288747,0,0,0,1,1,0,1,1,0
8186.280917,1,1,1,1,1,0,0,0,0
8189.720059,0,1,0,1,1,1,1,0,0
8193.884465,0,1,0,0,0,1,0,0,0
8196.398875,0,1,0,0,1,0,1,0,1
8203.204031,0,0,1,1,1,0,1,1,0
8212.916519,0,1,0,1,0,0,0,0,1
8217.604551,1,0,1,0,0,1,0,1,1
8221.113972,1,1,1,0,1,0,1,1,1
8228.337134,0,1,1,0,0,1,0,1,1
8233.110796,1,0,1,1,0,0,1,0,1
8237.206625,1,1,0,0,0,0,0,0,0
8238.196415,1,0,1,0,1,1,1,0,1
8241.747272,1,1,1,0,1,1,1,0,0
8248.356054,0,0,0,1,1,1,1,1,1
8250.184209,0,0,0,0,1,0,1,1,1
8257.483749,0,1,1,1,1,0,1,1,1
8263.809874,0,1,0,1,0,1,1,0,1
8269.738259,1,1,1,1,0,1,1,1,1
8273.651911,1,1,0,1,1,1,0,1,0
8278.272573,1,0,1,1,1,1,0,0,1
8279.899026,0,0,0,1,0,1,1,1,0
8287.708053,0,1,0,0,1,1,1,1,1
8295.997984,0,1,0,0,0,1,0,1,0
8299.944950,1,0,1,0,0,0,0,0,1
8305.636699,1,0,0,1,0,0,0,1,1
8310.201001,0,1,0,0,0,1,1,0,1
8320.144984,1,0,0,1,0,1,0,0,1
8320.711584,0,1,0,1,1,1,0,1,1
8321.258848,1,1,1,0,1,1,0,0,1
8327.173477,1,0,0,1,0,1,1,0,0
8333.871921,1,1,0,1,0,0,0,0,1
8338.414591,1,0,1,0,0,0,1,0,1
8347.296282,1,1,0,1,0,1,0,1,1
8347.330137,1,0,1,1,0,1,1,0,0
8349.800242,1,1,1,1,1,1,1,0,1
8350.527747,0,0,0,0,0,0,1,0,0
8353.926466,1,1,0,0,0,1,0,0,0
8355.587949,1,0,0,1,1,1,1,0,0
8356.578612,0,1,1,1,1,0,0,1,0
8356.620816,0,0,1,1,1,0,0,1,0
8358.260166,1,1,0,1,0,0,1,1,0
8359.354531,0,1,0,0,1,1,0,0,1
8362.994873,0,1,0,0,1,1,1,1,0
8369.079771,1,1,1,0,0,1,0,0,0
8374.271928,0,1,1,1,0,0,0,0,0
8383.354860,0,0,0,0,1,1,0,1,1
8390.782503,1,1,0,0,1,1,1,0,0
8397.946111,0,0,0,0,0,1,1,0,0
8406.207154,1,1,1,0,0,0,1,1,0
8416.062241,1,1,1,0,1,1,0,0,0
8424.790328,0,1,0,1,0,1,0,1,1
8431.665640,0,1,0,0,0,1,1,0,1
8440.325717,0,0,1,0,1,0,1,1,0
8442.935152,1,1,1,0,1,0,0,0,0
8448.480768,0,0,0,1,0,0,0,0,0
8451.741516,0,1,1,0,1,0,1,1,1
8455.075516,1,1,1,0,1,1,1,0,0
8459.083335,0,1,0,0,1,0,0,1,1
8464.183672,0,0,1,1,0,1,1,1,1
8468.811868,1,0,1,0,1,1,0,1,1
8473.898225,1,0,1,1,1,0,1,1,1
8478.237774,0,0,0,1,1,0,0,0,1
8481.325058,1,1,0,1,0,1,1,0,1
8486.579946,0,0,0,0,1,1,1,0,0
8493.594807,1,1,1,0,0,0,0,1,0
8500.236934,1,0,1,1,0,0,0,1,0
8500.530792,1,1,1,0,1,1,0,0,1
8502.171968,0,0,1,1,0,0,1,0,0
8510.512745,0,1,0,1,1,0,1,0,1
8517.542745,0,1,0,1,0,0,0,0,1
8519.134759,0,1,0,1,1,0,0,1,0
8527.332364,1,1,0,1,0,0,0,1,0
8532.421351,1,0,0,1,1,0,1,0,1
8541.288131,0,0,1,1,1,1,1,1,0
8543.171583,1,1,1,1,1,0,0,1,1
8551.097643,0,0,0,0,1,0,1,0,0
8560.136200,1,1,0,1,0,1,0,1,1
8562.401125,1,0,1,0,0,0,1,1,0
8572.061303,1,1,0,1,1,0,1,1,1
8576.465729,0,0,0,0,0,1,1,1,1
8582.836463,0,0,1,1,0,0,1,1,0
8591.828812,0,1,0,0,0,0,1,1,1
8594.526833,1,0,0,1,1,0,1,1,1
8600.560379,1,0,0,0,1,1,1,1,1
8609.640930,0,1,1,0,0,0,0,0,1
8614.708090,0,1,1,0,1,1,0,0,0
8618.120634,0,0,1,1,1,0,1,1,0
8627.024399,0,1,0,0,1,1,1,0,1
8629.679366,1,0,1,0,0,0,0,1,0
8636.108294,0,1,1,0,1,0,0,0,0
8636.187656,1,1,0,0,1,1,0,1,0
8642.801811,0,1,1,1,1,1,1,1,0
8646.503841,0,0,1,1,0,0,1,0,1
8651.742412,1,1,1,0,1,1,0,0,1
8654.790727,1,0,1,0,1,0,0,0,1
8660.957777,1,0,0,1,0,1,1,0,0
8661.822888,1,1,0,1,1,0,0,0,0
8671.587617,1,1,1,0,0,0,0,1,0
8673.179367,0,1,0,1,1,1,0,0,1
8675.739710,1,0,0,1,1,0,1,0,0
8680.891710,0,1,0,1,1,0,0,1,0
8687.975948,0,1,0,1,1,1,1,1,0
8692.642257,1,0,0,0,0,1,0,0,1
8694.788058,1,0,1,0,1,0,1,0,1
8702.159749,1,0,1,0,1,0,1,1,0
8710.114499,0,1,0,1,1,0,1,1,1
8713.585635,0,0,0,0,1,1,1,1,1
8721.342513,0,1,1,1,1,1,1,0,1
8723.899367,1,1,1,0,0,1,0,1,0
8732.054574,0,0,1,0,0,1,0,0,1
8740.801687,0,1,0,1,0,0,1,0,0
8748.389868,1,1,1,1,0,0,1,0,0
8754.528764,1,0,0,1,1,0,1,0,0
8762.898158,0,0,1,0,0,1,0,0,0
8772.805288,0,0,1,1,1,0,1,0,1
8779.579229,0,0,0,1,1,1,1,0,0
8782.362560,1,1,0,0,1,0,0,0,0
8790.857334,1,0,0,1,0,0,0,1,1
8793.258094,1,0,0,1,1,1,1,1,0
8800.656412,1,1,1,1,1,1,1,1,0
8809.545412,1,0,0,1,0,1,0,1,0
8813.484833,1,1,1,1,1,0,0,1,1
8816.117149,1,0,0,1,0,0,0,0,0
8821.211355,1,0,0,0,0,0,0,1,0
8822.812829,1,1,0,0,1,0,0,1,1
8829.894971,1,0,0,1,1,0,1,0,0
8837.345518,0,0,0,0,0,1,1,0,0
8842.908663,1,0,1,1,0,1,0,1,0
8845.943842,1,1,0,0,1,1,1,0,0
8854.878657,0,1,0,1,0,1,1,1,1
8858.373283,0,0,0,0,1,0,1,0,0
8867.840792,1,0,0,1,1,1,0,1,0
8868.728228,0,1,1,0,0,1,0,0,0
8878.518214,0,1,0,0,1,0,1,0,0
8884.132371,1,1,1,1,1,0,1,1,0
8887.547664,0,1,1,0,0,1,0,0,0
8887.548664,1,1,0,1,1,1,1,1,0
8896.437664,0,1,1,0,1,0,0,0,1
8901.095574,0,0,0,0,0,1,0,1,1
8907.773222,1,1,1,0,0,0,0,0,1
8914.827243,1,1,1,1,1,1,1,0,0
8924.154043,0,0,0,0,1,1,1,0,1
8933.667605,1,0,0,0,1,1,1,0,0
8937.916701,1,0,1,0,1,0,0,1,1
8938.995437,1,0,1,0,0,1,0,1,0
8947.575603,0,0,1,0,0,0,0,0,1
8953.658333,1,1,1,1,1,1,1,1,0
8953.802790,0,1,1,1,0,0,0,0,1
8960.287517,0,0,1,1,0,1,0,0,0
8969.668110,0,1,1,1,0,1,0,0,0
8972.270890,0,0,1,1,0,0,0,0,0
8980.616380,0,0,1,0,1,1,0,0,0
8981.117330,0,0,1,1,0,0,0,1,1
8983.718275,0,1,0,1,1,0,1,0,1
8986.502354,0,1,1,1,0,1,1,0,1
8990.391280,0,0,0,1,0,0,1,0,0
9000.088716,0,1,0,1,0,0,0,0,0
9004.618880,0,1,1,0,1,1,0,0,0
9010.213026,1,1,0,1,1,0,1,0,1
9018.527801,0,0,0,0,0,0,1,0,0
9022.163703,0,1,0,0,0,0,0,1,0
9023.014618,1,0,0,0,0,0,0,1,1
9031.239095,1,0,1,0,0,0,1,1,1
9037.776658,1,0,1,0,0,0,1,1,1
9044.651971,0,1,0,0,1,1,0,1,0
9048.267067,0,1,0,0,0,0,0,0,0
9056.127543,0,0,1,1,1,1,1,1,1
9063.771457,0,1,1,0,0,0,1,0,0
9068.885153,1,0,1,1,0,1,1,1,1
9075.731708,1,1,0,1,0,1,0,1,1
9082.369407,0,0,0,1,0,1,0,1,1
9083.612887,0,1,1,1,0,1,0,0,0
9090.257518,1,0,0,0,1,0,1,0,0
9097.547789,1,1,1,1,0,1,1,0,0
9099.301064,1,1,0,0,0,0,1,1,0
9101.567848,1,0,1,0,0,1,0,1,0
9101.568848,1,0,0,0,0,1,1,1,0
9111.407944,0,1,0,0,1,1,0,1,1
9115.538966,1,1,0,0,0,1,1,1,1
9124.987420,0,0,1,0,0,0,1,0,1
9132.987620,1,1,0,0,1,1,0,1,0
9141.796150,0,0,1,1,1,0,0,0,0
9151.382062,0,0,1,1,0,0,0,1,0
9152.038734,0,0,1,1,1,1,1,0,0
9158.953936,0,0,0,1,1,1,0,0,0
9168.777802,1,1,0,1,0,0,0,1,0
9169.884820,0,1,0,0,0,1,0,0,0
9171.096772,1,0,0,0,1,1,1,0,1
9174.913645,1,1,0,0,0,1,0,0,1
9176.075243,1,1,1,1,1,0,1,0,1
9180.269372,1,0,1,1,1,1,1,1,1
9186.685393,1,1,0,1,0,0,1,1,1
9192.700210,1,1,1,0,0,1,0,1,0
9196.251670,1,1,1,0,0,1,0,1,1
9205.232404,0,1,1,0,1,0,1,0,0
9212.110187,1,1,0,1,1,0,1,0,1
9219.771027,0,1,1,0,0,0,0,0,0
9223.335684,0,0,1,1,0,0,0,1,1
9228.374251,1,0,0,1,1,0,1,1,0
9230.207952,0,0,1,1,0,0,0,0,1
9232.429674,1,0,0,1,0,0,1,0,0
9237.827570,1,0,1,0,1,1,0,1,1
9240.152556,0,1,1,1,0,0,1,1,1
9247.034588,1,0,1,0,0,0,1,1,1
9253.501107,0,0,0,0,0,0,1,0,0
9259.227506,1,1,0,0,1,0,1,0,1
9263.923468,0,1,1,1,0,0,1,1,1
9269.340593,1,0,1,1,1,0,0,0,1
9276.686113,0,1,1,1,0,1,1,0,1
9286.495656,0,1,0,1,1,0,1,1,0
9286.816624,1,1,0,1,0,1,0,1,1
9290.567249,0,1,1,0,0,0,0,1,0
9298.688352,1,1,1,1,0,0,0,0,1
9301.026074,1,0,1,1,0,0,0,1,0
9310.604176,1,0,1,1,1,0,0,1,1
9315.633575,1,0,1,1,0,1,1,0,1
9318.322478,0,1,0,1,1,0,1,0,0
9323.317732,0,1,1,0,1,0,1,0,1
9324.966507,0,1,1,0,1,1,1,0,1
9327.859028,1,0,0,0,0,1,0,0,1
9328.944825,0,1,0,1,0,1,0,0,0
9337.781148,1,1,0,1,0,0,0,0,1
9338.862180,0,0,0,1,1,0,0,0,0
9344.275482,0,0,1,0,0,0,1,1,1
9348.513347,0,0,0,1,0,0,0,1,0
9354.462990,0,0,0,0,1,0,1,1,1
9359.556074,0,1,0,0,0,1,1,1,0
9365.078910,0,0,0,0,1,0,0,1,0
9373.564584,1,0,1,1,0,0,1,1,1
9383.318495,1,1,1,0,1,0,0,1,1
9385.995042,1,0,1,0,0,1,0,1,0
9392.558579,0,1,0,1,0,1,0,1,1
9394.951813,0,0,1,1,1,0,1,0,1
9397.192848,0,1,0,0,0,1,1,1,1
9397.905679,1,0,0,0,1,1,1,1,1
9407.832465,0,0,1,0,1,1,0,1,0
9410.427876,1,0,0,0,0,1,1,1,0
9416.321903,1,0,0,1,1,0,0,1,0
9420.600826,1,0,1,1,0,0,1,1,0
9429.032755,0,0,0,1,1,1,1,0,0
9437.715813,1,1,0,1,1,0,1,1,1
9442.287486,1,1,0,1,1,1,1,0,1
9442.288486,1,1,1,1,0,0,1,0,0
9447.401935,0,0,1,1,1,1,1,0,1
9454.619042,0,1,1,1,0,0,1,1,1
9459.777897,0,1,1,1,1,0,1,1,1
9467.375153,0,0,1,0,1,1,1,1,0
9468.897127,1,0,0,1,1,0,0,0,1
9474.091230,1,1,0,1,1,0,0,0,0
9477.460959,1,0,1,1,1,0,0,0,0
9477.461959,0,1,1,1,0,0,1,0,0
9484.295803,1,0,0,0,0,1,0,1,1
9490.997031,0,1,0,1,1,1,1,1,1
9495.858656,1,1,0,1,1,0,1,1,0
9501.935149,1,0,0,0,0,1,0,1,0
9504.312149,0,1,1,0,0,0,0,1,0
9510.222538,0,0,0,0,0,1,1,0,1
9512.775487,0,1,0,1,0,0,0,1,1
9519.930944,0,0,1,1,0,1,0,1,1
9524.604374,1,0,1,0,1,0,0,0,0
9529.604874,0,0,0,0,0,0,0,0,1
9536.804279,1,0,1,1,0,0,0,0,1
9543.981195,1,0,1,0,1,0,1,0,0
9545.726701,0,0,0,1,1,1,1,1,1
9552.803917,0,0,0,1,1,1,0,0,0
9561.798100,0,0,1,1,0,1,0,0,1
9566.033683,0,1,1,0,0,1,1,1,1
9575.507420,1,1,1,0,0,1,0,0,0
9575.508420,0,1,1,1,1,1,0,1,0
9584.288239,1,1,0,0,0,1,1,1,1
9588.749320,1,1,0,1,1,1,0,1,1
9591.164527,1,1,1,0,1,0,1,1,0
9597.378239,1,1,1,0,0,1,1,0,1
9602.957628,0,0,1,0,0,1,0,0,1
9605.793788,0,0,1,1,1,0,0,1,1
9612.198642,1,1,0,1,1,0,1,1,1
9619.478914,0,0,1,0,1,1,1,1,0
9624.203368,1,1,1,0,1,0,0,0,1
9629.389034,0,1,1,1,0,1,0,0,0
9629.445278,0,1,0,0,1,1,1,1,1
9632.382665,0,1,0,0,1,1,0,1,1
9636.767113,1,0,0,1,1,1,0,0,1
9640.901033,1,0,0,0,0,0,1,0,1
9649.170437,1,0,0,1,1,1,0,0,0
9656.902419,0,1,1,0,1,1,1,1,0
9665.098802,1,0,0,1,0,0,1,1,1
9666.906850,0,0,1,0,1,0,1,1,1
9669.062473,1,0,0,1,0,0,0,0,1
9674.869344,0,0,0,0,1,1,0,1,1
9678.196437,0,1,1,1,1,1,0,0,0
9684.515823,0,1,1,0,0,1,0,1,1
9687.040842,0,1,1,0,0,1,0,0,1
9692.257606,1,0,1,0,0,0,1,0,1
9699.022635,0,1,0,0,1,0,1,1,1
9704.667401,0,0,1,1,0,1,0,0,1
9707.274523,1,1,1,1,0,0,0,0,0
9714.206869,1,1,0,0,0,1,1,1,0
9723.254583,0,0,0,1,0,1,0,1,0
9730.338208,1,1,0,0,1,0,1,0,0
9732.519033,1,0,0,1,1,0,0,0,1
9732.814122,0,1,1,0,1,0,0,0,0
9738.438519,0,1,1,1,1,1,1,1,0
9743.872189,0,0,1,1,0,0,1,1,1
9752.433081,0,0,0,0,0,1,1,0,1
9753.446413,0,1,1,0,0,1,0,1,1
9762.844063,1,0,1,1,0,1,0,0,1
9763.362253,1,0,1,0,0,1,0,0,1
9766.306681,1,1,0,0,1,1,1,1,0
9768.363644,0,0,0,0,0,1,0,1,0
9777.197094,1,0,1,1,1,0,0,1,1
9782.301032,1,1,1,1,1,0,1,1,0
9789.574032,0,1,0,0,1,1,0,0,0
9795.982555,1,0,0,1,1,0,0,1,0
9804.317845,0,0,1,0,0,1,1,1,1
9809.301511,1,1,0,0,0,0,0,1,0
9809.746015,1,1,1,0,1,0,1,0,1
9815.681381,1,1,0,1,0,1,1,1,0
9822.963207,1,0,1,1,1,0,1,0,1
9823.791630,0,0,0,0,1,0,1,0,0
9828.043702,0,0,0,1,0,1,0,0,1
9834.074061,1,0,0,1,1,1,0,1,0
9842.157154,1,1,0,1,1,1,1,0,0
9849.173701,0,0,1,0,0,0,0,1,0
9858.022665,0,1,0,0,0,1,1,0,1
9862.410323,1,1,1,0,0,1,1,0,0
9867.899146,0,0,0,0,0,0,1,1,1
9871.976992,1,1,0,1,0,0,1,1,0
9874.986443,0,0,1,0,1,1,1,1,0
9879.429343,0,1,0,0,1,1,1,0,0
9886.795460,1,1,1,0,1,0,1,0,1
9889.066172,0,1,1,0,1,0,0,1,1
9893.950873,0,0,1,0,0,0,0,0,1
9903.242372,1,0,1,0,0,0,0,0,1
9906.482485,0,0,1,1,0,1,0,1,0
9908.011110,0,1,0,1,1,1,1,1,0
9911.511760,1,1,0,0,1,0,0,0,1
9917.653225,1,0,1,0,0,1,1,0,1
9922.216269,0,1,1,1,1,0,0,0,0
9922.217269,1,1,1,1,1,0,1,1,1
9929.276386,1,0,0,1,1,1,0,1,1
9939.244440,0,0,0,1,0,1,0,0,1
9942.578440,0,1,1,1,0,0,1,0,1
9946.529663,0,1,1,0,0,1,1,0,1
9953.284164,1,0,0,1,0,1,1,0,1
9962.870769,1,1,1,1,0,0,0,1,1
9965.967058,1,1,1,1,1,0,0,0,0
9967.144411,1,1,0,1,0,0,1,1,1
9975.582701,0,1,0,0,0,0,1,1,0
9978.067795,0,0,1,1,1,1,1,0,0
9982.829439,0,1,1,1,0,1,1,0,0
9987.323382,0,0,0,1,0,1,1,0,1
9992.031291,0,0,1,0,0,1,1,0,0
9994.446498,0,1,0,0,1,1,1,1,1
9996.073102,0,0,0,0,0,1,1,1,0
