t,finish1,finish2,finish3,release1,release2,release3,start1,start2,start3
5.795455,1,0,0,1,0,1,1,0,0
14.663727,0,0,0,0,1,0,0,0,1
16.127627,0,0,1,1,0,1,1,0,0
16.356525,1,0,0,1,0,1,0,0,0
19.886584,0,1,0,0,0,1,0,1,1
29.140390,1,1,0,0,1,0,1,1,0
37.711961,0,0,0,1,1,0,0,1,0
45.785548,1,0,1,1,0,1,1,0,1
46.204334,0,0,1,1,0,0,1,0,1
51.505233,1,0,0,1,0,1,0,0,1
57.093909,1,0,1,0,1,0,1,0,1
66.629559,0,1,0,0,0,1,1,1,1
69.608985,0,0,0,1,1,0,0,1,0
71.132466,1,0,0,1,0,1,0,0,1
72.401233,0,0,1,1,1,0,0,0,0
74.799535,1,1,0,1,1,1,1,0,0
76.190680,0,0,0,0,1,1,1,1,1
85.897587,1,0,0,1,1,0,1,1,1
95.421971,1,1,1,1,0,0,0,1,0
99.666136,0,0,1,0,1,0,1,0,0
106.981675,0,0,0,0,0,1,0,0,1
116.858231,1,1,0,1,0,0,0,0,0
124.401212,1,0,0,0,1,0,1,0,0
127.683377,1,1,0,0,0,0,1,0,0
136.244672,1,0,1,0,0,1,1,0,0
139.102529,0,0,1,0,1,0,0,1,1
147.765820,1,0,1,1,0,1,1,1,0
147.839277,0,1,1,0,0,0,0,1,1
154.579934,0,0,1,1,0,1,0,1,1
164.392160,1,1,1,0,0,1,1,0,1
167.086768,0,1,0,1,1,1,1,1,1
173.753768,1,1,1,1,1,0,1,1,0
179.866833,1,0,0,1,1,0,0,1,0
188.270748,0,1,1,0,1,0,1,0,0
196.410955,1,1,0,0,0,1,0,0,1
199.900911,0,1,0,1,0,0,1,1,0
209.388142,0,0,1,0,0,1,0,0,1
214.288149,1,0,0,0,1,0,0,1,0
216.532661,1,1,1,1,0,1,1,0,1
224.333392,0,1,1,1,1,1,1,0,0
233.095068,0,0,0,0,0,1,0,1,1
238.720506,0,1,1,0,1,1,0,1,1
246.469872,0,1,1,0,1,0,0,1,1
252.279115,1,1,1,1,1,1,0,0,0
253.320473,0,1,0,1,0,0,1,1,0
262.019314,0,1,1,1,1,0,1,1,0
270.566708,1,1,0,0,0,1,1,0,1
279.760338,0,0,1,0,1,0,0,1,0
285.583540,0,0,0,1,0,0,0,0,0
293.649771,1,0,1,0,0,1,0,0,1
298.014742,1,1,1,1,1,1,1,1,1
300.237742,1,1,1,1,1,1,0,0,1
303.601735,1,0,0,0,1,0,1,1,0
305.123051,0,1,0,0,0,1,0,1,1
305.847170,1,0,0,1,0,1,1,0,0
314.287693,0,1,1,1,1,0,0,0,1
315.468062,0,1,1,0,1,0,1,1,0
325.202602,0,1,0,0,0,0,1,1,0
328.110288,1,0,1,0,1,0,0,0,1
330.290398,1,0,0,1,0,0,1,1,0
332.601261,0,0,1,0,1,1,0,0,1
333.699835,0,0,0,1,0,1,0,0,0
338.625217,1,0,0,1,0,0,0,0,0
344.771213,1,1,0,1,0,0,1,1,1
349.065901,0,1,1,0,1,1,1,0,0
357.527593,0,1,0,0,1,0,0,1,0
366.374971,1,0,0,1,1,0,1,1,0
372.035782,0,0,1,0,0,0,1,1,1
376.782786,0,0,0,0,0,1,0,0,1
377.548528,0,1,1,1,0,1,1,0,0
379.843416,1,1,0,0,0,0,0,0,1
385.864222,0,1,0,0,1,0,0,1,0
392.095129,1,0,1,1,1,1,0,1,1
397.765418,1,0,0,1,1,1,1,1,0
399.972830,1,0,0,0,1,1,1,0,0
406.730456,1,0,0,0,1,1,0,0,1
416.027162,0,0,1,1,0,1,0,1,0
418.311975,1,0,1,0,1,0,1,0,0
423.251505,0,1,1,0,0,1,0,0,1
427.635100,1,0,0,1,0,0,1,1,1
430.969100,1,1,0,1,1,1,1,1,0
437.729988,1,1,0,1,1,0,1,1,0
438.091312,0,0,1,1,1,0,1,1,0
441.938081,1,1,1,1,1,1,1,0,1
449.338341,1,1,1,1,1,0,0,1,1
455.483305,1,1,0,0,0,0,1,1,1
461.718401,1,0,1,1,1,1,1,1,1
468.129016,1,1,0,1,0,0,1,0,0
474.783626,0,1,0,1,0,1,1,1,0
476.383889,0,0,0,1,1,0,1,0,0
484.605544,1,0,0,1,0,0,1,1,0
485.145909,0,0,1,0,1,1,0,0,1
494.600734,0,0,0,1,1,1,0,1,0
501.433349,0,1,0,1,0,0,1,0,0
507.241628,1,1,1,0,0,0,1,0,0
512.258962,0,1,0,1,1,1,1,1,1
516.996330,1,0,1,0,0,1,0,0,0
517.080138,0,1,0,0,0,0,0,1,0
521.164154,1,1,1,0,0,0,0,0,1
526.934598,1,1,0,1,1,0,1,0,0
531.720833,1,1,0,1,1,1,0,1,1
533.688241,1,1,1,1,0,1,0,0,0
542.364844,0,0,0,1,1,1,0,1,1
544.153375,1,1,0,0,1,0,1,1,0
549.919815,1,1,0,0,1,0,1,1,1
558.655236,0,1,0,0,1,0,0,0,1
567.803512,1,0,0,0,0,0,1,1,1
576.644208,0,0,0,1,1,0,0,1,0
581.635796,0,1,1,0,0,1,0,0,0
582.350283,1,0,1,0,0,1,1,0,1
590.292966,0,1,1,0,0,0,0,1,1
597.510986,0,0,0,0,1,0,0,0,1
598.043848,1,0,0,1,1,1,1,1,1
605.277240,0,1,0,0,0,1,0,0,1
607.525206,1,0,1,1,0,1,1,1,1
613.950851,1,1,0,1,1,1,1,1,1
616.395046,0,0,0,0,1,1,0,1,1
622.786941,0,1,0,0,1,1,0,1,1
632.236032,1,0,0,1,1,1,1,0,0
640.353867,1,0,0,1,0,1,1,1,0
641.203491,0,1,0,1,1,0,1,0,1
645.209981,1,1,1,1,1,0,1,1,0
647.718019,0,1,1,0,0,0,0,0,0
651.817988,0,0,1,0,0,1,0,1,0
660.316928,0,0,1,1,0,1,1,0,1
668.974306,0,1,0,0,0,1,0,0,1
675.249750,1,0,1,1,1,1,1,1,0
675.630459,1,0,1,1,0,1,0,0,1
681.365151,0,1,1,1,0,1,0,0,0
685.038438,1,0,1,1,0,0,0,0,1
689.716390,1,0,1,1,0,0,1,0,1
691.105353,0,0,0,0,0,1,1,0,0
693.259656,0,1,0,0,1,1,0,1,0
698.404770,1,1,1,0,0,0,0,0,1
698.587901,1,1,1,0,1,0,1,1,1
703.336917,0,0,0,0,1,0,1,1,0
704.171167,0,0,0,1,0,1,0,0,0
712.627310,0,0,0,0,1,0,0,0,0
721.906228,1,1,1,0,1,1,0,1,0
728.221252,0,0,1,0,0,0,0,1,1
732.958620,0,1,1,1,1,1,1,0,0
736.034248,1,0,0,0,1,1,1,1,0
741.705220,0,0,0,1,0,1,0,0,0
742.028768,0,0,0,1,0,0,0,0,1
750.284942,0,1,1,1,0,0,0,0,1
750.373763,0,0,0,1,0,1,1,0,0
755.942388,1,0,1,1,1,0,0,0,1
761.831869,1,1,1,1,0,0,1,1,0
762.472805,1,1,0,1,1,0,1,1,1
767.473305,1,0,1,1,0,1,0,0,1
771.284772,0,1,1,1,1,0,0,1,1
776.899246,0,0,0,1,1,0,1,0,0
778.468034,0,0,1,1,0,1,0,1,1
783.085640,1,1,0,0,0,0,0,0,1
788.455966,1,0,0,0,0,1,1,0,0
789.716099,0,0,1,0,1,1,0,1,1
797.729543,0,1,0,1,1,1,0,1,1
800.067266,1,1,1,0,1,0,1,1,1
804.158211,0,0,1,1,0,0,0,1,0
804.260211,1,1,0,1,0,0,1,0,1
809.984776,0,0,0,0,1,0,1,1,0
810.754930,0,1,0,0,0,1,1,0,0
816.302821,1,1,1,0,1,0,1,1,1
822.102541,1,0,1,0,1,0,1,0,0
824.139950,1,1,0,1,1,1,1,1,0
826.769146,1,0,1,0,1,0,1,0,1
828.525236,0,1,0,0,0,0,0,0,0
828.863446,1,0,0,1,0,1,0,0,1
832.721627,0,1,0,0,0,1,1,1,0
838.980504,0,1,0,1,0,1,1,0,0
846.317454,1,0,0,1,1,0,1,0,1
850.626324,1,1,1,0,0,1,0,1,1
851.924086,1,1,1,0,0,1,1,1,1
855.484052,0,0,1,1,0,0,1,0,0
859.286325,1,1,0,1,0,1,0,0,1
868.484518,1,0,1,0,1,1,0,0,1
869.391943,1,0,1,0,1,0,0,1,0
878.770536,0,1,1,1,0,0,0,0,0
881.174123,0,0,1,0,1,0,1,1,0
885.643588,0,1,1,0,0,0,0,1,0
888.827167,1,0,0,0,1,0,1,1,1
892.855542,1,1,1,1,1,1,1,1,1
899.975476,1,0,1,0,1,1,0,1,0
901.187566,0,0,1,1,1,0,1,0,1
901.714829,1,1,1,0,1,0,1,0,0
906.489014,1,0,1,1,0,1,0,1,0
915.022494,0,0,0,0,0,0,1,1,1
919.193931,0,0,0,0,1,1,0,1,1
924.881386,0,0,1,0,0,1,0,0,1
934.626378,0,1,0,1,0,1,1,0,1
937.973940,1,1,0,1,1,1,1,1,1
947.175409,0,1,1,0,0,1,0,0,0
956.873113,1,1,1,1,0,1,0,0,0
964.106592,1,1,1,1,1,1,0,0,0
969.335960,0,0,0,0,0,1,1,1,0
974.692550,0,1,0,0,1,1,1,0,0
980.035673,1,0,1,1,0,1,1,0,0
981.771439,1,1,1,0,0,1,0,1,0
984.210820,0,0,1,1,1,1,1,0,0
988.268262,1,0,1,1,1,0,1,0,1
992.243760,1,1,1,1,0,1,0,1,1
1000.771826,0,1,1,1,0,0,1,1,1
1002.234474,1,1,1,0,1,0,1,0,1
1004.353736,0,0,0,1,1,1,0,0,0
1006.118605,1,0,0,1,0,0,0,0,0
1014.690176,1,0,0,0,0,1,1,0,1
1017.428545,0,1,0,0,0,1,1,1,1
1025.733799,1,0,1,1,0,1,1,1,0
1026.471568,0,0,1,1,0,1,0,0,0
1033.971818,1,0,0,1,1,1,1,0,0
1034.400582,1,0,0,0,1,0,0,1,1
1037.308268,1,0,0,1,1,1,0,1,0
1040.410224,1,1,1,0,1,1,1,0,0
1047.082266,0,1,0,1,1,1,0,1,0
1056.517539,0,1,0,1,0,1,0,0,0
1066.117157,1,0,1,0,1,0,1,0,1
1073.535256,0,0,0,1,0,0,1,1,0
1081.528913,1,0,1,0,1,0,0,0,1
1081.706107,0,1,0,0,1,1,1,1,1
1084.301350,1,1,1,1,1,1,0,0,1
1085.108369,0,1,0,1,1,0,1,1,0
1092.823731,0,0,0,0,1,0,1,0,1
1098.278731,1,1,1,0,1,0,0,1,0
1105.419901,1,0,1,0,1,1,1,0,0
1107.529422,0,1,0,1,1,0,0,0,1
1117.260218,1,0,0,0,1,0,0,0,1
1124.685325,0,1,1,1,1,1,1,1,0
1131.716678,1,0,1,0,1,1,0,0,0
1141.466703,1,0,0,0,0,1,1,0,1
1151.304117,0,0,1,1,0,1,1,1,0
1156.208473,0,1,1,1,0,0,1,1,1
1160.244157,0,0,0,1,0,0,1,0,1
1161.011364,1,0,1,0,0,0,0,1,0
1169.071260,0,1,0,1,0,0,0,1,0
1170.877353,1,1,0,0,0,1,0,0,1
1178.877553,1,1,1,0,0,1,0,1,0
1184.406846,1,1,0,1,0,1,1,1,1
1186.448809,0,1,1,0,0,0,1,1,1
1194.475712,1,1,0,1,0,0,1,0,0
1196.122262,0,1,0,1,1,1,1,1,1
1199.874325,1,1,0,1,0,1,1,1,0
1205.090751,0,1,1,1,0,0,0,1,0
1214.901853,1,0,1,1,0,0,0,0,1
1221.319492,0,0,0,1,1,1,0,0,1
1230.934915,0,0,0,1,1,0,0,0,1
1234.049639,0,1,0,1,1,1,0,1,1
1240.739817,1,0,0,1,0,0,1,1,1
1241.113708,0,1,0,1,1,1,0,1,1
1248.747747,1,1,1,0,0,0,0,0,0
1253.312393,0,0,1,0,1,0,0,0,0
1260.869029,0,1,1,1,1,0,1,1,1
1269.619154,0,0,1,0,1,1,1,0,1
1273.815422,1,0,1,1,0,0,1,0,0
1274.279591,1,0,1,0,0,0,0,0,0
1283.588171,1,0,0,0,1,0,0,1,1
1287.583185,1,0,1,1,1,1,1,1,0
1294.286611,1,0,1,1,0,1,1,0,1
1296.651011,1,0,0,1,1,1,1,1,0
1298.379884,1,1,1,1,1,0,1,1,1
1306.469963,0,0,0,1,1,0,1,0,0
1315.041534,1,1,1,0,0,0,1,1,1
1319.763092,1,0,1,0,0,1,1,1,1
1325.496852,1,1,0,1,1,0,0,1,1
1327.352250,0,0,1,0,0,0,0,0,1
1328.142645,0,1,0,0,0,0,0,1,0
1334.714416,1,0,1,0,1,0,1,0,1
1334.756063,1,0,1,1,0,1,1,1,0
1337.873122,1,1,1,0,1,0,1,0,0
1346.936352,0,1,0,0,0,1,1,0,0
1354.970257,1,0,1,1,0,1,1,1,1
1355.968724,0,0,1,1,0,1,0,0,1
1362.874693,1,1,1,1,1,0,1,0,1
1367.739255,1,0,0,1,0,0,1,0,1
1374.406255,1,1,0,1,1,1,0,0,1
1382.867948,0,0,1,1,1,1,1,1,1
1389.676416,1,1,1,1,1,1,1,0,0
1397.397824,0,1,0,0,1,1,0,1,1
1406.456741,0,0,1,1,0,0,1,0,1
1407.890105,1,0,0,0,0,0,1,1,1
1412.397354,0,0,1,0,1,0,1,1,1
1414.591762,1,0,0,0,0,1,1,0,0
1423.894157,0,1,0,1,0,0,1,0,1
1428.600569,0,1,0,1,1,1,0,0,1
1434.225167,0,1,0,0,0,1,1,0,1
1440.709669,1,1,1,0,1,1,0,0,0
1444.769087,0,0,1,0,0,1,0,0,0
1449.413422,0,0,0,1,1,1,1,1,0
1458.554133,0,1,1,0,1,0,0,1,1
1466.472796,0,0,0,1,0,0,0,0,0
1474.519349,0,1,0,0,0,0,1,0,1
1480.062201,1,0,1,1,0,0,0,0,1
1483.249280,1,1,0,0,0,1,1,1,1
1492.138280,0,0,0,0,1,1,0,1,1
1496.022387,1,1,0,0,0,1,0,0,0
1496.550326,1,0,1,1,1,1,0,1,1
1498.716352,0,0,1,1,0,1,1,1,0
1505.102550,0,0,1,0,0,0,1,0,0
1507.191107,0,0,1,1,0,1,0,0,1
1512.920011,0,1,1,1,1,0,1,1,1
1516.746612,0,0,1,1,1,1,1,0,0
1525.742775,1,1,1,1,1,0,1,1,1
1527.172204,1,0,1,1,0,0,0,0,0
1527.173204,0,1,1,0,0,1,0,1,0
1530.670787,0,0,1,0,0,1,1,1,1
1533.306658,1,1,0,1,0,0,0,1,0
1535.746439,0,0,0,1,1,1,1,0,0
1545.183115,0,0,1,0,1,1,0,0,0
1552.143771,0,0,1,0,0,0,1,1,1
1557.560896,1,0,1,1,1,0,1,1,1
1561.777161,0,1,1,1,0,1,0,0,0
1562.789790,1,1,1,0,1,1,1,1,1
1567.665510,1,1,0,1,1,1,1,1,0
1575.550337,0,0,1,0,0,1,1,1,1
1583.313719,1,1,1,0,0,1,0,1,0
1590.482423,0,1,1,1,1,1,1,1,1
1593.738338,1,0,1,0,0,1,0,0,1
1595.924248,1,0,1,1,1,0,0,0,1
1605.392740,1,1,0,0,1,1,1,0,0
1608.296676,1,1,0,0,1,1,0,1,0
1616.332586,0,1,0,1,0,1,0,0,0
1622.761515,1,1,0,0,1,0,0,1,1
1622.936222,0,0,0,1,1,0,1,1,0
1632.696520,1,0,0,0,1,0,1,0,1
1639.399552,1,0,0,1,1,1,1,1,0
1640.870993,0,0,1,1,0,0,1,1,1
1644.433281,1,1,0,1,0,1,1,1,0
1653.764743,0,1,0,1,0,0,1,0,1
1661.994875,0,1,0,1,0,0,0,1,0
1671.309664,0,1,1,1,1,0,1,1,1
1671.839013,1,1,0,0,1,1,1,1,1
1677.627816,0,1,1,0,1,1,0,1,1
1679.613203,0,0,0,0,0,0,0,0,1
1682.275807,1,1,0,1,1,1,0,0,0
1682.276807,0,0,0,1,1,1,0,0,0
1691.711207,1,1,1,0,1,1,1,1,0
1700.010194,0,1,1,0,0,0,1,0,1
1702.890808,1,0,1,1,1,0,1,1,0
1709.003508,1,0,1,1,1,1,1,1,1
1710.736477,1,0,0,1,0,0,1,0,0
1718.820585,0,1,1,1,1,0,1,0,0
1724.246574,1,0,1,0,1,0,0,0,0
1728.404462,1,0,1,0,1,1,0,1,1
1733.911110,1,1,0,1,1,1,0,0,1
1735.095792,1,1,0,0,1,1,0,0,0
1736.783615,1,1,0,1,0,0,1,0,0
1744.125151,1,0,0,1,0,0,1,1,0
1747.716217,1,1,1,0,0,0,1,0,0
1751.440853,1,1,0,1,1,0,1,0,0
1756.336355,0,1,0,1,0,0,0,0,1
1759.908426,1,1,0,1,1,0,0,1,0
1769.049617,1,1,0,1,0,1,1,1,1
1771.391580,1,0,0,1,0,1,0,1,1
1779.207891,1,0,0,0,1,1,0,1,0
1787.170866,0,1,0,0,1,1,0,0,1
1790.925401,1,0,0,0,0,1,1,0,0
1791.075983,1,1,1,1,1,1,0,0,1
1797.405464,1,1,1,0,1,0,1,1,0
1801.585151,1,1,0,1,1,0,1,1,0
1808.663242,1,0,1,1,1,1,0,1,1
1810.664042,0,1,1,1,0,0,0,0,1
1813.649359,1,1,1,1,0,0,0,1,1
1813.650359,0,0,1,0,1,0,1,0,1
1814.440302,1,0,1,1,0,1,1,1,1
1815.700435,1,0,0,0,1,1,1,0,0
1816.046229,0,1,0,1,0,1,0,1,0
1820.921576,1,0,0,0,0,0,0,1,0
1825.689541,1,0,1,0,0,1,1,0,0
1827.364014,1,1,1,1,1,0,1,1,0
1828.742654,1,0,1,0,1,0,1,1,0
1829.937731,1,0,1,0,0,1,1,1,1
1838.021033,1,0,1,0,0,0,1,0,1
1844.688033,1,0,1,1,0,0,1,0,0
1853.472184,0,1,0,1,0,0,0,0,0
1856.756189,0,0,0,1,0,0,0,1,0
1858.281814,0,0,0,0,0,0,1,1,0
1868.023219,0,1,0,1,1,0,0,1,0
1872.743135,0,0,1,0,1,1,1,0,1
1878.316333,0,0,0,1,0,1,1,0,0
1886.882719,0,0,0,0,0,1,1,0,1
1896.427689,1,0,0,0,1,1,0,1,0
1902.428089,0,0,1,1,0,0,1,1,0
1906.899230,0,1,0,1,0,0,0,0,0
1912.481410,0,1,1,1,1,1,1,1,1
1921.946008,0,1,0,1,0,0,1,0,0
1922.454285,1,1,0,1,0,1,1,0,1
1929.650096,1,1,0,1,1,1,1,0,0
1930.305793,0,0,1,1,0,1,1,0,1
1938.588255,0,1,1,0,1,0,0,0,0
1948.071874,1,0,1,1,0,1,1,0,1
1957.031789,0,0,0,0,1,0,1,0,1
1963.392447,0,1,0,1,0,1,0,0,1
1967.055559,1,1,0,0,1,1,0,0,1
1972.676539,0,1,1,0,1,1,1,1,1
1973.686827,1,0,0,0,1,1,0,0,1
1974.451914,0,0,1,0,0,1,0,0,0
1982.435987,1,0,1,0,0,1,0,1,0
1991.036127,1,1,0,1,0,1,0,1,1
1993.548450,1,1,1,1,1,0,0,1,0
1994.762718,1,0,0,1,1,0,1,0,1
2003.159104,1,0,0,0,1,0,0,0,1
2011.825904,0,1,0,1,0,1,1,0,1
2019.140713,1,0,1,0,1,0,0,0,1
2022.482288,1,0,0,1,0,0,1,1,0
2029.630187,1,0,1,0,1,0,1,1,1
2037.468241,0,0,1,0,0,0,0,0,1
2044.832846,0,0,1,1,1,0,0,0,0
2049.147662,0,0,0,0,0,1,0,0,1
2049.823013,0,1,0,1,1,1,1,1,1
2055.732513,0,1,1,0,1,0,0,1,1
2064.684231,0,1,1,0,0,0,0,0,1
2067.137816,1,0,0,0,1,0,0,1,1
2067.403690,1,1,0,1,1,0,1,0,1
2072.756536,0,1,0,0,0,1,0,0,0
2074.395597,0,0,0,0,0,0,1,1,1
2083.284597,1,1,0,0,0,1,1,1,0
2092.758334,0,1,0,0,1,0,0,1,0
2095.279082,1,1,0,0,0,0,0,1,0
2097.773598,1,0,1,0,0,0,0,1,0
2103.192116,0,0,1,1,1,0,1,1,0
2110.207340,1,1,0,1,0,0,1,0,0
2115.106041,1,1,0,0,1,1,0,1,1
2124.933644,0,1,1,1,1,1,1,0,1
2128.804419,0,1,1,1,0,0,1,0,0
2130.421419,1,0,0,0,0,0,0,0,1
2134.254789,0,0,1,1,1,1,1,0,0
2142.848679,0,0,0,1,1,1,0,1,1
2152.131360,0,1,0,0,0,1,0,0,0
2154.370668,0,1,1,1,1,0,1,1,1
2160.844393,1,1,1,1,1,1,0,1,1
2161.351672,1,1,0,1,0,0,1,1,1
2163.647524,1,0,0,1,1,0,0,0,1
2167.423247,0,1,1,0,0,1,1,1,0
2171.287497,0,1,0,1,0,1,1,1,0
2175.112816,1,1,0,0,0,1,1,1,1
2184.210539,0,1,1,1,1,0,1,1,0
2193.990781,1,1,0,0,0,1,1,1,1
2194.434445,0,0,0,1,1,1,0,1,1
2200.420248,0,0,0,1,1,1,0,1,0
2206.968505,0,1,1,1,0,1,1,0,1
2210.073554,1,1,1,1,1,0,1,0,1
2210.659975,1,1,1,0,0,1,0,1,1
2214.156770,1,0,1,1,0,0,1,0,1
2215.482140,1,1,1,1,1,1,1,1,1
2222.565765,1,1,1,1,0,0,1,1,0
2225.766445,1,1,0,0,0,1,1,1,1
2233.831155,1,1,0,1,1,0,0,1,0
2238.831655,1,0,1,0,1,1,0,0,1
2243.308703,0,0,1,0,0,1,1,1,1
2247.557066,0,0,1,0,1,0,1,0,1
2252.536201,1,1,0,0,1,1,0,1,1
2252.945762,1,0,1,1,0,1,1,1,0
2256.606641,0,1,0,1,1,0,1,1,1
2258.437429,0,1,1,1,1,0,1,1,0
2266.199891,1,1,1,0,0,1,0,0,0
2271.411254,1,0,1,1,1,0,0,1,1
2272.152921,0,0,1,0,0,1,1,0,1
2275.853991,0,1,0,1,1,1,0,1,0
2281.097348,0,0,0,0,0,1,0,0,0
2288.240491,1,0,0,1,1,0,1,1,1
2289.707620,0,1,0,0,1,0,1,1,1
2296.256188,1,0,0,1,1,1,1,0,0
2304.899735,1,1,1,1,1,1,0,0,0
2313.817490,1,1,1,0,0,1,1,1,0
2321.845500,0,0,1,1,0,0,0,1,0
2330.973495,0,1,1,1,1,0,0,0,1
2337.924892,1,1,1,1,0,1,0,1,0
2341.730821,0,1,0,0,0,0,1,0,0
2351.100254,1,1,1,1,0,0,1,0,0
2352.781086,1,0,1,1,0,1,0,0,1
2355.162184,0,0,1,1,0,0,1,0,0
2361.958423,1,0,0,0,1,1,0,1,1
2362.308225,0,0,1,1,1,0,1,0,1
2366.651299,0,1,0,0,1,0,1,0,0
2368.488850,0,0,1,0,1,0,1,1,0
2377.800213,1,0,1,1,0,0,1,0,1
2382.839772,1,0,1,0,0,0,1,1,0
2391.421732,0,1,0,1,0,0,1,0,1
2397.136446,1,1,1,0,1,1,0,0,1
2404.341027,1,0,1,1,1,1,0,1,1
2410.904838,1,0,0,1,1,0,0,0,0
2419.238338,1,1,1,1,1,1,0,0,0
2426.987481,0,1,0,1,1,0,0,1,0
2431.273766,0,0,0,1,0,1,1,1,0
2435.200185,0,1,1,0,0,0,0,1,0
2439.628027,0,0,1,0,0,1,1,0,1
2444.628527,1,1,0,1,0,0,1,1,0
2450.530171,0,1,1,1,0,0,0,0,1
2450.877158,1,0,1,0,0,1,1,0,0
2459.672459,1,1,0,0,0,1,0,1,1
2460.570524,1,0,1,1,0,0,0,0,0
2466.109723,1,0,1,0,0,1,0,0,1
2467.600416,1,1,0,1,1,0,0,1,1
2467.719329,0,0,1,0,1,0,0,1,0
2471.173338,1,1,1,0,1,0,1,0,1
2475.253649,0,0,1,1,0,1,0,0,0
2478.853015,0,0,1,1,0,1,1,0,0
2484.547890,1,0,0,1,1,1,0,1,0
2492.135196,1,1,1,1,0,1,0,0,0
2500.124528,0,0,1,0,0,0,1,1,1
2503.008451,0,1,0,1,1,1,0,0,1
2509.619493,1,0,1,0,0,1,0,1,1
2511.567368,1,1,0,1,1,0,1,0,0
2512.213465,0,0,0,1,1,0,0,0,0
2515.378706,0,1,1,1,1,0,0,1,0
2517.495197,1,0,1,1,1,1,0,1,1
2523.495597,0,0,1,1,1,0,0,0,1
2532.418781,1,1,1,1,0,0,1,1,1
2533.911158,1,1,0,1,0,1,0,1,0
2539.467158,1,0,1,1,0,0,1,0,1
2540.255287,1,1,1,0,1,1,1,0,1
2549.368394,0,1,1,0,1,1,1,1,1
2551.001533,1,0,0,0,1,0,1,1,1
2552.489486,1,0,1,0,1,0,0,1,0
2554.979629,0,1,1,1,1,1,1,1,1
2556.265712,0,0,1,0,0,1,0,1,1
2562.897627,1,0,0,1,0,1,1,1,0
2564.663157,0,0,0,0,0,0,1,0,0
2573.221677,0,1,0,1,0,1,1,0,0
2573.238988,0,0,1,0,0,1,1,0,1
2580.389273,0,1,0,0,1,0,1,1,0
2586.099514,0,1,1,1,1,1,0,1,1
2590.095243,0,0,0,0,0,0,0,0,1
2599.507066,0,1,0,0,0,1,1,0,1
2602.601856,1,1,0,1,1,1,0,1,1
2606.251828,1,0,0,0,1,0,1,0,1
2613.490910,1,0,1,0,0,0,1,0,0
2618.035806,1,0,0,1,0,0,1,1,0
2618.387648,1,0,1,1,0,1,0,0,0
2625.414972,0,1,0,1,0,1,1,0,1
2634.642991,1,1,0,0,0,0,1,0,0
2642.203372,0,1,1,0,1,0,1,0,0
2643.999064,0,0,1,1,0,0,1,0,1
2652.690470,1,1,1,0,0,1,1,1,1
2662.326134,1,1,0,0,1,1,1,1,0
2670.051799,1,1,1,1,1,1,0,1,1
2675.648878,1,0,0,1,1,1,0,0,1
2683.354026,0,0,0,0,1,1,1,1,0
2693.305721,0,1,1,1,0,1,1,0,1
2698.045054,0,1,0,0,0,0,1,1,0
2704.712054,0,1,0,1,1,0,0,1,0
2710.190901,1,0,1,0,1,1,0,0,1
2718.524401,0,0,0,1,0,1,1,0,0
2723.401151,1,1,0,0,1,0,0,1,1
2730.500678,0,0,0,1,1,0,1,1,0
2731.060281,0,0,1,0,1,0,0,0,1
2737.131026,1,0,0,0,0,1,1,1,0
2740.979018,0,1,0,0,0,0,0,0,0
2746.914759,0,1,0,1,0,0,0,1,0
2751.096375,1,1,1,0,1,0,1,0,0
2751.840544,1,0,1,1,1,0,1,1,1
2759.113544,1,1,1,0,1,1,1,1,1
2761.706878,1,0,1,1,1,1,1,1,0
2766.521720,1,1,0,0,1,0,0,1,0
2774.721052,1,1,1,1,1,0,0,0,1
2778.015279,1,0,0,0,1,0,1,1,0
2785.927576,1,1,1,0,1,0,1,1,0
2787.220113,1,0,0,0,1,0,0,1,0
2795.086993,1,0,0,1,0,0,1,1,0
2800.331022,0,0,1,1,0,1,0,0,0
2804.144046,1,1,0,1,1,0,1,1,0
2806.190296,0,1,0,0,0,0,1,1,1
2815.132710,1,1,1,1,0,1,0,0,1
2817.917464,1,1,0,1,1,1,0,0,0
2823.254786,0,0,0,1,0,0,0,0,1
2831.374865,0,0,0,1,0,0,0,1,0
2832.720448,1,1,1,1,1,0,0,1,0
2838.265197,1,0,0,1,0,0,0,0,1
2846.052837,1,0,1,0,0,0,0,0,0
2853.974394,0,1,1,1,1,0,1,0,0
2863.287065,0,1,1,1,0,1,0,1,1
2870.933040,1,1,0,0,1,1,0,0,1
2876.523279,0,0,0,1,0,0,0,0,0
2886.072874,0,0,0,1,0,1,0,0,1
2889.103874,1,0,0,1,1,0,0,0,0
2898.096780,1,1,0,1,1,0,1,1,0
2904.257622,1,1,1,0,0,0,1,1,0
2910.288322,1,0,0,0,0,0,1,0,0
2915.622122,1,0,0,0,1,1,1,0,0
2918.795496,0,1,0,0,0,1,1,1,1
2927.477798,1,1,1,0,1,0,1,0,1
2936.489391,0,0,1,0,1,1,1,1,1
2944.479542,1,1,0,1,0,0,0,1,0
2954.468905,0,1,0,1,0,0,1,1,0
2961.664543,0,0,1,0,0,1,0,0,0
2966.260076,1,1,1,0,1,1,1,0,0
2970.152090,0,0,0,1,0,1,1,0,1
2978.188001,0,0,0,0,0,1,0,1,0
2985.477745,0,1,0,1,1,1,0,1,0
2986.917450,0,1,1,1,0,1,0,0,1
2995.250950,0,0,0,0,1,0,1,1,1
3000.425971,0,0,0,1,0,1,1,0,1
3007.218272,1,1,1,0,1,1,0,1,0
3012.687475,1,0,1,1,0,0,1,0,0
3012.849923,1,1,0,1,1,1,0,1,1
3017.312015,0,0,1,1,0,0,1,0,1
3020.590349,1,0,1,0,0,1,0,0,0
3030.148533,1,1,0,0,1,0,0,0,0
3031.034567,0,0,1,0,1,0,0,0,0
3038.915781,0,0,0,0,1,1,1,1,1
3045.814967,1,0,1,1,0,1,1,0,0
3052.606333,0,0,1,0,1,0,0,1,1
3060.138225,0,1,1,0,1,1,0,1,1
3064.715882,0,1,1,0,1,1,0,0,1
3070.775535,1,1,0,0,0,1,0,0,1
3079.559441,0,0,1,1,0,0,1,0,1
3079.609216,1,0,1,0,0,1,1,1,0
3080.028528,0,0,0,1,0,1,1,1,1
3080.362366,0,0,0,1,1,1,1,1,0
3080.939224,0,0,1,0,0,1,0,0,0
3082.878492,1,0,0,0,1,1,0,0,0
3087.527072,1,1,0,0,1,1,1,0,1
3093.765608,0,1,0,0,1,1,0,1,1
3096.736338,0,0,1,1,0,1,1,0,0
3102.032759,0,0,1,0,1,1,0,1,1
3108.913293,1,0,1,1,1,0,1,0,1
3118.771128,0,0,1,1,0,0,1,0,1
3121.407523,0,1,0,0,1,1,1,0,1
3122.593590,1,0,0,0,0,0,1,0,1
3125.901137,0,0,0,1,0,0,0,0,0
3129.619187,1,1,1,1,1,1,0,0,1
3132.878288,1,1,0,0,0,0,0,0,0
3142.421481,1,0,0,0,1,0,0,1,0
3150.906481,1,0,1,1,0,0,0,0,1
3157.171914,0,0,0,1,0,1,1,1,1
3166.854821,1,0,0,0,1,0,1,0,0
3168.730634,0,1,0,1,0,1,0,0,1
3174.666000,1,0,1,0,1,1,1,0,0
3177.614073,1,1,0,1,1,0,0,1,1
3177.821075,0,0,0,1,1,1,1,0,0
3179.879780,1,1,0,1,0,0,0,1,0
3187.034215,0,1,0,0,0,0,1,0,0
3187.964084,0,0,1,0,0,0,0,1,0
3195.638735,0,1,0,1,1,1,0,0,0
3202.991941,0,0,0,1,1,0,0,1,0
3207.842643,0,0,0,1,1,1,0,0,0
3214.429087,1,0,0,1,1,0,1,1,0
3216.317654,0,0,0,1,1,1,1,1,1
3220.465704,0,1,1,1,0,0,0,1,0
3229.480851,1,0,1,1,1,1,1,0,0
3232.519241,0,1,0,0,0,1,0,1,1
3239.165730,0,1,1,0,1,0,0,1,1
3244.972601,0,0,1,0,0,0,0,0,1
3248.003189,1,1,1,1,1,0,1,1,1
3256.193026,1,0,0,0,1,0,0,1,1
3260.577972,1,0,0,0,1,1,0,1,1
3266.724309,1,0,0,1,1,0,1,0,0
3271.616815,0,0,1,1,0,1,1,0,1
3278.507771,0,1,0,0,0,1,1,0,0
3281.441439,0,1,1,1,0,0,0,1,1
3287.302924,0,1,0,0,1,0,0,0,0
3295.919414,0,0,0,1,0,1,0,0,0
3302.463877,1,0,0,1,1,1,1,1,1
3307.464377,1,0,0,1,1,1,0,1,0
3308.784394,1,0,1,0,1,1,0,1,1
3309.072063,1,0,0,0,0,0,1,1,1
3315.584317,1,0,1,0,0,0,0,0,0
3318.158589,1,1,0,0,0,0,1,1,0
3319.118795,1,0,0,0,0,1,0,0,1
3325.872627,0,1,1,1,0,0,1,1,0
3329.877829,0,1,1,0,0,1,0,1,1
3337.687966,1,0,0,1,0,0,0,0,0
3343.980471,0,0,1,1,0,1,0,0,1
3347.411549,1,1,1,0,1,1,1,0,0
3355.774702,0,0,1,1,0,1,0,0,1
3362.214747,0,1,1,0,0,1,1,1,0
3372.056032,0,0,1,1,1,0,1,1,1
3376.525132,1,0,0,1,1,1,1,1,0
3379.707172,1,1,0,1,1,1,0,0,0
3385.794520,1,1,1,1,1,1,1,0,1
3395.173113,1,1,1,1,0,0,1,1,1
3401.377872,0,0,0,1,0,0,0,0,0
3408.521015,1,1,1,0,1,1,1,0,0
3416.795299,0,0,0,1,0,1,0,0,0
3417.205535,0,0,1,1,1,1,1,0,1
3422.043714,0,0,0,1,0,1,0,0,1
3425.013167,0,1,1,0,0,0,1,1,0
3432.702132,0,1,1,1,1,0,1,0,0
3442.532657,0,1,1,1,1,0,1,1,1
3442.533657,1,0,0,0,0,1,1,0,0
3448.169453,0,1,1,1,1,1,1,1,0
3451.465578,1,1,0,1,1,1,1,1,0
3458.406812,0,1,1,0,1,1,1,0,0
3462.296312,0,0,0,1,1,1,0,1,0
3471.772285,0,0,1,0,0,1,1,1,0
3472.662684,0,0,0,0,0,0,1,1,0
3472.725028,1,0,0,1,1,1,0,1,1
3476.222181,0,1,0,1,1,1,0,0,1
3485.108932,1,1,0,0,1,1,0,1,1
3486.833279,1,0,0,1,0,1,1,1,0
3494.365332,0,1,1,0,1,0,1,0,1
3497.510403,1,1,0,0,0,1,1,0,1
3501.113253,1,0,0,0,1,1,1,1,1
3503.314758,1,0,1,0,0,1,1,1,1
3507.088647,0,0,1,1,1,0,1,0,0
3515.706296,1,1,1,1,1,0,0,1,1
3517.623922,1,0,1,0,0,1,1,0,0
3522.050155,1,1,0,1,1,1,1,1,0
3522.604559,1,0,1,1,0,1,1,1,1
3526.112937,1,1,1,1,1,1,1,1,1
3533.590041,0,0,1,1,0,1,1,0,1
3538.149409,1,0,1,1,1,0,1,0,1
3543.827371,1,1,0,1,1,1,0,1,0
3550.653377,0,0,1,1,0,1,1,1,0
3556.806211,0,1,0,1,0,0,0,0,1
3566.766794,1,1,0,0,0,0,0,1,1
3567.255550,0,0,1,0,0,0,1,0,0
3576.916600,1,1,1,0,1,1,0,0,0
3584.711693,0,0,0,0,1,0,0,1,0
3587.273611,1,0,0,0,0,0,1,0,1
3590.682895,0,0,1,1,1,1,1,0,0
3593.057758,1,1,0,1,1,0,1,0,1
3600.706642,1,1,0,1,1,0,1,1,1
3607.574704,0,0,0,0,0,1,0,1,1
3613.854146,1,0,1,0,1,1,0,1,0
3617.422711,0,0,1,0,1,1,0,0,1
3619.662293,1,1,0,1,0,1,1,0,0
3621.711935,1,0,0,0,0,0,1,0,0
3625.483441,1,0,0,1,1,0,1,0,0
3628.817441,1,1,0,1,1,1,0,0,0
3635.200155,1,0,0,1,1,0,0,1,1
3642.595993,0,1,1,1,1,0,0,0,1
3645.913244,1,0,1,0,0,1,1,0,1
3649.692368,1,0,0,1,1,1,1,0,0
3651.961434,0,0,0,1,1,1,0,1,0
3652.607531,1,0,0,1,0,0,0,0,1
3658.975415,0,0,0,1,0,0,0,0,1
3659.061393,1,1,1,0,1,1,0,1,0
3666.750513,1,0,0,0,1,0,1,1,0
3672.862013,0,0,0,0,1,1,1,0,0
3681.746422,0,0,1,0,1,0,1,1,0
3683.649784,0,0,0,0,1,0,0,0,0
3688.650284,0,1,0,0,1,1,0,1,1
3693.235978,1,1,0,0,1,1,1,0,0
3702.133041,1,1,1,1,1,0,0,1,1
3708.693214,1,1,1,0,1,0,0,1,1
3717.390345,1,0,0,1,0,0,0,1,0
3724.239834,0,0,1,0,0,0,1,1,0
3728.854751,0,0,1,0,0,1,1,0,1
3737.236837,0,0,0,0,0,0,0,0,1
3744.148911,0,0,0,1,1,0,0,0,1
3746.761962,1,0,1,1,1,0,1,0,0
3749.262712,0,1,0,1,0,0,1,0,1
3754.625495,0,0,1,1,0,1,0,0,1
3761.632006,0,0,0,0,1,1,0,0,1
3768.639604,1,1,1,0,0,0,1,0,0
3776.936478,0,0,0,1,1,1,0,1,1
3782.164228,0,1,0,1,1,0,0,0,1
3785.817924,1,1,0,1,0,0,0,0,1
3788.179950,1,1,0,0,1,1,1,1,1
3796.980070,1,1,1,0,1,0,0,0,1
3800.449254,1,1,0,0,0,0,0,1,0
3809.736709,0,1,0,0,0,0,1,1,1
3814.972479,0,1,0,0,0,1,1,1,0
3824.413796,0,0,0,0,1,1,1,0,0
3825.519893,1,0,1,1,1,1,0,0,0
3832.440963,0,0,1,0,1,1,1,0,1
3837.921842,0,1,1,1,1,1,0,1,0
3841.308022,1,0,0,0,0,1,0,1,1
3850.846530,1,0,1,0,1,1,1,1,0
3858.080309,1,1,0,0,1,0,0,1,1
3861.436455,0,1,0,0,1,1,0,1,0
3867.855253,0,1,0,0,0,0,1,1,1
3876.967491,0,1,1,0,0,1,0,1,1
3881.137686,0,1,0,1,1,0,1,1,1
3882.385563,0,0,0,1,0,1,0,0,0
3885.212368,0,0,0,0,0,0,1,1,0
3887.494307,1,1,0,1,1,1,0,0,1
3895.368535,0,1,1,0,0,0,1,1,0
3898.292320,1,1,0,1,1,1,0,1,0
3901.362320,1,1,1,1,0,0,0,0,0
3908.079066,0,1,0,1,1,0,1,0,0
3912.061837,1,0,1,0,0,1,0,1,0
3919.120955,0,1,1,1,0,0,1,1,0
3925.551467,0,1,1,0,0,1,0,0,1
3933.738783,0,0,1,1,1,0,0,1,0
3936.919438,1,0,1,0,1,0,1,0,0
3939.356558,0,1,1,0,1,0,0,1,0
3945.868206,0,0,1,1,0,0,1,0,1
3949.511118,0,1,1,0,0,0,1,0,0
3955.889031,1,1,0,0,0,0,0,0,0
3960.170787,1,0,0,1,0,0,0,1,1
3968.767809,0,1,0,1,1,1,0,1,0
3969.256276,0,0,0,1,0,0,1,1,1
3970.507151,1,0,1,1,0,1,1,1,0
3977.686920,1,0,0,1,1,1,1,0,0
3981.770352,0,1,0,0,1,0,0,0,1
3989.086410,0,1,1,0,1,1,1,0,0
3990.422355,0,0,0,0,0,1,0,1,1
3993.672241,0,0,0,1,1,1,0,0,0
4003.431301,1,1,1,0,1,1,1,1,0
4010.098301,1,0,0,0,1,0,0,0,1
4011.949337,0,1,1,1,1,0,1,1,1
4013.093539,0,1,1,0,1,1,1,0,0
4015.679596,1,1,1,1,0,1,0,1,0
4015.680596,0,0,0,0,0,1,0,0,0
4019.465622,1,1,0,0,0,0,0,1,0
4020.778405,1,0,1,1,1,1,1,0,0
4022.938749,1,1,0,0,0,1,1,1,1
4025.844342,0,0,1,1,0,1,1,1,0
4033.931625,1,1,0,0,1,1,0,1,0
4038.472401,0,0,1,1,0,0,1,0,0
4048.446088,0,1,1,0,0,1,1,0,0
4057.848904,1,1,0,1,0,0,0,1,1
4059.084564,0,0,0,0,1,0,1,1,0
4062.162179,1,0,1,1,0,0,0,0,0
4067.629299,0,1,1,0,1,1,1,1,1
4070.322337,1,0,0,1,1,0,1,1,0
4080.278482,1,0,0,0,0,0,0,1,0
4083.264258,0,1,0,1,0,1,0,1,0
4089.620308,1,1,1,1,0,1,0,1,0
4094.992473,1,0,0,0,1,1,0,0,1
4098.663209,1,0,0,1,1,1,1,1,1
4101.270953,0,0,0,0,0,1,1,0,0
4108.234607,0,1,1,0,1,0,1,0,1
4108.945816,1,0,0,0,0,0,0,1,0
4110.048857,1,1,1,0,0,1,1,0,0
4113.796349,1,1,1,1,0,1,1,1,1
4121.320635,1,1,0,1,1,0,1,0,0
4121.381780,0,1,0,0,0,1,1,1,0
4127.655581,0,0,1,1,0,0,1,0,0
4136.955651,1,1,1,0,1,0,0,0,1
4141.561734,0,0,1,1,0,0,0,1,0
4148.926015,1,1,0,1,1,0,0,1,0
4150.727987,1,0,1,1,1,0,0,0,1
4157.846919,1,0,0,0,1,1,1,0,1
4160.426278,1,0,0,0,1,0,0,1,0
4167.400265,1,1,0,0,0,0,1,0,0
4167.626895,0,0,0,1,0,0,0,1,0
4167.784293,1,0,1,1,1,0,1,0,0
4177.000057,1,0,0,1,0,1,0,1,0
4181.635272,1,0,0,1,1,1,1,1,1
4183.539696,0,0,1,1,1,0,1,1,0
4193.194903,0,0,1,0,1,0,0,0,1
4196.861165,0,1,0,1,0,0,0,1,1
4199.738590,0,0,1,1,1,1,1,0,1
4201.545278,0,0,0,1,1,1,0,0,0
4202.743670,1,0,0,1,0,1,1,1,0
4203.273663,1,1,1,0,0,1,1,1,1
4210.609403,0,0,0,0,1,1,1,1,1
4214.088316,0,1,0,0,0,0,1,1,0
4222.712307,0,1,0,0,1,1,1,0,0
4231.879057,1,0,0,0,1,0,0,1,1
4238.835883,0,1,0,1,1,1,1,0,1
4248.085958,1,0,0,0,0,1,1,0,1
4252.952905,1,1,0,1,1,0,1,0,1
4253.842705,1,0,0,1,1,0,0,1,1
4260.359908,1,1,0,0,0,1,1,1,1
4268.130831,0,0,0,1,0,0,1,0,1
4277.008494,1,0,0,0,0,1,0,0,1
4282.745117,1,0,1,0,0,1,1,1,0
4289.472717,0,1,1,1,0,0,1,1,0
4294.046992,1,0,0,1,0,1,1,1,0
4301.911284,1,0,1,1,1,0,1,1,0
4307.268891,1,1,0,0,1,0,1,0,0
4309.552431,0,1,1,1,1,1,0,0,0
4316.714431,1,1,1,1,0,0,0,1,1
4317.576690,1,0,0,1,0,0,0,0,0
4320.831885,0,0,1,0,0,0,0,0,0
4329.445885,1,0,0,1,0,0,1,0,0
4332.585691,1,0,0,1,0,1,1,1,1
4334.973549,0,1,0,1,0,0,1,1,0
4342.179711,1,0,0,0,0,1,1,1,0
4342.871249,0,1,1,0,0,0,1,1,1
4344.333096,1,1,1,0,1,1,1,0,0
4352.155799,0,1,0,1,1,1,1,1,0
4362.015813,0,1,0,0,1,1,0,1,1
4366.730325,0,1,0,1,1,1,0,1,0
4369.582103,1,1,0,0,0,0,0,1,1
4374.321966,1,0,0,0,0,0,1,1,1
4382.208887,0,0,0,0,1,0,0,1,1
4389.015177,1,1,1,0,1,1,0,0,0
4390.917948,1,1,0,1,1,0,1,1,1
4397.626351,1,0,0,1,1,1,0,0,0
4400.613001,1,1,1,0,0,1,1,0,1
4405.203706,1,0,1,1,1,0,1,0,1
4405.305127,0,1,1,0,1,0,0,0,1
4405.398615,0,1,0,0,1,1,0,1,0
4414.424686,1,0,1,1,0,1,1,0,0
4421.904938,1,1,0,1,1,1,0,1,1
4426.224272,0,0,0,1,0,0,1,0,1
4430.829332,1,1,1,0,1,1,0,0,0
4436.525126,0,0,0,1,1,1,1,1,0
4440.677885,0,1,1,0,0,0,0,1,0
4448.242231,0,1,0,0,0,1,0,0,1
4454.154371,0,1,1,1,1,0,1,0,0
4457.243297,0,1,1,1,0,1,0,1,1
4464.975005,0,1,1,0,1,1,1,1,0
4470.240679,1,1,1,0,0,1,0,0,1
4476.573226,0,1,1,0,0,0,0,0,1
4477.374967,1,0,1,0,1,1,1,1,1
4481.524024,1,0,0,1,0,0,1,0,1
4489.890201,0,1,1,0,0,0,0,1,1
4492.888176,0,0,0,0,1,1,1,0,0
4497.867402,1,0,1,0,1,0,0,1,1
4499.375789,1,1,1,1,0,1,0,0,0
4508.410850,0,1,1,0,0,1,1,0,1
4511.854129,1,1,1,0,1,0,0,1,1
4519.322736,1,0,0,1,0,1,0,1,1
4523.693670,1,0,0,0,1,1,0,1,0
4527.391368,0,0,1,1,0,1,0,1,0
4531.339342,1,1,1,0,1,0,0,1,0
4536.345478,0,1,0,1,0,1,0,0,1
4543.753145,1,0,1,1,1,0,0,0,0
4547.087145,1,0,1,1,1,0,1,0,1
4550.270201,0,1,0,0,0,1,1,1,0
4559.924371,0,1,1,1,0,0,1,0,1
4560.676741,1,0,0,1,0,0,0,1,0
4568.434319,1,0,1,0,1,1,1,0,1
4568.632079,1,0,1,1,1,0,0,0,1
4569.358250,1,1,0,1,0,1,0,1,1
4570.055757,0,0,0,0,1,0,0,1,1
4578.219206,1,0,1,1,0,0,0,0,0
4580.655027,0,1,1,0,0,1,1,0,0
4587.093913,1,1,0,0,0,1,0,0,1
4587.362101,0,0,0,1,1,0,1,1,0
4596.595055,1,0,0,1,1,0,1,0,0
4598.328404,0,1,1,0,0,0,0,1,1
4606.192119,1,1,1,1,0,0,0,1,1
4612.962202,0,0,0,0,0,1,0,0,0
4614.548409,0,1,0,0,1,0,0,1,0
4624.254321,1,1,1,0,0,1,1,1,1
4626.366760,1,0,0,0,1,0,1,0,0
4635.790902,1,1,0,0,1,0,1,0,1
4637.264147,0,0,1,1,0,0,1,0,0
4637.583136,1,1,1,0,0,1,1,1,1
4646.958199,1,1,1,1,1,0,1,1,0
4650.748294,1,0,1,0,0,1,1,0,1
4658.648504,1,0,1,0,0,1,1,0,0
4659.450706,1,1,0,0,1,1,0,0,0
4664.131721,1,0,0,1,1,0,0,1,0
4671.292670,1,1,0,1,1,1,0,0,1
4674.945479,0,0,0,0,1,1,0,1,1
4677.116312,1,1,0,0,1,1,1,0,1
4685.182393,0,0,0,1,0,0,0,0,1
4692.013254,0,1,1,1,0,1,0,0,0
4699.771825,0,0,1,0,0,0,1,0,1
4709.306503,1,0,1,1,1,0,1,0,0
4716.547794,1,0,0,0,0,0,0,1,1
4717.466133,0,0,1,0,1,0,0,1,1
4723.146428,0,1,0,0,1,0,0,0,0
4732.855759,1,1,0,0,0,0,1,0,1
4734.663030,0,0,0,0,0,0,1,1,1
4740.880637,0,1,0,0,0,0,0,1,1
4749.106070,1,1,0,1,0,0,0,1,0
4754.755360,0,1,0,0,0,0,0,0,0
4755.263675,0,1,1,0,0,0,0,0,1
4761.029759,0,1,0,0,1,0,1,0,0
4770.540616,1,1,0,0,1,0,0,0,0
4774.551367,0,1,1,0,0,1,0,0,0
4782.622839,1,1,1,1,0,0,1,0,1
4792.527610,0,0,1,0,1,0,0,1,1
4796.625817,0,1,0,0,1,1,0,1,0
4800.595492,0,0,1,1,1,0,1,1,1
4808.974033,0,0,1,1,0,0,0,0,0
4811.598884,0,1,1,0,0,1,0,1,0
4820.271744,0,1,0,0,0,1,1,1,0
4822.460975,0,0,0,0,1,1,0,1,1
4829.149204,1,0,1,1,0,1,0,1,0
4830.233429,0,1,1,0,1,0,0,1,0
4837.855150,0,1,1,0,1,0,1,1,1
4839.885468,1,1,1,1,1,0,0,1,0
4840.910256,0,0,1,0,0,0,1,0,1
4840.981424,0,1,1,1,0,1,1,0,0
4847.925007,0,1,1,0,1,0,0,0,1
4847.989797,0,1,1,1,1,1,0,1,0
4852.591930,0,0,1,0,1,0,1,1,1
4857.511532,1,1,1,0,1,0,0,0,0
4866.764719,1,1,1,1,0,0,1,1,1
4868.189188,1,0,0,1,0,1,0,1,1
4869.234859,0,0,1,1,0,0,0,1,1
4878.713585,1,1,1,0,1,1,0,0,1
4884.060585,0,0,0,0,1,1,0,1,0
4888.222166,1,0,1,1,1,1,0,0,0
4896.639591,1,1,1,0,1,1,1,1,1
4901.265128,0,0,0,1,0,0,0,0,1
4911.183504,0,0,1,0,1,1,1,0,1
4914.905062,1,0,1,0,0,0,0,0,0
4922.686854,1,1,1,1,0,0,1,1,0
4924.504186,1,0,1,1,1,1,1,1,1
4934.133852,0,0,1,1,0,0,1,0,1
4938.467752,0,0,1,1,1,1,0,0,1
4948.347764,0,0,1,0,1,0,0,0,1
4950.662109,1,1,0,0,1,1,1,0,1
4956.395692,0,0,0,1,0,1,1,1,1
4965.069660,0,0,0,0,0,0,0,1,0
4969.055681,1,1,0,1,1,0,0,0,0
4972.405782,0,0,0,1,0,1,1,1,1
4980.807581,1,1,0,1,0,1,0,0,1
4984.886299,0,1,0,1,0,0,1,1,1
4990.255183,0,1,0,1,1,0,0,1,1
4999.832690,0,0,0,0,0,0,1,1,1
5000.178908,0,1,1,1,1,0,1,1,0
5000.179908,0,1,0,0,1,0,0,1,1
5009.752600,0,0,0,0,1,0,0,0,1
5018.004988,0,1,1,0,1,0,1,1,0
5022.352144,1,1,1,1,1,1,0,1,1
5028.234909,0,1,1,0,1,1,1,1,1
5034.598909,0,0,0,0,0,0,1,1,1
5039.721348,1,1,0,0,1,0,1,1,1
5047.203976,0,0,0,0,1,1,1,1,0
5055.849273,0,0,1,0,0,1,0,0,1
5061.819175,1,0,1,1,0,1,0,1,1
5069.312829,0,0,1,1,0,1,0,1,1
5073.779954,1,0,0,0,0,0,1,1,0
5078.172814,0,0,0,1,0,0,1,0,1
5085.241544,0,0,0,1,1,1,0,0,0
5091.546261,1,1,0,1,0,0,1,0,1
5092.650962,0,1,1,1,0,0,0,0,1
5094.155461,0,1,1,1,1,0,0,1,1
5103.198110,0,0,0,0,1,0,1,0,0
5103.879670,1,1,1,0,0,0,1,0,1
5110.863380,0,0,0,0,0,0,1,0,0
5114.138510,1,0,1,1,0,1,0,0,1
5118.329842,1,1,0,1,1,1,1,0,1
5126.360039,1,0,0,1,0,1,0,1,1
5135.300665,0,0,0,1,0,1,1,1,1
5137.599086,0,0,1,1,0,0,1,1,1
5142.332189,0,1,0,0,0,1,0,1,0
5152.032219,1,0,1,0,1,1,1,0,1
5155.952581,0,0,1,1,1,1,0,1,1
5163.063452,0,0,1,0,1,1,0,1,1
5165.221099,0,0,1,0,1,1,1,0,0
5171.839084,0,0,0,0,1,0,1,1,1
5178.388821,0,1,0,1,1,0,1,1,0
5179.054990,0,0,0,0,0,1,1,1,1
5186.928506,0,1,1,1,1,1,1,0,0
5196.712700,0,1,0,1,1,1,1,1,0
5205.238859,0,1,0,1,0,1,1,1,1
5212.752335,1,1,1,0,1,0,0,0,0
5215.038299,1,0,1,0,0,1,0,1,0
5220.038799,1,0,0,1,0,1,1,1,0
5225.624347,0,0,1,0,0,0,0,1,0
5231.213023,1,0,0,1,1,1,0,0,0
5232.515141,0,0,0,1,0,1,0,1,0
5236.771407,0,0,1,0,1,0,1,1,1
5244.833802,0,0,1,1,1,1,1,1,1
5251.011962,1,1,0,0,0,0,1,0,1
5253.561303,1,1,0,0,1,1,0,1,1
5256.668788,1,1,0,0,0,1,0,0,0
5265.103360,1,1,0,1,0,1,0,1,1
5273.463207,1,1,0,0,0,1,1,0,1
5276.850965,1,1,1,0,1,0,0,1,0
5283.738069,0,1,0,1,1,1,0,1,0
5293.138129,0,0,0,0,1,1,0,0,0
5296.279059,0,0,1,1,0,0,0,0,1
5298.888494,1,1,1,0,0,0,1,1,1
5308.485308,0,1,1,0,1,0,0,1,1
5314.664651,0,0,1,0,1,1,1,0,1
5323.551338,1,0,1,0,0,0,0,1,1
5326.455274,1,0,1,1,1,0,0,0,1
5332.806990,0,0,1,0,0,0,1,0,1
5335.115452,1,1,0,0,0,0,0,0,0
5336.972222,1,1,1,1,1,0,1,0,0
5343.963473,1,0,1,0,0,0,0,0,1
5352.777385,0,0,1,0,0,0,0,1,1
5354.905831,0,0,0,1,1,1,0,1,1
5361.873102,0,0,0,0,0,1,0,0,1
5364.314803,0,0,1,0,0,1,0,0,1
5372.295774,1,0,1,0,0,1,1,0,0
5374.470469,0,0,1,1,0,0,0,0,1
5382.297512,1,0,1,1,1,1,1,0,1
5391.981242,0,0,0,1,0,0,1,0,0
5395.600927,0,1,1,1,1,1,1,1,1
5396.771041,0,0,0,1,0,1,0,0,0
5400.925977,1,0,1,0,1,1,1,1,1
5409.391247,0,1,1,0,0,1,1,1,0
5416.338921,1,0,1,1,0,0,0,0,0
5417.827612,1,1,0,1,0,0,1,0,1
5425.751548,1,1,1,1,0,0,0,0,1
5431.141231,0,0,1,1,0,1,1,0,0
5431.907460,1,1,0,1,0,1,1,0,1
5435.030450,1,0,1,1,0,1,0,1,0
5436.804672,0,0,0,1,1,1,0,0,1
5443.330343,0,1,1,1,0,1,1,1,1
5446.456031,1,1,0,1,1,0,1,0,1
5449.532263,0,1,0,1,1,1,1,0,1
5453.107905,1,1,1,0,1,0,0,1,0
5454.200550,1,0,0,0,0,1,0,0,1
5455.612699,1,0,1,0,0,1,1,0,0
5460.286672,0,1,0,1,1,1,1,0,0
5468.957828,1,0,1,1,1,1,1,0,0
5469.635231,1,1,1,0,1,1,1,0,0
5472.880780,1,1,1,0,1,0,0,0,0
5474.185998,1,1,0,1,1,1,1,1,1
5474.186998,0,1,1,0,1,1,0,0,0
5483.976694,1,0,0,1,0,0,1,0,0
5491.229716,1,0,0,1,1,0,0,1,1
5495.483845,0,1,1,1,1,0,0,0,0
5495.975593,1,0,1,0,1,0,1,0,0
5497.625913,1,1,0,0,1,1,0,0,1
5498.815818,1,1,0,1,1,0,0,0,1
5504.216278,1,1,1,1,0,1,0,0,1
5507.524640,0,0,1,1,1,1,0,0,0
5510.919667,1,0,1,1,0,0,0,1,0
5519.845555,1,0,0,0,0,1,0,0,1
5522.962682,0,1,1,1,0,0,1,1,0
5531.277089,0,1,1,0,1,0,1,1,0
5536.882511,1,1,0,0,0,0,0,1,0
5544.920091,0,1,0,0,0,0,1,0,1
5551.349019,1,0,0,0,1,1,0,1,1
5555.067727,0,1,0,1,1,1,1,1,1
5559.694433,0,0,0,1,0,0,0,0,1
5560.962912,0,0,0,0,0,1,0,1,0
5569.949096,1,1,0,1,0,1,1,0,1
5577.686823,0,1,0,0,1,0,1,1,1
5584.728441,1,0,0,0,1,1,0,1,1
5588.236782,1,0,1,0,1,1,1,0,0
5594.866542,1,0,0,0,0,0,0,0,1
5595.651777,0,0,0,1,0,1,0,1,0
5600.730569,0,1,0,1,0,0,1,0,0
5610.188455,0,0,0,0,1,1,0,0,0
5611.972338,0,1,1,0,0,1,1,1,1
5615.630929,1,1,1,1,1,1,1,0,0
5621.462250,1,1,0,1,0,0,1,1,1
5629.887695,0,0,1,1,1,0,1,1,0
5639.274548,0,1,0,1,1,0,1,1,0
5647.669771,0,1,1,1,1,0,1,1,1
5648.579771,1,1,0,1,1,0,1,1,0
5650.476716,0,0,1,1,0,0,1,0,1
5658.909921,1,0,0,1,0,1,0,1,0
5661.023386,0,1,1,1,1,1,0,0,1
5670.048427,1,1,1,1,0,1,0,1,1
5671.010869,1,1,1,0,1,1,1,1,1
5672.959726,0,1,1,1,0,0,1,1,1
5679.880618,1,0,0,1,0,1,0,1,1
5682.822500,1,1,1,1,0,1,0,0,1
5691.380337,1,0,1,1,0,0,1,1,0
5694.090989,1,0,0,0,0,1,0,0,0
5701.019401,0,1,1,0,0,0,0,0,0
5709.454340,1,0,0,0,1,0,0,1,0
5715.911937,0,1,0,1,0,0,1,1,1
5724.426937,0,0,0,0,1,1,0,0,0
5724.983437,0,1,0,1,1,0,1,1,1
5729.617405,1,0,1,1,1,0,0,0,0
5732.646198,0,1,1,1,0,1,0,0,1
5742.295143,1,1,0,0,0,1,0,1,1
5751.837443,1,1,1,0,0,0,0,1,1
5758.115933,1,1,0,0,0,1,1,0,1
5761.873620,1,0,1,0,0,0,1,1,1
5771.834098,0,0,0,0,0,0,1,1,0
5775.712261,1,0,1,1,1,1,0,1,0
5778.654144,1,0,1,1,1,0,1,0,0
5788.255284,0,0,0,1,0,1,1,1,0
5791.466489,0,1,1,0,1,1,0,1,0
5800.026633,1,1,0,0,0,0,1,1,1
5803.805033,0,0,1,1,1,1,0,1,0
5804.106234,1,0,0,1,0,1,1,0,0
5813.541073,1,1,0,1,1,0,0,0,0
5816.398930,0,1,1,1,0,0,0,0,1
5825.609536,0,0,1,0,0,1,1,1,1
5829.378275,0,0,1,0,1,0,0,1,0
5833.512848,0,0,0,0,1,0,1,1,0
5833.585784,0,0,0,0,1,1,1,0,1
5842.812480,0,1,1,1,0,0,1,0,0
5845.414742,1,0,0,1,0,0,1,1,1
5846.653936,0,0,0,1,1,0,0,1,1
5850.481714,1,1,0,1,0,0,1,0,0
5852.650865,1,1,1,1,1,1,0,0,1
5857.588982,0,1,1,1,0,1,0,1,0
5861.903881,1,0,0,0,1,1,0,1,1
5869.816177,1,0,0,1,1,1,1,0,1
5876.055620,0,1,0,1,0,1,0,0,1
5882.594428,0,1,1,0,1,0,0,1,1
5886.542402,0,0,0,1,0,0,1,0,1
5893.639934,0,1,1,1,1,0,0,0,0
5897.426964,0,1,0,1,0,0,0,1,0
5904.064468,1,0,1,0,0,1,1,1,0
5909.064968,0,0,0,1,1,0,1,1,0
5915.462195,0,1,1,1,1,0,0,0,1
5923.062954,0,1,1,1,1,0,0,0,1
5931.117694,0,1,1,0,1,1,1,1,1
5932.044527,1,0,0,1,1,1,0,1,0
5933.783093,0,1,0,1,0,0,1,1,1
5938.419046,0,0,1,1,1,0,1,1,1
5946.061204,1,0,1,1,1,0,0,0,0
5950.872249,0,0,1,1,1,1,1,1,1
5957.819119,1,0,0,0,1,0,0,0,0
5961.333281,1,1,0,0,1,1,1,1,1
5964.453627,1,1,0,0,1,1,1,0,1
5964.851064,0,1,0,1,0,0,0,1,0
5974.029228,0,1,1,0,1,0,1,1,0
5980.279603,1,0,0,1,0,1,0,0,0
5983.442680,1,0,0,1,1,1,1,1,1
5993.085573,0,0,1,0,1,1,0,0,1
6001.917988,0,0,0,1,1,0,1,0,0
6010.132452,0,0,0,0,0,1,0,1,0
6011.005035,0,1,1,0,1,1,1,0,0
6017.117669,1,1,1,0,1,1,1,0,1
6024.532213,1,0,0,0,0,1,0,0,1
6027.886819,0,0,1,1,0,1,0,0,0
6032.453189,0,0,0,0,0,0,0,0,1
6034.360115,1,1,1,1,0,0,0,0,0
6042.399052,0,1,0,0,0,0,1,0,1
6045.542010,0,1,1,1,0,0,0,0,1
6054.249036,0,1,1,1,0,0,1,0,0
6058.811268,0,0,1,0,1,0,0,0,0
6059.755570,1,1,1,0,0,1,0,0,1
6066.923036,0,1,1,0,0,1,0,1,1
6071.883920,1,0,0,1,0,1,0,1,0
6072.850834,1,0,0,1,1,1,0,1,0
6082.140584,0,0,1,0,0,1,1,1,1
6087.897310,0,1,0,0,0,0,0,1,0
6092.235226,1,1,0,1,0,1,1,1,1
6096.115262,1,1,1,0,1,1,0,0,1
6103.515522,1,1,1,0,0,1,1,1,0
6111.445416,1,0,0,1,1,1,1,1,0
6120.195541,0,1,1,0,0,1,1,0,1
6127.766117,1,0,1,0,0,1,0,0,1
6134.178512,1,0,1,1,0,0,0,0,1
6141.559727,1,0,0,1,1,1,1,0,1
6145.551744,0,0,0,0,0,0,1,1,1
6148.629359,0,0,1,1,1,0,0,1,1
6152.476128,1,1,1,0,1,0,1,1,0
6162.384952,0,1,0,1,0,0,0,1,0
6162.635927,1,0,0,1,0,0,1,0,1
6168.031124,0,1,1,0,0,0,0,1,0
6174.898571,1,1,1,0,0,0,0,0,0
6179.450330,1,1,0,0,1,1,1,1,0
6182.095201,1,1,0,0,1,0,1,0,1
6191.060821,0,1,0,0,1,1,1,0,1
6192.219029,0,1,0,1,0,1,1,0,1
6195.952826,1,0,1,0,0,1,0,1,0
6205.705326,0,0,0,1,1,0,1,1,0
6208.615871,1,1,1,0,0,1,1,0,0
6212.264047,1,1,1,1,1,0,0,0,0
6217.648269,1,1,0,1,0,0,0,0,1
6222.281574,0,0,1,0,1,0,0,0,0
6224.929368,1,1,0,0,1,1,0,1,0
6226.324609,1,0,0,1,1,0,0,0,0
6235.775214,0,0,0,0,0,1,1,1,0
6239.881308,1,0,0,1,1,1,0,1,0
6240.808141,1,1,0,1,0,0,1,1,1
6245.198374,0,1,0,1,0,1,0,0,0
6253.113274,1,0,1,1,1,1,1,1,0
6261.059150,0,1,0,1,1,0,1,0,0
6266.059650,0,1,1,0,1,1,1,0,1
6270.001066,1,1,1,1,1,0,1,1,1
6274.190836,0,1,1,1,0,1,0,1,0
6283.658761,1,0,1,1,0,0,1,0,1
6290.521820,0,0,0,1,0,1,0,0,0
6298.370136,1,0,1,0,0,0,1,0,1
6304.212136,0,0,0,0,1,0,1,0,0
6313.570309,0,0,0,1,1,0,0,1,1
6320.122748,1,1,1,0,0,0,1,0,1
6324.113248,1,0,1,0,1,0,0,1,1
6327.994457,1,0,1,1,0,0,0,1,0
6334.375416,1,1,1,1,0,0,0,1,1
6340.322791,1,0,1,1,0,0,0,0,1
6346.927905,1,1,1,1,1,0,0,0,0
6348.386386,1,1,0,0,0,1,0,1,1
6350.556709,1,1,0,0,0,1,1,0,0
6353.929465,0,0,1,1,1,0,0,1,0
6360.328789,1,0,1,0,1,0,1,1,0
6368.439577,0,0,1,0,1,0,0,1,1
6370.368095,1,0,1,0,0,1,1,1,0
6371.545448,1,0,0,0,0,0,0,1,0
6373.411705,1,1,1,1,1,1,1,0,0
6378.739275,1,0,1,0,1,0,1,1,0
6386.176889,1,0,1,0,1,0,1,0,1
6395.352410,1,0,1,1,0,0,1,1,0
6396.615742,1,1,1,0,1,1,0,1,1
6396.696734,0,1,1,1,1,0,1,0,0
6400.622342,1,0,0,1,1,0,1,0,1
6406.190967,0,0,1,0,0,1,1,0,1
6407.933217,0,0,1,1,0,0,1,1,0
6413.180786,1,1,1,0,1,1,1,0,0
6415.214437,0,0,0,1,0,0,1,1,0
6424.016734,0,1,1,0,0,0,1,0,1
6426.744734,0,1,1,1,0,1,0,1,0
6434.862309,0,0,0,0,1,1,0,1,0
6437.210403,0,0,1,1,1,0,0,1,0
6444.829688,0,0,0,0,1,1,0,0,0
6445.744818,1,1,0,0,0,1,1,0,1
6451.583385,1,0,0,1,0,0,1,1,1
6452.390756,0,0,1,0,1,0,0,1,0
6453.994734,0,1,0,0,1,1,0,1,0
6458.949367,0,1,0,0,0,0,1,1,1
6466.663247,1,0,0,1,1,1,0,0,1
6471.168301,1,1,1,1,0,1,0,0,0
6480.690262,0,1,1,1,0,0,0,0,1
6485.188235,0,0,0,1,0,1,1,0,1
6492.580786,0,1,0,0,1,1,1,1,0
6494.600363,1,1,0,1,0,1,1,1,0
6501.949621,0,0,1,1,1,1,0,1,0
6505.743346,0,1,1,0,1,1,0,1,0
6512.817545,1,1,1,1,1,0,0,1,1
6515.084458,0,1,1,0,1,0,0,0,0
6523.597427,0,0,0,1,0,1,1,0,0
6523.790715,1,0,0,1,0,1,1,1,1
6529.126517,0,0,1,0,1,1,0,1,1
6529.882837,1,1,1,0,1,1,1,0,0
6535.839417,0,1,1,0,0,1,0,1,1
6545.803320,1,0,1,1,1,0,0,0,1
6550.813879,1,1,0,1,0,0,0,1,0
6558.704945,0,0,1,0,1,1,0,0,1
6564.785237,0,0,1,0,1,1,1,1,1
6566.547806,1,0,1,0,1,1,1,0,0
6569.881806,1,0,1,0,1,0,0,1,0
6579.394460,1,1,0,1,1,1,0,0,0
6586.586794,1,1,1,0,1,0,0,1,1
6596.060531,1,1,0,0,0,1,1,0,0
6605.159242,1,0,1,1,1,0,0,1,1
6605.715742,1,1,1,1,1,0,0,0,0
6610.822614,1,1,0,0,0,0,0,1,1
6618.491061,0,1,1,0,0,0,0,0,0
6624.290689,0,0,1,1,1,0,0,1,1
6631.766065,0,0,0,0,0,0,1,1,1
6640.280270,1,0,1,1,1,0,1,0,1
6642.339888,1,1,0,1,1,0,0,1,0
6647.028446,0,0,1,1,1,1,0,1,1
6656.609326,1,0,0,0,0,1,1,1,0
6659.631172,0,0,0,0,0,0,1,1,1
6660.614217,1,0,1,1,1,0,0,1,0
6664.911662,0,0,0,0,1,1,1,1,0
6668.138146,1,1,0,1,1,0,1,1,1
6675.013459,0,0,0,0,0,1,1,1,0
6681.164556,1,0,0,0,1,0,1,0,0
6690.386191,1,1,1,1,0,1,1,0,0
6695.018307,0,0,0,1,1,1,1,1,0
6701.536122,1,0,1,0,0,0,1,1,0
6709.388531,1,1,0,0,0,0,0,0,1
6719.208845,0,1,0,1,0,0,1,0,0
6723.500604,0,0,0,0,1,0,1,1,1
6725.582204,1,0,1,0,1,0,1,0,1
6734.751486,0,0,1,1,0,0,1,0,0
6735.121302,1,1,1,0,0,0,1,1,1
6738.123607,1,0,1,1,1,0,1,1,1
6747.281200,0,0,0,0,0,0,1,0,0
6755.970652,0,1,1,0,1,0,1,0,0
6759.030169,1,0,1,1,1,1,1,0,0
6759.633519,0,1,1,1,1,0,0,1,1
6768.121529,1,0,1,0,1,0,0,1,1
6770.821123,1,1,0,1,1,1,0,1,0
6771.252849,1,1,1,1,1,1,1,0,0
6772.783108,0,1,0,0,1,1,0,0,0
6780.625748,0,0,0,1,1,1,1,0,1
6783.152446,0,1,0,0,1,1,0,1,1
6783.438424,1,1,0,0,0,1,0,0,1
6788.776314,1,1,0,0,0,1,1,1,1
6790.247755,1,1,1,1,0,0,0,0,0
6794.373612,1,0,1,0,0,1,1,0,1
6800.233829,1,0,1,1,0,0,0,0,1
6808.128777,0,1,0,1,1,0,1,0,0
6812.333600,0,1,0,0,1,0,1,1,1
6813.348485,0,1,1,0,1,1,1,1,0
6814.619716,0,0,0,0,1,0,1,0,1
6817.725996,0,1,0,1,1,1,1,0,0
6827.119684,1,1,0,0,1,1,1,1,1
6832.447143,0,0,1,0,0,1,1,1,0
6837.628348,0,0,0,0,0,0,1,1,0
6839.144348,0,0,1,0,0,1,1,1,1
6845.466555,0,0,1,1,0,0,0,0,1
6854.023247,1,0,0,0,0,1,0,1,1
6857.949088,1,0,0,0,0,1,1,1,0
6861.125528,1,1,1,1,0,0,1,0,1
6863.516861,1,1,0,1,1,1,1,0,1
6863.916228,0,1,0,1,1,0,0,0,1
6871.497744,0,0,1,1,0,0,1,0,1
6878.156732,0,1,0,1,1,0,1,0,0
6883.761567,1,0,1,0,0,1,0,0,1
6888.552004,1,1,0,1,0,1,1,0,0
6888.873672,1,1,1,0,0,1,0,0,1
6891.774382,0,0,0,0,1,0,0,0,1
6895.640026,0,1,0,1,0,0,1,0,0
6900.567087,1,0,1,1,0,1,1,0,1
6901.300998,0,1,0,1,1,1,1,0,1
6903.879174,0,1,0,1,1,1,0,0,1
6913.593488,1,1,0,0,0,1,1,1,0
6914.234508,1,1,1,0,0,1,1,0,1
6921.898975,0,1,1,0,1,0,1,0,1
6931.877858,1,1,0,1,1,1,1,1,1
6937.606762,0,1,0,1,1,0,1,1,0
6941.521373,1,0,0,0,1,0,0,1,0
6948.158346,1,1,0,1,0,0,1,1,0
6948.649493,0,1,1,1,0,1,0,0,0
6958.163930,1,0,0,1,1,0,1,0,0
6966.328310,1,0,0,1,0,1,1,1,1
6971.664971,1,0,1,0,1,1,1,0,1
6975.121589,1,1,1,0,0,0,1,1,0
6978.066739,0,1,0,0,1,0,0,0,1
6985.987739,0,1,0,0,1,0,0,0,0
6995.610044,0,0,1,1,1,1,1,1,1
7002.656971,1,0,1,1,1,0,0,0,0
7006.242518,0,0,1,0,1,1,1,1,1
7015.857941,1,0,0,1,0,1,0,1,1
7021.726618,0,1,1,1,0,1,1,0,1
7023.638255,0,0,0,1,1,1,1,1,1
7031.416255,1,1,0,0,0,1,0,0,0
7040.911255,1,1,1,1,1,0,0,0,0
7050.435112,0,1,1,1,0,1,0,0,1
7050.966204,0,0,1,1,1,0,0,1,0
7051.558219,0,1,1,1,0,0,0,1,1
7052.187571,1,0,1,0,0,1,0,0,0
7060.980403,0,0,0,1,0,0,0,1,1
7062.729016,0,0,0,1,1,1,0,1,1
7066.652591,0,1,1,0,0,1,0,1,0
7067.457293,1,1,0,0,1,1,1,0,1
7075.796221,1,1,1,0,0,0,1,1,0
7078.311728,1,1,0,0,1,0,1,0,1
7084.589795,0,0,0,0,0,0,1,0,0
7088.590395,0,0,1,0,0,1,1,1,1
7092.815692,1,0,0,0,0,1,1,1,1
7098.191530,1,1,1,1,1,0,0,1,0
7099.389779,1,0,1,0,0,0,0,0,0
7100.931978,0,0,0,0,1,1,0,1,0
7109.213111,1,1,0,0,0,1,0,1,1
7114.213611,0,1,1,1,1,1,1,0,0
7120.880611,0,0,1,0,1,0,0,0,0
7127.563407,1,1,1,1,0,1,1,0,1
7135.422502,1,1,1,0,1,1,1,0,1
7135.953923,1,1,0,1,1,1,1,1,1
7143.782145,1,0,0,0,1,0,0,1,1
7150.331026,0,0,1,1,0,0,0,1,0
7153.992862,1,1,1,0,1,1,0,1,0
7159.282701,1,0,1,1,1,1,0,1,0
7167.177648,1,0,0,1,0,0,1,0,1
7176.001295,1,0,1,0,0,1,0,0,0
7183.048004,1,0,1,0,1,1,0,1,1
7189.400878,1,1,1,1,1,0,1,1,1
7192.158012,0,0,0,0,0,0,1,1,1
7200.382371,0,0,1,0,0,1,0,0,1
7208.077274,1,0,1,1,0,1,0,0,0
7209.788629,0,0,1,1,0,1,1,0,1
7215.090162,0,1,0,0,1,0,0,1,0
7224.820250,0,1,0,1,1,1,1,1,1
7230.363553,1,0,0,1,1,1,1,1,0
7239.411267,0,1,1,0,1,1,0,1,1
7247.827884,1,1,1,0,0,1,0,0,0
7249.242737,1,1,0,0,0,1,0,0,1
7256.380874,0,1,1,0,0,1,1,0,1
7256.712684,1,0,0,1,0,0,1,1,0
7265.753370,1,0,0,0,0,1,0,0,1
7275.312238,1,1,0,0,1,1,1,1,0
7280.787374,0,0,1,1,1,1,1,1,0
7288.601800,0,1,0,1,0,1,0,1,1
7290.650788,1,1,0,1,0,0,1,1,0
7298.952116,0,1,0,0,0,1,1,0,1
7307.848126,1,1,1,1,0,1,1,0,1
7312.270452,1,0,0,1,0,1,1,0,0
7313.199556,1,1,0,0,0,1,0,0,1
7322.614248,1,1,1,0,0,1,1,1,1
7323.456286,0,1,1,1,1,1,0,0,1
7325.511875,1,1,1,1,1,1,1,0,1
7329.328918,0,1,1,0,1,1,0,0,0
7338.683821,1,1,0,0,0,0,1,0,1
7339.795821,0,1,1,0,0,0,0,1,0
7345.485202,1,0,0,0,1,0,0,0,0
7347.219362,0,1,1,1,0,0,0,1,1
7352.087425,0,1,0,1,0,0,1,0,0
7352.670022,0,0,1,1,1,1,0,0,1
7360.317316,0,1,0,1,0,0,1,0,0
7366.490206,0,0,0,0,0,1,0,1,0
7373.680570,1,0,1,1,0,1,1,0,0
7373.935351,1,1,0,0,0,1,0,1,0
7379.194790,0,0,1,0,0,0,0,1,1
7385.353944,0,1,1,1,0,1,1,0,1
7388.575776,1,0,0,1,0,0,1,0,1
7394.452901,0,0,0,0,1,0,0,1,0
7396.901573,1,1,1,0,0,1,0,1,1
7406.346073,0,0,1,1,1,0,0,1,1
7407.692071,0,0,1,0,0,0,0,0,1
7408.792099,1,0,0,1,0,0,0,1,1
7409.679086,1,0,0,0,1,0,1,1,1
7413.130445,0,0,0,1,1,0,1,1,1
7421.880570,0,1,0,0,1,0,1,0,0
7429.667458,0,0,1,1,1,1,1,1,0
7430.213151,0,0,0,0,1,1,1,1,1
7439.359578,0,1,1,0,0,0,0,1,0
7440.118796,1,1,0,1,1,1,0,0,1
7445.119296,1,1,0,0,0,1,0,1,1
7450.141918,1,0,0,1,1,1,1,0,0
7455.574998,0,1,0,0,1,0,1,1,0
7464.419045,1,0,1,0,0,0,1,1,1
7473.128513,1,1,1,0,0,0,0,0,1
7481.595715,1,0,0,1,1,0,0,0,1
7488.351166,0,0,1,0,0,0,0,1,1
7489.291788,0,0,0,1,0,1,1,0,0
7497.806923,0,1,0,1,1,1,1,0,0
7502.776625,1,0,1,1,0,0,1,1,0
7507.064926,0,0,1,1,0,1,1,0,0
7514.472592,1,1,0,1,1,1,0,1,0
7521.291092,0,0,0,0,0,1,1,0,0
7524.013339,1,0,1,0,0,0,0,0,0
7524.848768,1,0,1,1,0,1,0,0,0
7527.686023,1,0,1,0,1,0,0,1,1
7532.339619,0,1,0,0,1,1,1,0,1
7532.848550,1,0,1,1,0,0,1,0,1
7538.260774,0,1,0,1,0,0,0,1,0
7539.934758,0,1,0,0,1,1,1,1,0
7545.209567,1,1,0,1,0,0,1,0,0
7549.837644,1,0,1,0,1,1,0,1,1
7557.110644,0,1,1,1,0,1,0,0,1
7560.336692,1,1,1,0,1,0,1,0,1
7564.576959,1,1,1,0,1,0,0,0,1
7568.090298,1,0,0,0,1,0,0,0,0
7577.855947,0,1,1,1,0,0,0,0,1
7579.013856,0,1,1,1,0,0,1,1,1
7583.949427,0,1,0,0,0,0,1,1,1
7587.813677,1,1,1,0,0,0,0,0,0
7587.957520,1,0,1,1,0,0,1,1,0
7591.544471,1,0,1,1,1,1,0,1,0
7592.175038,0,1,1,0,1,1,0,0,1
7600.849869,0,0,1,1,0,0,1,1,0
7602.336189,1,1,0,0,1,0,1,1,1
7611.835670,0,0,0,1,1,0,1,1,0
7618.105770,1,0,0,0,1,1,0,0,1
7626.043002,0,0,0,1,1,1,1,0,0
7635.079115,1,0,1,1,0,1,1,1,0
7636.685588,1,1,0,0,0,0,1,1,1
7643.509940,0,1,0,0,1,1,0,0,1
7647.180947,1,0,0,1,0,1,1,0,0
7649.142259,1,0,1,0,0,1,0,1,0
7649.237589,0,0,1,0,1,0,0,0,1
7655.518449,1,0,0,1,0,1,0,0,0
7663.930668,0,1,0,1,1,0,1,0,0
7669.286583,1,1,1,0,1,0,0,0,1
7676.093967,1,1,0,0,0,1,0,1,0
7680.473228,0,0,1,0,0,0,1,1,0
7684.028476,1,0,1,1,0,0,1,1,1
7693.005560,0,1,0,1,1,0,0,0,0
7696.098356,1,0,1,1,1,1,1,0,0
7704.516966,0,1,1,0,1,1,1,1,1
7705.751609,0,0,0,0,1,1,0,1,1
7715.431128,1,1,1,0,0,0,0,0,1
7720.975340,0,1,0,1,1,0,0,0,0
7724.907151,1,0,0,1,1,0,1,1,1
7734.269316,1,0,1,0,1,0,0,1,0
7742.597608,0,1,0,1,0,1,0,1,0
7749.451856,0,1,1,1,1,0,1,1,1
7758.023427,1,0,0,1,0,1,1,1,1
7767.789684,1,1,1,0,0,0,1,1,1
7777.769340,1,0,0,0,0,0,1,0,0
7781.463153,1,1,0,1,1,0,1,1,0
7781.570525,0,1,0,0,1,1,0,0,0
7788.005664,0,0,1,1,1,0,0,0,1
7792.166248,0,1,1,0,1,1,0,0,0
7800.547913,0,1,1,1,1,0,1,0,1
7800.920497,1,1,0,0,1,1,1,1,0
7804.162763,1,1,1,1,1,1,0,1,0
7807.689052,0,1,0,1,0,1,1,0,0
7811.510425,0,1,1,0,1,0,0,0,1
7815.858816,0,1,1,0,0,0,1,0,1
7823.642543,0,1,0,1,1,0,0,1,1
7828.066177,0,1,1,0,1,1,0,0,1
7836.691907,0,0,1,1,0,1,1,1,0
7839.411082,1,1,1,0,1,1,1,1,0
7842.885419,1,1,1,0,1,1,0,1,1
7842.931459,1,0,0,0,1,1,0,0,0
7850.577483,0,1,0,1,0,0,1,0,0
7855.577983,1,1,1,1,0,0,1,0,1
7862.322857,0,0,1,1,1,1,1,0,0
7868.850050,1,1,0,0,1,1,0,0,1
7870.501370,1,1,1,0,0,0,0,1,1
7877.901630,1,1,1,0,0,1,0,1,1
7886.190090,1,1,1,1,1,0,0,1,1
7889.210111,1,0,0,0,0,1,1,1,1
7894.568543,0,1,1,0,1,0,0,1,1
7904.417501,0,0,0,1,0,1,1,0,0
7911.306701,1,0,1,1,1,1,1,1,0
7920.369295,0,1,1,1,1,1,1,0,1
7930.157610,0,0,1,1,1,1,1,1,1
7938.456209,0,0,1,1,1,0,0,0,1
7944.673933,1,0,0,0,1,1,1,0,1
7953.404630,0,1,1,0,1,1,0,1,1
7954.578020,1,1,0,0,1,0,0,1,0
7963.754013,1,1,1,1,0,1,1,1,1
7971.515795,1,0,1,0,1,0,0,0,0
7975.792229,1,0,1,1,0,1,0,0,0
7977.798041,0,0,1,0,0,1,0,1,0
7979.536155,1,0,0,1,0,1,1,1,0
7985.316394,0,1,1,0,1,0,1,1,1
7991.840630,1,0,1,0,1,1,0,0,1
8001.685606,1,1,1,1,1,0,0,0,1
8011.064979,1,1,1,1,1,1,0,1,0
8020.998319,0,1,1,0,1,0,1,1,0
8024.030930,1,0,1,1,0,1,1,1,0
8028.089496,1,0,0,1,1,0,0,1,1
8034.539685,0,0,0,1,0,0,0,1,1
8038.086037,0,0,1,1,0,0,0,0,1
8046.687947,0,0,1,0,0,0,0,1,1
8048.783975,0,0,0,1,1,0,0,1,0
8057.002280,0,1,1,1,0,0,0,1,0
8059.330091,1,1,0,0,0,1,0,0,0
8065.915132,1,0,0,1,1,1,1,1,0
8068.162284,1,0,1,1,0,1,0,1,1
8072.145408,0,0,0,0,0,0,1,1,0
8075.968068,0,1,1,1,0,0,0,1,0
8077.550679,1,1,1,1,0,1,1,0,1
8080.218079,1,1,0,0,0,1,1,1,0
8083.479623,1,1,0,0,1,0,1,1,0
8083.846440,0,0,0,1,0,0,1,0,1
8091.467823,0,0,0,1,0,1,0,0,1
8101.134523,0,0,0,0,1,1,1,1,0
8101.559723,0,1,1,1,1,1,0,0,0
8106.993015,1,1,0,1,0,1,1,1,0
8108.660515,0,0,0,1,1,0,1,1,0
8116.261955,1,1,1,1,1,0,1,0,1
8116.748557,1,1,1,0,1,0,0,0,1
8123.094101,1,1,0,0,0,0,0,1,1
8126.993793,0,1,0,1,1,1,1,0,1
8127.321986,1,1,1,0,0,1,1,0,0
8134.096031,1,1,1,0,0,0,0,0,0
8135.073364,0,1,0,1,1,0,0,0,1
8135.497851,1,0,1,1,1,1,0,0,1
8142.370976,1,0,1,0,1,1,0,1,1
8143.322585,1,1,1,0,0,0,1,1,0
8145.823335,1,0,0,0,0,1,0,1,1
8145.824335,0,0,0,1,0,0,0,1,0
8148.915478,1,0,1,0,1,1,0,1,1
8158.691286,0,1,0,0,0,1,1,1,1
8167.336110,1,0,0,0,1,1,1,0,0
8167.595387,1,0,1,0,1,0,1,0,1
8168.880042,0,0,1,1,0,1,0,0,0
8175.411554,1,1,0,1,1,1,0,1,1
8176.456173,0,1,1,1,1,0,1,1,1
8186.199789,0,1,0,1,0,0,1,0,1
8195.326382,0,1,0,0,0,1,1,0,0
8203.121574,0,0,0,1,1,1,1,0,0
8204.174505,1,1,0,0,0,1,1,0,1
8207.554958,0,1,0,1,0,0,1,1,0
8208.748681,0,1,1,1,1,1,0,1,0
8211.905259,1,0,1,0,1,1,1,0,0
8216.905759,0,1,0,1,1,0,1,1,1
8224.623634,1,0,0,0,1,1,1,1,0
8226.214933,0,1,0,0,0,1,0,1,0
8230.674946,1,1,0,0,1,0,0,0,0
8231.750803,1,0,0,1,0,1,0,1,1
8241.659237,0,1,0,1,1,0,1,0,0
8251.076394,0,0,1,1,0,1,0,1,1
8252.017471,1,1,0,1,1,0,1,0,1
8255.435851,1,1,0,1,0,1,0,1,0
8264.674137,1,0,1,0,0,1,1,0,1
8273.245709,1,1,0,0,1,1,1,0,1
8280.088130,0,1,1,1,1,1,0,0,0
8284.533130,0,1,0,0,0,0,0,1,1
8291.228197,0,0,1,0,0,1,1,0,1
8295.191065,0,1,1,1,1,1,1,0,1
8302.665720,1,0,0,0,0,0,1,1,1
8308.725228,0,1,1,1,0,0,1,1,0
8311.256516,1,0,1,1,0,0,0,1,0
8312.622567,0,0,0,0,1,1,1,1,0
8320.678317,1,1,0,0,1,0,0,1,0
8326.117370,1,1,1,1,0,1,0,0,0
8335.722532,0,1,0,0,1,0,1,0,0
8339.340191,1,1,0,1,0,0,1,1,0
8348.828472,1,1,0,0,0,1,1,1,0
8357.193025,1,0,0,0,1,0,0,1,1
8366.560177,0,0,0,0,0,1,0,0,1
8367.290033,0,1,1,0,0,0,1,0,1
8372.025253,0,1,0,0,1,0,1,1,0
8377.474560,1,1,0,1,1,0,1,0,0
8381.126511,1,1,0,1,0,1,0,0,0
8383.008201,0,0,0,1,1,1,1,1,0
8391.617155,1,1,1,1,1,1,1,1,0
8400.294805,0,1,1,0,1,1,1,0,1
8409.119064,1,1,1,1,0,1,0,0,0
8413.139270,0,0,0,0,1,1,1,0,0
8414.852303,0,1,0,1,1,0,0,1,0
8420.706712,0,1,1,0,1,0,1,1,0
8426.052706,0,1,0,1,1,0,1,1,1
8429.119302,0,1,0,1,1,0,1,1,1
8432.865000,0,1,0,1,1,1,1,0,1
8439.931161,1,0,0,1,1,1,0,0,0
8444.884273,0,1,0,0,1,0,1,1,1
8453.565597,1,0,0,0,1,0,0,0,1
8459.134622,1,1,0,1,0,1,1,1,0
8460.638362,0,0,0,1,1,1,1,1,0
8462.382703,1,1,1,0,0,1,0,0,1
8465.825982,0,0,1,0,1,0,0,0,1
8467.076857,0,0,0,0,1,0,0,0,0
8472.495920,1,1,1,1,0,0,0,0,0
8476.735847,1,1,1,0,1,0,0,1,0
8484.900093,1,0,0,1,0,1,1,1,0
8485.859901,1,1,0,1,1,1,0,0,0
8487.860701,1,1,0,1,1,0,0,1,1
8490.476824,0,1,0,0,1,0,1,0,1
8493.981517,1,1,1,0,0,1,0,0,1
8494.245649,0,0,1,0,0,0,1,0,0
8494.666554,0,0,0,0,0,0,0,1,0
8495.543379,1,0,0,0,0,1,1,1,0
8503.833162,0,0,1,0,0,0,0,1,0
8504.972470,1,0,0,0,0,0,0,1,1
8513.766614,0,0,1,1,0,0,1,0,0
8520.707053,0,1,0,0,0,1,0,1,1
8522.729909,0,1,0,1,1,1,0,1,1
8532.098164,0,1,0,1,0,1,0,0,1
8540.139362,1,0,1,1,1,0,1,1,1
8546.648898,1,1,0,0,0,1,0,0,0
8552.696537,1,1,0,0,0,0,1,1,0
8553.321421,0,1,1,0,0,0,0,1,0
8556.648199,1,0,0,0,1,1,1,1,0
8560.700838,0,0,1,1,1,1,0,1,1
8562.482830,1,0,1,0,0,0,0,0,0
8569.149830,0,0,1,0,0,0,0,0,0
8576.274367,0,1,0,0,0,0,0,0,1
8579.852990,1,0,0,0,0,0,0,0,0
8581.095945,0,0,1,1,0,1,1,0,0
8583.812723,0,1,0,0,0,0,1,0,1
8592.701723,1,1,0,1,1,1,1,0,1
8596.157527,0,1,1,0,0,0,0,1,0
8602.353559,0,1,1,0,0,1,0,1,0
8606.548193,0,1,1,1,0,0,1,0,1
8614.390732,1,0,1,1,1,1,1,1,1
8615.709782,0,1,0,0,1,0,0,1,1
8619.909392,0,1,0,1,1,1,0,0,0
8625.588836,1,1,1,0,1,0,0,1,0
8631.941710,0,0,0,0,0,0,0,1,0
8634.239778,1,1,0,0,1,0,1,1,1
8636.014794,1,0,1,1,0,1,1,0,1
8643.465049,0,1,0,1,0,1,1,0,1
8644.022407,1,1,1,1,1,0,0,1,1
8650.965944,0,1,0,0,1,0,1,1,1
8656.544700,1,1,1,1,0,1,0,0,1
8658.352416,0,1,0,1,0,0,0,0,0
8658.585951,0,1,1,0,1,0,1,0,1
8664.067972,0,0,1,0,0,1,1,0,0
8666.790219,0,0,1,1,0,0,1,1,1
8670.662391,1,0,0,1,1,1,0,0,1
8674.144056,1,1,1,1,0,0,1,1,1
8677.118443,1,1,0,0,1,1,1,1,0
8680.932395,1,1,0,1,1,1,0,0,1
8684.870283,0,1,0,0,0,1,1,1,1
8687.206379,1,1,1,0,0,1,0,0,0
8696.229278,0,0,0,0,1,0,0,0,1
8699.198731,1,1,1,1,1,1,1,0,1
8708.308409,0,0,0,1,0,1,1,0,0
8711.119046,1,0,1,0,0,1,0,1,0
8718.319326,1,0,1,1,1,0,0,1,1
8725.767279,0,1,1,0,0,1,1,1,1
8727.889990,1,1,0,0,1,1,0,0,0
8728.791309,1,1,1,1,0,1,1,0,0
8735.918581,0,0,0,0,0,1,0,1,1
8736.602106,0,0,1,0,1,0,0,1,1
8741.994864,0,1,1,1,1,0,0,0,1
8750.161714,1,1,1,1,0,0,1,0,0
8759.437354,1,0,1,1,1,0,0,0,1
8763.811250,0,1,0,1,1,0,0,1,1
8767.860471,0,0,1,1,0,0,0,1,0
8773.560801,1,0,0,0,1,1,0,1,1
8776.874539,1,0,0,0,0,0,0,1,0
8777.805679,0,0,0,1,1,0,0,1,0
8786.347491,1,1,1,1,1,0,0,1,0
8795.538244,1,0,1,1,1,1,1,1,1
8804.414096,0,0,1,1,1,0,1,1,1
8807.539784,1,0,0,1,1,1,1,0,0
8815.987351,1,1,0,1,1,0,0,1,0
8822.452962,1,0,1,0,0,1,1,0,1
8831.635674,1,0,1,1,0,0,0,1,1
8833.765282,0,1,1,1,1,1,0,1,1
8837.913025,1,1,1,0,0,0,1,0,1
8842.645695,1,1,1,1,1,0,1,0,0
8845.604732,1,0,0,0,0,1,0,0,1
8847.542426,0,0,1,1,0,1,1,0,0
8847.543426,0,1,0,1,0,1,0,0,1
8849.254292,1,1,0,1,1,1,0,0,0
8855.413213,0,0,1,1,0,1,1,0,0
8860.938661,1,0,1,0,1,0,1,1,1
8866.679827,1,1,0,0,0,0,1,0,1
8873.472601,0,0,0,1,0,0,0,1,1
8874.238625,0,0,0,1,0,0,0,1,1
8875.470087,1,1,0,0,0,0,0,0,0
8875.471087,0,0,0,0,1,0,0,1,1
8881.165962,1,1,0,1,1,1,0,0,1
8888.261054,1,0,1,1,1,1,1,0,0
8894.142390,0,1,0,1,0,1,1,1,1
8903.538828,1,0,1,0,1,1,0,1,0
8906.576334,0,0,1,0,0,0,1,0,0
8913.459763,0,1,1,0,1,0,0,0,0
8922.312337,1,0,1,0,0,1,1,0,0
8928.088621,0,0,1,0,0,0,0,1,1
8928.879016,0,1,0,1,0,1,1,1,1
8929.530838,0,0,1,0,1,1,0,0,1
8930.915629,1,0,0,0,1,0,1,0,0
8931.579152,1,1,0,0,0,0,0,0,0
8931.738364,0,0,1,0,1,0,0,0,1
8932.376884,0,1,1,1,0,1,0,0,0
8941.572366,0,1,0,1,0,0,0,0,1
8945.767026,1,0,0,0,0,0,0,1,1
8953.176853,1,1,1,1,1,1,1,0,1
8962.828903,1,1,1,1,0,1,1,0,0
8967.280803,0,1,1,1,0,0,0,1,1
8972.153111,0,0,0,1,0,1,1,0,0
8972.509631,1,0,1,0,1,1,1,0,1
8981.360045,1,0,0,1,1,1,1,1,0
8982.371775,0,0,1,1,1,0,0,0,1
8991.660837,0,1,1,0,0,0,1,1,0
8991.760107,1,1,1,0,0,0,0,0,1
8993.153013,1,0,1,0,1,0,0,0,0
8999.103075,1,1,1,1,1,1,1,0,1
9000.694130,0,0,1,0,0,1,0,1,1
9010.154616,0,1,1,1,0,1,0,0,0
9014.087261,0,0,0,0,1,0,0,0,1
9020.057813,0,0,1,0,1,1,0,0,1
9024.092893,0,1,1,1,0,0,1,0,0
9030.114796,1,0,0,0,1,1,0,1,1
9036.771603,0,1,1,1,1,1,0,1,1
9042.690793,0,1,1,0,0,1,0,1,1
9043.518157,0,0,0,0,1,0,0,0,0
9053.175116,0,1,0,1,0,0,0,0,0
9061.994026,0,0,0,1,1,1,0,1,0
9065.574915,0,0,1,1,0,1,1,1,0
9068.191038,0,0,0,0,0,0,1,0,1
9068.607042,0,0,0,0,1,0,0,1,0
9071.964849,1,0,1,1,1,0,0,1,1
9075.667976,0,1,0,0,0,1,1,0,0
9084.453144,1,1,1,1,1,0,0,1,0
9087.357080,1,0,0,1,0,1,0,1,0
9092.260815,0,1,1,1,0,0,0,1,0
9093.569235,0,1,0,1,1,0,0,1,0
9102.039139,0,1,1,1,1,1,0,0,0
9108.444181,0,0,1,1,1,1,1,0,0
9109.652925,0,0,1,1,1,0,0,0,1
9115.175462,1,1,0,0,1,0,0,0,1
9117.676212,0,0,1,1,0,0,1,0,0
9126.434956,0,0,0,0,0,1,0,1,1
9132.903841,0,0,1,0,0,1,1,1,1
9140.317542,0,1,1,0,1,0,0,0,0
9147.985335,1,0,0,0,0,0,1,0,1
9150.843192,1,1,0,1,1,1,1,1,0
9153.920808,0,1,0,0,1,1,1,0,0
9158.469639,0,0,1,0,1,0,1,1,0
9163.854716,1,1,1,0,1,0,1,0,0
9169.382394,0,0,0,1,1,1,1,0,1
9175.003638,1,1,0,0,1,1,1,0,0
9177.504388,1,1,0,1,0,1,1,0,0
9177.959888,1,0,0,0,1,1,0,0,1
9186.313527,1,0,0,1,1,1,0,1,0
9189.362498,0,0,1,0,1,1,1,0,1
9191.680339,0,1,0,0,1,1,0,0,1
9196.918910,1,0,1,0,0,0,0,0,0
9205.055580,1,0,0,0,1,1,1,0,0
9211.410783,0,0,0,1,1,0,0,0,1
9217.645469,1,0,0,1,0,0,0,0,1
9224.675055,1,1,0,1,0,0,1,1,1
9228.009055,0,0,0,0,0,1,1,0,1
9234.331538,1,1,0,1,0,1,0,1,1
9239.692504,0,0,0,1,1,1,1,0,0
9244.359704,0,0,1,1,0,1,0,0,0
9245.697204,1,0,1,1,1,0,1,1,0
9253.371429,0,1,0,0,1,0,1,0,1
9258.069429,1,0,1,0,0,1,1,0,1
9261.695066,0,1,1,0,0,0,1,1,0
9264.217841,1,1,1,1,0,1,0,1,0
9273.409841,0,1,0,0,1,1,1,1,0
9279.343581,1,1,0,1,0,1,0,1,0
9279.943505,0,1,0,1,0,0,1,1,1
9281.566391,0,1,0,0,0,1,1,1,1
9286.484352,0,0,1,1,1,0,0,0,1
9291.005447,0,1,0,1,0,1,0,1,1
9298.079814,0,1,0,1,1,1,0,1,0
9307.054276,0,0,0,0,1,1,1,0,1
9312.975736,0,0,1,1,0,0,1,1,1
9317.014068,1,1,0,0,1,0,0,1,0
9325.168099,0,1,1,0,1,0,0,1,0
9326.691581,0,0,0,1,0,0,1,1,1
9335.505259,0,1,1,1,1,1,0,1,1
9335.670177,1,1,1,1,1,1,1,0,1
9340.681664,1,0,0,1,1,0,0,1,0
9343.938153,1,1,0,1,1,1,1,1,1
9349.241449,0,0,1,0,0,1,0,1,0
9354.410851,1,0,0,1,0,0,1,1,0
9361.601702,1,1,1,1,1,0,0,0,0
9363.322042,1,0,1,0,0,1,1,1,1
9363.596003,0,0,0,0,1,0,1,1,1
9370.520997,0,1,0,1,0,0,1,0,0
9378.098879,0,1,1,1,0,0,1,1,1
9385.511651,0,1,1,0,1,1,1,1,0
9393.810790,1,0,0,0,0,1,1,0,0
9394.775549,0,1,0,1,0,1,1,0,0
9398.968676,0,1,1,0,1,0,1,1,1
9408.922598,1,0,0,1,1,0,1,1,1
9410.053920,1,1,0,0,0,1,1,0,0
9413.315463,0,0,0,1,0,1,0,0,0
9421.956195,1,1,0,0,1,1,0,1,1
9424.295759,0,1,1,0,1,0,1,1,0
9431.069131,1,0,1,1,0,1,0,1,0
9433.346899,0,0,0,0,1,0,0,1,0
9441.457324,1,0,0,1,1,0,1,0,0
9449.015566,1,1,1,1,0,0,1,1,1
9454.578642,1,0,0,0,1,1,1,1,0
9459.450950,1,0,0,1,0,0,1,1,1
9468.988709,1,0,0,0,0,0,1,0,1
9476.694566,0,1,0,0,1,1,0,0,1
9478.840680,0,0,0,0,1,1,1,0,1
9480.650669,1,0,1,1,0,1,0,0,1
9484.505451,1,0,1,0,1,0,1,0,0
9485.669125,0,0,0,1,0,1,0,0,1
9495.302670,0,1,0,1,0,0,1,1,1
9498.405454,1,0,1,0,1,0,0,0,1
9505.844577,0,0,0,0,1,1,0,0,0
9509.498244,1,1,0,0,1,1,1,1,1
9512.253686,1,1,1,1,0,1,0,1,0
9513.459777,0,1,0,1,0,1,0,1,0
9521.729846,1,1,1,0,0,1,0,0,0
9522.793240,0,0,1,1,0,1,1,1,1
9529.118394,0,0,0,1,0,0,0,0,1
9534.401884,0,1,0,0,1,1,0,1,0
9540.414629,1,1,1,1,0,0,0,0,1
9540.415629,1,0,1,1,1,1,1,1,0
9544.331131,1,0,0,1,1,0,1,0,1
9547.617966,0,0,0,1,0,0,1,1,1
9555.921166,1,1,1,0,0,1,1,1,0
9563.045917,1,1,1,0,1,0,0,0,1
9568.263786,1,1,1,1,0,1,0,1,1
9569.978901,1,1,0,0,1,1,0,1,0
9570.593874,0,0,0,0,1,1,0,0,0
9572.640124,0,0,0,1,0,1,0,0,1
9576.640724,1,1,0,1,1,1,0,0,1
9583.476484,0,0,0,1,1,1,1,0,1
9589.619894,1,0,0,0,0,0,0,0,1
9595.038534,1,1,0,0,1,0,1,1,0
9600.423611,1,0,0,0,0,0,0,1,1
9604.000896,1,0,0,0,0,1,1,1,0
9607.314448,0,1,0,1,0,1,1,0,1
9611.530273,0,1,0,1,1,0,0,0,1
9620.611082,1,1,1,1,0,0,0,1,0
9624.223212,1,0,1,0,1,0,0,1,0
9626.762127,0,0,0,1,1,0,0,1,1
9635.375404,0,1,1,1,1,0,1,0,0
9637.591372,1,1,1,0,1,1,1,1,1
9646.703611,0,0,0,0,1,0,1,0,0
9655.771886,0,0,0,0,0,1,1,0,0
9656.026667,0,0,1,0,1,0,1,0,1
9665.667813,0,0,0,1,0,1,0,0,1
9667.116036,1,0,1,0,1,0,1,1,0
9670.820370,1,0,1,1,1,0,0,0,1
9676.909277,0,1,0,0,0,1,0,1,1
9678.695813,0,0,0,1,0,0,0,1,0
9680.079544,1,1,1,1,0,0,0,1,1
9684.768502,1,1,1,1,1,1,0,0,1
9690.235823,1,0,0,1,0,1,0,1,1
9697.797750,0,0,1,1,0,0,1,1,0
9703.687050,1,0,0,1,0,1,1,0,1
9713.574322,0,0,0,1,1,1,1,1,0
9714.584745,0,1,1,0,1,0,0,1,0
9715.662026,0,0,1,1,1,1,1,1,1
9717.047708,0,0,0,1,1,0,1,1,0
9720.191251,0,1,0,1,0,0,1,0,0
9723.247501,0,1,0,1,1,0,0,1,1
9730.131870,1,0,0,1,0,1,1,1,1
9730.772806,0,0,0,1,0,1,0,0,0
9734.490712,0,1,0,1,1,0,1,0,0
9737.077920,1,0,0,1,0,1,1,1,0
9744.962747,0,0,1,1,1,0,1,0,1
9750.972426,1,0,1,0,1,1,0,0,1
9752.580983,1,0,0,0,1,1,0,0,0
9753.139418,0,0,0,0,0,0,0,1,0
9757.055371,0,1,1,0,0,1,1,0,0
9760.779403,1,1,0,1,0,0,1,1,1
9769.830270,1,1,1,1,0,1,1,0,1
9779.066015,1,1,1,0,1,1,0,0,0
9788.797094,1,0,1,0,0,0,0,1,1
9793.471539,1,0,0,1,0,0,0,0,0
9799.794488,1,0,0,1,1,1,0,0,1
9801.352894,0,0,1,0,0,0,1,1,1
9808.525413,1,0,1,1,1,1,0,1,0
9809.550407,0,1,0,1,1,1,1,1,1
9818.830569,0,0,0,1,1,0,1,0,0
9819.799214,0,0,1,1,0,0,0,1,0
9826.143330,1,0,0,1,0,0,1,0,0
9826.866279,1,1,0,0,1,1,1,0,1
9833.501461,1,1,1,1,1,0,1,1,0
9835.058968,0,1,0,1,0,1,1,0,0
9837.752006,0,0,1,0,1,0,0,1,1
9840.853658,0,1,1,0,0,1,1,0,1
9841.031892,0,0,0,0,0,0,0,1,0
9845.717298,1,1,0,1,0,1,1,0,0
9846.755930,0,0,1,0,1,0,0,0,1
9854.531984,0,0,1,1,0,1,0,0,1
9861.070297,1,1,0,0,0,1,1,1,0
9862.946109,0,0,1,1,1,0,1,0,1
9870.522109,0,0,0,1,1,0,1,0,0
9880.275221,1,1,1,0,1,1,1,0,0
9883.407657,0,0,0,1,0,1,0,1,1
9891.296631,1,1,1,1,1,0,1,0,0
9894.509830,0,1,1,0,1,1,0,0,1
9903.746548,0,1,1,1,0,0,1,1,1
9910.655254,1,0,1,1,0,1,0,1,1
9920.574617,1,0,0,0,1,1,0,0,0
9930.288187,0,1,0,0,0,1,0,0,1
9939.191250,0,0,0,0,0,0,0,1,0
9946.406555,1,1,1,0,0,0,1,1,1
9949.062156,0,0,0,1,0,1,1,1,0
9954.668412,1,1,0,0,0,0,1,1,0
9956.749204,0,1,1,1,0,0,0,1,1
9958.828082,0,0,1,0,0,1,0,0,0
9963.415186,0,0,0,0,0,0,1,1,0
9965.614724,1,0,1,0,0,1,1,0,0
9967.816522,1,1,1,1,1,0,1,0,0
9968.195182,0,1,0,1,1,0,1,1,1
9969.356780,0,1,0,0,0,1,0,0,0
9971.532359,1,0,1,0,1,0,0,0,0
9972.405586,1,1,1,0,1,1,1,0,0
9975.234172,0,1,1,0,1,1,1,0,0
9976.895905,1,1,1,0,0,0,1,1,0
9985.307522,1,1,1,0,1,0,1,1,1
9992.022307,0,1,1,0,0,0,0,0,0
9997.022807,1,0,1,1,1,0,0,1,1
