t,finish1,finish2,finish3,release1,release2,release3,start1,start2,start3
6.734475,1,0,0,1,0,1,1,0,1
9.371575,1,0,1,1,1,1,1,1,0
13.154432,0,0,1,0,1,0,0,1,1
18.808875,0,0,1,1,0,1,0,0,1
23.151546,1,0,1,0,1,1,1,0,1
25.561546,0,0,0,0,0,1,0,1,1
26.812421,1,1,1,1,0,1,1,0,0
36.153146,0,0,0,0,1,1,0,1,0
44.362875,1,1,0,1,1,0,1,0,0
52.388902,0,1,0,0,0,1,0,1,0
62.250985,1,1,0,1,0,0,1,0,0
65.365446,1,1,0,1,0,0,1,0,1
71.006908,0,0,0,1,1,0,1,1,1
78.556172,0,0,1,1,1,1,0,1,0
86.576883,1,0,0,0,1,0,0,0,1
93.086108,0,0,0,1,0,1,1,0,0
102.333138,1,1,0,1,1,0,1,0,1
111.207355,1,0,0,1,1,1,0,1,1
116.745918,1,0,0,0,1,1,1,0,1
124.355963,1,0,0,0,0,0,1,0,1
132.611951,0,0,1,0,0,0,0,1,0
141.639826,1,0,1,1,1,1,1,1,0
148.279772,0,0,1,0,1,0,0,1,1
151.336647,0,0,0,1,0,1,0,1,0
159.323079,1,0,1,1,1,1,1,0,0
160.676884,1,0,0,0,1,1,1,1,0
166.771802,0,0,0,1,0,1,1,0,1
172.936081,1,0,1,1,0,0,1,1,0
180.037164,1,1,0,0,1,0,0,0,0
184.323450,0,0,1,1,1,0,1,1,0
191.865502,1,1,0,1,0,1,1,0,1
200.572026,0,0,0,1,1,1,0,0,0
208.672216,1,0,0,0,1,1,0,1,0
214.236185,0,1,1,0,0,0,0,0,0
223.998113,0,0,1,1,0,1,1,0,1
226.855970,1,0,0,1,1,0,1,1,0
228.263080,0,1,0,0,0,1,1,0,0
230.119564,1,1,0,1,0,1,1,1,0
240.011174,0,0,0,1,1,0,1,0,0
241.556735,1,1,1,1,1,0,0,1,1
244.648335,1,1,1,0,1,1,1,1,0
247.373034,1,1,0,1,1,0,1,0,0
249.712827,0,0,1,0,0,0,0,0,0
252.088590,1,1,1,1,0,0,0,0,1
254.977001,0,0,1,0,1,1,0,1,1
258.042211,0,0,1,1,0,1,0,0,1
267.483784,0,1,0,0,0,0,1,1,0
273.947906,0,0,0,0,0,0,1,1,0
283.888388,0,1,0,1,0,0,0,0,0
285.201210,1,1,0,0,1,1,1,0,0
286.159170,1,1,0,1,0,1,1,1,0
295.384285,1,0,0,0,0,1,0,0,0
297.844055,0,0,0,1,1,0,0,1,1
299.317301,0,1,1,0,0,1,1,0,0
303.198510,1,0,0,0,0,1,0,1,1
308.160254,1,0,0,1,1,1,0,0,0
315.434499,1,0,0,1,0,1,1,0,1
318.530428,0,1,0,0,1,1,0,0,1
323.070223,1,0,1,1,0,1,0,1,1
332.229185,0,1,1,1,1,1,0,1,1
337.906185,0,0,1,1,0,0,1,0,0
340.900898,1,1,1,1,1,1,0,1,0
341.891898,0,1,1,1,0,0,1,0,1
351.004306,0,1,1,1,1,1,0,1,1
352.688554,1,1,0,1,0,1,1,0,1
358.437279,1,1,0,1,0,1,1,1,0
366.490807,1,1,0,0,0,0,0,0,1
371.361082,1,1,0,1,1,0,1,1,1
373.591824,0,0,0,0,0,0,0,1,0
376.745218,0,1,1,1,1,1,0,0,1
385.545338,0,1,0,0,1,0,1,0,0
393.855366,0,1,0,1,1,0,1,0,0
396.209072,0,0,1,0,1,0,1,0,0
401.640085,1,0,0,0,1,0,0,0,1
406.549130,1,1,0,0,1,0,1,0,0
409.599153,0,1,1,1,0,1,0,1,1
417.233192,0,1,0,1,0,0,1,1,1
418.288072,1,1,1,0,1,1,1,1,0
423.922311,1,0,0,0,0,1,0,1,1
425.199779,0,0,0,1,0,1,1,0,0
433.556108,0,1,0,0,0,1,0,0,0
434.798118,0,0,0,1,0,0,0,0,0
441.551690,0,1,0,1,1,0,1,1,0
441.703429,1,1,0,0,1,0,1,1,0
445.922757,0,0,1,0,0,1,1,0,0
447.535717,1,0,1,1,0,1,0,1,1
454.448904,1,1,1,1,1,0,1,0,0
455.721453,0,0,1,1,1,1,1,0,1
462.596766,0,0,1,0,0,0,0,1,0
465.008484,1,1,1,0,0,0,0,0,0
468.986986,0,1,1,1,1,1,1,1,1
473.105222,0,1,1,0,0,0,1,1,1
474.190451,0,0,0,0,0,1,1,0,1
477.323667,1,0,1,0,1,1,1,0,0
478.212153,0,1,0,0,0,1,0,1,1
479.067436,0,0,0,0,0,1,0,0,0
484.412729,1,0,1,0,0,0,0,1,1
487.785217,0,1,0,1,0,1,1,1,1
493.918269,0,1,0,1,1,0,0,0,1
502.789350,1,0,0,0,1,0,1,0,1
503.732664,1,1,1,0,0,0,0,1,0
507.096160,1,0,0,0,1,0,0,1,1
516.598697,0,1,1,1,1,0,1,1,1
523.318731,1,0,1,0,1,0,0,0,1
531.291571,0,0,0,1,0,1,1,1,0
539.583108,1,0,0,0,0,0,0,0,1
548.810296,1,0,0,1,1,1,1,1,0
557.536292,1,0,0,0,1,0,0,1,0
564.727830,0,0,0,0,1,1,0,1,0
573.593299,0,1,0,1,0,0,1,1,0
578.375956,1,1,0,0,1,0,0,0,1
583.376456,0,0,0,1,0,1,0,1,1
591.124429,0,1,0,1,0,0,1,0,0
594.608751,1,1,1,0,1,1,1,1,1
598.378949,1,1,0,1,1,0,1,1,0
608.138009,1,1,0,0,1,0,0,0,1
617.055726,1,0,0,1,0,0,1,0,1
619.130755,1,0,0,1,1,0,0,0,1
623.004885,1,1,1,1,0,0,0,0,0
625.981901,1,0,0,1,1,1,1,0,1
627.818702,0,1,0,1,1,0,0,1,1
631.934517,0,0,0,0,0,0,1,0,1
641.033914,0,1,0,0,1,1,1,0,1
642.639960,0,0,0,0,0,1,1,1,1
649.937528,1,1,1,1,0,1,0,0,1
650.108511,0,1,1,1,1,0,1,0,1
656.102887,0,0,0,1,0,0,1,0,0
661.473720,1,0,1,0,0,1,0,0,1
665.053310,1,0,0,1,1,0,1,1,1
667.315852,1,0,0,1,1,0,1,1,0
675.325529,0,1,1,1,0,0,0,0,0
681.446994,0,1,1,0,1,0,0,1,0
686.628684,0,0,0,0,0,0,1,1,0
691.597674,1,0,1,0,1,1,1,1,1
696.808433,1,1,1,0,1,1,0,1,1
697.513420,0,0,0,1,0,1,1,1,1
698.828158,0,1,1,1,0,1,1,0,0
700.934210,1,1,1,1,0,0,0,0,0
707.145481,1,0,1,0,0,1,0,1,1
710.006236,0,0,0,0,0,1,1,1,1
712.477438,0,0,0,0,0,1,0,0,0
714.035169,1,1,0,0,0,0,0,0,0
722.966233,0,1,0,1,1,1,1,0,0
731.594866,0,0,0,0,1,1,0,1,1
734.736577,1,0,0,0,0,1,0,1,0
736.687382,0,1,1,1,1,1,0,1,0
740.802803,0,0,1,0,1,0,1,1,1
743.460052,1,0,0,1,1,1,0,1,1
749.567452,0,0,0,0,0,0,1,0,0
750.843493,1,1,1,1,0,0,0,0,0
757.245368,1,0,1,1,1,1,0,1,0
763.332715,1,0,1,1,1,1,0,1,0
771.076184,1,0,0,0,0,1,0,0,1
777.144324,0,0,0,0,1,0,0,1,0
782.458076,0,0,1,1,1,0,0,0,0
792.336981,1,1,1,0,0,1,0,0,0
795.809250,1,0,1,0,1,0,1,1,1
797.153217,1,0,0,1,0,0,0,1,0
805.177730,1,1,0,0,1,1,1,0,1
813.344829,0,1,1,0,0,0,0,1,0
819.321421,0,1,1,0,0,1,1,0,1
824.397671,1,0,0,0,1,1,1,0,0
826.995097,1,1,1,1,0,0,1,1,1
835.967162,1,1,1,0,1,1,0,1,0
842.195084,1,0,1,1,1,1,1,1,0
847.165100,0,1,0,1,1,1,1,1,0
848.220416,0,1,1,1,1,0,0,1,1
857.304620,1,0,0,0,1,0,0,1,0
859.805370,0,1,0,1,0,1,1,0,0
866.662827,1,0,1,0,1,1,1,0,1
870.253212,0,0,1,0,0,1,1,0,1
879.877221,1,0,1,1,1,1,0,0,0
886.580060,0,1,1,0,1,1,1,0,0
887.449394,1,1,1,1,0,1,0,0,0
894.222879,0,0,1,1,0,1,0,0,0
897.887635,1,0,1,1,1,1,0,0,0
904.675521,0,0,1,0,1,0,1,0,1
907.599306,0,0,1,0,0,1,0,1,0
908.297910,0,1,0,0,0,1,1,1,0
908.610298,1,0,1,1,1,0,1,1,1
916.254875,0,0,1,1,0,0,0,1,0
921.932727,1,0,1,0,0,1,0,0,1
925.604246,0,1,1,1,0,1,0,1,0
935.092168,0,0,0,1,1,1,0,0,1
936.149844,1,1,1,1,0,0,0,0,0
939.537403,0,1,0,1,0,1,1,1,1
946.445227,1,0,0,1,0,0,1,0,1
949.268436,1,1,0,0,0,1,0,0,0
956.986435,0,0,1,1,1,0,0,1,0
962.096147,0,0,0,0,0,0,0,0,1
967.853395,0,1,1,1,0,0,0,1,0
977.610995,1,1,1,0,0,1,1,0,0
984.466749,0,0,0,0,1,0,1,1,0
986.520176,1,1,1,0,1,1,1,1,1
990.323612,1,0,0,0,1,0,0,1,1
995.990712,0,1,0,1,0,0,0,0,0
998.245822,1,1,1,0,1,0,1,1,1
1004.496197,0,1,1,0,1,0,0,1,0
1009.726799,0,0,1,0,1,0,0,0,0
1014.457056,0,1,0,0,0,1,0,1,1
1020.143438,0,1,0,1,0,0,0,0,0
1028.393180,1,1,1,1,0,0,1,0,0
1031.481590,1,0,0,0,1,1,1,1,0
1034.913620,0,1,0,1,1,1,0,0,0
1035.067276,1,1,0,1,1,0,1,0,1
1036.778319,0,0,1,0,0,0,1,1,0
1044.113829,1,1,0,0,0,0,1,0,1
1048.074433,1,1,1,1,1,1,1,0,1
1055.929319,0,1,1,1,1,0,0,0,0
1063.447892,1,1,0,0,1,0,1,1,1
1067.944355,1,0,0,0,0,0,1,0,0
1075.961795,1,1,0,0,1,1,1,1,0
1081.962195,1,1,0,0,0,1,1,0,1
1083.396276,0,0,0,0,0,0,0,0,1
1085.029766,1,1,0,1,1,1,1,0,0
1092.672528,1,1,0,1,0,1,1,0,1
1100.909364,0,0,0,0,0,1,0,1,1
1110.779507,1,1,0,1,1,1,1,1,0
1112.383635,1,0,0,1,1,1,0,1,0
1115.539536,1,1,0,1,1,0,1,0,1
1122.594775,0,1,1,1,1,1,1,1,1
1128.651204,0,0,1,1,0,0,1,1,0
1136.848809,1,0,0,0,0,1,0,0,1
1144.752245,1,0,1,1,1,1,0,1,0
1150.626508,0,0,1,1,1,1,1,0,0
1155.924850,0,0,0,1,0,1,0,1,1
1165.614322,0,1,1,1,0,0,1,0,1
1171.198876,1,0,1,0,0,0,1,0,0
1176.653876,0,0,1,0,0,0,0,1,0
1177.329655,0,0,1,0,0,0,0,0,1
1182.752998,0,0,1,1,1,0,0,0,1
1192.049621,1,0,1,1,1,0,1,1,1
1198.651902,1,0,0,0,0,0,0,1,0
1203.995505,1,0,0,1,0,1,1,1,0
1208.938659,1,0,0,1,1,0,0,1,1
1213.655097,1,1,0,0,0,0,1,0,1
1217.907100,1,0,0,1,0,0,1,0,0
1227.055736,1,0,0,1,1,1,1,0,0
1232.951912,0,0,1,1,1,0,1,1,0
1236.337189,1,1,0,0,1,1,1,1,1
1240.636824,1,1,1,1,1,0,0,0,1
1248.644099,1,1,0,1,0,1,1,1,1
1258.110172,0,0,1,1,1,1,1,0,1
1263.801660,0,0,1,1,0,1,0,0,0
1265.939607,1,0,0,0,0,0,0,1,0
1273.198653,0,1,0,0,1,1,1,1,1
1279.251680,1,0,0,1,0,1,0,0,1
1281.919080,0,1,0,1,1,1,0,1,1
1287.558613,0,1,0,0,1,0,0,1,1
1288.467057,0,0,1,0,0,1,1,1,1
1294.764948,1,1,1,0,1,0,1,1,1
1298.708735,1,1,1,0,0,0,0,1,0
1306.559560,1,1,1,1,0,1,1,0,0
1308.988889,0,0,1,1,1,1,1,0,0
1310.611348,0,1,1,0,1,0,1,1,0
1313.994363,0,1,0,1,1,1,0,1,1
1321.733719,1,0,0,1,0,0,0,1,1
1328.034902,1,0,1,0,1,0,1,1,1
1336.211314,1,0,0,1,0,1,1,0,0
1337.909114,0,0,0,0,1,0,0,1,0
1339.551741,0,1,1,0,0,1,1,0,0
1349.097241,0,0,0,0,0,1,1,0,1
1358.550183,0,0,1,1,0,1,0,0,0
1363.439911,1,1,1,0,1,1,1,1,1
1363.673446,1,1,1,0,0,1,1,0,0
1370.151371,0,1,1,0,1,1,0,1,1
1375.334703,1,0,1,1,1,0,0,1,0
1381.826282,1,0,1,1,1,1,1,1,1
1386.891153,0,0,1,0,1,0,1,0,1
1391.365390,0,1,0,1,1,0,0,0,1
1393.633543,0,1,1,0,1,1,0,0,0
1398.083311,1,0,0,1,0,1,1,1,0
1400.612239,0,0,0,1,1,0,1,0,1
1406.695580,1,1,0,1,0,0,0,0,0
1408.112623,1,0,0,1,1,1,0,0,1
1408.589766,1,1,0,1,1,1,0,0,0
1418.189806,0,0,0,0,0,1,0,0,0
1419.381163,0,1,1,1,1,0,0,0,1
1423.066005,0,0,0,1,0,0,1,1,0
1423.881482,0,0,0,0,0,1,1,1,1
1431.056589,0,0,1,0,1,0,1,1,1
1440.922599,1,1,0,1,1,0,1,0,1
1444.247628,1,0,0,0,1,1,0,0,1
1446.114113,1,0,0,1,1,0,0,0,1
1449.928095,1,1,1,1,1,0,0,0,1
1454.214381,1,1,1,1,1,1,1,0,1
1455.261028,0,0,1,1,0,0,0,0,0
1460.829104,0,0,0,1,0,0,1,1,1
1462.602453,1,1,0,0,1,0,0,1,1
1465.861972,1,1,0,1,0,1,0,1,1
1468.815697,1,0,1,1,0,0,1,1,0
1476.994723,0,0,0,0,0,0,1,0,0
1477.933130,0,0,0,0,1,0,1,1,0
1484.600130,0,1,1,0,0,1,0,0,1
1484.778708,1,0,0,1,0,0,0,0,1
1485.325108,0,0,1,0,1,0,1,0,0
1488.797025,0,0,0,1,1,0,0,0,0
1490.016177,1,1,0,0,0,1,1,0,0
1490.693166,0,0,0,1,1,0,1,0,0
1496.693566,0,0,1,0,0,1,1,1,1
1501.130641,1,1,0,0,1,1,0,0,1
1506.249155,1,1,1,0,1,0,1,1,0
1513.312941,1,0,0,1,1,1,0,1,0
1515.593283,0,1,0,0,0,1,1,0,0
1516.419495,1,1,0,0,1,0,0,1,0
1526.387206,0,0,1,0,0,0,1,0,1
1526.666923,1,0,1,0,0,0,0,1,0
1536.451195,1,0,0,0,1,0,1,1,1
1540.759858,0,1,1,1,0,0,0,1,1
1549.485912,0,0,0,0,0,1,0,0,1
1554.467546,0,0,0,0,1,0,1,1,0
1557.858935,1,1,1,1,1,0,0,0,0
1565.839593,1,1,0,0,1,0,0,1,1
1571.097520,1,1,1,1,0,0,1,1,0
1580.585688,1,1,1,0,1,0,1,1,1
1585.812443,1,0,1,1,1,0,1,1,1
1589.835898,0,0,1,0,0,0,1,0,1
1593.691934,0,0,0,0,0,1,0,1,0
1595.121362,1,1,0,1,0,0,1,0,1
1600.726825,1,1,0,1,0,0,1,0,1
1601.859210,1,1,0,1,0,0,0,1,1
1607.664046,1,0,0,0,1,1,1,1,0
1616.899487,1,0,0,0,0,1,0,1,1
1617.722149,0,0,0,0,0,1,0,1,1
1626.573835,0,0,0,0,0,1,0,1,1
1628.265211,1,1,1,1,0,1,1,0,0
1633.483672,0,0,0,0,0,0,0,1,0
1633.589925,0,1,1,0,1,1,0,1,0
1640.817925,1,0,1,1,1,0,1,0,1
1643.776687,0,1,0,1,1,0,1,0,1
1647.717971,0,1,0,1,1,1,0,0,0
1653.425521,0,0,1,1,1,1,0,0,1
1663.292791,1,0,0,1,0,1,1,1,1
1669.014149,1,1,0,0,1,1,1,0,1
1672.043015,0,0,0,1,1,1,0,1,1
1678.339682,0,0,1,0,0,0,1,1,0
1683.675514,1,0,1,1,0,1,1,1,0
1686.584387,1,0,0,1,0,0,1,1,1
1693.349416,0,0,1,1,0,1,1,1,1
1699.269220,1,0,0,0,0,0,1,1,0
1704.343062,1,0,1,0,1,1,0,1,1
1713.570836,1,1,0,1,0,0,0,0,0
1720.198708,0,1,1,0,0,0,0,0,0
1723.938464,0,0,1,0,1,0,0,0,1
1728.481135,0,0,0,0,0,1,1,0,1
1735.288549,0,1,0,1,0,1,0,0,1
1736.497888,0,0,0,0,1,1,1,1,0
1746.103495,0,1,1,1,0,1,1,1,0
1755.382847,1,1,1,0,1,1,0,1,1
1760.341452,1,1,1,0,1,1,0,0,0
1767.813088,0,1,1,1,0,1,1,1,0
1777.584104,1,1,0,0,0,0,0,0,0
1787.434693,0,0,0,1,1,1,1,1,0
1791.694527,1,0,1,1,0,0,0,0,0
1794.195277,1,0,1,0,0,1,1,0,0
1800.785479,1,1,0,1,1,0,1,1,1
1803.419549,1,1,1,1,1,0,0,0,1
1813.139577,0,0,1,1,1,0,0,0,1
1822.749188,1,0,1,0,0,1,1,0,0
1826.104973,0,1,1,1,1,1,0,0,1
1831.105473,1,0,0,1,1,1,0,0,1
1834.977053,0,1,0,0,0,1,1,0,1
1844.535921,1,1,0,0,0,1,0,1,1
1846.889627,1,0,1,1,1,1,1,1,1
1847.648947,1,0,0,0,1,0,1,0,0
1852.264870,0,0,0,1,0,0,1,1,1
1858.149120,1,1,1,0,1,0,0,1,1
1858.288038,0,1,1,0,0,1,1,1,1
1863.067565,1,1,0,1,0,1,0,0,0
1866.133798,0,0,1,1,1,0,1,1,1
1870.291686,0,0,0,0,0,0,1,1,1
1879.330243,0,1,0,1,1,0,0,0,0
1883.446418,1,1,0,0,1,1,1,0,0
1886.744502,1,0,0,1,0,1,0,1,1
1891.370040,1,0,0,1,1,0,0,0,0
1892.370940,0,0,0,1,0,0,0,0,0
1898.534846,0,0,1,0,0,0,1,0,1
1906.761164,1,1,0,1,1,0,1,1,1
1912.670070,0,1,0,1,1,1,1,1,0
1912.671070,0,0,0,0,1,0,1,1,1
1916.005070,0,0,0,1,0,0,0,0,1
1920.495912,1,1,0,0,0,1,1,1,1
1926.939221,0,0,0,1,1,0,1,0,0
1934.556788,1,1,1,1,1,1,1,0,0
1938.947593,0,0,1,0,1,0,1,1,1
1948.248905,0,0,1,1,1,1,1,1,0
1955.646425,0,1,0,1,1,1,0,1,0
1957.442117,0,1,0,1,1,1,0,0,0
1964.118389,1,1,0,1,1,1,0,0,1
1964.390855,0,1,1,0,0,0,0,1,1
1970.520871,1,1,1,0,1,0,1,1,0
1974.478531,0,1,0,0,0,0,0,0,0
1983.273644,1,0,1,0,1,0,1,1,0
1983.966398,1,1,0,0,0,1,0,0,0
1985.436785,1,0,1,0,0,1,1,0,0
1992.370425,0,0,1,0,1,1,0,0,0
1999.893061,1,0,1,1,1,0,0,1,1
2000.829928,0,0,0,1,0,0,0,1,1
2003.878640,1,1,1,0,1,0,0,0,0
2004.264217,1,0,1,0,0,1,1,0,0
2007.111086,0,0,0,0,0,0,0,1,0
2010.795928,1,0,0,1,1,1,1,0,1
2019.769805,1,1,0,0,1,1,0,0,1
2023.719602,0,0,1,1,1,0,1,0,0
2024.826874,1,0,0,1,0,1,0,1,1
2032.758116,0,0,0,0,1,1,0,0,1
2040.664661,0,1,0,1,0,0,1,1,1
2045.860672,1,0,1,0,1,0,0,0,0
2046.484710,0,1,1,0,1,1,0,0,1
2050.210828,0,0,1,1,0,1,1,1,1
2053.100428,0,0,0,1,0,0,0,1,0
2062.642141,0,1,1,0,0,0,0,0,1
2072.595307,1,0,0,0,0,0,1,0,0
2075.874667,1,0,1,1,0,1,0,0,0
2080.689312,1,1,0,1,1,1,1,0,0
2084.587772,0,0,1,1,0,1,1,1,1
2084.976664,0,1,0,1,1,0,0,1,0
2093.583236,0,1,0,0,1,0,0,1,0
2098.221453,1,0,0,0,0,0,0,0,1
2105.456686,0,1,0,0,1,1,0,1,1
2111.463003,0,1,1,0,0,0,1,0,1
2114.950952,0,1,0,0,0,1,0,1,0
2122.458284,1,1,1,1,1,0,1,0,0
2128.231774,0,1,0,1,0,0,1,0,0
2131.046015,1,0,1,1,1,0,1,0,0
2138.315912,1,0,1,1,0,0,1,1,0
2146.777605,0,0,1,1,1,0,0,1,1
2149.102619,1,0,1,1,0,1,0,0,0
2152.963066,1,1,0,1,0,0,1,1,0
2161.155337,0,1,1,1,0,0,1,1,0
2170.237855,0,1,1,1,0,0,0,0,0
2178.251298,1,1,1,0,1,0,1,1,0
2180.027939,0,0,0,1,0,0,0,1,1
2188.852484,1,0,1,0,0,0,0,1,0
2196.352734,1,1,0,1,1,1,1,1,1
2205.422202,1,1,1,1,1,1,1,0,0
2207.089702,1,0,1,1,0,1,1,1,1
2209.962755,1,1,0,1,1,0,1,0,0
2214.857445,1,1,0,1,0,0,0,0,1
2219.773208,0,1,0,0,1,1,1,0,0
2227.009106,1,0,0,1,1,0,0,1,1
2230.701095,0,1,0,0,1,0,1,1,0
2239.745015,0,0,0,1,1,0,1,0,0
2241.454935,0,1,0,1,0,0,0,1,1
2244.379052,0,0,1,0,0,1,0,1,0
2252.391935,0,1,1,0,1,0,0,0,0
2256.012751,0,1,0,0,0,0,0,1,1
2257.471939,0,0,1,1,1,1,1,0,0
2258.061115,0,1,0,1,0,1,0,1,0
2265.327399,0,1,1,1,0,0,0,0,0
2269.218096,0,0,1,0,0,0,1,0,1
2275.024967,1,0,0,0,1,0,0,0,1
2278.620649,1,1,1,1,1,0,0,0,1
2278.776193,1,1,0,1,1,0,0,1,0
2284.562055,1,1,0,0,0,1,1,0,1
2285.801026,1,0,1,0,0,1,0,0,0
2286.938939,0,0,1,0,1,1,0,1,1
2291.474139,0,1,1,1,0,1,0,0,1
2291.750973,1,1,0,1,0,0,0,1,1
2291.751973,0,0,0,0,0,0,0,1,0
2301.689479,0,1,1,1,0,1,1,0,0
2302.123919,0,0,0,0,1,0,0,0,1
2308.457619,0,0,0,1,0,1,0,1,1
2316.722931,1,1,1,1,1,1,1,1,1
2320.352260,0,0,1,0,1,0,0,1,0
2325.903886,0,0,0,1,0,1,1,0,1
2328.007480,0,1,1,0,0,0,1,0,1
2337.358194,1,1,1,0,1,0,1,0,0
2340.745952,0,1,1,0,0,0,0,0,0
2346.032882,0,1,0,1,0,1,1,0,0
2347.295892,0,0,0,1,0,0,0,1,0
2356.513272,1,0,1,0,0,0,0,0,1
2366.122795,0,0,0,0,1,1,1,0,0
2366.897051,1,0,1,1,0,0,0,0,0
2375.576428,0,1,1,1,0,0,1,0,0
2375.952666,0,0,0,0,1,0,1,0,1
2381.232781,1,1,0,0,1,1,1,1,1
2388.358068,0,0,1,1,0,1,1,1,1
2392.644354,1,0,1,1,1,0,1,0,0
2397.444874,0,1,1,0,0,1,1,1,1
2403.923142,0,1,0,0,0,1,0,1,0
2406.526622,1,1,0,0,0,1,1,0,1
2406.904942,1,0,0,1,0,0,0,0,0
2413.571942,0,0,0,0,0,1,1,0,1
2421.108723,1,0,1,0,1,1,0,0,0
2427.245197,1,0,1,1,1,0,1,1,0
2433.415570,0,1,1,0,1,0,1,0,1
2436.370269,1,1,0,1,0,1,1,1,1
2446.077330,0,0,0,0,1,0,0,1,1
2455.363116,1,1,1,1,0,1,0,1,1
2465.136894,0,1,0,1,0,0,0,0,0
2465.158617,1,0,0,1,0,0,0,1,0
2472.301760,1,0,1,0,1,1,0,0,1
2480.653880,0,0,1,0,0,0,0,0,0
2487.522521,1,0,1,1,0,1,1,1,1
2489.157245,0,0,0,1,0,1,0,0,0
2496.847617,1,1,0,1,0,0,1,0,0
2498.084449,1,1,1,0,0,1,0,1,0
2503.042426,0,1,0,1,0,1,1,0,1
2510.045067,0,1,0,1,1,1,1,1,0
2513.564234,0,0,1,0,0,1,0,1,1
2514.835909,1,0,0,0,1,0,0,1,0
2524.703569,0,0,1,1,0,0,0,1,0
2534.433326,0,0,1,1,0,1,0,0,0
2539.689706,1,0,0,0,0,0,0,0,1
2547.343180,1,0,0,1,1,0,1,0,1
2551.603623,1,0,1,1,0,1,0,0,0
2554.267214,1,1,1,0,1,0,1,1,1
2563.451947,1,1,0,0,0,1,1,0,1
2569.429687,0,1,0,0,1,0,1,1,1
2576.519350,1,0,0,0,1,0,0,1,0
2582.086365,0,0,0,0,1,0,1,1,1
2591.581001,0,1,0,0,1,0,1,0,0
2594.553504,0,1,0,0,1,1,1,0,1
2603.661400,0,1,1,1,1,0,1,0,0
2611.430999,1,1,1,1,0,1,1,1,1
2613.470802,0,0,1,1,0,1,0,0,0
2614.278173,1,1,1,1,1,1,1,1,0
2620.646696,0,1,1,1,0,1,0,0,1
2628.300776,0,0,0,1,0,0,0,1,0
2636.097349,0,1,1,1,0,1,0,1,0
2642.278377,0,1,1,1,1,1,0,0,1
2643.519388,1,0,0,1,1,0,0,1,0
2644.724705,1,0,0,1,1,0,1,0,1
2653.455655,0,0,0,1,0,0,1,1,0
2660.455955,1,1,0,1,1,1,1,1,1
2664.923513,1,0,0,0,0,0,0,1,1
2668.041356,1,0,1,0,0,1,0,1,1
2670.262051,0,0,0,1,0,0,1,0,1
2679.379786,1,1,1,1,1,0,0,0,0
2681.638625,1,0,0,1,1,1,0,1,1
2685.956462,0,0,1,0,1,0,1,0,0
2694.556111,1,0,0,1,1,1,0,1,0
2700.863176,1,0,1,1,0,1,0,0,0
2707.688890,0,1,1,1,0,0,0,1,0
2710.879315,1,1,0,1,0,0,1,0,0
2714.523741,1,1,1,0,1,1,0,0,0
2723.813430,1,0,1,0,1,1,0,0,1
2732.234640,0,1,0,1,1,1,0,1,1
2737.649300,0,0,0,0,0,1,1,0,0
2739.797325,1,0,0,0,0,0,0,0,1
2746.226253,0,1,1,1,0,1,0,0,0
2754.951972,0,0,0,1,0,0,0,1,0
2761.044007,0,0,0,1,1,0,0,1,1
2765.307053,0,0,1,1,0,1,0,1,1
2771.602130,1,0,0,0,0,1,1,0,1
2776.759122,0,1,1,0,1,1,1,0,0
2779.686659,0,1,1,1,0,0,1,1,0
2780.843613,1,0,0,0,0,0,0,0,1
2789.086519,1,1,1,1,1,0,1,0,1
2792.489241,0,0,1,0,0,1,1,1,1
2798.572641,1,0,1,0,0,0,1,1,1
2807.839956,0,1,0,1,1,1,0,1,1
2813.923073,1,1,1,1,1,0,0,0,0
2819.223543,0,1,0,1,0,0,1,0,0
2825.839480,0,1,1,0,1,0,1,1,1
2828.477104,1,0,0,1,1,0,0,0,0
2834.737641,0,0,1,1,0,1,1,0,1
2844.211378,1,0,0,1,1,0,0,0,0
2853.779988,0,1,0,1,1,1,1,1,0
2862.909539,0,0,0,0,0,0,1,1,0
2864.065158,0,0,0,0,0,0,1,0,0
2873.993737,1,0,0,1,0,0,0,1,0
2876.655969,0,1,1,1,0,0,0,0,0
2882.672628,0,1,1,1,0,0,1,1,0
2887.961319,1,1,1,1,1,0,0,1,0
2896.063114,0,0,1,0,0,1,0,0,1
2904.740932,1,0,1,1,0,1,1,0,0
2910.948588,0,1,0,0,0,0,0,0,0
2919.400123,1,0,0,0,1,0,1,1,1
2927.217008,1,0,0,1,1,0,0,1,0
2927.907177,1,1,1,1,1,1,1,1,1
2936.109972,0,0,0,1,1,1,1,0,0
2937.311725,1,1,0,1,0,1,0,1,1
2942.527766,1,1,0,0,1,0,0,0,0
2950.979534,0,0,0,0,1,0,0,1,1
2954.070677,1,0,0,0,0,0,1,1,1
2960.453552,0,1,1,1,1,1,1,1,1
2969.758435,1,1,1,0,0,1,0,0,0
2976.793819,0,0,1,0,1,1,1,1,0
2984.106908,1,1,1,1,0,1,0,0,0
2987.638021,0,0,1,1,1,1,0,0,0
2995.020748,1,1,1,1,0,1,1,0,0
3000.173775,0,0,0,1,0,1,0,1,1
3003.615291,0,0,0,0,0,0,1,0,1
3005.712855,0,1,0,1,1,0,0,1,1
3007.489264,0,1,0,0,1,1,1,1,0
3014.398664,1,1,0,0,0,1,0,0,0
3021.822585,1,0,0,1,0,1,1,0,1
3026.527165,1,1,1,1,1,0,1,1,0
3027.670908,1,1,0,1,1,1,1,1,1
3031.123678,1,1,0,0,1,1,1,1,1
3037.900471,1,1,1,0,1,0,0,0,0
3045.411931,0,0,0,0,1,1,1,0,0
3048.978258,1,0,1,0,1,0,0,0,1
3049.393631,0,0,0,0,0,0,0,1,1
3055.965402,1,0,1,1,0,1,0,1,0
3061.474326,0,0,0,0,1,0,0,0,1
3070.674406,1,1,0,1,1,1,1,0,1
3079.763979,1,0,0,1,1,1,0,0,1
3079.861329,0,0,0,0,0,0,0,0,1
3081.913960,0,1,0,0,1,1,1,1,0
3086.642114,1,1,0,1,1,1,0,1,1
3093.550820,0,1,1,0,1,1,1,1,0
3103.265134,1,0,0,1,1,0,1,1,1
3110.528565,0,1,1,0,1,0,0,0,1
3112.328694,0,1,1,0,1,0,0,1,1
3112.608088,0,1,1,1,1,1,0,0,1
3115.406236,1,0,0,0,0,0,1,1,1
3118.603942,0,0,1,1,0,1,0,1,1
3124.298817,0,0,1,1,1,0,1,1,0
3125.183815,1,1,0,1,0,1,0,1,0
3134.671470,1,0,1,0,0,0,1,1,1
3134.914204,1,0,1,1,0,0,1,1,1
3142.350358,1,0,1,0,0,1,1,0,1
3146.736884,1,1,1,1,0,1,0,0,1
3156.468094,1,0,1,0,1,0,1,0,0
3159.179103,0,0,1,1,0,1,1,1,1
3163.141060,1,0,0,0,0,0,1,1,0
3168.348962,0,1,0,1,1,1,0,0,1
3168.426878,1,0,1,1,1,1,0,1,0
3170.449095,0,1,0,0,1,1,1,1,1
3171.943969,0,1,0,1,1,1,0,0,0
3175.536564,0,0,0,0,0,0,1,0,0
3181.490726,0,1,1,0,0,0,0,1,0
3190.739356,1,1,1,0,0,0,0,1,0
3191.868063,0,0,1,0,0,1,0,0,0
3200.415694,0,0,0,0,1,1,1,1,0
3206.130408,1,0,0,1,0,0,0,0,1
3215.894742,1,1,1,1,1,0,0,1,1
3219.005187,1,1,1,1,0,0,1,0,0
3221.914601,0,0,1,1,1,1,0,0,1
3230.832458,1,1,0,0,0,1,1,1,0
3234.166458,0,0,1,0,1,0,0,0,1
3239.401428,0,0,0,0,1,1,1,1,1
3248.235216,0,0,1,0,0,1,0,0,1
3251.840191,1,1,1,1,0,1,0,0,1
3259.420220,1,1,1,0,1,0,1,1,0
3267.527206,0,1,0,0,0,1,1,0,0
3272.637989,1,0,1,1,1,0,1,0,1
3278.947285,1,1,0,1,1,1,1,1,0
3286.830708,1,1,1,0,1,0,1,0,1
3290.271535,1,0,1,0,0,0,1,0,0
3297.746015,0,0,1,1,0,1,0,0,0
3304.659642,0,0,0,0,1,1,0,1,1
3313.361935,0,1,0,1,0,1,0,1,1
3314.991986,0,1,1,0,0,0,0,0,0
3316.770586,0,1,1,1,1,0,1,0,1
3317.547370,1,1,1,0,1,1,0,1,0
3323.797745,1,0,1,0,0,0,1,1,1
3331.330460,1,0,0,0,0,1,1,1,0
3336.591115,1,1,1,0,1,0,1,0,0
3342.147115,1,0,1,0,0,0,0,1,0
3349.510303,1,0,0,0,1,0,1,0,0
3353.507413,1,0,0,0,0,0,1,1,1
3353.739159,0,1,0,1,0,1,0,0,1
3361.773656,0,0,0,0,0,0,1,1,0
3370.561656,1,1,1,0,1,0,0,0,1
3371.279095,0,0,0,0,1,0,0,1,1
3378.112745,1,0,0,1,0,1,1,0,1
3379.671885,0,1,1,0,1,0,0,1,0
3381.251675,0,0,1,0,0,0,1,1,0
3381.601767,1,0,0,0,1,1,0,1,1
3385.561762,0,1,0,1,1,1,0,1,1
3390.562262,0,0,1,0,0,1,1,0,1
3390.891098,1,0,0,1,1,0,0,0,0
3395.177384,1,1,0,0,1,0,1,1,0
3398.417338,0,1,0,1,1,1,1,0,0
3407.077472,1,1,0,0,0,0,0,0,0
3412.213093,0,0,0,1,0,0,0,0,0
3418.275912,0,0,0,0,1,1,0,1,0
3421.769332,0,0,1,0,0,0,1,1,0
3427.359293,1,1,0,1,0,1,0,0,0
3435.721526,1,1,0,0,1,1,1,0,0
3443.082098,0,0,1,0,1,1,0,0,0
3443.202311,0,0,0,0,1,0,1,0,1
3451.881689,0,0,0,1,0,0,0,0,0
3455.339790,1,1,0,0,0,0,0,1,1
3463.117790,0,0,1,1,1,1,1,0,0
3471.985217,1,0,0,0,0,1,0,1,1
3475.500297,1,0,0,0,0,1,1,1,1
3478.054887,0,1,0,1,1,1,1,0,1
3479.894020,1,1,0,0,1,0,1,0,1
3487.428723,1,0,1,0,1,1,0,1,0
3490.810964,0,1,0,1,1,1,1,1,1
3495.316633,1,1,0,0,1,1,1,0,0
3504.657673,0,1,1,0,0,0,1,0,1
3506.361047,1,0,1,0,1,0,0,0,0
3515.636981,1,1,0,1,1,1,1,0,1
3523.962620,0,0,0,1,1,1,1,0,1
3528.052100,1,1,0,0,1,0,0,0,1
3529.921974,0,1,0,1,0,1,0,1,0
3530.652515,1,1,1,0,0,0,1,1,0
3538.642665,0,0,1,1,0,1,1,0,0
3547.799726,1,0,0,0,0,1,0,0,1
3548.220366,0,1,0,1,0,0,1,1,1
3549.036571,0,1,1,0,0,1,1,0,0
3549.037571,0,0,1,0,1,0,1,1,0
3549.421416,0,1,1,0,0,1,1,0,1
3555.340191,0,0,0,1,1,0,0,0,1
3557.530382,1,1,0,1,1,0,0,1,0
3564.234008,1,1,0,0,1,0,1,0,1
3565.554876,0,1,1,0,0,0,0,1,1
3570.338997,1,1,1,0,0,0,0,1,0
3572.430795,1,1,0,1,0,0,1,0,1
3573.000844,1,1,0,1,1,0,0,0,0
3581.129471,1,1,1,1,1,0,0,1,1
3584.392557,0,1,0,0,0,1,1,1,1
3592.197654,1,0,0,1,0,1,1,1,0
3600.101090,1,0,0,1,1,0,1,1,1
3605.708224,1,0,0,1,1,1,1,0,1
3612.108584,1,1,1,0,1,0,0,0,0
3618.489898,1,1,0,1,0,1,0,0,1
3626.638231,0,1,1,1,1,0,0,1,0
3629.724508,0,1,0,0,0,1,1,1,1
3631.334390,0,1,0,0,0,0,0,1,0
3639.037729,1,0,0,1,0,0,1,1,0
3639.127477,0,1,1,1,1,0,0,1,0
3642.805529,0,0,1,1,0,0,1,1,0
3645.751825,1,0,0,0,1,0,0,1,0
3652.267325,1,1,1,1,0,1,0,0,0
3660.329093,0,1,1,1,1,1,0,1,0
3668.187463,0,1,0,0,0,0,1,0,0
3677.313350,0,1,0,1,0,0,0,0,1
3682.390765,0,1,0,1,0,1,1,0,1
3690.172142,0,0,1,0,1,0,0,0,0
3695.773397,1,1,0,0,0,1,0,1,1
3701.291087,1,1,0,0,1,0,0,1,0
3709.069087,0,0,1,1,0,0,1,1,0
3712.819712,1,1,1,0,0,0,1,1,1
3722.592462,1,1,0,1,0,0,1,0,0
3730.571938,1,0,1,1,0,1,0,0,1
3736.095852,1,1,1,1,1,0,1,1,0
3738.740265,1,1,1,0,0,1,1,0,1
3748.002506,0,0,0,0,1,1,0,1,0
3751.842733,1,1,0,0,1,1,1,1,1
3753.243593,1,1,1,0,1,0,1,1,1
3759.961798,0,0,1,0,0,1,1,0,1
3768.334602,1,1,1,1,1,1,0,1,0
3769.988581,0,1,0,1,0,1,1,0,1
3778.146660,0,1,1,1,0,1,1,0,0
3783.971100,0,1,0,1,0,0,0,0,0
3786.231874,0,1,0,0,1,0,0,1,1
3789.639127,1,1,1,0,0,1,1,1,0
3794.194127,0,0,1,1,1,1,1,0,1
3796.998585,0,1,1,1,0,0,0,0,0
3797.832835,0,1,0,0,0,0,0,0,1
3798.196885,0,0,1,0,0,0,0,0,1
3807.379122,0,1,1,0,0,1,1,0,0
3815.437962,1,1,1,1,0,0,1,1,0
3817.159087,0,1,0,1,0,0,0,0,0
3823.710300,1,0,1,0,1,0,1,1,1
3828.337172,1,0,1,0,1,1,1,0,1
3835.337472,1,0,1,0,1,0,0,1,0
3836.568774,0,1,0,1,0,0,0,0,0
3839.957865,1,0,1,0,1,0,0,1,0
3845.684192,0,1,0,0,0,0,0,1,0
3846.606153,0,1,0,1,1,1,1,1,0
3856.071447,0,0,1,0,1,0,0,0,0
3858.433607,0,1,1,0,1,0,1,1,0
3865.676804,0,1,1,1,0,1,1,1,0
3874.833515,1,1,1,1,1,0,1,0,1
3881.552372,1,1,1,1,1,0,1,0,1
3888.618911,0,0,0,0,0,1,1,0,1
3897.564704,1,1,0,1,1,0,0,0,0
3904.746088,0,0,0,0,1,1,1,0,1
3909.286108,1,1,1,1,0,0,1,1,0
3915.386498,1,1,1,1,1,0,0,1,0
3917.477321,1,1,1,1,0,0,1,0,0
3917.811037,0,0,0,1,1,0,1,0,0
3920.209840,1,1,0,0,0,1,0,1,1
3927.648520,1,0,1,0,1,1,0,1,0
3935.302783,0,0,1,0,0,0,0,1,1
3940.637756,1,1,1,0,0,0,0,0,0
3941.361824,0,0,1,1,1,0,1,1,0
3950.263503,1,0,1,1,0,0,0,0,0
3957.290539,1,1,0,0,1,1,1,1,1
3962.640187,0,1,1,0,0,0,1,0,0
3965.447923,1,1,0,1,1,1,1,0,0
3971.036600,0,1,0,1,0,1,1,1,1
3976.490292,1,0,1,0,1,0,1,0,1
3979.246118,0,0,1,0,0,1,1,0,1
3979.378110,1,0,1,1,1,1,0,1,0
3984.127156,0,1,1,0,1,0,0,0,1
3988.315462,0,0,0,0,0,0,0,1,0
3995.130596,1,1,0,1,0,1,1,1,0
4003.534602,1,1,0,1,1,0,1,0,1
4005.750949,0,0,0,0,1,0,0,1,0
4010.349703,1,1,0,1,1,1,0,0,0
4016.925803,0,1,1,1,1,0,1,1,0
4024.681933,1,0,1,1,0,1,0,1,0
4025.197787,0,0,1,0,1,1,1,0,0
4028.531787,1,0,0,1,0,1,0,1,0
4031.464221,0,0,1,1,1,0,1,0,0
4033.103282,0,0,1,0,0,0,0,0,0
4041.045999,1,0,1,1,0,0,1,0,1
4041.564876,1,0,1,0,0,1,1,1,0
4049.087247,0,0,0,0,1,0,1,1,1
4058.485681,0,1,1,1,1,0,1,1,0
4064.628924,0,1,0,0,1,1,0,1,1
4069.629424,0,0,0,1,1,1,1,0,1
4072.548981,0,1,1,1,0,1,0,0,1
4074.387908,1,0,1,1,1,0,1,1,0
4082.169700,1,0,1,1,1,1,1,0,1
4084.816483,1,1,0,0,1,0,0,0,1
4085.720820,0,1,1,0,0,1,0,0,1
4090.882594,0,0,0,1,0,1,1,1,0
4096.710826,1,1,0,0,0,0,0,1,0
4096.734321,0,1,1,1,0,0,1,0,0
4103.931784,1,1,1,1,1,1,1,1,0
4109.788278,0,1,0,0,0,0,1,1,0
4113.311093,0,0,1,0,0,0,0,1,1
4122.404751,0,0,0,1,1,1,0,0,1
4132.356909,1,0,0,1,0,0,0,0,0
4136.735351,0,1,1,0,0,0,0,1,0
4142.026145,0,1,1,0,1,1,1,1,0
4148.130431,1,0,1,0,1,0,0,1,1
4148.505925,1,1,1,0,0,1,1,1,0
4148.649091,0,0,1,0,1,0,0,0,1
4157.806152,1,0,0,1,1,1,1,0,1
4163.139952,1,1,0,0,0,1,0,1,0
4165.381814,1,0,1,0,1,1,1,0,0
4168.361240,0,1,1,0,0,0,1,1,0
4177.881288,0,1,0,0,1,1,0,1,0
4183.088994,1,0,0,1,0,1,1,1,1
4186.640901,1,0,1,0,0,0,1,1,1
4194.206934,1,0,1,1,1,1,0,0,1
4195.950569,1,1,1,0,0,1,0,1,1
4200.311945,0,0,0,0,1,0,0,1,1
4205.627729,0,0,0,1,0,1,0,0,1
4211.117542,1,0,0,1,1,0,1,1,1
4217.867867,0,1,0,0,1,1,1,0,1
4223.445232,0,0,1,0,1,0,1,1,0
4224.271273,0,0,1,1,1,0,1,0,0
4226.546820,1,1,0,0,1,1,0,1,0
4236.206498,1,0,1,0,0,0,1,0,0
4244.876069,1,0,0,0,1,0,0,1,1
4252.188166,1,1,1,0,0,0,0,1,1
4256.431166,0,0,1,1,0,0,1,0,1
4258.371191,0,1,1,0,1,1,1,0,0
4262.075524,0,1,0,0,0,1,1,0,1
4263.388893,1,0,0,0,0,1,0,1,1
4265.534893,1,1,0,1,0,1,1,0,1
4271.202677,0,0,1,0,1,0,0,1,1
4278.494144,1,0,0,1,1,0,1,0,0
4282.442876,1,0,1,0,0,1,0,0,1
4285.312717,0,0,0,0,1,1,0,1,0
4285.823220,0,1,1,1,0,0,1,0,1
4293.525204,0,0,0,1,1,0,1,1,0
4303.148898,0,0,0,0,0,1,0,0,0
4309.538756,0,1,1,1,1,1,1,0,1
4318.985306,1,0,1,0,0,0,0,0,0
4323.802897,1,0,0,0,1,0,0,0,0
4324.819668,0,0,1,1,0,0,1,0,1
4329.702070,1,0,1,0,1,0,0,0,0
4336.020949,0,1,1,0,1,0,0,0,1
4344.628157,0,0,1,0,0,1,0,0,1
4347.721941,1,0,0,0,1,0,1,0,0
4357.294056,1,1,1,1,0,1,1,1,0
4363.498815,1,1,1,0,1,0,0,1,1
4369.425561,0,0,1,0,1,0,0,1,0
4376.648061,0,0,0,1,0,1,1,0,1
4381.612594,0,0,0,1,1,1,1,1,0
4387.162637,0,1,1,1,0,1,0,0,0
4390.897440,1,0,1,1,1,1,0,1,1
4391.374583,0,1,0,1,0,1,0,1,1
4394.289865,0,1,1,0,1,1,0,1,1
4397.849406,0,0,1,0,0,0,0,1,1
4401.133315,0,0,1,0,0,1,0,0,0
4407.635122,0,0,0,0,0,1,0,1,0
4408.641313,1,0,1,0,1,1,1,0,1
4416.603112,1,1,1,1,1,0,1,0,0
4425.681487,0,1,1,1,0,0,0,1,1
4435.356140,1,1,0,1,1,1,1,1,0
4441.901108,0,1,0,0,0,0,0,0,1
4447.290309,1,0,0,1,0,1,0,1,0
4449.560585,0,1,1,1,1,0,0,0,1
4450.102708,1,0,0,0,1,1,0,0,0
4451.393901,1,1,0,0,0,1,0,0,0
4460.473993,0,0,1,1,0,1,1,1,0
4465.034397,0,0,1,0,1,0,0,0,0
4471.225829,0,0,0,0,0,0,1,1,1
4475.411522,1,1,1,0,1,0,0,0,0
4485.138152,1,1,1,1,0,0,1,1,1
4485.591235,1,1,1,0,1,1,1,0,0
4487.515120,1,1,0,1,1,0,1,0,1
4492.279157,1,1,0,1,0,1,0,0,1
4498.758382,0,1,1,0,0,0,1,0,1
4502.520664,1,1,0,1,0,0,0,1,1
4508.601642,1,0,0,0,0,1,0,0,0
4515.268642,1,1,0,0,0,0,1,0,1
4517.990889,0,1,0,0,1,1,1,0,1
4521.678671,1,0,1,0,1,0,0,0,1
4529.809293,1,1,1,1,0,0,0,1,0
4536.627793,0,0,0,0,0,1,0,1,0
4538.670978,0,1,1,0,0,1,0,0,0
4546.084105,0,1,0,1,0,1,0,0,1
4550.392055,0,1,0,0,0,0,0,1,1
4551.232388,1,1,1,1,1,0,1,0,0
4560.878649,0,1,1,1,1,1,1,0,1
4568.531945,1,1,0,0,0,0,0,1,0
4577.162219,1,0,0,1,0,0,1,1,0
4582.660824,1,0,1,1,1,1,1,1,0
4586.174987,1,0,1,0,1,1,1,1,0
4591.448618,1,0,0,0,1,1,0,1,0
4596.810388,0,0,0,0,0,1,0,1,1
4603.779155,0,0,0,0,0,0,0,0,1
4609.245195,0,1,0,1,1,0,0,0,1
4615.368660,1,0,1,0,1,0,1,1,1
4619.538489,0,1,1,0,0,1,1,1,0
4623.052652,0,1,0,1,0,0,0,1,1
4629.290510,0,0,1,0,1,1,1,0,1
4633.873330,0,0,1,0,0,1,1,0,1
4640.642547,0,0,0,1,1,1,0,1,1
4641.754547,0,1,1,0,1,0,1,0,0
4643.932980,1,1,0,0,0,1,0,0,0
4652.782016,0,1,1,0,1,1,1,0,1
4658.768333,0,0,1,1,0,1,1,0,0
4663.745899,1,0,0,1,1,1,0,1,1
4663.825631,1,0,0,1,1,1,1,0,0
4664.292172,0,0,1,0,0,1,1,0,1
4671.521365,1,1,1,1,1,0,0,1,0
4674.235848,0,0,1,1,0,0,0,0,1
4683.895141,0,0,0,1,0,1,0,0,0
4693.029743,0,1,0,1,0,0,1,0,1
4693.330114,1,0,0,0,0,0,1,0,0
4701.033047,1,1,1,0,1,0,1,1,0
4707.829142,1,1,0,0,1,1,1,0,0
4715.893851,1,0,1,1,0,0,1,1,1
4725.610628,1,0,1,0,1,1,0,1,0
4729.248665,1,1,1,1,1,0,1,0,0
4733.789751,0,1,0,1,1,0,1,1,0
4735.776112,0,0,0,1,1,0,1,0,0
4745.176172,1,1,0,1,1,1,0,1,1
4746.248064,1,1,0,1,1,1,0,1,1
4753.091955,0,0,0,1,1,0,1,1,0
4757.337692,0,0,0,1,1,1,1,0,0
4762.489692,1,1,0,1,1,1,0,0,0
4763.763292,0,0,0,1,0,0,0,0,1
4765.726121,1,1,0,1,1,0,1,1,1
4768.462142,1,0,0,0,0,0,1,1,0
4772.263457,1,0,0,1,0,0,1,1,0
4779.662984,1,1,1,1,0,1,1,1,0
4783.602984,1,0,1,1,0,0,1,1,1
4785.151449,1,1,0,0,0,0,1,1,1
4788.541940,1,0,1,0,0,1,1,0,0
4793.163690,0,0,1,1,1,1,0,1,1
4802.880942,0,0,0,1,1,0,1,0,0
4805.074705,0,0,0,0,0,1,1,1,1
4810.652575,1,0,1,0,0,1,1,0,1
4814.553600,0,0,0,1,0,0,1,0,1
4821.680056,0,1,1,0,0,1,0,0,1
4826.046816,0,0,1,1,1,0,1,1,1
4827.754963,0,0,1,1,1,1,0,0,1
4834.566427,0,1,1,1,1,0,0,0,0
4836.961554,1,0,0,0,1,1,0,0,1
4837.504476,1,1,0,0,0,0,1,1,0
4839.443267,0,0,1,0,0,0,0,0,0
4841.912592,1,1,1,1,0,0,0,1,0
4851.169423,0,0,0,1,1,1,1,1,0
4855.503323,1,1,1,1,1,0,1,0,0
4860.557581,1,1,1,1,0,1,0,1,0
4870.104062,0,1,1,1,1,0,0,1,0
4871.594275,0,1,0,1,0,1,0,1,1
4875.493190,1,1,1,0,0,1,1,1,1
4883.391951,1,0,1,0,1,1,1,1,0
4892.152639,0,0,0,1,0,0,1,0,1
4898.454744,1,0,1,0,1,0,1,1,1
4902.593261,0,0,0,1,1,0,0,1,1
4907.118171,1,0,1,0,1,1,1,0,1
4911.312300,1,1,1,0,1,1,1,0,0
4911.464039,0,1,1,1,0,1,0,1,1
4918.084586,1,1,1,0,0,1,0,0,0
4918.196140,1,0,0,1,1,0,1,0,0
4920.459357,0,0,1,0,1,1,1,1,1
4926.119447,1,0,0,0,0,1,1,0,1
4934.655676,0,1,1,0,1,1,0,1,1
4937.694066,1,0,0,1,0,1,1,1,0
4947.414094,0,0,0,1,1,1,0,0,1
4957.366984,1,0,0,1,1,1,1,0,0
4957.823131,0,0,1,1,1,1,1,1,0
4963.521885,0,1,1,0,0,0,1,1,1
4970.746243,0,0,0,1,0,0,1,0,0
4977.711527,0,0,1,1,1,1,1,1,1
4985.134007,1,1,0,0,1,0,0,0,1
4987.291654,0,1,1,1,0,1,1,0,0
4990.815618,1,0,0,0,1,1,0,1,0
4999.653269,0,1,0,1,1,1,1,1,0
5000.523747,1,0,1,0,0,1,0,0,1
5004.983504,1,1,0,1,1,0,1,1,0
5010.906833,0,0,1,1,0,1,0,0,1
5012.193794,1,0,1,0,0,0,1,0,0
5018.130097,0,0,1,0,0,1,0,0,1
5018.777236,1,0,0,1,1,0,1,0,1
5019.320054,0,1,1,1,0,0,0,1,1
5024.977325,1,0,0,1,1,0,1,0,0
5034.641224,1,1,0,0,0,0,0,0,0
5039.982599,1,0,1,1,1,0,0,0,0
5040.353932,0,1,0,1,0,0,1,1,1
5042.751830,0,1,0,0,1,1,1,0,0
5047.604666,0,1,1,1,0,0,1,0,0
5048.738405,0,0,1,0,1,0,1,1,1
5049.329234,0,1,0,1,1,0,0,0,1
5056.171655,1,1,0,0,1,1,1,0,1
5056.172655,1,0,0,1,0,0,0,0,0
5061.549461,0,1,1,0,0,1,0,1,1
5070.225091,0,1,0,0,1,0,0,1,0
5079.586856,1,0,0,1,0,0,0,0,1
5088.847494,0,1,1,1,1,1,1,1,0
5091.796917,0,0,0,0,0,1,0,1,0
5100.885647,0,1,1,0,0,0,1,1,1
5106.730567,1,0,0,1,1,0,0,0,1
5109.403568,0,0,1,0,0,1,0,0,1
5110.549356,0,1,1,1,0,0,0,0,0
5115.581700,1,1,1,0,0,0,1,1,0
5118.069630,0,1,1,1,1,1,1,1,0
5126.619586,1,0,1,0,0,1,1,0,1
5133.501157,0,0,1,0,0,0,1,1,1
5138.168357,0,1,1,1,1,1,1,1,1
5140.169157,1,1,1,1,0,0,1,0,0
5142.177211,1,1,0,0,1,0,0,0,1
5145.140878,0,1,1,1,0,1,0,1,0
5149.386245,1,0,1,0,0,1,1,0,0
5158.158095,0,1,0,1,0,1,0,0,0
5161.142753,0,0,0,1,1,0,0,1,0
5169.589511,0,0,1,0,0,0,1,0,1
5172.870281,0,1,1,0,1,1,0,0,0
5173.379705,1,0,1,0,0,1,0,1,1
5178.216287,0,0,0,1,0,1,1,0,0
5186.716437,0,0,0,1,0,0,1,1,0
5193.145365,0,1,0,0,1,0,0,0,0
5196.450128,1,0,0,1,0,0,0,0,1
5203.708264,0,1,0,0,0,0,0,1,1
5212.635410,0,1,1,1,1,0,0,0,1
5216.020167,1,1,0,1,1,0,1,1,0
5216.870339,1,1,1,1,1,1,0,0,0
5226.214296,1,0,0,1,0,0,0,1,0
5234.724769,1,1,0,0,0,0,0,1,0
5244.603813,0,1,1,1,1,1,0,0,1
5254.409658,0,0,0,0,0,1,0,1,1
5262.213799,1,0,1,1,0,1,0,1,0
5270.334288,0,1,1,1,0,0,1,0,0
5274.237337,0,0,0,1,1,0,1,0,0
5281.050084,0,1,0,1,1,1,0,1,0
5289.452180,1,0,0,0,0,0,0,0,1
5295.488613,1,1,1,0,0,0,1,0,0
5303.594971,0,0,0,0,1,1,0,0,1
5312.522869,1,0,1,1,1,1,1,0,1
5317.394705,0,1,1,0,0,1,1,0,1
5319.706398,1,0,0,1,0,1,1,1,0
5325.088678,0,0,1,0,1,1,1,0,0
5335.013214,0,1,1,0,0,1,0,1,1
5338.537069,1,1,0,0,1,1,1,0,1
5344.377485,1,0,1,1,1,0,1,0,0
5345.033486,1,0,0,1,1,0,0,1,1
5354.586795,1,1,0,0,0,1,1,0,0
5360.873716,1,0,1,1,0,1,1,0,1
5366.869513,0,0,1,1,1,0,0,0,0
5367.524043,1,0,0,1,0,1,0,0,1
5374.382996,1,1,1,1,1,0,0,0,1
5375.734307,0,1,1,0,1,1,0,1,1
5384.414995,0,0,1,0,1,1,1,1,0
5389.621823,1,0,0,0,0,1,1,0,1
5397.256468,0,0,1,0,0,0,0,0,1
5400.276034,0,1,0,0,0,1,1,0,1
5409.999899,0,0,1,1,1,1,0,1,1
5413.462091,1,1,1,1,0,0,0,0,1
5414.856141,1,0,1,0,1,0,0,1,1
5423.618480,1,0,1,0,0,1,1,1,0
5424.032283,0,0,1,0,0,0,1,1,1
5428.425000,0,0,1,0,0,0,0,0,1
5433.631943,0,1,0,1,1,0,1,1,0
5441.551541,1,0,1,1,1,1,1,0,0
5448.661464,0,0,0,0,0,0,1,1,0
5451.821144,1,0,0,1,0,1,0,0,1
5453.395951,1,1,0,0,0,1,0,0,1
5454.970070,1,1,0,1,0,0,0,1,0
5463.850533,1,1,0,0,1,1,0,0,1
5470.445077,0,1,1,0,0,0,0,0,0
5471.282113,0,0,0,0,1,0,0,1,1
5477.282513,1,1,1,1,1,1,1,0,0
5485.881687,1,1,1,0,0,0,1,0,1
5492.914242,0,0,0,1,0,0,1,0,0
5499.343171,0,1,0,0,0,1,1,0,0
5502.470894,1,0,1,1,1,1,0,0,0
5503.561024,0,1,0,1,0,0,0,0,0
5503.899962,0,1,0,0,0,1,1,1,0
5504.123162,0,1,0,0,1,1,1,1,0
5506.087959,1,0,1,0,1,1,0,0,0
5508.369433,0,1,0,0,0,0,1,1,1
5509.330886,0,0,0,1,1,1,1,0,1
5514.160063,1,1,0,1,1,1,0,1,1
5515.014636,1,0,0,0,0,1,1,0,1
5520.945851,0,0,0,1,0,0,1,0,1
5521.025760,1,0,1,0,1,1,1,1,0
5522.523937,1,1,0,1,1,1,1,1,0
5523.113113,0,0,0,0,0,0,1,0,1
5529.681113,1,1,1,1,1,1,0,0,0
5533.314037,0,0,1,0,1,1,1,0,0
5543.185845,1,0,0,0,0,0,0,0,0
5550.058196,0,0,1,1,1,1,0,1,0
5558.449965,1,1,1,1,1,0,1,0,0
5562.995965,1,1,1,0,0,1,0,1,1
5568.145386,1,1,0,1,0,0,1,1,0
5573.768600,1,1,1,0,0,0,1,1,0
5574.930774,1,0,1,0,1,1,0,1,1
5578.192565,0,0,0,1,0,0,0,1,0
5579.791468,1,1,0,0,0,1,0,0,0
5583.288622,0,0,1,0,0,0,0,0,1
5593.182626,0,1,0,0,1,0,1,1,0
5596.912066,0,0,0,1,1,0,0,1,1
5605.433341,1,0,1,0,1,0,0,0,1
5606.993818,1,1,0,0,1,0,1,1,0
5611.266691,0,1,0,0,1,0,0,0,1
5615.716586,1,0,0,1,1,0,1,0,1
5620.234375,0,1,0,1,0,1,0,0,0
5629.895426,0,0,1,0,1,0,0,0,1
5639.457514,0,0,0,0,0,0,1,0,0
5643.589053,0,0,1,0,0,1,0,1,0
5644.297947,1,1,0,1,0,1,1,1,0
5652.816613,0,1,1,1,0,0,1,0,1
5659.585495,0,0,1,1,0,0,0,0,0
5667.361269,1,0,1,0,1,0,1,0,1
5676.510290,1,1,1,1,1,0,0,1,1
5680.510890,1,0,1,1,1,0,0,0,1
5683.671426,1,1,1,0,0,1,1,1,0
5693.304714,0,0,0,0,1,0,1,1,0
5699.775655,0,0,0,0,1,1,0,1,1
5701.585998,1,1,1,1,0,1,1,1,1
5708.801609,0,0,0,1,0,1,0,0,0
5712.073958,0,1,1,1,0,1,1,1,0
5718.434282,0,0,0,1,0,1,1,0,0
5719.060219,1,1,1,0,0,1,1,1,1
5719.992585,1,0,0,1,0,0,0,0,0
5721.112258,0,1,0,0,1,0,0,0,0
5728.612508,1,0,1,1,0,1,0,1,1
5734.293413,1,1,1,0,1,1,0,1,1
5741.478379,0,0,1,0,1,0,0,0,1
5744.239028,1,0,0,1,0,0,1,1,1
5751.057528,1,0,0,0,0,0,1,0,1
5755.165260,1,1,1,0,0,1,1,1,0
5757.012833,1,0,0,1,1,0,0,0,0
5758.400556,1,0,0,0,0,0,1,1,1
5762.448770,0,1,1,1,1,0,0,1,0
5766.760293,0,0,0,1,0,0,1,0,1
5768.053681,0,1,0,1,1,0,0,0,1
5769.799473,1,0,0,0,1,1,1,1,1
5770.460129,1,1,1,1,0,1,1,1,0
5774.580567,1,0,1,1,1,0,1,1,1
5781.100739,0,0,1,1,1,0,1,0,0
5786.201631,0,1,1,1,0,0,1,1,0
5787.846302,1,1,0,1,0,1,1,1,0
5792.751643,1,1,0,1,0,1,1,1,1
5793.112967,1,1,0,0,0,0,0,0,1
5797.399253,1,0,0,0,1,0,0,0,0
5799.958683,0,0,0,1,0,1,0,0,0
5805.491044,0,0,0,0,1,0,0,0,1
5810.525325,1,1,1,1,0,1,1,0,0
5820.323139,1,1,1,1,1,0,1,1,1
5827.018207,0,1,1,1,1,0,0,0,1
5834.790865,1,0,0,1,0,0,1,0,1
5840.748716,1,0,0,0,0,0,0,0,1
5848.380532,1,0,1,0,1,0,0,1,0
5854.121699,0,0,1,0,0,0,0,1,0
5855.167890,1,0,0,1,0,1,1,1,0
5859.867874,1,1,0,1,1,0,1,1,0
5863.823702,1,1,0,1,1,0,1,1,0
5871.975148,1,1,0,1,1,1,1,0,0
5879.361951,0,0,1,0,1,0,1,0,0
5886.161278,0,0,0,1,0,0,0,1,1
5891.933306,1,0,0,1,1,1,1,1,1
5898.451825,1,0,0,0,1,0,0,0,1
5906.057550,0,1,1,0,1,1,0,1,1
5914.872697,1,0,0,0,0,1,0,0,1
5923.171836,1,1,1,1,0,0,0,0,0
5923.631506,0,0,0,0,0,1,0,0,0
5924.432426,0,1,0,1,1,1,1,0,0
5934.343414,1,0,1,0,1,0,1,0,1
5942.850673,0,1,0,0,1,0,0,0,0
5944.269970,1,0,1,0,1,1,0,0,0
5948.959497,0,1,1,0,1,0,1,0,1
5950.725026,1,0,1,1,1,1,0,0,1
5950.925209,0,0,0,1,1,0,1,1,1
5959.548695,1,0,0,1,0,1,0,0,1
5960.963839,1,1,1,1,1,1,0,0,1
5967.416499,0,0,1,0,1,1,0,1,0
5973.200502,0,1,1,1,1,0,1,0,1
5974.914111,0,1,1,0,1,1,1,0,0
5976.457308,1,0,0,1,1,1,1,1,0
5978.277515,1,1,0,0,1,0,0,0,1
5979.457259,1,0,1,0,0,1,0,1,0
5984.280665,1,0,1,1,1,0,0,0,0
5991.862607,1,1,1,1,0,0,0,1,1
6000.340125,1,1,1,0,0,1,0,0,0
6008.745776,0,0,1,1,1,0,0,1,0
6011.618829,0,1,1,1,1,1,1,0,0
6011.925142,0,1,1,1,0,1,0,0,1
6019.258742,0,0,0,1,1,0,1,1,0
6028.189274,1,1,1,1,1,1,1,0,1
6030.831232,1,0,0,1,1,1,1,1,1
6032.071639,1,1,1,1,1,0,0,0,1
6039.208677,1,0,0,1,1,0,0,0,1
6045.971403,1,1,1,0,1,0,0,1,1
6051.378290,0,0,0,0,0,1,0,0,1
6059.102398,0,1,0,1,1,1,0,1,1
6067.212441,1,0,1,0,1,1,0,1,1
6076.753028,1,0,0,0,1,1,1,1,0
6082.368851,1,1,0,0,0,1,1,1,1
6086.560528,0,1,0,1,0,1,0,0,1
6086.561528,0,0,1,0,1,0,0,0,0
6089.189384,0,0,1,1,1,0,1,0,1
6091.540307,0,0,1,0,0,1,1,1,0
6100.925711,1,0,0,1,0,0,0,1,0
6101.616298,1,0,0,0,0,1,0,1,1
6107.363144,1,0,0,1,1,0,1,0,1
6110.600536,0,1,1,0,1,0,0,1,0
6112.320590,1,0,1,0,0,0,0,0,0
6116.958563,0,0,0,0,1,1,1,0,1
6120.176764,1,0,1,0,1,1,0,1,0
6128.296421,1,1,0,1,0,1,1,0,0
6129.107617,1,0,1,0,1,1,1,1,1
6136.448309,0,0,0,1,1,1,1,1,1
6138.909589,1,0,1,0,0,1,1,0,0
6145.876184,0,1,0,1,0,0,0,0,1
6149.262013,0,1,0,0,1,1,1,0,1
6158.022641,0,0,0,1,1,1,0,1,0
6159.640837,0,1,1,0,0,0,0,0,0
6167.895728,0,0,1,1,1,0,1,0,0
6169.411728,1,0,1,1,1,0,1,0,0
6172.245778,0,0,0,0,0,0,1,0,1
6176.682954,1,0,0,1,1,1,1,1,1
6181.531954,1,0,1,0,0,1,0,1,1
6191.498954,0,0,0,1,1,1,1,0,0
6195.973191,1,1,1,0,1,1,1,0,0
6203.473441,1,0,1,1,1,1,0,1,1
6213.462525,0,1,1,1,0,0,1,1,0
6217.797743,1,1,1,1,0,0,0,0,0
6222.169166,1,0,0,1,1,1,0,0,0
6226.996919,0,0,0,0,0,1,0,0,0
6235.177730,1,1,1,1,0,0,0,1,1
6238.301843,0,1,0,1,1,1,0,0,0
6245.200458,0,1,0,1,1,1,1,1,0
6254.707897,0,0,1,1,1,0,0,0,0
6259.956991,1,0,1,0,1,0,0,0,0
6269.795716,0,1,0,1,0,1,1,0,1
6270.403986,1,1,1,0,1,0,0,1,1
6273.962682,0,0,0,1,0,1,1,0,0
6280.533129,1,1,0,1,1,0,0,0,1
6282.223150,0,0,1,1,1,0,1,1,1
6291.696887,0,0,1,0,0,1,1,0,0
6296.858661,1,0,1,1,0,0,0,1,1
6302.756507,0,1,1,0,1,0,1,0,0
6307.016340,1,0,1,1,1,0,1,1,1
6309.536620,1,1,0,1,1,1,0,0,1
6318.547575,0,1,1,0,0,1,1,0,1
6322.020450,0,0,0,1,1,1,1,1,1
6323.088010,1,0,1,0,1,1,1,0,1
6331.034161,1,1,1,1,1,1,1,1,1
6333.124505,1,1,1,0,0,1,1,1,0
6340.474889,1,1,0,1,1,0,0,0,0
6343.475589,1,0,1,0,0,0,0,1,1
6343.476589,1,1,0,1,0,0,1,0,1
6351.337766,1,1,0,0,0,0,0,1,1
6355.794842,0,1,0,1,0,1,1,0,1
6358.068342,1,1,0,1,1,0,0,0,0
6365.437026,0,1,1,0,0,0,0,1,1
6370.656904,1,0,0,0,0,1,0,1,1
6374.626579,0,1,1,1,1,1,0,1,1
6381.404679,0,1,0,1,1,0,0,0,1
6382.455192,1,0,1,1,1,0,0,1,0
6384.687729,0,0,0,0,0,1,0,1,0
6390.700948,1,0,1,0,0,1,1,0,0
6391.829655,1,1,1,1,1,1,0,0,1
6392.486566,1,0,0,0,0,0,1,0,0
6394.812915,0,0,1,0,1,0,1,0,0
6397.611181,1,1,0,0,1,0,1,0,0
6397.997538,0,1,1,1,0,0,1,1,0
6398.115077,1,0,0,1,1,0,1,0,1
6398.505332,0,0,1,1,0,0,1,0,1
6402.009631,0,0,1,0,1,0,1,0,0
6403.063961,1,1,1,1,0,1,0,1,1
6412.450525,1,0,1,0,0,1,1,1,0
6415.069117,0,0,1,0,0,0,1,0,1
6416.538502,1,0,1,0,0,0,1,1,0
6424.364806,0,0,0,1,0,1,0,1,1
6429.154554,0,1,1,0,1,1,0,1,0
6432.302650,0,1,0,0,0,0,1,1,0
6433.235510,0,1,0,0,1,1,0,0,0
6436.569510,0,1,0,1,0,1,0,0,0
6438.895043,0,0,0,0,0,1,1,0,1
6443.740279,0,0,0,1,1,0,0,0,0
6448.509589,1,0,1,1,1,0,0,0,0
6452.833881,1,0,0,0,1,0,0,1,0
6453.711987,1,1,0,0,1,0,0,0,1
6455.771014,0,1,1,0,0,0,0,0,1
6457.005535,1,0,0,1,0,1,1,1,1
6462.679389,1,0,1,0,1,0,1,0,0
6471.389195,1,0,0,0,1,1,1,0,1
6477.290158,0,0,1,0,0,1,0,0,1
6477.746175,1,1,0,0,0,1,1,0,0
6480.884116,0,0,0,1,1,1,1,0,0
6490.804759,1,1,1,1,1,0,0,1,1
6495.417170,0,1,0,0,0,1,0,1,0
6495.527363,1,1,1,0,1,0,0,1,0
6499.855661,1,0,1,1,0,0,1,0,0
6502.291200,1,1,1,0,0,1,1,1,1
6505.035749,1,0,1,0,0,0,0,1,1
6509.873928,0,0,0,1,1,0,1,1,0
6511.575077,1,0,0,1,1,0,1,1,1
6514.287427,1,0,0,0,1,0,1,0,0
6521.063450,1,0,0,1,1,1,0,1,1
6527.919110,1,1,0,1,0,1,1,1,1
6530.480241,1,1,1,1,1,1,0,0,1
6534.043638,1,0,1,1,1,1,1,0,0
6536.874543,0,0,0,0,0,0,0,1,1
6544.198755,1,0,1,1,0,0,1,1,1
6549.798323,0,1,1,1,1,1,1,0,0
6553.059867,0,0,1,1,1,1,1,1,0
6560.028133,1,1,1,1,0,0,1,0,0
6569.573633,1,0,1,1,1,1,1,0,1
6576.758665,0,0,0,0,0,0,0,1,0
6584.932761,0,0,1,0,1,1,0,0,1
6590.822274,1,1,0,1,1,1,0,0,1
6591.524958,0,0,1,1,1,0,1,0,0
6599.174002,1,0,0,1,1,1,1,1,0
6606.277096,1,1,1,0,0,1,1,1,1
6611.199479,0,1,1,1,0,0,1,1,1
6614.281803,0,1,0,0,0,0,0,0,1
6616.782553,1,0,1,0,1,0,0,1,1
6624.857070,0,1,1,1,0,1,1,1,1
6629.423270,1,0,0,1,0,1,1,1,1
6634.001277,1,1,0,1,0,1,1,0,0
6637.011455,0,1,0,0,0,1,0,1,0
6644.101177,0,0,1,1,0,0,0,0,0
6650.781351,0,1,1,0,0,1,0,1,1
6653.415269,1,1,0,1,0,0,1,1,1
6659.825266,1,0,0,1,0,0,0,0,0
6664.978239,1,1,0,1,0,1,1,1,1
6671.112277,0,0,1,0,1,0,0,1,0
6671.346263,0,0,1,0,1,1,0,0,1
6676.540542,0,1,0,1,1,1,1,1,0
6680.605217,1,1,0,1,0,1,1,0,0
6683.437965,1,1,0,0,0,1,1,0,1
6693.235087,0,1,1,0,1,1,1,1,1
6701.778585,0,1,1,0,1,0,0,0,1
6709.837990,0,0,1,1,0,1,1,1,1
6716.985208,0,1,1,1,1,1,0,1,1
6726.477566,1,1,1,0,1,0,1,1,0
6732.801922,0,1,0,1,0,1,1,0,1
6734.568914,0,0,1,0,0,0,0,0,1
6740.101276,0,1,0,1,0,0,1,1,0
6745.181133,0,0,0,0,1,0,1,1,0
6753.076080,1,0,1,1,1,1,0,0,1
6762.432205,1,1,1,0,1,1,1,0,1
6764.888430,0,1,0,1,0,0,0,0,1
6770.927419,1,1,0,0,0,1,0,1,0
6772.113796,0,1,0,1,1,0,0,1,1
6776.272086,1,1,1,0,0,0,0,0,0
6779.359805,1,1,0,0,0,1,1,0,0
6783.523958,1,0,1,1,0,0,0,0,0
6788.672372,0,0,1,1,0,0,0,0,0
6796.399872,1,1,1,1,0,0,0,1,0
6799.534530,0,1,0,1,1,0,1,1,1
6800.963958,0,0,0,0,1,1,0,1,0
6805.626146,0,1,1,0,0,0,0,0,1
6807.490314,0,1,1,0,0,1,0,1,0
6814.682225,1,1,0,0,0,1,0,1,1
6820.328833,1,1,0,1,0,1,1,1,0
6821.725377,1,0,0,0,1,0,1,0,1
6830.796102,1,1,0,1,0,0,0,1,1
6834.667683,0,1,1,1,1,1,1,1,0
6837.585857,0,0,1,0,0,1,1,0,1
6843.818873,1,1,0,1,0,0,0,1,1
6852.533861,0,1,0,0,1,0,0,1,0
6857.546860,1,1,0,0,0,1,0,1,1
6866.088672,1,1,0,1,1,1,1,1,1
6869.586975,1,1,0,1,0,1,1,1,1
6878.267958,0,0,1,1,0,1,1,1,1
6887.251666,1,0,1,0,0,1,0,0,0
6887.399514,1,0,1,0,0,1,0,0,1
6896.675287,0,0,1,0,0,0,1,1,0
6904.423471,1,0,0,0,1,1,0,0,1
6905.515271,0,0,1,0,0,1,0,0,1
6906.066674,1,1,0,1,0,0,0,1,0
6908.067474,1,1,0,0,0,0,1,0,0
6910.011743,0,1,0,1,0,0,0,1,0
6915.243181,0,1,0,1,0,1,1,0,0
6918.360308,0,0,0,0,0,1,0,1,0
6918.812730,1,1,0,1,0,0,1,0,0
6924.487976,1,1,1,0,1,0,1,1,0
6933.738051,0,1,0,1,1,0,0,1,1
6940.562566,1,1,0,1,0,1,1,1,1
6941.138094,1,0,0,1,0,1,0,1,1
6941.306541,0,0,0,1,0,0,0,0,1
6945.307141,0,1,0,0,0,1,1,1,0
6951.667929,1,0,0,0,0,0,0,1,0
6952.661048,1,0,0,1,0,1,1,0,1
6960.915191,0,1,0,1,0,1,1,1,0
6963.502344,0,1,1,1,0,1,1,1,0
6967.242101,1,1,1,0,0,1,1,0,1
6970.691032,0,1,0,1,1,1,1,0,1
6971.662472,1,1,0,1,0,0,0,1,0
6979.801460,0,0,1,0,0,1,0,0,0
6981.512133,0,1,0,1,0,1,1,1,0
6988.775781,1,1,1,1,1,0,1,1,1
6994.863129,0,1,0,0,1,1,0,1,1
7001.530129,0,0,0,0,0,0,0,0,1
7008.686547,0,0,1,0,0,0,0,0,0
7015.047205,1,0,0,1,1,1,1,0,0
7018.428149,1,0,0,0,1,0,1,1,0
7024.004011,0,0,0,1,0,1,1,0,0
7033.588827,0,1,1,1,1,1,1,1,0
7035.037051,0,0,0,0,1,0,0,1,0
7035.990337,0,0,0,1,0,0,0,0,0
7044.490487,0,0,1,1,0,0,1,0,1
7050.155436,1,1,1,1,1,1,0,1,1
7058.658987,0,0,0,0,1,0,0,0,1
7059.983384,0,1,0,1,1,1,1,1,1
7067.218684,1,0,0,1,0,0,0,0,0
7069.534376,1,1,0,0,0,0,1,1,0
7075.809258,1,0,0,1,0,1,1,0,1
7084.102112,1,0,1,1,1,0,1,0,0
7092.734040,0,0,1,0,0,1,1,0,1
7094.677103,0,1,1,1,0,1,1,0,0
7094.821973,1,1,1,1,0,1,1,1,0
7104.427438,1,0,0,1,0,1,1,1,1
7104.428438,0,1,1,0,0,1,1,1,1
7107.131118,1,1,0,1,1,0,1,1,0
7108.782571,0,1,0,1,0,1,0,0,0
7116.368506,1,1,1,0,0,0,0,0,1
7118.108462,1,1,0,0,1,0,1,1,0
7121.298278,1,0,1,0,1,0,1,0,1
7121.653333,0,0,0,0,1,0,0,1,1
7128.854049,0,1,1,0,1,0,0,0,1
7132.061559,0,1,1,1,0,0,0,1,1
7135.243114,0,1,0,0,1,1,1,1,1
7137.365114,1,1,1,0,0,0,0,1,0
7143.561814,1,0,1,0,0,1,1,1,1
7148.684253,0,0,1,1,0,1,1,1,1
7153.641900,1,0,0,1,0,0,1,1,0
7154.959841,0,1,1,0,0,0,1,1,1
7159.404841,0,1,1,1,1,1,1,1,1
7168.862039,0,0,1,1,1,1,1,0,1
7169.926223,1,0,1,1,0,0,1,1,0
7170.403366,1,0,0,0,0,1,0,0,0
7173.386524,0,0,0,1,0,1,0,0,1
7181.178953,1,1,0,0,1,1,0,0,0
7187.582190,0,0,0,0,0,1,0,1,0
7191.380279,0,1,1,1,0,1,0,1,1
7196.950080,1,0,1,0,1,1,1,0,0
7204.139904,1,1,0,0,0,1,0,0,1
7207.473904,0,1,1,0,0,0,1,1,0
7211.351117,1,1,0,1,0,0,1,1,0
7214.512370,0,1,1,0,1,1,1,0,1
7218.668643,0,1,0,0,1,0,0,0,1
7226.918818,1,1,0,1,1,0,1,0,0
7234.280645,0,0,0,0,1,0,1,0,1
7238.161038,0,1,1,1,1,1,1,1,1
7240.484387,1,0,0,0,1,0,1,0,1
7240.992093,0,1,0,1,0,0,0,1,0
7249.417575,1,0,1,0,1,0,1,1,0
7249.473575,1,0,0,0,0,1,0,1,1
7251.383168,0,0,0,1,1,1,0,1,1
7256.624286,1,1,1,0,0,1,0,1,1
7258.977992,1,0,1,1,1,0,1,0,0
7264.692706,1,0,0,1,1,0,1,1,1
7266.369070,0,0,0,1,0,1,1,0,1
7269.827517,1,1,0,0,0,0,0,0,1
7272.383817,1,1,0,0,1,0,1,1,1
7279.761745,0,0,1,1,0,1,1,1,0
7285.009473,0,0,1,0,1,0,1,1,1
7292.207206,1,1,1,1,0,1,1,1,0
7300.629382,1,1,1,0,0,1,1,1,0
7303.738032,0,1,0,1,0,0,1,1,0
7308.399812,1,0,1,0,0,1,0,1,0
7314.511312,0,1,1,1,1,0,1,1,0
7315.560594,1,0,1,0,1,0,0,1,0
7318.719173,0,0,1,1,0,1,0,0,1
7319.496535,0,0,1,1,1,0,1,0,1
7320.432021,0,1,1,0,0,1,0,1,1
7323.560913,0,1,0,0,0,1,1,1,1
7332.750183,1,0,0,0,1,0,0,0,1
7333.043125,1,1,0,0,0,1,1,1,0
7341.136099,1,1,1,0,0,1,1,0,0
7348.392471,0,0,1,1,1,0,0,0,0
7355.639278,0,1,0,1,0,1,1,0,0
7356.535197,1,1,1,1,1,0,0,1,1
7357.068059,0,0,0,1,1,1,1,1,1
7362.017802,0,0,1,1,1,0,1,0,0
7366.227565,0,1,1,1,1,1,0,0,1
7373.790570,1,0,1,0,1,0,1,0,0
7378.149423,0,1,1,0,1,1,0,0,0
7381.209086,0,0,1,0,1,1,0,1,0
7388.429281,0,1,0,0,1,0,0,1,1
7396.962761,1,0,0,0,0,1,0,0,1
7404.230115,0,1,1,0,1,0,0,0,0
7411.706557,1,0,1,1,1,1,1,1,1
7414.534378,1,0,1,0,1,0,0,0,1
7419.396229,1,0,1,0,0,0,0,0,0
7426.825383,1,0,1,0,1,1,0,0,0
7436.021605,1,0,1,1,1,0,1,0,0
7443.600922,1,1,1,1,1,1,0,0,0
7447.497636,0,1,0,0,0,0,0,1,1
7452.181364,0,1,0,0,0,1,0,0,0
7459.436540,0,0,0,0,1,0,0,1,0
7467.779901,0,1,1,1,0,0,1,1,1
7468.842651,1,0,0,1,0,0,1,1,1
7474.942716,1,1,0,1,0,1,0,0,0
7482.342746,0,1,0,1,1,0,0,1,1
7492.266418,1,0,1,0,0,1,0,0,0
7493.973597,0,1,0,0,1,1,0,0,1
7503.613463,0,1,0,1,1,1,0,0,0
7509.364260,1,0,0,1,0,0,1,1,1
7510.666499,1,1,1,1,1,1,1,0,1
7519.315283,0,0,1,1,0,0,0,0,1
7527.761527,1,1,0,1,0,1,1,1,0
7537.110705,1,0,1,0,0,0,1,1,1
7542.791792,1,1,0,0,0,1,1,0,0
7552.434244,1,1,0,0,1,1,1,0,1
7558.056802,1,1,0,1,0,1,0,0,1
7562.224052,0,1,0,0,1,1,0,1,1
7565.668335,0,1,0,1,0,1,1,1,0
7575.174557,0,1,0,1,0,0,0,1,1
7579.182125,0,0,1,1,1,0,1,1,1
7584.759963,0,0,0,1,1,1,0,0,1
7594.198522,1,1,1,1,0,0,1,1,1
7595.798786,0,1,0,0,0,0,0,0,0
7604.425684,1,1,0,1,1,0,1,1,1
7612.701718,0,0,1,0,1,1,1,1,0
7620.616037,0,1,1,0,0,1,1,0,0
7628.472225,1,0,0,0,0,0,0,0,0
7631.087343,1,1,1,0,0,1,0,1,0
7633.032593,1,1,0,1,0,1,0,1,0
7637.936949,1,0,0,0,0,1,1,1,0
7646.067977,0,0,1,0,0,0,0,1,1
7652.627182,0,0,0,0,0,0,1,1,0
7662.403115,0,0,0,0,0,0,1,0,1
7670.362503,1,0,0,1,1,0,1,0,0
7671.091691,1,0,0,1,1,1,1,0,0
7679.980691,1,1,1,0,1,0,0,1,0
7687.275079,1,0,1,0,0,1,0,1,1
7695.719218,1,1,0,0,1,0,1,1,0
7704.995818,1,1,1,1,1,1,1,0,1
7711.189747,1,1,1,1,1,1,0,1,1
7714.258622,0,0,0,0,0,0,0,1,0
7723.681757,0,0,0,0,0,0,0,1,1
7723.871208,1,0,1,1,0,0,0,1,1
7728.576038,1,1,1,0,0,1,0,0,1
7736.178802,0,0,0,1,0,0,0,0,0
7745.409648,0,0,1,1,1,0,1,1,1
7749.663954,1,0,1,1,1,1,1,1,0
7750.723672,0,1,1,1,0,0,1,0,1
7754.343713,0,1,1,0,1,1,0,1,1
7763.883989,0,0,1,0,0,1,0,0,0
7766.450091,0,1,0,1,0,0,0,0,1
7774.188413,0,1,0,0,1,0,0,0,0
7775.137594,1,0,0,0,0,1,0,1,1
7781.630091,1,0,0,0,0,0,0,0,0
7789.512248,0,1,1,0,0,0,1,0,0
7791.961982,1,0,1,0,0,0,1,0,1
7792.236439,1,0,0,1,0,0,0,0,1
7799.353663,1,1,0,1,0,1,1,0,0
7801.626220,1,0,1,0,1,0,0,1,0
7804.838327,1,1,1,1,1,0,1,1,1
7811.747977,0,0,1,0,1,1,1,1,1
7814.848082,1,0,1,1,0,0,1,0,0
7821.410563,1,1,0,1,1,1,1,1,0
7823.211602,1,1,1,0,1,0,0,1,0
7828.092711,1,1,0,0,1,1,1,1,0
7832.249546,1,0,0,1,0,0,1,0,0
7839.478084,0,0,1,0,0,1,1,0,1
7842.502037,1,0,1,1,1,0,1,1,0
7852.272468,1,1,0,0,1,1,0,1,0
7860.016729,1,0,0,0,1,0,0,0,1
7860.017729,1,0,1,1,0,1,0,1,0
7862.916013,1,1,0,0,0,1,1,0,0
7868.530088,1,1,0,1,1,0,0,0,0
7877.764859,1,0,1,1,1,0,1,0,1
7882.078142,1,1,0,1,0,1,1,0,1
7883.704996,0,1,0,1,0,0,0,0,1
7886.806302,1,1,0,1,1,0,0,1,0
7893.010385,1,1,0,0,1,1,0,0,0
7901.330225,1,0,0,0,1,1,1,1,0
7901.939860,0,1,1,0,0,0,0,0,0
7911.477555,0,0,1,0,1,0,1,0,0
7919.811055,0,1,0,0,0,1,0,1,0
7925.658396,1,0,0,0,1,0,0,0,1
7929.532883,0,0,0,0,1,1,0,0,1
7930.043878,0,1,1,0,0,1,0,0,0
7933.173817,1,1,1,0,1,1,1,0,0
7936.295524,0,1,1,0,1,0,1,1,1
7936.420735,0,1,0,0,1,1,1,1,0
7941.736329,0,0,1,0,0,0,1,1,1
7944.594187,0,1,0,1,0,1,0,0,1
7946.670034,0,0,0,0,1,1,1,0,0
7947.621643,0,0,0,1,1,1,1,1,0
7953.034946,0,0,0,0,1,1,1,1,0
7954.783083,0,1,1,1,0,1,0,0,1
7957.402869,1,1,0,1,0,0,0,0,0
7965.403069,1,0,0,1,0,0,1,1,1
7973.181069,1,1,0,1,0,0,1,0,1
7979.062488,1,0,0,0,1,1,1,1,1
7986.053670,0,1,1,0,0,0,0,1,0
7988.047224,0,0,0,1,0,1,0,0,1
7995.383735,1,1,0,0,0,1,1,0,1
7995.419294,0,1,0,1,0,1,0,1,1
8000.829764,1,0,1,0,1,0,0,0,1
8010.240504,1,0,1,1,1,1,1,1,1
8012.038559,1,1,1,1,1,1,1,0,0
8015.826029,0,0,1,1,1,1,0,1,1
8018.195213,1,1,1,0,1,0,1,0,0
8019.378103,0,0,0,0,1,0,0,0,1
8027.795612,1,0,1,0,1,1,1,0,1
8036.655375,1,0,0,0,0,1,0,0,0
8043.439322,0,0,0,0,1,1,1,1,0
8045.518037,1,0,1,1,0,1,0,0,0
8054.730237,0,1,1,1,0,0,0,1,1
8056.047720,1,0,1,0,1,0,1,0,1
8057.647306,0,1,0,0,1,0,1,1,0
8061.913807,0,1,0,0,0,1,0,0,0
8063.343236,1,0,1,1,0,1,1,0,0
8067.251408,1,1,1,0,0,1,0,1,0
8076.424423,1,0,1,1,0,0,1,1,1
8079.052897,0,0,1,1,0,1,1,0,1
8081.231791,0,0,1,1,1,0,0,0,0
8086.268937,0,0,1,0,1,0,1,0,0
8090.155466,1,0,1,1,0,0,0,1,0
8091.748235,1,1,1,0,0,1,1,0,0
8099.233396,0,1,1,1,0,1,1,0,0
8101.920212,1,1,1,1,1,0,1,1,1
8109.327878,0,0,1,1,0,1,0,0,0
8109.328878,1,1,0,1,0,1,1,1,1
8119.118373,0,1,1,0,1,1,0,1,1
8122.662326,0,0,1,0,1,1,0,1,1
8126.437352,0,0,1,1,0,0,1,0,0
8126.767473,0,0,1,1,1,0,1,1,0
8130.109943,0,0,1,0,0,1,0,1,1
8132.738587,0,0,0,1,0,1,1,0,1
8139.538907,1,0,0,1,0,0,0,1,1
8145.218951,0,0,1,0,1,1,1,1,1
8148.691645,1,1,1,0,0,0,0,1,1
8152.928082,1,1,1,0,0,0,1,0,1
8154.225249,0,1,1,1,0,1,1,1,1
8154.762831,0,1,1,0,1,0,0,0,0
8159.442850,1,1,0,0,1,0,0,1,0
8168.426558,0,1,0,1,0,0,1,1,1
8173.369592,0,0,0,1,1,0,1,1,0
8178.354221,1,1,0,1,1,0,0,1,0
8186.445321,0,0,1,0,1,1,1,1,0
8186.838439,1,0,0,0,1,1,0,0,0
8192.856855,1,0,1,1,1,1,1,1,0
8195.019801,1,1,0,1,0,1,1,0,1
8197.953370,0,0,1,1,0,1,0,1,1
8205.197994,1,0,1,1,0,1,0,1,1
8210.583071,0,1,1,0,0,1,0,1,0
8216.167454,1,1,0,1,1,0,0,0,1
8216.385824,1,1,1,1,1,0,0,0,1
8222.076531,0,1,0,1,1,0,0,1,0
8229.326806,1,1,1,1,0,0,1,1,1
8230.961306,0,0,1,0,0,1,1,1,0
8231.427891,0,1,0,1,1,1,0,0,0
8236.790057,1,1,1,0,0,0,0,0,0
8241.411534,1,1,1,1,1,0,0,1,0
8244.783495,1,0,1,1,1,1,0,0,0
8247.232810,0,0,0,1,1,0,0,0,1
8247.698244,1,1,0,0,1,1,1,1,0
8255.678742,1,0,0,0,1,0,1,0,1
8259.828704,0,0,0,0,0,0,0,1,1
8263.704915,1,1,1,1,1,0,0,1,0
8267.469302,1,1,0,0,0,0,1,1,0
8271.291975,0,0,1,0,0,0,1,1,0
8280.296669,0,0,0,1,0,1,1,1,1
8288.367037,0,0,0,0,0,0,1,0,1
8292.006228,0,1,1,0,1,0,0,0,1
8301.172978,0,1,1,0,1,1,1,1,0
8306.037437,0,0,0,1,1,1,0,0,1
8307.768405,0,0,1,0,0,0,0,1,0
8309.197834,0,1,1,0,0,1,0,0,1
8314.600223,1,0,1,0,0,1,0,1,1
8319.946786,0,0,0,0,0,1,1,0,1
8326.382786,0,1,0,1,1,1,0,1,1
8333.915221,1,0,0,1,0,0,0,0,1
8339.567094,1,0,1,0,1,1,0,1,1
8345.201334,0,0,0,1,1,0,1,1,1
8349.032596,1,0,0,0,1,1,1,1,1
8356.839633,1,1,1,1,1,1,1,0,0
8357.075214,1,0,1,0,0,0,1,0,1
8364.192619,1,1,0,0,0,1,1,1,0
8364.230068,1,1,1,0,0,0,1,0,1
8372.276910,0,0,1,0,1,1,0,0,0
8375.307164,0,1,1,1,0,1,0,0,1
8376.634892,1,1,1,1,0,0,0,0,1
8385.357242,1,1,0,1,0,1,1,1,1
8387.452707,0,0,0,1,1,1,0,1,0
8387.453707,0,0,1,0,1,1,1,1,1
8395.585473,0,1,1,0,1,1,1,1,1
8399.104085,1,0,0,0,0,1,0,0,0
8404.958159,1,0,0,1,0,0,0,0,1
8410.840923,0,0,0,0,1,0,0,0,1
8420.327235,0,1,0,1,1,0,1,1,1
8425.194415,1,0,1,0,1,1,0,1,1
8429.731193,1,0,1,0,1,0,1,1,0
8431.728364,0,0,1,0,0,1,1,0,1
8436.155151,1,0,0,1,1,0,1,1,1
8439.317347,0,0,1,1,1,0,0,1,1
8448.953459,0,1,0,1,0,0,1,1,1
8458.128299,0,1,1,0,0,0,0,0,0
8467.030848,1,1,1,0,1,1,0,0,1
8468.610637,0,0,1,0,1,0,0,0,1
8476.389796,0,0,1,1,0,1,0,1,0
8478.964796,1,0,0,1,1,0,0,1,1
8480.833377,0,1,1,1,1,1,0,0,0
8486.771284,1,1,0,1,0,0,1,0,1
8491.656973,0,1,0,1,1,1,0,1,0
8501.607473,1,0,0,0,1,1,1,1,0
8507.791341,1,0,1,0,0,0,0,1,1
8509.738092,1,1,0,0,1,1,0,1,0
8516.603485,0,0,0,0,0,0,1,0,0
8518.171036,1,0,1,0,0,1,0,1,0
8518.262117,0,0,1,1,0,1,1,0,0
8519.419188,1,1,0,1,0,1,1,0,1
8525.445226,0,0,0,0,1,1,0,0,0
8531.962886,1,1,1,0,0,1,1,0,0
8540.991323,0,1,0,0,1,1,0,0,1
8549.137465,1,1,0,0,1,0,1,1,0
8553.034472,0,0,1,0,1,1,0,1,0
8555.069582,1,0,0,0,1,0,0,0,1
8556.774213,0,0,1,0,1,1,1,0,0
8565.721686,1,0,1,1,0,1,0,0,1
8572.332374,0,0,0,0,0,0,1,1,0
8581.429103,0,1,0,0,0,1,1,0,1
8589.069090,1,1,0,0,1,1,0,0,1
8591.308672,0,1,0,0,0,0,0,1,0
8601.228520,1,1,0,1,1,0,1,0,0
8607.083857,1,1,0,1,1,0,0,0,0
8611.828651,0,0,1,1,1,0,1,1,0
8619.595864,1,1,1,0,0,0,0,0,0
8627.751893,0,0,1,0,0,0,0,0,1
8629.252743,0,0,0,1,1,0,1,0,1
8636.288814,0,0,1,1,1,1,1,0,0
8637.123064,0,1,1,1,1,1,0,1,1
8637.938462,1,1,1,0,1,1,1,0,1
8639.399991,1,0,1,0,0,0,0,0,0
8647.635461,0,0,1,1,0,1,0,0,1
8654.631860,1,0,0,0,0,0,0,1,0
8660.336988,0,0,1,0,1,1,0,1,0
8666.860247,1,1,0,1,1,0,0,0,1
8670.147137,0,0,1,1,0,0,1,1,0
8676.478149,0,0,1,0,0,0,1,1,1
8685.760049,0,1,1,0,1,0,1,1,0
8688.875492,1,0,0,0,1,1,1,1,0
8694.678381,0,1,0,1,1,1,0,0,1
8702.324404,1,1,0,1,1,0,1,0,0
8709.272908,0,0,1,0,0,1,0,0,1
8718.691438,1,1,1,0,0,0,1,0,0
8724.539954,1,1,0,0,0,0,0,0,0
8727.749589,1,1,1,1,0,1,0,1,1
8733.982430,1,0,0,1,0,0,0,0,0
8736.675469,1,1,0,0,0,0,1,0,0
8745.952271,0,0,1,1,0,0,1,0,1
8751.713564,1,0,0,0,1,1,0,1,0
8757.428279,1,0,1,1,1,0,1,1,1
8758.002698,0,1,1,0,0,1,1,1,1
8762.669898,1,0,1,1,0,1,1,0,1
8771.656174,0,0,1,0,0,1,0,1,0
8781.433480,1,1,0,0,0,1,0,0,0
8786.100680,1,0,0,0,1,0,0,1,0
8791.762094,0,1,0,1,0,1,0,0,1
8795.155612,1,0,0,0,0,1,1,0,0
8800.631350,0,1,1,1,1,1,0,1,1
8801.765570,0,1,0,0,1,0,0,0,0
8802.498204,0,1,0,0,1,0,0,1,1
8807.855811,1,0,0,0,0,1,1,1,1
8817.755821,0,1,1,1,0,0,1,0,1
8821.864690,1,0,1,1,0,0,0,0,0
8822.110165,1,1,0,1,0,0,1,0,1
8824.633206,0,1,1,0,0,0,0,0,1
8828.401945,0,0,1,0,0,1,0,1,0
8837.809899,1,0,1,0,1,1,1,0,0
8846.339457,0,1,0,0,0,1,0,1,1
8848.955890,0,0,0,0,1,0,0,0,0
8852.444565,0,0,0,1,0,1,1,1,1
8855.929843,1,1,1,1,0,1,0,0,1
8862.596843,1,1,0,0,1,0,1,0,1
8868.086656,0,1,1,1,1,1,1,1,0
8876.382731,0,0,1,0,1,1,0,0,0
8882.518087,1,1,1,1,0,1,1,0,1
8886.569315,1,1,0,1,0,1,0,0,0
8886.570315,0,1,1,1,0,0,1,0,1
8892.422159,0,0,1,0,0,0,1,0,1
8898.795070,0,0,1,1,1,1,0,1,0
8899.407256,0,0,0,0,1,1,1,1,0
8904.701844,1,1,0,1,1,0,1,1,0
8912.707996,1,1,0,1,1,0,0,1,1
8913.560763,1,1,1,1,0,1,1,1,0
8922.206431,0,1,0,1,0,1,0,1,0
8927.334340,1,0,0,0,0,0,1,1,1
8936.968992,0,0,1,0,1,1,0,1,0
8940.889600,1,0,0,0,0,0,0,0,1
8942.228756,0,1,1,1,0,0,0,1,1
8948.085201,0,0,0,0,1,0,1,0,0
8953.641201,0,1,0,1,0,1,0,1,1
8958.404571,0,1,1,0,0,1,0,0,0
8958.405571,0,0,1,0,0,1,0,1,0
8961.465626,1,1,0,1,0,1,0,1,0
8969.160423,0,1,1,1,1,1,0,1,1
8972.994373,1,0,1,0,0,1,1,0,0
8977.756802,0,0,0,0,1,0,1,1,0
8981.603571,1,1,1,0,1,0,1,0,0
8986.757340,0,1,1,0,1,0,0,1,0
8987.202311,1,0,0,1,0,0,1,1,1
8987.203311,1,1,0,1,1,1,1,1,1
8995.939070,1,1,0,1,1,0,0,1,0
9005.408149,0,1,0,1,1,1,0,0,1
9005.469995,0,0,1,0,0,1,0,0,0
9015.064630,0,0,1,1,0,0,1,1,0
9023.548004,1,1,0,0,1,1,0,1,1
9028.115854,1,0,0,1,1,0,0,1,1
9033.589280,0,1,0,0,0,1,1,0,1
9037.731459,1,0,1,0,1,1,0,1,1
9040.860000,0,1,1,1,0,0,0,0,0
9045.462873,0,1,0,0,0,1,1,0,1
9050.628191,0,0,0,0,0,0,1,0,1
9055.216968,0,1,1,1,1,0,0,1,0
9063.958064,0,1,1,0,0,0,0,0,0
9065.919220,1,0,0,1,0,1,1,0,0
9067.077375,0,0,1,0,0,1,1,0,0
9067.304812,0,0,0,0,0,0,1,0,0
9068.390414,0,0,0,0,1,1,0,1,1
9074.356919,1,0,0,1,1,0,0,0,1
9076.704623,1,1,0,1,0,1,0,0,1
9080.085967,1,0,0,1,0,0,1,0,1
9085.988016,0,1,0,1,0,1,1,1,1
9088.110016,1,1,1,1,1,1,0,0,1
9098.057390,0,1,0,1,1,0,0,1,0
9105.460876,1,0,0,1,1,0,0,0,0
9115.187347,0,1,0,0,1,1,0,0,0
9121.019297,0,0,0,1,0,0,1,0,0
9125.539619,1,1,0,0,0,1,0,0,0
9131.549335,0,1,1,0,1,1,0,1,0
9137.131432,1,1,1,0,1,1,0,1,1
9138.984099,0,0,1,1,0,1,1,0,1
9145.151558,1,1,0,1,0,1,0,1,0
9151.783101,0,0,1,1,1,0,0,1,0
9157.096070,0,0,1,0,1,1,1,1,1
9165.397915,1,1,1,1,1,0,1,0,0
9169.673297,0,1,1,1,0,1,0,0,0
9173.884402,0,0,0,1,1,0,1,0,1
9179.155146,1,1,1,1,1,0,1,0,1
9181.479857,1,1,0,1,0,1,0,0,0
9186.166379,1,0,1,1,1,1,0,0,1
9196.072930,0,0,1,1,0,1,1,1,1
9199.613722,1,1,1,1,1,1,1,1,1
9206.031991,1,0,1,1,1,0,1,0,1
9214.480422,0,1,1,1,0,0,0,0,0
9223.528136,1,1,1,1,0,0,1,1,1
9230.144444,1,0,1,1,1,0,0,1,0
9234.266896,0,1,0,0,0,0,1,0,0
9241.190280,0,0,0,1,1,0,0,0,0
9245.940805,0,1,1,1,0,0,1,1,1
9253.718805,1,1,0,0,0,0,1,1,1
9260.324649,0,0,0,0,0,1,0,1,1
9268.147745,1,0,0,1,1,0,0,1,1
9269.148645,1,1,1,1,1,0,0,1,0
9278.833418,1,0,0,0,1,1,1,1,1
9278.913775,0,0,0,1,1,1,1,1,0
9286.445040,0,0,0,0,0,1,0,1,1
9294.491747,0,1,1,0,1,1,0,0,0
9297.791118,0,0,1,1,0,1,0,0,1
9307.140295,1,1,0,0,1,0,0,1,0
9307.757672,0,0,1,1,1,1,0,0,1
9309.576672,0,1,0,0,0,1,1,1,0
9314.804663,1,0,0,1,1,1,1,0,0
9322.491540,1,0,1,0,1,0,1,0,0
9325.825540,0,1,1,1,0,0,1,1,0
9326.557929,1,0,1,0,0,0,1,0,1
9333.389117,0,0,1,0,1,1,0,1,0
9339.033997,0,1,1,0,0,1,0,1,1
9343.393278,1,0,1,0,0,1,0,1,0
9352.824860,0,1,0,1,0,0,0,1,1
9354.756082,0,0,0,0,1,0,0,1,0
9363.673039,0,1,0,0,1,1,1,0,1
9368.216732,0,0,0,0,0,0,1,0,0
9374.474416,1,1,0,1,1,1,0,1,0
9379.107980,0,1,1,1,1,1,1,0,0
9385.344468,1,1,0,0,1,0,0,0,0
9394.668065,1,0,0,0,1,0,0,1,1
9402.511090,1,1,0,1,0,0,1,0,1
9404.244373,1,1,1,0,0,1,1,1,1
9405.605661,1,1,0,1,1,1,1,1,0
9410.076068,0,1,0,1,0,0,1,0,0
9414.285893,0,1,0,1,0,1,0,0,1
9423.898657,1,0,1,1,0,0,1,0,1
9427.953305,0,1,0,0,1,0,1,1,1
9434.493241,1,1,0,0,0,1,1,1,0
9439.821378,1,1,1,0,0,1,1,1,1
9442.560199,0,1,1,1,0,1,0,1,1
9444.141924,1,1,1,0,1,1,0,0,0
9444.251609,1,1,1,1,1,0,0,1,1
9453.071171,1,1,0,1,0,1,1,1,1
9462.536290,1,1,1,0,0,0,0,0,1
9470.439121,0,0,0,1,1,0,0,0,0
9470.696977,0,0,1,0,1,1,1,1,1
9473.005438,0,0,1,0,0,0,1,0,0
9477.325072,1,1,0,1,1,1,1,0,0
9482.108203,1,0,0,0,0,1,1,0,0
9487.545759,1,0,1,1,0,0,0,0,1
9495.661890,0,0,0,0,1,1,0,0,0
9498.931402,1,1,1,1,0,0,1,1,0
9503.222049,1,1,1,0,1,0,1,1,0
9505.970334,0,1,1,1,0,1,1,1,0
9509.739614,0,0,1,0,0,1,1,1,0
9511.104114,0,0,1,0,0,0,0,0,1
9515.730275,0,1,0,0,1,1,0,0,0
9517.450401,1,0,1,1,1,0,0,0,1
9522.725135,0,0,0,0,0,0,1,1,0
9523.008103,1,0,1,0,1,0,0,1,0
9530.427716,1,1,0,0,0,1,0,0,0
9534.831945,0,0,1,0,1,1,1,0,0
9542.564730,1,1,1,1,0,0,1,0,0
9543.101721,0,1,0,0,1,1,0,1,1
9545.731940,0,0,1,0,1,0,0,0,0
9552.434077,0,1,0,1,0,0,1,1,1
9561.175158,1,0,1,0,1,0,0,1,0
9562.021144,1,1,0,0,0,1,0,1,1
9570.241661,1,0,0,0,1,0,0,1,1
9578.507828,0,0,1,1,1,0,0,1,0
9587.932346,0,1,1,0,0,0,0,0,1
9597.659149,0,0,1,1,0,0,0,1,1
9606.963854,0,1,1,1,1,0,1,1,1
9615.006603,1,0,0,0,1,0,0,1,1
9623.734003,0,0,1,1,1,1,1,1,0
9625.576924,1,0,0,0,1,1,1,1,1
9625.577924,0,1,1,0,0,0,1,0,1
9634.373225,0,0,1,1,0,1,1,0,0
9643.673295,0,1,1,0,1,1,1,0,1
9651.137762,1,1,0,0,0,0,1,0,0
9657.306784,1,0,1,0,1,1,0,1,1
9660.978303,1,1,1,0,0,1,0,0,0
9669.112547,0,0,0,0,1,1,0,1,0
9677.701646,1,1,1,1,0,1,1,1,1
9679.869096,0,1,0,1,1,1,0,0,0
9686.209668,1,1,0,0,1,1,0,1,0
9693.975254,1,1,0,0,0,1,1,0,1
9697.695181,1,1,0,0,0,0,0,1,1
9706.934800,0,1,0,0,0,1,0,0,1
9709.109496,0,0,0,1,0,1,1,0,0
9715.431703,0,0,1,0,1,1,1,1,0
9717.589882,1,0,0,0,1,1,0,0,0
9719.868432,0,1,1,1,0,0,1,1,0
9729.356149,1,1,0,0,1,0,1,1,0
9734.575483,0,0,0,0,1,0,0,0,0
9735.040473,1,1,0,0,0,0,0,0,0
9742.250055,1,1,0,0,0,1,1,0,1
9742.738558,1,1,1,0,0,0,1,1,0
9750.789600,1,0,1,0,1,0,0,1,0
9758.415320,1,1,1,1,0,0,1,0,1
9765.399464,0,0,1,0,1,0,0,0,1
9771.544428,1,0,0,1,1,1,1,1,0
9772.055086,0,1,1,1,1,0,0,0,1
9774.211833,0,0,0,1,1,0,1,0,1
9777.848833,1,0,1,0,1,0,0,0,1
9787.364033,0,1,0,1,0,0,1,1,1
9789.261395,0,0,1,0,0,0,0,1,0
9790.996697,1,0,1,0,1,1,0,1,0
9791.876730,0,1,0,0,0,1,0,1,1
9795.802150,0,0,1,0,1,1,1,0,1
9805.208496,1,1,1,1,0,0,0,1,1
9811.540830,0,1,0,1,0,0,1,1,1
9820.280350,0,1,0,1,1,1,0,1,0
9830.075091,1,0,0,0,1,0,1,1,1
9837.047552,1,1,1,0,1,1,1,0,1
9842.938374,0,1,0,1,0,1,1,0,0
9844.670650,0,0,0,1,1,0,1,0,0
9849.397545,0,0,0,0,0,1,0,0,1
9853.599038,0,0,0,1,0,0,0,1,1
9858.368445,0,0,1,0,1,1,1,1,0
9866.384148,1,0,0,1,0,1,1,1,1
9870.980648,1,0,1,1,0,1,1,0,1
9871.441372,0,0,1,0,1,0,0,1,0
9876.178740,1,0,0,1,1,1,1,0,0
9882.569829,1,0,0,0,0,0,0,1,1
9883.599435,1,1,1,0,0,0,0,0,0
9891.241180,1,1,0,0,1,0,0,0,0
9896.889763,0,0,1,1,0,1,1,0,1
9905.447600,0,0,1,1,0,0,1,0,1
9909.208332,1,1,1,0,0,1,0,0,0
9914.779841,0,1,1,1,1,1,1,0,1
9921.961590,0,1,0,1,1,0,1,1,1
9925.111881,0,1,0,0,1,1,0,0,0
9933.772015,1,1,0,1,0,0,0,1,0
9938.407255,0,0,1,1,1,1,0,1,1
9948.295907,0,0,1,1,1,0,1,0,0
9949.184669,0,0,0,1,0,0,0,1,1
9958.846293,0,1,1,1,1,0,1,0,0
9960.221425,0,0,0,0,0,1,1,0,0
9967.995007,0,1,1,0,0,1,1,0,1
9971.595647,1,0,0,1,1,1,0,1,0
9979.342999,1,0,1,1,1,1,1,1,1
9983.469931,0,0,0,0,0,1,1,0,1
9990.252259,1,0,1,1,0,0,0,0,1
9992.619333,0,0,1,1,0,1,0,0,1
9999.087077,1,1,1,0,1,1,0,0,1
