t,finish1,finish2,finish3,release1,release2,release3,start1,start2,start3
9.400480,0,0,0,1,0,1,0,0,1
13.518715,1,0,0,0,0,1,1,0,0
17.586586,0,0,0,1,0,0,1,0,1
24.597195,1,0,1,1,1,0,1,0,0
26.138921,0,0,1,0,0,0,0,0,0
31.669761,0,1,0,0,0,0,0,1,0
36.416604,0,0,0,1,0,0,0,0,0
38.371724,0,0,0,1,1,1,0,0,1
41.434618,1,1,0,1,0,1,1,1,1
42.364097,0,0,0,1,1,1,0,1,1
44.346550,1,1,1,0,1,1,0,1,1
51.679059,0,0,1,1,0,1,1,0,1
54.492278,1,1,1,1,1,0,1,1,0
55.212307,1,1,0,1,1,1,1,0,0
55.681345,1,1,0,0,0,0,1,1,1
59.758025,1,0,1,0,0,0,1,0,0
61.670598,0,0,0,1,1,0,0,1,0
65.572942,1,1,1,1,1,1,0,0,1
70.930549,1,0,1,0,0,1,1,0,1
79.181956,1,1,0,1,0,1,1,1,1
80.770599,0,0,0,0,1,0,1,0,0
83.084993,1,0,0,1,0,0,1,0,0
86.529044,1,0,0,1,1,1,1,0,1
90.644914,1,1,0,1,0,1,0,1,0
98.257094,0,0,1,0,0,0,1,1,1
102.508681,1,0,1,1,1,1,1,1,1
110.175040,0,1,1,0,0,0,0,0,0
112.931837,0,1,1,0,0,1,0,0,0
122.205266,0,1,0,1,1,0,1,1,0
124.957668,1,0,0,1,1,0,0,1,0
125.820651,0,0,1,1,0,0,0,0,1
131.453272,0,1,1,1,0,1,0,0,0
135.664377,0,0,0,0,1,0,0,1,1
137.628290,1,1,1,0,1,0,1,1,0
147.232849,1,1,1,0,1,0,0,1,0
151.024939,1,0,0,1,1,0,1,0,0
156.755886,0,1,0,1,1,0,0,1,0
163.093331,1,1,0,1,0,0,1,0,0
164.535363,1,0,0,1,0,1,1,1,0
171.001012,0,0,0,0,1,1,0,1,1
180.544437,1,1,1,0,1,0,1,1,0
189.448656,0,0,0,1,0,1,0,0,0
194.270603,0,0,1,0,1,0,1,0,1
199.144533,1,1,0,0,1,0,1,0,0
203.869470,1,0,0,1,1,0,0,1,0
210.196592,0,1,1,0,1,0,0,0,1
213.364461,0,1,0,1,0,0,1,0,0
220.236282,0,1,0,0,0,0,0,1,0
220.414684,1,0,0,1,0,1,0,0,1
223.615364,0,1,1,1,1,1,0,1,0
232.654219,0,0,0,0,0,0,1,0,1
234.018719,1,1,1,0,1,1,0,1,0
242.488260,0,0,0,1,0,0,1,1,1
243.974431,1,0,0,0,1,1,0,0,0
246.113149,1,0,0,1,1,0,1,1,0
249.554399,1,0,0,1,0,0,1,0,1
252.191604,0,0,0,1,0,1,0,1,1
257.521103,0,1,0,1,1,1,0,1,1
257.844200,0,0,1,0,0,0,1,0,0
265.737015,0,1,1,0,0,0,1,0,0
274.605052,0,0,1,0,0,1,1,1,1
284.117296,1,1,1,1,1,1,0,1,0
284.799427,1,1,1,1,1,0,0,0,1
291.992137,1,0,1,1,0,1,1,0,0
298.268169,1,0,0,1,1,1,0,1,1
303.351994,0,0,0,0,1,0,1,0,1
304.048393,1,1,0,1,1,1,0,1,1
304.238054,1,0,1,0,0,0,1,0,0
312.797073,0,0,0,0,1,1,1,0,1
319.383760,1,0,0,1,1,1,1,1,1
322.038294,1,0,0,1,0,0,1,1,0
326.160189,1,0,1,0,1,0,1,1,0
330.121010,1,1,1,0,0,1,0,0,0
335.586776,1,1,0,0,1,0,1,0,1
345.193441,0,0,0,1,1,1,0,1,1
353.603704,0,1,1,1,1,1,1,0,1
362.048304,1,0,0,0,1,1,0,1,0
367.723477,0,1,0,1,0,1,1,0,1
374.546224,1,0,1,0,0,1,0,0,1
383.530066,1,0,1,1,0,1,1,1,1
391.726122,0,0,0,1,0,1,0,1,0
399.689289,1,1,0,0,1,1,1,1,0
403.191033,0,0,1,1,0,0,1,0,1
404.582268,0,1,0,1,0,0,1,0,0
404.659114,1,0,1,0,1,1,1,0,0
410.373828,1,0,1,0,1,0,1,0,0
416.273519,1,0,0,0,0,0,0,1,0
422.959674,0,0,0,1,1,1,1,0,1
427.364207,1,1,1,1,1,0,0,0,1
429.129737,0,1,0,0,1,0,1,1,1
433.586813,1,1,1,0,0,0,0,1,0
434.380744,0,1,1,1,0,0,0,0,0
436.192030,0,0,1,0,0,1,0,1,0
436.873766,0,0,0,1,0,0,1,0,0
446.053535,0,1,1,1,1,1,1,1,1
448.408488,1,1,0,0,1,0,0,1,0
457.746790,0,0,0,1,0,1,1,1,1
459.541333,1,0,1,0,0,0,1,0,0
462.767816,0,1,0,1,0,0,1,1,0
470.460355,0,0,1,1,1,1,1,0,1
480.005855,1,1,0,0,0,0,0,1,0
484.789574,0,1,1,0,0,0,0,1,1
493.474827,1,0,0,1,1,1,0,0,1
496.590270,1,0,1,0,0,0,1,1,1
504.685698,1,1,1,0,0,0,1,0,0
506.915214,1,1,0,1,1,0,1,0,0
512.869107,1,0,0,1,0,1,0,0,1
513.728391,0,1,1,1,1,1,0,0,1
514.689993,1,0,0,1,0,0,1,1,0
518.380107,1,1,0,0,0,1,0,0,1
528.227450,0,0,0,0,0,0,1,0,0
533.905083,0,0,0,1,0,0,1,0,0
539.633666,1,0,0,1,0,0,0,1,0
548.820739,0,0,1,1,1,1,0,0,0
555.334601,0,1,0,1,0,1,1,0,1
556.993972,1,0,1,0,0,1,0,1,0
566.826391,0,0,0,0,1,1,0,0,1
570.382591,1,1,1,1,1,0,1,0,0
573.298028,1,0,0,0,1,0,0,0,0
582.029862,0,0,0,1,1,1,1,0,1
585.705407,0,0,1,1,1,0,1,0,0
594.515049,1,0,0,0,1,1,0,1,0
599.333381,0,1,1,1,1,0,1,1,1
599.467111,1,0,0,1,0,0,1,1,0
604.211227,0,0,0,1,1,0,0,0,0
605.762459,1,1,1,1,1,1,1,1,0
612.547168,1,1,0,0,0,1,0,0,1
613.753894,1,1,0,0,1,1,1,1,1
614.295380,0,1,0,0,0,1,1,1,0
622.247392,1,0,0,0,1,0,1,0,0
630.413703,1,0,0,0,0,0,0,1,1
638.622837,1,1,1,0,1,0,0,1,1
645.251527,0,0,0,1,1,1,1,1,1
652.565420,1,1,0,0,1,1,0,0,0
661.528657,0,0,1,1,1,1,0,1,1
667.335528,0,0,1,1,1,1,1,0,1
673.188884,1,0,0,1,0,1,0,1,0
678.204767,0,0,0,0,0,0,1,1,1
684.395624,1,1,0,1,1,1,0,1,1
687.680100,0,1,1,1,1,1,1,1,0
689.371072,1,0,1,0,1,1,0,0,1
692.292992,1,0,1,0,0,1,1,1,0
697.255328,0,0,1,0,1,0,0,0,1
697.313546,1,1,1,0,1,1,0,1,0
702.186291,0,0,1,1,0,1,0,0,1
706.410471,0,0,0,1,0,0,1,1,0
716.307917,0,1,1,0,0,0,0,1,1
723.778584,1,0,0,0,1,0,1,1,0
724.422377,0,0,1,1,0,1,1,1,0
730.014216,0,0,1,0,0,0,0,1,1
738.855302,0,0,1,0,1,1,0,1,1
741.141788,0,0,1,0,0,0,1,0,0
749.106063,1,1,1,0,0,0,0,0,0
755.418489,0,1,1,1,0,1,0,1,1
758.916346,1,1,1,1,1,0,0,1,0
765.839731,0,1,0,1,0,0,1,0,0
766.660510,1,1,0,0,1,1,1,0,0
767.633635,0,0,1,1,1,1,1,0,0
776.460913,1,1,1,1,1,0,0,1,1
785.092228,1,0,0,0,1,0,0,1,1
789.519015,1,1,1,1,1,0,1,0,0
792.750145,0,0,0,1,0,1,0,1,0
794.272028,0,0,0,0,1,1,1,0,0
800.412998,1,1,0,1,0,1,0,1,0
808.180211,0,0,0,0,0,1,0,1,1
810.906503,0,0,0,0,0,0,1,1,0
814.762539,0,0,1,0,1,0,1,1,1
822.715960,1,0,0,0,1,1,1,0,1
829.861132,1,1,1,0,0,1,1,1,0
832.447239,0,0,1,1,0,0,0,0,1
839.978350,1,0,0,1,0,1,1,0,0
843.312350,1,1,0,1,1,1,0,0,1
843.576482,1,1,1,1,0,0,1,0,1
853.414226,1,0,1,0,1,0,0,0,0
854.213626,0,0,1,1,0,0,0,0,0
857.609436,1,0,0,0,0,0,1,0,0
864.851091,1,0,0,1,1,1,0,1,1
871.868374,0,1,1,1,1,1,0,1,0
879.569255,0,1,0,0,1,0,1,0,0
883.820444,1,0,1,1,1,0,0,0,1
893.452209,1,0,1,1,1,1,1,0,1
898.295657,0,0,1,1,1,1,0,1,1
907.426179,0,0,1,1,1,0,0,1,1
911.809567,0,0,0,0,0,1,0,1,1
918.531000,0,0,1,1,0,1,1,1,1
923.613459,1,1,1,1,0,0,1,0,0
928.031390,1,0,0,1,1,0,1,1,1
937.148561,0,1,0,1,0,0,1,0,0
943.449871,0,0,1,0,1,0,0,1,1
944.553611,0,0,0,1,0,1,1,1,1
953.913675,1,0,1,1,1,1,1,1,1
958.114255,0,0,0,1,0,0,1,1,0
966.367000,1,1,1,1,0,1,0,0,0
966.641529,0,0,0,0,1,0,0,0,1
972.947868,0,0,0,0,0,0,0,1,1
976.018470,0,1,1,0,0,0,0,1,1
985.768495,1,0,0,1,1,0,1,1,0
993.918786,1,0,1,1,1,0,0,0,0
1000.301359,1,0,1,1,0,0,1,0,1
1008.457099,1,0,0,0,0,0,1,1,0
1018.256411,0,0,1,1,1,1,1,0,1
1019.992253,1,1,1,0,1,0,1,1,0
1029.649327,1,0,0,0,1,0,0,1,0
1036.640970,1,1,1,1,0,1,1,1,0
1037.529980,1,1,1,0,1,1,0,0,1
1037.841830,0,0,1,1,1,0,0,1,1
1044.541379,0,1,0,1,1,0,1,0,0
1046.781376,1,0,0,1,0,1,0,1,0
1048.320684,0,0,0,1,0,0,1,1,0
1055.276182,1,0,1,0,1,1,1,1,1
1057.905616,1,1,0,0,0,1,0,0,1
1062.537370,1,1,0,1,1,1,0,0,0
1062.870663,1,0,0,1,1,0,1,0,0
1068.081986,0,0,0,0,0,1,1,0,1
1069.231520,0,1,1,1,1,0,0,1,1
1070.622109,1,1,0,0,0,1,0,0,1
1079.957355,0,0,1,1,1,0,0,1,1
1084.172553,1,1,0,0,1,1,1,1,1
1085.250368,1,0,1,0,0,1,1,0,0
1090.441527,1,0,1,1,0,1,1,1,0
1099.269006,1,0,0,0,0,0,1,0,0
1105.802686,1,0,0,0,0,1,1,1,0
1113.099776,1,0,1,1,1,1,1,1,0
1116.713428,1,0,0,1,1,1,1,1,1
1122.245790,1,1,1,0,1,0,1,1,1
1130.476736,1,0,1,1,1,0,1,0,1
1140.259367,1,1,1,1,0,0,1,1,1
1143.670740,1,0,0,0,1,1,1,1,1
1151.095809,1,0,0,1,1,1,1,1,0
1159.992167,0,1,0,1,1,1,0,0,0
1167.341984,0,1,1,1,0,0,1,0,0
1171.953555,1,1,1,1,1,0,1,0,0
1172.647763,1,0,1,0,0,0,0,1,1
1176.170633,0,1,0,1,0,1,1,1,1
1181.237793,1,0,1,1,1,0,1,1,0
1187.967680,0,0,1,1,0,1,1,0,1
1191.942082,1,0,0,1,1,0,0,1,1
1201.409877,1,1,1,1,1,1,0,1,0
1210.121741,0,0,1,1,0,1,0,0,1
1215.022649,0,1,1,0,1,1,0,0,0
1223.924104,1,0,0,1,1,1,1,1,1
1232.199002,0,0,1,0,1,1,0,1,0
1237.921973,0,1,0,1,1,1,1,1,1
1243.337279,0,0,0,0,0,0,0,1,1
1244.383514,1,1,0,1,1,0,1,1,1
1254.170446,1,1,0,0,1,0,1,1,1
1255.172756,0,1,1,1,0,1,0,0,0
1258.551796,1,0,0,0,1,1,0,0,0
1265.756135,0,0,1,1,0,1,1,1,1
1270.052734,1,1,1,1,0,0,0,0,1
1279.103108,0,1,0,0,0,1,0,0,1
1288.326930,1,1,0,1,1,1,1,0,1
1297.315423,1,1,1,0,1,0,1,1,1
1306.581905,1,0,1,0,0,1,1,1,1
1311.242260,0,0,1,1,0,0,1,0,0
1314.400839,1,0,1,1,1,1,1,0,0
1317.564252,1,1,1,0,1,1,1,1,1
1324.679925,1,1,0,1,0,1,1,1,0
1327.130680,1,1,0,0,1,1,1,0,1
1330.205658,0,1,0,0,1,0,0,1,1
1337.491359,0,1,0,0,0,1,1,1,1
1344.836257,0,1,0,0,0,0,0,0,0
1349.317096,0,1,1,0,0,1,1,0,1
1349.844359,1,0,1,1,0,0,1,0,1
1355.705800,0,0,0,0,1,0,0,1,0
1358.338116,1,1,0,1,1,1,1,0,0
1365.361669,1,1,0,1,0,0,0,0,0
1365.888933,0,1,1,0,0,0,1,1,0
1367.584301,1,1,1,1,0,0,1,0,0
1370.523395,1,1,0,0,1,1,1,0,1
1378.460110,0,1,0,0,1,0,1,1,1
1378.484637,0,1,1,1,1,0,0,0,0
1385.461181,1,1,1,0,1,0,0,0,0
1390.737152,0,1,1,1,0,1,1,1,0
1397.404152,0,1,0,1,0,0,0,0,1
1399.526152,1,1,0,1,0,1,0,0,1
1403.617652,0,1,0,1,1,1,0,1,1
1413.012873,1,1,0,0,1,1,1,1,1
1421.346373,1,1,0,1,1,1,1,1,1
1426.759968,1,0,0,0,0,1,1,1,1
1427.129694,1,0,1,0,1,0,0,0,0
1434.237897,1,0,1,0,1,0,1,0,1
1443.631897,0,1,1,1,1,0,0,0,0
1448.795966,1,1,0,0,1,1,1,0,0
1452.357049,1,1,1,1,0,0,1,0,0
1459.577774,1,0,0,1,0,0,1,1,1
1468.123374,0,0,1,1,0,1,0,0,1
1469.374249,1,0,1,1,1,1,0,1,1
1470.201254,1,0,0,0,0,1,1,1,0
1473.476262,1,0,0,1,0,1,0,0,0
1478.939803,0,1,0,0,1,0,1,0,0
1482.417728,0,1,0,0,0,0,0,0,0
1488.197776,0,1,1,0,0,0,1,0,1
1492.860583,1,1,1,1,0,1,1,0,0
1496.732164,1,0,0,1,0,0,1,1,0
1496.794382,1,1,0,0,0,1,1,1,1
1506.471000,1,0,0,1,1,1,1,1,0
1513.820662,0,0,0,1,1,0,1,1,1
1523.273098,0,1,1,1,0,0,0,0,0
1531.835189,0,1,1,1,0,1,0,0,1
1538.621666,0,0,1,1,0,1,0,0,1
1544.327617,1,1,1,1,1,1,1,0,1
1547.328317,1,1,0,0,0,0,1,0,1
1554.559584,1,0,0,1,1,1,0,0,0
1561.492406,1,0,1,1,0,1,1,0,0
1566.791121,0,0,0,1,1,0,1,0,0
1570.338093,1,0,0,0,0,0,1,0,1
1574.663395,1,0,1,1,1,0,0,1,0
1581.505816,1,1,1,0,0,0,0,0,1
1587.568849,0,0,1,1,0,0,0,1,1
1592.184772,1,0,0,1,1,1,1,0,1
1592.639607,0,0,0,1,1,1,0,0,0
1601.039767,1,0,0,1,1,0,0,0,1
1607.599251,0,0,0,1,1,1,0,0,1
1611.879102,0,1,1,1,0,1,1,0,1
1620.351241,0,0,0,1,0,1,1,1,1
1629.902408,1,0,0,1,1,0,1,0,0
1637.252244,1,1,0,1,0,0,1,1,0
1645.638960,0,0,1,1,0,0,0,0,0
1654.103357,0,1,0,1,1,1,1,0,1
1661.689805,1,1,0,1,1,1,1,1,0
1669.901571,0,0,0,1,0,1,0,1,1
1675.706588,1,1,1,0,1,1,0,0,0
1683.069830,0,0,0,1,0,1,0,0,1
1685.024921,1,0,0,0,0,1,0,1,0
1685.229982,0,0,0,0,1,1,0,0,0
1692.730232,0,1,1,1,0,1,0,0,0
1696.977951,1,1,1,1,0,1,1,0,0
1697.238291,0,0,1,0,0,1,1,1,0
1704.802638,1,0,1,1,0,0,0,0,0
1706.424423,0,0,0,1,0,1,1,0,0
1710.076174,1,1,0,0,1,1,1,1,1
1711.302348,0,1,0,1,1,1,0,1,0
1717.302748,0,0,1,1,1,1,1,0,0
1725.469190,1,1,0,1,1,0,1,1,1
1730.036207,0,0,0,1,0,1,0,0,1
1736.968521,1,1,0,1,0,1,1,0,0
1739.578455,0,1,0,1,1,1,0,1,0
1747.495330,1,1,0,0,1,1,0,0,0
1754.074620,1,0,1,1,1,0,1,1,1
1761.409765,0,1,1,1,0,0,0,0,0
1764.238068,0,1,1,1,0,0,0,0,1
1765.197306,0,1,1,0,0,1,1,0,0
1773.373164,0,1,0,1,1,1,0,0,1
1776.416028,0,1,0,1,0,0,0,0,0
1779.689681,1,1,1,1,0,0,1,1,1
1787.994743,0,1,1,0,1,0,0,1,0
1793.576023,0,1,0,1,1,0,1,0,1
1795.565774,0,1,0,1,1,0,1,1,0
1800.831225,0,0,1,1,0,1,1,0,1
1809.925518,1,0,1,0,0,1,0,0,0
1813.754442,1,1,0,0,1,1,0,0,1
1822.173901,1,0,0,0,0,0,0,0,0
1832.160745,0,1,0,0,0,0,0,0,1
1838.382321,0,0,0,1,0,1,0,0,0
1840.463404,1,0,0,0,0,0,0,1,0
1843.292040,1,1,1,0,1,1,0,0,1
1847.189966,1,0,1,1,1,0,1,1,1
1853.483440,0,0,1,1,0,0,0,1,1
1861.089740,1,1,0,0,0,0,0,1,0
1865.289216,0,1,1,0,1,1,1,1,1
1871.013474,0,0,1,1,1,0,1,0,0
1874.039250,0,1,1,0,1,1,0,0,1
1874.509286,0,1,0,1,1,0,1,1,0
1881.591238,0,0,1,1,1,0,0,0,1
1883.455891,1,0,0,1,0,1,1,1,1
1886.351338,1,1,1,1,1,1,1,1,0
1894.768928,0,1,1,1,0,1,0,0,0
1899.429148,0,1,1,0,1,0,0,0,0
1908.239184,1,1,1,1,1,1,0,1,1
1909.663309,1,0,0,1,1,1,0,1,0
1917.757281,1,1,0,0,1,1,0,0,1
1919.696414,1,1,0,0,0,0,1,0,1
1928.953245,1,1,0,1,1,0,1,0,0
1934.187507,0,0,0,0,1,0,1,0,1
1934.841052,1,0,1,0,1,1,0,0,0
1936.176711,1,0,1,0,0,1,1,0,1
1941.492969,1,1,1,1,1,1,1,1,1
1947.910909,1,1,0,1,1,1,1,0,1
1955.393176,0,1,0,1,0,1,0,0,1
1961.244482,0,0,1,0,1,1,0,0,0
1961.686614,0,0,0,1,1,1,1,1,0
1967.748955,1,1,0,1,1,1,1,0,1
1975.882475,1,1,1,1,1,1,0,0,1
1981.364263,0,1,1,1,1,1,1,1,1
1982.124476,0,1,0,1,1,0,0,1,0
1990.865861,1,1,0,1,0,1,0,1,1
1996.547391,1,1,0,0,0,0,1,1,1
1998.287347,0,0,0,1,0,0,0,1,0
2004.279034,1,1,0,0,0,0,1,0,1
2007.779684,0,0,0,0,0,1,0,1,1
2016.963439,0,0,1,1,1,0,1,1,0
2026.245562,0,1,0,0,0,1,0,1,1
2032.067897,1,1,0,0,1,1,0,1,1
2033.810296,0,1,0,0,0,0,0,0,1
2037.059854,1,1,1,1,1,1,1,0,1
2038.972251,0,1,0,0,1,1,1,1,0
2041.547462,0,1,1,0,1,0,0,0,0
2042.671945,1,1,0,0,1,0,1,0,0
2050.423493,1,0,0,1,1,0,0,1,0
2051.407301,0,1,1,1,1,0,0,1,0
2058.001844,1,0,1,1,1,1,1,1,0
2065.671250,1,1,1,0,0,0,1,0,0
2071.498439,0,0,1,1,1,1,0,1,0
2080.756054,1,0,0,0,0,1,1,0,0
2085.045871,1,1,0,0,1,1,1,1,0
2090.093536,1,0,1,0,0,0,1,1,1
2099.439396,0,0,1,1,0,0,0,0,0
2107.381724,1,0,1,0,0,0,1,1,0
2112.467930,1,1,1,0,0,1,1,0,0
2118.410686,1,0,1,1,1,1,1,0,1
2119.234848,0,1,1,1,0,1,0,1,0
2125.337957,0,1,1,1,1,0,0,1,1
2134.354448,0,0,1,1,0,1,1,1,1
2139.047367,1,0,0,1,0,0,0,0,1
2147.176077,1,1,0,0,1,1,1,0,1
2153.798339,0,1,0,1,1,0,0,0,1
2154.910339,0,0,1,1,0,1,1,0,0
2159.255260,0,0,0,0,1,1,1,1,1
2164.393065,0,1,1,0,0,0,0,1,1
2164.922314,1,0,0,0,1,1,1,0,0
2174.037882,0,0,1,0,0,0,0,0,0
2179.735158,1,0,1,0,1,1,0,0,0
2186.030266,0,0,0,1,1,1,1,0,1
2195.953053,1,0,1,1,1,0,0,1,0
2205.156430,0,1,0,1,1,1,1,1,1
2210.095586,1,0,1,1,0,0,1,1,0
2213.835009,1,0,1,0,1,1,0,0,1
2220.263937,0,0,0,1,0,0,0,1,0
2222.160482,0,0,0,1,1,0,1,0,1
2230.203441,0,1,0,0,0,0,1,0,1
2235.365215,1,0,1,1,0,1,1,0,0
2237.651701,0,1,1,0,1,1,0,1,1
2238.522179,0,1,0,1,1,0,1,0,0
2247.272304,1,1,1,0,1,0,0,1,1
2247.410277,1,0,0,1,0,0,0,0,0
2255.499473,1,0,1,1,1,1,0,1,0
2258.784458,0,0,1,1,1,1,1,1,0
2261.522705,0,0,1,1,0,1,1,0,0
2270.815705,0,0,0,1,1,1,0,0,0
2278.579793,1,0,1,0,0,1,0,0,1
2282.463653,0,0,1,0,1,1,0,0,1
2291.003437,0,1,1,1,1,1,1,1,1
2292.111652,1,0,0,0,0,0,0,0,0
2301.429902,0,0,0,1,0,1,1,1,1
2302.450456,0,0,0,0,0,1,0,0,1
2309.723456,0,1,1,0,1,0,1,0,0
2318.792698,1,1,0,1,0,0,0,0,1
2325.444032,0,1,1,0,1,0,1,1,1
2330.783481,1,1,1,0,1,1,1,0,1
2333.920699,1,0,1,0,1,1,1,0,1
2338.597848,1,0,1,0,1,1,0,0,0
2347.821120,0,0,0,0,0,0,1,1,0
2349.976869,1,0,1,1,1,1,1,0,0
2358.307793,0,0,0,0,0,0,1,1,0
2359.494241,1,1,1,0,1,1,1,0,1
2367.461924,1,1,1,0,1,1,1,1,1
2375.294309,0,0,1,0,0,0,1,0,1
2380.859536,0,0,0,0,0,0,1,0,0
2383.603625,1,0,0,0,1,0,0,1,1
2389.002858,1,1,0,1,1,1,1,1,1
2390.535620,0,0,1,1,0,0,1,0,1
2398.782664,0,0,0,1,0,1,0,1,0
2407.039719,1,1,1,1,1,0,0,1,1
2415.342761,1,1,1,0,1,0,1,0,0
2423.557226,1,0,1,0,0,1,0,1,0
2432.776816,1,1,0,1,0,1,0,1,0
2438.612583,0,1,0,1,1,1,0,1,1
2443.562437,1,1,0,0,1,0,0,1,0
2453.104607,0,0,0,1,0,0,0,1,0
2455.592921,0,0,1,0,0,0,1,1,0
2461.176696,1,0,0,0,0,1,1,0,0
2468.661977,1,1,0,0,1,1,1,0,1
2477.462501,1,0,0,1,1,0,0,1,0
2487.380204,0,0,0,1,0,0,1,0,0
2494.307506,1,1,0,0,0,1,0,1,0
2503.430971,0,0,0,0,1,0,1,1,0
2509.905153,1,1,0,1,0,0,0,0,1
2518.387153,1,1,1,0,0,1,1,1,1
2528.167580,1,0,1,0,1,0,0,1,1
2530.491999,0,1,1,0,0,1,0,1,1
2530.526666,0,0,0,1,0,0,1,1,1
2539.281156,1,1,0,1,1,0,0,0,0
2544.828268,0,0,1,1,1,0,0,0,0
2549.630898,1,1,0,1,1,0,1,0,1
2554.550661,0,1,1,1,0,1,0,0,0
2556.421039,0,0,0,1,0,1,1,0,1
2558.067795,0,1,1,0,1,0,1,0,1
2560.282215,1,0,1,1,1,0,0,1,0
2562.782965,0,1,0,1,1,0,0,1,0
2563.945465,1,1,1,1,1,1,0,1,1
2571.305037,0,0,0,1,0,0,0,0,0
2575.129184,1,1,0,0,0,0,0,0,0
2577.215403,1,0,0,0,1,0,0,1,0
2585.942803,0,0,1,0,0,0,0,1,1
2594.867641,0,0,0,0,0,0,0,0,1
2601.659531,1,0,0,0,1,1,1,1,1
2611.314738,1,1,0,1,1,0,1,0,1
2619.878711,0,1,0,1,0,1,1,0,0
2624.746950,1,1,0,1,1,0,0,0,0
2625.819271,1,0,1,0,0,1,1,1,0
2626.259321,1,0,0,0,1,0,1,1,0
2631.143553,0,0,1,1,0,0,1,1,0
2634.399360,0,1,1,1,1,1,0,1,0
2641.489366,1,0,0,1,0,0,1,0,1
2644.209392,0,1,1,0,0,0,1,1,1
2653.713259,1,0,1,1,0,1,0,1,0
2656.342201,0,0,0,1,0,1,1,0,0
2657.848842,0,1,0,1,0,0,0,0,0
2666.541783,1,1,0,0,1,1,0,1,0
2675.489257,0,0,0,1,1,1,0,0,1
2677.990007,1,0,1,1,1,0,1,0,0
2687.146718,1,1,1,1,1,1,0,0,1
2689.039706,0,1,1,1,1,1,0,0,1
2697.042467,0,1,0,1,0,0,0,1,1
2698.861467,1,1,1,0,1,0,1,1,1
2704.421756,0,1,0,0,1,0,1,0,0
2710.729645,1,0,1,1,1,1,0,1,0
2714.426774,0,1,1,0,1,1,0,1,0
2721.638591,0,0,1,1,0,1,0,1,0
2723.356697,0,1,1,1,0,0,0,0,1
2729.201616,1,1,0,0,0,1,1,0,0
2736.025727,0,1,1,1,1,1,0,0,1
2740.745727,0,1,0,0,0,1,0,0,1
2742.159630,1,1,1,1,0,0,1,0,0
2748.893290,1,1,0,0,0,0,1,1,1
2753.001022,1,1,0,0,1,1,1,1,0
2754.624843,0,0,0,0,1,0,0,1,0
2761.232079,0,1,1,1,1,1,0,1,0
2761.949853,1,1,1,0,0,0,1,0,0
2767.804969,0,1,1,1,1,0,0,0,1
2774.471969,1,0,0,1,1,1,1,0,1
2781.351262,0,1,0,1,0,0,0,1,0
2790.892592,0,0,1,1,0,0,1,1,1
2792.508337,0,1,1,1,0,0,1,0,1
2801.002842,0,1,1,1,0,0,1,1,1
2805.292753,0,0,0,0,0,0,1,1,0
2811.990331,1,0,1,0,0,0,1,1,1
2819.768331,0,0,0,0,0,1,0,0,0
2822.400647,0,1,0,1,1,1,1,0,0
2826.912278,1,0,0,1,1,0,0,0,0
2836.222691,1,0,0,1,1,0,0,0,0
2844.730559,0,0,0,1,0,0,1,1,1
2847.902763,1,0,0,1,0,1,1,0,0
2850.756775,1,1,0,1,1,0,1,0,1
2859.673996,0,0,0,0,1,0,1,0,1
2861.418773,1,1,0,0,1,1,1,1,1
2869.837423,1,0,0,1,0,0,0,0,1
2878.094176,1,1,0,1,0,0,1,0,1
2881.752957,1,1,1,0,0,0,0,0,1
2890.168957,0,0,0,1,0,0,1,1,1
2898.989754,0,0,0,1,0,1,1,0,1
2906.942714,0,1,0,1,1,1,1,0,0
2908.723536,0,0,0,0,0,0,1,1,1
2914.769130,1,1,1,1,1,1,1,0,0
2924.356800,0,1,0,0,0,1,1,1,1
2931.748365,1,1,0,0,0,1,0,1,0
2934.924590,1,0,0,0,0,0,1,0,0
2935.501072,0,0,0,1,0,0,0,0,0
2942.469460,1,1,1,1,1,1,0,0,1
2948.235649,1,1,0,1,0,1,1,0,0
2949.557655,1,0,0,0,1,0,0,0,0
2957.318296,0,0,1,1,0,1,0,0,0
2959.063566,0,0,1,0,1,1,0,0,0
2965.634751,0,0,0,0,0,1,0,1,1
2967.204680,1,0,1,0,0,1,0,1,1
2970.764148,0,1,0,1,1,0,1,1,0
2979.809470,1,0,0,0,0,0,1,1,1
2984.226394,1,0,0,0,1,0,1,1,0
2990.375688,0,1,0,0,0,1,0,1,0
2993.334139,1,0,0,1,1,1,1,0,0
2998.143168,1,1,1,0,0,1,1,1,1
3000.487684,0,0,1,1,1,1,0,0,0
3010.159848,0,0,1,0,1,0,0,1,0
3010.822104,1,1,0,1,1,1,0,0,1
3011.193438,0,0,0,0,0,0,1,1,0
3011.748570,1,1,0,1,1,0,0,0,1
3020.012992,1,1,0,0,1,1,1,0,0
3029.298778,1,1,0,1,0,0,0,0,0
3036.582833,1,1,0,1,1,0,1,0,0
3042.366387,0,1,0,1,1,0,0,1,1
3047.002117,0,1,1,0,0,1,1,1,1
3048.620829,0,0,0,0,1,1,1,1,1
3053.262963,0,0,1,1,1,0,0,0,0
3059.691891,1,1,1,0,0,0,1,0,1
3066.985740,0,1,0,0,0,0,0,0,0
3067.150658,0,1,1,1,0,1,0,1,0
3073.366758,0,0,1,1,1,1,0,0,0
3079.123640,1,1,1,1,0,1,1,1,1
3079.229893,1,0,0,1,1,0,1,1,0
3084.883823,1,1,0,1,1,0,1,1,0
3092.119872,1,1,1,0,1,1,0,0,1
3100.014819,0,0,1,1,0,1,1,1,1
3105.855643,0,0,0,1,0,0,0,1,1
3107.884304,1,1,1,1,0,1,0,0,1
3108.841231,0,1,0,0,1,0,1,0,1
3118.459104,0,1,0,0,1,0,0,1,1
3127.223272,1,0,1,0,0,0,0,0,1
3136.344982,1,0,0,0,1,1,1,0,1
3140.704520,1,0,0,1,1,1,1,0,1
3147.043596,1,0,0,0,1,1,0,0,0
3150.190349,1,1,1,0,1,0,1,1,0
3151.100349,1,0,0,1,0,0,0,0,1
3155.928835,1,1,0,1,1,1,1,1,0
3165.015221,0,0,1,0,1,0,1,0,0
3166.998674,0,0,1,0,1,0,0,0,0
3169.995629,0,0,0,0,1,0,1,1,0
3174.865707,1,0,1,0,1,1,1,1,1
3181.063692,0,1,1,0,1,0,0,1,1
3181.064692,1,0,0,0,1,0,1,1,0
3182.917940,1,0,1,0,0,0,1,1,0
3188.837684,0,1,0,0,1,1,1,1,0
3190.891168,1,1,0,1,0,1,0,1,1
3195.941763,0,1,1,0,1,0,1,1,0
3198.754032,1,1,0,0,1,0,0,1,0
3202.225274,1,1,0,0,1,1,0,0,0
3211.366943,0,0,1,0,0,0,1,1,1
3215.653228,0,0,1,1,0,0,1,0,1
3224.617909,0,1,1,1,0,0,0,1,0
3227.470335,1,1,0,1,1,1,0,0,0
3230.129858,1,1,1,0,0,0,1,1,0
3236.600799,1,1,1,0,1,1,1,0,1
3238.113276,0,0,1,0,0,0,0,0,1
3238.566208,0,1,1,0,1,1,1,0,1
3245.954529,1,0,0,0,1,1,1,1,1
3255.221106,1,0,1,0,1,1,0,0,1
3263.099303,1,1,1,1,1,1,0,0,1
3266.155553,1,1,0,0,0,1,1,1,1
3271.177418,1,1,1,1,0,0,0,1,0
3274.592711,1,1,0,0,0,0,0,1,0
3276.444632,1,1,1,0,1,0,0,0,1
3282.445032,1,0,1,1,0,1,1,0,0
3283.949788,1,0,0,1,0,0,1,1,1
3291.949988,0,1,0,0,1,1,0,0,0
3301.483713,1,1,1,1,0,0,1,1,1
3310.097887,0,0,0,0,0,1,0,0,1
3317.641992,0,0,0,0,0,1,1,1,0
3327.015937,1,1,1,0,0,0,1,1,0
3330.295298,0,0,0,1,1,0,0,1,0
3335.895738,0,0,0,0,1,0,1,0,0
3335.966661,1,1,0,1,0,0,0,1,0
3337.422283,1,1,1,0,0,0,1,1,0
3345.398676,0,1,1,0,0,1,1,1,0
3352.107513,0,1,1,0,1,1,0,1,0
3356.704153,1,0,1,0,0,1,1,1,0
3356.716045,1,0,0,1,0,0,1,1,0
3358.617582,0,1,1,1,0,1,1,0,1
3359.877998,0,1,1,1,0,0,1,0,0
3368.768578,0,0,1,0,0,1,0,0,1
3372.068217,1,1,1,1,0,1,1,0,0
3378.578983,0,1,0,1,1,1,0,0,1
3386.117691,1,0,0,1,0,1,0,1,1
3391.560624,0,1,1,0,1,1,0,0,0
3395.355362,1,0,1,0,0,1,1,0,0
3402.805817,1,0,0,1,1,1,0,0,0
3409.161737,0,0,1,0,0,0,0,0,0
3412.683930,0,0,0,1,1,1,0,0,0
3417.072060,0,0,1,1,1,0,1,1,0
3417.193893,0,1,0,0,1,0,1,0,0
3427.100445,0,1,1,1,0,0,1,1,1
3436.761681,1,0,0,1,0,0,0,0,0
3441.330382,0,0,1,1,0,0,1,0,0
3442.902654,0,1,0,0,0,1,1,1,1
3443.092314,1,0,1,0,0,1,0,0,0
3452.910844,1,1,0,1,0,1,0,1,0
3462.602505,1,0,1,1,1,0,0,1,1
3465.907710,0,1,0,1,0,1,0,0,0
3473.320249,1,0,0,0,1,0,0,0,0
3478.173911,0,1,0,1,0,0,0,1,0
3484.935980,1,0,1,0,1,0,0,0,1
3487.070100,0,0,0,0,0,1,0,0,1
3487.931380,0,0,0,1,0,0,1,0,0
3496.510203,0,1,1,0,1,1,0,1,1
3503.881600,0,1,0,1,1,1,1,1,0
3511.904396,1,1,0,1,0,0,0,1,0
3516.648512,0,0,1,1,0,0,1,0,0
3522.984105,1,1,0,1,1,0,1,1,1
3532.599529,1,0,0,0,0,1,1,0,0
3539.329346,0,0,1,1,0,1,1,1,1
3546.822350,1,1,0,1,0,0,1,1,0
3550.585110,0,0,0,0,1,0,0,1,1
3558.934789,0,1,1,1,0,0,1,0,1
3568.173195,0,1,1,1,1,1,1,1,0
3573.512007,1,0,0,1,0,1,0,1,0
3577.033781,1,0,1,0,1,1,0,1,0
3585.880508,1,1,0,0,1,1,1,0,0
3594.117766,1,0,1,1,0,1,1,1,0
3601.111074,0,0,1,1,0,0,0,0,0
3602.416291,1,1,1,0,1,0,0,1,0
3606.639091,1,0,1,1,1,0,1,1,1
3615.139893,0,1,0,1,0,0,0,0,0
3624.139993,0,1,1,0,0,1,0,0,1
3624.688335,0,0,1,1,0,1,0,0,1
3630.850946,1,1,0,0,1,0,0,0,1
3633.011730,0,0,1,0,0,0,1,0,1
3639.192292,1,0,1,0,1,0,1,1,1
3646.015353,0,1,1,0,1,0,0,1,1
3650.830686,0,1,0,1,0,1,1,0,1
3651.783972,1,0,1,1,1,1,0,0,1
3652.630434,0,0,1,0,1,0,0,1,0
3653.654954,0,0,0,0,1,0,0,1,1
3656.652772,1,1,0,0,0,1,0,0,0
3657.261819,1,1,0,1,0,1,1,1,1
3661.591044,1,0,1,1,1,1,0,0,0
3669.245237,0,1,1,1,0,1,0,0,1
3669.774237,1,1,1,1,0,0,0,1,1
3676.479993,0,0,1,1,1,1,1,1,0
3683.623136,0,1,1,1,1,1,1,1,0
3689.721087,0,0,1,1,0,1,0,1,1
3695.391163,0,1,0,1,1,0,0,1,0
3700.097575,1,1,0,1,1,0,0,1,1
3703.385539,1,0,1,1,1,0,0,1,1
3707.677777,1,1,1,1,1,0,1,0,0
3714.977317,0,1,0,0,1,1,0,0,1
3716.703384,0,0,1,0,1,1,0,0,0
3720.606685,1,0,0,1,0,1,1,0,1
3728.842156,0,1,0,1,0,1,1,1,1
3732.801093,1,1,0,0,0,1,0,0,0
3740.795874,1,0,1,0,1,1,1,1,1
3741.907874,0,0,1,1,0,0,0,1,0
3744.029874,0,0,0,0,1,0,1,0,0
3749.637249,0,1,1,0,0,1,1,0,1
3754.536895,0,1,1,1,1,1,1,1,0
3757.198727,1,0,0,0,1,1,0,0,1
3762.800826,1,1,1,1,1,1,0,0,1
3766.119572,0,1,0,1,1,0,0,1,1
3775.072479,1,0,1,0,1,0,1,0,1
3776.938736,0,0,1,0,0,0,1,0,0
3779.499207,1,0,1,1,1,0,1,1,0
3787.758088,0,0,1,0,0,1,1,1,0
3791.783075,0,0,1,0,1,1,1,0,1
3793.524196,0,0,1,0,0,0,1,1,0
3803.329094,1,0,1,0,0,0,1,1,1
3810.564664,0,0,0,0,1,0,0,0,1
3815.476416,1,1,0,0,1,0,1,0,0
3817.500335,0,1,0,0,0,0,0,0,1
3827.362281,1,0,0,1,1,1,0,0,1
3828.329477,1,1,1,0,0,1,0,1,1
3833.287964,1,1,1,1,0,0,0,0,1
3840.793544,0,0,0,1,1,1,1,1,0
3848.090326,0,0,1,1,1,0,1,0,0
3850.251354,1,0,0,1,0,1,1,0,1
3851.001427,1,1,0,1,0,1,0,0,0
3851.680326,0,0,1,1,0,0,0,0,1
3853.367760,0,1,1,0,1,1,0,0,0
3857.336068,1,1,1,0,0,0,1,1,0
3864.112347,0,1,0,0,1,0,0,1,1
3867.198540,1,1,0,1,0,0,0,0,1
3867.250817,1,1,1,1,1,0,1,1,1
3876.097086,0,0,0,1,0,1,1,0,0
3878.585399,1,0,1,1,0,1,0,1,1
3879.174576,0,0,1,0,1,1,0,0,1
3880.674440,0,1,1,1,0,1,0,0,0
3888.069658,0,1,0,1,1,0,0,1,0
3888.148170,0,0,1,0,1,1,0,1,0
3895.689700,1,1,0,0,0,1,0,0,0
3900.356900,1,0,0,1,0,0,0,0,0
3909.871119,0,0,0,0,0,1,1,1,1
3914.766587,1,0,1,1,1,1,1,0,1
3921.832098,0,0,0,0,0,0,0,1,1
3922.765841,1,1,0,0,0,1,0,1,1
3932.350234,0,0,1,1,1,1,1,1,0
3940.393359,0,0,0,0,0,0,1,0,1
3945.232585,0,0,1,1,0,1,1,0,0
3949.769811,0,0,0,1,0,1,0,1,0
3953.596959,0,1,0,1,1,0,0,0,0
3954.118740,1,0,0,0,0,1,1,1,1
3955.154120,1,0,1,0,0,1,1,1,1
3957.377120,0,1,0,1,0,0,0,1,1
3966.371123,1,1,0,0,1,0,0,0,1
3966.410142,0,1,0,0,0,1,1,0,1
3967.465349,1,0,1,1,1,0,0,0,0
3970.324959,1,1,0,1,0,1,0,1,0
3972.765068,0,1,0,1,1,1,0,0,0
3973.942421,1,1,1,1,0,0,1,0,0
3974.171709,0,0,1,0,1,1,1,0,0
3978.278118,1,0,1,1,0,1,1,1,0
3988.012839,1,1,0,1,1,1,1,0,1
3994.731917,0,0,0,0,0,1,0,0,1
3995.403491,0,1,1,1,0,1,0,1,1
4003.805712,0,0,1,1,0,1,1,1,1
4003.964591,1,1,0,0,1,1,1,1,0
4009.951835,1,1,1,0,0,1,1,0,1
4019.816713,1,0,0,0,0,1,0,0,1
4020.024589,0,0,1,1,1,1,0,0,0
4027.563297,0,0,1,0,0,1,1,0,1
4031.693438,0,0,0,0,0,0,0,1,0
4034.174401,1,0,1,1,1,1,1,0,0
4042.464428,0,0,1,1,0,0,1,0,0
4042.588115,0,1,0,1,0,0,1,0,0
4042.733133,0,1,0,0,0,1,0,0,0
4048.677595,1,0,1,0,1,1,1,0,0
4052.428220,0,0,0,0,0,1,1,1,1
4057.370647,1,0,1,0,1,0,0,1,1
4066.700216,0,0,0,1,0,1,0,1,1
4073.543410,0,1,0,0,0,0,0,1,0
4083.305339,1,1,1,1,0,0,1,1,1
4090.811011,1,0,1,1,0,0,1,0,0
4094.793595,1,1,0,1,1,0,0,0,0
4104.325101,0,1,1,0,0,0,0,0,1
4111.448676,0,0,0,1,0,1,0,0,0
4117.503384,0,1,0,1,0,1,1,0,1
4118.231056,0,0,0,1,1,0,1,1,0
4126.270467,1,1,0,1,1,1,1,1,0
4134.804816,1,1,0,1,1,1,1,1,1
4138.355382,1,1,1,1,1,1,1,0,0
4146.078382,1,0,0,0,1,1,1,0,1
4146.439706,1,0,0,1,1,1,1,1,0
4150.882962,0,0,0,1,1,1,0,0,1
4155.813293,1,1,0,0,0,0,1,1,1
4165.697026,0,0,1,1,0,1,1,1,1
4170.243026,0,0,0,1,1,1,0,1,0
4174.259026,1,1,1,0,1,0,1,1,0
4181.880623,1,1,1,1,0,1,1,1,1
4182.021469,0,1,1,0,1,0,1,0,1
4190.627669,0,0,0,1,1,0,0,0,1
4195.628169,1,1,1,0,1,0,1,1,0
4205.091742,1,0,0,0,1,0,1,1,0
4206.789323,1,0,1,1,1,1,1,0,1
4210.374637,1,1,1,1,0,0,0,1,0
4214.774105,0,1,0,0,1,1,1,1,0
4224.047625,1,0,1,0,1,1,1,1,1
4226.885974,0,0,1,1,1,0,0,0,1
4229.333030,1,1,1,1,1,0,0,0,0
4237.121270,0,0,1,1,0,1,1,1,1
4239.353651,1,1,0,0,1,1,1,0,0
4244.481411,0,0,1,1,0,1,0,1,1
4250.643411,0,0,1,1,1,1,0,1,1
4251.288375,0,0,1,0,0,1,0,0,1
4257.717303,0,1,1,1,1,1,0,1,0
4261.665277,0,1,1,0,0,0,1,1,0
4262.501289,1,1,0,1,1,1,0,0,0
4262.502289,0,0,0,1,1,1,1,0,1
4271.223137,1,0,0,0,0,0,1,0,1
4277.249012,1,0,0,1,0,0,0,1,1
4283.522595,0,0,0,0,0,1,0,0,1
4293.053891,0,0,1,0,0,0,1,0,1
4299.950754,1,0,0,0,1,0,0,0,1
4305.008480,0,1,1,1,0,1,1,0,1
4307.707092,1,0,0,1,1,0,1,0,1
4315.133092,0,1,1,1,0,1,0,0,0
4318.800392,1,1,0,0,1,0,1,0,1
4319.021150,1,1,1,0,0,0,1,1,0
4327.502071,1,1,0,1,1,1,0,0,0
4333.825968,0,0,1,1,0,1,1,0,0
4341.036463,1,0,1,1,0,0,1,1,0
4347.159692,0,0,1,0,0,0,1,1,1
4348.051692,1,0,1,1,0,0,1,1,1
4357.134878,1,0,1,1,1,1,1,0,1
4360.344612,0,1,0,0,0,1,1,0,1
4367.657900,1,0,0,1,0,1,0,0,0
4368.996794,1,0,1,0,0,0,0,0,0
4376.317934,1,1,0,0,1,1,0,1,1
4383.080848,0,0,0,1,1,0,1,0,0
4388.822015,0,1,1,1,0,1,1,1,1
4391.105069,1,1,0,1,1,1,1,1,0
4398.811255,1,1,0,1,0,1,1,1,0
4405.378072,0,1,0,0,0,1,1,1,0
4410.901533,0,0,0,0,0,0,1,1,0
4412.279068,0,0,0,0,1,0,1,1,0
4419.052299,0,0,1,1,0,1,0,0,1
4423.512687,0,0,1,1,0,0,1,1,1
4427.974423,0,0,1,1,1,1,0,1,1
4429.175303,0,0,0,1,1,1,0,1,0
4438.814886,1,0,1,0,1,0,1,1,1
4439.371386,1,0,0,1,1,0,0,1,0
4442.738386,0,0,0,0,1,0,0,1,1
4446.487406,0,1,0,0,1,0,1,0,0
4449.495624,0,1,1,0,1,0,0,0,1
4457.310658,0,1,1,1,1,1,1,0,0
4457.877639,0,0,0,0,1,1,0,0,1
4462.090370,0,1,0,1,1,0,1,0,0
4463.604221,1,0,1,1,0,1,1,1,0
4472.493221,1,1,1,1,1,0,1,0,1
4476.419588,1,1,0,0,1,1,1,1,1
4478.191244,0,1,0,1,1,0,1,0,1
4480.192044,1,0,0,1,0,1,0,1,1
4481.621473,1,1,1,0,1,0,0,1,0
4487.455223,0,0,1,1,1,1,0,1,1
4494.759932,1,0,0,1,1,0,1,0,0
4499.817897,1,0,1,1,0,0,0,0,1
4504.036537,1,0,1,1,0,1,0,0,0
4513.028886,1,1,1,0,1,1,1,0,1
4522.122694,0,1,0,0,1,1,0,1,1
4522.655556,0,1,0,0,1,0,0,1,0
4523.104750,1,1,0,0,0,0,0,0,1
4523.105750,0,0,0,1,1,1,0,1,0
4532.097329,0,1,1,0,0,1,1,1,0
4534.700341,1,0,0,1,0,1,1,1,0
4538.502614,0,1,0,1,1,1,0,0,0
4545.989776,1,1,1,1,1,1,1,0,0
4552.876880,0,1,0,1,0,1,1,0,0
4559.727012,1,0,1,0,1,0,1,1,0
4563.766823,1,1,0,0,0,0,1,1,1
4567.187481,1,1,0,1,1,0,0,1,0
4574.604539,1,1,0,1,0,1,0,0,0
4584.019691,0,1,0,0,0,0,0,1,0
4588.305977,1,0,1,0,1,0,1,1,1
4592.151643,0,1,0,0,1,1,1,0,0
4592.752583,1,0,0,1,0,0,1,0,0
4599.967473,1,0,0,0,1,1,0,0,1
4608.131719,1,0,1,0,0,0,1,1,1
4615.718688,1,0,1,1,1,1,1,1,1
4623.409019,0,0,1,1,0,0,0,1,1
4628.547120,1,1,1,0,0,1,0,0,1
4630.910578,0,1,0,0,1,1,1,1,1
4640.000593,1,1,0,0,1,1,1,0,1
4646.305311,0,0,1,0,0,0,1,1,0
4655.564644,0,0,0,0,0,1,0,0,0
4661.815019,1,0,1,0,1,1,0,0,1
4671.592819,1,0,0,1,0,1,0,0,0
4679.655410,1,1,1,0,1,0,0,0,0
4684.628590,0,0,1,1,0,0,1,0,0
4693.249418,0,1,1,1,0,1,0,0,1
4697.539974,0,0,0,0,1,0,0,1,1
4699.489387,1,1,1,1,1,1,1,0,1
4702.385721,0,0,1,1,0,0,1,0,0
4704.348550,1,1,0,0,1,1,1,0,1
4707.998610,0,0,0,0,0,1,1,1,0
4713.835761,1,0,1,1,1,1,0,0,0
4714.090257,0,1,1,1,1,1,1,0,1
4718.602861,1,1,0,0,1,1,0,1,0
4719.162811,0,0,1,0,0,1,0,1,1
4724.077954,0,0,0,0,1,1,0,1,0
4729.440014,0,0,1,1,1,1,1,0,0
4737.469767,1,1,0,1,0,0,1,0,0
4739.974033,1,1,0,0,1,0,0,0,0
4748.921507,0,1,1,1,0,0,0,1,1
4753.297069,0,0,1,1,1,1,0,1,1
4759.198100,1,0,1,0,0,0,0,0,1
4765.133572,0,0,1,1,1,0,0,0,1
4766.737550,0,0,1,0,0,0,0,1,1
4767.527945,1,1,0,0,0,0,1,0,0
4768.542760,1,1,1,0,1,1,0,1,0
4769.030527,0,1,0,0,1,0,1,1,1
4772.260631,1,0,1,0,0,1,0,1,1
4773.605692,0,0,1,1,0,1,0,1,1
4778.954346,0,0,0,1,1,1,1,0,1
4787.182912,1,1,1,1,0,1,1,0,1
4795.380517,0,1,0,1,1,0,1,0,0
4795.516639,1,1,1,1,1,1,0,1,1
4798.559160,1,1,1,1,0,1,0,1,0
4798.589830,1,1,0,0,0,1,0,0,1
4798.614866,0,1,1,1,0,0,0,1,0
4802.865441,1,1,1,1,1,0,0,0,0
4803.437813,1,0,0,0,1,1,1,1,0
4808.637761,1,0,0,1,0,0,1,1,0
4813.403111,1,1,0,1,1,1,1,1,0
4813.487436,0,0,0,0,0,0,1,0,0
4823.406798,1,1,0,1,1,1,0,0,0
4830.310608,0,0,0,0,0,1,1,1,0
4839.165820,0,1,1,1,0,1,1,1,1
4842.562707,1,1,0,0,0,1,1,1,0
4849.212257,1,0,1,1,0,1,1,1,0
4850.362567,1,0,0,1,0,1,0,1,1
4850.649997,0,0,1,1,1,0,0,1,1
4852.446736,0,1,1,0,0,0,0,1,0
4861.531334,1,0,0,1,1,0,1,1,0
4865.325058,0,0,0,1,0,0,1,1,0
4868.605473,1,1,0,0,1,1,1,0,1
4871.457065,0,0,0,0,1,1,1,1,1
4876.085197,1,0,1,0,0,0,0,0,1
4880.891687,0,0,0,1,1,1,1,0,0
4889.812818,0,0,0,0,1,1,0,1,0
4896.365674,1,1,0,0,1,0,1,1,1
4897.588174,0,1,1,1,1,1,0,1,1
4906.634423,1,0,1,1,1,0,0,1,0
4909.769438,0,0,0,0,0,1,0,0,1
4914.240579,1,1,1,1,1,1,0,0,0
4917.326731,0,1,0,0,0,1,0,1,0
4926.449626,1,0,1,1,0,0,1,1,1
4930.378804,1,0,1,1,0,1,1,0,0
4939.008225,0,0,1,1,0,1,0,0,1
4939.607456,1,1,0,1,0,1,1,1,1
4949.256614,1,0,1,0,0,0,1,0,1
4957.188444,1,1,0,0,1,1,0,0,1
4966.313532,1,0,0,1,1,0,0,1,1
4974.669861,0,1,1,1,0,1,1,1,0
4978.433782,1,1,1,1,0,1,1,1,0
4980.684172,0,1,1,1,1,0,1,0,1
4988.184422,1,0,0,0,1,1,1,1,0
4991.576998,1,1,0,1,0,1,0,0,1
4999.249645,1,0,0,0,1,0,0,0,0
5000.101624,1,1,1,0,0,0,0,1,0
5001.977436,0,1,0,1,1,0,1,0,1
5005.407055,0,1,0,1,0,0,0,0,1
5007.132021,1,1,0,1,1,0,1,0,0
5010.446975,1,0,0,1,0,0,1,1,0
5019.044130,0,0,0,1,1,0,1,0,1
5027.860249,1,0,1,1,0,0,1,0,0
5031.978484,1,0,0,1,1,0,0,0,1
5037.461169,0,0,0,1,1,0,0,0,1
5045.128069,1,0,1,1,0,0,1,1,0
5046.065715,1,0,1,1,1,1,1,0,1
5051.405987,0,0,1,1,0,1,1,1,1
5053.447356,1,0,0,1,1,0,1,0,1
5055.162470,0,1,0,1,1,1,0,1,1
5057.195889,0,0,0,0,0,0,1,0,0
5062.844246,0,1,0,1,0,1,0,0,1
5070.276935,1,1,1,1,0,0,1,0,0
5077.314269,1,1,1,1,0,0,1,0,1
5079.020300,1,1,0,0,1,0,0,0,1
5086.287328,1,0,0,1,1,0,0,1,1
5090.618881,1,1,0,0,0,0,0,0,1
5099.765574,0,1,0,0,1,0,1,1,0
5101.133244,1,1,0,1,1,1,0,1,1
5106.588244,1,1,1,1,0,1,0,1,0
5112.723084,1,0,1,1,0,0,1,0,1
5121.428715,1,1,0,1,1,0,1,1,0
5125.064272,1,1,0,0,0,1,0,1,0
5129.314049,0,1,0,0,1,1,1,0,0
5139.150666,0,1,1,1,0,1,0,1,1
5144.947790,1,1,1,0,0,1,1,0,0
5154.368697,1,0,0,0,0,1,0,0,0
5160.931541,1,1,0,1,0,0,1,0,0
5166.664526,0,1,1,1,0,1,0,0,0
5169.032780,0,1,0,0,1,0,0,1,0
5177.405585,1,0,1,1,1,0,0,1,0
5179.698547,1,1,0,0,0,0,1,0,1
5180.327899,0,0,1,0,1,0,0,1,1
5181.825100,1,1,1,0,1,0,0,1,0
5186.038133,1,1,1,0,0,0,0,1,0
5189.550915,1,0,0,0,1,0,1,0,0
5194.166838,0,0,0,1,1,0,1,0,0
5202.871630,0,1,0,1,0,1,1,1,0
5212.616554,1,0,1,0,0,0,0,1,0
5216.834639,0,0,1,1,0,0,1,1,0
5218.976270,1,0,1,1,1,1,1,1,0
5227.306988,0,1,0,0,1,1,1,1,1
5235.420384,1,1,0,0,0,1,0,1,0
5243.198384,0,1,0,1,0,1,1,1,1
5253.184649,1,1,1,0,0,0,0,1,1
5259.670149,0,0,1,0,1,1,1,1,1
5260.712176,1,1,0,0,0,0,1,1,0
5266.937273,1,1,1,0,0,0,0,0,1
5267.216023,0,0,0,0,0,0,1,0,1
5275.738598,1,1,0,1,1,0,1,1,0
5279.439534,1,0,0,1,0,0,1,0,0
5287.241310,0,0,0,1,1,0,0,1,1
5296.393712,0,0,0,0,1,0,1,1,0
5303.638721,0,0,0,0,0,1,0,1,0
5313.556593,0,0,1,1,1,1,1,0,0
5321.165815,0,1,1,0,0,1,1,1,1
5325.392583,1,0,1,1,1,0,0,0,1
5329.034676,0,1,0,0,0,1,0,0,0
5333.898411,1,1,0,0,1,0,0,1,1
5334.970732,1,1,0,1,1,0,0,0,0
5341.790098,1,1,0,0,0,1,0,0,0
5348.997585,1,0,1,0,0,0,1,0,0
5349.297700,1,0,0,0,1,1,1,1,1
5354.170008,0,0,1,1,1,1,1,1,1
5359.884722,0,0,1,1,0,1,1,0,0
5361.440488,1,0,1,0,0,1,1,1,1
5366.026665,0,1,1,1,1,1,1,0,0
5371.176963,1,1,0,0,0,0,1,1,1
5374.388651,1,0,0,1,0,1,0,0,0
5376.974619,0,0,1,1,1,1,0,0,1
5382.257258,1,1,1,0,1,1,1,1,0
5387.323758,0,0,1,0,1,0,1,0,1
5395.913643,0,0,0,0,1,1,0,0,0
5401.041712,0,0,0,1,1,0,1,0,1
5406.989985,0,1,0,0,0,0,1,0,1
5408.990785,0,1,0,0,0,1,1,0,0
5412.174857,1,0,0,1,1,0,1,1,1
5415.167294,0,0,0,1,1,1,1,0,0
5416.182478,0,1,1,1,0,0,0,1,0
5419.538191,1,1,1,0,0,0,0,1,1
5421.007360,1,0,0,1,1,1,1,0,1
5427.214636,0,0,1,1,0,0,0,1,1
5436.234342,1,0,0,1,1,1,0,0,1
5438.914499,0,0,0,1,0,0,1,0,0
5445.244590,0,1,1,0,0,0,0,1,0
5453.098036,1,1,1,0,1,1,1,1,1
5459.160427,1,0,0,1,1,0,1,0,1
5462.484537,1,0,0,0,1,1,0,0,0
5463.351592,1,0,0,0,0,1,1,1,1
5472.967015,1,0,1,1,1,1,1,0,1
5480.578175,1,0,1,0,0,0,0,0,0
5481.000645,1,0,0,1,1,0,1,1,0
5483.965518,1,0,0,1,0,0,1,0,0
5485.579260,1,1,1,0,1,0,1,0,0
5487.748718,1,1,0,0,0,1,0,1,0
5492.558559,0,0,1,1,0,1,1,1,0
5495.892559,1,1,0,0,1,0,0,1,0
5503.527930,0,1,0,0,0,1,1,1,0
5510.829195,0,1,0,1,1,1,1,1,0
5512.438973,1,0,0,1,1,1,1,1,0
5513.837937,1,0,1,1,1,1,0,0,1
5522.299630,0,1,0,1,0,1,1,1,1
5526.807406,0,0,1,1,1,0,0,1,0
5527.347771,0,1,0,1,1,1,1,0,1
5531.333613,0,1,1,0,1,1,0,0,0
5536.368592,1,1,1,0,1,0,1,1,1
5537.641395,1,1,0,0,0,0,1,1,0
5541.896515,1,1,1,1,1,0,1,0,1
5548.881954,0,1,0,0,1,1,0,1,1
5553.441939,0,1,0,1,1,1,0,1,1
5555.181895,1,0,0,0,0,1,0,1,0
5557.861199,0,1,0,0,1,0,1,0,1
5560.463652,0,1,0,1,0,0,1,1,1
5564.377304,0,0,1,1,0,1,1,0,1
5572.212572,1,0,1,0,0,1,0,1,1
5572.337893,0,1,0,1,0,0,0,1,0
5574.727004,1,1,1,0,0,1,0,1,0
5578.569083,0,1,1,1,1,1,0,1,0
5582.736333,1,1,0,1,1,0,0,1,0
5590.697702,0,1,1,1,0,0,1,1,1
5592.057682,0,0,1,1,1,0,0,1,1
5600.129304,1,1,1,1,0,1,0,1,1
5600.130304,0,1,0,1,0,1,1,1,1
5602.512645,0,0,0,0,1,0,1,1,1
5606.614561,1,0,1,1,0,0,0,1,1
5613.821872,0,0,1,0,1,0,0,0,0
5622.033433,0,0,0,0,0,0,1,1,0
5622.034433,1,1,1,1,0,1,1,1,1
5630.414760,1,1,1,1,0,1,0,0,1
5633.005977,1,0,1,1,1,1,1,0,0
5640.900228,0,1,0,0,1,1,0,0,0
5647.384598,0,1,1,1,0,0,1,0,0
5648.912162,1,1,0,0,0,0,1,1,0
5650.217380,1,1,1,0,1,1,1,1,0
5658.473744,1,0,0,1,1,0,1,1,0
5663.212394,0,0,0,1,1,0,0,0,0
5669.767971,0,1,0,1,1,1,0,0,0
5671.190149,0,1,0,0,0,0,0,1,1
5676.324735,0,1,1,1,1,1,0,1,0
5680.838558,1,1,0,0,1,0,0,0,1
5689.410129,1,0,1,0,1,0,1,1,1
5695.035567,0,1,0,1,1,1,0,1,1
5702.475437,1,0,0,1,0,0,1,1,1
5704.470697,1,0,0,0,1,1,0,0,0
5712.557531,0,1,1,1,1,0,0,0,0
5716.256158,0,1,1,0,0,1,1,0,1
5720.965682,0,1,0,0,1,1,0,0,0
5722.963287,0,0,0,0,1,0,0,0,1
5724.464137,0,1,1,1,0,0,0,0,0
5725.949266,0,0,0,1,0,0,1,0,0
5726.416540,0,0,1,1,0,0,0,0,0
5733.443864,1,0,1,0,1,0,1,1,0
5733.584515,1,1,0,1,0,0,1,1,1
5743.058252,0,1,1,1,1,1,0,1,0
5752.109442,1,0,0,1,0,0,1,1,1
5753.293486,0,1,1,0,0,0,0,1,0
5760.265140,1,1,1,1,1,0,1,1,1
5762.741140,1,0,0,0,0,0,0,0,0
5764.900654,1,1,1,0,1,0,1,1,0
5771.525992,1,0,1,1,1,0,1,1,1
5777.726372,1,1,0,0,1,1,0,0,0
5779.631943,0,0,1,0,0,0,1,1,0
5780.155279,1,1,0,0,1,1,0,0,1
5785.232694,0,1,1,1,0,1,0,0,1
5785.474055,0,0,1,1,1,0,0,1,0
5794.289600,0,1,0,1,1,0,0,1,1
5798.704746,0,0,0,0,0,1,0,0,1
5807.387310,1,0,0,1,0,0,0,0,1
5814.609145,0,1,0,1,0,1,0,0,0
5815.176126,1,1,0,0,1,1,0,1,1
5823.327163,1,1,1,1,1,0,0,1,1
5829.187449,0,1,1,1,1,0,0,1,0
5830.066410,1,0,0,0,1,1,0,1,0
5831.686967,1,1,0,1,0,1,1,0,0
5835.330214,0,0,0,1,1,0,1,1,0
5844.010346,0,0,0,0,0,0,1,1,1
5852.504705,1,1,0,0,0,0,0,1,0
5853.469150,1,0,0,1,0,1,1,1,1
5860.300863,1,0,1,1,0,1,0,0,1
5867.444005,0,0,1,1,0,0,0,0,0
5872.546536,0,1,1,1,1,1,1,0,0
5880.009476,1,1,0,0,1,0,1,1,1
5885.096175,0,0,0,0,0,1,1,1,0
5892.642716,0,1,1,1,1,1,1,1,0
5900.970410,0,1,0,1,0,1,1,0,0
5904.538892,1,1,1,0,0,0,1,0,0
5913.828736,0,1,0,0,0,1,0,0,1
5917.955537,1,0,1,1,1,0,1,0,1
5927.114499,0,0,1,1,0,0,0,1,0
5931.709635,1,0,1,0,0,0,0,1,1
5934.276750,0,1,0,0,0,1,0,1,0
5936.762350,1,1,0,0,0,1,1,1,1
5941.803496,0,0,0,0,0,1,0,1,1
5942.836421,1,1,1,0,0,0,1,0,0
5943.406985,0,1,1,0,1,1,0,0,1
5952.138455,0,0,0,1,1,1,1,0,1
5952.713722,1,1,1,0,1,0,1,0,0
5953.745963,1,1,0,0,0,1,1,0,1
5956.019937,0,0,1,0,0,1,1,0,1
5965.267324,1,0,1,1,0,1,0,1,0
5966.251372,1,0,1,0,1,0,1,1,0
5974.569722,0,0,1,1,1,1,0,1,0
5982.903222,0,1,1,1,1,0,1,0,1
5989.458188,0,0,1,1,0,1,1,1,1
5990.854988,1,1,0,1,1,1,1,0,0
5995.893078,1,1,0,1,1,0,0,1,1
6004.558230,0,0,1,0,1,0,1,1,1
6004.583678,0,0,1,0,1,0,0,1,0
6005.470665,1,0,1,1,0,0,1,0,1
6006.344865,0,1,1,1,1,1,1,0,1
6013.501484,0,1,1,1,1,1,0,1,1
6020.771598,1,1,0,1,0,1,0,0,1
6029.713503,0,1,1,1,0,0,1,1,1
6035.288270,0,0,0,1,1,1,0,1,0
6036.137670,1,1,0,1,1,0,1,0,1
6043.282340,1,1,0,0,0,1,1,0,1
6044.733195,1,1,0,1,1,1,0,0,1
6052.961849,1,1,0,1,1,0,1,0,1
6056.698048,0,1,0,0,1,1,0,0,0
6062.202461,0,0,0,1,0,0,1,1,1
6063.245024,1,0,1,0,0,0,1,0,1
6068.666042,0,1,1,0,0,0,1,1,1
6072.373837,0,0,1,1,0,0,1,1,1
6075.809820,0,1,1,1,1,1,1,0,0
6082.898719,1,0,1,1,1,0,1,1,0
6086.416955,0,0,1,0,1,0,0,1,1
6087.158038,1,0,1,1,0,1,0,0,1
6094.188638,1,1,1,0,1,0,0,1,1
6098.933909,0,1,1,1,0,0,1,1,1
6106.877088,0,1,0,0,0,0,1,0,1
6114.106916,0,1,1,0,1,0,0,1,1
6117.547572,1,1,1,1,0,0,1,0,0
6119.126728,1,1,1,1,0,0,1,1,1
6120.491767,0,0,0,0,1,0,1,1,0
6121.562699,1,1,1,1,0,1,1,0,0
6131.367816,1,0,1,1,1,0,1,0,0
6134.159234,0,0,1,0,0,0,0,1,1
6136.997160,0,0,0,0,1,0,0,0,1
6140.586163,0,1,0,1,1,0,1,1,1
6141.834152,1,1,0,0,0,0,0,1,0
6150.347814,0,0,0,1,1,0,0,0,0
6151.948654,0,0,1,1,0,0,0,1,1
6152.663868,1,0,0,0,0,1,1,0,1
6160.290368,1,0,1,0,1,1,0,1,1
6169.244319,1,0,0,1,0,0,1,0,1
6177.853154,0,0,1,1,0,0,1,0,0
6180.596495,1,1,1,0,1,0,1,0,1
6186.640607,0,1,1,1,1,0,0,1,1
6196.119187,1,0,0,1,1,1,1,1,0
6200.906942,1,1,1,0,0,0,0,1,0
6204.631707,1,0,1,1,1,1,1,0,1
6209.632207,0,0,0,1,1,0,1,1,0
6218.450891,0,0,0,1,0,1,0,1,1
6222.379703,0,1,1,0,0,1,0,0,0
6228.206301,0,1,1,0,0,0,1,0,0
6228.207301,1,0,0,1,1,0,0,1,1
6230.425341,0,1,0,0,0,1,1,0,1
6239.930819,1,1,1,1,0,1,1,1,0
6245.183092,0,1,1,0,0,1,1,1,0
6253.766567,1,0,0,0,0,1,0,1,0
6256.261700,0,1,1,1,0,1,0,1,1
6263.147257,1,1,0,0,0,1,1,1,0
6267.101350,1,1,0,0,0,1,0,1,0
6267.518975,0,1,1,1,1,0,1,0,1
6269.299902,0,0,0,0,1,1,1,0,1
6270.536733,1,1,0,1,1,0,0,0,1
6272.945153,1,1,1,1,0,0,1,0,0
6279.161748,1,1,1,1,1,1,1,1,0
6283.246677,1,0,1,1,0,1,0,1,0
6290.389820,1,1,1,1,1,0,1,0,0
6299.577047,0,1,1,1,1,0,0,0,1
6304.538180,0,0,1,1,1,1,1,0,0
6309.133316,1,0,0,1,1,1,1,0,0
6311.929192,1,0,1,1,0,0,0,1,0
6313.596692,1,0,1,1,1,0,1,1,1
6322.074646,1,1,0,0,0,0,1,1,0
6323.546547,0,1,1,0,0,0,1,0,0
6330.658170,1,1,0,1,1,0,0,0,0
6337.778274,1,1,0,1,1,0,0,0,0
6342.098496,0,0,1,1,0,1,1,0,1
6350.396803,1,0,0,0,1,1,1,1,0
6353.745108,1,0,0,0,1,1,1,1,0
6355.641986,1,0,1,1,1,0,1,1,0
6355.945986,0,0,1,0,0,0,1,1,0
6356.801172,1,1,0,1,1,1,0,0,0
6359.089525,0,1,0,0,1,1,0,0,0
6362.291197,0,1,1,0,0,0,1,1,1
6364.167009,0,0,1,0,1,1,1,1,0
6369.177180,0,0,0,1,1,1,0,0,1
6372.148897,0,0,0,0,1,1,0,1,1
6372.962699,0,1,0,0,1,1,1,1,0
6375.239334,0,1,1,1,0,0,0,1,1
6380.568268,0,0,0,1,1,1,0,1,1
6384.427578,0,1,0,0,1,1,1,0,1
6387.059006,1,0,0,1,1,0,1,0,1
6388.816103,1,0,1,1,1,1,0,1,0
6394.886607,1,0,1,1,1,1,0,0,0
6403.521104,1,0,0,0,1,0,1,1,1
6405.281308,1,0,0,1,0,0,0,1,0
6410.546799,1,0,0,0,0,1,0,1,0
6414.771975,0,0,1,1,1,1,0,0,1
6418.617171,1,1,1,1,0,0,0,0,0
6424.223671,0,1,1,1,0,0,1,1,0
6429.557471,1,1,1,0,0,1,1,0,0
6430.268783,0,1,0,0,1,1,0,0,1
6436.251459,1,0,0,0,1,0,0,1,1
6439.463282,1,0,1,1,1,0,1,1,0
6444.685435,0,0,1,1,0,0,0,0,1
6449.701224,1,0,1,0,1,1,0,0,1
6459.627702,1,0,1,1,1,0,1,0,1
6459.908740,1,1,1,0,1,1,0,1,0
6461.061256,1,0,0,1,1,0,0,0,0
6469.558138,1,0,0,0,0,0,1,0,0
6472.451617,1,1,1,0,1,0,1,0,1
6480.138416,1,0,1,0,0,0,1,1,1
6482.700888,0,1,1,0,1,1,1,1,1
6482.956851,0,1,0,1,1,0,1,0,0
6483.677602,1,1,0,1,0,1,0,1,0
6484.160734,1,1,0,0,1,0,1,0,0
6487.204908,0,1,1,1,0,1,1,1,0
6490.571142,1,0,1,0,0,0,1,0,0
6495.608135,0,1,1,0,0,0,1,1,1
6499.178647,1,1,1,0,0,0,0,0,0
6501.287059,1,1,1,0,0,1,0,0,0
6509.405270,1,1,1,1,0,0,1,1,0
6513.186380,1,0,1,0,0,0,0,1,0
6514.096380,0,0,1,1,0,1,0,0,0
6517.727969,0,1,1,0,1,0,1,1,1
6524.304141,0,1,0,0,0,0,1,0,1
6529.851581,0,0,0,1,1,0,1,1,1
6531.074239,0,0,1,1,1,1,1,1,0
6535.629118,1,1,0,1,0,0,1,0,1
6538.675790,0,0,1,1,0,0,0,0,0
6545.302634,1,0,0,0,1,1,0,1,0
6552.392812,1,1,0,0,1,1,1,1,0
6555.680000,1,1,1,1,0,1,0,1,1
6563.826904,1,1,1,1,0,1,0,1,1
6565.226574,0,1,1,1,1,0,1,1,0
6573.408574,1,1,1,1,1,0,0,0,1
6582.031900,0,0,0,1,0,1,1,0,1
6589.557327,1,1,1,1,0,1,1,0,0
6594.896029,1,1,0,0,1,0,1,0,0
6601.027494,1,0,1,0,1,0,1,1,1
6601.464094,1,1,1,1,1,1,0,1,1
6611.148810,0,0,0,0,1,1,1,0,0
6616.053778,0,0,0,1,1,0,1,1,0
6622.958849,0,0,0,1,0,0,0,0,0
6630.029849,0,0,1,0,1,0,1,1,1
6634.428000,0,1,1,0,0,0,1,0,0
6638.065000,1,0,0,1,0,0,1,1,1
6647.412474,1,0,1,1,0,1,1,0,0
6647.634780,0,1,0,0,0,0,0,0,1
6652.523072,1,0,1,1,0,1,1,0,0
6657.761643,0,1,0,0,0,1,1,0,1
6665.873720,1,1,0,1,0,1,0,0,0
6672.260046,0,0,1,0,1,1,1,0,0
6678.228017,1,1,0,0,0,1,0,1,0
6678.337231,1,1,0,1,0,1,1,1,0
6687.822036,0,0,1,1,1,1,1,0,1
6689.725831,0,0,1,1,0,1,1,1,1
6693.768980,0,0,0,1,1,0,0,0,1
6701.471912,0,1,0,0,1,0,1,0,1
6711.125626,0,1,0,0,0,1,1,0,0
6714.801472,1,0,0,1,1,0,1,1,1
6720.775030,0,1,0,0,0,0,0,1,0
6728.227716,0,0,0,1,1,0,0,0,1
6731.552851,0,1,0,1,0,1,1,0,1
6735.698736,0,1,0,1,1,0,1,0,0
6738.484642,0,0,0,1,0,0,0,0,0
6743.350352,0,1,0,1,1,1,0,0,0
6747.441852,0,0,1,0,0,1,0,0,1
6751.886852,0,0,1,0,1,0,1,1,0
6752.431276,0,0,0,0,1,1,1,0,1
6760.861988,1,0,1,1,0,0,1,1,0
6763.153668,0,1,1,0,1,0,1,0,0
6770.690638,1,1,0,0,0,1,1,1,1
6776.302188,1,1,0,1,0,0,1,1,1
6783.729704,0,0,1,1,1,1,1,0,0
6786.537076,0,0,1,1,1,0,0,1,0
6795.137899,1,0,0,1,0,1,0,0,0
6798.377211,1,0,0,0,0,0,1,1,0
6799.498789,1,0,0,0,0,0,1,0,0
6807.836393,1,0,1,0,0,0,0,1,1
6816.811651,0,0,0,1,0,1,1,1,1
6818.940098,0,1,1,1,0,0,1,0,0
6821.403760,1,0,1,0,0,0,0,1,0
6828.990208,0,1,1,1,1,0,1,1,1
6832.253481,0,0,1,0,1,0,0,1,1
6834.203972,0,1,0,1,1,1,0,0,0
6839.796129,0,1,0,1,0,0,1,1,0
6849.392808,0,0,1,1,0,1,0,0,0
6854.523729,0,1,0,1,1,1,1,1,0
6860.618541,0,1,1,1,0,0,0,1,1
6869.990584,1,1,0,0,1,0,1,0,0
6873.045466,1,1,0,1,0,1,1,0,0
6879.797203,0,1,0,0,1,1,1,1,1
6888.090057,0,0,1,0,0,1,1,1,0
6891.051287,0,1,1,0,0,1,1,0,0
6891.594168,0,0,0,1,0,1,1,0,0
6897.778334,0,0,1,0,0,0,0,1,1
6899.058827,1,1,1,0,0,1,0,1,1
6906.895455,0,1,0,1,1,0,1,0,1
6907.811230,1,0,1,1,0,0,1,1,1
6909.860636,0,1,1,1,1,0,0,1,1
6919.698649,0,1,1,0,0,1,1,1,1
6925.890253,0,0,1,1,0,0,0,0,0
6928.066035,1,0,0,1,1,1,1,1,0
6933.134279,0,0,1,0,1,0,0,1,1
6942.359608,1,0,0,0,0,0,1,0,1
6946.491422,1,1,0,1,1,0,0,1,1
6953.069542,0,1,0,0,0,1,1,1,0
6954.677524,1,1,1,1,1,0,0,1,0
6960.567717,1,0,1,0,0,1,0,0,1
6961.933694,1,0,0,0,1,0,0,1,1
6970.980352,1,1,0,0,1,0,0,1,1
6973.630788,0,1,1,0,1,1,1,0,1
6981.193532,1,1,1,0,1,0,0,1,1
6985.420728,1,0,1,0,1,0,0,1,1
6986.464670,0,0,1,0,0,0,1,1,0
6990.004190,1,0,0,1,1,0,1,1,0
6998.825601,1,0,1,1,0,1,0,1,1
7003.128496,0,0,1,1,1,0,1,0,0
7008.483291,1,0,0,1,1,0,1,1,0
7017.973788,1,1,0,1,0,1,1,1,0
7022.475946,1,0,1,0,1,1,0,1,0
7024.173205,1,1,0,1,0,1,1,1,0
7032.321538,0,0,0,0,0,0,0,1,1
7038.014276,1,1,0,0,0,1,1,0,0
7041.778738,0,0,0,0,1,1,0,0,0
7050.944480,1,0,0,0,1,0,1,1,0
7051.678391,1,0,0,1,1,0,0,1,0
7054.334493,0,1,1,0,1,1,1,1,0
7055.482045,0,0,0,0,1,1,0,1,0
7060.188457,1,1,0,0,0,1,1,0,0
7066.342687,1,1,0,1,0,0,0,0,0
7072.656615,0,1,1,1,1,1,0,1,1
7076.603409,1,1,0,0,0,1,0,0,0
7081.752004,0,0,0,0,0,0,1,1,1
7087.027202,1,0,0,0,0,0,0,0,1
7088.078945,1,1,1,0,0,0,1,0,1
7095.861972,0,0,0,1,0,1,1,0,1
7102.737284,0,0,0,0,0,1,1,0,1
7105.531898,1,0,1,1,1,0,1,0,0
7110.152898,0,0,1,1,0,1,1,0,1
7119.734469,1,1,0,1,0,1,1,0,0
7128.360248,1,1,0,0,0,1,1,1,0
7135.288266,1,0,1,1,1,0,0,0,1
7140.288766,1,0,0,0,0,1,0,0,0
7142.695942,1,0,1,0,0,1,0,1,1
7147.590070,0,0,1,1,0,0,1,0,0
7154.951305,1,1,0,1,0,0,0,1,0
7163.412997,0,1,1,1,1,1,1,1,0
7172.356300,0,0,1,1,0,1,0,0,0
7172.519391,1,0,0,0,1,0,1,1,0
7180.102050,0,1,1,1,0,1,0,1,1
7189.304258,0,1,1,1,1,1,1,0,1
7195.458488,1,0,1,1,0,0,1,1,1
7197.136880,1,1,0,1,1,1,1,0,1
7204.508685,0,0,1,1,1,0,1,0,1
7213.814310,0,0,1,1,0,0,1,0,1
7222.938658,1,0,1,0,1,1,0,0,1
7226.139338,0,0,0,0,0,0,1,1,1
7233.036200,1,1,0,0,0,1,1,0,0
7233.319525,0,1,0,0,0,1,0,1,0
7240.657794,1,0,1,1,0,1,1,1,0
7244.071297,1,0,0,1,1,1,1,1,0
7251.651069,0,0,0,1,1,0,0,0,1
7257.287869,1,1,0,0,0,1,1,1,1
7266.161768,0,0,0,0,1,0,0,0,0
7274.441510,0,0,0,1,1,0,1,1,0
7282.036345,1,0,0,1,1,0,0,1,1
7283.037245,0,0,0,0,1,1,1,1,0
7284.538095,0,1,1,1,0,0,0,0,0
7294.200779,0,0,0,0,1,1,1,1,0
7299.671482,0,0,1,1,0,1,0,0,0
7301.338982,0,1,1,1,0,1,1,1,1
7304.218871,1,1,0,0,0,0,1,0,1
7313.990323,1,1,1,0,0,1,0,1,1
7319.522908,0,0,1,0,0,1,0,1,1
7327.618337,0,0,1,0,0,0,0,0,1
7335.045730,1,1,0,1,1,0,1,1,1
7339.363068,0,0,1,0,0,1,1,0,1
7343.426162,1,1,0,1,1,1,0,1,0
7352.986646,0,0,1,0,1,1,0,1,1
7358.099124,0,1,0,0,1,0,0,1,0
7365.039728,0,1,0,0,1,1,0,1,0
7365.174644,1,1,0,0,1,0,0,0,1
7374.383356,0,1,1,0,0,0,0,0,1
7381.604264,1,1,1,1,1,0,1,0,0
7386.280121,1,1,1,0,1,1,0,1,0
7392.096866,0,1,1,1,0,0,1,0,0
7392.528592,0,1,1,0,1,0,0,1,0
7402.276728,1,0,0,1,1,1,1,0,0
7407.190388,0,0,0,0,1,1,0,0,0
7407.261019,0,1,1,1,1,1,1,0,1
7414.143922,0,0,1,0,0,1,1,1,0
7417.982922,1,1,0,0,1,0,0,1,1
7424.242838,0,0,1,0,0,0,0,1,0
7424.872706,0,0,1,1,0,1,0,1,1
7429.028415,1,1,1,0,0,1,1,0,1
7438.775276,0,1,0,1,0,1,0,1,0
7444.529125,0,1,1,1,1,0,0,0,1
7447.881746,0,1,0,1,1,1,1,0,0
7455.065126,0,1,1,0,1,0,1,0,1
7455.088199,0,0,0,1,0,0,1,0,0
7457.985561,1,1,0,1,1,0,1,0,0
7467.707382,0,1,0,1,0,1,1,1,0
7467.873928,1,1,0,1,1,1,1,1,0
7474.906361,0,1,0,0,1,0,0,1,0
7481.556047,0,1,0,1,1,1,1,0,1
7484.958346,0,0,0,0,0,1,0,0,1
7490.167158,0,1,1,0,1,1,0,0,0
7498.874184,1,0,1,1,0,1,1,1,1
7508.037615,0,1,0,0,0,1,0,0,1
7512.088842,0,0,0,0,1,0,0,0,0
7516.994031,1,0,0,1,0,0,0,1,1
7520.420984,1,0,0,0,0,1,0,1,1
7529.437818,1,0,0,0,1,0,1,1,0
7531.938568,0,1,0,1,1,0,1,0,0
7538.507877,0,1,1,0,0,0,1,0,1
7542.940718,0,1,0,0,0,1,0,1,1
7548.962059,1,1,1,1,1,0,1,0,1
7553.976485,1,1,1,1,0,0,1,0,1
7563.351547,0,0,1,1,0,1,0,0,0
7570.858256,0,0,1,0,0,1,1,0,1
7579.625272,0,1,0,1,1,0,1,1,1
7587.544262,0,0,1,0,0,0,0,0,1
7594.271862,0,1,1,1,1,0,1,0,1
7599.763294,0,0,1,0,1,0,1,0,1
7602.711510,1,1,0,0,0,0,1,0,0
7602.965649,0,0,1,0,1,0,1,1,1
7605.158497,0,0,1,0,1,1,0,1,1
7613.037497,1,0,0,0,0,1,1,1,1
7614.257887,0,1,0,1,0,0,0,0,0
7614.418233,1,0,0,1,0,1,1,1,1
7623.170238,1,1,0,0,1,1,1,0,0
7630.832634,1,1,1,0,0,1,0,1,0
7635.856606,1,0,1,1,0,1,0,0,0
7639.674958,1,1,1,0,0,0,1,1,0
7644.229958,0,0,0,0,1,1,1,0,1
7648.713750,0,0,1,0,1,0,1,1,0
7653.168582,1,1,1,1,0,1,1,0,0
7658.549593,0,0,1,1,1,1,0,1,0
7666.059829,0,0,1,1,0,1,1,1,1
7669.643804,1,1,0,0,1,0,1,1,0
7671.751192,1,0,0,1,1,1,1,0,0
7678.894335,0,0,0,0,0,0,1,1,1
7685.545037,0,1,0,1,1,0,1,0,1
7693.158688,1,1,0,0,0,1,1,1,1
7700.552623,1,1,0,0,0,0,0,1,1
7703.162058,1,1,1,0,1,0,1,0,0
7710.337138,0,1,0,1,1,0,0,0,1
7711.700964,0,1,0,0,0,1,0,1,0
7715.263699,0,0,0,0,1,0,1,0,0
7723.418246,0,1,1,1,1,0,0,0,1
7730.670587,1,0,0,0,0,1,1,0,0
7734.014906,1,1,0,1,0,1,1,0,1
7741.980889,0,1,0,0,1,0,0,1,1
7750.442581,0,1,1,1,0,0,1,0,0
7757.382091,0,0,1,1,0,1,1,1,1
7762.347872,1,0,0,0,1,1,0,0,0
7767.952176,1,1,0,0,0,0,0,0,0
7769.612888,1,0,0,1,1,0,0,1,1
7778.563886,0,0,0,0,1,0,0,1,0
7779.876066,1,1,1,1,1,0,1,1,1
7787.632388,0,1,0,0,0,1,1,1,1
7792.864079,0,1,1,0,1,0,1,0,1
7797.698964,1,0,1,0,0,0,0,1,1
7807.429933,0,1,0,1,1,1,1,1,0
7812.819163,1,1,1,1,0,1,1,1,0
7816.577957,1,1,1,1,0,0,1,0,1
7825.328082,0,1,1,0,1,1,1,0,0
7829.752882,1,0,0,1,0,0,1,1,1
7830.774188,1,1,0,0,1,0,1,1,0
7833.846846,0,0,0,1,0,0,0,0,0
7835.219802,1,0,0,1,1,0,0,0,0
7841.947958,0,1,1,0,1,0,1,1,1
7843.571215,0,1,0,1,1,0,0,0,0
7850.917056,0,1,1,1,0,0,0,0,0
7852.792869,1,0,0,1,0,1,0,1,1
7854.749290,0,1,1,1,0,0,0,0,1
7859.627851,1,1,0,1,1,0,1,0,0
7865.716179,1,0,0,0,0,1,1,0,0
7873.705798,0,0,1,0,0,0,0,0,0
7876.655221,0,0,0,1,1,0,1,0,0
7878.817296,1,1,1,1,0,0,0,1,0
7886.302210,1,1,0,0,0,1,1,0,1
7892.806888,1,1,0,0,0,0,0,0,0
7897.898288,0,0,0,1,1,1,0,0,0
7906.082613,0,1,0,0,1,1,0,0,0
7915.996662,0,1,0,0,0,1,1,1,1
7918.517199,1,1,0,1,0,1,1,0,1
7926.017449,0,1,1,1,1,1,0,1,1
7932.709672,0,0,1,0,1,1,0,0,0
7940.956034,0,0,1,0,0,1,0,0,0
7949.363273,0,0,1,1,0,0,0,0,1
7954.185220,0,0,0,1,0,0,0,0,1
7961.314054,0,0,0,0,1,1,0,1,0
7962.175183,1,1,0,0,0,1,0,0,1
7970.724651,0,0,0,0,1,0,0,0,1
7972.318267,0,0,1,1,0,1,0,0,1
7973.743273,1,0,0,1,0,1,1,0,1
7980.808784,0,0,1,0,1,0,1,0,1
7988.605107,0,1,1,1,0,1,1,1,0
7992.389512,1,1,0,0,0,0,0,1,1
7998.210242,1,1,1,1,0,0,1,1,0
7998.431220,0,0,0,1,1,0,0,1,0
8005.944558,1,0,1,1,0,1,1,0,0
8009.945158,1,0,1,1,0,1,1,0,0
8010.791434,1,1,0,0,0,1,1,0,1
8015.059524,1,0,1,1,1,0,1,1,0
8022.775683,0,0,0,0,1,0,0,1,1
8025.931707,1,0,0,1,1,1,0,1,1
8031.997460,1,1,1,1,0,0,0,0,0
8032.140678,0,1,1,1,1,1,0,1,0
8039.509362,0,0,0,1,0,1,0,0,0
8040.748770,1,0,0,0,1,1,0,0,1
8042.011183,0,0,1,1,0,1,1,0,1
8043.102983,1,0,0,0,0,1,0,1,1
8043.644469,0,0,1,1,1,0,0,0,0
8046.541354,0,0,1,0,1,0,1,0,1
8048.237100,0,0,1,0,1,0,1,1,0
8054.519162,1,1,1,0,1,1,0,1,0
8061.167464,0,1,0,0,1,1,1,0,0
8065.168064,0,1,1,1,0,0,1,1,1
8070.051692,1,1,0,0,0,1,1,0,0
8070.173648,0,1,1,1,0,1,1,0,0
8073.814837,0,0,1,1,1,0,0,0,1
8081.996837,0,0,1,0,0,1,0,1,0
8082.910789,1,1,1,0,0,1,0,0,0
8088.346028,1,1,0,0,1,1,0,0,0
8093.696380,0,1,1,0,1,1,1,0,0
8101.943978,1,0,1,0,0,1,0,0,0
8104.573823,0,1,1,1,0,1,0,0,1
8107.900482,0,1,0,1,1,0,0,1,1
8112.957924,1,1,0,0,1,0,1,1,1
8114.497231,1,1,0,1,0,0,1,0,0
8118.932816,0,1,1,0,1,1,1,1,1
8123.972682,1,0,0,1,1,1,1,1,0
8133.512958,1,1,0,0,1,1,1,1,0
8140.579419,0,0,1,0,0,1,1,0,1
8149.865205,0,0,0,1,0,1,0,0,1
8149.866205,0,1,1,0,1,0,0,0,1
8158.404812,1,0,0,1,1,1,0,0,0
8162.167192,1,0,0,0,0,0,0,0,1
8166.116360,1,1,0,0,1,1,0,1,1
8168.484724,0,1,1,0,1,0,1,1,1
8175.151724,0,0,0,0,1,1,1,1,0
8177.698482,1,0,0,1,1,0,0,0,0
8182.933333,1,0,0,0,0,1,1,0,0
8183.058288,0,1,0,1,1,1,0,0,0
8188.387038,0,0,0,1,0,0,1,1,1
8192.814029,1,1,0,0,1,0,1,0,0
8201.913020,0,0,0,1,1,0,0,1,0
8209.063064,1,0,1,0,0,1,0,0,0
8218.166144,0,0,1,0,0,0,0,0,1
8218.693407,1,0,0,1,0,1,1,0,0
8227.144889,0,1,0,1,0,0,0,0,0
8236.989464,1,1,0,1,0,0,1,0,0
8239.938146,0,1,1,0,1,0,1,1,0
8249.857183,0,1,1,1,1,0,1,1,0
8254.910309,1,0,0,0,0,0,1,1,1
8259.239042,0,0,1,0,0,0,1,1,0
8266.418811,1,0,0,1,1,1,1,0,1
8272.370136,1,1,1,1,0,0,0,0,1
8273.899645,1,0,0,0,1,0,0,0,0
8277.889608,1,1,1,1,0,0,1,1,1
8279.805310,0,1,0,1,1,0,1,1,1
8282.422082,0,0,1,0,0,0,0,1,1
8291.517918,0,1,1,1,0,0,0,0,0
8301.247674,0,1,1,0,0,0,1,0,1
8304.878205,0,1,0,0,1,0,0,0,0
8308.307433,0,1,0,1,1,0,1,1,1
8316.287809,1,0,1,1,1,1,0,1,1
8321.472648,1,0,0,0,1,0,0,0,0
8322.626310,0,0,0,0,0,1,0,1,1
8327.626810,0,1,0,1,0,1,1,1,1
8336.198382,1,0,0,1,1,1,1,1,0
8344.276284,1,1,1,1,1,0,0,0,0
8344.865460,0,1,1,1,1,0,1,0,0
8350.909685,1,0,0,1,1,0,0,0,1
8352.070978,0,0,1,1,0,1,0,0,1
8355.637513,0,1,0,1,0,1,0,0,1
8360.253436,1,1,1,0,0,0,1,1,1
8363.922102,0,0,0,0,0,0,0,1,0
8365.744552,1,1,1,1,0,0,0,0,1
8372.123515,0,1,1,0,0,0,0,1,0
8380.785449,1,0,1,0,0,1,0,0,0
8385.238778,1,0,0,0,0,0,0,0,0
8388.539778,1,1,0,1,0,1,0,1,1
8397.635913,0,0,1,0,1,1,1,0,0
8399.521823,0,0,1,0,1,1,1,0,0
8406.664966,1,1,0,1,1,1,0,1,0
8407.305561,1,1,0,0,1,0,0,1,1
8409.783482,1,0,0,0,0,0,1,1,0
8412.811320,1,0,0,0,0,1,1,1,1
8419.602812,0,1,1,1,0,0,0,0,0
8421.599881,0,1,1,1,1,0,0,1,0
8425.323913,0,1,0,1,1,1,1,0,1
8425.613809,1,0,1,0,0,0,1,0,1
8430.614309,0,0,0,1,0,0,1,1,0
8431.396480,0,0,1,1,1,1,0,1,1
8440.957500,1,0,1,0,0,0,0,1,1
8449.946365,0,1,0,1,0,1,1,0,0
8453.344257,0,0,1,0,1,0,1,1,1
8462.104172,0,0,0,0,1,0,1,0,0
8462.951648,1,0,1,0,1,1,1,0,0
8466.647930,1,1,1,0,1,0,1,0,0
8472.797975,0,0,1,1,1,0,1,1,0
8480.530345,0,0,0,0,1,0,0,1,1
8481.346550,0,0,1,1,0,0,0,0,1
8484.283764,1,0,1,1,0,0,0,0,0
8488.379832,0,0,0,1,0,1,0,1,1
8495.235615,0,0,1,1,1,0,0,0,1
8501.364658,0,0,1,1,0,0,1,0,1
8501.444597,1,0,1,0,0,1,1,1,1
8511.124295,1,0,1,1,0,1,0,1,0
8511.329356,0,1,1,1,1,0,1,1,1
8520.556170,0,0,1,0,1,0,0,0,1
8522.731952,0,0,0,1,0,1,1,1,1
8528.182143,1,1,1,0,0,1,1,1,1
8534.042345,0,1,1,1,0,1,1,1,1
8540.298427,1,1,1,1,0,0,0,0,0
8547.441570,1,1,1,0,0,0,1,0,1
8552.083940,1,1,0,1,0,1,1,1,0
8557.262994,1,0,1,0,0,1,0,1,1
8564.766494,1,0,1,0,0,0,1,1,0
8566.753111,1,1,0,1,1,1,0,0,0
8571.301895,1,0,1,0,0,0,1,1,0
8574.983266,1,0,0,0,1,0,0,0,0
8579.269552,1,0,1,1,1,1,1,0,1
8579.270552,1,0,1,0,0,0,0,0,1
8583.019157,0,1,1,0,0,0,0,0,1
8589.696460,0,0,1,0,0,1,1,0,0
8597.333060,0,0,1,1,1,0,1,0,1
8597.759550,0,0,1,1,0,1,0,1,0
8603.701985,1,1,1,1,1,1,1,1,1
8610.202957,1,0,0,0,0,1,1,1,1
8614.292218,1,1,0,0,0,0,1,0,0
8623.391407,0,0,1,1,1,0,1,1,0
8625.962099,0,1,0,1,0,0,1,0,1
8627.670245,0,1,0,1,1,0,0,0,0
8632.057758,1,1,1,1,0,0,1,1,0
8637.825377,0,1,1,1,1,1,0,0,1
8639.696238,0,0,0,1,1,1,1,1,1
8642.249430,1,1,0,1,0,1,1,1,0
8646.807570,0,1,0,0,1,1,0,1,1
8655.357333,0,1,0,0,0,1,1,0,1
8656.759222,0,1,0,0,1,0,0,0,1
8658.493069,0,1,0,0,1,1,1,0,1
8663.718266,1,1,1,1,0,0,0,1,1
8665.298055,0,0,1,0,1,0,1,0,1
8665.478066,0,1,1,1,0,1,1,1,0
8667.017373,1,1,0,0,1,1,0,1,1
8672.699623,0,1,1,0,0,0,0,1,1
8673.683112,1,1,0,1,0,1,0,1,0
8676.091279,0,0,1,0,0,1,0,1,1
8682.538037,0,1,0,0,1,0,1,1,0
8689.811037,0,1,1,0,0,0,0,1,1
8698.174837,1,1,0,1,0,1,0,0,0
8705.085185,1,1,1,1,1,0,0,0,0
8705.205362,1,1,0,1,0,0,0,0,0
8706.894505,0,1,1,1,0,1,0,1,1
8707.863561,1,1,0,1,0,0,1,0,0
8709.531061,1,1,0,0,1,1,0,0,1
8714.778227,0,0,1,1,1,1,1,0,0
8717.998417,0,0,1,1,0,0,0,1,0
8727.038761,0,1,0,1,1,0,1,1,1
8730.073759,0,0,1,0,1,0,1,0,0
8735.371586,1,0,0,1,1,0,0,1,0
8738.828704,0,0,0,1,1,0,0,1,1
8739.789018,1,0,1,0,1,1,0,0,0
8740.101406,0,1,0,1,1,1,0,0,1
8747.552641,0,1,0,1,1,0,0,0,0
8754.417152,1,1,1,1,1,0,0,0,0
8761.173202,0,0,1,1,0,1,1,1,0
8763.246762,0,1,1,1,0,1,0,1,0
8766.886797,1,0,1,0,0,1,1,0,0
8773.618967,1,1,1,0,0,0,0,1,1
8774.108717,0,0,0,1,1,0,1,1,1
8783.474900,1,1,1,0,0,0,1,1,0
8788.630595,0,0,0,0,0,0,0,1,1
8789.634955,0,0,1,1,1,1,0,1,0
8791.226705,1,1,0,0,0,1,1,1,0
8794.050208,1,1,0,1,0,0,0,0,1
8801.424988,1,0,1,1,0,1,0,1,1
8808.021073,0,0,1,1,1,1,1,1,1
8814.672784,0,0,0,0,1,1,0,1,0
8820.575386,0,1,1,0,0,1,0,1,0
8822.645144,1,1,0,0,1,0,1,1,1
8832.323539,0,1,1,0,1,0,0,0,1
8836.170308,0,0,1,1,0,1,0,0,1
8843.501656,0,0,1,0,0,0,0,1,0
8850.618100,1,1,1,1,1,1,1,0,1
8859.400091,0,1,1,1,1,1,0,1,1
8868.393480,0,0,0,1,1,1,0,1,1
8874.228506,0,0,0,1,0,1,1,1,0
8879.862746,1,0,1,0,0,1,0,1,0
8889.284645,0,0,1,0,0,0,0,1,1
8897.595871,1,1,1,0,0,0,1,1,1
8904.739014,1,0,1,1,0,0,0,0,1
8911.025100,1,0,1,1,0,0,0,0,1
8919.366023,1,0,0,1,1,0,1,1,0
8926.663927,0,0,0,0,1,1,0,1,0
8928.790699,1,0,1,1,1,1,0,0,1
8934.468214,1,0,0,0,0,1,0,0,1
8942.568404,0,0,0,0,0,0,1,1,1
8950.975222,1,0,0,0,0,1,1,1,1
8951.163997,0,1,0,1,1,0,0,1,0
8951.828831,0,0,1,0,0,1,0,0,0
8954.240549,0,0,1,1,0,0,0,0,0
8960.224557,0,0,1,0,1,1,0,0,0
8961.050510,0,0,0,1,0,1,1,0,1
8966.084229,0,1,0,1,1,1,1,0,0
8967.224091,0,1,0,0,0,0,0,0,1
8971.752375,1,0,1,1,0,0,0,1,0
8972.027320,1,1,1,1,1,1,0,1,1
8974.636755,1,0,0,0,0,0,1,0,1
8976.590525,1,0,1,1,0,1,1,0,1
8981.766887,0,1,1,0,1,0,1,1,0
8988.516285,1,1,0,0,1,1,1,0,1
8989.680270,0,0,1,1,1,0,1,0,0
8996.646700,0,1,0,1,0,1,1,1,1
9003.057315,0,0,0,1,0,1,1,0,1
9012.665198,1,0,1,1,0,0,0,0,0
9021.721020,1,0,1,1,0,1,0,0,0
9030.986752,1,1,0,0,1,0,0,1,1
9033.196833,0,0,1,1,1,1,1,0,1
9042.050041,0,0,1,0,1,1,0,0,0
9050.101706,0,1,1,0,0,0,1,0,0
9058.762276,0,1,0,0,1,0,0,1,1
9064.676970,1,1,1,1,0,0,1,0,1
9074.529926,0,0,0,1,1,0,1,1,0
9077.547866,0,0,1,1,0,0,0,1,0
9078.454992,0,0,0,0,0,1,0,1,0
9081.076212,1,1,0,1,1,1,0,1,0
9089.520812,1,1,0,1,1,0,1,0,1
9091.369969,0,0,1,1,1,0,0,1,0
9093.779487,1,0,1,0,0,0,0,1,1
9103.291213,0,1,1,0,1,0,0,1,1
9107.166973,0,1,1,1,1,0,0,0,1
9112.013642,0,0,0,0,0,1,1,0,0
9117.026610,0,1,0,1,0,1,1,0,1
9120.889499,1,1,1,0,1,1,1,0,1
9126.597245,1,1,1,1,1,1,1,1,0
9132.243939,0,1,0,1,0,0,1,0,0
9139.797375,1,1,1,1,0,1,1,1,1
9140.442040,0,1,0,1,1,1,1,0,1
9146.942390,1,0,1,0,1,0,0,1,1
9149.800247,1,0,0,1,1,0,0,1,1
9154.979301,0,0,0,1,0,0,0,1,0
9164.242532,1,0,0,0,0,1,1,0,0
9167.679208,1,0,0,1,0,0,0,0,1
9171.065286,1,1,1,0,1,1,1,1,1
9173.338786,1,1,0,0,1,1,0,1,1
9179.373665,0,1,1,0,1,0,1,0,1
9185.610339,1,0,1,0,1,0,0,1,1
9192.568047,0,0,0,0,0,1,0,1,0
9197.124705,1,0,1,1,1,0,1,1,0
9205.260485,0,0,1,0,0,1,1,0,1
9213.782969,1,1,0,0,0,0,1,1,0
9219.050932,1,1,0,0,1,0,0,0,0
9219.760263,0,1,1,0,0,0,0,1,1
9222.912763,0,0,1,0,0,1,1,1,1
9227.542071,1,1,0,1,1,1,0,0,0
9230.820148,1,1,0,1,0,1,0,1,1
9237.023618,1,0,0,0,0,1,1,1,0
9246.725352,1,1,0,1,1,1,0,0,1
9250.151086,0,1,0,0,1,0,0,0,1
9256.889874,0,1,1,0,1,0,1,1,0
9265.060270,0,0,1,0,1,0,0,0,0
9268.668817,0,1,1,0,0,1,0,1,0
9277.178372,0,0,1,0,0,0,1,1,1
9283.138480,0,0,0,1,0,1,0,1,0
9288.917448,0,1,0,1,0,0,0,0,0
9298.315502,0,1,1,0,0,1,0,0,1
9302.203644,0,1,0,1,1,1,1,0,1
9305.964348,1,1,0,1,1,1,1,0,0
9315.628651,1,1,0,0,0,0,0,0,0
9322.702114,0,1,0,0,0,0,1,0,0
9330.056709,0,1,0,0,1,1,0,1,1
9336.718200,1,1,1,0,0,0,1,0,1
9345.343338,1,1,1,1,1,0,0,1,1
9349.828939,1,0,1,0,1,1,0,0,1
9358.408028,0,1,0,1,0,1,1,1,1
9359.129368,0,1,1,1,1,0,1,1,1
9363.484099,1,1,1,0,1,0,0,0,0
9370.021483,0,0,1,1,0,0,1,1,0
9371.353148,1,1,0,0,1,0,0,1,0
9375.624768,0,0,0,1,0,0,0,0,0
9378.780215,0,0,1,1,0,0,1,1,0
9380.907318,0,1,1,0,0,0,1,1,0
9383.180818,1,1,1,0,1,1,1,0,0
9391.161634,1,0,0,1,1,0,0,0,1
9399.177580,1,1,1,1,1,0,1,0,0
9408.755582,0,0,1,0,0,0,1,0,0
9410.936632,0,1,0,1,0,1,0,0,1
9418.889218,1,1,1,1,0,0,0,0,1
9427.415681,1,1,0,0,0,0,0,0,0
9428.909916,1,1,1,0,1,0,0,1,0
9434.294993,1,0,0,1,1,0,0,1,1
9436.315593,0,1,1,1,1,0,0,0,0
9436.778731,0,0,1,1,1,0,0,1,1
9444.530212,1,1,0,0,1,1,1,1,1
9449.704824,0,1,0,0,0,1,1,0,0
9450.955699,1,1,0,1,0,0,1,1,0
9456.438607,1,0,0,1,0,0,0,0,0
9462.607215,0,0,1,0,1,0,1,0,1
9463.836162,0,0,0,0,1,1,0,0,0
9466.760846,0,1,0,1,0,1,1,0,0
9474.326025,1,0,1,0,0,1,1,1,0
9476.666624,1,1,0,1,1,1,1,1,1
9479.879178,0,0,1,0,1,0,0,0,0
9486.515981,0,0,0,0,0,1,1,0,0
9487.853947,1,1,1,0,1,1,1,1,1
9496.815883,0,0,1,1,0,0,1,0,1
9502.315746,1,0,0,1,1,0,1,1,0
9504.092884,1,0,0,1,0,0,1,0,0
9510.735195,0,1,0,1,0,0,0,1,1
9511.889926,1,1,1,1,1,1,0,0,1
9515.072426,1,1,0,1,1,1,1,0,1
9521.481999,1,1,1,1,1,1,0,1,1
9525.170573,0,0,1,1,0,1,0,0,0
9533.761671,1,1,1,0,0,0,1,1,1
9539.115397,0,0,1,0,0,0,1,0,0
9544.844991,0,1,0,1,1,1,0,1,1
9553.900879,1,1,1,1,0,1,1,0,1
9560.381231,0,0,0,0,1,0,1,1,1
9568.335981,0,0,1,1,1,1,1,1,0
9574.922181,1,1,1,0,0,1,1,1,0
9578.642688,0,1,0,0,0,0,1,1,0
9586.868672,1,0,1,1,1,1,0,0,1
9592.794236,1,0,1,1,0,1,0,1,1
9594.872547,1,1,0,0,0,0,0,0,1
9599.077081,1,0,1,1,1,0,0,0,1
9605.598304,0,0,0,0,0,1,0,0,0
9607.677018,1,0,1,1,0,1,0,0,1
9612.773662,1,1,0,1,1,0,1,1,1
9616.851508,0,0,0,1,0,0,1,1,0
9618.566622,0,1,1,1,1,1,0,1,0
9625.994701,1,0,1,1,0,0,0,0,0
9632.294630,1,0,0,1,1,0,0,1,1
9641.858707,1,0,1,1,0,0,1,0,0
9642.065872,0,0,0,0,0,0,0,1,1
9647.833285,0,0,1,0,1,1,0,1,1
9650.367365,1,0,1,1,1,1,1,1,1
9651.828893,1,1,0,0,0,0,0,1,0
9653.089309,0,0,1,0,0,1,0,0,0
9656.001851,1,1,0,0,0,1,0,0,0
9658.224851,1,1,0,1,1,1,0,1,1
9660.142036,1,1,0,0,1,0,1,1,0
9668.947033,1,1,1,0,1,1,1,0,0
9678.547073,0,0,0,1,0,0,1,0,0
9679.982441,1,1,0,1,1,1,0,1,1
9687.781603,0,0,1,0,1,0,0,0,1
9688.443129,1,1,0,0,1,0,1,0,1
9698.256232,0,0,1,0,1,0,0,1,0
9699.711632,0,0,1,0,1,0,0,1,1
9708.630146,0,0,0,0,1,1,0,0,1
9712.501052,0,0,1,0,1,0,1,1,0
9715.213646,0,1,1,0,1,0,0,0,1
9718.302155,1,0,1,0,0,0,0,1,0
9722.405309,0,1,0,0,1,0,1,1,0
9729.424697,1,0,1,1,1,1,0,1,1
9731.144118,1,1,0,0,0,0,1,0,1
9732.674513,1,0,0,0,1,1,0,0,1
9737.773043,1,0,0,1,1,0,1,0,0
9739.858426,0,1,0,1,1,1,1,0,1
9741.437313,0,0,0,0,0,0,0,1,0
9745.575383,1,0,1,0,1,0,1,1,0
9748.729221,1,1,1,0,1,0,0,1,1
9755.633351,1,0,0,1,0,1,0,0,0
9760.565365,0,1,1,0,0,0,0,1,1
9768.823195,1,0,0,1,0,0,0,0,0
9769.077691,0,1,1,1,1,0,1,0,0
9777.188824,1,0,0,1,0,0,1,1,1
9783.614521,1,0,1,0,0,0,0,1,1
9785.762424,0,1,1,1,0,1,0,1,0
9790.464149,1,0,1,0,1,0,0,1,0
9799.346942,1,0,0,0,1,0,0,1,0
9808.387736,1,1,1,0,0,0,0,1,1
9814.717388,0,1,0,1,0,0,0,1,1
9817.536288,1,0,0,0,1,1,0,0,0
9822.643160,1,1,0,1,0,0,1,1,0
9827.165359,1,0,0,0,1,1,1,1,1
9832.246496,1,0,1,1,1,0,1,0,1
9840.333644,0,0,1,0,1,0,1,0,0
9849.131015,0,1,1,1,1,1,0,1,0
9853.894853,0,0,0,1,1,0,1,1,0
9855.566447,1,1,1,0,1,0,0,1,1
9855.606153,0,0,0,0,1,0,0,1,0
9865.573794,0,1,1,0,1,0,1,0,1
9866.782220,0,1,1,0,0,1,0,0,1
9867.451212,1,1,1,1,0,0,0,0,1
9874.701487,1,0,1,1,0,1,1,1,1
9879.571359,0,0,1,0,1,0,0,1,1
9883.535001,0,1,1,1,1,0,0,0,1
9890.052016,0,0,1,1,0,1,1,0,1
9897.712320,1,1,0,1,1,1,0,0,1
9907.655265,1,0,0,0,1,1,1,1,0
9916.014049,1,0,1,1,1,1,1,0,1
9919.109978,1,0,0,1,0,0,1,0,0
9924.734658,1,0,1,1,1,0,1,0,0
9931.981310,1,1,0,1,0,1,0,1,1
9933.168632,0,1,0,1,0,0,1,0,0
9938.924452,0,0,0,1,1,1,0,0,1
9945.819924,1,0,1,0,1,1,1,1,0
9953.480470,0,1,1,1,1,1,1,0,1
9954.961267,0,0,0,0,0,1,1,1,0
9959.765806,1,0,0,1,1,0,0,0,0
9967.356627,0,1,1,1,0,0,1,0,0
9973.091821,0,1,1,1,0,1,0,0,1
9982.369001,0,0,1,1,0,0,1,0,1
9991.305985,1,1,1,0,1,1,0,1,1
9991.819754,1,1,0,1,0,1,1,0,1
9998.228055,1,0,1,1,0,1,0,1,1
