t,finish1,finish2,finish3,release1,release2,release3,start1,start2,start3
3.089888,0,0,0,1,0,0,0,0,0
3.827656,0,0,0,1,0,0,0,0,0
10.570406,1,0,0,0,0,0,1,0,0
13.648021,0,1,0,1,1,1,0,1,0
20.099989,1,0,0,1,1,1,1,0,1
26.881046,1,0,1,1,1,0,1,1,0
29.475193,1,0,0,0,0,0,1,1,1
32.886705,0,0,0,0,0,1,1,0,1
35.551758,1,0,1,1,1,1,0,0,0
37.485650,1,0,1,0,0,0,1,0,0
37.538325,0,1,1,0,0,0,0,0,1
46.785388,0,1,0,1,0,1,0,0,0
46.899691,0,0,0,0,1,1,1,0,0
51.680087,0,1,1,1,1,0,1,1,1
58.140618,1,1,0,0,1,0,0,1,1
67.252153,1,1,0,1,0,0,0,1,0
70.077845,0,1,1,1,0,0,0,1,0
71.623755,0,0,1,1,1,1,0,0,1
77.014840,0,0,0,0,0,0,1,1,0
86.931976,1,1,0,1,1,0,0,1,0
94.395998,1,0,0,0,1,0,1,1,0
100.659347,0,0,0,0,0,1,0,0,0
104.557595,0,1,0,0,0,0,1,0,0
108.655930,0,0,0,1,0,1,1,0,1
115.814988,1,1,0,0,1,0,0,1,0
125.499230,0,1,0,1,0,1,0,0,1
132.086398,1,0,1,0,1,1,0,0,1
141.986740,0,0,0,1,0,1,0,1,0
149.304605,1,0,1,0,1,0,1,1,1
152.125323,1,0,1,1,0,1,1,0,0
157.809965,1,1,1,1,1,0,1,0,0
161.637056,0,0,0,0,0,0,0,1,1
166.307011,0,1,1,1,0,0,1,0,1
174.307211,1,1,1,0,0,0,0,0,0
175.479642,0,0,1,1,1,1,0,0,1
183.851898,0,0,0,0,1,1,0,1,1
186.852598,1,0,1,0,1,1,1,1,1
196.415860,0,1,1,1,0,1,0,1,1
203.965512,1,0,0,1,0,1,1,0,1
207.797904,0,1,0,0,0,1,0,0,0
213.885252,0,1,1,0,1,0,1,0,1
220.935907,1,0,0,1,1,1,0,0,1
225.242311,0,1,0,1,0,1,1,1,1
235.203329,1,0,1,1,1,0,0,0,0
239.975019,1,0,1,0,1,1,1,0,1
243.851064,0,0,1,0,0,0,0,0,0
246.312755,0,0,1,1,0,1,1,1,0
247.209619,1,0,1,1,0,0,0,1,1
250.216392,1,0,0,1,1,1,1,0,0
259.383142,1,0,1,1,0,1,1,0,0
260.018999,0,0,0,0,0,1,0,0,0
260.084301,1,1,1,1,0,1,1,0,1
265.056475,1,1,0,0,1,1,1,0,1
274.698088,0,0,1,1,0,1,0,1,1
283.667263,0,0,1,0,1,1,0,1,1
290.931341,1,0,1,0,1,1,1,0,0
291.160061,1,0,1,0,1,0,1,1,1
297.053889,1,0,1,1,1,0,1,1,1
300.628018,0,0,1,1,1,1,1,0,1
305.209841,0,0,0,1,0,1,1,0,0
314.140079,1,0,0,0,1,0,0,0,1
320.688541,0,0,1,1,0,1,1,1,0
327.459698,1,1,0,0,1,1,0,0,1
334.631033,0,1,1,0,1,1,0,0,0
341.628205,1,0,0,0,1,1,1,1,0
344.455010,1,0,0,1,1,0,1,0,0
346.633007,1,1,0,1,0,0,1,0,1
356.085309,1,1,1,1,1,1,1,1,1
359.633440,0,1,0,1,1,1,0,1,0
367.490797,1,0,1,0,1,0,1,1,0
374.479050,0,1,0,1,0,0,0,0,0
376.832756,1,1,0,0,0,1,1,1,0
381.717374,1,0,1,0,0,1,1,0,1
383.359547,1,1,0,0,1,0,0,0,1
391.661604,1,1,1,1,0,1,1,0,0
400.710348,1,1,0,1,0,1,1,0,1
409.867058,0,0,0,1,1,1,1,1,1
416.093032,1,0,0,1,1,1,1,0,1
424.142008,0,0,1,0,1,1,0,1,0
427.389874,0,1,0,1,1,1,1,1,0
433.116945,0,0,1,1,1,1,0,1,1
435.195659,0,0,1,0,0,1,1,0,0
435.196659,1,1,0,1,0,0,1,0,1
440.339325,1,0,0,1,1,0,0,1,1
446.863681,1,1,0,1,1,0,1,1,1
449.103588,1,0,0,1,1,0,0,0,1
456.534012,0,0,0,0,0,1,0,1,0
457.643149,1,0,0,1,0,0,1,1,1
460.243277,0,1,0,0,0,1,1,0,1
469.747049,0,1,1,0,0,0,0,1,0
470.916763,0,1,1,1,0,1,0,0,0
474.358280,0,0,1,1,0,1,0,0,0
475.573444,1,1,0,0,1,1,1,1,1
477.216792,0,0,0,1,1,1,1,1,1
485.418410,0,1,1,0,1,1,0,0,0
491.293168,0,0,0,0,0,0,0,0,1
496.589806,1,0,0,0,0,1,1,1,0
496.930506,1,1,0,0,1,0,0,0,0
498.903281,1,1,0,1,0,0,0,1,0
501.632715,0,0,1,0,1,0,1,0,0
508.479877,1,0,0,1,0,0,1,1,1
512.467820,1,1,0,1,1,0,0,1,0
512.926221,1,1,1,0,0,1,0,0,0
519.809918,0,1,0,0,1,0,1,0,0
526.726893,0,0,0,1,0,1,0,0,0
528.394393,1,1,0,0,1,1,0,1,0
528.498475,0,1,1,0,1,1,1,0,1
530.102368,0,0,1,1,0,0,0,0,0
539.634993,0,0,0,1,0,0,1,0,1
541.640682,0,1,1,1,0,0,1,1,1
541.797107,1,1,1,1,1,1,1,1,0
544.442770,1,0,0,0,1,1,1,0,0
548.099792,1,0,1,1,1,0,1,1,0
548.471126,1,0,1,0,0,1,1,0,0
551.141909,0,0,1,1,1,1,0,0,0
558.642159,1,1,0,0,0,0,0,0,0
565.821929,0,1,1,1,0,0,0,1,1
572.193483,0,0,0,0,0,1,0,1,1
573.709483,1,1,1,1,1,0,1,0,0
580.049134,0,0,0,0,1,0,1,0,0
580.611576,1,0,1,0,1,1,1,1,0
580.703891,0,0,1,1,1,0,1,0,1
585.114388,1,1,0,1,1,1,1,0,0
593.267439,1,1,0,1,1,0,0,0,1
596.963721,0,1,1,1,0,0,1,1,0
598.131271,1,1,1,1,1,1,0,1,1
599.374662,1,0,0,0,0,0,0,0,1
604.404921,0,0,0,1,1,1,0,1,0
611.681458,1,1,1,0,0,1,1,1,1
611.858290,1,1,1,1,1,1,0,0,0
615.629796,0,0,0,0,0,1,0,0,1
616.251424,0,0,1,0,1,0,0,0,0
621.668549,1,1,1,1,0,0,1,1,1
627.584179,0,0,1,0,1,0,1,1,1
630.493979,1,1,1,0,1,1,0,0,1
636.018620,1,0,0,1,1,0,0,1,1
645.434439,0,0,0,1,0,0,0,0,1
647.017335,0,0,0,1,0,0,0,0,1
650.087335,0,0,0,1,0,1,1,0,0
655.765423,1,1,0,0,0,0,1,0,1
665.409587,0,0,1,0,0,1,1,1,1
668.443991,1,0,0,0,1,0,0,0,1
678.038470,1,0,0,1,1,0,1,0,0
687.280970,0,0,0,0,0,1,0,0,0
689.775893,1,0,1,0,1,0,1,0,1
694.173847,1,1,1,0,0,0,1,1,1
698.530472,1,1,0,0,0,0,0,0,1
705.452049,0,0,0,0,0,0,0,1,0
706.119649,0,1,1,1,1,1,1,0,1
707.684279,0,0,1,1,1,1,0,1,0
716.298096,1,0,0,0,0,1,0,0,1
722.177967,0,0,1,1,1,1,0,1,1
731.353307,1,1,0,1,1,1,1,1,1
732.728833,0,1,1,1,0,0,0,0,0
737.508655,0,1,0,1,0,0,1,0,1
739.601496,1,1,0,0,1,0,0,1,0
743.146259,1,0,1,0,0,0,1,1,0
745.869589,0,1,1,1,1,1,0,0,0
751.076680,0,0,1,0,1,1,0,0,0
752.696223,0,0,1,0,0,0,1,0,0
762.469765,1,0,1,0,0,1,1,0,0
763.094335,1,1,0,1,1,1,0,1,1
763.169402,0,1,1,0,0,0,0,1,0
767.288842,1,0,0,0,0,0,1,1,0
767.367354,0,1,1,1,1,1,0,0,1
774.565358,0,0,1,0,0,1,1,0,0
777.739374,0,0,1,1,0,1,1,1,1
787.381385,0,0,0,1,1,0,1,1,0
794.465010,0,0,0,1,0,1,0,1,1
794.949833,1,1,1,0,0,0,1,0,0
798.783499,0,1,1,1,0,1,1,0,1
798.883499,1,0,1,0,1,0,1,0,0
808.174350,0,0,0,1,1,1,0,0,0
814.254839,0,1,0,1,0,0,0,1,0
822.088991,0,1,0,1,0,1,0,0,1
831.269401,0,1,0,1,0,0,1,1,0
834.218023,1,0,1,1,1,0,0,1,1
839.096584,0,1,0,0,0,1,1,1,0
847.352336,1,1,0,0,0,1,1,0,0
856.670586,1,0,1,0,1,1,0,1,1
858.262336,1,0,0,0,1,1,0,0,1
860.039957,0,0,1,1,0,0,0,1,0
861.865419,1,1,0,1,1,0,1,1,0
865.532719,0,1,1,1,0,1,1,0,1
873.714719,1,1,1,0,0,1,1,0,1
878.796644,0,0,0,0,0,1,0,1,0
886.760120,0,0,0,1,0,1,0,1,0
887.826905,1,1,1,1,0,1,1,0,0
887.885042,1,1,0,1,1,0,0,1,0
892.615028,1,1,0,0,1,0,0,0,1
902.358644,1,0,1,1,1,0,1,1,0
902.359644,0,1,0,1,1,1,1,0,0
903.255123,0,1,0,0,1,0,1,1,0
903.405362,0,1,1,0,0,1,1,1,1
907.226530,1,1,0,1,0,1,1,1,1
910.948088,0,1,0,0,0,0,0,1,0
919.457553,1,0,1,1,0,1,1,1,1
922.533181,0,0,0,0,0,0,0,0,1
924.533981,1,1,0,0,0,0,0,0,0
932.364886,1,0,0,0,0,1,1,0,0
941.570742,1,0,0,0,0,1,0,0,1
942.443748,1,0,1,0,0,1,0,1,1
943.694623,1,1,1,0,0,0,0,1,1
952.032663,1,1,1,1,1,0,0,1,0
955.310775,0,1,1,1,1,1,1,0,0
960.829430,1,0,1,1,0,0,0,1,0
966.171511,0,1,1,1,1,1,1,1,1
966.294450,0,0,0,0,1,1,1,1,1
972.242224,1,1,0,0,0,0,1,1,0
973.524684,0,1,1,1,1,0,1,1,0
975.336678,0,0,0,1,1,0,1,0,0
978.825701,1,0,1,0,1,0,0,1,1
986.267818,0,0,0,0,1,1,0,0,1
996.156718,1,0,1,1,1,0,0,1,0
999.802673,1,0,0,1,1,1,0,1,1
1006.244747,1,1,0,0,0,1,0,0,1
1011.410875,0,1,0,0,0,0,0,0,1
1017.383500,0,1,1,1,0,0,1,1,1
1018.266764,0,0,0,1,1,0,1,1,1
1024.172686,0,1,1,0,1,1,1,0,0
1030.325641,1,1,1,0,0,0,1,1,0
1034.667292,0,0,1,0,1,0,0,0,1
1038.441002,0,1,0,0,0,0,1,1,1
1046.290958,1,1,1,0,0,0,1,0,1
1053.978936,0,0,0,0,1,1,0,0,0
1056.541324,1,0,0,0,0,1,0,0,1
1061.895989,1,0,1,0,0,0,0,0,0
1063.761209,0,0,0,1,0,0,0,0,1
1072.340299,0,1,1,1,0,1,0,0,0
1076.773170,0,0,0,1,1,0,0,1,1
1077.251023,0,1,1,1,1,0,0,1,1
1083.615023,0,1,0,0,0,0,0,1,0
1092.208727,1,0,1,0,0,1,0,0,1
1094.020013,0,1,1,1,0,1,0,0,1
1095.197366,0,1,1,1,0,1,0,1,0
1096.638222,0,1,0,1,1,0,1,0,1
1101.715167,1,0,0,1,1,1,1,0,0
1109.980227,0,1,0,1,0,1,0,1,0
1112.262481,1,0,1,1,0,0,0,0,1
1113.997010,0,0,0,1,1,1,0,0,0
1118.915551,0,1,0,0,0,1,1,1,0
1122.154662,1,0,0,0,1,0,0,0,0
1123.853105,1,0,0,1,0,0,1,0,0
1128.380137,0,1,0,1,1,0,0,1,0
1135.417470,1,1,1,1,0,1,1,1,0
1142.748818,1,1,0,1,0,1,1,1,0
1143.634872,0,0,0,1,1,1,1,0,1
1147.063047,1,0,0,1,0,0,0,0,0
1150.322463,1,0,0,0,1,0,1,1,0
1154.711698,0,0,1,1,0,0,1,1,0
1163.337790,0,1,1,0,0,1,0,0,0
1172.271614,1,0,1,1,1,1,1,0,1
1175.400506,0,0,1,0,1,1,1,0,1
1183.449944,1,1,1,1,1,1,0,0,0
1193.153238,0,0,1,0,1,1,1,0,0
1199.192210,1,1,0,1,0,1,0,1,1
1205.245504,0,0,1,0,1,1,0,1,0
1209.237428,0,1,0,0,1,0,1,1,1
1211.484747,1,1,1,0,0,1,1,1,0
1216.766909,0,0,0,1,1,0,0,1,0
1217.815997,1,1,1,1,1,1,1,0,1
1222.002930,0,1,0,1,0,0,0,0,1
1224.232746,0,0,0,1,0,0,0,0,0
1226.822139,1,1,0,0,1,0,0,1,0
1226.885245,0,1,0,1,0,0,0,1,0
1231.070403,0,1,0,1,0,1,0,1,1
1240.976954,1,0,0,1,1,1,0,1,0
1242.157777,0,0,1,1,0,0,0,0,0
1251.428684,1,0,1,0,0,1,1,1,1
1254.797299,0,0,0,1,1,1,0,0,0
1257.425848,0,1,1,1,1,0,0,0,1
1267.203648,0,0,0,0,1,0,1,0,1
1273.819371,1,1,1,1,0,1,0,0,1
1275.218081,0,0,1,0,0,0,1,0,1
1283.231978,1,0,1,1,1,0,1,1,0
1287.664353,1,1,0,1,0,0,0,0,0
1287.704875,0,1,0,1,1,0,1,1,1
1296.460622,0,1,1,0,0,1,0,1,1
1297.208576,1,0,0,0,0,1,0,1,1
1298.161862,0,0,1,0,0,0,0,0,1
1306.433063,1,0,1,1,0,0,0,1,0
1309.433763,0,0,1,1,1,0,1,1,1
1309.807727,0,0,0,0,1,0,1,1,0
1315.489977,1,1,1,0,0,1,1,0,1
1322.853254,0,0,0,1,0,0,1,1,1
1329.601153,0,1,0,1,0,1,0,0,1
1334.614183,0,1,1,1,1,0,1,0,1
1344.357798,0,1,1,0,0,1,0,1,1
1344.552483,0,1,1,1,0,1,0,0,1
1347.250309,1,0,0,1,1,1,0,0,1
1347.409814,0,1,0,1,0,1,0,0,0
1353.355797,1,0,0,0,0,0,0,0,1
1357.691767,1,1,1,0,0,0,0,1,1
1363.210782,1,1,0,0,0,1,0,1,0
1369.645247,0,1,0,1,0,0,0,1,0
1373.787522,0,0,0,1,0,1,0,0,1
1381.975622,0,1,1,1,1,0,1,1,1
1384.497738,0,0,0,0,1,1,0,1,0
1392.348309,0,0,1,1,1,1,0,0,0
1394.409344,1,1,0,1,1,0,0,1,0
1397.832224,1,1,1,1,0,0,1,0,1
1402.925307,0,0,1,1,1,1,1,0,1
1407.596893,0,0,1,0,1,0,1,0,1
1412.874703,1,0,1,1,1,1,1,1,1
1420.100787,0,0,0,1,0,1,0,0,0
1424.711852,1,1,1,0,1,1,1,1,0
1428.855295,1,0,0,0,0,1,1,0,0
1428.931475,0,1,1,1,0,1,1,0,1
1431.019223,1,0,1,0,0,1,0,0,1
1437.914511,0,0,1,0,1,1,1,1,0
1445.155750,1,1,1,1,1,0,0,0,0
1452.227627,1,0,1,0,1,0,1,1,0
1455.342351,1,1,0,0,1,1,0,0,1
1459.698743,1,0,1,1,0,1,1,1,0
1464.743617,1,1,1,1,0,0,1,1,1
1470.680376,0,0,0,1,1,0,1,1,0
1479.655512,1,0,1,1,1,1,1,1,1
1486.246149,0,1,0,1,0,0,1,1,0
1490.825899,1,1,1,0,0,0,0,1,0
1495.469292,0,1,1,0,1,1,1,1,1
1501.453789,1,0,1,0,1,0,1,0,0
1503.360604,1,1,1,0,0,1,0,1,1
1511.621647,1,0,1,0,1,1,1,1,1
1511.747245,0,0,0,0,0,1,0,1,0
1514.094532,0,0,0,0,0,1,0,0,0
1523.420840,0,0,0,1,1,0,1,0,1
1530.148440,0,1,1,0,0,0,0,0,0
1536.110383,0,0,0,1,0,0,1,1,1
1538.787171,0,0,1,1,0,0,0,0,0
1547.903075,1,1,0,1,1,1,1,0,0
1552.630875,0,1,0,1,1,1,0,0,0
1553.921055,0,1,0,0,1,1,0,1,0
1563.369162,1,0,0,0,0,0,1,0,1
1565.980070,0,1,1,0,1,1,0,1,0
1566.645210,1,1,1,1,1,0,1,1,1
1570.871594,1,1,0,1,0,0,0,0,1
1579.956023,0,0,1,1,0,1,1,1,1
1587.456273,0,1,1,0,0,0,0,0,0
1594.123273,1,0,0,0,1,1,0,0,0
1601.150598,1,1,0,0,0,0,1,1,0
1605.754312,0,0,0,1,0,1,0,1,1
1609.276086,1,1,1,0,0,0,1,0,1
1616.773077,1,0,0,0,1,0,0,0,0
1622.313523,0,0,1,0,0,0,1,1,1
1625.577905,0,0,0,1,0,0,1,0,0
1628.061878,1,1,0,0,1,0,0,1,0
1636.143657,0,0,1,1,0,1,0,0,1
1639.344337,0,0,1,0,0,0,0,0,1
1640.848193,0,1,0,1,1,1,0,0,1
1646.949212,0,1,1,1,1,0,1,0,1
1651.180043,0,1,1,1,0,0,1,0,1
1656.693312,0,0,1,1,0,0,0,0,0
1662.214594,1,1,0,0,1,0,0,1,1
1667.223303,0,1,0,0,0,0,0,1,0
1669.661982,0,1,1,1,0,0,1,1,1
1673.709270,0,1,0,0,1,0,0,1,0
1678.826273,1,0,0,0,1,0,1,0,0
1685.595827,0,1,1,0,0,1,1,1,1
1691.382275,1,0,1,0,1,0,0,1,1
1700.979385,1,1,1,0,0,0,0,0,0
1703.705563,1,0,0,0,0,1,1,0,0
1712.732575,1,0,0,1,1,0,0,0,1
1718.364983,0,1,0,0,0,0,0,1,0
1720.093083,0,1,1,1,1,0,1,1,1
1726.785143,1,0,0,1,0,1,1,0,1
1729.565865,0,0,1,1,0,1,1,0,1
1734.327583,1,0,1,1,0,1,1,0,0
1739.852402,0,1,1,1,1,1,0,1,0
1744.109236,0,0,0,1,1,1,0,0,1
1751.909456,1,0,0,1,0,1,0,0,0
1753.546322,1,0,1,1,0,1,0,0,0
1759.652362,1,0,1,0,1,0,1,0,1
1762.906410,1,0,0,1,0,1,0,0,1
1763.163105,1,1,0,0,0,1,1,1,1
1768.074761,0,1,0,1,0,1,1,1,1
1777.575643,0,0,0,1,1,0,0,1,0
1784.405228,1,1,1,0,1,0,1,0,1
1789.670853,0,0,0,0,1,0,1,0,1
1794.814196,0,0,0,1,1,0,1,0,1
1797.944379,0,0,1,1,0,1,1,1,0
1804.730415,0,1,1,1,0,1,1,1,1
1813.568408,0,0,0,0,0,0,1,0,1
1817.341182,0,1,1,0,1,0,0,1,1
1819.094725,1,0,0,0,0,0,1,0,1
1826.681173,1,1,1,1,1,1,0,1,1
1831.979972,1,1,0,1,1,0,0,0,0
1840.935301,0,0,1,0,0,1,0,1,0
1845.962536,0,0,1,1,1,0,1,0,1
1850.025630,1,0,1,1,1,1,0,1,1
1857.764121,1,0,0,1,1,0,1,0,0
1864.744990,0,0,1,0,0,0,1,1,0
1873.633990,0,0,1,0,1,1,1,1,1
1873.919515,1,1,1,1,1,1,0,0,1
1880.586515,1,1,1,0,1,0,0,1,0
1890.068048,1,1,1,1,0,0,1,1,1
1895.004569,1,0,1,0,1,1,1,0,0
1898.699381,0,1,1,1,0,0,0,0,1
1900.527610,0,1,1,0,0,1,0,0,0
1910.084031,1,1,0,0,0,1,0,0,1
1917.952048,1,0,0,1,1,1,0,1,0
1921.408426,1,1,0,1,1,0,0,0,1
1926.833594,0,0,1,1,1,1,0,0,1
1932.025332,1,0,0,0,1,1,0,0,1
1937.198613,1,0,1,0,0,1,0,0,0
1941.421413,1,0,0,1,1,0,0,0,1
1946.198775,1,1,1,0,1,1,1,1,1
1950.782650,1,0,1,0,0,1,1,0,0
1951.314997,0,1,0,0,0,0,1,1,0
1953.623459,1,1,1,0,1,1,1,1,0
1961.002536,1,0,0,0,0,0,0,0,0
1969.002736,0,1,0,0,0,1,0,1,1
1969.520480,0,1,1,0,1,1,1,1,1
1976.306516,0,0,0,0,0,1,1,1,1
1985.703693,0,0,0,0,0,1,1,1,0
1992.703993,1,0,1,0,0,1,0,1,1
1994.279759,0,0,1,0,0,1,1,1,0
2003.448381,0,1,0,1,1,0,1,1,0
2011.123345,0,1,1,0,1,1,0,0,1
2012.814072,1,1,0,1,0,1,0,0,0
2018.647822,0,1,1,0,1,1,0,0,1
2027.163693,0,0,0,1,1,0,1,1,1
2030.698823,0,1,1,0,0,0,1,0,1
2036.248170,1,1,0,1,0,0,1,1,1
2045.020223,1,0,0,1,1,0,1,0,0
2048.580189,0,1,1,0,0,0,1,1,1
2056.768776,0,0,1,0,1,1,0,1,0
2061.427944,0,0,0,0,1,0,0,0,1
2061.544207,1,0,0,1,1,1,1,1,1
2071.221658,1,1,1,1,1,1,0,0,0
2074.517926,0,1,0,0,0,0,1,1,1
2081.986373,0,0,0,1,0,0,0,1,1
2091.361435,1,0,0,0,1,1,0,1,0
2097.856962,1,1,0,1,0,1,0,0,0
2098.892342,0,0,1,1,0,1,0,1,1
2108.061439,1,0,0,1,1,0,0,1,0
2111.890181,1,0,0,1,1,1,1,1,1
2114.680500,0,1,0,1,0,1,0,0,0
2121.079104,1,1,0,0,1,1,0,0,1
2125.018066,0,0,1,0,1,1,1,1,0
2133.931218,1,0,1,0,0,0,0,1,0
2142.732269,0,0,1,0,0,1,0,1,1
2148.242922,1,0,1,0,1,0,0,0,0
2149.311612,1,0,0,1,0,0,0,0,1
2150.883032,0,1,0,0,0,1,1,0,1
2152.446375,0,0,1,0,1,1,0,1,1
2155.544265,1,1,1,1,1,0,0,1,1
2155.933576,1,1,1,0,1,1,1,0,1
2165.440812,0,0,0,1,1,0,0,1,0
2168.511082,0,0,1,0,0,0,0,1,0
2174.225796,1,0,1,0,0,0,1,0,1
2181.919249,0,0,1,0,1,0,1,0,0
2188.842634,1,1,0,0,1,0,1,0,1
2197.657380,1,0,0,0,0,0,0,1,0
2205.810718,0,1,1,1,1,0,0,1,0
2208.543213,1,1,0,0,0,1,1,1,1
2209.247360,0,1,0,1,1,0,1,0,1
2209.667167,0,0,0,0,0,0,0,1,0
2209.872228,1,1,1,0,1,0,0,1,1
2216.747540,0,1,0,1,0,0,0,1,0
2217.843106,1,1,0,1,1,1,1,0,0
2222.770238,1,0,1,1,1,1,1,1,1
2223.141571,0,0,1,0,0,1,0,0,1
2225.722634,0,1,1,1,0,1,0,1,0
2227.442212,0,0,1,0,0,0,0,0,0
2228.741159,0,0,0,0,0,1,0,0,0
2235.187885,1,0,1,0,1,0,1,1,1
2237.387618,0,0,0,1,0,1,0,0,0
2238.572246,1,1,0,1,1,1,1,0,0
2246.001074,1,0,1,0,0,0,1,0,1
2254.887229,0,1,0,0,1,1,1,1,0
2255.455858,1,0,1,0,0,1,1,0,1
2255.807700,1,1,1,1,1,0,1,0,1
2257.446886,1,0,1,1,0,1,0,1,0
2266.963550,1,1,1,1,1,0,1,0,1
2267.590639,1,0,1,1,1,0,1,0,0
2269.083365,0,1,0,0,0,0,0,1,0
2276.533013,0,0,1,1,1,1,0,0,1
2278.949637,0,0,1,1,0,0,1,0,1
2288.587682,1,0,1,1,0,0,0,1,1
2298.569763,0,1,1,0,0,0,0,0,0
2300.591837,0,1,1,1,1,0,0,1,0
2303.720041,0,0,1,0,0,0,0,1,0
2312.147165,0,1,0,0,0,1,1,0,1
2319.805936,1,0,1,0,0,1,1,1,0
2323.092321,0,1,0,1,0,1,1,0,0
2330.816908,0,1,1,1,0,1,0,0,1
2336.778850,1,0,0,1,0,1,1,0,0
2338.400059,1,1,0,1,1,1,1,0,1
2342.273757,0,0,0,1,1,0,1,0,1
2345.776822,0,0,0,1,0,1,0,1,0
2346.084809,0,1,0,1,0,1,1,1,0
2347.506899,0,1,1,1,0,0,0,0,0
2354.137473,1,0,0,1,1,0,1,0,1
2354.947216,1,1,1,0,1,0,1,1,1
2363.891142,0,0,1,0,1,0,1,0,0
2364.169892,0,0,1,1,1,1,0,1,0
2373.555296,0,1,0,1,0,0,1,1,1
2380.729231,0,0,1,0,0,0,1,0,0
2385.565813,1,0,0,1,1,0,1,0,1
2386.541075,1,0,0,0,0,1,1,1,0
2392.514451,1,0,0,1,1,1,1,0,1
2397.019505,1,0,1,0,1,0,0,1,0
2397.442457,1,1,1,0,0,0,0,0,0
2405.618894,0,0,0,1,0,0,1,1,0
2411.681144,1,1,1,0,1,0,0,0,1
2417.459897,1,1,1,0,1,0,1,0,1
2420.620581,0,0,1,1,0,0,0,0,0
2421.887277,1,0,1,0,1,0,1,1,0
2428.685627,0,0,1,1,1,1,0,0,1
2432.858288,0,0,1,0,0,1,0,1,1
2442.178744,1,1,0,1,1,1,0,1,0
2449.302319,1,0,0,0,0,0,0,0,1
2450.494040,1,0,0,0,0,0,1,0,0
2453.865073,0,1,0,0,0,0,1,0,0
2463.258762,0,1,1,0,1,1,1,1,1
2468.576303,0,1,1,0,0,1,1,1,0
2478.211376,1,0,0,1,1,1,1,1,1
2479.316779,1,1,1,1,0,1,1,1,0
2485.339482,1,1,0,1,1,0,0,0,1
2493.840803,1,1,0,0,1,0,0,0,1
2501.122920,1,1,0,1,1,0,0,0,1
2505.434539,1,0,1,1,1,1,0,0,1
2511.434939,1,0,0,1,0,1,1,1,0
2515.349482,1,0,1,1,1,1,0,0,1
2517.307677,0,0,1,1,1,0,0,0,1
2524.406006,1,1,1,0,1,0,1,1,0
2531.848791,1,1,0,1,1,1,1,0,0
2531.952873,0,0,1,0,0,1,1,0,1
2537.815356,0,0,1,1,1,0,1,0,0
2538.856777,1,0,1,1,0,0,0,0,1
2540.019672,0,1,1,1,0,0,0,0,0
2543.563032,0,0,1,0,0,1,1,0,1
2546.280655,1,1,0,1,1,0,0,0,0
2553.198610,0,0,1,1,0,1,1,1,1
2558.259345,0,0,1,0,1,1,1,0,1
2566.123830,1,0,0,1,1,0,0,1,0
2571.274315,0,1,1,1,0,1,0,0,1
2578.982574,1,1,0,0,0,1,0,0,0
2581.013446,0,0,0,0,1,0,1,1,1
2584.410691,0,1,1,1,0,1,0,0,1
2585.010882,0,0,1,1,0,0,0,1,0
2586.078442,1,0,0,0,1,1,1,1,0
2588.882342,0,0,1,0,0,1,1,0,1
2596.403511,0,0,1,1,0,0,1,0,1
2606.199449,0,1,0,1,0,1,1,1,1
2611.654449,1,0,1,1,0,1,0,1,1
2620.371969,0,1,1,0,0,1,1,1,0
2624.056811,0,1,0,1,1,1,0,1,1
2627.125233,0,0,1,1,0,1,1,1,1
2627.415013,0,1,0,0,0,1,1,0,1
2627.968617,0,1,0,1,0,1,0,0,1
2636.347158,1,0,0,0,1,0,0,1,0
2646.239177,0,0,0,0,1,1,0,1,1
2655.328415,0,1,0,1,1,0,0,1,0
2656.774418,0,0,1,0,0,1,0,1,1
2660.742302,1,0,1,0,0,1,0,1,0
2668.381276,1,0,1,0,1,1,0,0,0
2671.737060,0,1,0,1,1,0,1,0,0
2681.159340,0,1,0,1,0,1,1,1,0
2689.998466,0,0,1,0,0,1,1,1,1
2693.635466,1,0,1,0,0,1,0,1,1
2703.359631,0,1,1,0,1,0,1,1,0
2708.174964,1,1,1,1,0,0,0,1,1
2712.152311,1,0,1,0,1,0,0,1,1
2720.857476,1,1,1,1,1,0,0,1,1
2727.884801,0,1,0,1,0,0,0,0,0
2730.205569,1,0,0,1,1,1,0,1,1
2738.709655,0,0,1,0,1,1,1,0,0
2743.735620,1,0,1,1,0,0,0,1,0
2744.450834,1,1,0,0,0,1,1,0,0
2748.895834,1,1,1,1,1,0,0,0,1
2758.852548,1,1,1,1,1,0,0,1,1
2759.901062,1,1,0,1,0,0,0,0,0
2768.689466,0,0,0,1,1,0,0,0,1
2774.489886,1,1,0,1,1,1,0,0,1
2776.788793,1,0,1,0,1,1,1,0,0
2776.948717,0,0,0,1,0,1,1,1,0
2777.778980,1,1,1,0,1,1,0,1,0
2786.338447,0,0,0,1,0,0,0,1,0
2787.284626,0,0,0,0,1,1,0,1,0
2793.024697,0,0,1,1,1,1,0,0,1
2794.692197,1,0,0,1,1,0,1,0,1
2797.727376,1,1,1,0,1,0,1,0,0
2804.785718,1,0,1,1,0,1,1,0,1
2813.632951,1,1,1,1,1,1,1,1,1
2821.236071,0,0,0,0,0,1,1,0,0
2829.418071,0,1,1,0,1,0,1,1,1
2837.045427,1,0,0,0,0,1,0,1,0
2841.421866,0,0,0,0,0,1,1,0,0
2843.588598,0,0,1,1,0,1,0,1,1
2845.498954,0,0,1,1,1,0,1,1,1
2854.941735,1,1,0,0,1,1,0,1,1
2858.473455,0,0,1,1,0,0,0,1,1
2861.676837,0,1,1,1,0,0,0,0,0
2863.655662,1,0,0,0,0,1,0,1,1
2871.578105,0,0,0,0,1,0,0,0,0
2877.310239,1,0,1,1,1,1,1,0,1
2880.570173,1,0,1,0,1,0,1,1,0
2885.473645,0,1,1,0,0,1,1,1,1
2885.576824,0,0,0,0,0,0,1,0,0
2890.117119,1,0,1,1,0,0,1,1,1
2899.846876,0,0,0,1,1,1,0,0,0
2900.141964,1,1,0,0,0,0,1,0,0
2909.327849,1,0,0,0,1,0,1,0,0
2914.209667,0,1,0,0,0,1,0,1,1
2919.236974,1,1,0,1,1,1,1,0,0
2927.186674,1,1,1,0,1,1,1,1,1
2931.192187,0,0,1,0,0,0,0,1,0
2936.925098,1,0,0,1,1,1,1,1,0
2938.060549,0,0,0,0,1,1,0,1,1
2945.736160,0,1,0,1,0,1,1,0,0
2953.841897,1,1,0,0,1,0,1,0,0
2960.235701,1,0,0,1,0,0,0,1,1
2970.142446,0,0,1,0,1,1,1,1,1
2976.799222,1,0,0,0,0,0,1,1,1
2980.133222,1,0,1,0,1,1,1,0,0
2984.196316,0,0,1,1,0,0,0,0,1
2987.960615,0,1,1,1,0,1,1,0,1
2994.768627,0,0,1,1,1,1,1,0,1
3001.578762,0,1,1,1,0,0,0,1,1
3005.648675,1,0,1,1,0,0,1,1,1
3012.655777,0,0,0,0,0,1,0,1,0
3017.180134,0,0,1,1,1,1,1,0,0
3022.756613,0,0,0,0,0,0,1,1,1
3028.411498,1,1,0,0,1,0,1,1,0
3035.230988,1,0,1,1,1,1,1,1,1
3037.654004,1,0,1,0,0,0,0,0,1
3044.344406,0,1,1,0,1,1,0,0,1
3048.923261,1,0,0,0,0,0,1,0,1
3054.670440,1,1,1,1,0,1,0,0,0
3061.299832,0,0,0,1,0,1,0,1,0
3067.813828,1,1,0,1,0,0,0,0,0
3071.564453,0,0,1,0,1,1,0,1,0
3074.974491,0,1,1,0,1,0,1,1,0
3082.861199,1,1,0,0,1,0,1,1,0
3090.886875,1,0,0,0,0,0,1,0,0
3093.304300,1,1,0,0,1,1,1,0,0
3093.614547,1,0,0,1,0,1,0,1,1
3103.456604,1,0,0,1,1,0,1,1,0
3110.839219,0,0,0,0,0,0,0,0,1
3119.825987,0,0,1,1,1,1,0,1,1
3127.523586,1,1,0,0,1,1,0,1,1
3131.366645,0,0,0,1,1,1,0,0,1
3139.667934,0,1,0,0,0,0,0,1,0
3147.465256,0,1,0,1,0,0,1,0,0
3153.829256,0,1,0,0,1,0,1,0,1
3160.125922,1,1,1,1,0,1,0,0,1
3166.463404,1,1,0,0,0,0,1,1,0
3169.172466,0,0,1,0,0,0,1,0,1
3169.423441,1,1,0,0,0,1,1,0,0
3178.288420,0,0,1,0,0,1,0,0,1
3183.653690,1,0,1,1,1,1,1,0,0
3193.342195,0,1,0,1,0,0,1,0,1
3195.965082,0,0,1,0,1,1,0,0,0
3199.734936,1,1,0,0,0,1,1,1,0
3200.935816,0,1,1,1,1,0,1,1,1
3202.080442,1,1,0,0,1,0,1,1,1
3209.244905,1,1,1,1,1,0,1,0,0
3210.305707,0,0,1,1,0,1,0,0,0
3215.551896,1,0,0,0,0,0,1,1,1
3219.135644,1,0,1,0,1,1,1,0,0
3220.304411,1,1,1,0,0,0,0,1,1
3220.758929,1,1,1,1,0,0,1,0,1
3222.396129,0,1,0,1,0,0,1,0,0
3231.943418,0,1,1,0,1,1,0,0,0
3238.759379,0,0,0,0,0,1,0,0,0
3241.479001,1,0,0,1,0,1,1,1,0
3246.004865,0,1,1,0,1,0,0,0,1
3247.084189,0,1,1,1,1,1,1,1,1
3247.994189,0,1,1,0,0,1,1,0,1
3256.744314,1,0,0,0,0,1,1,1,0
3257.167807,0,1,1,1,1,1,1,1,1
3265.113557,0,1,0,1,0,1,1,1,1
3270.462454,0,1,0,1,1,0,0,0,1
3277.693005,1,0,0,1,1,1,1,1,1
3287.443342,0,1,0,0,1,1,0,0,1
3288.815339,1,1,1,0,1,1,0,1,1
3292.183245,1,1,1,1,1,1,0,1,0
3295.404262,1,0,0,1,1,1,0,0,0
3301.727750,1,0,1,0,1,1,0,0,0
3303.817357,1,1,1,0,0,1,1,0,0
3308.817857,0,0,0,0,0,0,0,1,1
3314.388082,1,0,1,0,0,1,1,1,0
3323.988606,1,0,1,0,0,0,1,1,0
3329.412989,0,1,1,0,1,1,1,0,1
3337.667709,1,0,0,0,1,0,1,1,1
3343.457604,1,0,1,1,0,0,1,0,0
3343.823531,1,1,1,0,1,1,0,1,1
3349.140666,1,1,1,0,1,0,0,1,1
3350.259765,0,1,0,0,1,1,0,0,0
3355.260265,0,0,1,1,1,0,1,0,1
3360.848942,0,0,0,1,1,1,1,0,1
3369.005376,1,0,0,0,1,1,1,1,1
3374.132300,1,0,0,0,0,1,0,0,0
3382.343623,1,1,1,1,0,1,1,0,1
3391.849845,0,0,1,1,0,0,0,1,1
3400.573377,0,1,0,1,0,0,1,1,1
3403.879011,0,0,0,1,0,0,1,0,0
3405.083972,1,0,1,0,1,1,0,1,0
3409.454004,1,0,0,0,0,0,0,1,0
3414.397784,1,0,1,0,0,1,1,0,0
3422.971570,1,1,1,1,0,1,0,1,0
3431.015641,1,0,0,0,0,1,1,0,1
3434.801309,1,0,1,1,0,1,0,1,1
3443.950331,0,1,1,1,1,0,0,1,1
3447.926837,1,1,1,1,1,1,1,0,1
3454.163999,0,0,1,0,0,1,1,0,1
3455.269861,1,0,0,0,0,0,1,1,0
3458.135440,1,1,1,0,1,0,1,1,0
3458.351582,0,0,1,1,1,0,1,1,1
3463.631859,0,1,1,1,0,0,0,0,1
3472.568136,1,0,1,0,0,0,0,0,0
3477.164876,0,1,1,0,1,0,1,1,1
3482.029949,1,1,0,1,1,1,1,1,1
3489.985425,0,0,0,1,1,0,1,0,1
3494.069902,0,0,0,0,0,0,0,1,0
3495.741621,1,1,0,0,1,0,1,0,0
3499.353371,0,1,1,0,0,1,0,1,1
3504.657651,0,1,1,0,1,0,0,0,1
3505.409429,1,1,0,1,0,1,0,1,1
3512.598900,0,1,1,0,1,1,0,0,1
3521.823115,0,0,1,1,0,1,0,1,1
3525.785533,1,1,0,1,1,0,0,1,0
3528.519179,1,1,0,1,1,1,0,0,1
3531.674625,1,1,0,1,0,1,1,1,0
3533.848148,0,0,1,0,1,1,1,1,1
3537.612329,1,1,0,1,1,0,0,0,1
3537.613329,1,1,1,0,0,1,0,0,1
3544.999954,1,0,0,1,0,0,1,1,0
3552.179723,1,1,1,1,1,1,1,0,0
3556.950120,1,0,0,0,1,1,1,0,1
3561.919374,1,0,1,0,0,0,0,1,0
3563.656105,0,1,0,0,0,1,1,0,0
3566.156855,0,0,1,0,1,0,1,1,0
3575.879960,1,1,0,1,0,0,1,0,0
3582.060423,1,1,1,1,0,0,0,0,0
3588.372268,1,1,0,0,1,1,0,1,1
3590.133655,1,1,0,0,1,0,0,0,1
3598.381809,1,1,1,1,1,0,0,1,0
3607.550382,0,1,0,1,0,1,0,0,0
3614.222334,0,1,1,1,1,0,1,0,1
3619.847772,0,1,0,0,1,1,0,1,0
3626.395736,0,1,1,0,0,1,1,1,0
3635.296102,0,1,1,1,0,0,1,0,0
3641.205602,1,1,0,1,0,1,1,1,1
3646.809490,1,0,0,0,0,0,0,1,0
3651.393365,0,0,0,1,1,0,0,1,1
3659.855057,1,1,1,1,0,0,1,0,0
3662.236771,1,0,1,0,1,1,1,1,1
3669.821047,1,1,1,1,1,0,0,1,1
3679.052862,1,0,1,0,0,0,0,0,0
3687.436051,1,1,0,1,1,0,1,1,1
3696.227380,1,1,1,1,0,1,0,0,0
3698.783191,1,1,1,1,1,1,0,1,1
3699.711586,1,1,1,1,1,1,1,1,1
3705.736080,1,0,0,1,1,0,1,0,0
3707.938117,0,0,1,0,0,1,1,0,1
3710.128758,0,1,1,0,0,1,0,0,1
3715.068815,1,0,0,1,1,1,1,1,0
3723.173094,1,1,1,1,1,0,0,1,0
3729.308450,0,0,1,0,0,0,0,0,1
3729.333428,0,0,1,1,0,1,0,0,0
3731.592267,0,1,1,0,1,0,1,0,1
3735.044805,1,1,0,0,1,0,0,1,1
3738.426193,1,1,1,0,1,1,1,1,0
3740.909214,0,1,0,0,0,0,0,1,0
3746.302934,0,0,1,0,0,0,0,1,1
3748.016091,1,1,1,1,0,1,1,0,1
3755.175254,0,1,1,0,1,0,1,0,1
3763.669380,0,0,0,0,1,1,1,1,1
3765.733666,0,0,0,1,0,1,0,0,0
3768.059761,0,0,0,0,1,0,1,1,0
3772.643636,0,1,1,0,0,0,0,1,0
3775.067792,0,0,0,1,1,1,1,0,1
3777.615707,1,0,1,0,1,1,1,1,0
3783.751951,0,0,1,1,1,1,1,1,1
3786.382087,0,0,0,0,0,0,0,1,0
3792.694116,1,1,0,0,1,1,1,0,1
3797.712407,1,0,1,0,1,1,1,0,1
3804.428837,1,1,1,0,0,1,0,0,0
3809.044760,1,0,0,0,1,0,1,1,0
3813.231388,1,0,1,1,0,0,1,1,1
3822.613268,0,0,0,0,0,0,0,1,0
3826.276693,0,0,0,0,0,0,1,0,0
3833.705521,1,1,0,0,1,0,1,0,0
3840.972231,0,0,0,1,1,0,1,0,1
3848.948231,1,0,0,0,1,1,1,0,1
3852.023984,0,0,0,1,0,0,0,0,0
3856.759024,1,0,1,1,0,0,1,1,0
3859.154311,1,1,0,0,0,1,0,0,1
3859.681574,1,0,1,1,1,1,1,0,0
3868.800980,1,1,0,0,0,0,1,0,1
3876.334122,0,1,1,1,0,1,0,0,1
3884.397696,1,1,1,1,1,1,1,1,0
3885.150066,1,1,1,0,0,0,1,1,0
3888.904078,0,0,1,1,0,1,1,1,1
3898.459678,0,1,1,0,1,1,0,1,1
3907.114574,0,0,0,1,1,1,1,1,1
3915.029676,0,0,0,0,0,0,0,0,1
3915.593391,0,0,0,1,0,0,0,0,0
3918.150526,0,1,0,0,1,1,1,1,0
3919.520898,1,1,1,1,1,0,0,0,0
3923.389436,0,1,0,1,0,0,0,1,1
3927.261017,1,0,1,1,1,0,1,0,1
3931.332406,1,1,1,1,0,0,1,0,0
3937.428414,0,1,1,1,0,0,1,1,1
3943.847691,1,1,1,0,1,0,0,0,0
3950.558546,1,1,0,0,0,0,1,1,0
3953.909860,1,1,1,1,1,1,1,0,1
3956.432049,1,1,0,1,0,1,0,1,1
3964.329167,0,1,0,0,0,1,1,1,1
3972.634421,1,1,0,1,1,1,0,0,1
3978.066532,1,0,0,1,0,1,0,0,0
3978.508665,1,1,1,1,0,1,0,1,1
3979.731262,1,0,1,0,0,1,1,0,1
3980.343504,1,1,1,1,1,0,0,0,1
3986.249954,1,1,1,1,1,1,1,1,1
3989.660915,0,1,0,1,1,1,0,1,1
3991.880236,1,1,0,1,0,1,0,0,0
3996.367210,0,0,1,1,1,1,1,1,1
4003.714414,1,0,0,0,0,1,1,1,1
4010.466564,0,1,0,1,1,0,1,1,1
4019.761506,1,0,1,1,1,0,0,1,0
4023.498863,0,0,0,0,1,1,0,0,0
4025.239583,1,1,0,0,0,1,1,1,1
4031.561790,1,0,0,0,0,1,0,0,0
4031.649991,1,0,0,0,0,0,1,0,0
4041.215252,0,0,0,1,0,0,1,0,0
4048.930388,0,1,1,0,1,1,0,1,1
4054.268809,0,0,1,0,1,0,1,0,1
4055.143508,1,0,0,0,0,0,1,0,1
4057.827818,0,1,1,1,0,1,0,0,1
4061.111318,0,0,0,1,0,1,0,0,1
4062.047476,1,1,0,0,1,0,0,0,0
4066.289297,1,1,0,1,0,0,1,1,0
4066.886092,0,1,1,1,0,1,0,1,0
4069.469615,1,0,1,1,1,1,0,0,1
4074.289411,1,0,1,1,0,1,0,0,0
4077.392411,0,0,0,1,0,1,1,0,0
4082.192931,1,1,0,0,0,1,0,1,0
4084.615563,0,0,0,0,1,1,1,1,0
4092.182178,0,0,0,1,0,0,1,0,1
4095.598986,0,0,0,1,0,1,1,0,1
4097.512363,0,1,1,0,0,1,1,0,1
4099.659011,1,1,1,1,1,1,0,1,0
4104.637357,1,0,0,1,0,1,0,0,1
4107.783203,0,0,1,0,1,0,0,1,0
4110.690889,1,1,1,0,1,0,1,1,1
4115.202308,1,0,0,0,0,0,0,0,1
4116.531846,1,0,1,1,1,1,1,0,0
4124.247255,1,0,0,0,0,1,1,0,1
4130.509859,1,0,0,1,1,0,1,1,0
4133.843859,0,0,1,0,0,1,0,1,1
4137.495288,1,0,1,1,0,1,0,0,0
4137.697071,1,1,1,0,1,0,1,1,1
4143.150986,1,0,0,1,1,0,1,1,0
4151.755071,1,0,1,0,1,0,1,1,0
4158.399006,1,0,0,1,0,0,1,0,0
4159.581706,1,1,0,0,0,1,1,0,0
4169.038282,0,0,0,0,1,0,0,0,0
4169.865812,1,0,0,0,1,1,0,0,1
4173.775770,1,0,0,1,1,0,1,0,0
4178.284793,1,0,1,1,0,1,1,1,1
4187.116593,0,1,0,1,0,1,0,1,0
4189.194680,1,1,0,0,1,1,1,1,1
4190.982736,0,1,0,1,0,1,1,0,1
4199.226537,1,0,0,1,1,0,0,0,0
4206.270858,0,1,1,1,1,1,1,1,1
4210.886781,0,0,1,1,1,1,1,1,1
4215.851697,1,0,0,0,1,0,1,1,1
4219.386099,0,1,1,0,0,0,1,0,0
4224.529442,0,1,1,0,1,0,1,0,0
4231.656297,1,0,1,0,1,0,0,0,1
4240.046289,1,0,1,1,1,1,0,0,0
4247.693583,0,1,0,1,0,1,0,0,1
4250.120083,0,1,0,0,0,1,1,1,0
4258.889781,0,1,1,1,1,1,0,0,0
4265.441850,1,0,1,1,1,0,1,0,0
4272.511109,1,0,1,1,0,1,0,1,0
4281.480037,0,1,1,1,0,0,1,0,1
4282.270431,1,0,1,0,1,0,1,0,1
4285.426532,0,0,1,1,0,0,0,1,0
4293.005721,1,1,1,1,0,0,0,0,0
4301.775075,0,0,0,0,1,1,0,1,0
4310.126717,1,0,1,1,1,0,1,0,1
4319.525008,1,0,0,0,1,1,0,1,0
4319.713255,0,1,0,1,1,1,1,0,1
4321.870902,0,1,1,1,0,0,0,0,1
4323.996895,0,1,1,0,1,1,1,1,0
4326.623453,1,0,1,0,0,0,1,0,1
4328.324166,1,1,0,0,0,1,0,1,1
4335.557239,1,0,1,1,1,1,0,1,1
4341.336623,1,0,0,1,1,1,1,0,0
4341.382663,0,0,1,1,0,0,1,1,1
4349.246125,0,0,1,0,0,1,1,1,0
4354.936211,1,1,1,1,0,1,0,0,0
4356.665433,0,0,1,0,0,1,1,1,1
4362.391052,0,0,0,1,1,1,1,0,1
4370.861793,0,1,1,0,0,0,1,0,0
4375.347638,1,1,0,1,0,0,0,0,0
4379.792638,1,1,0,1,1,1,1,1,0
4382.424954,1,1,1,0,1,1,1,0,1
4386.329946,1,1,1,0,0,0,1,0,0
4393.680266,0,1,1,0,1,1,1,0,0
4399.164588,0,1,1,1,0,0,1,0,1
4402.147746,0,1,0,1,1,0,0,0,0
4408.015739,0,0,0,1,0,1,0,0,1
4408.875330,0,1,0,0,1,1,0,1,0
4412.537580,1,1,0,1,0,1,1,0,1
4422.076087,1,0,0,0,0,0,1,1,0
4423.315579,1,1,1,0,0,0,0,1,1
4425.721069,1,0,0,0,1,0,0,0,1
4426.477808,0,0,0,0,0,1,0,0,0
4427.170666,1,0,0,1,1,1,0,1,0
4429.408639,1,0,0,1,1,0,1,0,1
4431.497059,0,1,1,1,0,1,0,1,1
4432.686465,0,0,0,1,1,0,0,1,1
4435.626837,1,1,0,0,0,0,0,0,1
4445.267899,1,0,1,0,1,1,0,0,0
4449.029027,1,1,1,0,0,1,1,0,0
4452.659008,1,1,0,0,1,1,1,1,1
4452.960278,0,0,1,0,1,0,0,1,0
4453.776906,0,0,1,0,0,1,1,0,1
4455.137174,1,1,0,1,1,0,1,0,1
4461.705662,0,0,0,0,0,0,1,0,0
4465.834978,0,0,0,1,0,1,0,0,1
4468.161073,0,0,0,1,1,1,0,0,0
4471.440047,0,1,0,1,0,0,0,0,0
4477.947859,1,1,0,0,1,1,1,1,1
4481.875781,1,0,1,0,1,1,1,1,0
4491.115108,1,0,0,0,1,0,0,0,0
4491.213185,0,0,1,0,0,1,0,0,1
4499.546685,1,0,1,1,1,0,1,0,1
4503.529390,0,0,0,0,0,0,0,0,1
4506.335865,1,0,1,0,1,0,1,0,1
4508.691522,0,1,0,1,1,1,0,0,0
4517.263093,0,1,0,0,0,1,1,0,1
4525.786650,0,1,0,0,1,1,0,0,1
4531.636424,0,0,0,0,1,1,0,1,1
4534.268740,0,1,1,1,0,0,1,1,1
4541.228179,1,1,1,0,1,1,1,0,1
4542.581198,1,0,1,1,1,0,1,0,0
4545.960855,0,0,0,0,0,0,1,1,1
4553.180646,1,0,0,1,0,0,1,1,0
4554.268493,1,0,1,0,0,1,0,1,0
4554.654070,1,0,0,0,1,1,1,0,1
4557.321470,1,1,0,1,1,1,0,1,0
4559.518329,1,0,0,0,1,1,1,1,0
4564.236206,1,1,0,0,0,0,1,0,0
4569.936295,1,0,0,0,0,1,0,1,0
4577.708876,0,1,0,1,0,0,0,1,1
4579.928354,1,1,1,0,1,0,1,1,0
4585.502191,0,1,0,0,1,1,0,1,1
4593.444286,0,0,1,1,1,0,1,0,0
4593.606344,1,0,0,1,1,1,0,1,1
4595.593987,1,1,1,1,0,0,0,1,1
4601.048987,1,1,1,1,1,0,0,0,1
4609.128485,0,1,1,1,1,1,1,1,0
4618.287448,1,0,1,0,0,0,1,1,1
4620.533798,1,1,0,0,0,1,0,1,0
4628.454798,0,1,0,1,0,0,0,0,1
4637.405180,1,0,1,0,0,1,1,0,1
4641.349003,0,1,1,0,0,1,0,0,1
4641.410329,1,0,0,0,1,0,1,1,0
4646.745368,0,0,0,1,0,0,1,1,0
4655.173653,1,1,0,1,0,0,1,1,0
4663.163804,0,1,0,0,0,0,1,1,0
4666.292983,1,1,1,1,0,0,1,0,0
4673.271387,1,1,1,1,0,0,0,0,0
4679.834231,0,0,1,0,0,1,0,1,0
4688.111326,1,1,0,0,1,0,0,1,1
4689.458118,1,0,0,0,0,1,1,1,0
4691.893863,0,0,1,0,0,0,0,0,0
4692.441683,1,1,1,1,0,1,1,1,1
4693.931896,0,0,1,1,1,0,1,1,0
4702.377493,0,1,0,0,0,1,0,0,1
4709.237926,1,0,1,0,1,0,0,1,0
4711.556923,0,1,1,0,0,0,0,0,0
4713.818336,0,1,0,0,1,0,0,0,1
4719.674105,0,1,0,1,1,0,1,0,0
4721.526772,1,0,0,1,0,1,1,0,1
4727.459821,1,1,0,0,1,0,0,0,0
4735.887442,0,0,0,0,1,1,0,0,1
4742.714243,0,0,1,0,1,0,0,0,0
4751.341832,1,0,0,1,0,1,1,1,1
4756.570525,0,0,0,1,0,1,1,0,1
4764.388925,0,1,1,0,1,0,0,0,1
4765.488300,0,0,0,1,0,0,1,0,0
4774.741122,1,0,0,0,0,0,0,0,0
4778.378122,0,1,0,1,0,1,0,0,0
4778.671063,0,0,1,0,0,0,1,1,1
4781.672949,0,0,1,1,0,0,1,0,1
4785.752770,1,0,0,0,1,1,0,1,1
4792.529274,0,0,1,1,0,1,1,0,0
4792.928784,1,0,1,1,1,0,1,0,1
4794.804597,1,1,1,1,1,1,1,0,1
4801.950337,0,1,1,0,0,0,0,1,0
4810.427173,0,1,0,1,0,1,0,1,0
4814.219740,0,1,0,1,0,0,0,0,1
4821.736329,1,0,1,0,1,0,0,1,1
4822.364572,0,0,0,0,1,0,0,1,0
4822.881244,1,0,0,1,0,0,0,1,1
4827.437344,0,1,0,0,1,1,1,0,0
4833.070917,1,0,0,1,1,0,0,0,0
4833.071917,0,1,1,1,0,0,1,1,0
4839.776578,0,1,0,1,0,1,1,0,1
4849.455225,1,1,0,1,0,1,1,1,0
4855.056171,0,1,1,1,0,1,0,1,0
4864.146231,1,0,0,1,1,0,0,1,1
4870.589418,1,1,1,0,1,0,1,1,1
4880.211077,0,0,0,0,0,1,1,0,1
4885.732359,1,1,1,1,0,1,1,1,1
4886.121005,1,0,0,1,0,0,0,0,1
4894.605506,1,1,1,1,0,1,1,1,0
4903.384777,0,1,1,0,0,1,1,1,1
4905.385577,0,0,0,1,0,0,1,1,0
4911.619720,0,0,1,0,1,0,1,0,1
4912.725146,0,0,0,1,1,1,1,1,0
4915.499433,1,0,0,1,1,1,1,0,0
4925.311952,0,1,1,1,1,1,1,0,1
4934.162294,0,1,1,0,1,1,0,1,1
4935.406108,0,0,0,0,0,1,0,0,1
4942.690484,1,0,0,0,0,1,0,1,0
4947.306408,1,0,0,1,1,0,0,1,1
4954.022969,0,1,0,0,0,0,0,1,0
4955.134969,1,1,0,0,0,1,1,0,1
4963.730151,1,0,0,1,0,1,0,1,1
4967.154454,0,1,1,1,0,0,0,0,1
4977.097153,0,1,1,0,1,0,1,1,0
4981.323921,1,1,0,1,0,0,0,1,0
4984.898050,0,0,0,0,1,1,0,0,0
4993.061146,0,1,0,1,0,0,0,1,0
5002.888749,1,1,1,1,1,1,0,1,1
5004.256072,0,0,0,0,1,0,0,1,0
5006.311661,1,0,0,0,1,0,1,0,0
5015.278707,0,1,0,0,1,1,1,0,1
5019.551689,0,1,0,0,1,0,0,0,0
5022.279689,1,1,0,1,1,0,1,0,1
5029.934708,0,1,0,1,1,1,0,1,0
5030.686621,1,0,1,1,0,0,1,0,0
5035.401978,1,1,0,0,1,1,1,0,0
5035.432561,1,1,1,0,1,1,1,0,1
5042.342846,0,0,0,1,0,1,0,0,1
5043.960451,1,1,1,0,0,0,0,1,0
5045.298215,0,1,0,1,0,1,0,1,1
5052.203287,1,1,0,1,0,0,1,0,0
5060.835750,1,1,0,0,1,1,1,1,1
5063.755848,0,1,0,1,1,1,0,0,1
5072.226420,0,1,1,1,1,1,0,1,1
5073.220698,0,1,0,0,0,1,1,0,0
5081.437437,1,0,1,1,1,0,0,1,1
5084.211269,1,0,0,0,0,0,1,1,0
5087.699725,0,1,1,1,1,1,1,0,1
5090.956213,1,1,0,0,1,0,1,0,0
5100.689109,1,1,1,0,0,1,0,1,1
5105.920000,1,1,0,0,1,0,1,1,1
5108.101557,1,0,0,1,1,1,0,0,1
5109.780910,1,1,0,0,0,0,0,0,1
5119.642035,0,0,1,0,1,1,1,1,0
5122.285477,1,0,0,1,0,1,0,1,1
5124.127562,1,1,1,0,0,1,1,0,1
5126.975419,1,1,1,0,1,1,0,0,1
5136.522131,1,1,0,0,0,0,1,1,1
5140.806063,0,1,1,0,1,0,1,1,1
5146.347050,0,1,0,0,0,0,1,1,1
5154.631822,0,0,1,1,0,1,0,1,1
5159.271997,0,0,1,0,1,0,0,0,1
5166.486653,1,0,1,0,1,0,1,0,0
5170.190987,1,0,1,1,0,0,0,1,0
5177.485687,0,0,1,0,1,1,0,0,0
5179.266073,1,1,1,1,1,0,0,1,0
5179.442494,0,1,1,0,0,0,0,1,1
5188.522340,0,0,1,0,1,1,1,1,0
5190.701183,0,0,0,1,1,0,1,0,0
5195.267553,0,1,0,0,0,0,1,0,1
5200.350592,1,1,0,1,0,0,1,1,1
5207.685173,1,1,1,1,1,0,1,0,0
5214.486047,0,1,0,1,0,0,1,0,0
5219.382194,1,0,1,1,1,1,1,1,0
5228.345365,0,0,0,1,0,0,1,1,1
5234.602284,1,0,0,1,1,1,1,1,0
5241.758124,1,1,0,1,0,0,0,0,0
5251.299455,0,0,1,1,0,1,0,0,0
5254.095206,0,0,1,1,1,0,1,0,1
5257.941975,0,0,0,0,0,1,1,1,1
5266.183286,1,0,1,0,1,1,1,0,0
5273.924253,1,0,0,1,1,0,1,1,0
5277.040206,1,0,0,1,1,0,0,0,0
5282.711370,1,1,0,0,0,1,0,1,1
5289.575959,0,0,0,1,1,0,1,0,1
5292.960306,1,1,0,1,0,1,0,0,1
5297.865122,0,0,1,1,0,1,1,0,1
5307.524816,0,0,1,1,1,0,1,0,1
5309.204480,1,1,1,0,1,1,0,1,1
5309.915086,0,0,0,1,0,1,0,1,0
5311.383829,1,1,0,0,0,1,0,1,1
5320.924692,0,0,0,0,1,1,1,1,1
5322.155077,0,0,0,1,1,1,0,0,0
5330.409220,1,1,0,0,1,0,0,0,0
5339.722127,1,1,1,1,1,0,0,0,0
5348.888877,1,0,0,0,0,1,1,1,1
5348.982953,0,1,0,1,1,0,0,1,1
5356.406940,0,0,1,0,0,1,1,1,1
5361.255281,0,1,1,0,0,1,0,0,1
5369.963275,1,0,0,1,1,0,1,1,0
5378.485436,1,0,1,0,0,0,1,0,0
5388.168845,1,1,0,0,1,0,1,1,0
5388.358061,1,1,1,0,1,1,1,0,1
5390.177061,0,1,0,1,1,0,0,0,1
5392.719551,0,0,1,1,0,0,1,0,0
5394.451680,1,1,0,0,1,0,0,0,0
5398.052320,0,0,0,0,1,1,0,1,1
5403.579083,0,0,1,1,0,1,1,0,1
5409.441566,1,0,0,0,0,1,0,1,0
5417.348752,1,0,0,0,1,0,0,0,0
5417.349752,1,0,0,0,0,0,0,1,0
5426.607252,0,1,1,1,0,1,0,0,1
5429.941252,1,0,1,1,0,0,1,1,0
5431.653390,1,0,0,0,0,1,0,1,0
5432.452921,1,1,1,0,1,0,0,1,0
5433.064293,1,0,0,1,1,0,1,0,1
5438.895773,1,0,0,1,1,0,1,1,1
5446.168773,0,0,1,0,1,1,1,0,0
5451.544235,1,1,1,1,0,1,1,1,1
5453.378385,0,1,1,0,0,1,0,0,1
5462.467660,0,0,0,0,1,1,0,1,1
5466.632231,1,0,0,0,1,0,1,0,1
5469.468769,0,0,0,1,0,1,0,1,0
5476.591793,0,1,1,0,1,0,1,1,0
5478.056586,0,1,1,1,1,0,1,0,0
5486.053006,1,0,1,0,1,0,0,1,0
5494.021189,0,0,0,1,0,0,1,1,1
5501.258308,1,1,1,1,1,1,1,0,1
5504.133207,1,1,0,1,1,0,0,1,0
5504.811903,0,1,0,0,1,1,1,0,0
5513.721965,1,0,0,0,0,1,0,0,0
5520.274034,0,1,1,0,0,0,0,1,1
5529.840641,0,1,0,0,0,0,0,1,0
5533.724748,0,1,1,1,1,0,1,0,1
5536.295084,1,0,1,1,0,1,0,0,0
5545.855567,0,1,1,1,0,0,1,0,1
5553.435060,0,1,1,0,0,0,1,0,0
5555.708560,1,0,0,1,1,1,1,1,1
5564.945584,0,1,0,0,0,1,0,1,1
5565.744509,1,0,0,1,0,0,0,1,0
5569.994012,0,1,0,1,0,0,1,1,0
5571.844827,1,1,0,1,0,1,1,1,1
5572.399927,1,0,0,0,1,1,0,1,1
5572.528033,0,1,0,1,1,1,0,1,0
5579.658365,1,0,0,0,1,0,1,1,1
5580.511553,0,0,0,0,1,1,1,1,0
5585.133500,0,1,0,1,1,0,0,0,0
5586.510102,1,0,0,1,0,1,1,1,0
5596.084613,0,1,0,0,1,1,1,1,0
5596.577828,1,0,1,0,0,1,0,0,0
5602.162407,1,1,0,1,0,0,0,1,0
5602.163407,1,0,0,0,0,0,1,0,1
5608.102818,1,0,1,1,0,1,0,1,1
5608.103818,1,1,1,1,1,0,0,1,0
5612.272038,0,0,1,1,0,1,0,1,1
5622.044484,1,0,0,1,0,0,1,0,1
5627.082801,0,0,0,1,0,0,0,0,1
5629.391263,1,1,1,0,0,0,1,1,0
5632.630806,1,0,1,1,0,0,0,0,1
5637.248758,0,0,0,1,1,1,0,0,1
5641.992013,0,1,1,0,0,0,1,0,0
5645.676855,1,0,1,1,1,1,1,1,0
5649.919855,0,1,1,0,0,0,0,0,0
5655.956288,0,1,1,0,0,0,1,1,1
5664.092067,1,0,1,1,1,0,0,0,0
5673.666578,1,1,0,1,0,1,0,0,1
5678.394732,0,1,0,0,1,1,1,1,0
5680.824060,0,0,0,1,0,0,1,1,0
5690.648639,0,1,0,0,1,1,0,0,1
5695.649139,1,1,1,1,0,0,0,1,1
5702.491560,1,0,1,1,0,1,1,1,1
5709.084494,0,0,0,0,1,0,1,0,0
5709.261429,0,1,1,1,0,1,0,1,1
5709.968084,0,1,1,0,0,1,1,0,1
5719.205108,0,0,0,1,0,1,1,0,0
5720.710383,1,0,0,0,0,0,1,0,1
5723.132400,1,0,0,1,1,1,1,0,1
5732.377442,0,1,1,1,0,0,1,0,0
5735.367357,0,0,1,0,0,1,0,1,0
5737.673757,0,0,1,1,0,1,1,0,1
5744.556006,0,1,0,1,1,1,0,1,1
5747.867020,1,0,0,0,0,1,0,1,1
5753.325641,0,1,0,0,0,0,1,0,1
5756.853686,0,0,0,0,1,0,1,1,0
5766.294040,0,0,1,1,1,0,0,1,0
5770.519542,1,1,1,0,1,1,0,0,0
5772.244508,1,0,1,1,0,0,0,0,1
5778.270010,0,0,1,1,1,1,0,0,0
5784.534678,1,1,1,1,0,1,0,1,0
5792.593696,1,1,1,1,1,0,1,1,1
5801.695662,0,0,0,0,1,0,0,1,1
5806.953053,0,0,1,1,0,1,0,1,1
5808.218295,1,1,0,0,1,0,0,1,0
5814.010382,0,0,0,0,1,1,0,0,1
5820.402606,0,0,1,1,1,1,1,1,0
5821.437639,0,1,0,1,1,1,1,1,0
5829.477051,1,1,0,1,1,1,1,0,0
5831.547409,1,0,1,1,0,1,1,1,1
5837.921266,1,0,1,0,0,1,0,1,1
5843.207452,0,0,1,0,0,1,0,0,1
5844.016452,1,1,1,0,1,0,1,1,0
5844.080736,1,0,0,1,0,0,1,0,0
5851.701112,1,1,0,1,1,1,0,0,0
5857.613929,0,1,0,0,0,1,0,1,1
5862.857123,0,1,1,1,0,0,0,0,0
5871.328614,1,0,1,1,1,1,0,0,0
5878.295742,1,1,0,1,0,0,0,0,1
5886.295942,1,1,1,1,1,1,0,1,1
5893.848768,1,1,1,1,0,1,1,1,0
5903.812007,0,0,0,0,1,1,1,1,1
5911.871445,0,0,1,1,1,1,0,1,0
5913.955570,0,1,1,0,1,1,0,0,1
5919.118018,0,0,0,0,1,1,1,0,0
5920.755218,1,0,0,1,0,1,1,0,1
5923.864716,0,0,1,0,1,0,1,0,0
5932.212613,1,0,0,1,1,0,0,1,1
5939.281664,0,1,1,1,0,1,0,0,0
5943.978327,0,1,1,0,0,0,1,0,1
5944.945139,1,1,0,0,0,1,1,0,1
5949.156244,1,1,1,1,0,1,0,0,0
5957.296474,1,1,0,0,1,1,1,0,1
5962.910522,1,1,0,1,0,1,1,1,0
5967.893958,0,0,1,0,0,0,1,0,0
5974.106458,0,1,0,1,1,0,1,0,0
5975.912694,1,0,0,0,1,0,1,0,0
5982.605938,1,0,0,1,1,1,1,0,0
5985.396628,1,0,1,1,0,0,0,1,0
5992.388630,0,1,0,1,0,0,0,1,1
5999.029793,1,0,1,0,0,0,0,0,1
5999.495863,0,1,0,1,0,1,1,1,0
6000.630083,1,1,0,0,1,0,1,1,0
6009.671274,1,0,0,0,1,0,0,0,0
6013.005274,0,0,0,0,1,0,1,0,1
6022.978177,0,0,1,0,0,1,0,1,1
6026.585373,1,0,0,1,0,0,0,1,0
6034.918873,1,1,1,1,1,0,0,0,1
6044.636216,1,0,0,1,0,0,0,0,1
6048.206264,0,1,1,1,0,0,1,0,0
6049.555135,0,0,1,1,1,1,1,1,1
6055.736183,0,1,1,0,1,1,0,1,0
6062.047346,0,0,1,1,0,0,0,1,1
6070.480105,1,1,1,1,1,1,1,0,1
6073.262284,0,0,1,1,0,1,1,0,1
6074.799180,0,1,0,1,1,1,1,1,0
6076.050055,1,1,0,1,0,1,1,0,0
6082.833594,1,0,1,1,0,0,0,1,1
6087.807501,0,0,1,1,0,1,1,0,1
6089.850339,1,0,1,0,0,1,0,1,1
6095.133010,0,1,0,1,0,1,0,1,1
6097.712938,1,0,0,1,1,0,1,0,1
6106.580975,1,1,1,1,0,0,1,1,1
6111.520438,0,1,1,1,1,1,0,0,0
6112.403703,0,1,0,1,0,1,0,0,0
6120.975274,1,0,0,0,1,1,1,1,0
6122.535370,0,0,0,1,0,1,0,0,1
6132.492730,1,0,1,0,1,0,1,1,0
6139.914041,0,0,0,1,0,0,1,1,1
6145.833103,0,0,0,1,1,0,0,0,1
6147.776354,0,0,1,1,1,0,1,0,0
6148.772515,1,0,1,1,0,1,1,0,1
6149.043096,1,1,0,0,0,0,0,1,0
6156.186239,1,1,1,0,0,1,1,0,0
6164.530116,1,1,1,0,1,1,0,0,1
6171.717897,1,1,0,1,0,0,0,1,1
6176.228250,1,1,1,0,1,0,1,0,0
6182.353205,1,1,1,1,1,0,0,1,1
6188.655989,1,0,0,1,1,0,0,0,0
6196.796451,0,1,0,0,0,0,0,0,1
6201.822330,0,1,1,1,1,0,0,1,0
6207.281117,0,0,1,0,0,0,1,1,0
6209.049822,0,0,1,1,1,1,1,0,0
6211.155874,1,1,0,1,0,0,0,1,0
6218.253580,1,1,0,0,0,1,1,0,0
6221.609083,1,1,1,0,0,1,1,0,0
6226.096370,0,0,1,0,0,1,1,1,0
6227.089335,1,1,0,0,0,0,1,1,1
6235.375220,0,0,1,0,1,0,0,1,0
6240.836667,0,1,0,1,0,0,0,0,0
6243.657261,1,1,1,0,1,0,0,1,1
6246.447456,0,1,1,0,0,1,0,1,0
6255.308329,0,1,0,0,0,1,0,0,1
6265.152095,1,0,1,1,0,1,1,0,0
6273.136486,1,0,0,1,1,1,1,0,0
6278.479809,0,1,0,1,0,0,1,0,1
6280.403693,1,1,0,1,0,0,0,1,1
6284.240342,1,1,0,0,1,1,1,0,0
6293.331342,1,1,1,1,0,0,1,1,0
6299.860511,0,1,0,0,0,0,1,0,0
6307.360761,1,1,0,0,1,0,0,1,0
6314.410665,0,1,0,0,0,1,1,0,0
6317.882392,0,1,1,1,1,0,1,1,0
6321.633017,1,1,1,1,1,1,1,1,0
6324.967017,0,1,0,1,1,1,0,0,0
6330.242657,1,0,1,0,1,0,0,0,0
6335.061770,1,1,0,0,1,1,1,0,0
6340.321912,1,0,0,1,1,0,0,1,0
6346.360647,0,0,0,0,0,1,1,0,1
6350.727408,1,0,1,1,0,0,0,1,0
6352.713731,1,1,0,1,1,1,0,0,0
6361.705768,0,1,1,1,0,0,1,0,1
6365.259526,1,0,1,1,1,0,0,0,1
6371.386674,0,1,1,0,1,1,0,1,1
6376.594433,0,0,0,0,1,1,0,1,0
6384.636404,1,0,0,1,0,1,1,0,1
6394.219779,0,1,1,1,0,1,1,1,0
6395.276229,1,1,1,0,1,1,1,0,1
6397.830931,1,0,1,1,1,0,1,0,1
6402.773297,0,1,0,1,1,1,0,1,0
6409.205815,1,1,0,0,1,0,1,1,0
6411.300846,0,1,1,0,0,1,0,1,0
6412.934336,0,1,1,1,0,0,1,1,0
6415.876218,1,1,0,0,1,1,0,1,0
6423.187502,0,1,0,0,0,1,0,1,0
6428.336502,0,0,1,1,1,1,1,0,1
6436.901668,0,0,1,0,1,0,0,1,1
6445.712360,0,1,0,0,1,1,1,0,1
6448.058402,1,0,0,0,1,1,1,1,0
6456.500116,0,1,0,1,1,0,0,0,1
6464.957880,1,0,1,1,0,1,1,1,1
6466.135233,1,1,0,0,0,0,0,1,0
6472.253765,0,1,1,1,1,1,0,1,1
6478.720363,1,0,0,1,0,0,0,1,1
6482.260692,0,0,0,1,0,0,1,0,1
6491.913906,0,1,0,1,1,1,0,0,1
6493.158562,0,1,0,1,0,0,0,1,0
6502.179279,1,1,1,0,1,0,0,0,1
6507.179779,0,0,0,1,1,1,1,1,0
6507.686346,0,0,1,1,1,1,0,1,0
6514.213890,0,1,0,0,1,1,1,1,0
6523.593263,1,0,1,0,1,1,1,1,1
6531.770845,1,0,0,0,0,0,1,1,1
6540.441190,0,1,1,0,0,1,1,1,0
6546.155905,1,1,1,0,0,0,1,0,1
6548.167147,0,0,1,0,0,0,1,1,0
6553.367627,1,0,1,1,0,0,0,0,0
6555.285729,0,1,1,0,0,1,1,0,1
6561.737697,1,0,1,1,1,0,1,1,0
6566.661985,0,1,1,1,1,0,1,0,0
6575.013213,1,1,1,1,0,0,0,1,0
6576.523153,1,0,0,0,1,0,0,0,0
6582.070474,1,1,0,1,0,1,1,0,1
6586.660567,0,0,0,0,0,1,1,1,0
6592.267067,1,0,1,0,1,0,1,0,0
6594.597931,1,1,1,0,0,0,0,0,1
6596.045778,0,0,1,1,1,1,0,1,1
6605.007306,0,0,0,1,0,1,1,1,0
6605.024538,1,0,0,1,0,0,1,0,1
6611.301302,0,0,1,1,1,1,0,1,1
6618.107177,0,0,0,1,1,0,0,1,1
6619.937516,1,0,1,1,0,1,1,0,1
6627.763820,1,0,0,0,1,1,1,0,1
6630.772556,1,1,1,1,1,1,1,0,0
6639.452688,1,1,0,0,1,1,1,1,1
6642.112246,0,1,1,0,1,0,0,1,0
6649.818786,1,1,1,1,0,1,1,0,1
6659.649516,1,1,1,0,0,0,1,1,0
6667.375600,0,1,1,0,1,1,0,1,0
6674.501323,1,1,1,1,0,0,0,1,1
6675.729473,1,1,1,0,1,1,0,1,0
6681.867372,1,0,1,1,0,0,0,0,0
6685.905527,1,0,1,1,1,1,1,1,0
6689.207168,1,0,1,0,0,0,0,0,1
6698.738465,0,0,0,1,0,0,1,0,1
6700.614277,0,0,1,0,1,0,0,1,0
6704.959412,1,0,1,1,1,0,0,0,0
6709.932593,0,0,1,0,1,1,1,1,1
6710.215108,0,1,1,0,1,1,1,0,0
6713.896037,0,1,1,0,1,0,1,0,0
6723.335441,0,0,0,1,1,0,0,0,0
6723.366378,1,0,0,1,1,1,1,0,0
6724.533928,0,1,0,1,1,0,0,0,1
6725.696102,0,1,1,0,0,0,0,0,0
6729.893250,0,1,1,0,0,0,0,0,0
6737.938000,0,0,1,1,0,0,1,1,0
6742.938500,1,1,0,0,1,0,1,1,1
6748.103541,1,0,1,1,0,0,0,0,1
6754.811187,1,0,1,1,0,1,1,0,1
6764.080923,0,0,1,1,0,0,0,0,0
6768.455607,1,0,1,1,0,1,0,1,1
6769.833714,1,0,1,0,1,0,0,0,0
6778.684404,0,1,0,1,1,0,0,1,1
6779.999141,0,0,1,0,0,0,0,0,0
6783.720378,1,0,1,0,1,0,0,0,1
6789.837787,0,1,0,0,0,0,1,0,0
6799.386025,1,0,1,0,0,0,1,1,1
6807.554433,0,0,1,0,1,1,0,1,0
6811.958662,1,0,0,0,0,1,1,1,0
6813.764874,1,0,1,1,1,0,1,0,1
6813.963223,1,1,0,1,0,1,0,0,1
6817.574581,0,0,1,0,0,1,0,1,1
6821.231130,0,1,0,0,0,0,1,0,1
6827.518421,1,0,0,1,0,1,0,1,1
6837.241853,1,1,0,0,0,1,1,0,0
6838.552378,0,1,0,1,0,0,1,0,1
6847.563466,1,1,0,1,0,1,1,0,0
6854.436314,0,1,0,1,1,1,1,1,0
6862.731939,0,1,0,0,0,1,1,1,1
6864.684524,1,0,0,0,0,0,1,0,1
6873.775524,1,1,0,1,0,0,1,0,0
6880.781996,0,1,1,0,0,1,1,1,0
6890.404675,1,0,0,1,1,0,1,1,0
6891.642111,1,0,1,0,0,0,0,1,0
6897.556174,1,0,1,0,1,1,1,1,1
6904.654845,0,1,1,0,1,1,1,0,0
6905.317675,0,1,1,1,1,0,0,0,0
6912.897535,0,1,1,1,0,1,1,0,0
6916.284023,0,0,0,0,1,1,0,0,1
6925.062281,0,1,0,0,1,1,0,0,1
6930.736472,1,1,0,1,1,1,0,0,1
6936.901804,0,1,1,1,1,1,0,1,0
6943.872128,1,0,0,1,0,0,0,0,1
6952.296388,0,0,0,0,1,0,1,0,0
6958.611363,1,0,0,0,1,1,1,0,0
6962.455191,0,1,0,1,0,0,0,1,0
6967.364791,1,1,1,1,0,0,0,1,0
6973.338348,0,0,1,1,1,1,0,1,0
6979.118147,1,1,1,1,0,0,0,1,1
6982.113897,0,0,0,1,1,1,0,1,1
6989.689071,1,1,0,1,0,1,0,1,0
6996.891135,1,0,0,1,1,0,0,1,0
7000.131247,0,0,1,0,0,0,0,0,0
7000.322705,1,1,0,1,1,1,1,1,0
7008.921196,1,1,0,0,0,0,0,0,0
7018.735456,0,1,1,0,1,1,0,1,1
7023.880636,0,0,1,0,1,1,1,1,1
7027.376432,0,1,0,0,1,0,1,0,1
7035.677807,1,0,0,0,1,1,0,1,0
7039.822536,1,1,0,0,1,0,0,0,0
7042.525969,1,0,0,0,0,0,1,0,0
7050.145255,1,0,1,0,1,0,1,1,0
7056.545615,0,0,1,1,0,1,1,0,1
7057.464744,0,0,1,0,1,0,0,1,0
7061.036815,0,0,0,1,1,1,0,0,1
7062.537665,1,0,0,1,1,0,1,0,0
7066.299430,0,1,1,0,0,1,0,1,0
7067.442600,0,1,0,1,0,0,0,1,0
7071.913008,0,0,1,0,1,1,0,0,0
7081.521342,1,1,1,0,1,0,0,1,1
7083.170193,0,0,1,0,1,1,0,0,0
7086.759351,0,1,0,0,0,0,1,1,1
7086.819169,0,0,1,1,0,0,1,1,0
7092.115094,0,1,1,1,0,1,0,1,0
7097.401279,1,0,1,0,1,1,1,1,1
7097.726922,1,1,0,0,0,0,0,0,0
7101.122078,1,1,0,0,0,1,0,0,1
7102.268797,0,1,1,1,0,1,1,1,0
7102.658863,1,1,0,0,1,0,1,1,1
7111.695568,0,0,0,1,1,0,1,0,0
7120.195718,1,1,1,0,1,1,1,1,0
7125.079225,0,1,0,0,1,0,1,0,1
7131.389118,1,0,0,1,0,0,0,0,0
7134.437759,0,1,1,0,0,1,1,0,0
7139.679028,0,1,1,0,1,1,1,1,0
7141.101074,1,1,0,0,1,1,0,0,0
7147.846854,1,0,1,0,0,0,1,0,1
7155.210357,1,0,0,0,0,0,0,0,1
7163.445827,0,1,1,1,0,1,1,0,0
7172.353982,1,1,1,0,1,1,1,1,0
7173.269923,0,0,1,0,0,0,0,1,1
7180.219381,1,0,1,1,1,1,1,0,1
7185.444133,1,0,1,0,1,1,0,0,1
7194.724882,1,0,0,1,0,0,0,1,1
7203.475007,1,0,1,1,0,0,1,1,0
7210.063890,1,1,1,1,0,0,1,1,1
7215.484516,0,0,0,1,1,1,0,0,1
7217.630895,0,0,0,1,0,0,1,1,0
7218.575197,0,1,1,0,0,0,0,1,1
7223.882834,1,1,1,1,1,0,1,1,0
7233.822959,0,0,1,0,1,1,1,0,1
7242.673249,0,1,1,1,0,0,1,0,1
7250.528760,0,1,0,1,0,1,0,0,0
7250.910157,0,0,1,0,1,1,1,0,1
7257.686692,0,0,0,0,1,1,0,0,1
7264.929889,1,0,1,1,0,1,1,1,1
7267.320894,0,1,1,1,1,0,0,0,0
7273.268045,0,0,0,1,1,0,0,1,0
7278.862997,0,0,0,0,0,1,0,1,1
7285.537243,1,0,1,0,0,0,1,1,1
7292.913196,1,0,1,1,1,0,1,1,1
7293.267102,1,1,1,0,1,1,1,0,0
7301.314634,0,1,1,0,1,0,0,1,0
7305.253747,0,1,0,1,0,0,0,1,0
7312.849616,1,0,1,0,0,0,1,0,1
7322.815017,1,0,1,1,0,1,1,0,1
7324.326658,1,1,0,0,0,0,1,0,1
7333.487047,1,1,1,0,1,0,0,1,1
7337.594779,1,1,1,0,1,1,1,0,1
7343.286267,0,1,1,0,1,1,1,1,1
7343.970428,0,0,0,1,0,1,0,1,0
7349.998539,0,0,1,0,0,0,0,0,1
7351.139131,0,1,1,1,0,0,1,1,1
7356.498245,1,1,1,0,0,1,1,1,0
7357.722401,1,0,0,0,0,0,1,0,1
7364.486478,1,1,1,1,0,1,1,1,1
7373.562400,0,0,1,0,1,0,1,1,0
7375.043397,1,1,0,0,0,1,1,1,0
7376.721566,0,0,0,1,0,0,0,0,1
7377.695037,0,0,1,0,1,0,1,0,1
7377.899062,0,1,0,0,0,1,1,0,1
7381.976983,1,0,1,0,1,0,1,1,1
7388.119691,0,1,1,1,1,0,1,1,0
7396.244879,1,0,0,1,1,0,0,0,0
7399.322494,0,1,1,0,0,0,1,1,0
7403.751623,1,1,1,0,1,0,0,0,1
7413.534253,1,0,0,0,0,0,0,0,1
7417.979253,0,0,1,0,1,0,1,1,1
7424.229628,1,1,0,1,1,0,0,0,1
7432.381844,0,1,1,1,1,0,0,0,1
7436.668130,1,0,1,0,1,1,0,1,0
7442.184127,0,1,0,0,0,1,0,1,0
7452.124609,1,1,1,0,1,0,1,1,0
7453.229599,0,1,0,0,1,1,1,1,0
7455.027295,0,0,0,1,1,0,0,1,0
7463.387080,0,0,1,0,1,0,0,1,1
7465.838493,1,1,0,1,1,0,0,0,0
7469.009161,0,1,0,0,0,1,0,1,0
7474.512966,1,1,0,0,1,1,1,0,0
7478.910689,1,0,0,0,1,0,1,0,1
7487.620925,1,1,0,0,1,0,0,1,0
7487.621925,0,1,0,1,0,0,1,1,1
7491.468694,0,0,1,0,0,1,0,1,1
7496.584567,1,1,1,1,1,0,1,1,1
7502.436454,1,0,0,0,0,0,0,1,0
7511.322280,0,0,0,1,0,1,0,0,1
7515.170158,1,0,1,0,0,1,1,0,1
7518.012979,0,0,1,0,0,0,0,0,0
7520.097804,1,0,1,1,0,0,1,1,1
7528.026680,0,0,0,1,0,0,1,0,1
7529.277555,0,1,0,0,1,1,0,0,0
7531.687348,1,0,0,1,1,0,0,0,0
7541.531722,1,1,1,1,0,0,0,0,0
7544.106191,0,1,0,0,0,0,1,1,0
7545.263753,1,0,1,1,1,1,1,1,0
7551.945903,1,0,0,1,0,1,1,0,1
7552.502403,1,0,0,0,1,1,1,0,1
7552.643249,1,1,1,1,1,0,0,0,0
7559.803654,1,0,1,0,1,1,1,0,1
7559.804654,1,0,0,0,1,1,0,0,1
7566.747108,0,1,1,0,1,1,0,1,1
7576.347148,0,1,1,1,0,0,1,1,1
7580.421815,0,1,1,1,0,0,0,1,1
7590.135720,0,0,1,0,1,0,0,1,0
7593.576970,0,1,1,1,0,0,0,0,0
7602.072104,0,1,0,1,0,0,0,1,0
7608.715549,0,0,1,1,0,0,1,0,0
7615.918754,1,1,0,0,1,0,1,0,1
7621.990576,0,1,1,0,0,0,0,1,0
7630.592361,1,0,0,0,0,0,0,1,0
7635.081101,1,0,0,0,0,0,1,1,0
7636.335620,0,0,1,1,0,0,0,1,1
7640.621905,1,1,0,1,0,0,0,0,1
7647.356926,1,0,1,0,0,0,0,0,1
7649.718801,0,1,0,1,1,1,0,1,0
7654.742182,0,0,0,1,1,1,1,0,0
7656.949534,0,0,0,0,0,0,1,1,0
7665.993108,1,1,0,1,1,0,0,0,1
7669.693160,1,1,1,0,1,0,0,1,1
7673.293800,1,0,0,0,1,1,1,1,0
7676.742731,0,0,0,1,1,0,0,1,1
7682.849744,1,0,0,0,1,1,0,1,1
7686.427757,0,0,0,0,1,1,0,1,0
7690.159727,0,0,1,0,1,0,0,1,1
7699.868022,1,0,1,0,0,0,1,1,0
7706.767896,1,0,1,1,1,1,1,1,1
7714.468126,0,1,1,1,1,1,0,1,0
7716.573454,1,1,1,0,1,1,1,0,1
7718.636104,0,1,0,1,0,0,0,0,1
7719.121904,1,0,0,0,1,1,1,1,1
7724.609477,0,0,0,0,0,0,0,1,0
7724.610477,0,0,1,1,1,1,1,1,1
7726.178649,0,0,1,1,1,1,0,0,0
7731.179149,1,1,1,1,1,0,0,0,1
7733.127323,0,1,1,1,0,1,1,1,0
7733.151658,1,1,0,0,0,1,0,0,1
7738.228293,0,1,1,1,1,0,0,1,1
7739.315446,0,1,0,1,0,1,1,0,1
7748.051037,1,0,1,0,1,0,1,1,0
7756.271356,0,0,1,1,1,1,0,0,1
7761.806858,1,1,0,1,1,1,0,0,0
7762.411513,1,1,1,0,1,0,0,0,1
7765.766344,0,1,1,0,1,1,1,0,0
7766.049006,0,1,0,0,0,1,1,1,1
7775.134812,1,0,0,0,1,1,1,0,0
7782.582435,0,1,0,0,0,0,0,1,1
7783.642789,0,0,1,0,1,1,0,1,1
7785.583893,0,0,0,1,1,1,0,0,0
7790.529150,1,0,1,1,0,1,0,1,1
7791.832345,0,0,1,1,0,1,0,0,0
7801.088980,1,0,0,1,0,0,1,0,0
7802.756480,0,0,1,1,0,1,0,0,1
7806.497807,0,0,1,0,1,1,0,1,1
7808.177837,0,1,1,1,1,0,1,1,0
7808.197597,0,1,1,0,0,1,1,1,0
7811.167870,1,1,0,0,0,1,0,1,1
7817.065054,1,0,1,1,1,1,0,0,1
7823.025308,1,1,1,1,1,0,0,1,0
7823.664542,1,0,1,0,0,1,1,0,1
7832.230577,0,0,0,0,1,1,0,0,0
7836.182001,1,0,1,1,0,1,0,0,0
7838.781425,0,0,1,1,1,1,1,0,1
7845.744095,0,1,0,0,0,1,0,1,1
7851.580541,0,0,0,1,0,1,0,1,1
7853.870469,1,1,1,0,1,1,1,0,1
7857.066868,1,1,1,0,0,1,1,0,1
7861.698087,0,1,0,1,0,1,0,1,1
7863.778982,1,0,1,1,0,1,1,0,0
7867.112982,0,0,0,0,0,0,0,1,1
7873.347593,1,0,1,0,0,0,0,0,1
7875.748851,0,1,1,0,1,0,0,1,1
7878.297124,0,0,1,1,0,0,0,1,1
7883.211829,0,1,0,0,0,1,0,1,0
7890.951186,0,0,0,1,0,1,1,0,1
7900.408605,0,1,1,0,1,1,1,1,0
7901.758443,0,0,1,0,1,1,1,0,0
7905.607098,1,1,1,1,1,0,1,0,1
7906.802008,1,1,1,0,1,1,1,0,1
7908.136208,1,1,0,0,1,0,0,1,0
7911.012078,1,0,0,0,1,1,0,0,0
7911.547095,1,1,0,0,1,1,1,0,1
7916.867330,0,1,1,1,1,1,0,0,0
7920.128874,0,0,1,1,1,1,1,0,0
7922.573691,1,0,0,0,0,1,1,1,0
7932.075906,0,1,0,1,1,0,1,1,1
7937.292120,0,1,0,1,1,0,1,0,1
7946.220799,1,0,1,1,1,1,0,0,1
7949.459570,1,1,0,0,0,1,1,1,0
7955.539696,1,0,1,0,0,1,0,1,1
7963.082315,1,0,1,0,1,1,0,0,0
7965.788927,1,1,0,1,0,1,0,1,1
7974.892465,1,1,0,1,1,1,1,0,1
7982.147075,1,0,1,1,1,0,1,0,0
7983.397950,1,0,0,1,1,0,1,0,1
7992.711451,1,0,1,1,0,0,1,1,1
7998.747350,1,0,1,0,1,1,1,1,1
8000.151719,0,0,1,1,0,0,1,0,0
8000.481711,1,1,0,1,1,1,1,0,1
8005.382619,1,1,1,1,0,0,0,0,1
8005.625018,0,0,0,0,1,0,1,1,1
8014.893384,1,0,1,0,0,1,1,1,1
8022.009057,0,0,1,0,1,1,0,1,0
8030.413125,1,0,1,1,1,0,1,0,0
8034.902840,1,1,0,0,0,0,1,0,1
8041.903140,0,0,0,0,0,1,0,0,1
8048.313756,0,1,1,0,1,0,1,0,1
8056.145298,0,1,0,0,0,1,0,0,1
8062.240497,1,1,0,1,1,1,1,0,1
8062.833153,1,0,0,0,1,1,1,0,0
8062.931943,0,1,1,0,0,1,1,0,1
8068.780734,1,1,1,1,0,1,1,1,1
8069.695104,1,1,1,0,0,1,0,1,1
8078.959110,1,1,1,1,1,0,1,0,0
8081.816967,1,0,0,0,0,0,0,1,0
8082.554328,1,0,0,1,1,0,1,0,1
8089.332841,0,0,0,0,0,0,1,1,0
8096.956029,0,0,1,0,0,1,0,1,0
8097.671244,0,0,0,1,1,1,1,1,0
8105.480650,1,0,0,1,0,0,1,0,0
8107.096395,1,0,1,1,1,1,1,1,0
8115.998797,0,1,0,1,0,1,1,0,1
8119.374656,0,1,1,1,1,1,0,1,1
8123.029137,0,0,1,1,0,1,0,0,1
8131.698101,1,0,0,0,1,0,0,0,0
8134.032201,1,0,0,0,1,0,1,1,0
8137.628347,0,0,1,1,0,0,1,1,0
8138.903729,1,0,1,0,1,1,0,0,0
8148.716991,1,0,0,0,0,0,0,1,1
8149.307218,1,1,0,1,1,1,0,0,1
8154.291218,1,1,0,1,1,1,1,1,0
8163.410727,1,0,0,0,0,0,0,1,1
8172.875066,0,1,1,0,1,0,1,1,1
8176.920726,0,0,0,0,0,0,0,0,1
8184.029574,1,1,0,0,0,0,0,0,1
8192.566306,0,1,0,0,0,1,1,1,1
8200.981099,1,0,1,1,0,1,0,0,1
8210.390607,1,1,1,0,1,1,1,1,1
8215.001535,1,1,1,1,0,0,1,1,1
8218.113335,0,0,0,0,0,1,0,1,1
8222.738150,0,1,1,1,0,1,0,0,0
8225.134744,0,1,1,1,1,1,1,0,1
8226.076047,1,1,0,1,0,0,1,0,1
8235.628331,1,0,0,0,0,1,0,1,0
8236.396125,0,1,1,0,1,1,1,1,1
8236.724961,1,1,0,1,0,0,0,1,1
8243.550676,0,1,0,0,1,1,0,1,0
8245.928797,1,1,0,1,1,1,1,1,1
8247.086307,1,0,0,1,0,0,1,0,0
8250.370061,0,1,0,0,0,1,1,1,0
8259.678986,0,1,0,1,1,1,0,0,1
8266.208671,1,0,1,0,1,0,0,1,0
8272.951854,0,0,0,0,1,1,0,0,1
8281.973691,0,1,0,1,0,1,1,1,1
8289.890566,1,1,1,1,0,1,0,1,1
8293.013037,0,0,1,0,1,0,1,0,0
8302.206666,1,0,0,0,1,1,1,0,1
8309.853961,1,1,0,1,0,1,0,1,1
8317.900133,0,1,0,0,1,1,0,1,1
8319.962783,0,1,0,1,0,0,1,1,0
8320.348359,0,0,0,1,1,0,0,1,1
8322.669456,0,1,1,1,1,1,0,0,0
8329.972357,1,1,1,0,1,1,0,1,1
8336.481181,1,0,0,0,1,0,1,1,1
8339.231151,0,1,1,0,0,0,0,0,1
8347.598661,0,1,0,1,1,1,1,1,1
8356.416260,0,1,1,1,1,1,0,0,1
8357.735536,1,0,0,0,0,0,1,0,0
8358.412586,0,0,0,1,0,1,0,0,0
8358.784978,1,1,1,0,0,1,1,1,1
8363.753223,0,0,0,0,1,0,0,0,0
8363.965172,1,0,0,0,0,1,0,1,0
8366.241807,1,1,0,1,0,0,1,0,0
8368.870749,0,1,1,0,0,1,1,1,1
8371.008287,1,1,0,0,0,1,0,1,1
8380.636577,0,0,1,0,0,1,1,1,1
8389.777209,1,0,0,1,0,1,0,0,1
8398.871737,1,1,0,0,0,0,1,1,0
8407.683450,1,1,0,1,1,0,1,1,0
8413.995120,0,0,0,0,0,1,0,0,0
8416.068640,0,0,1,1,1,0,1,1,0
8424.843272,0,1,0,1,0,0,1,1,0
8434.473991,1,1,1,1,0,0,1,0,0
8440.595068,1,0,0,1,0,0,1,0,0
8446.984318,0,1,0,0,0,1,0,0,1
8451.058985,0,0,1,1,1,0,0,1,0
8458.686341,0,0,0,1,0,1,0,0,0
8460.897864,0,0,0,1,1,0,1,0,0
8465.977008,1,1,0,0,0,0,1,1,0
8466.434583,0,0,0,0,1,1,0,1,1
8473.378913,0,0,0,0,0,0,0,0,1
8474.228689,0,1,0,0,1,1,0,0,1
8483.869609,1,1,1,0,0,1,1,0,0
8488.054973,1,1,0,1,0,1,1,1,0
8496.843595,0,0,0,1,1,1,0,0,0
8504.017791,0,0,1,0,1,0,0,1,1
8507.931443,0,1,1,1,1,0,1,1,1
8514.458106,0,0,1,1,1,1,1,1,0
8519.147903,0,0,0,1,0,1,0,1,0
8525.230769,1,0,0,0,1,0,1,1,0
8534.547384,1,0,1,0,1,1,0,0,1
8540.002384,0,1,1,1,1,0,0,1,1
8547.335984,1,1,1,0,1,0,1,0,0
8552.564598,0,0,1,0,1,0,1,0,1
8561.130201,0,0,0,0,1,0,0,0,1
8568.740383,1,0,0,1,1,0,1,0,0
8572.722782,0,0,0,1,1,1,1,0,0
8579.899535,0,1,0,0,1,0,0,1,1
8580.110304,1,1,1,0,0,0,0,1,1
8589.620307,1,1,1,1,1,1,1,1,0
8593.035600,0,0,0,0,1,1,0,0,1
8601.838309,1,1,0,1,0,1,1,1,0
8609.640726,0,1,0,1,0,0,1,1,0
8617.513280,0,0,1,1,0,0,0,0,1
8622.513780,0,0,1,0,0,1,0,1,0
8630.334736,1,1,1,0,0,0,0,1,0
8631.907743,0,1,0,0,1,1,1,1,1
8636.737111,0,1,0,1,0,1,0,1,1
8642.374802,0,1,0,0,1,1,1,0,1
8642.428429,0,1,1,1,0,0,0,1,0
8642.807089,1,1,0,1,0,1,1,0,0
8647.076089,1,0,1,1,1,0,0,0,1
8653.110139,0,1,1,1,1,0,0,1,0
8653.917510,1,0,1,1,1,1,0,0,1
8659.648626,0,1,0,1,0,0,1,0,1
8667.807016,1,0,1,0,0,1,1,0,0
8669.355480,1,1,0,0,1,1,0,0,0
8670.623089,1,1,1,1,0,1,0,0,0
8680.488628,1,0,0,1,0,0,1,1,1
8690.053889,0,1,1,0,0,1,0,0,1
8699.336537,1,1,1,1,0,1,1,1,1
8708.186582,1,0,1,0,1,0,0,0,1
8716.020421,0,0,1,0,1,1,0,0,0
8719.354421,1,0,1,0,0,0,0,0,0
8723.138826,1,0,0,1,1,0,1,1,0
8727.525353,0,1,1,0,0,1,1,1,1
8733.000258,0,1,1,0,1,0,0,0,1
8734.563602,1,0,0,0,1,0,1,1,1
8738.362505,0,0,1,0,1,0,1,1,1
8738.575049,0,1,0,1,1,0,1,0,1
8739.350459,0,1,0,0,1,0,1,1,1
8743.236520,0,1,1,1,0,1,1,1,0
8746.996542,1,0,1,1,1,1,1,1,1
8748.419257,1,1,0,1,1,1,1,1,1
8748.727302,0,1,0,1,1,0,1,0,1
8751.723954,1,0,1,1,0,0,0,1,0
8752.469066,1,1,1,1,1,1,1,0,0
8760.147398,1,1,0,1,1,1,1,0,1
8760.487347,0,0,1,1,0,1,1,0,1
8770.425878,1,1,1,0,0,0,1,0,0
8774.309274,1,0,1,1,0,0,0,0,1
8780.259834,1,0,1,1,1,1,0,1,0
8789.937286,1,1,0,1,0,0,0,0,0
8796.795838,0,1,1,0,0,1,0,1,0
8799.457390,0,1,1,0,0,0,1,1,0
8804.259354,0,1,1,0,1,1,0,1,0
8810.750090,0,0,1,0,0,1,0,1,1
8820.699333,1,1,1,1,1,0,1,0,1
8824.175163,0,0,1,1,1,0,1,0,1
8824.547748,0,0,1,0,0,0,1,0,1
8829.727057,1,1,0,0,0,1,0,0,1
8835.727457,0,1,0,1,0,0,1,1,1
8838.391946,1,1,1,0,0,1,1,1,0
8841.493194,1,1,1,1,0,1,1,1,1
8847.169303,0,0,0,0,1,1,0,0,1
8853.627488,0,1,0,1,0,0,0,0,1
8859.414169,0,0,0,0,0,0,1,1,0
8860.453527,0,0,0,1,1,0,0,0,1
8866.673905,1,1,0,1,0,0,1,0,0
8874.748964,1,0,0,0,0,1,1,1,0
8882.088233,1,1,0,0,1,1,0,1,0
8891.738618,1,1,1,0,0,1,0,0,0
8895.463383,0,0,0,1,1,0,1,0,1
8902.798361,1,1,1,1,0,1,0,1,1
8911.629999,0,0,1,0,1,0,1,1,1
8911.630999,1,0,0,0,0,1,0,0,1
8911.740684,1,0,1,1,1,1,0,0,1
8911.741684,1,1,0,0,0,0,0,0,1
8913.846973,0,1,1,1,0,0,0,1,0
8917.872338,1,0,0,0,1,0,0,1,1
8926.181175,0,0,0,0,1,1,0,1,1
8931.000129,1,1,0,0,1,1,0,1,0
8931.993677,0,0,0,0,0,0,0,1,0
8936.529480,1,0,1,1,1,1,0,1,0
8941.702377,0,1,0,0,0,1,1,1,1
8942.055764,0,0,0,0,1,1,0,1,1
8951.899834,1,1,0,0,1,0,1,1,1
8960.365505,1,1,0,0,1,1,0,1,1
8962.756295,1,1,1,1,1,1,1,0,1
8966.419481,0,0,0,1,1,0,0,0,1
8974.268301,1,1,1,0,1,0,0,0,0
8980.518676,0,1,0,1,1,1,0,1,0
8988.000768,0,1,1,1,0,0,0,1,0
8995.314762,1,1,0,1,1,0,0,1,0
9000.807521,0,0,1,0,1,1,1,1,0
9003.744515,0,1,1,1,1,0,0,0,1
9009.101470,0,0,0,0,0,0,0,1,1
9016.568390,0,1,0,1,1,1,0,1,1
9020.336811,0,1,1,1,0,1,0,0,1
9028.124054,1,0,1,1,1,1,0,0,0
9031.477660,0,1,1,0,0,0,1,0,1
9036.942249,0,0,0,0,0,1,1,0,0
9044.085392,1,1,0,1,0,0,1,1,1
9048.791803,0,0,1,0,0,0,0,0,0
9050.144020,1,0,1,0,1,1,1,1,0
9058.269207,1,0,0,0,1,1,1,0,0
9062.684180,1,0,1,0,0,0,0,0,1
9065.709160,0,0,1,1,1,1,0,1,0
9071.038969,0,0,1,0,0,1,1,1,0
9071.740656,0,0,0,0,0,0,1,0,1
9072.069079,1,0,0,1,0,1,1,0,1
9079.433875,1,1,0,0,0,0,1,0,1
9085.465041,1,0,0,0,1,0,0,1,1
9086.356925,0,0,1,1,1,1,1,0,0
9086.940391,1,0,0,0,0,1,0,0,1
9092.264933,1,0,0,0,1,1,1,1,1
9098.648273,1,0,1,1,0,0,1,0,0
9102.142776,0,0,1,0,0,0,0,1,0
9108.914838,0,0,0,0,1,1,1,0,0
9116.219029,1,0,0,1,1,0,0,1,1
9119.835052,0,0,1,0,0,1,0,1,1
9124.865135,0,0,0,1,0,1,1,1,0
9128.606219,1,0,1,1,1,1,1,0,0
9135.044747,0,1,0,1,0,0,0,0,1
9144.211497,1,1,0,0,1,1,1,0,1
9153.236491,1,1,0,0,1,0,0,1,0
9159.885178,0,0,0,0,1,0,0,1,0
9164.384177,1,0,1,1,0,0,1,1,1
9171.751961,1,1,0,0,0,1,1,1,1
9173.464502,0,0,0,1,0,1,1,0,0
9177.483917,0,1,1,1,1,1,1,1,1
9187.281625,0,1,0,1,1,1,1,0,1
9192.084929,0,0,1,1,1,1,1,0,0
9201.034859,1,0,1,1,1,1,0,1,0
9209.399952,1,1,1,0,0,0,1,0,0
9213.417553,0,1,1,1,1,1,1,1,0
9214.599538,0,0,1,1,0,1,1,0,0
9214.845161,1,1,1,1,0,0,0,0,1
9222.098578,0,1,0,0,1,1,1,0,0
9229.355208,1,1,1,1,1,0,0,1,0
9236.951602,1,1,0,1,1,1,1,0,0
9245.622621,1,0,0,1,0,1,0,1,1
9247.239621,1,1,0,1,1,1,1,1,0
9247.321042,0,1,0,1,1,1,1,0,1
9255.526350,1,0,1,1,0,0,0,1,0
9257.763968,1,0,1,0,1,1,0,0,1
9262.764468,0,0,1,1,1,1,0,1,0
9268.375959,0,1,0,1,1,1,0,0,0
9274.975796,1,0,1,1,0,0,0,1,1
9283.943510,1,0,0,0,1,0,0,0,1
9291.574670,1,1,0,0,0,1,0,0,0
9296.810748,1,1,0,1,0,1,0,1,0
9300.211408,0,0,0,0,1,1,0,1,1
9305.881944,0,1,0,1,1,0,1,0,0
9314.822448,0,0,0,1,1,0,0,0,0
9323.966749,0,0,0,0,1,1,1,1,1
9329.652405,1,1,0,1,0,0,0,1,1
9329.653405,1,0,0,1,0,1,0,1,1
9333.500174,1,0,1,0,0,0,1,1,0
9336.000924,0,0,0,1,0,1,1,1,0
9345.022395,1,0,0,1,1,1,0,1,0
9352.236296,0,1,0,0,0,0,1,0,1
9357.907227,1,0,0,0,0,1,0,1,1
9367.824590,0,1,0,1,0,1,0,0,1
9376.634233,1,1,1,1,1,0,1,1,0
9380.417143,1,1,1,1,0,0,1,0,0
9381.133955,0,1,0,1,1,0,1,0,0
9388.367959,1,0,1,1,0,0,0,0,1
9388.866147,0,0,0,0,1,1,0,1,0
9394.768024,0,0,0,1,0,0,1,1,0
9394.769024,0,1,0,1,1,0,1,1,1
9404.180848,0,0,1,1,0,0,1,0,0
9409.324821,1,1,1,0,1,1,1,1,0
9409.325821,1,0,0,0,0,0,0,1,0
9410.428916,1,1,0,1,1,1,0,1,0
9411.127520,1,1,1,1,1,0,0,1,1
9417.548542,0,0,1,0,0,0,0,1,1
9421.148245,1,0,1,0,0,0,1,0,1
9423.304826,0,1,0,1,1,0,1,0,1
9426.718454,1,1,1,0,0,1,1,0,0
9431.876833,0,1,1,1,1,1,0,0,1
9440.788580,0,1,0,0,0,0,0,1,1
9441.522180,1,1,0,1,0,1,0,0,1
9441.753042,0,0,1,0,0,1,0,1,1
9448.174452,0,1,1,1,0,0,1,0,0
9449.811173,0,0,1,0,0,1,0,0,1
9453.923684,1,1,0,0,1,0,0,0,1
9459.092906,1,1,0,1,0,1,1,0,1
9461.537608,0,0,0,1,0,1,0,1,0
9461.594158,0,1,0,1,1,1,1,0,1
9462.110895,1,1,0,1,0,1,0,0,0
9470.413894,0,0,1,1,1,0,0,1,0
9479.466620,0,0,1,1,1,1,1,0,1
9486.921118,0,0,1,0,0,0,0,1,0
9490.340143,1,1,1,1,0,0,1,0,1
9492.465931,1,1,1,0,0,1,0,0,0
9500.715094,1,1,0,1,1,1,1,0,0
9502.664690,1,0,0,0,1,0,1,0,0
9511.434484,0,0,1,0,1,1,0,0,1
9515.382457,0,0,0,1,1,0,0,0,0
9520.926944,0,1,1,1,0,0,1,1,0
9529.677069,1,0,0,1,0,1,1,0,0
9537.965723,1,1,0,1,0,1,1,0,1
9542.889778,0,0,1,1,1,0,0,1,0
9548.031826,0,1,1,1,0,0,0,1,1
9548.461049,1,1,0,0,0,1,0,0,1
9549.371049,1,1,0,0,1,1,1,1,1
9552.787686,0,1,0,1,1,0,0,0,0
9561.261121,0,0,0,1,0,0,1,0,1
9569.225008,1,1,0,0,1,1,1,0,0
9569.367838,1,0,1,0,1,1,1,0,1
9569.881607,0,1,0,1,0,0,0,0,1
9571.517059,1,1,0,0,0,0,1,1,0
9579.209597,0,0,1,0,1,1,1,0,1
9582.828417,0,0,1,1,0,0,0,0,0
9586.570302,1,0,0,0,1,0,1,1,1
9592.889688,1,1,1,1,0,0,0,1,0
9597.114688,1,1,1,1,1,1,1,1,1
9600.266058,1,1,0,1,0,1,1,1,1
9603.090489,0,1,0,1,0,1,1,1,0
9612.351126,1,1,0,0,0,0,0,1,1
9619.633841,1,0,0,1,0,0,1,1,0
9622.513341,0,1,0,1,1,1,0,1,1
9624.416868,0,1,0,1,0,1,1,1,1
9631.569052,1,1,0,1,1,0,1,0,1
9638.728427,1,0,1,1,0,1,1,1,1
9639.254375,1,0,0,0,1,1,0,1,0
9649.160487,1,1,1,0,1,1,1,0,0
9659.020836,1,1,0,1,1,1,0,1,1
9662.938642,0,0,0,0,0,0,1,0,1
9670.730072,1,1,0,1,0,0,1,1,1
9671.467194,1,0,1,1,1,0,0,0,1
9673.546894,0,1,1,0,0,0,1,0,0
9683.306918,0,1,0,0,1,0,1,1,1
9690.614880,0,0,1,1,0,0,1,1,1
9695.605156,0,1,0,0,1,0,0,0,1
9703.174459,0,0,1,0,1,0,0,1,0
9708.804393,1,0,1,1,0,0,1,0,1
9712.350606,1,1,1,1,0,1,0,1,0
9715.680685,0,0,1,0,1,0,1,0,0
9717.570385,1,1,1,1,1,1,1,0,0
9722.798135,0,1,0,0,1,1,0,1,0
9724.699067,1,0,0,1,0,1,1,1,0
9731.105049,0,1,1,0,1,0,1,1,1
9740.759689,1,0,1,1,0,1,0,1,1
9750.550754,1,1,1,0,0,1,1,0,0
9755.733422,1,1,1,0,0,1,1,0,1
9758.146462,0,0,0,0,0,1,0,0,0
9760.778778,0,0,0,1,0,0,1,0,0
9768.430344,1,1,0,1,0,0,0,0,1
9777.632419,0,1,0,0,1,0,0,0,1
9782.952975,0,0,1,1,1,0,0,1,1
9792.916214,1,1,0,0,1,1,1,0,1
9801.739861,1,1,0,0,1,0,1,1,1
9802.277998,1,1,1,0,0,1,0,1,0
9809.751077,1,1,1,1,1,0,1,0,0
9810.319396,1,1,0,1,0,1,0,1,0
9817.910188,1,0,0,1,0,0,1,1,0
9820.925748,1,1,0,1,0,0,0,0,1
9828.621904,0,1,0,1,1,1,0,0,1
9833.622404,0,1,0,0,0,0,1,1,1
9837.776566,0,1,1,1,1,1,1,0,1
9846.916437,1,1,0,1,1,1,1,1,0
9852.004647,1,1,0,1,0,0,1,1,0
9858.026551,0,1,1,0,1,1,0,0,1
9865.014804,0,0,1,1,1,0,0,0,0
9865.464384,1,1,0,1,1,0,0,0,0
9872.314699,0,1,0,0,0,0,0,1,1
9875.499546,0,0,0,1,0,0,0,0,0
9883.421232,1,0,0,0,0,1,0,0,0
9890.540164,0,1,0,0,0,0,0,1,0
9893.525275,0,0,1,1,1,1,0,1,1
9900.350989,0,0,0,1,1,0,0,0,1
9901.832248,0,0,0,1,0,1,1,0,0
9903.329913,1,0,1,0,0,0,0,1,0
9904.722931,1,1,0,0,0,0,1,1,1
9905.888198,0,1,1,0,1,1,1,0,1
9909.598100,0,0,0,1,1,0,0,1,0
9913.601721,0,0,1,1,1,1,0,0,0
9920.439982,1,1,1,1,1,1,0,1,0
9928.742039,1,1,1,1,1,1,1,0,0
9936.872307,0,0,1,1,0,1,1,1,1
9938.887494,0,0,1,1,0,0,0,1,0
9940.477120,0,1,1,1,0,0,1,0,1
9946.410111,1,1,0,0,1,0,1,0,1
9953.387906,1,0,0,1,0,0,0,0,0
9962.700770,0,1,1,0,0,1,1,1,0
9968.220699,0,1,1,0,1,1,0,0,1
9977.191921,1,1,0,0,1,1,0,1,0
9981.549628,0,0,0,0,0,1,1,1,1
9984.542455,1,1,1,0,0,1,1,0,0
9986.999129,0,0,1,0,0,0,0,1,0
9988.853685,1,0,1,1,1,1,0,0,1
9994.158502,1,1,1,1,1,0,0,0,0
